12-03 16:42:06.231 13139 13139 W ps      : type=1400 audit(0.0:47248): avc: denied { search } for uid=10122 name="3" dev="proc" ino=356128 scontext=u:r:untrusted_app:s0:c512,c768 tcontext=u:r:kernel:s0 tclass=dir permissive=0
12-03 16:42:06.231 13139 13139 W ps      : type=1400 audit(0.0:47249): avc: denied { getattr } for uid=10122 path="/proc/5" dev="proc" ino=356129 scontext=u:r:untrusted_app:s0:c512,c768 tcontext=u:r:kernel:s0 tclass=dir permissive=0
12-03 16:42:06.231 13139 13139 W ps      : type=1400 audit(0.0:47250): avc: denied { search } for uid=10122 name="5" dev="proc" ino=356129 scontext=u:r:untrusted_app:s0:c512,c768 tcontext=u:r:kernel:s0 tclass=dir permissive=0
12-03 16:42:06.231 13139 13139 W ps      : type=1400 audit(0.0:47251): avc: denied { search } for uid=10122 name="5" dev="proc" ino=356129 scontext=u:r:untrusted_app:s0:c512,c768 tcontext=u:r:kernel:s0 tclass=dir permissive=0
12-03 16:42:06.231 13139 13139 W ps      : type=1400 audit(0.0:47252): avc: denied { getattr } for uid=10122 path="/proc/6" dev="proc" ino=356130 scontext=u:r:untrusted_app:s0:c512,c768 tcontext=u:r:kernel:s0 tclass=dir permissive=0
12-03 16:42:06.231 13139 13139 W ps      : type=1400 audit(0.0:47253): avc: denied { search } for uid=10122 name="6" dev="proc" ino=356130 scontext=u:r:untrusted_app:s0:c512,c768 tcontext=u:r:kernel:s0 tclass=dir permissive=0
12-03 16:42:06.231 13139 13139 W ps      : type=1400 audit(0.0:47254): avc: denied { search } for uid=10122 name="6" dev="proc" ino=356130 scontext=u:r:untrusted_app:s0:c512,c768 tcontext=u:r:kernel:s0 tclass=dir permissive=0
12-03 16:42:06.231 13139 13139 W ps      : type=1400 audit(0.0:47255): avc: denied { getattr } for uid=10122 path="/proc/7" dev="proc" ino=356131 scontext=u:r:untrusted_app:s0:c512,c768 tcontext=u:r:kernel:s0 tclass=dir permissive=0
12-03 16:42:06.231 13139 13139 W ps      : type=1400 audit(0.0:47256): avc: denied { search } for uid=10122 name="7" dev="proc" ino=356131 scontext=u:r:untrusted_app:s0:c512,c768 tcontext=u:r:kernel:s0 tclass=dir permissive=0
12-03 16:42:06.231 13139 13139 W ps      : type=1400 audit(0.0:47257): avc: denied { search } for uid=10122 name="7" dev="proc" ino=356131 scontext=u:r:untrusted_app:s0:c512,c768 tcontext=u:r:kernel:s0 tclass=dir permissive=0
12-03 16:42:06.231 13139 13139 W ps      : type=1400 audit(0.0:47258): avc: denied { getattr } for uid=10122 path="/proc/8" dev="proc" ino=356132 scontext=u:r:untrusted_app:s0:c512,c768 tcontext=u:r:kernel:s0 tclass=dir permissive=0
12-03 16:42:06.231 13139 13139 W ps      : type=1400 audit(0.0:47259): avc: denied { search } for uid=10122 name="8" dev="proc" ino=356132 scontext=u:r:untrusted_app:s0:c512,c768 tcontext=u:r:kernel:s0 tclass=dir permissive=0
12-03 16:42:06.328 13123 13123 W System  : ClassLoader referenced unknown path: /system/app/WebViewGoogle/lib/arm
12-03 16:42:06.339 13123 13123 I cr.library_loader: Time to load native libraries: 5 ms (timestamps 232-237)
12-03 16:42:06.339 13123 13123 I cr.library_loader: Expected native library version number "46.0.2490.76", actual native library version number "46.0.2490.76"
12-03 16:42:06.352 13123 13123 V WebViewChromiumFactoryProvider: Binding Chromium to main looper Looper (main, tid 1) {a8029ee}
12-03 16:42:06.352 13123 13123 I cr.library_loader: Expected native library version number "46.0.2490.76", actual native library version number "46.0.2490.76"
12-03 16:42:06.352 13123 13123 I chromium: [INFO:library_loader_hooks.cc(118)] Chromium logging enabled: level = 0, default verbosity = 0
12-03 16:42:06.361 13123 13123 I cr.BrowserStartup: Initializing chromium process, singleProcess=true
12-03 16:42:06.369 13123 13123 E SysUtils: ApplicationContext is null in ApplicationStatus
12-03 16:42:06.410 13123 13123 I Adreno-EGL: <qeglDrvAPI_eglInitialize:379>: EGL 1.4 QUALCOMM build:  (Ifd751822f5)
12-03 16:42:06.410 13123 13123 I Adreno-EGL: OpenGL ES Shader Compiler Version: XE031.06.00.05
12-03 16:42:06.410 13123 13123 I Adreno-EGL: Build Date: 01/26/16 Tue
12-03 16:42:06.410 13123 13123 I Adreno-EGL: Local Branch: AU12_SBA
12-03 16:42:06.410 13123 13123 I Adreno-EGL: Remote Branch: 
12-03 16:42:06.410 13123 13123 I Adreno-EGL: Local Patches: 
12-03 16:42:06.410 13123 13123 I Adreno-EGL: Reconstruct Branch: 
12-03 16:42:06.445 13123 13123 E chromium: [ERROR:browser_gpu_channel_host_factory.cc(258)] Failed to init browser shader disk cache.
12-03 16:42:06.471 13123 13123 E libEGL  : validate_display:255 error 3008 (EGL_BAD_DISPLAY)
12-03 16:42:06.512 13123 13123 W art     : Attempt to remove non-JNI local reference, dumping thread
12-03 16:42:06.524 13123 13123 W AwContents: onDetachedFromWindow called when already detached. Ignoring
12-03 16:42:07.715 13123 13123 V RobotCore: Network: inactive, disconnected
12-03 16:42:07.726 13123 13123 V RCActivity: onStart()
12-03 16:42:07.731 13123 13123 V RCActivity: onResume()
12-03 16:42:07.740 13123 13316 D OpenGLRenderer: Use EGL_SWAP_BEHAVIOR_PRESERVED: true
12-03 16:42:07.778 13123 13123 V RCActivity: onPause()
12-03 16:42:07.783 13123 13123 V RCActivity: onStop()
12-03 16:42:07.784 13123 13123 D AndroidRuntime: Shutting down VM
12-03 16:42:07.785 13123 13123 E AndroidRuntime: FATAL EXCEPTION: main
12-03 16:42:07.785 13123 13123 E AndroidRuntime: Process: com.qualcomm.ftcrobotcontroller, PID: 13123
12-03 16:42:07.785 13123 13123 E AndroidRuntime: java.lang.RuntimeException: Unable to stop activity {com.qualcomm.ftcrobotcontroller/org.firstinspires.ftc.robotcontroller.internal.FtcRobotControllerActivity}: java.lang.NullPointerException: Attempt to invoke virtual method 'void com.qualcomm.ftccommon.FtcRobotControllerService.shutdownRobot()' on a null object reference
12-03 16:42:07.785 13123 13123 E AndroidRuntime: 	at android.app.ActivityThread.handleSleeping(ActivityThread.java:3645)
12-03 16:42:07.785 13123 13123 E AndroidRuntime: 	at android.app.ActivityThread.-wrap19(ActivityThread.java)
12-03 16:42:07.785 13123 13123 E AndroidRuntime: 	at android.app.ActivityThread$H.handleMessage(ActivityThread.java:1529)
12-03 16:42:07.785 13123 13123 E AndroidRuntime: 	at android.os.Handler.dispatchMessage(Handler.java:102)
12-03 16:42:07.785 13123 13123 E AndroidRuntime: 	at android.os.Looper.loop(Looper.java:148)
12-03 16:42:07.785 13123 13123 E AndroidRuntime: 	at android.app.ActivityThread.main(ActivityThread.java:5456)
12-03 16:42:07.785 13123 13123 E AndroidRuntime: 	at java.lang.reflect.Method.invoke(Native Method)
12-03 16:42:07.785 13123 13123 E AndroidRuntime: 	at com.android.internal.os.ZygoteInit$MethodAndArgsCaller.run(ZygoteInit.java:728)
12-03 16:42:07.785 13123 13123 E AndroidRuntime: 	at com.android.internal.os.ZygoteInit.main(ZygoteInit.java:618)
12-03 16:42:07.785 13123 13123 E AndroidRuntime: Caused by: java.lang.NullPointerException: Attempt to invoke virtual method 'void com.qualcomm.ftccommon.FtcRobotControllerService.shutdownRobot()' on a null object reference
12-03 16:42:07.785 13123 13123 E AndroidRuntime: 	at org.firstinspires.ftc.robotcontroller.internal.FtcRobotControllerActivity.onStop(FtcRobotControllerActivity.java:319)
12-03 16:42:07.785 13123 13123 E AndroidRuntime: 	at android.app.Instrumentation.callActivityOnStop(Instrumentation.java:1301)
12-03 16:42:07.785 13123 13123 E AndroidRuntime: 	at android.app.Activity.performStop(Activity.java:6403)
12-03 16:42:07.785 13123 13123 E AndroidRuntime: 	at android.app.ActivityThread.handleSleeping(ActivityThread.java:3642)
12-03 16:42:07.785 13123 13123 E AndroidRuntime: 	... 8 more
12-03 16:42:07.791 13123 13123 I Process : Sending signal. PID: 13123 SIG: 9
12-03 16:42:44.077 13736 13736 I art     : Late-enabling -Xcheck:jni
12-03 16:42:44.164 13736 13736 V RCActivity: onCreate()
12-03 16:42:44.170 13736 13753 V RobotCore: saving logcat to /storage/emulated/0/com.qualcomm.ftcrobotcontroller.logcat
12-03 16:42:44.170 13736 13753 V RobotCore: logging command line: logcat -f /storage/emulated/0/com.qualcomm.ftcrobotcontroller.logcat -r4096 -n4 -v threadtime UsbRequestJNI:S UsbRequest:S *:V
12-03 16:42:44.212 13736 13736 I WebViewFactory: Loading com.google.android.webview version 46.0.2490.76 (code 249007600)
12-03 16:42:44.201 13755 13755 W ps      : type=1400 audit(0.0:47915): avc: denied { getattr } for uid=10122 path="/proc/1" dev="proc" ino=360817 scontext=u:r:untrusted_app:s0:c512,c768 tcontext=u:r:init:s0 tclass=dir permissive=0
12-03 16:42:44.201 13755 13755 W ps      : type=1400 audit(0.0:47916): avc: denied { search } for uid=10122 name="1" dev="proc" ino=360817 scontext=u:r:untrusted_app:s0:c512,c768 tcontext=u:r:init:s0 tclass=dir permissive=0
12-03 16:42:44.201 13755 13755 W ps      : type=1400 audit(0.0:47917): avc: denied { search } for uid=10122 name="1" dev="proc" ino=360817 scontext=u:r:untrusted_app:s0:c512,c768 tcontext=u:r:init:s0 tclass=dir permissive=0
12-03 16:42:44.201 13755 13755 W ps      : type=1400 audit(0.0:47918): avc: denied { getattr } for uid=10122 path="/proc/2" dev="proc" ino=356127 scontext=u:r:untrusted_app:s0:c512,c768 tcontext=u:r:kernel:s0 tclass=dir permissive=0
12-03 16:42:44.201 13755 13755 W ps      : type=1400 audit(0.0:47919): avc: denied { search } for uid=10122 name="2" dev="proc" ino=356127 scontext=u:r:untrusted_app:s0:c512,c768 tcontext=u:r:kernel:s0 tclass=dir permissive=0
12-03 16:42:44.201 13755 13755 W ps      : type=1400 audit(0.0:47920): avc: denied { search } for uid=10122 name="2" dev="proc" ino=356127 scontext=u:r:untrusted_app:s0:c512,c768 tcontext=u:r:kernel:s0 tclass=dir permissive=0
12-03 16:42:44.201 13755 13755 W ps      : type=1400 audit(0.0:47921): avc: denied { getattr } for uid=10122 path="/proc/3" dev="proc" ino=356128 scontext=u:r:untrusted_app:s0:c512,c768 tcontext=u:r:kernel:s0 tclass=dir permissive=0
12-03 16:42:44.201 13755 13755 W ps      : type=1400 audit(0.0:47922): avc: denied { search } for uid=10122 name="3" dev="proc" ino=356128 scontext=u:r:untrusted_app:s0:c512,c768 tcontext=u:r:kernel:s0 tclass=dir permissive=0
12-03 16:42:44.201 13755 13755 W ps      : type=1400 audit(0.0:47923): avc: denied { search } for uid=10122 name="3" dev="proc" ino=356128 scontext=u:r:untrusted_app:s0:c512,c768 tcontext=u:r:kernel:s0 tclass=dir permissive=0
12-03 16:42:44.201 13755 13755 W ps      : type=1400 audit(0.0:47924): avc: denied { getattr } for uid=10122 path="/proc/5" dev="proc" ino=356129 scontext=u:r:untrusted_app:s0:c512,c768 tcontext=u:r:kernel:s0 tclass=dir permissive=0
12-03 16:42:44.201 13755 13755 W ps      : type=1400 audit(0.0:47925): avc: denied { search } for uid=10122 name="5" dev="proc" ino=356129 scontext=u:r:untrusted_app:s0:c512,c768 tcontext=u:r:kernel:s0 tclass=dir permissive=0
12-03 16:42:44.201 13755 13755 W ps      : type=1400 audit(0.0:47926): avc: denied { search } for uid=10122 name="5" dev="proc" ino=356129 scontext=u:r:untrusted_app:s0:c512,c768 tcontext=u:r:kernel:s0 tclass=dir permissive=0
12-03 16:42:44.201 13755 13755 W ps      : type=1400 audit(0.0:47927): avc: denied { getattr } for uid=10122 path="/proc/6" dev="proc" ino=356130 scontext=u:r:untrusted_app:s0:c512,c768 tcontext=u:r:kernel:s0 tclass=dir permissive=0
12-03 16:42:44.201 13755 13755 W ps      : type=1400 audit(0.0:47928): avc: denied { search } for uid=10122 name="6" dev="proc" ino=356130 scontext=u:r:untrusted_app:s0:c512,c768 tcontext=u:r:kernel:s0 tclass=dir permissive=0
12-03 16:42:44.201 13755 13755 W ps      : type=1400 audit(0.0:47929): avc: denied { search } for uid=10122 name="6" dev="proc" ino=356130 scontext=u:r:untrusted_app:s0:c512,c768 tcontext=u:r:kernel:s0 tclass=dir permissive=0
12-03 16:42:44.201 13755 13755 W ps      : type=1400 audit(0.0:47930): avc: denied { getattr } for uid=10122 path="/proc/7" dev="proc" ino=356131 scontext=u:r:untrusted_app:s0:c512,c768 tcontext=u:r:kernel:s0 tclass=dir permissive=0
12-03 16:42:44.201 13755 13755 W ps      : type=1400 audit(0.0:47931): avc: denied { search } for uid=10122 name="7" dev="proc" ino=356131 scontext=u:r:untrusted_app:s0:c512,c768 tcontext=u:r:kernel:s0 tclass=dir permissive=0
12-03 16:42:44.201 13755 13755 W ps      : type=1400 audit(0.0:47932): avc: denied { search } for uid=10122 name="7" dev="proc" ino=356131 scontext=u:r:untrusted_app:s0:c512,c768 tcontext=u:r:kernel:s0 tclass=dir permissive=0
12-03 16:42:44.201 13755 13755 W ps      : type=1400 audit(0.0:47933): avc: denied { getattr } for uid=10122 path="/proc/8" dev="proc" ino=356132 scontext=u:r:untrusted_app:s0:c512,c768 tcontext=u:r:kernel:s0 tclass=dir permissive=0
12-03 16:42:44.201 13755 13755 W ps      : type=1400 audit(0.0:47934): avc: denied { search } for uid=10122 name="8" dev="proc" ino=356132 scontext=u:r:untrusted_app:s0:c512,c768 tcontext=u:r:kernel:s0 tclass=dir permissive=0
12-03 16:42:44.243 13736 13736 W System  : ClassLoader referenced unknown path: /system/app/WebViewGoogle/lib/arm
12-03 16:42:44.261 13736 13736 I cr.library_loader: Time to load native libraries: 12 ms (timestamps 8147-8159)
12-03 16:42:44.261 13736 13736 I cr.library_loader: Expected native library version number "46.0.2490.76", actual native library version number "46.0.2490.76"
12-03 16:42:44.276 13736 13736 V WebViewChromiumFactoryProvider: Binding Chromium to main looper Looper (main, tid 1) {a8029ee}
12-03 16:42:44.277 13736 13736 I cr.library_loader: Expected native library version number "46.0.2490.76", actual native library version number "46.0.2490.76"
12-03 16:42:44.277 13736 13736 I chromium: [INFO:library_loader_hooks.cc(118)] Chromium logging enabled: level = 0, default verbosity = 0
12-03 16:42:44.285 13736 13736 I cr.BrowserStartup: Initializing chromium process, singleProcess=true
12-03 16:42:44.292 13736 13736 E SysUtils: ApplicationContext is null in ApplicationStatus
12-03 16:42:44.323 13736 13736 I Adreno-EGL: <qeglDrvAPI_eglInitialize:379>: EGL 1.4 QUALCOMM build:  (Ifd751822f5)
12-03 16:42:44.323 13736 13736 I Adreno-EGL: OpenGL ES Shader Compiler Version: XE031.06.00.05
12-03 16:42:44.323 13736 13736 I Adreno-EGL: Build Date: 01/26/16 Tue
12-03 16:42:44.323 13736 13736 I Adreno-EGL: Local Branch: AU12_SBA
12-03 16:42:44.323 13736 13736 I Adreno-EGL: Remote Branch: 
12-03 16:42:44.323 13736 13736 I Adreno-EGL: Local Patches: 
12-03 16:42:44.323 13736 13736 I Adreno-EGL: Reconstruct Branch: 
12-03 16:42:44.356 13736 13736 E chromium: [ERROR:browser_gpu_channel_host_factory.cc(258)] Failed to init browser shader disk cache.
12-03 16:42:44.376 13736 13736 E libEGL  : validate_display:255 error 3008 (EGL_BAD_DISPLAY)
12-03 16:42:44.416 13736 13736 W art     : Attempt to remove non-JNI local reference, dumping thread
12-03 16:42:44.428 13736 13736 W AwContents: onDetachedFromWindow called when already detached. Ignoring
12-03 16:42:45.433 13736 13736 V RobotCore: Network: inactive, disconnected
12-03 16:42:45.440 13736 13736 V RCActivity: onStart()
12-03 16:42:45.443 13736 13736 V RCActivity: onResume()
12-03 16:42:45.448 13736 13797 D OpenGLRenderer: Use EGL_SWAP_BEHAVIOR_PRESERVED: true
12-03 16:42:45.475 13736 13736 V FTCService: onCreate()
12-03 16:42:45.475 13736 13736 V FTCService: onBind()
12-03 16:42:45.475 13736 13736 V FTCService: Android device is motorola, MotoG3
12-03 16:42:45.475 13736 13736 V RobotCore: Starting network of type: WIFIDIRECT
12-03 16:42:45.478 13736 13736 V WifiDirect: There are 1 Wifi Direct Assistant Clients (+)
12-03 16:42:45.478 13736 13736 V WifiDirect: Enabling Wifi Direct Assistant
12-03 16:42:45.520 13736 13797 I OpenGLRenderer: Initialized EGL, version 1.4
12-03 16:42:45.533 13736 13736 D WifiDirect: broadcast: state - enabled: true
12-03 16:42:45.536 13736 13736 D WifiDirect: broadcast: connection changed: connectStatus=NOT_CONNECTED networkInfo.state=CONNECTED
12-03 16:42:45.536 13736 13736 V WifiDirect: NetworkInfo: [type: WIFI_P2P[], state: CONNECTED/CONNECTED, reason: (unspecified), extra: (none), roaming: false, failover: false, isAvailable: true]
12-03 16:42:45.536 13736 13736 V WifiDirect: WifiP2pInfo: groupFormed: true isGroupOwner: true operatingChannel: 2412 groupOwnerAddress: /192.168.49.1 mccMode: false
12-03 16:42:45.536 13736 13736 V WifiDirect: WifiP2pGroup: network: DIRECT-CU-9899-D-RC, isGO: true, Operating Channel: 2412, GO: Device: , deviceAddress: a4:70:d6:d3:43:3a, primary type: null, secondary type: null, wps: 0, grpcapab: 0, devcapab: 0, status: 4, wfdInfo: WFD enabled: falseWFD DeviceInfo: 0, WFD CtrlPort: 0, WFD MaxThroughput: 0, level: 0, Client: Device: 9899-D-DS, deviceAddress: a4:70:d6:d3:3d:55, primary type: 10-0050F204-5, secondary type: null, wps: 392, grpcapab: 0, devcapab: 37, status: 0, wfdInfo: null, level: 60, interface: p2p0, networkId: 0, mGoOperFreq: 2412
12-03 16:42:45.537 13736 13736 D WifiDirect: broadcast: this device changed
12-03 16:42:45.537 13736 13736 V WifiDirect: device information: 9899-D-RC a4:70:d6:d3:43:3a
12-03 16:42:45.538 13736 13736 V FTCService: RCActivity.controllerService=bound
12-03 16:42:45.538 13736 13736 V RobotCore: Network: unknown, disconnected
12-03 16:42:45.538 13736 13736 V RobotCore: Robot Status: stopped
12-03 16:42:45.545 13736 13736 D OpmodeRegistration: registered {DefaultOpMode} as {$Stop$Robot$}
12-03 16:42:45.546 13736 13736 V FTCService: Processing robot setup
12-03 16:42:45.546 13736 13736 D WifiDirect: cannot create group, does group already exist?
12-03 16:42:45.550 13736 13801 V RobotCore: thread: 'RobotSetupRunnable.run()' starting...
12-03 16:42:45.550 13736 13801 V RobotCore: Robot Status: stopped, scanning for USB devices
12-03 16:42:45.635 13736 13736 D WifiDirect: group owners address: /192.168.49.1
12-03 16:42:45.635 13736 13736 D WifiDirect: group formed, this device is the group owner (GO)
12-03 16:42:45.635 13736 13736 I FTCService: Wifi Direct - connected as group owner
12-03 16:42:45.635 13736 13736 D WifiDirect: stop discovering peers
12-03 16:42:45.643 13736 13736 V RobotCore: Network: enabled, disconnected
12-03 16:42:45.667 13736 13736 V WifiDirect: connection information available
12-03 16:42:45.667 13736 13736 V WifiDirect: connection information - groupOwnerName = 9899-D-RC
12-03 16:42:45.667 13736 13736 V WifiDirect: connection information - groupOwnerMacAddress = a4:70:d6:d3:43:3a
12-03 16:42:45.667 13736 13736 V WifiDirect: connection information - groupInterface = p2p0
12-03 16:42:45.667 13736 13736 V WifiDirect: connection information - groupNetworkName = DIRECT-CU-9899-D-RC
12-03 16:42:45.667 13736 13736 I FTCService: Network Connection Passphrase: 16BAJsgs
12-03 16:42:45.669 13736 13736 V RobotCore: Network: active, disconnected
12-03 16:42:50.550 13736 13736 I RobotCore: Battery Checker, Level Remaining: 100.0
12-03 16:42:50.551 13736 13801 V RobotCore: EventLoopManager state is NOT_STARTED
12-03 16:42:50.552 13736 13801 V RobotCore: Robot Status: stopped, waiting on network
12-03 16:42:50.552 13736 13736 I RobotCore: Battery Checker, Level Remaining: 100.0
12-03 16:42:50.552 13736 13801 V RobotCore: Robot Status: stopped, starting robot
12-03 16:42:50.552 13736 13801 V Robocol : EventLoopManager.start()
12-03 16:42:50.553 13736 13801 V RobotCore: Starting network of type: WIFIDIRECT
12-03 16:42:50.553 13736 13801 V Robocol : Spoofing a Network Connection event...
12-03 16:42:50.555 13736 13801 V RobotCore: executive service EventLoop is terminated
12-03 16:42:50.555 13736 13801 V RobotCore: EventLoopManager state is STOPPED
12-03 16:42:50.555 13736 13801 V Robocol : eventLoop=FtcEventLoop
12-03 16:42:50.555 13736 13801 V RobotCore: EventLoopManager state is INIT
12-03 16:42:50.556 13736 13801 V RobotCore: Robot Status: initializing, starting robot
12-03 16:42:50.556 13736 13841 V RobotCore: thread: 'SetupRunnable.run()' starting...
12-03 16:42:50.556 13736 13801 I FIRST   : ======= INIT START =======
12-03 16:42:50.565 13736 13801 D OpmodeRegistration: registered {TankAuto} as {TankAuto}
12-03 16:42:50.565 13736 13801 D OpmodeRegistration: registered {NewOmniTurn} as {NewOmniTurn}
12-03 16:42:50.566 13736 13801 D OpmodeRegistration: registered {MRI_ColorExample} as {MRI_ColorExample}
12-03 16:42:50.566 13736 13801 D OpmodeRegistration: registered {TankTeleOp} as {TankTeleOp}
12-03 16:42:50.567 13736 13801 D OpmodeRegistration: registered {AccelerationTest} as {Acceleration Test}
12-03 16:42:50.567 13736 13801 D OpmodeRegistration: registered {EncoderTest} as {Encoder Test}
12-03 16:42:50.568 13736 13801 D OpmodeRegistration: registered {Shooter} as {Shooter Test}
12-03 16:42:50.568 13736 13801 D OpmodeRegistration: registered {Tank} as {Tank}
12-03 16:42:50.569 13736 13801 D OpmodeRegistration: registered {WestCoastTank} as {WestCoastTank}
12-03 16:42:50.569 13736 13801 D OpmodeRegistration: registered {WestCoast_AutoTest} as {WestCoast_AutoTest}
12-03 16:42:50.570 13736 13801 V D2xx::  : Start constructor
12-03 16:42:50.581 13736 13801 V D2xx::  : End constructor
12-03 16:42:50.583 13736 13801 V RobotCore: Creating Modern Robotics USB DC Motor Controller [AI049QOP]
12-03 16:42:50.585 13736 13801 D RobotCore: arming modern motor controller Modern Robotics USB DC Motor Controller [AI049QOP]...
12-03 16:42:50.587 13736 13801 W System.err: unable to find USB device with serial number AI049QOP
12-03 16:42:50.587 13736 13801 D RobotCore: arming modern motor controller Modern Robotics USB DC Motor Controller [AI049QOP] (pretend)...
12-03 16:42:50.588 13736 13801 V RobotCore: Starting up pretend device AI049QOP
12-03 16:42:50.591 13736 13842 V RobotCore: thread: 'r/w loop: Modern Robotics USB DC Motor Controller [AI049QOP]' starting...
12-03 16:42:50.591 13736 13801 D RobotCore: ...arming modern motor controller Modern Robotics USB DC Motor Controller [AI049QOP] complete
12-03 16:42:50.607 13736 13841 D Robocol : RobocolDatagramSocket listening addr=/192.168.49.1:20884 cbRec=65520 cbSend=163840 msRecTO=300
12-03 16:42:50.607 13736 13841 V Robocol : RecvLoopRunnable created
12-03 16:42:50.608 13736 13841 V PeerDiscovery: Starting peer discovery
12-03 16:42:50.609 13736 13841 V RobotCore: Setup complete
12-03 16:42:50.609 13736 13841 V RobotCore: thread: ...terminating 'SetupRunnable.run()'
12-03 16:42:50.611 13736 13844 V RobotCore: thread: 'RecvLoopRunnable.run()' starting...
12-03 16:42:50.614 13736 13801 I RobotCore: Analytics has completed initialization.
12-03 16:42:50.614 13736 13801 I RobotCore: ========= Device Information ===================================================
12-03 16:42:50.614 13736 13801 I RobotCore: Type                                               Name                           Connection
12-03 16:42:50.615 13736 13801 I RobotCore: Modern Robotics USB DC Motor Controller            Shooter Module                 USB AI049QOP
12-03 16:42:50.615 13736 13801 I RobotCore: DC Motor                                           shooter2                       USB AI049QOP; port 2
12-03 16:42:50.615 13736 13801 I RobotCore: DC Motor                                           shooter1                       USB AI049QOP; port 1
12-03 16:42:50.615 13736 13801 I FIRST   : ======= INIT FINISH =======
12-03 16:42:50.615 13736 13801 V RobotCore: EventLoopManager state is RUNNING
12-03 16:42:50.627 13736 13801 V RobotCore: Robot Status: running, starting robot
12-03 16:42:50.627 13736 13801 V RobotCore: Robot Status: running
12-03 16:42:50.629 13736 13801 V RobotCore: thread: ...terminating 'RobotSetupRunnable.run()'
12-03 16:42:50.634 13736 13850 V RobotCore: thread: 'opmode loop()' starting...
12-03 16:42:50.639 13736 13850 D RobotCore: system telemetry: key=$System$Warning$ msg="unable to open Modern Robotics USB DC Motor Controller [AI049QOP]"
12-03 16:42:50.648 13736 13849 D MediaPlayer: setSubtitleAnchor in MediaPlayer
12-03 16:42:50.655 13736 13736 W MediaPlayer: mediaplayer went away with unhandled events
12-03 16:42:50.679 13736 13847 D ExtendedUtils: extended extractor not needed, return default
12-03 16:42:50.679 13736 13847 I MediaCodec: (0xb7625fb0) init name(audio/raw) isType(1) encoder(0)
12-03 16:42:50.681 13736 13854 I OMXClient: Using client-side OMX mux.
12-03 16:42:50.684 13736 13854 E OMXMaster: A component of name 'OMX.qcom.audio.decoder.aac' already exists, ignoring this one.
12-03 16:42:50.685 13736 13854 I MediaCodec: (0xb7625fb0) Component Allocated (OMX.google.raw.decoder)
12-03 16:42:50.685 13736 13847 I MediaCodec: (0xb7625fb0) configure surface(0x0) crypto(0x0) flags(0)
12-03 16:42:50.686 13736 13847 D MediaCodec: (0xb7625fb0) configure format: AMessage(what = 0x00000000) = {
12-03 16:42:50.686 13736 13847 D MediaCodec:    string mime = "audio/raw"
12-03 16:42:50.686 13736 13847 D MediaCodec:    int64_t durationUs = 1019125
12-03 16:42:50.686 13736 13847 D MediaCodec:    int32_t channel-count = 1
12-03 16:42:50.686 13736 13847 D MediaCodec:    int32_t sample-rate = 8000
12-03 16:42:50.686 13736 13847 D MediaCodec:    int32_t channel-mask = 0
12-03 16:42:50.686 13736 13847 D MediaCodec:  }
12-03 16:42:50.687 13736 13847 I MediaCodec: (0xb7625fb0) start
12-03 16:42:50.687 13736 13854 I MediaCodec: (0xb7625fb0) input buffers allocated
12-03 16:42:50.687 13736 13854 I MediaCodec: (0xb7625fb0) numBuffers (4)
12-03 16:42:50.688 13736 13854 I MediaCodec: (0xb7625fb0) output buffers allocated
12-03 16:42:50.688 13736 13854 I MediaCodec: (0xb7625fb0) numBuffers (4)
12-03 16:42:50.689 13736 13854 I MediaCodec: (0xb7625fb0) codec output format changed
12-03 16:42:50.689 13736 13854 D MediaCodec: (0xb7625fb0) output format: AMessage(what = 'codc', target = 2) = {
12-03 16:42:50.689 13736 13854 D MediaCodec:    string mime = "audio/raw"
12-03 16:42:50.689 13736 13854 D MediaCodec:    int32_t channel-count = 1
12-03 16:42:50.689 13736 13854 D MediaCodec:    int32_t sample-rate = 8000
12-03 16:42:50.689 13736 13854 D MediaCodec:    int32_t channel-mask = 0
12-03 16:42:50.689 13736 13854 D MediaCodec:    int32_t what = 1869968451
12-03 16:42:50.689 13736 13854 D MediaCodec:  }
12-03 16:42:50.690 13736 13847 I MediaCodec: (0xb7625fb0) stop
12-03 16:42:50.691 13736 13847 I MediaCodec: (0xb7625fb0) release
12-03 16:42:50.698 13736 13849 W AudioTrack: AUDIO_OUTPUT_FLAG_FAST denied by client; transfer 4, track 8000 Hz, output 48000 Hz
12-03 16:42:50.728 13736 13736 D MediaPlayer: setSubtitleAnchor in MediaPlayer
12-03 16:42:50.728 13736 13849 D MediaPlayer: setSubtitleAnchor in MediaPlayer
12-03 16:42:50.732 13736 13736 E MediaPlayer: invoke failed: wrong state 8
12-03 16:42:50.732 13736 13736 W MediaPlayer: mediaplayer went away with unhandled events
12-03 16:42:50.752 13736 13847 D ExtendedUtils: extended extractor not needed, return default
12-03 16:42:50.753 13736 13847 I MediaCodec: (0xb74fca30) init name(audio/raw) isType(1) encoder(0)
12-03 16:42:50.758 13736 13861 I OMXClient: Using client-side OMX mux.
12-03 16:42:50.763 13736 13861 E OMXMaster: A component of name 'OMX.qcom.audio.decoder.aac' already exists, ignoring this one.
12-03 16:42:50.765 13736 13861 I MediaCodec: (0xb74fca30) Component Allocated (OMX.google.raw.decoder)
12-03 16:42:50.765 13736 13847 I MediaCodec: (0xb74fca30) configure surface(0x0) crypto(0x0) flags(0)
12-03 16:42:50.765 13736 13847 D MediaCodec: (0xb74fca30) configure format: AMessage(what = 0x00000000) = {
12-03 16:42:50.765 13736 13847 D MediaCodec:    string mime = "audio/raw"
12-03 16:42:50.765 13736 13847 D MediaCodec:    int64_t durationUs = 1043650
12-03 16:42:50.765 13736 13847 D MediaCodec:    int32_t channel-count = 2
12-03 16:42:50.765 13736 13847 D MediaCodec:    int32_t sample-rate = 44100
12-03 16:42:50.765 13736 13847 D MediaCodec:    int32_t channel-mask = 0
12-03 16:42:50.765 13736 13847 D MediaCodec:  }
12-03 16:42:50.765 13736 13847 I MediaCodec: (0xb74fca30) start
12-03 16:42:50.766 13736 13861 I MediaCodec: (0xb74fca30) input buffers allocated
12-03 16:42:50.766 13736 13861 I MediaCodec: (0xb74fca30) numBuffers (4)
12-03 16:42:50.766 13736 13861 I MediaCodec: (0xb74fca30) output buffers allocated
12-03 16:42:50.766 13736 13861 I MediaCodec: (0xb74fca30) numBuffers (4)
12-03 16:42:50.768 13736 13861 I MediaCodec: (0xb74fca30) codec output format changed
12-03 16:42:50.768 13736 13861 D MediaCodec: (0xb74fca30) output format: AMessage(what = 'codc', target = 6) = {
12-03 16:42:50.768 13736 13861 D MediaCodec:    string mime = "audio/raw"
12-03 16:42:50.768 13736 13861 D MediaCodec:    int32_t channel-count = 2
12-03 16:42:50.768 13736 13861 D MediaCodec:    int32_t sample-rate = 44100
12-03 16:42:50.768 13736 13861 D MediaCodec:    int32_t channel-mask = 0
12-03 16:42:50.768 13736 13861 D MediaCodec:    int32_t what = 1869968451
12-03 16:42:50.768 13736 13861 D MediaCodec:  }
12-03 16:42:50.772 13736 13847 I MediaCodec: (0xb74fca30) stop
12-03 16:42:50.773 13736 13847 I MediaCodec: (0xb74fca30) release
12-03 16:42:50.792 13736 13844 V PeerDiscovery: new remote peer discovered: 192.168.49.134
12-03 16:42:50.792 13736 13844 D Robocol : RobocolDatagramSocket connected to /192.168.49.134:20884
12-03 16:42:50.792 13736 13844 V NetworkConnectionHandler: starting sending loop
12-03 16:42:50.793 13736 13844 V Robocol : SendOnceRunnable created
12-03 16:42:50.793 13736 13844 V RobotCore: Network: active, connected
12-03 16:42:50.833 13736 13864 V Robocol : sending CMD_REQUEST_USER_SENSOR_LIST_RESP(10), attempt: 0
12-03 16:42:50.922 13736 13844 V Robocol : received command: CMD_REQUEST_OP_MODE_LIST(10001) 
12-03 16:42:50.952 13736 13844 V Robocol : received command: CMD_REQUEST_ACTIVE_CONFIGURATION(10002) 
12-03 16:42:50.953 13736 13864 V Robocol : sending CMD_REQUEST_OP_MODE_LIST_RESP(16), attempt: 0
12-03 16:42:50.954 13736 13864 V Robocol : sending CMD_REQUEST_USER_SENSOR_LIST_RESP(17), attempt: 0
12-03 16:42:50.960 13736 13844 V Robocol : received command: CMD_REQUEST_USER_SENSOR_LIST_RESP(10) [{"description":"a MR compass sensor","flavor":"I2C","name":"MR Compass Sensor","xmlTag":"ModernRoboticsI2cCompassSensor"},{"description":"an Adafruit IMU","flavor":"I2C","name":"Adafruit IMU","xmlTag":"AdafruitBNO055IMU"},{"description":"a MR range sensor","flavor":"I2C","name":"MR Range Sensor","xmlTag":"ModernRoboticsI2cRangeSensor"}]
12-03 16:42:50.993 13736 13864 V Robocol : sending CMD_REQUEST_ACTIVE_CONFIGURATION_RESP(22), attempt: 0
12-03 16:42:51.092 13736 13844 V Robocol : received command: CMD_REQUEST_OP_MODE_LIST_RESP(16) [{"flavor":"AUTONOMOUS","group":"Autonomous","name":"TankAuto"},{"flavor":"TELEOP","group":"TeleOp","name":"NewOmniTurn"},{"flavor":"TELEOP","group":"MRI","name":"MRI_ColorExample"},{"flavor":"TELEOP","group":"Competition","name":"TankTeleOp"},{"flavor":"AUTONOMOUS","group":"Test","name":"Acceleration Test"},{"flavor":"AUTONOMOUS","group":"Test","name":"Encoder Test"},{"flavor":"TELEOP","group":"Test","name":"Shooter Test"},{"flavor":"TELEOP","group":"Test","name":"Tank"},{"flavor":"TELEOP","group":"Test","name":"WestCoastTank"},{"flavor":"AUTONOMOUS","group":"Test","name":"WestCoast_AutoTest"}]
12-03 16:42:51.092 13736 13844 V Robocol : received command: CMD_REQUEST_USER_SENSOR_LIST_RESP(17) [{"description":"a MR compass sensor","flavor":"I2C","name":"MR Compass Sensor","xmlTag":"ModernRoboticsI2cCompassSensor"},{"description":"an Adafruit IMU","flavor":"I2C","name":"Adafruit IMU","xmlTag":"AdafruitBNO055IMU"},{"description":"a MR range sensor","flavor":"I2C","name":"MR Range Sensor","xmlTag":"ModernRoboticsI2cRangeSensor"}]
12-03 16:42:51.092 13736 13844 V Robocol : received command: CMD_REQUEST_ACTIVE_CONFIGURATION_RESP(22) {"isDirty":false,"location":"LOCAL_STORAGE","name":"shooter","resourceId":0}
12-03 16:42:51.093 13736 13844 V Robocol : received command: CMD_INIT_OP_MODE(10016) $Stop$Robot$
12-03 16:42:51.141 13736 13850 I RobotCore: Attempting to switch to op mode $Stop$Robot$
12-03 16:42:51.153 13736 13864 V Robocol : sending CMD_INIT_OP_MODE_RESP(34), attempt: 0
12-03 16:42:51.282 13736 13844 V Robocol : received command: CMD_INIT_OP_MODE_RESP(34) $Stop$Robot$
12-03 16:42:51.397 13736 13850 I RobotCore: robot battery read duration: n=0, mean=0.000ms sd=-0.000ms
12-03 16:42:51.717 13736 13849 W AudioTrack: AUDIO_OUTPUT_FLAG_FAST denied by client; transfer 4, track 44100 Hz, output 48000 Hz
12-03 16:42:51.743 13736 13849 D MediaPlayer: setSubtitleAnchor in MediaPlayer
12-03 16:42:51.743 13736 13736 D MediaPlayer: setSubtitleAnchor in MediaPlayer
12-03 16:42:51.758 13736 13847 D ExtendedUtils: extended extractor not needed, return default
12-03 16:42:51.758 13736 13847 I MediaCodec: (0xb7440300) init name(audio/raw) isType(1) encoder(0)
12-03 16:42:51.761 13736 13878 I OMXClient: Using client-side OMX mux.
12-03 16:42:51.764 13736 13878 E OMXMaster: A component of name 'OMX.qcom.audio.decoder.aac' already exists, ignoring this one.
12-03 16:42:51.766 13736 13878 I MediaCodec: (0xb7440300) Component Allocated (OMX.google.raw.decoder)
12-03 16:42:51.766 13736 13847 I MediaCodec: (0xb7440300) configure surface(0x0) crypto(0x0) flags(0)
12-03 16:42:51.766 13736 13847 D MediaCodec: (0xb7440300) configure format: AMessage(what = 0x00000000) = {
12-03 16:42:51.766 13736 13847 D MediaCodec:    string mime = "audio/raw"
12-03 16:42:51.766 13736 13847 D MediaCodec:    int64_t durationUs = 485011
12-03 16:42:51.766 13736 13847 D MediaCodec:    int32_t channel-count = 2
12-03 16:42:51.766 13736 13847 D MediaCodec:    int32_t sample-rate = 44100
12-03 16:42:51.766 13736 13847 D MediaCodec:    int32_t channel-mask = 0
12-03 16:42:51.766 13736 13847 D MediaCodec:  }
12-03 16:42:51.767 13736 13847 I MediaCodec: (0xb7440300) start
12-03 16:42:51.767 13736 13878 I MediaCodec: (0xb7440300) input buffers allocated
12-03 16:42:51.767 13736 13878 I MediaCodec: (0xb7440300) numBuffers (4)
12-03 16:42:51.767 13736 13878 I MediaCodec: (0xb7440300) output buffers allocated
12-03 16:42:51.767 13736 13878 I MediaCodec: (0xb7440300) numBuffers (4)
12-03 16:42:51.769 13736 13878 I MediaCodec: (0xb7440300) codec output format changed
12-03 16:42:51.769 13736 13878 D MediaCodec: (0xb7440300) output format: AMessage(what = 'codc', target = 10) = {
12-03 16:42:51.769 13736 13878 D MediaCodec:    string mime = "audio/raw"
12-03 16:42:51.769 13736 13878 D MediaCodec:    int32_t channel-count = 2
12-03 16:42:51.769 13736 13878 D MediaCodec:    int32_t sample-rate = 44100
12-03 16:42:51.769 13736 13878 D MediaCodec:    int32_t channel-mask = 0
12-03 16:42:51.769 13736 13878 D MediaCodec:    int32_t what = 1869968451
12-03 16:42:51.769 13736 13878 D MediaCodec:  }
12-03 16:42:51.773 13736 13847 I MediaCodec: (0xb7440300) stop
12-03 16:42:51.775 13736 13847 I MediaCodec: (0xb7440300) release
12-03 16:42:51.796 13736 13736 V RCActivity: onPause()
12-03 16:42:51.805 13736 13736 V RCActivity: onStop()
12-03 16:42:51.805 13736 13736 V RobotCore: executive service robot setup is terminated
12-03 16:42:51.805 13736 13736 V Robocol : EventLoopManager.shutdown()
12-03 16:42:51.806 13736 13736 V RobotCore: waiting for service EventLoop
12-03 16:42:51.806 13736 13850 V RobotCore: EventLoopRunnable interrupted
12-03 16:42:51.806 13736 13850 V RobotCore: EventLoopManager state is STOPPED
12-03 16:42:51.806 13736 13850 V RobotCore: Robot Status: stopped
12-03 16:42:51.806 13736 13850 I FIRST   : ======= TEARDOWN =======
12-03 16:42:51.806 13736 13850 D RobotCore: disarming modern motor controller Modern Robotics USB DC Motor Controller [AI049QOP]...
12-03 16:42:51.810 13736 13850 V RobotCore: waiting for service ReadWriteRunnable for Modern Robotics USB Device
12-03 16:42:51.811 13736 13842 V RobotCore: thread: ...terminating 'r/w loop: Modern Robotics USB DC Motor Controller [AI049QOP]'
12-03 16:42:51.812 13736 13850 V RobotCore: awaitTermination returned, isTerminated=true
12-03 16:42:51.812 13736 13850 V RobotCore: executive service ReadWriteRunnable for Modern Robotics USB Device is terminated
12-03 16:42:51.813 13736 13850 D RobotCore: ...disarming modern motor controller Modern Robotics USB DC Motor Controller [AI049QOP] complete
12-03 16:42:51.814 13736 13850 I FIRST   : ======= TEARDOWN COMPLETE =======
12-03 16:42:51.814 13736 13850 V RobotCore: thread: ...terminating 'opmode loop()'
12-03 16:42:51.815 13736 13736 V RobotCore: awaitTermination returned, isTerminated=true
12-03 16:42:51.815 13736 13736 V RobotCore: executive service EventLoop is terminated
12-03 16:42:51.815 13736 13736 V RobotCore: EventLoopManager state is STOPPED
12-03 16:42:51.881 13736 13844 D RobotCore: system telemetry: key=$System$None$ msg=""
12-03 16:42:52.760 13736 13849 W AudioTrack: AUDIO_OUTPUT_FLAG_FAST denied by client; transfer 4, track 44100 Hz, output 48000 Hz
12-03 16:43:40.160 14283 14283 I art     : Late-enabling -Xcheck:jni
12-03 16:43:40.249 14283 14283 V RCActivity: onCreate()
12-03 16:43:40.257 14283 14296 V RobotCore: saving logcat to /storage/emulated/0/com.qualcomm.ftcrobotcontroller.logcat
12-03 16:43:40.257 14283 14296 V RobotCore: logging command line: logcat -f /storage/emulated/0/com.qualcomm.ftcrobotcontroller.logcat -r4096 -n4 -v threadtime UsbRequestJNI:S UsbRequest:S *:V
12-03 16:43:40.291 14298 14298 W ps      : type=1400 audit(0.0:48599): avc: denied { getattr } for uid=10122 path="/proc/1" dev="proc" ino=360817 scontext=u:r:untrusted_app:s0:c512,c768 tcontext=u:r:init:s0 tclass=dir permissive=0
12-03 16:43:40.291 14298 14298 W ps      : type=1400 audit(0.0:48600): avc: denied { search } for uid=10122 name="1" dev="proc" ino=360817 scontext=u:r:untrusted_app:s0:c512,c768 tcontext=u:r:init:s0 tclass=dir permissive=0
12-03 16:43:40.291 14298 14298 W ps      : type=1400 audit(0.0:48601): avc: denied { search } for uid=10122 name="1" dev="proc" ino=360817 scontext=u:r:untrusted_app:s0:c512,c768 tcontext=u:r:init:s0 tclass=dir permissive=0
12-03 16:43:40.291 14298 14298 W ps      : type=1400 audit(0.0:48602): avc: denied { getattr } for uid=10122 path="/proc/2" dev="proc" ino=356127 scontext=u:r:untrusted_app:s0:c512,c768 tcontext=u:r:kernel:s0 tclass=dir permissive=0
12-03 16:43:40.291 14298 14298 W ps      : type=1400 audit(0.0:48603): avc: denied { search } for uid=10122 name="2" dev="proc" ino=356127 scontext=u:r:untrusted_app:s0:c512,c768 tcontext=u:r:kernel:s0 tclass=dir permissive=0
12-03 16:43:40.291 14298 14298 W ps      : type=1400 audit(0.0:48604): avc: denied { search } for uid=10122 name="2" dev="proc" ino=356127 scontext=u:r:untrusted_app:s0:c512,c768 tcontext=u:r:kernel:s0 tclass=dir permissive=0
12-03 16:43:40.291 14298 14298 W ps      : type=1400 audit(0.0:48605): avc: denied { getattr } for uid=10122 path="/proc/3" dev="proc" ino=356128 scontext=u:r:untrusted_app:s0:c512,c768 tcontext=u:r:kernel:s0 tclass=dir permissive=0
12-03 16:43:40.291 14298 14298 W ps      : type=1400 audit(0.0:48606): avc: denied { search } for uid=10122 name="3" dev="proc" ino=356128 scontext=u:r:untrusted_app:s0:c512,c768 tcontext=u:r:kernel:s0 tclass=dir permissive=0
12-03 16:43:40.291 14298 14298 W ps      : type=1400 audit(0.0:48607): avc: denied { search } for uid=10122 name="3" dev="proc" ino=356128 scontext=u:r:untrusted_app:s0:c512,c768 tcontext=u:r:kernel:s0 tclass=dir permissive=0
12-03 16:43:40.291 14298 14298 W ps      : type=1400 audit(0.0:48608): avc: denied { getattr } for uid=10122 path="/proc/5" dev="proc" ino=356129 scontext=u:r:untrusted_app:s0:c512,c768 tcontext=u:r:kernel:s0 tclass=dir permissive=0
12-03 16:43:40.291 14298 14298 W ps      : type=1400 audit(0.0:48609): avc: denied { search } for uid=10122 name="5" dev="proc" ino=356129 scontext=u:r:untrusted_app:s0:c512,c768 tcontext=u:r:kernel:s0 tclass=dir permissive=0
12-03 16:43:40.291 14298 14298 W ps      : type=1400 audit(0.0:48610): avc: denied { search } for uid=10122 name="5" dev="proc" ino=356129 scontext=u:r:untrusted_app:s0:c512,c768 tcontext=u:r:kernel:s0 tclass=dir permissive=0
12-03 16:43:40.291 14298 14298 W ps      : type=1400 audit(0.0:48611): avc: denied { getattr } for uid=10122 path="/proc/6" dev="proc" ino=356130 scontext=u:r:untrusted_app:s0:c512,c768 tcontext=u:r:kernel:s0 tclass=dir permissive=0
12-03 16:43:40.291 14298 14298 W ps      : type=1400 audit(0.0:48612): avc: denied { search } for uid=10122 name="6" dev="proc" ino=356130 scontext=u:r:untrusted_app:s0:c512,c768 tcontext=u:r:kernel:s0 tclass=dir permissive=0
12-03 16:43:40.291 14298 14298 W ps      : type=1400 audit(0.0:48613): avc: denied { search } for uid=10122 name="6" dev="proc" ino=356130 scontext=u:r:untrusted_app:s0:c512,c768 tcontext=u:r:kernel:s0 tclass=dir permissive=0
12-03 16:43:40.291 14298 14298 W ps      : type=1400 audit(0.0:48614): avc: denied { getattr } for uid=10122 path="/proc/7" dev="proc" ino=356131 scontext=u:r:untrusted_app:s0:c512,c768 tcontext=u:r:kernel:s0 tclass=dir permissive=0
12-03 16:43:40.291 14298 14298 W ps      : type=1400 audit(0.0:48615): avc: denied { search } for uid=10122 name="7" dev="proc" ino=356131 scontext=u:r:untrusted_app:s0:c512,c768 tcontext=u:r:kernel:s0 tclass=dir permissive=0
12-03 16:43:40.291 14298 14298 W ps      : type=1400 audit(0.0:48616): avc: denied { search } for uid=10122 name="7" dev="proc" ino=356131 scontext=u:r:untrusted_app:s0:c512,c768 tcontext=u:r:kernel:s0 tclass=dir permissive=0
12-03 16:43:40.291 14298 14298 W ps      : type=1400 audit(0.0:48617): avc: denied { getattr } for uid=10122 path="/proc/8" dev="proc" ino=356132 scontext=u:r:untrusted_app:s0:c512,c768 tcontext=u:r:kernel:s0 tclass=dir permissive=0
12-03 16:43:40.291 14298 14298 W ps      : type=1400 audit(0.0:48618): avc: denied { search } for uid=10122 name="8" dev="proc" ino=356132 scontext=u:r:untrusted_app:s0:c512,c768 tcontext=u:r:kernel:s0 tclass=dir permissive=0
12-03 16:43:40.291 14283 14283 I WebViewFactory: Loading com.google.android.webview version 46.0.2490.76 (code 249007600)
12-03 16:43:40.322 14283 14283 W System  : ClassLoader referenced unknown path: /system/app/WebViewGoogle/lib/arm
12-03 16:43:40.336 14283 14283 I cr.library_loader: Time to load native libraries: 4 ms (timestamps 4230-4234)
12-03 16:43:40.336 14283 14283 I cr.library_loader: Expected native library version number "46.0.2490.76", actual native library version number "46.0.2490.76"
12-03 16:43:40.363 14283 14283 V WebViewChromiumFactoryProvider: Binding Chromium to main looper Looper (main, tid 1) {a8029ee}
12-03 16:43:40.363 14283 14283 I cr.library_loader: Expected native library version number "46.0.2490.76", actual native library version number "46.0.2490.76"
12-03 16:43:40.363 14283 14283 I chromium: [INFO:library_loader_hooks.cc(118)] Chromium logging enabled: level = 0, default verbosity = 0
12-03 16:43:40.374 14283 14283 I cr.BrowserStartup: Initializing chromium process, singleProcess=true
12-03 16:43:40.380 14283 14283 E SysUtils: ApplicationContext is null in ApplicationStatus
12-03 16:43:40.410 14283 14283 I Adreno-EGL: <qeglDrvAPI_eglInitialize:379>: EGL 1.4 QUALCOMM build:  (Ifd751822f5)
12-03 16:43:40.410 14283 14283 I Adreno-EGL: OpenGL ES Shader Compiler Version: XE031.06.00.05
12-03 16:43:40.410 14283 14283 I Adreno-EGL: Build Date: 01/26/16 Tue
12-03 16:43:40.410 14283 14283 I Adreno-EGL: Local Branch: AU12_SBA
12-03 16:43:40.410 14283 14283 I Adreno-EGL: Remote Branch: 
12-03 16:43:40.410 14283 14283 I Adreno-EGL: Local Patches: 
12-03 16:43:40.410 14283 14283 I Adreno-EGL: Reconstruct Branch: 
12-03 16:43:40.443 14283 14283 E chromium: [ERROR:browser_gpu_channel_host_factory.cc(258)] Failed to init browser shader disk cache.
12-03 16:43:40.464 14283 14283 E libEGL  : validate_display:255 error 3008 (EGL_BAD_DISPLAY)
12-03 16:43:40.516 14283 14283 W art     : Attempt to remove non-JNI local reference, dumping thread
12-03 16:43:40.528 14283 14283 W AwContents: onDetachedFromWindow called when already detached. Ignoring
12-03 16:43:41.544 14283 14283 V RobotCore: Network: inactive, disconnected
12-03 16:43:41.554 14283 14283 V RCActivity: onStart()
12-03 16:43:41.556 14283 14283 V RCActivity: onResume()
12-03 16:43:41.561 14283 14328 D OpenGLRenderer: Use EGL_SWAP_BEHAVIOR_PRESERVED: true
12-03 16:43:41.587 14283 14283 V RCActivity: onPause()
12-03 16:43:41.588 14283 14283 V RCActivity: onResume()
12-03 16:43:41.592 14283 14283 V RCActivity: onPause()
12-03 16:43:41.592 14283 14283 V RCActivity: onResume()
12-03 16:43:41.593 14283 14283 V RCActivity: onPause()
12-03 16:43:41.593 14283 14283 V RCActivity: onResume()
12-03 16:43:41.594 14283 14283 V RCActivity: onPause()
12-03 16:43:41.594 14283 14283 V RCActivity: onResume()
12-03 16:43:41.595 14283 14283 V FTCService: onCreate()
12-03 16:43:41.595 14283 14283 V FTCService: onBind()
12-03 16:43:41.595 14283 14283 V FTCService: Android device is motorola, MotoG3
12-03 16:43:41.596 14283 14283 V RobotCore: Starting network of type: WIFIDIRECT
12-03 16:43:41.598 14283 14283 V WifiDirect: There are 1 Wifi Direct Assistant Clients (+)
12-03 16:43:41.598 14283 14283 V WifiDirect: Enabling Wifi Direct Assistant
12-03 16:43:41.639 14283 14328 I OpenGLRenderer: Initialized EGL, version 1.4
12-03 16:43:41.653 14283 14283 D WifiDirect: broadcast: state - enabled: true
12-03 16:43:41.656 14283 14283 D WifiDirect: broadcast: connection changed: connectStatus=NOT_CONNECTED networkInfo.state=CONNECTED
12-03 16:43:41.656 14283 14283 V WifiDirect: NetworkInfo: [type: WIFI_P2P[], state: CONNECTED/CONNECTED, reason: (unspecified), extra: (none), roaming: false, failover: false, isAvailable: true]
12-03 16:43:41.656 14283 14283 V WifiDirect: WifiP2pInfo: groupFormed: true isGroupOwner: true operatingChannel: 2412 groupOwnerAddress: /192.168.49.1 mccMode: false
12-03 16:43:41.656 14283 14283 V WifiDirect: WifiP2pGroup: network: DIRECT-CU-9899-D-RC, isGO: true, Operating Channel: 2412, GO: Device: , deviceAddress: a4:70:d6:d3:43:3a, primary type: null, secondary type: null, wps: 0, grpcapab: 0, devcapab: 0, status: 4, wfdInfo: WFD enabled: falseWFD DeviceInfo: 0, WFD CtrlPort: 0, WFD MaxThroughput: 0, level: 0, Client: Device: 9899-D-DS, deviceAddress: a4:70:d6:d3:3d:55, primary type: 10-0050F204-5, secondary type: null, wps: 392, grpcapab: 0, devcapab: 37, status: 0, wfdInfo: null, level: 60, interface: p2p0, networkId: 0, mGoOperFreq: 2412
12-03 16:43:41.659 14283 14283 D WifiDirect: broadcast: this device changed
12-03 16:43:41.659 14283 14283 V WifiDirect: device information: 9899-D-RC a4:70:d6:d3:43:3a
12-03 16:43:41.659 14283 14283 D WifiDirect: cannot create group, does group already exist?
12-03 16:43:41.659 14283 14283 V FTCService: RCActivity.controllerService=bound
12-03 16:43:41.659 14283 14283 V RobotCore: Network: unknown, disconnected
12-03 16:43:41.660 14283 14283 V RobotCore: Robot Status: stopped
12-03 16:43:41.667 14283 14283 D OpmodeRegistration: registered {DefaultOpMode} as {$Stop$Robot$}
12-03 16:43:41.667 14283 14283 V FTCService: Processing robot setup
12-03 16:43:41.668 14283 14283 V D2xx::  : Start constructor
12-03 16:43:41.670 14283 14332 V RobotCore: thread: 'RobotSetupRunnable.run()' starting...
12-03 16:43:41.671 14283 14332 V RobotCore: Robot Status: stopped, scanning for USB devices
12-03 16:43:41.671 14283 14283 V D2xx::  : End constructor
12-03 16:43:41.672 14283 14283 V D2xx::  : Vendor: 0403, Product: 6001
12-03 16:43:41.672 14283 14283 V D2xx::  : Vendor: 0403, Product: 6001
12-03 16:43:41.672 14283 14283 I FIRST   : ignoring: unable get serial number of attached UsbDevice vendor=0x0403, product=0x6001 device=0x03ec name=/dev/bus/usb/001/004
12-03 16:43:41.672 14283 14283 V D2xx::  : Vendor: 0403, Product: 6001
12-03 16:43:41.672 14283 14283 V D2xx::  : Vendor: 0403, Product: 6001
12-03 16:43:41.672 14283 14283 I FIRST   : ignoring: unable get serial number of attached UsbDevice vendor=0x0403, product=0x6001 device=0x03ed name=/dev/bus/usb/001/005
12-03 16:43:41.672 14283 14283 V D2xx::  : Vendor: 0403, Product: 6001
12-03 16:43:41.672 14283 14283 V D2xx::  : Vendor: 0403, Product: 6001
12-03 16:43:41.672 14283 14283 I FIRST   : ignoring: unable get serial number of attached UsbDevice vendor=0x0403, product=0x6001 device=0x03ee name=/dev/bus/usb/001/006
12-03 16:43:41.672 14283 14283 V D2xx::  : Vendor: 0403, Product: 6001
12-03 16:43:41.672 14283 14283 V D2xx::  : Vendor: 0403, Product: 6001
12-03 16:43:41.672 14283 14283 I FIRST   : ignoring: unable get serial number of attached UsbDevice vendor=0x0403, product=0x6001 device=0x03ef name=/dev/bus/usb/001/007
12-03 16:43:41.707 14283 14283 D WifiDirect: group owners address: /192.168.49.1
12-03 16:43:41.707 14283 14283 D WifiDirect: group formed, this device is the group owner (GO)
12-03 16:43:41.708 14283 14283 I FTCService: Wifi Direct - connected as group owner
12-03 16:43:41.708 14283 14283 D WifiDirect: stop discovering peers
12-03 16:43:41.713 14283 14283 V RobotCore: Network: enabled, disconnected
12-03 16:43:41.736 14283 14283 V WifiDirect: connection information available
12-03 16:43:41.737 14283 14283 V WifiDirect: connection information - groupOwnerName = 9899-D-RC
12-03 16:43:41.737 14283 14283 V WifiDirect: connection information - groupOwnerMacAddress = a4:70:d6:d3:43:3a
12-03 16:43:41.737 14283 14283 V WifiDirect: connection information - groupInterface = p2p0
12-03 16:43:41.737 14283 14283 V WifiDirect: connection information - groupNetworkName = DIRECT-CU-9899-D-RC
12-03 16:43:41.737 14283 14283 I FTCService: Network Connection Passphrase: 16BAJsgs
12-03 16:43:41.737 14283 14283 V RobotCore: Network: active, disconnected
12-03 16:43:46.674 14283 14332 V RobotCore: EventLoopManager state is NOT_STARTED
12-03 16:43:46.674 14283 14332 V RobotCore: Robot Status: stopped, waiting on network
12-03 16:43:46.675 14283 14332 V RobotCore: Robot Status: stopped, starting robot
12-03 16:43:46.675 14283 14332 V Robocol : EventLoopManager.start()
12-03 16:43:46.675 14283 14332 V RobotCore: Starting network of type: WIFIDIRECT
12-03 16:43:46.675 14283 14332 V Robocol : Spoofing a Network Connection event...
12-03 16:43:46.676 14283 14332 V RobotCore: executive service EventLoop is terminated
12-03 16:43:46.676 14283 14332 V RobotCore: EventLoopManager state is STOPPED
12-03 16:43:46.677 14283 14332 V Robocol : eventLoop=FtcEventLoop
12-03 16:43:46.677 14283 14332 V RobotCore: EventLoopManager state is INIT
