12-03 16:44:03.941 14283 14377 I RobotCore: SHOOTER 1: 8
12-03 16:44:03.941 14283 14377 I RobotCore: SHOOTER 2: 7
12-03 16:44:03.951 14283 14377 I RobotCore: SHOOTER time: 7777822601
12-03 16:44:03.951 14283 14377 I RobotCore: SHOOTER 1: 12
12-03 16:44:03.951 14283 14377 I RobotCore: SHOOTER 2: 10
12-03 16:44:03.962 14283 14377 I RobotCore: SHOOTER time: 7788390414
12-03 16:44:03.962 14283 14377 I RobotCore: SHOOTER 1: 7
12-03 16:44:03.962 14283 14377 I RobotCore: SHOOTER 2: 7
12-03 16:44:03.972 14283 14377 I RobotCore: SHOOTER time: 7798854737
12-03 16:44:03.972 14283 14377 I RobotCore: SHOOTER 1: 12
12-03 16:44:03.972 14283 14377 I RobotCore: SHOOTER 2: 10
12-03 16:44:03.983 14283 14377 I RobotCore: SHOOTER time: 7809514580
12-03 16:44:03.983 14283 14377 I RobotCore: SHOOTER 1: 12
12-03 16:44:03.983 14283 14377 I RobotCore: SHOOTER 2: 11
12-03 16:44:03.994 14283 14377 I RobotCore: SHOOTER time: 7820313018
12-03 16:44:03.994 14283 14377 I RobotCore: SHOOTER 1: 7
12-03 16:44:03.994 14283 14377 I RobotCore: SHOOTER 2: 6
12-03 16:44:04.004 14283 14377 I RobotCore: SHOOTER time: 7830956299
12-03 16:44:04.004 14283 14377 I RobotCore: SHOOTER 1: 12
12-03 16:44:04.004 14283 14377 I RobotCore: SHOOTER 2: 11
12-03 16:44:04.015 14283 14377 I RobotCore: SHOOTER time: 7841551403
12-03 16:44:04.015 14283 14377 I RobotCore: SHOOTER 1: 12
12-03 16:44:04.015 14283 14377 I RobotCore: SHOOTER 2: 10
12-03 16:44:04.026 14283 14377 I RobotCore: SHOOTER time: 7852372080
12-03 16:44:04.026 14283 14377 I RobotCore: SHOOTER 1: 8
12-03 16:44:04.026 14283 14377 I RobotCore: SHOOTER 2: 7
12-03 16:44:04.036 14283 14377 I RobotCore: SHOOTER time: 7862956039
12-03 16:44:04.036 14283 14377 I RobotCore: SHOOTER 1: 12
12-03 16:44:04.036 14283 14377 I RobotCore: SHOOTER 2: 11
12-03 16:44:04.047 14283 14377 I RobotCore: SHOOTER time: 7873683382
12-03 16:44:04.047 14283 14377 I RobotCore: SHOOTER 1: 11
12-03 16:44:04.047 14283 14377 I RobotCore: SHOOTER 2: 10
12-03 16:44:04.058 14283 14377 I RobotCore: SHOOTER time: 7884375257
12-03 16:44:04.058 14283 14377 I RobotCore: SHOOTER 1: 8
12-03 16:44:04.058 14283 14377 I RobotCore: SHOOTER 2: 7
12-03 16:44:04.068 14283 14377 I RobotCore: SHOOTER time: 7895005622
12-03 16:44:04.068 14283 14377 I RobotCore: SHOOTER 1: 12
12-03 16:44:04.069 14283 14377 I RobotCore: SHOOTER 2: 10
12-03 16:44:04.079 14283 14377 I RobotCore: SHOOTER time: 7905494476
12-03 16:44:04.079 14283 14377 I RobotCore: SHOOTER 1: 10
12-03 16:44:04.079 14283 14377 I RobotCore: SHOOTER 2: 9
12-03 16:44:04.089 14283 14377 I RobotCore: SHOOTER time: 7916040830
12-03 16:44:04.090 14283 14377 I RobotCore: SHOOTER 1: 8
12-03 16:44:04.090 14283 14377 I RobotCore: SHOOTER 2: 7
12-03 16:44:04.100 14283 14377 I RobotCore: SHOOTER time: 7926768747
12-03 16:44:04.100 14283 14377 I RobotCore: SHOOTER measurements / sec: 63.077404672519584
12-03 16:44:30.706 14283 14348 V Robocol : received command: CMD_INIT_OP_MODE(10419) $Stop$Robot$
12-03 16:44:30.708 14283 14377 V RobotCore: thread: ...terminating 'LinearOpMode main'
12-03 16:44:30.708 14283 14357 V RobotCore: waiting for service user linear op mode
12-03 16:44:30.708 14283 14357 V RobotCore: awaitTermination returned, isTerminated=true
12-03 16:44:30.708 14283 14357 V RobotCore: executive service user linear op mode is terminated
12-03 16:44:30.708 14283 14357 I RobotCore: Attempting to switch to op mode $Stop$Robot$
12-03 16:44:30.741 14283 14365 V Robocol : sending CMD_INIT_OP_MODE_RESP(489), attempt: 0
12-03 16:44:30.745 14283 14348 V Robocol : received command: CMD_INIT_OP_MODE_RESP(489) $Stop$Robot$
12-03 16:44:30.746 14283 14348 V Robocol : received command: CMD_RUN_OP_MODE(10425) $Stop$Robot$
12-03 16:44:30.781 14283 14365 V Robocol : sending CMD_RUN_OP_MODE_RESP(494), attempt: 0
12-03 16:44:30.786 14283 14348 V Robocol : received command: CMD_RUN_OP_MODE_RESP(494) $Stop$Robot$
12-03 16:44:37.127 14283 14283 V RCActivity: onPause()
12-03 16:44:37.137 14283 14283 V RCActivity: onStop()
12-03 16:44:37.138 14283 14283 V RobotCore: executive service robot setup is terminated
12-03 16:44:37.138 14283 14283 V Robocol : EventLoopManager.shutdown()
12-03 16:44:37.138 14283 14283 V RobotCore: waiting for service EventLoop
12-03 16:44:37.138 14283 14357 V RobotCore: EventLoopRunnable interrupted
12-03 16:44:37.138 14283 14357 V RobotCore: EventLoopManager state is STOPPED
12-03 16:44:37.138 14283 14357 V RobotCore: Robot Status: stopped
12-03 16:44:37.138 14283 14357 I FIRST   : ======= TEARDOWN =======
12-03 16:44:37.174 14283 14357 D RobotCore: disarming modern motor controller Modern Robotics USB DC Motor Controller [AI049QOP]...
12-03 16:44:37.192 14283 14351 D ProcessRequestThread::: Device has been closed.
12-03 16:44:37.192 14283 14351 W System.err: java.lang.InterruptedException
12-03 16:44:37.192 14283 14351 W System.err: 	at java.util.concurrent.locks.AbstractQueuedSynchronizer.doAcquireSharedInterruptibly(AbstractQueuedSynchronizer.java:972)
12-03 16:44:37.192 14283 14351 W System.err: 	at java.util.concurrent.locks.AbstractQueuedSynchronizer.acquireSharedInterruptibly(AbstractQueuedSynchronizer.java:1278)
12-03 16:44:37.192 14283 14351 W System.err: 	at java.util.concurrent.Semaphore.acquire(Semaphore.java:284)
12-03 16:44:37.192 14283 14351 W System.err: 	at com.ftdi.j2xx.ProcessInCtrl.acquireReadableBuffer(FT_Device.java:2294)
12-03 16:44:37.192 14283 14351 W System.err: 	at com.ftdi.j2xx.ProcessRequestWorker.run(FT_Device.java:2764)
12-03 16:44:37.192 14283 14351 W System.err: 	at java.lang.Thread.run(Thread.java:818)
12-03 16:44:37.194 14283 14352 D UsbDeviceConnectionJNI: close
12-03 16:44:37.195 14283 14352 V RobotCore: thread: ...terminating 'r/w loop: Modern Robotics USB DC Motor Controller [AI049QOP]'
12-03 16:44:37.195 14283 14357 V RobotCore: waiting for service ReadWriteRunnable for Modern Robotics USB Device
12-03 16:44:37.195 14283 14357 V RobotCore: awaitTermination returned, isTerminated=true
12-03 16:44:37.195 14283 14357 V RobotCore: executive service ReadWriteRunnable for Modern Robotics USB Device is terminated
12-03 16:44:37.195 14283 14357 D RobotCore: ...disarming modern motor controller Modern Robotics USB DC Motor Controller [AI049QOP] complete
12-03 16:44:37.196 14283 14357 I FIRST   : ======= TEARDOWN COMPLETE =======
12-03 16:44:37.196 14283 14357 V RobotCore: thread: ...terminating 'opmode loop()'
12-03 16:44:37.196 14283 14350 D BulkIn::: Stop BulkIn thread
12-03 16:44:37.197 14283 14350 W System.err: java.lang.NullPointerException: Attempt to invoke virtual method 'int com.ftdi.j2xx.D2xxManager$DriverParameters.getBufferNumber()' on a null object reference
12-03 16:44:37.197 14283 14350 W System.err: 	at com.ftdi.j2xx.ProcessInCtrl.releaseWritableBuffers(FT_Device.java:2672)
12-03 16:44:37.197 14283 14350 W System.err: 	at com.ftdi.j2xx.BulkInWorker.run(FT_Device.java:2879)
12-03 16:44:37.197 14283 14350 W System.err: 	at java.lang.Thread.run(Thread.java:818)
12-03 16:44:37.198 14283 14283 V RobotCore: awaitTermination returned, isTerminated=true
12-03 16:44:37.198 14283 14283 V RobotCore: executive service EventLoop is terminated
12-03 16:44:37.198 14283 14283 V RobotCore: EventLoopManager state is STOPPED
12-03 16:44:38.112 14283 14283 V RCActivity: onStart()
12-03 16:44:38.118 14283 14283 D OpmodeRegistration: registered {DefaultOpMode} as {$Stop$Robot$}
12-03 16:44:38.118 14283 14283 V FTCService: Processing robot setup
12-03 16:44:38.119 14283 14390 V RobotCore: thread: 'RobotSetupRunnable.run()' starting...
12-03 16:44:38.120 14283 14390 V RobotCore: Robot Status: stopped, scanning for USB devices
12-03 16:44:38.121 14283 14283 V RCActivity: onResume()
12-03 16:44:41.083 14283 14283 V RCActivity: onPause()
12-03 16:44:41.451 14283 14283 V RCActivity: onStop()
12-03 16:44:41.455 14283 14283 V RobotCore: waiting for service robot setup
12-03 16:44:41.455 14283 14390 V RobotCore: Robot Status: stopped, internal error
12-03 16:44:41.455 14283 14390 V RobotCore: thread: ...terminating 'RobotSetupRunnable.run()'
12-03 16:44:41.456 14283 14283 V RobotCore: awaitTermination returned, isTerminated=true
12-03 16:44:41.456 14283 14283 V RobotCore: executive service robot setup is terminated
12-03 16:44:41.457 14283 14283 V RobotCore: Robot Status: stopped
12-03 16:44:41.460 14283 14283 V RCActivity: onDestroy()
12-03 16:44:41.966 14283 14283 V RobotCore: closing logcat file /storage/emulated/0/com.qualcomm.ftcrobotcontroller.logcat
12-03 16:44:41.991 14404 14404 W ps      : type=1400 audit(0.0:49271): avc: denied { getattr } for uid=10122 path="/proc/1" dev="proc" ino=360817 scontext=u:r:untrusted_app:s0:c512,c768 tcontext=u:r:init:s0 tclass=dir permissive=0
12-03 16:44:41.991 14404 14404 W ps      : type=1400 audit(0.0:49272): avc: denied { search } for uid=10122 name="1" dev="proc" ino=360817 scontext=u:r:untrusted_app:s0:c512,c768 tcontext=u:r:init:s0 tclass=dir permissive=0
12-03 16:44:41.991 14404 14404 W ps      : type=1400 audit(0.0:49273): avc: denied { search } for uid=10122 name="1" dev="proc" ino=360817 scontext=u:r:untrusted_app:s0:c512,c768 tcontext=u:r:init:s0 tclass=dir permissive=0
12-03 16:44:41.991 14404 14404 W ps      : type=1400 audit(0.0:49274): avc: denied { getattr } for uid=10122 path="/proc/2" dev="proc" ino=356127 scontext=u:r:untrusted_app:s0:c512,c768 tcontext=u:r:kernel:s0 tclass=dir permissive=0
12-03 16:44:41.991 14404 14404 W ps      : type=1400 audit(0.0:49275): avc: denied { search } for uid=10122 name="2" dev="proc" ino=356127 scontext=u:r:untrusted_app:s0:c512,c768 tcontext=u:r:kernel:s0 tclass=dir permissive=0
12-03 16:44:41.991 14404 14404 W ps      : type=1400 audit(0.0:49276): avc: denied { search } for uid=10122 name="2" dev="proc" ino=356127 scontext=u:r:untrusted_app:s0:c512,c768 tcontext=u:r:kernel:s0 tclass=dir permissive=0
12-03 16:44:41.991 14404 14404 W ps      : type=1400 audit(0.0:49277): avc: denied { getattr } for uid=10122 path="/proc/3" dev="proc" ino=356128 scontext=u:r:untrusted_app:s0:c512,c768 tcontext=u:r:kernel:s0 tclass=dir permissive=0
12-03 16:44:41.991 14404 14404 W ps      : type=1400 audit(0.0:49278): avc: denied { search } for uid=10122 name="3" dev="proc" ino=356128 scontext=u:r:untrusted_app:s0:c512,c768 tcontext=u:r:kernel:s0 tclass=dir permissive=0
12-03 16:44:41.991 14404 14404 W ps      : type=1400 audit(0.0:49279): avc: denied { search } for uid=10122 name="3" dev="proc" ino=356128 scontext=u:r:untrusted_app:s0:c512,c768 tcontext=u:r:kernel:s0 tclass=dir permissive=0
12-03 16:44:41.991 14404 14404 W ps      : type=1400 audit(0.0:49280): avc: denied { getattr } for uid=10122 path="/proc/5" dev="proc" ino=356129 scontext=u:r:untrusted_app:s0:c512,c768 tcontext=u:r:kernel:s0 tclass=dir permissive=0
12-03 16:44:41.991 14404 14404 W ps      : type=1400 audit(0.0:49281): avc: denied { search } for uid=10122 name="5" dev="proc" ino=356129 scontext=u:r:untrusted_app:s0:c512,c768 tcontext=u:r:kernel:s0 tclass=dir permissive=0
12-03 16:44:41.991 14404 14404 W ps      : type=1400 audit(0.0:49282): avc: denied { search } for uid=10122 name="5" dev="proc" ino=356129 scontext=u:r:untrusted_app:s0:c512,c768 tcontext=u:r:kernel:s0 tclass=dir permissive=0
12-03 16:44:41.991 14404 14404 W ps      : type=1400 audit(0.0:49283): avc: denied { getattr } for uid=10122 path="/proc/6" dev="proc" ino=356130 scontext=u:r:untrusted_app:s0:c512,c768 tcontext=u:r:kernel:s0 tclass=dir permissive=0
12-03 16:44:41.991 14404 14404 W ps      : type=1400 audit(0.0:49284): avc: denied { search } for uid=10122 name="6" dev="proc" ino=356130 scontext=u:r:untrusted_app:s0:c512,c768 tcontext=u:r:kernel:s0 tclass=dir permissive=0
12-03 16:44:41.991 14404 14404 W ps      : type=1400 audit(0.0:49285): avc: denied { search } for uid=10122 name="6" dev="proc" ino=356130 scontext=u:r:untrusted_app:s0:c512,c768 tcontext=u:r:kernel:s0 tclass=dir permissive=0
12-03 16:44:41.991 14404 14404 W ps      : type=1400 audit(0.0:49286): avc: denied { getattr } for uid=10122 path="/proc/7" dev="proc" ino=356131 scontext=u:r:untrusted_app:s0:c512,c768 tcontext=u:r:kernel:s0 tclass=dir permissive=0
12-03 16:44:41.991 14404 14404 W ps      : type=1400 audit(0.0:49287): avc: denied { search } for uid=10122 name="7" dev="proc" ino=356131 scontext=u:r:untrusted_app:s0:c512,c768 tcontext=u:r:kernel:s0 tclass=dir permissive=0
12-03 16:44:41.991 14404 14404 W ps      : type=1400 audit(0.0:49288): avc: denied { search } for uid=10122 name="7" dev="proc" ino=356131 scontext=u:r:untrusted_app:s0:c512,c768 tcontext=u:r:kernel:s0 tclass=dir permissive=0
12-03 16:44:41.991 14404 14404 W ps      : type=1400 audit(0.0:49289): avc: denied { getattr } for uid=10122 path="/proc/8" dev="proc" ino=356132 scontext=u:r:untrusted_app:s0:c512,c768 tcontext=u:r:kernel:s0 tclass=dir permissive=0
12-03 16:44:41.991 14404 14404 W ps      : type=1400 audit(0.0:49290): avc: denied { search } for uid=10122 name="8" dev="proc" ino=356132 scontext=u:r:untrusted_app:s0:c512,c768 tcontext=u:r:kernel:s0 tclass=dir permissive=0
12-03 16:44:42.030 14283 14283 V RobotCore: Killing PID 14304
