12-03 16:43:46.677 14283 14332 V RobotCore: Robot Status: initializing, starting robot
12-03 16:43:46.677 14283 14332 I FIRST   : ======= INIT START =======
12-03 16:43:46.684 14283 14346 V RobotCore: thread: 'SetupRunnable.run()' starting...
12-03 16:43:46.684 14283 14283 I RobotCore: Battery Checker, Level Remaining: 100.0
12-03 16:43:46.685 14283 14283 I RobotCore: Battery Checker, Level Remaining: 100.0
12-03 16:43:46.691 14283 14332 D OpmodeRegistration: registered {TankAuto} as {TankAuto}
12-03 16:43:46.692 14283 14332 D OpmodeRegistration: registered {NewOmniTurn} as {NewOmniTurn}
12-03 16:43:46.692 14283 14332 D OpmodeRegistration: registered {MRI_ColorExample} as {MRI_ColorExample}
12-03 16:43:46.693 14283 14332 D OpmodeRegistration: registered {TankTeleOp} as {TankTeleOp}
12-03 16:43:46.693 14283 14332 D OpmodeRegistration: registered {AccelerationTest} as {Acceleration Test}
12-03 16:43:46.694 14283 14332 D OpmodeRegistration: registered {EncoderTest} as {Encoder Test}
12-03 16:43:46.694 14283 14332 D OpmodeRegistration: registered {Shooter} as {Shooter Test}
12-03 16:43:46.695 14283 14332 D OpmodeRegistration: registered {Tank} as {Tank}
12-03 16:43:46.695 14283 14332 D OpmodeRegistration: registered {WestCoastTank} as {WestCoastTank}
12-03 16:43:46.696 14283 14332 D OpmodeRegistration: registered {WestCoast_AutoTest} as {WestCoast_AutoTest}
12-03 16:43:46.698 14283 14332 V RobotCore: Creating Modern Robotics USB DC Motor Controller [AI049QOP]
12-03 16:43:46.700 14283 14332 D RobotCore: arming modern motor controller Modern Robotics USB DC Motor Controller [AI049QOP]...
12-03 16:43:46.702 14283 14332 V D2xx::  : Vendor: 0403, Product: 6001
12-03 16:43:46.719 14283 14332 D UsbDeviceConnectionJNI: close
12-03 16:43:46.719 14283 14332 V D2xx::  : Vendor: 0403, Product: 6001
12-03 16:43:46.722 14283 14346 D Robocol : RobocolDatagramSocket listening addr=/192.168.49.1:20884 cbRec=65520 cbSend=163840 msRecTO=300
12-03 16:43:46.723 14283 14346 V Robocol : RecvLoopRunnable created
12-03 16:43:46.724 14283 14346 V PeerDiscovery: Starting peer discovery
12-03 16:43:46.725 14283 14346 V RobotCore: Setup complete
12-03 16:43:46.725 14283 14346 V RobotCore: thread: ...terminating 'SetupRunnable.run()'
12-03 16:43:46.729 14283 14348 V RobotCore: thread: 'RecvLoopRunnable.run()' starting...
12-03 16:43:46.730 14283 14332 D UsbDeviceConnectionJNI: close
12-03 16:43:46.730 14283 14332 V D2xx::  : Vendor: 0403, Product: 6001
12-03 16:43:46.739 14283 14332 D UsbDeviceConnectionJNI: close
12-03 16:43:46.739 14283 14332 V D2xx::  : Vendor: 0403, Product: 6001
12-03 16:43:46.748 14283 14332 D UsbDeviceConnectionJNI: close
12-03 16:43:46.748 14283 14332 V D2xx::  : Vendor: 0403, Product: 6001
12-03 16:43:46.757 14283 14332 D UsbDeviceConnectionJNI: close
12-03 16:43:46.758 14283 14332 D FTDI_Device::: open SUCCESS
12-03 16:43:46.758 14283 14332 I FTDI_Device::: EP: 0x81
12-03 16:43:46.758 14283 14332 I FTDI_Device::: EP: 0x02
12-03 16:43:46.758 14283 14332 D D2XX::  : **********************Device Opened**********************
12-03 16:43:47.023 14283 14348 D Robocol : no packet received: SocketTimeoutException
12-03 16:43:47.186 14283 14332 V RobotCore: Starting up device AI049QOP
12-03 16:43:47.188 14283 14352 V RobotCore: thread: 'r/w loop: Modern Robotics USB DC Motor Controller [AI049QOP]' starting...
12-03 16:43:47.189 14283 14332 D RobotCore: ...arming modern motor controller Modern Robotics USB DC Motor Controller [AI049QOP] complete
12-03 16:43:47.262 14283 14332 I RobotCore: Analytics has completed initialization.
12-03 16:43:47.262 14283 14332 I RobotCore: ========= Device Information ===================================================
12-03 16:43:47.262 14283 14332 I RobotCore: Type                                               Name                           Connection
12-03 16:43:47.263 14283 14332 I RobotCore: Modern Robotics USB DC Motor Controller v2.0       Shooter Module                 USB AI049QOP
12-03 16:43:47.263 14283 14332 I RobotCore: DC Motor                                           shooter2                       USB AI049QOP; port 2
12-03 16:43:47.263 14283 14332 I RobotCore: DC Motor                                           shooter1                       USB AI049QOP; port 1
12-03 16:43:47.263 14283 14332 I FIRST   : ======= INIT FINISH =======
12-03 16:43:47.263 14283 14332 V RobotCore: EventLoopManager state is RUNNING
12-03 16:43:47.279 14283 14332 V RobotCore: Robot Status: running, starting robot
12-03 16:43:47.279 14283 14332 V RobotCore: Robot Status: running
12-03 16:43:47.280 14283 14332 V RobotCore: thread: ...terminating 'RobotSetupRunnable.run()'
12-03 16:43:47.289 14283 14357 V RobotCore: thread: 'opmode loop()' starting...
12-03 16:43:47.295 14283 14357 D RobotCore: system telemetry: key=$System$None$ msg=""
12-03 16:43:47.302 14283 14356 D MediaPlayer: setSubtitleAnchor in MediaPlayer
12-03 16:43:47.302 14283 14283 D MediaPlayer: setSubtitleAnchor in MediaPlayer
12-03 16:43:47.340 14283 14354 D ExtendedUtils: extended extractor not needed, return default
12-03 16:43:47.340 14283 14354 I MediaCodec: (0xb74c35e8) init name(audio/raw) isType(1) encoder(0)
12-03 16:43:47.342 14283 14361 I OMXClient: Using client-side OMX mux.
12-03 16:43:47.347 14283 14361 E OMXMaster: A component of name 'OMX.qcom.audio.decoder.aac' already exists, ignoring this one.
12-03 16:43:47.351 14283 14361 I MediaCodec: (0xb74c35e8) Component Allocated (OMX.google.raw.decoder)
12-03 16:43:47.351 14283 14354 I MediaCodec: (0xb74c35e8) configure surface(0x0) crypto(0x0) flags(0)
12-03 16:43:47.351 14283 14354 D MediaCodec: (0xb74c35e8) configure format: AMessage(what = 0x00000000) = {
12-03 16:43:47.351 14283 14354 D MediaCodec:    string mime = "audio/raw"
12-03 16:43:47.351 14283 14354 D MediaCodec:    int64_t durationUs = 1019125
12-03 16:43:47.351 14283 14354 D MediaCodec:    int32_t channel-count = 1
12-03 16:43:47.351 14283 14354 D MediaCodec:    int32_t sample-rate = 8000
12-03 16:43:47.351 14283 14354 D MediaCodec:    int32_t channel-mask = 0
12-03 16:43:47.351 14283 14354 D MediaCodec:  }
12-03 16:43:47.353 14283 14354 I MediaCodec: (0xb74c35e8) start
12-03 16:43:47.353 14283 14361 I MediaCodec: (0xb74c35e8) input buffers allocated
12-03 16:43:47.354 14283 14361 I MediaCodec: (0xb74c35e8) numBuffers (4)
12-03 16:43:47.354 14283 14361 I MediaCodec: (0xb74c35e8) output buffers allocated
12-03 16:43:47.354 14283 14361 I MediaCodec: (0xb74c35e8) numBuffers (4)
12-03 16:43:47.356 14283 14361 I MediaCodec: (0xb74c35e8) codec output format changed
12-03 16:43:47.356 14283 14361 D MediaCodec: (0xb74c35e8) output format: AMessage(what = 'codc', target = 2) = {
12-03 16:43:47.356 14283 14361 D MediaCodec:    string mime = "audio/raw"
12-03 16:43:47.356 14283 14361 D MediaCodec:    int32_t channel-count = 1
12-03 16:43:47.356 14283 14361 D MediaCodec:    int32_t sample-rate = 8000
12-03 16:43:47.356 14283 14361 D MediaCodec:    int32_t channel-mask = 0
12-03 16:43:47.356 14283 14361 D MediaCodec:    int32_t what = 1869968451
12-03 16:43:47.356 14283 14361 D MediaCodec:  }
12-03 16:43:47.359 14283 14354 I MediaCodec: (0xb74c35e8) stop
12-03 16:43:47.361 14283 14354 I MediaCodec: (0xb74c35e8) release
12-03 16:43:47.366 14283 14356 W AudioTrack: AUDIO_OUTPUT_FLAG_FAST denied by client; transfer 4, track 8000 Hz, output 48000 Hz
12-03 16:43:47.698 14283 14348 V PeerDiscovery: new remote peer discovered: 192.168.49.134
12-03 16:43:47.699 14283 14348 D Robocol : RobocolDatagramSocket connected to /192.168.49.134:20884
12-03 16:43:47.700 14283 14348 V NetworkConnectionHandler: starting sending loop
12-03 16:43:47.700 14283 14348 V Robocol : SendOnceRunnable created
12-03 16:43:47.707 14283 14348 V RobotCore: Network: active, connected
12-03 16:43:47.736 14283 14356 D MediaPlayer: setSubtitleAnchor in MediaPlayer
12-03 16:43:47.737 14283 14283 D MediaPlayer: setSubtitleAnchor in MediaPlayer
12-03 16:43:47.741 14283 14365 V Robocol : sending CMD_REQUEST_USER_SENSOR_LIST_RESP(10), attempt: 0
12-03 16:43:47.742 14283 14283 E MediaPlayer: invoke failed: wrong state 8
12-03 16:43:47.742 14283 14283 W MediaPlayer: mediaplayer went away with unhandled events
12-03 16:43:47.749 14283 14348 V Robocol : received command: CMD_REQUEST_OP_MODE_LIST(10001) 
12-03 16:43:47.762 14283 14354 D ExtendedUtils: extended extractor not needed, return default
12-03 16:43:47.764 14283 14354 I MediaCodec: (0xb7613958) init name(audio/raw) isType(1) encoder(0)
12-03 16:43:47.769 14283 14348 V Robocol : received command: CMD_REQUEST_ACTIVE_CONFIGURATION(10002) 
12-03 16:43:47.770 14283 14348 V Robocol : received command: CMD_REQUEST_USER_SENSOR_LIST_RESP(10) [{"description":"a MR compass sensor","flavor":"I2C","name":"MR Compass Sensor","xmlTag":"ModernRoboticsI2cCompassSensor"},{"description":"an Adafruit IMU","flavor":"I2C","name":"Adafruit IMU","xmlTag":"AdafruitBNO055IMU"},{"description":"a MR range sensor","flavor":"I2C","name":"MR Range Sensor","xmlTag":"ModernRoboticsI2cRangeSensor"}]
12-03 16:43:47.770 14283 14369 I OMXClient: Using client-side OMX mux.
12-03 16:43:47.775 14283 14369 E OMXMaster: A component of name 'OMX.qcom.audio.decoder.aac' already exists, ignoring this one.
12-03 16:43:47.778 14283 14369 I MediaCodec: (0xb7613958) Component Allocated (OMX.google.raw.decoder)
12-03 16:43:47.778 14283 14354 I MediaCodec: (0xb7613958) configure surface(0x0) crypto(0x0) flags(0)
12-03 16:43:47.778 14283 14354 D MediaCodec: (0xb7613958) configure format: AMessage(what = 0x00000000) = {
12-03 16:43:47.778 14283 14354 D MediaCodec:    string mime = "audio/raw"
12-03 16:43:47.778 14283 14354 D MediaCodec:    int64_t durationUs = 485011
12-03 16:43:47.778 14283 14354 D MediaCodec:    int32_t channel-count = 2
12-03 16:43:47.778 14283 14354 D MediaCodec:    int32_t sample-rate = 44100
12-03 16:43:47.778 14283 14354 D MediaCodec:    int32_t channel-mask = 0
12-03 16:43:47.778 14283 14354 D MediaCodec:  }
12-03 16:43:47.779 14283 14354 I MediaCodec: (0xb7613958) start
12-03 16:43:47.780 14283 14369 I MediaCodec: (0xb7613958) input buffers allocated
12-03 16:43:47.780 14283 14369 I MediaCodec: (0xb7613958) numBuffers (4)
12-03 16:43:47.780 14283 14369 I MediaCodec: (0xb7613958) output buffers allocated
12-03 16:43:47.780 14283 14369 I MediaCodec: (0xb7613958) numBuffers (4)
12-03 16:43:47.781 14283 14365 V Robocol : sending CMD_REQUEST_OP_MODE_LIST_RESP(16), attempt: 0
12-03 16:43:47.781 14283 14365 V Robocol : sending CMD_REQUEST_USER_SENSOR_LIST_RESP(17), attempt: 0
12-03 16:43:47.781 14283 14365 V Robocol : sending CMD_REQUEST_ACTIVE_CONFIGURATION_RESP(23), attempt: 0
12-03 16:43:47.784 14283 14369 I MediaCodec: (0xb7613958) codec output format changed
12-03 16:43:47.784 14283 14369 D MediaCodec: (0xb7613958) output format: AMessage(what = 'codc', target = 6) = {
12-03 16:43:47.784 14283 14369 D MediaCodec:    string mime = "audio/raw"
12-03 16:43:47.784 14283 14369 D MediaCodec:    int32_t channel-count = 2
12-03 16:43:47.784 14283 14369 D MediaCodec:    int32_t sample-rate = 44100
12-03 16:43:47.784 14283 14369 D MediaCodec:    int32_t channel-mask = 0
12-03 16:43:47.784 14283 14369 D MediaCodec:    int32_t what = 1869968451
12-03 16:43:47.784 14283 14369 D MediaCodec:  }
12-03 16:43:47.786 14283 14348 V Robocol : received command: CMD_REQUEST_OP_MODE_LIST_RESP(16) [{"flavor":"AUTONOMOUS","group":"Autonomous","name":"TankAuto"},{"flavor":"TELEOP","group":"TeleOp","name":"NewOmniTurn"},{"flavor":"TELEOP","group":"MRI","name":"MRI_ColorExample"},{"flavor":"TELEOP","group":"Competition","name":"TankTeleOp"},{"flavor":"AUTONOMOUS","group":"Test","name":"Acceleration Test"},{"flavor":"AUTONOMOUS","group":"Test","name":"Encoder Test"},{"flavor":"TELEOP","group":"Test","name":"Shooter Test"},{"flavor":"TELEOP","group":"Test","name":"Tank"},{"flavor":"TELEOP","group":"Test","name":"WestCoastTank"},{"flavor":"AUTONOMOUS","group":"Test","name":"WestCoast_AutoTest"}]
12-03 16:43:47.786 14283 14348 V Robocol : received command: CMD_REQUEST_USER_SENSOR_LIST_RESP(17) [{"description":"a MR compass sensor","flavor":"I2C","name":"MR Compass Sensor","xmlTag":"ModernRoboticsI2cCompassSensor"},{"description":"an Adafruit IMU","flavor":"I2C","name":"Adafruit IMU","xmlTag":"AdafruitBNO055IMU"},{"description":"a MR range sensor","flavor":"I2C","name":"MR Range Sensor","xmlTag":"ModernRoboticsI2cRangeSensor"}]
12-03 16:43:47.788 14283 14354 I MediaCodec: (0xb7613958) stop
12-03 16:43:47.790 14283 14354 I MediaCodec: (0xb7613958) release
12-03 16:43:47.796 14283 14357 I RobotCore: Attempting to switch to op mode $Stop$Robot$
12-03 16:43:47.820 14283 14365 V Robocol : sending CMD_INIT_OP_MODE_RESP(28), attempt: 0
12-03 16:43:47.826 14283 14348 V Robocol : received command: CMD_INIT_OP_MODE(10013) $Stop$Robot$
12-03 16:43:47.828 14283 14348 V Robocol : received command: CMD_REQUEST_ACTIVE_CONFIGURATION_RESP(23) {"isDirty":false,"location":"LOCAL_STORAGE","name":"shooter","resourceId":0}
12-03 16:43:47.828 14283 14348 V Robocol : received command: CMD_INIT_OP_MODE_RESP(28) $Stop$Robot$
12-03 16:43:47.832 14283 14357 I RobotCore: Attempting to switch to op mode $Stop$Robot$
12-03 16:43:47.861 14283 14365 V Robocol : sending CMD_INIT_OP_MODE_RESP(36), attempt: 0
12-03 16:43:47.867 14283 14348 V Robocol : received command: CMD_INIT_OP_MODE_RESP(36) $Stop$Robot$
12-03 16:43:48.084 14283 14357 I RobotCore: robot battery read duration: n=4, mean=0.047ms sd=0.060ms
12-03 16:43:48.385 14283 14356 W AudioTrack: AUDIO_OUTPUT_FLAG_FAST denied by client; transfer 4, track 44100 Hz, output 48000 Hz
12-03 16:43:49.827 14283 14348 V Robocol : received command: CMD_INIT_OP_MODE(10045) $Stop$Robot$
12-03 16:43:49.832 14283 14357 I RobotCore: Attempting to switch to op mode $Stop$Robot$
12-03 16:43:49.861 14283 14365 V Robocol : sending CMD_INIT_OP_MODE_RESP(69), attempt: 0
12-03 16:43:49.866 14283 14348 V Robocol : received command: CMD_INIT_OP_MODE_RESP(69) $Stop$Robot$
12-03 16:43:52.107 14283 14348 V Robocol : received command: CMD_INIT_OP_MODE(10077) Shooter Test
12-03 16:43:52.115 14283 14357 I RobotCore: Attempting to switch to op mode Shooter Test
12-03 16:43:52.123 14283 14377 V RobotCore: thread: 'LinearOpMode main' starting...
12-03 16:43:52.141 14283 14365 V Robocol : sending CMD_INIT_OP_MODE_RESP(107), attempt: 0
12-03 16:43:52.148 14283 14348 V Robocol : received command: CMD_INIT_OP_MODE_RESP(107) Shooter Test
12-03 16:43:56.147 14283 14348 V Robocol : received command: CMD_RUN_OP_MODE(10118) Shooter Test
12-03 16:43:56.174 14283 14377 I RobotCore: SHOOTER time: 14792
12-03 16:43:56.174 14283 14377 I RobotCore: SHOOTER 1: 0
12-03 16:43:56.174 14283 14377 I RobotCore: SHOOTER 2: 0
12-03 16:43:56.182 14283 14365 V Robocol : sending CMD_RUN_OP_MODE_RESP(151), attempt: 0
12-03 16:43:56.184 14283 14377 I RobotCore: SHOOTER time: 10699792
12-03 16:43:56.184 14283 14377 I RobotCore: SHOOTER 1: 0
12-03 16:43:56.184 14283 14377 I RobotCore: SHOOTER 2: 0
12-03 16:43:56.186 14283 14348 V Robocol : received command: CMD_RUN_OP_MODE_RESP(151) Shooter Test
12-03 16:43:56.195 14283 14377 I RobotCore: SHOOTER time: 21143854
12-03 16:43:56.195 14283 14377 I RobotCore: SHOOTER 1: 0
12-03 16:43:56.195 14283 14377 I RobotCore: SHOOTER 2: 1
12-03 16:43:56.205 14283 14377 I RobotCore: SHOOTER time: 31608906
12-03 16:43:56.205 14283 14377 I RobotCore: SHOOTER 1: 0
12-03 16:43:56.205 14283 14377 I RobotCore: SHOOTER 2: 0
12-03 16:43:56.216 14283 14377 I RobotCore: SHOOTER time: 42176510
12-03 16:43:56.216 14283 14377 I RobotCore: SHOOTER 1: 1
12-03 16:43:56.216 14283 14377 I RobotCore: SHOOTER 2: 1
12-03 16:43:56.226 14283 14377 I RobotCore: SHOOTER time: 52557500
12-03 16:43:56.226 14283 14377 I RobotCore: SHOOTER 1: 0
12-03 16:43:56.226 14283 14377 I RobotCore: SHOOTER 2: 0
12-03 16:43:56.237 14283 14377 I RobotCore: SHOOTER time: 63354219
12-03 16:43:56.237 14283 14377 I RobotCore: SHOOTER 1: 2
12-03 16:43:56.237 14283 14377 I RobotCore: SHOOTER 2: 1
12-03 16:43:56.247 14283 14377 I RobotCore: SHOOTER time: 73877448
12-03 16:43:56.247 14283 14377 I RobotCore: SHOOTER 1: 1
12-03 16:43:56.247 14283 14377 I RobotCore: SHOOTER 2: 1
12-03 16:43:56.258 14283 14377 I RobotCore: SHOOTER time: 84881771
12-03 16:43:56.258 14283 14377 I RobotCore: SHOOTER 1: 1
12-03 16:43:56.258 14283 14377 I RobotCore: SHOOTER 2: 1
12-03 16:43:56.269 14283 14377 I RobotCore: SHOOTER time: 95447396
12-03 16:43:56.269 14283 14377 I RobotCore: SHOOTER 1: 2
12-03 16:43:56.269 14283 14377 I RobotCore: SHOOTER 2: 2
12-03 16:43:56.279 14283 14377 I RobotCore: SHOOTER time: 105770000
12-03 16:43:56.279 14283 14377 I RobotCore: SHOOTER 1: 2
12-03 16:43:56.279 14283 14377 I RobotCore: SHOOTER 2: 2
12-03 16:43:56.290 14283 14377 I RobotCore: SHOOTER time: 116292500
12-03 16:43:56.290 14283 14377 I RobotCore: SHOOTER 1: 2
12-03 16:43:56.290 14283 14377 I RobotCore: SHOOTER 2: 2
12-03 16:43:56.300 14283 14377 I RobotCore: SHOOTER time: 126596094
12-03 16:43:56.300 14283 14377 I RobotCore: SHOOTER 1: 2
12-03 16:43:56.300 14283 14377 I RobotCore: SHOOTER 2: 2
12-03 16:43:56.310 14283 14377 I RobotCore: SHOOTER time: 136962448
12-03 16:43:56.310 14283 14377 I RobotCore: SHOOTER 1: 2
12-03 16:43:56.310 14283 14377 I RobotCore: SHOOTER 2: 2
12-03 16:43:56.321 14283 14377 I RobotCore: SHOOTER time: 147366302
12-03 16:43:56.321 14283 14377 I RobotCore: SHOOTER 1: 3
12-03 16:43:56.321 14283 14377 I RobotCore: SHOOTER 2: 2
12-03 16:43:56.332 14283 14377 I RobotCore: SHOOTER time: 158258021
12-03 16:43:56.332 14283 14377 I RobotCore: SHOOTER 1: 2
12-03 16:43:56.332 14283 14377 I RobotCore: SHOOTER 2: 3
12-03 16:43:56.342 14283 14377 I RobotCore: SHOOTER time: 168679323
12-03 16:43:56.342 14283 14377 I RobotCore: SHOOTER 1: 4
12-03 16:43:56.342 14283 14377 I RobotCore: SHOOTER 2: 3
12-03 16:43:56.353 14283 14377 I RobotCore: SHOOTER time: 179244792
12-03 16:43:56.353 14283 14377 I RobotCore: SHOOTER 1: 2
12-03 16:43:56.353 14283 14377 I RobotCore: SHOOTER 2: 2
12-03 16:43:56.363 14283 14377 I RobotCore: SHOOTER time: 189532396
12-03 16:43:56.363 14283 14377 I RobotCore: SHOOTER 1: 3
12-03 16:43:56.363 14283 14377 I RobotCore: SHOOTER 2: 3
12-03 16:43:56.373 14283 14377 I RobotCore: SHOOTER time: 199823073
12-03 16:43:56.373 14283 14377 I RobotCore: SHOOTER 1: 4
12-03 16:43:56.373 14283 14377 I RobotCore: SHOOTER 2: 3
12-03 16:43:56.384 14283 14377 I RobotCore: SHOOTER time: 210405208
12-03 16:43:56.384 14283 14377 I RobotCore: SHOOTER 1: 3
12-03 16:43:56.384 14283 14377 I RobotCore: SHOOTER 2: 3
12-03 16:43:56.394 14283 14377 I RobotCore: SHOOTER time: 220724427
12-03 16:43:56.394 14283 14377 I RobotCore: SHOOTER 1: 4
12-03 16:43:56.394 14283 14377 I RobotCore: SHOOTER 2: 3
12-03 16:43:56.405 14283 14377 I RobotCore: SHOOTER time: 231384583
12-03 16:43:56.405 14283 14377 I RobotCore: SHOOTER 1: 2
12-03 16:43:56.405 14283 14377 I RobotCore: SHOOTER 2: 3
12-03 16:43:56.415 14283 14377 I RobotCore: SHOOTER time: 241905312
12-03 16:43:56.415 14283 14377 I RobotCore: SHOOTER 1: 5
12-03 16:43:56.415 14283 14377 I RobotCore: SHOOTER 2: 4
12-03 16:43:56.426 14283 14377 I RobotCore: SHOOTER time: 252330417
12-03 16:43:56.426 14283 14377 I RobotCore: SHOOTER 1: 3
12-03 16:43:56.426 14283 14377 I RobotCore: SHOOTER 2: 3
12-03 16:43:56.436 14283 14377 I RobotCore: SHOOTER time: 263068958
12-03 16:43:56.437 14283 14377 I RobotCore: SHOOTER 1: 5
12-03 16:43:56.437 14283 14377 I RobotCore: SHOOTER 2: 5
12-03 16:43:56.447 14283 14377 I RobotCore: SHOOTER time: 273522187
12-03 16:43:56.447 14283 14377 I RobotCore: SHOOTER 1: 3
12-03 16:43:56.447 14283 14377 I RobotCore: SHOOTER 2: 2
12-03 16:43:56.457 14283 14377 I RobotCore: SHOOTER time: 283979739
12-03 16:43:56.457 14283 14377 I RobotCore: SHOOTER 1: 5
12-03 16:43:56.458 14283 14377 I RobotCore: SHOOTER 2: 5
12-03 16:43:56.468 14283 14377 I RobotCore: SHOOTER time: 294414844
12-03 16:43:56.468 14283 14377 I RobotCore: SHOOTER 1: 4
12-03 16:43:56.468 14283 14377 I RobotCore: SHOOTER 2: 4
12-03 16:43:56.478 14283 14377 I RobotCore: SHOOTER time: 304795937
12-03 16:43:56.478 14283 14377 I RobotCore: SHOOTER 1: 4
12-03 16:43:56.478 14283 14377 I RobotCore: SHOOTER 2: 3
12-03 16:43:56.489 14283 14377 I RobotCore: SHOOTER time: 315227187
12-03 16:43:56.489 14283 14377 I RobotCore: SHOOTER 1: 5
12-03 16:43:56.489 14283 14377 I RobotCore: SHOOTER 2: 5
12-03 16:43:56.499 14283 14377 I RobotCore: SHOOTER time: 325639948
12-03 16:43:56.499 14283 14377 I RobotCore: SHOOTER 1: 4
12-03 16:43:56.499 14283 14377 I RobotCore: SHOOTER 2: 3
12-03 16:43:56.509 14283 14377 I RobotCore: SHOOTER time: 336056354
12-03 16:43:56.510 14283 14377 I RobotCore: SHOOTER 1: 4
12-03 16:43:56.510 14283 14377 I RobotCore: SHOOTER 2: 4
12-03 16:43:56.520 14283 14377 I RobotCore: SHOOTER time: 346606666
12-03 16:43:56.520 14283 14377 I RobotCore: SHOOTER 1: 6
12-03 16:43:56.520 14283 14377 I RobotCore: SHOOTER 2: 6
12-03 16:43:56.531 14283 14377 I RobotCore: SHOOTER time: 357301146
12-03 16:43:56.531 14283 14377 I RobotCore: SHOOTER 1: 4
12-03 16:43:56.531 14283 14377 I RobotCore: SHOOTER 2: 4
12-03 16:43:56.541 14283 14377 I RobotCore: SHOOTER time: 367613750
12-03 16:43:56.541 14283 14377 I RobotCore: SHOOTER 1: 6
12-03 16:43:56.541 14283 14377 I RobotCore: SHOOTER 2: 5
12-03 16:43:56.551 14283 14377 I RobotCore: SHOOTER time: 378048281
12-03 16:43:56.551 14283 14377 I RobotCore: SHOOTER 1: 6
12-03 16:43:56.551 14283 14377 I RobotCore: SHOOTER 2: 5
12-03 16:43:56.562 14283 14377 I RobotCore: SHOOTER time: 388364635
12-03 16:43:56.562 14283 14377 I RobotCore: SHOOTER 1: 4
12-03 16:43:56.562 14283 14377 I RobotCore: SHOOTER 2: 4
12-03 16:43:56.572 14283 14377 I RobotCore: SHOOTER time: 398679844
12-03 16:43:56.572 14283 14377 I RobotCore: SHOOTER 1: 6
12-03 16:43:56.572 14283 14377 I RobotCore: SHOOTER 2: 5
12-03 16:43:56.583 14283 14377 I RobotCore: SHOOTER time: 409265260
12-03 16:43:56.583 14283 14377 I RobotCore: SHOOTER 1: 6
12-03 16:43:56.583 14283 14377 I RobotCore: SHOOTER 2: 5
12-03 16:43:56.593 14283 14377 I RobotCore: SHOOTER time: 419659791
12-03 16:43:56.593 14283 14377 I RobotCore: SHOOTER 1: 4
12-03 16:43:56.593 14283 14377 I RobotCore: SHOOTER 2: 4
12-03 16:43:56.604 14283 14377 I RobotCore: SHOOTER time: 430330677
12-03 16:43:56.604 14283 14377 I RobotCore: SHOOTER 1: 4
12-03 16:43:56.604 14283 14377 I RobotCore: SHOOTER 2: 4
12-03 16:43:56.614 14283 14377 I RobotCore: SHOOTER time: 440852604
12-03 16:43:56.614 14283 14377 I RobotCore: SHOOTER 1: 7
12-03 16:43:56.614 14283 14377 I RobotCore: SHOOTER 2: 7
12-03 16:43:56.625 14283 14377 I RobotCore: SHOOTER time: 451509739
12-03 16:43:56.625 14283 14377 I RobotCore: SHOOTER 1: 7
12-03 16:43:56.625 14283 14377 I RobotCore: SHOOTER 2: 6
12-03 16:43:56.636 14283 14377 I RobotCore: SHOOTER time: 462316406
12-03 16:43:56.636 14283 14377 I RobotCore: SHOOTER 1: 4
12-03 16:43:56.636 14283 14377 I RobotCore: SHOOTER 2: 4
12-03 16:43:56.646 14283 14377 I RobotCore: SHOOTER time: 472923125
12-03 16:43:56.646 14283 14377 I RobotCore: SHOOTER 1: 7
12-03 16:43:56.646 14283 14377 I RobotCore: SHOOTER 2: 6
12-03 16:43:56.657 14283 14377 I RobotCore: SHOOTER time: 483528229
12-03 16:43:56.657 14283 14377 I RobotCore: SHOOTER 1: 6
12-03 16:43:56.657 14283 14377 I RobotCore: SHOOTER 2: 6
12-03 16:43:56.668 14283 14377 I RobotCore: SHOOTER time: 494328646
12-03 16:43:56.668 14283 14377 I RobotCore: SHOOTER 1: 5
12-03 16:43:56.668 14283 14377 I RobotCore: SHOOTER 2: 4
12-03 16:43:56.678 14283 14377 I RobotCore: SHOOTER time: 504919791
12-03 16:43:56.678 14283 14377 I RobotCore: SHOOTER 1: 7
12-03 16:43:56.678 14283 14377 I RobotCore: SHOOTER 2: 7
12-03 16:43:56.689 14283 14377 I RobotCore: SHOOTER time: 515531771
12-03 16:43:56.689 14283 14377 I RobotCore: SHOOTER 1: 7
12-03 16:43:56.689 14283 14377 I RobotCore: SHOOTER 2: 6
12-03 16:43:56.700 14283 14377 I RobotCore: SHOOTER time: 526344896
12-03 16:43:56.700 14283 14377 I RobotCore: SHOOTER 1: 5
12-03 16:43:56.700 14283 14377 I RobotCore: SHOOTER 2: 5
12-03 16:43:56.710 14283 14377 I RobotCore: SHOOTER time: 536937396
12-03 16:43:56.710 14283 14377 I RobotCore: SHOOTER 1: 7
12-03 16:43:56.710 14283 14377 I RobotCore: SHOOTER 2: 6
12-03 16:43:56.721 14283 14377 I RobotCore: SHOOTER time: 547338854
12-03 16:43:56.721 14283 14377 I RobotCore: SHOOTER 1: 7
12-03 16:43:56.721 14283 14377 I RobotCore: SHOOTER 2: 7
12-03 16:43:56.732 14283 14377 I RobotCore: SHOOTER time: 558137552
12-03 16:43:56.732 14283 14377 I RobotCore: SHOOTER 1: 5
12-03 16:43:56.732 14283 14377 I RobotCore: SHOOTER 2: 4
12-03 16:43:56.742 14283 14377 I RobotCore: SHOOTER time: 568753229
12-03 16:43:56.742 14283 14377 I RobotCore: SHOOTER 1: 7
12-03 16:43:56.742 14283 14377 I RobotCore: SHOOTER 2: 7
12-03 16:43:56.753 14283 14377 I RobotCore: SHOOTER time: 579390260
12-03 16:43:56.753 14283 14377 I RobotCore: SHOOTER 1: 8
12-03 16:43:56.753 14283 14377 I RobotCore: SHOOTER 2: 7
12-03 16:43:56.764 14283 14377 I RobotCore: SHOOTER time: 590171510
12-03 16:43:56.764 14283 14377 I RobotCore: SHOOTER 1: 5
12-03 16:43:56.764 14283 14377 I RobotCore: SHOOTER 2: 5
12-03 16:43:56.774 14283 14377 I RobotCore: SHOOTER time: 600697291
12-03 16:43:56.774 14283 14377 I RobotCore: SHOOTER 1: 7
12-03 16:43:56.774 14283 14377 I RobotCore: SHOOTER 2: 7
12-03 16:43:56.785 14283 14377 I RobotCore: SHOOTER time: 611225521
12-03 16:43:56.785 14283 14377 I RobotCore: SHOOTER 1: 8
12-03 16:43:56.785 14283 14377 I RobotCore: SHOOTER 2: 7
12-03 16:43:56.795 14283 14377 I RobotCore: SHOOTER time: 621598021
12-03 16:43:56.795 14283 14377 I RobotCore: SHOOTER 1: 5
12-03 16:43:56.795 14283 14377 I RobotCore: SHOOTER 2: 4
12-03 16:43:56.805 14283 14377 I RobotCore: SHOOTER time: 632124687
12-03 16:43:56.806 14283 14377 I RobotCore: SHOOTER 1: 7
12-03 16:43:56.806 14283 14377 I RobotCore: SHOOTER 2: 7
12-03 16:43:56.816 14283 14377 I RobotCore: SHOOTER time: 642612239
12-03 16:43:56.816 14283 14377 I RobotCore: SHOOTER 1: 6
12-03 16:43:56.816 14283 14377 I RobotCore: SHOOTER 2: 5
12-03 16:43:56.827 14283 14377 I RobotCore: SHOOTER time: 653157448
12-03 16:43:56.827 14283 14377 I RobotCore: SHOOTER 1: 8
12-03 16:43:56.827 14283 14377 I RobotCore: SHOOTER 2: 8
12-03 16:43:56.837 14283 14377 I RobotCore: SHOOTER time: 663789323
12-03 16:43:56.837 14283 14377 I RobotCore: SHOOTER 1: 7
12-03 16:43:56.837 14283 14377 I RobotCore: SHOOTER 2: 7
12-03 16:43:56.848 14283 14377 I RobotCore: SHOOTER time: 674429635
12-03 16:43:56.848 14283 14377 I RobotCore: SHOOTER 1: 6
12-03 16:43:56.848 14283 14377 I RobotCore: SHOOTER 2: 5
12-03 16:43:56.859 14283 14377 I RobotCore: SHOOTER time: 685095625
12-03 16:43:56.859 14283 14377 I RobotCore: SHOOTER 1: 8
12-03 16:43:56.859 14283 14377 I RobotCore: SHOOTER 2: 7
12-03 16:43:56.869 14283 14377 I RobotCore: SHOOTER time: 695759948
12-03 16:43:56.869 14283 14377 I RobotCore: SHOOTER 1: 8
12-03 16:43:56.869 14283 14377 I RobotCore: SHOOTER 2: 8
12-03 16:43:56.880 14283 14377 I RobotCore: SHOOTER time: 706445052
12-03 16:43:56.880 14283 14377 I RobotCore: SHOOTER 1: 5
12-03 16:43:56.880 14283 14377 I RobotCore: SHOOTER 2: 4
12-03 16:43:56.890 14283 14377 I RobotCore: SHOOTER time: 717086302
12-03 16:43:56.891 14283 14377 I RobotCore: SHOOTER 1: 9
12-03 16:43:56.891 14283 14377 I RobotCore: SHOOTER 2: 8
12-03 16:43:56.901 14283 14377 I RobotCore: SHOOTER time: 727505885
12-03 16:43:56.901 14283 14377 I RobotCore: SHOOTER 1: 8
12-03 16:43:56.901 14283 14377 I RobotCore: SHOOTER 2: 8
12-03 16:43:56.912 14283 14377 I RobotCore: SHOOTER time: 738335937
12-03 16:43:56.912 14283 14377 I RobotCore: SHOOTER 1: 6
12-03 16:43:56.912 14283 14377 I RobotCore: SHOOTER 2: 5
12-03 16:43:56.923 14283 14377 I RobotCore: SHOOTER time: 749133906
12-03 16:43:56.923 14283 14377 I RobotCore: SHOOTER 1: 8
12-03 16:43:56.923 14283 14377 I RobotCore: SHOOTER 2: 8
12-03 16:43:56.933 14283 14377 I RobotCore: SHOOTER time: 759867916
12-03 16:43:56.933 14283 14377 I RobotCore: SHOOTER 1: 6
12-03 16:43:56.933 14283 14377 I RobotCore: SHOOTER 2: 5
12-03 16:43:56.944 14283 14377 I RobotCore: SHOOTER time: 770590573
12-03 16:43:56.944 14283 14377 I RobotCore: SHOOTER 1: 9
12-03 16:43:56.944 14283 14377 I RobotCore: SHOOTER 2: 9
12-03 16:43:56.955 14283 14377 I RobotCore: SHOOTER time: 781275677
12-03 16:43:56.955 14283 14377 I RobotCore: SHOOTER 1: 10
12-03 16:43:56.955 14283 14377 I RobotCore: SHOOTER 2: 8
12-03 16:43:56.965 14283 14377 I RobotCore: SHOOTER time: 791908750
12-03 16:43:56.965 14283 14377 I RobotCore: SHOOTER 1: 5
12-03 16:43:56.965 14283 14377 I RobotCore: SHOOTER 2: 5
12-03 16:43:56.976 14283 14377 I RobotCore: SHOOTER time: 802611302
12-03 16:43:56.976 14283 14377 I RobotCore: SHOOTER 1: 8
12-03 16:43:56.976 14283 14377 I RobotCore: SHOOTER 2: 8
12-03 16:43:56.987 14283 14377 I RobotCore: SHOOTER time: 813244739
12-03 16:43:56.987 14283 14377 I RobotCore: SHOOTER 1: 9
12-03 16:43:56.987 14283 14377 I RobotCore: SHOOTER 2: 8
12-03 16:43:56.997 14283 14377 I RobotCore: SHOOTER time: 823996406
12-03 16:43:56.997 14283 14377 I RobotCore: SHOOTER 1: 6
12-03 16:43:56.998 14283 14377 I RobotCore: SHOOTER 2: 5
12-03 16:43:57.008 14283 14377 I RobotCore: SHOOTER time: 834518437
12-03 16:43:57.008 14283 14377 I RobotCore: SHOOTER 1: 7
12-03 16:43:57.008 14283 14377 I RobotCore: SHOOTER 2: 7
12-03 16:43:57.019 14283 14377 I RobotCore: SHOOTER time: 845151250
12-03 16:43:57.019 14283 14377 I RobotCore: SHOOTER 1: 9
12-03 16:43:57.019 14283 14377 I RobotCore: SHOOTER 2: 8
12-03 16:43:57.029 14283 14377 I RobotCore: SHOOTER time: 855630156
12-03 16:43:57.029 14283 14377 I RobotCore: SHOOTER 1: 7
12-03 16:43:57.029 14283 14377 I RobotCore: SHOOTER 2: 7
12-03 16:43:57.040 14283 14377 I RobotCore: SHOOTER time: 866304531
12-03 16:43:57.040 14283 14377 I RobotCore: SHOOTER 1: 9
12-03 16:43:57.040 14283 14377 I RobotCore: SHOOTER 2: 8
12-03 16:43:57.050 14283 14377 I RobotCore: SHOOTER time: 876802708
12-03 16:43:57.050 14283 14377 I RobotCore: SHOOTER 1: 9
12-03 16:43:57.050 14283 14377 I RobotCore: SHOOTER 2: 8
12-03 16:43:57.061 14283 14377 I RobotCore: SHOOTER time: 887302968
12-03 16:43:57.061 14283 14377 I RobotCore: SHOOTER 1: 6
12-03 16:43:57.061 14283 14377 I RobotCore: SHOOTER 2: 6
12-03 16:43:57.071 14283 14377 I RobotCore: SHOOTER time: 897841510
12-03 16:43:57.071 14283 14377 I RobotCore: SHOOTER 1: 9
12-03 16:43:57.071 14283 14377 I RobotCore: SHOOTER 2: 8
12-03 16:43:57.082 14283 14377 I RobotCore: SHOOTER time: 908355364
12-03 16:43:57.082 14283 14377 I RobotCore: SHOOTER 1: 6
12-03 16:43:57.082 14283 14377 I RobotCore: SHOOTER 2: 6
12-03 16:43:57.093 14283 14377 I RobotCore: SHOOTER time: 919453437
12-03 16:43:57.093 14283 14377 I RobotCore: SHOOTER 1: 9
12-03 16:43:57.093 14283 14377 I RobotCore: SHOOTER 2: 8
12-03 16:43:57.104 14283 14377 I RobotCore: SHOOTER time: 930180000
12-03 16:43:57.104 14283 14377 I RobotCore: SHOOTER 1: 10
12-03 16:43:57.104 14283 14377 I RobotCore: SHOOTER 2: 9
12-03 16:43:57.114 14283 14377 I RobotCore: SHOOTER time: 940861458
12-03 16:43:57.114 14283 14377 I RobotCore: SHOOTER 1: 6
12-03 16:43:57.114 14283 14377 I RobotCore: SHOOTER 2: 5
12-03 16:43:57.125 14283 14377 I RobotCore: SHOOTER time: 951496041
12-03 16:43:57.125 14283 14377 I RobotCore: SHOOTER 1: 9
12-03 16:43:57.125 14283 14377 I RobotCore: SHOOTER 2: 8
12-03 16:43:57.136 14283 14377 I RobotCore: SHOOTER time: 962348385
12-03 16:43:57.136 14283 14377 I RobotCore: SHOOTER 1: 10
12-03 16:43:57.136 14283 14377 I RobotCore: SHOOTER 2: 9
12-03 16:43:57.146 14283 14377 I RobotCore: SHOOTER time: 972994270
12-03 16:43:57.146 14283 14377 I RobotCore: SHOOTER 1: 9
12-03 16:43:57.146 14283 14377 I RobotCore: SHOOTER 2: 9
12-03 16:43:57.157 14283 14377 I RobotCore: SHOOTER time: 983649062
12-03 16:43:57.157 14283 14377 I RobotCore: SHOOTER 1: 7
12-03 16:43:57.157 14283 14377 I RobotCore: SHOOTER 2: 6
12-03 16:43:57.168 14283 14377 I RobotCore: SHOOTER time: 994331614
12-03 16:43:57.168 14283 14377 I RobotCore: SHOOTER 1: 7
12-03 16:43:57.168 14283 14377 I RobotCore: SHOOTER 2: 7
12-03 16:43:57.178 14283 14377 I RobotCore: SHOOTER time: 1004969895
12-03 16:43:57.178 14283 14377 I RobotCore: SHOOTER 1: 9
12-03 16:43:57.178 14283 14377 I RobotCore: SHOOTER 2: 8
12-03 16:43:57.189 14283 14377 I RobotCore: SHOOTER time: 1015623593
12-03 16:43:57.189 14283 14377 I RobotCore: SHOOTER 1: 9
12-03 16:43:57.189 14283 14377 I RobotCore: SHOOTER 2: 9
12-03 16:43:57.200 14283 14377 I RobotCore: SHOOTER time: 1026267343
12-03 16:43:57.200 14283 14377 I RobotCore: SHOOTER 1: 7
12-03 16:43:57.200 14283 14377 I RobotCore: SHOOTER 2: 6
12-03 16:43:57.210 14283 14377 I RobotCore: SHOOTER time: 1036903177
12-03 16:43:57.210 14283 14377 I RobotCore: SHOOTER 1: 10
12-03 16:43:57.210 14283 14377 I RobotCore: SHOOTER 2: 9
12-03 16:43:57.221 14283 14377 I RobotCore: SHOOTER time: 1047363750
12-03 16:43:57.221 14283 14377 I RobotCore: SHOOTER 1: 9
12-03 16:43:57.221 14283 14377 I RobotCore: SHOOTER 2: 9
12-03 16:43:57.231 14283 14377 I RobotCore: SHOOTER time: 1057993697
12-03 16:43:57.232 14283 14377 I RobotCore: SHOOTER 1: 7
12-03 16:43:57.232 14283 14377 I RobotCore: SHOOTER 2: 5
12-03 16:43:57.242 14283 14377 I RobotCore: SHOOTER time: 1068507968
12-03 16:43:57.242 14283 14377 I RobotCore: SHOOTER 1: 9
12-03 16:43:57.242 14283 14377 I RobotCore: SHOOTER 2: 9
12-03 16:43:57.252 14283 14377 I RobotCore: SHOOTER time: 1078904635
12-03 16:43:57.253 14283 14377 I RobotCore: SHOOTER 1: 10
12-03 16:43:57.253 14283 14377 I RobotCore: SHOOTER 2: 9
12-03 16:43:57.263 14283 14377 I RobotCore: SHOOTER time: 1089860312
12-03 16:43:57.263 14283 14377 I RobotCore: SHOOTER 1: 4
12-03 16:43:57.263 14283 14377 I RobotCore: SHOOTER 2: 4
12-03 16:43:57.274 14283 14377 I RobotCore: SHOOTER time: 1100601562
12-03 16:43:57.274 14283 14377 I RobotCore: SHOOTER 1: 12
12-03 16:43:57.274 14283 14377 I RobotCore: SHOOTER 2: 11
12-03 16:43:57.285 14283 14377 I RobotCore: SHOOTER time: 1111314270
12-03 16:43:57.285 14283 14377 I RobotCore: SHOOTER 1: 10
12-03 16:43:57.285 14283 14377 I RobotCore: SHOOTER 2: 9
12-03 16:43:57.295 14283 14377 I RobotCore: SHOOTER time: 1121796875
12-03 16:43:57.295 14283 14377 I RobotCore: SHOOTER 1: 6
12-03 16:43:57.295 14283 14377 I RobotCore: SHOOTER 2: 5
12-03 16:43:57.306 14283 14377 I RobotCore: SHOOTER time: 1132358125
12-03 16:43:57.306 14283 14377 I RobotCore: SHOOTER 1: 10
12-03 16:43:57.306 14283 14377 I RobotCore: SHOOTER 2: 9
12-03 16:43:57.316 14283 14377 I RobotCore: SHOOTER time: 1142897031
12-03 16:43:57.316 14283 14377 I RobotCore: SHOOTER 1: 10
12-03 16:43:57.316 14283 14377 I RobotCore: SHOOTER 2: 10
12-03 16:43:57.327 14283 14377 I RobotCore: SHOOTER time: 1153569374
12-03 16:43:57.327 14283 14377 I RobotCore: SHOOTER 1: 6
12-03 16:43:57.327 14283 14377 I RobotCore: SHOOTER 2: 6
12-03 16:43:57.337 14283 14377 I RobotCore: SHOOTER time: 1164082083
12-03 16:43:57.338 14283 14377 I RobotCore: SHOOTER 1: 10
12-03 16:43:57.338 14283 14377 I RobotCore: SHOOTER 2: 9
12-03 16:43:57.348 14283 14377 I RobotCore: SHOOTER time: 1174805104
12-03 16:43:57.348 14283 14377 I RobotCore: SHOOTER 1: 7
12-03 16:43:57.348 14283 14377 I RobotCore: SHOOTER 2: 6
12-03 16:43:57.359 14283 14377 I RobotCore: SHOOTER time: 1185495989
12-03 16:43:57.359 14283 14377 I RobotCore: SHOOTER 1: 7
12-03 16:43:57.359 14283 14377 I RobotCore: SHOOTER 2: 6
12-03 16:43:57.370 14283 14377 I RobotCore: SHOOTER time: 1196443802
12-03 16:43:57.370 14283 14377 I RobotCore: SHOOTER 1: 13
12-03 16:43:57.370 14283 14377 I RobotCore: SHOOTER 2: 12
12-03 16:43:57.381 14283 14377 I RobotCore: SHOOTER time: 1207165833
12-03 16:43:57.381 14283 14377 I RobotCore: SHOOTER 1: 10
12-03 16:43:57.381 14283 14377 I RobotCore: SHOOTER 2: 9
12-03 16:43:57.391 14283 14377 I RobotCore: SHOOTER time: 1218089999
12-03 16:43:57.392 14283 14377 I RobotCore: SHOOTER 1: 8
12-03 16:43:57.392 14283 14377 I RobotCore: SHOOTER 2: 8
12-03 16:43:57.402 14283 14377 I RobotCore: SHOOTER time: 1228783906
12-03 16:43:57.402 14283 14377 I RobotCore: SHOOTER 1: 10
12-03 16:43:57.402 14283 14377 I RobotCore: SHOOTER 2: 9
12-03 16:43:57.413 14283 14377 I RobotCore: SHOOTER time: 1239482135
12-03 16:43:57.413 14283 14377 I RobotCore: SHOOTER 1: 8
12-03 16:43:57.413 14283 14377 I RobotCore: SHOOTER 2: 7
12-03 16:43:57.424 14283 14377 I RobotCore: SHOOTER time: 1250256822
12-03 16:43:57.424 14283 14377 I RobotCore: SHOOTER 1: 7
12-03 16:43:57.424 14283 14377 I RobotCore: SHOOTER 2: 7
12-03 16:43:57.434 14283 14377 I RobotCore: SHOOTER time: 1260944114
12-03 16:43:57.434 14283 14377 I RobotCore: SHOOTER 1: 12
12-03 16:43:57.434 14283 14377 I RobotCore: SHOOTER 2: 11
12-03 16:43:57.445 14283 14377 I RobotCore: SHOOTER time: 1271587239
12-03 16:43:57.445 14283 14377 I RobotCore: SHOOTER 1: 7
12-03 16:43:57.445 14283 14377 I RobotCore: SHOOTER 2: 6
12-03 16:43:57.456 14283 14377 I RobotCore: SHOOTER time: 1282313020
12-03 16:43:57.456 14283 14377 I RobotCore: SHOOTER 1: 11
12-03 16:43:57.456 14283 14377 I RobotCore: SHOOTER 2: 10
12-03 16:43:57.466 14283 14377 I RobotCore: SHOOTER time: 1293003697
12-03 16:43:57.466 14283 14377 I RobotCore: SHOOTER 1: 7
12-03 16:43:57.467 14283 14377 I RobotCore: SHOOTER 2: 6
12-03 16:43:57.477 14283 14377 I RobotCore: SHOOTER time: 1303625520
12-03 16:43:57.477 14283 14377 I RobotCore: SHOOTER 1: 10
12-03 16:43:57.477 14283 14377 I RobotCore: SHOOTER 2: 9
12-03 16:43:57.488 14283 14377 I RobotCore: SHOOTER time: 1314235729
12-03 16:43:57.488 14283 14377 I RobotCore: SHOOTER 1: 10
12-03 16:43:57.488 14283 14377 I RobotCore: SHOOTER 2: 9
12-03 16:43:57.498 14283 14377 I RobotCore: SHOOTER time: 1324837552
12-03 16:43:57.498 14283 14377 I RobotCore: SHOOTER 1: 7
12-03 16:43:57.498 14283 14377 I RobotCore: SHOOTER 2: 7
12-03 16:43:57.509 14283 14377 I RobotCore: SHOOTER time: 1335557552
12-03 16:43:57.509 14283 14377 I RobotCore: SHOOTER 1: 7
12-03 16:43:57.509 14283 14377 I RobotCore: SHOOTER 2: 6
12-03 16:43:57.520 14283 14377 I RobotCore: SHOOTER time: 1346234322
12-03 16:43:57.520 14283 14377 I RobotCore: SHOOTER 1: 12
12-03 16:43:57.520 14283 14377 I RobotCore: SHOOTER 2: 11
12-03 16:43:57.530 14283 14377 I RobotCore: SHOOTER time: 1356877239
12-03 16:43:57.530 14283 14377 I RobotCore: SHOOTER 1: 7
12-03 16:43:57.530 14283 14377 I RobotCore: SHOOTER 2: 7
12-03 16:43:57.541 14283 14377 I RobotCore: SHOOTER time: 1367382291
12-03 16:43:57.541 14283 14377 I RobotCore: SHOOTER 1: 10
12-03 16:43:57.541 14283 14377 I RobotCore: SHOOTER 2: 8
12-03 16:43:57.551 14283 14377 I RobotCore: SHOOTER time: 1377926614
12-03 16:43:57.551 14283 14377 I RobotCore: SHOOTER 1: 10
12-03 16:43:57.551 14283 14377 I RobotCore: SHOOTER 2: 10
12-03 16:43:57.562 14283 14377 I RobotCore: SHOOTER time: 1388484010
12-03 16:43:57.562 14283 14377 I RobotCore: SHOOTER 1: 10
12-03 16:43:57.562 14283 14377 I RobotCore: SHOOTER 2: 9
12-03 16:43:57.572 14283 14377 I RobotCore: SHOOTER time: 1399078854
12-03 16:43:57.573 14283 14377 I RobotCore: SHOOTER 1: 7
12-03 16:43:57.573 14283 14377 I RobotCore: SHOOTER 2: 6
12-03 16:43:57.583 14283 14377 I RobotCore: SHOOTER time: 1409624531
12-03 16:43:57.583 14283 14377 I RobotCore: SHOOTER 1: 11
12-03 16:43:57.583 14283 14377 I RobotCore: SHOOTER 2: 10
12-03 16:43:57.594 14283 14377 I RobotCore: SHOOTER time: 1420153749
12-03 16:43:57.594 14283 14377 I RobotCore: SHOOTER 1: 10
12-03 16:43:57.594 14283 14377 I RobotCore: SHOOTER 2: 9
12-03 16:43:57.604 14283 14377 I RobotCore: SHOOTER time: 1431012135
12-03 16:43:57.605 14283 14377 I RobotCore: SHOOTER 1: 7
12-03 16:43:57.605 14283 14377 I RobotCore: SHOOTER 2: 7
12-03 16:43:57.615 14283 14377 I RobotCore: SHOOTER time: 1441476718
12-03 16:43:57.615 14283 14377 I RobotCore: SHOOTER 1: 11
12-03 16:43:57.615 14283 14377 I RobotCore: SHOOTER 2: 9
12-03 16:43:57.625 14283 14377 I RobotCore: SHOOTER time: 1451860416
12-03 16:43:57.625 14283 14377 I RobotCore: SHOOTER 1: 10
12-03 16:43:57.625 14283 14377 I RobotCore: SHOOTER 2: 10
12-03 16:43:57.636 14283 14377 I RobotCore: SHOOTER time: 1462365156
12-03 16:43:57.636 14283 14377 I RobotCore: SHOOTER 1: 8
12-03 16:43:57.636 14283 14377 I RobotCore: SHOOTER 2: 6
12-03 16:43:57.646 14283 14377 I RobotCore: SHOOTER time: 1472876510
12-03 16:43:57.646 14283 14377 I RobotCore: SHOOTER 1: 10
12-03 16:43:57.646 14283 14377 I RobotCore: SHOOTER 2: 9
12-03 16:43:57.657 14283 14377 I RobotCore: SHOOTER time: 1483543333
12-03 16:43:57.657 14283 14377 I RobotCore: SHOOTER 1: 9
12-03 16:43:57.657 14283 14377 I RobotCore: SHOOTER 2: 9
12-03 16:43:57.668 14283 14377 I RobotCore: SHOOTER time: 1494333385
12-03 16:43:57.668 14283 14377 I RobotCore: SHOOTER 1: 8
12-03 16:43:57.668 14283 14377 I RobotCore: SHOOTER 2: 7
12-03 16:43:57.679 14283 14377 I RobotCore: SHOOTER time: 1505343333
12-03 16:43:57.679 14283 14377 I RobotCore: SHOOTER 1: 11
12-03 16:43:57.679 14283 14377 I RobotCore: SHOOTER 2: 10
12-03 16:43:57.689 14283 14377 I RobotCore: SHOOTER time: 1515755260
12-03 16:43:57.689 14283 14377 I RobotCore: SHOOTER 1: 7
12-03 16:43:57.689 14283 14377 I RobotCore: SHOOTER 2: 6
12-03 16:43:57.700 14283 14377 I RobotCore: SHOOTER time: 1526148489
12-03 16:43:57.700 14283 14377 I RobotCore: SHOOTER 1: 11
12-03 16:43:57.700 14283 14377 I RobotCore: SHOOTER 2: 10
12-03 16:43:57.710 14283 14377 I RobotCore: SHOOTER time: 1536851510
12-03 16:43:57.710 14283 14377 I RobotCore: SHOOTER 1: 10
12-03 16:43:57.710 14283 14377 I RobotCore: SHOOTER 2: 10
12-03 16:43:57.721 14283 14377 I RobotCore: SHOOTER time: 1547366406
12-03 16:43:57.721 14283 14377 I RobotCore: SHOOTER 1: 7
12-03 16:43:57.721 14283 14377 I RobotCore: SHOOTER 2: 6
12-03 16:43:57.731 14283 14377 I RobotCore: SHOOTER time: 1557906301
12-03 16:43:57.731 14283 14377 I RobotCore: SHOOTER 1: 11
12-03 16:43:57.731 14283 14377 I RobotCore: SHOOTER 2: 10
12-03 16:43:57.742 14283 14377 I RobotCore: SHOOTER time: 1568377604
12-03 16:43:57.742 14283 14377 I RobotCore: SHOOTER 1: 11
12-03 16:43:57.742 14283 14377 I RobotCore: SHOOTER 2: 9
12-03 16:43:57.752 14283 14377 I RobotCore: SHOOTER time: 1578825468
12-03 16:43:57.752 14283 14377 I RobotCore: SHOOTER 1: 7
12-03 16:43:57.752 14283 14377 I RobotCore: SHOOTER 2: 7
12-03 16:43:57.763 14283 14377 I RobotCore: SHOOTER time: 1589403072
12-03 16:43:57.763 14283 14377 I RobotCore: SHOOTER 1: 11
12-03 16:43:57.763 14283 14377 I RobotCore: SHOOTER 2: 9
12-03 16:43:57.773 14283 14377 I RobotCore: SHOOTER time: 1599916249
12-03 16:43:57.773 14283 14377 I RobotCore: SHOOTER 1: 7
12-03 16:43:57.774 14283 14377 I RobotCore: SHOOTER 2: 7
12-03 16:43:57.784 14283 14377 I RobotCore: SHOOTER time: 1610436093
12-03 16:43:57.784 14283 14377 I RobotCore: SHOOTER 1: 12
12-03 16:43:57.784 14283 14377 I RobotCore: SHOOTER 2: 11
12-03 16:43:57.794 14283 14377 I RobotCore: SHOOTER time: 1620774374
12-03 16:43:57.794 14283 14377 I RobotCore: SHOOTER 1: 8
12-03 16:43:57.794 14283 14377 I RobotCore: SHOOTER 2: 7
12-03 16:43:57.805 14283 14377 I RobotCore: SHOOTER time: 1631264270
12-03 16:43:57.805 14283 14377 I RobotCore: SHOOTER 1: 10
12-03 16:43:57.805 14283 14377 I RobotCore: SHOOTER 2: 9
12-03 16:43:57.815 14283 14377 I RobotCore: SHOOTER time: 1641737656
12-03 16:43:57.815 14283 14377 I RobotCore: SHOOTER 1: 11
12-03 16:43:57.815 14283 14377 I RobotCore: SHOOTER 2: 10
12-03 16:43:57.826 14283 14377 I RobotCore: SHOOTER time: 1652374531
12-03 16:43:57.826 14283 14377 I RobotCore: SHOOTER 1: 7
12-03 16:43:57.826 14283 14377 I RobotCore: SHOOTER 2: 6
12-03 16:43:57.836 14283 14377 I RobotCore: SHOOTER time: 1662797239
12-03 16:43:57.836 14283 14377 I RobotCore: SHOOTER 1: 11
12-03 16:43:57.836 14283 14377 I RobotCore: SHOOTER 2: 10
12-03 16:43:57.847 14283 14377 I RobotCore: SHOOTER time: 1673296562
12-03 16:43:57.847 14283 14377 I RobotCore: SHOOTER 1: 7
12-03 16:43:57.847 14283 14377 I RobotCore: SHOOTER 2: 6
12-03 16:43:57.857 14283 14377 I RobotCore: SHOOTER time: 1683624166
12-03 16:43:57.857 14283 14377 I RobotCore: SHOOTER 1: 11
12-03 16:43:57.857 14283 14377 I RobotCore: SHOOTER 2: 11
12-03 16:43:57.868 14283 14377 I RobotCore: SHOOTER time: 1694166093
12-03 16:43:57.868 14283 14377 I RobotCore: SHOOTER 1: 7
12-03 16:43:57.868 14283 14377 I RobotCore: SHOOTER 2: 10
12-03 16:43:57.878 14283 14377 I RobotCore: SHOOTER time: 1704845416
12-03 16:43:57.878 14283 14377 I RobotCore: SHOOTER 1: 11
12-03 16:43:57.878 14283 14377 I RobotCore: SHOOTER 2: 6
12-03 16:43:57.889 14283 14377 I RobotCore: SHOOTER time: 1715551197
12-03 16:43:57.889 14283 14377 I RobotCore: SHOOTER 1: 11
12-03 16:43:57.889 14283 14377 I RobotCore: SHOOTER 2: 10
12-03 16:43:57.899 14283 14377 I RobotCore: SHOOTER time: 1725959635
12-03 16:43:57.899 14283 14377 I RobotCore: SHOOTER 1: 4
12-03 16:43:57.899 14283 14377 I RobotCore: SHOOTER 2: 3
12-03 16:43:57.910 14283 14377 I RobotCore: SHOOTER time: 1736638228
12-03 16:43:57.910 14283 14377 I RobotCore: SHOOTER 1: 14
12-03 16:43:57.910 14283 14377 I RobotCore: SHOOTER 2: 13
12-03 16:43:57.921 14283 14377 I RobotCore: SHOOTER time: 1747321249
12-03 16:43:57.921 14283 14377 I RobotCore: SHOOTER 1: 11
12-03 16:43:57.921 14283 14377 I RobotCore: SHOOTER 2: 10
12-03 16:43:57.931 14283 14377 I RobotCore: SHOOTER time: 1758036770
12-03 16:43:57.932 14283 14377 I RobotCore: SHOOTER 1: 11
12-03 16:43:57.932 14283 14377 I RobotCore: SHOOTER 2: 9
12-03 16:43:57.942 14283 14377 I RobotCore: SHOOTER time: 1768458281
12-03 16:43:57.942 14283 14377 I RobotCore: SHOOTER 1: 7
12-03 16:43:57.942 14283 14377 I RobotCore: SHOOTER 2: 7
12-03 16:43:57.953 14283 14377 I RobotCore: SHOOTER time: 1779333385
12-03 16:43:57.953 14283 14377 I RobotCore: SHOOTER 1: 11
12-03 16:43:57.953 14283 14377 I RobotCore: SHOOTER 2: 10
12-03 16:43:57.963 14283 14377 I RobotCore: SHOOTER time: 1790012291
12-03 16:43:57.963 14283 14377 I RobotCore: SHOOTER 1: 11
12-03 16:43:57.964 14283 14377 I RobotCore: SHOOTER 2: 10
12-03 16:43:57.974 14283 14377 I RobotCore: SHOOTER time: 1800498385
12-03 16:43:57.974 14283 14377 I RobotCore: SHOOTER 1: 7
12-03 16:43:57.974 14283 14377 I RobotCore: SHOOTER 2: 6
12-03 16:43:57.985 14283 14377 I RobotCore: SHOOTER time: 1811265208
12-03 16:43:57.985 14283 14377 I RobotCore: SHOOTER 1: 11
12-03 16:43:57.985 14283 14377 I RobotCore: SHOOTER 2: 10
12-03 16:43:57.995 14283 14377 I RobotCore: SHOOTER time: 1821733333
12-03 16:43:57.995 14283 14377 I RobotCore: SHOOTER 1: 7
12-03 16:43:57.995 14283 14377 I RobotCore: SHOOTER 2: 6
12-03 16:43:58.006 14283 14377 I RobotCore: SHOOTER time: 1832136926
12-03 16:43:58.006 14283 14377 I RobotCore: SHOOTER 1: 11
12-03 16:43:58.006 14283 14377 I RobotCore: SHOOTER 2: 10
12-03 16:43:58.016 14283 14377 I RobotCore: SHOOTER time: 1842547812
12-03 16:43:58.016 14283 14377 I RobotCore: SHOOTER 1: 9
12-03 16:43:58.016 14283 14377 I RobotCore: SHOOTER 2: 8
12-03 16:43:58.029 14283 14377 I RobotCore: SHOOTER time: 1855326978
12-03 16:43:58.029 14283 14377 I RobotCore: SHOOTER 1: 8
12-03 16:43:58.029 14283 14377 I RobotCore: SHOOTER 2: 7
12-03 16:43:58.039 14283 14377 I RobotCore: SHOOTER time: 1865942812
12-03 16:43:58.039 14283 14377 I RobotCore: SHOOTER 1: 16
12-03 16:43:58.039 14283 14377 I RobotCore: SHOOTER 2: 15
12-03 16:43:58.050 14283 14377 I RobotCore: SHOOTER time: 1876602187
12-03 16:43:58.050 14283 14377 I RobotCore: SHOOTER 1: 8
12-03 16:43:58.050 14283 14377 I RobotCore: SHOOTER 2: 6
12-03 16:43:58.060 14283 14377 I RobotCore: SHOOTER time: 1887097395
12-03 16:43:58.061 14283 14377 I RobotCore: SHOOTER 1: 11
12-03 16:43:58.061 14283 14377 I RobotCore: SHOOTER 2: 10
12-03 16:43:58.071 14283 14377 I RobotCore: SHOOTER time: 1897595676
12-03 16:43:58.071 14283 14377 I RobotCore: SHOOTER 1: 7
12-03 16:43:58.071 14283 14377 I RobotCore: SHOOTER 2: 7
12-03 16:43:58.082 14283 14377 I RobotCore: SHOOTER time: 1908284895
12-03 16:43:58.082 14283 14377 I RobotCore: SHOOTER 1: 13
12-03 16:43:58.082 14283 14377 I RobotCore: SHOOTER 2: 11
12-03 16:43:58.092 14283 14377 I RobotCore: SHOOTER time: 1918766301
12-03 16:43:58.092 14283 14377 I RobotCore: SHOOTER 1: 7
12-03 16:43:58.092 14283 14377 I RobotCore: SHOOTER 2: 7
12-03 16:43:58.103 14283 14377 I RobotCore: SHOOTER time: 1929483228
12-03 16:43:58.103 14283 14377 I RobotCore: SHOOTER 1: 11
12-03 16:43:58.103 14283 14377 I RobotCore: SHOOTER 2: 10
12-03 16:43:58.114 14283 14377 I RobotCore: SHOOTER time: 1940176197
12-03 16:43:58.114 14283 14377 I RobotCore: SHOOTER 1: 12
12-03 16:43:58.114 14283 14377 I RobotCore: SHOOTER 2: 10
12-03 16:43:58.124 14283 14377 I RobotCore: SHOOTER time: 1950812135
12-03 16:43:58.124 14283 14377 I RobotCore: SHOOTER 1: 7
12-03 16:43:58.124 14283 14377 I RobotCore: SHOOTER 2: 7
12-03 16:43:58.135 14283 14377 I RobotCore: SHOOTER time: 1961503853
12-03 16:43:58.135 14283 14377 I RobotCore: SHOOTER 1: 11
12-03 16:43:58.135 14283 14377 I RobotCore: SHOOTER 2: 10
12-03 16:43:58.146 14283 14377 I RobotCore: SHOOTER time: 1972166093
12-03 16:43:58.146 14283 14377 I RobotCore: SHOOTER 1: 8
12-03 16:43:58.146 14283 14377 I RobotCore: SHOOTER 2: 7
12-03 16:43:58.156 14283 14377 I RobotCore: SHOOTER time: 1982956145
12-03 16:43:58.156 14283 14377 I RobotCore: SHOOTER 1: 13
12-03 16:43:58.157 14283 14377 I RobotCore: SHOOTER 2: 11
12-03 16:43:58.167 14283 14377 I RobotCore: SHOOTER time: 1993634791
12-03 16:43:58.167 14283 14377 I RobotCore: SHOOTER 1: 7
12-03 16:43:58.167 14283 14377 I RobotCore: SHOOTER 2: 6
12-03 16:43:58.178 14283 14377 I RobotCore: SHOOTER time: 2004249843
12-03 16:43:58.178 14283 14377 I RobotCore: SHOOTER 1: 11
12-03 16:43:58.178 14283 14377 I RobotCore: SHOOTER 2: 11
12-03 16:43:58.188 14283 14377 I RobotCore: SHOOTER time: 2014912447
12-03 16:43:58.188 14283 14377 I RobotCore: SHOOTER 1: 11
12-03 16:43:58.189 14283 14377 I RobotCore: SHOOTER 2: 9
12-03 16:43:58.199 14283 14377 I RobotCore: SHOOTER time: 2025615312
12-03 16:43:58.199 14283 14377 I RobotCore: SHOOTER 1: 10
12-03 16:43:58.199 14283 14377 I RobotCore: SHOOTER 2: 9
12-03 16:43:58.210 14283 14377 I RobotCore: SHOOTER time: 2036196457
12-03 16:43:58.210 14283 14377 I RobotCore: SHOOTER 1: 8
