12-03 22:53:26.571 26437 26544 I RobotCore: SHOOTER 1: 7
12-03 22:53:26.571 26437 26544 I RobotCore: SHOOTER 2: 7
12-03 22:53:26.581 26437 26544 I RobotCore: SHOOTER time: 5694674477
12-03 22:53:26.581 26437 26544 I RobotCore: SHOOTER 1: 12
12-03 22:53:26.581 26437 26544 I RobotCore: SHOOTER 2: 11
12-03 22:53:26.592 26437 26544 I RobotCore: SHOOTER time: 5705336196
12-03 22:53:26.592 26437 26544 I RobotCore: SHOOTER 1: 12
12-03 22:53:26.592 26437 26544 I RobotCore: SHOOTER 2: 11
12-03 22:53:26.603 26437 26544 I RobotCore: SHOOTER time: 5716078904
12-03 22:53:26.603 26437 26544 I RobotCore: SHOOTER 1: 8
12-03 22:53:26.603 26437 26544 I RobotCore: SHOOTER 2: 7
12-03 22:53:26.613 26437 26544 I RobotCore: SHOOTER time: 5726816456
12-03 22:53:26.614 26437 26544 I RobotCore: SHOOTER 1: 12
12-03 22:53:26.614 26437 26544 I RobotCore: SHOOTER 2: 11
12-03 22:53:26.624 26437 26544 I RobotCore: SHOOTER time: 5737408696
12-03 22:53:26.624 26437 26544 I RobotCore: SHOOTER 1: 8
12-03 22:53:26.624 26437 26544 I RobotCore: SHOOTER 2: 7
12-03 22:53:26.635 26437 26544 I RobotCore: SHOOTER time: 5747937706
12-03 22:53:26.635 26437 26544 I RobotCore: SHOOTER 1: 14
12-03 22:53:26.635 26437 26544 I RobotCore: SHOOTER 2: 13
12-03 22:53:26.645 26437 26544 I RobotCore: SHOOTER time: 5758447863
12-03 22:53:26.645 26437 26544 I RobotCore: SHOOTER 1: 7
12-03 22:53:26.645 26437 26544 I RobotCore: SHOOTER 2: 7
12-03 22:53:26.656 26437 26544 I RobotCore: SHOOTER time: 5768998331
12-03 22:53:26.656 26437 26544 I RobotCore: SHOOTER 1: 12
12-03 22:53:26.656 26437 26544 I RobotCore: SHOOTER 2: 11
12-03 22:53:26.666 26437 26544 I RobotCore: SHOOTER time: 5779482081
12-03 22:53:26.666 26437 26544 I RobotCore: SHOOTER 1: 12
12-03 22:53:26.666 26437 26544 I RobotCore: SHOOTER 2: 11
12-03 22:53:26.677 26437 26544 I RobotCore: SHOOTER time: 5790090415
12-03 22:53:26.677 26437 26544 I RobotCore: SHOOTER 1: 8
12-03 22:53:26.677 26437 26544 I RobotCore: SHOOTER 2: 7
12-03 22:53:26.687 26437 26544 I RobotCore: SHOOTER time: 5800634425
12-03 22:53:26.687 26437 26544 I RobotCore: SHOOTER 1: 12
12-03 22:53:26.687 26437 26544 I RobotCore: SHOOTER 2: 11
12-03 22:53:26.698 26437 26544 I RobotCore: SHOOTER time: 5811168800
12-03 22:53:26.698 26437 26544 I RobotCore: SHOOTER 1: 13
12-03 22:53:26.698 26437 26544 I RobotCore: SHOOTER 2: 11
12-03 22:53:26.708 26437 26544 I RobotCore: SHOOTER time: 5821724738
12-03 22:53:26.708 26437 26544 I RobotCore: SHOOTER 1: 8
12-03 22:53:26.709 26437 26544 I RobotCore: SHOOTER 2: 8
12-03 22:53:26.719 26437 26544 I RobotCore: SHOOTER time: 5832454373
12-03 22:53:26.719 26437 26544 I RobotCore: SHOOTER 1: 11
12-03 22:53:26.719 26437 26544 I RobotCore: SHOOTER 2: 10
12-03 22:53:26.730 26437 26544 I RobotCore: SHOOTER time: 5843095675
12-03 22:53:26.730 26437 26544 I RobotCore: SHOOTER 1: 9
12-03 22:53:26.730 26437 26544 I RobotCore: SHOOTER 2: 7
12-03 22:53:26.740 26437 26544 I RobotCore: SHOOTER time: 5853680935
12-03 22:53:26.740 26437 26544 I RobotCore: SHOOTER 1: 11
12-03 22:53:26.741 26437 26544 I RobotCore: SHOOTER 2: 11
12-03 22:53:26.751 26437 26544 I RobotCore: SHOOTER time: 5864371613
12-03 22:53:26.751 26437 26544 I RobotCore: SHOOTER 1: 12
12-03 22:53:26.751 26437 26544 I RobotCore: SHOOTER 2: 11
12-03 22:53:26.762 26437 26544 I RobotCore: SHOOTER time: 5875042758
12-03 22:53:26.762 26437 26544 I RobotCore: SHOOTER 1: 8
12-03 22:53:26.762 26437 26544 I RobotCore: SHOOTER 2: 8
12-03 22:53:26.772 26437 26544 I RobotCore: SHOOTER time: 5885777915
12-03 22:53:26.773 26437 26544 I RobotCore: SHOOTER 1: 14
12-03 22:53:26.773 26437 26544 I RobotCore: SHOOTER 2: 12
12-03 22:53:26.783 26437 26544 I RobotCore: SHOOTER time: 5896487342
12-03 22:53:26.783 26437 26544 I RobotCore: SHOOTER 1: 9
12-03 22:53:26.783 26437 26544 I RobotCore: SHOOTER 2: 8
12-03 22:53:26.794 26437 26544 I RobotCore: SHOOTER time: 5907127550
12-03 22:53:26.794 26437 26544 I RobotCore: SHOOTER 1: 11
12-03 22:53:26.794 26437 26544 I RobotCore: SHOOTER 2: 10
12-03 22:53:26.804 26437 26544 I RobotCore: SHOOTER time: 5917747446
12-03 22:53:26.805 26437 26544 I RobotCore: SHOOTER 1: 13
12-03 22:53:26.805 26437 26544 I RobotCore: SHOOTER 2: 12
12-03 22:53:26.815 26437 26544 I RobotCore: SHOOTER time: 5928392029
12-03 22:53:26.815 26437 26544 I RobotCore: SHOOTER 1: 7
12-03 22:53:26.815 26437 26544 I RobotCore: SHOOTER 2: 7
12-03 22:53:26.826 26437 26544 I RobotCore: SHOOTER time: 5938985258
12-03 22:53:26.826 26437 26544 I RobotCore: SHOOTER 1: 12
12-03 22:53:26.826 26437 26544 I RobotCore: SHOOTER 2: 11
12-03 22:53:26.836 26437 26544 I RobotCore: SHOOTER time: 5949518904
12-03 22:53:26.836 26437 26544 I RobotCore: SHOOTER 1: 13
12-03 22:53:26.836 26437 26544 I RobotCore: SHOOTER 2: 11
12-03 22:53:26.847 26437 26544 I RobotCore: SHOOTER time: 5960282446
12-03 22:53:26.847 26437 26544 I RobotCore: SHOOTER 1: 8
12-03 22:53:26.847 26437 26544 I RobotCore: SHOOTER 2: 7
12-03 22:53:26.858 26437 26544 I RobotCore: SHOOTER time: 5971053644
12-03 22:53:26.858 26437 26544 I RobotCore: SHOOTER 1: 8
12-03 22:53:26.858 26437 26544 I RobotCore: SHOOTER 2: 8
12-03 22:53:26.868 26437 26544 I RobotCore: SHOOTER time: 5981760883
12-03 22:53:26.869 26437 26544 I RobotCore: SHOOTER 1: 15
12-03 22:53:26.869 26437 26544 I RobotCore: SHOOTER 2: 14
12-03 22:53:26.879 26437 26544 I RobotCore: SHOOTER time: 5992333488
12-03 22:53:26.879 26437 26544 I RobotCore: SHOOTER 1: 6
12-03 22:53:26.879 26437 26544 I RobotCore: SHOOTER 2: 5
12-03 22:53:26.889 26437 26544 I RobotCore: SHOOTER time: 6002749894
12-03 22:53:26.889 26437 26544 I RobotCore: SHOOTER 1: 15
12-03 22:53:26.890 26437 26544 I RobotCore: SHOOTER 2: 13
12-03 22:53:26.900 26437 26544 I RobotCore: SHOOTER time: 6013099477
12-03 22:53:26.900 26437 26544 I RobotCore: SHOOTER 1: 12
12-03 22:53:26.900 26437 26544 I RobotCore: SHOOTER 2: 11
12-03 22:53:26.910 26437 26544 I RobotCore: SHOOTER time: 6023620675
12-03 22:53:26.910 26437 26544 I RobotCore: SHOOTER 1: 8
12-03 22:53:26.910 26437 26544 I RobotCore: SHOOTER 2: 8
12-03 22:53:26.921 26437 26544 I RobotCore: SHOOTER time: 6034031352
12-03 22:53:26.921 26437 26544 I RobotCore: SHOOTER 1: 12
12-03 22:53:26.921 26437 26544 I RobotCore: SHOOTER 2: 11
12-03 22:53:26.931 26437 26544 I RobotCore: SHOOTER time: 6044382706
12-03 22:53:26.931 26437 26544 I RobotCore: SHOOTER 1: 8
12-03 22:53:26.931 26437 26544 I RobotCore: SHOOTER 2: 7
12-03 22:53:26.941 26437 26544 I RobotCore: SHOOTER time: 6054747290
12-03 22:53:26.941 26437 26544 I RobotCore: SHOOTER 1: 12
12-03 22:53:26.942 26437 26544 I RobotCore: SHOOTER 2: 11
12-03 22:53:26.952 26437 26544 I RobotCore: SHOOTER time: 6065179321
12-03 22:53:26.952 26437 26544 I RobotCore: SHOOTER 1: 8
12-03 22:53:26.952 26437 26544 I RobotCore: SHOOTER 2: 7
12-03 22:53:26.963 26437 26544 I RobotCore: SHOOTER time: 6075915102
12-03 22:53:26.963 26437 26544 I RobotCore: SHOOTER 1: 13
12-03 22:53:26.963 26437 26544 I RobotCore: SHOOTER 2: 12
12-03 22:53:26.973 26437 26544 I RobotCore: SHOOTER time: 6086692758
12-03 22:53:26.974 26437 26544 I RobotCore: SHOOTER 1: 12
12-03 22:53:26.974 26437 26544 I RobotCore: SHOOTER 2: 11
12-03 22:53:26.984 26437 26544 I RobotCore: SHOOTER time: 6097379425
12-03 22:53:26.984 26437 26544 I RobotCore: SHOOTER 1: 12
12-03 22:53:26.984 26437 26544 I RobotCore: SHOOTER 2: 11
12-03 22:53:26.995 26437 26544 I RobotCore: SHOOTER time: 6108222029
12-03 22:53:26.995 26437 26544 I RobotCore: SHOOTER 1: 8
12-03 22:53:26.995 26437 26544 I RobotCore: SHOOTER 2: 7
12-03 22:53:27.006 26437 26544 I RobotCore: SHOOTER time: 6118854529
12-03 22:53:27.006 26437 26544 I RobotCore: SHOOTER 1: 12
12-03 22:53:27.006 26437 26544 I RobotCore: SHOOTER 2: 11
12-03 22:53:27.016 26437 26544 I RobotCore: SHOOTER time: 6129549321
12-03 22:53:27.016 26437 26544 I RobotCore: SHOOTER 1: 12
12-03 22:53:27.016 26437 26544 I RobotCore: SHOOTER 2: 11
12-03 22:53:27.027 26437 26544 I RobotCore: SHOOTER time: 6140353331
12-03 22:53:27.027 26437 26544 I RobotCore: SHOOTER 1: 8
12-03 22:53:27.027 26437 26544 I RobotCore: SHOOTER 2: 8
12-03 22:53:27.038 26437 26544 I RobotCore: SHOOTER time: 6151082185
12-03 22:53:27.038 26437 26544 I RobotCore: SHOOTER 1: 13
12-03 22:53:27.038 26437 26544 I RobotCore: SHOOTER 2: 11
12-03 22:53:27.048 26437 26544 I RobotCore: SHOOTER time: 6161796092
12-03 22:53:27.049 26437 26544 I RobotCore: SHOOTER 1: 11
12-03 22:53:27.049 26437 26544 I RobotCore: SHOOTER 2: 11
12-03 22:53:27.059 26437 26544 I RobotCore: SHOOTER time: 6172569217
12-03 22:53:27.059 26437 26544 I RobotCore: SHOOTER 1: 9
12-03 22:53:27.059 26437 26544 I RobotCore: SHOOTER 2: 7
12-03 22:53:27.070 26437 26544 I RobotCore: SHOOTER time: 6183184321
12-03 22:53:27.070 26437 26544 I RobotCore: SHOOTER 1: 12
12-03 22:53:27.070 26437 26544 I RobotCore: SHOOTER 2: 11
12-03 22:53:27.081 26437 26544 I RobotCore: SHOOTER time: 6193851925
12-03 22:53:27.081 26437 26544 I RobotCore: SHOOTER 1: 12
12-03 22:53:27.081 26437 26544 I RobotCore: SHOOTER 2: 11
12-03 22:53:27.091 26437 26544 I RobotCore: SHOOTER time: 6204581925
12-03 22:53:27.091 26437 26544 I RobotCore: SHOOTER 1: 8
12-03 22:53:27.091 26437 26544 I RobotCore: SHOOTER 2: 8
12-03 22:53:27.102 26437 26544 I RobotCore: SHOOTER time: 6215200623
12-03 22:53:27.102 26437 26544 I RobotCore: SHOOTER 1: 12
12-03 22:53:27.102 26437 26544 I RobotCore: SHOOTER 2: 11
12-03 22:53:27.112 26437 26544 I RobotCore: SHOOTER time: 6225716873
12-03 22:53:27.113 26437 26544 I RobotCore: SHOOTER 1: 13
12-03 22:53:27.113 26437 26544 I RobotCore: SHOOTER 2: 11
12-03 22:53:27.123 26437 26544 I RobotCore: SHOOTER time: 6236508748
12-03 22:53:27.123 26437 26544 I RobotCore: SHOOTER 1: 8
12-03 22:53:27.123 26437 26544 I RobotCore: SHOOTER 2: 8
12-03 22:53:27.134 26437 26544 I RobotCore: SHOOTER time: 6246911092
12-03 22:53:27.134 26437 26544 I RobotCore: SHOOTER 1: 10
12-03 22:53:27.134 26437 26544 I RobotCore: SHOOTER 2: 9
12-03 22:53:27.144 26437 26544 I RobotCore: SHOOTER time: 6257285779
12-03 22:53:27.144 26437 26544 I RobotCore: SHOOTER 1: 12
12-03 22:53:27.144 26437 26544 I RobotCore: SHOOTER 2: 11
12-03 22:53:27.155 26437 26544 I RobotCore: SHOOTER time: 6268002758
12-03 22:53:27.155 26437 26544 I RobotCore: SHOOTER 1: 12
12-03 22:53:27.155 26437 26544 I RobotCore: SHOOTER 2: 11
12-03 22:53:27.165 26437 26544 I RobotCore: SHOOTER time: 6278351873
12-03 22:53:27.165 26437 26544 I RobotCore: SHOOTER 1: 8
12-03 22:53:27.165 26437 26544 I RobotCore: SHOOTER 2: 7
12-03 22:53:27.175 26437 26544 I RobotCore: SHOOTER time: 6288663956
12-03 22:53:27.175 26437 26544 I RobotCore: SHOOTER 1: 12
12-03 22:53:27.175 26437 26544 I RobotCore: SHOOTER 2: 11
12-03 22:53:27.186 26437 26544 I RobotCore: SHOOTER time: 6298988123
12-03 22:53:27.186 26437 26544 I RobotCore: SHOOTER 1: 8
12-03 22:53:27.186 26437 26544 I RobotCore: SHOOTER 2: 8
12-03 22:53:27.196 26437 26544 I RobotCore: SHOOTER time: 6309335779
12-03 22:53:27.196 26437 26544 I RobotCore: SHOOTER 1: 13
12-03 22:53:27.196 26437 26544 I RobotCore: SHOOTER 2: 11
12-03 22:53:27.207 26437 26544 I RobotCore: SHOOTER time: 6320014269
12-03 22:53:27.207 26437 26544 I RobotCore: SHOOTER 1: 8
12-03 22:53:27.207 26437 26544 I RobotCore: SHOOTER 2: 8
12-03 22:53:27.217 26437 26544 I RobotCore: SHOOTER time: 6330439373
12-03 22:53:27.217 26437 26544 I RobotCore: SHOOTER 1: 14
12-03 22:53:27.217 26437 26544 I RobotCore: SHOOTER 2: 13
12-03 22:53:27.228 26437 26544 I RobotCore: SHOOTER time: 6340957394
12-03 22:53:27.228 26437 26544 I RobotCore: SHOOTER 1: 8
12-03 22:53:27.228 26437 26544 I RobotCore: SHOOTER 2: 7
12-03 22:53:27.238 26437 26544 I RobotCore: SHOOTER time: 6351579269
12-03 22:53:27.238 26437 26544 I RobotCore: SHOOTER 1: 13
12-03 22:53:27.238 26437 26544 I RobotCore: SHOOTER 2: 11
12-03 22:53:27.249 26437 26544 I RobotCore: SHOOTER time: 6362469946
12-03 22:53:27.249 26437 26544 I RobotCore: SHOOTER 1: 12
12-03 22:53:27.249 26437 26544 I RobotCore: SHOOTER 2: 12
12-03 22:53:27.260 26437 26544 I RobotCore: SHOOTER time: 6373104217
12-03 22:53:27.260 26437 26544 I RobotCore: SHOOTER 1: 8
12-03 22:53:27.260 26437 26544 I RobotCore: SHOOTER 2: 7
12-03 22:53:27.271 26437 26544 I RobotCore: SHOOTER time: 6383923748
12-03 22:53:27.271 26437 26544 I RobotCore: SHOOTER 1: 13
12-03 22:53:27.271 26437 26544 I RobotCore: SHOOTER 2: 11
12-03 22:53:27.281 26437 26544 I RobotCore: SHOOTER time: 6394650310
12-03 22:53:27.281 26437 26544 I RobotCore: SHOOTER 1: 12
12-03 22:53:27.281 26437 26544 I RobotCore: SHOOTER 2: 11
12-03 22:53:27.292 26437 26544 I RobotCore: SHOOTER time: 6405311196
12-03 22:53:27.292 26437 26544 I RobotCore: SHOOTER 1: 12
12-03 22:53:27.292 26437 26544 I RobotCore: SHOOTER 2: 11
12-03 22:53:27.303 26437 26544 I RobotCore: SHOOTER time: 6415891560
12-03 22:53:27.303 26437 26544 I RobotCore: SHOOTER 1: 8
12-03 22:53:27.303 26437 26544 I RobotCore: SHOOTER 2: 8
12-03 22:53:27.313 26437 26544 I RobotCore: SHOOTER time: 6426692342
12-03 22:53:27.313 26437 26544 I RobotCore: SHOOTER 1: 12
12-03 22:53:27.314 26437 26544 I RobotCore: SHOOTER 2: 11
12-03 22:53:27.324 26437 26544 I RobotCore: SHOOTER time: 6437249373
12-03 22:53:27.324 26437 26544 I RobotCore: SHOOTER 1: 13
12-03 22:53:27.324 26437 26544 I RobotCore: SHOOTER 2: 11
12-03 22:53:27.335 26437 26544 I RobotCore: SHOOTER time: 6447874685
12-03 22:53:27.335 26437 26544 I RobotCore: SHOOTER 1: 8
12-03 22:53:27.335 26437 26544 I RobotCore: SHOOTER 2: 8
12-03 22:53:27.345 26437 26544 I RobotCore: SHOOTER time: 6458624008
12-03 22:53:27.345 26437 26544 I RobotCore: SHOOTER 1: 12
12-03 22:53:27.345 26437 26544 I RobotCore: SHOOTER 2: 11
12-03 22:53:27.356 26437 26544 I RobotCore: SHOOTER time: 6469073539
12-03 22:53:27.356 26437 26544 I RobotCore: SHOOTER 1: 8
12-03 22:53:27.356 26437 26544 I RobotCore: SHOOTER 2: 7
12-03 22:53:27.366 26437 26544 I RobotCore: SHOOTER time: 6479488331
12-03 22:53:27.366 26437 26544 I RobotCore: SHOOTER 1: 9
12-03 22:53:27.366 26437 26544 I RobotCore: SHOOTER 2: 8
12-03 22:53:27.377 26437 26544 I RobotCore: SHOOTER time: 6490542342
12-03 22:53:27.377 26437 26544 I RobotCore: SHOOTER 1: 10
12-03 22:53:27.377 26437 26544 I RobotCore: SHOOTER 2: 10
12-03 22:53:27.388 26437 26544 I RobotCore: SHOOTER time: 6501097185
12-03 22:53:27.388 26437 26544 I RobotCore: SHOOTER 1: 18
12-03 22:53:27.388 26437 26544 I RobotCore: SHOOTER 2: 16
12-03 22:53:27.398 26437 26544 I RobotCore: SHOOTER time: 6511471144
12-03 22:53:27.398 26437 26544 I RobotCore: SHOOTER 1: 8
12-03 22:53:27.398 26437 26544 I RobotCore: SHOOTER 2: 7
12-03 22:53:27.409 26437 26544 I RobotCore: SHOOTER time: 6522089685
12-03 22:53:27.409 26437 26544 I RobotCore: SHOOTER 1: 9
12-03 22:53:27.409 26437 26544 I RobotCore: SHOOTER 2: 8
12-03 22:53:27.419 26437 26544 I RobotCore: SHOOTER time: 6532697758
12-03 22:53:27.419 26437 26544 I RobotCore: SHOOTER 1: 14
12-03 22:53:27.419 26437 26544 I RobotCore: SHOOTER 2: 13
12-03 22:53:27.430 26437 26544 I RobotCore: SHOOTER time: 6543207862
12-03 22:53:27.430 26437 26544 I RobotCore: SHOOTER 1: 8
12-03 22:53:27.430 26437 26544 I RobotCore: SHOOTER 2: 7
12-03 22:53:27.440 26437 26544 I RobotCore: SHOOTER time: 6553774998
12-03 22:53:27.440 26437 26544 I RobotCore: SHOOTER 1: 12
12-03 22:53:27.441 26437 26544 I RobotCore: SHOOTER 2: 11
12-03 22:53:27.451 26437 26544 I RobotCore: SHOOTER time: 6564355831
12-03 22:53:27.451 26437 26544 I RobotCore: SHOOTER 1: 13
12-03 22:53:27.451 26437 26544 I RobotCore: SHOOTER 2: 12
12-03 22:53:27.462 26437 26544 I RobotCore: SHOOTER time: 6575069060
12-03 22:53:27.462 26437 26544 I RobotCore: SHOOTER 1: 8
12-03 22:53:27.462 26437 26544 I RobotCore: SHOOTER 2: 7
12-03 22:53:27.472 26437 26544 I RobotCore: SHOOTER time: 6585509269
12-03 22:53:27.472 26437 26544 I RobotCore: SHOOTER 1: 13
12-03 22:53:27.472 26437 26544 I RobotCore: SHOOTER 2: 12
12-03 22:53:27.483 26437 26544 I RobotCore: SHOOTER time: 6595941352
12-03 22:53:27.483 26437 26544 I RobotCore: SHOOTER 1: 5
12-03 22:53:27.483 26437 26544 I RobotCore: SHOOTER 2: 5
12-03 22:53:27.493 26437 26544 I RobotCore: SHOOTER time: 6606577289
12-03 22:53:27.493 26437 26544 I RobotCore: SHOOTER 1: 15
12-03 22:53:27.493 26437 26544 I RobotCore: SHOOTER 2: 14
12-03 22:53:27.504 26437 26544 I RobotCore: SHOOTER time: 6616998435
12-03 22:53:27.504 26437 26544 I RobotCore: SHOOTER 1: 9
12-03 22:53:27.504 26437 26544 I RobotCore: SHOOTER 2: 8
12-03 22:53:27.514 26437 26544 I RobotCore: SHOOTER time: 6627428331
12-03 22:53:27.514 26437 26544 I RobotCore: SHOOTER 1: 13
12-03 22:53:27.514 26437 26544 I RobotCore: SHOOTER 2: 12
12-03 22:53:27.525 26437 26544 I RobotCore: SHOOTER time: 6638061560
12-03 22:53:27.525 26437 26544 I RobotCore: SHOOTER 1: 9
12-03 22:53:27.525 26437 26544 I RobotCore: SHOOTER 2: 8
12-03 22:53:27.535 26437 26544 I RobotCore: SHOOTER time: 6648373487
12-03 22:53:27.535 26437 26544 I RobotCore: SHOOTER 1: 12
12-03 22:53:27.535 26437 26544 I RobotCore: SHOOTER 2: 11
12-03 22:53:27.545 26437 26544 I RobotCore: SHOOTER time: 6658772810
12-03 22:53:27.545 26437 26544 I RobotCore: SHOOTER 1: 12
12-03 22:53:27.545 26437 26544 I RobotCore: SHOOTER 2: 11
12-03 22:53:27.556 26437 26544 I RobotCore: SHOOTER time: 6669264112
12-03 22:53:27.556 26437 26544 I RobotCore: SHOOTER 1: 9
12-03 22:53:27.556 26437 26544 I RobotCore: SHOOTER 2: 8
12-03 22:53:27.566 26437 26544 I RobotCore: SHOOTER time: 6679655154
12-03 22:53:27.566 26437 26544 I RobotCore: SHOOTER 1: 12
12-03 22:53:27.566 26437 26544 I RobotCore: SHOOTER 2: 11
12-03 22:53:27.577 26437 26544 I RobotCore: SHOOTER time: 6690086873
12-03 22:53:27.577 26437 26544 I RobotCore: SHOOTER 1: 12
12-03 22:53:27.577 26437 26544 I RobotCore: SHOOTER 2: 11
12-03 22:53:27.587 26437 26544 I RobotCore: SHOOTER time: 6700448331
12-03 22:53:27.587 26437 26544 I RobotCore: SHOOTER 1: 8
12-03 22:53:27.587 26437 26544 I RobotCore: SHOOTER 2: 8
12-03 22:53:27.598 26437 26544 I RobotCore: SHOOTER time: 6710929425
12-03 22:53:27.598 26437 26544 I RobotCore: SHOOTER 1: 13
12-03 22:53:27.598 26437 26544 I RobotCore: SHOOTER 2: 11
12-03 22:53:27.608 26437 26544 I RobotCore: SHOOTER time: 6721607862
12-03 22:53:27.608 26437 26544 I RobotCore: SHOOTER 1: 9
12-03 22:53:27.608 26437 26544 I RobotCore: SHOOTER 2: 8
12-03 22:53:27.619 26437 26544 I RobotCore: SHOOTER time: 6732015623
12-03 22:53:27.619 26437 26544 I RobotCore: SHOOTER 1: 12
12-03 22:53:27.619 26437 26544 I RobotCore: SHOOTER 2: 12
12-03 22:53:27.629 26437 26544 I RobotCore: SHOOTER time: 6742497914
12-03 22:53:27.629 26437 26544 I RobotCore: SHOOTER 1: 12
12-03 22:53:27.629 26437 26544 I RobotCore: SHOOTER 2: 10
12-03 22:53:27.639 26437 26544 I RobotCore: SHOOTER time: 6752829737
12-03 22:53:27.640 26437 26544 I RobotCore: SHOOTER 1: 10
12-03 22:53:27.640 26437 26544 I RobotCore: SHOOTER 2: 10
12-03 22:53:27.650 26437 26544 I RobotCore: SHOOTER time: 6763155779
12-03 22:53:27.650 26437 26544 I RobotCore: SHOOTER 1: 8
12-03 22:53:27.650 26437 26544 I RobotCore: SHOOTER 2: 7
12-03 22:53:27.660 26437 26544 I RobotCore: SHOOTER time: 6773681664
12-03 22:53:27.660 26437 26544 I RobotCore: SHOOTER 1: 12
12-03 22:53:27.660 26437 26544 I RobotCore: SHOOTER 2: 11
12-03 22:53:27.671 26437 26544 I RobotCore: SHOOTER time: 6784025935
12-03 22:53:27.671 26437 26544 I RobotCore: SHOOTER 1: 13
12-03 22:53:27.671 26437 26544 I RobotCore: SHOOTER 2: 11
12-03 22:53:27.681 26437 26544 I RobotCore: SHOOTER time: 6794327185
12-03 22:53:27.681 26437 26544 I RobotCore: SHOOTER 1: 8
12-03 22:53:27.681 26437 26544 I RobotCore: SHOOTER 2: 8
12-03 22:53:27.691 26437 26544 I RobotCore: SHOOTER time: 6804652133
12-03 22:53:27.691 26437 26544 I RobotCore: SHOOTER 1: 12
12-03 22:53:27.691 26437 26544 I RobotCore: SHOOTER 2: 11
12-03 22:53:27.702 26437 26544 I RobotCore: SHOOTER time: 6815135727
12-03 22:53:27.702 26437 26544 I RobotCore: SHOOTER 1: 9
12-03 22:53:27.702 26437 26544 I RobotCore: SHOOTER 2: 7
12-03 22:53:27.713 26437 26544 I RobotCore: SHOOTER time: 6826098175
12-03 22:53:27.713 26437 26544 I RobotCore: SHOOTER 1: 13
12-03 22:53:27.713 26437 26544 I RobotCore: SHOOTER 2: 13
12-03 22:53:27.723 26437 26544 I RobotCore: SHOOTER time: 6836785623
12-03 22:53:27.724 26437 26544 I RobotCore: SHOOTER 1: 11
12-03 22:53:27.724 26437 26544 I RobotCore: SHOOTER 2: 10
12-03 22:53:27.734 26437 26544 I RobotCore: SHOOTER time: 6847467706
12-03 22:53:27.734 26437 26544 I RobotCore: SHOOTER 1: 9
12-03 22:53:27.734 26437 26544 I RobotCore: SHOOTER 2: 7
12-03 22:53:27.745 26437 26544 I RobotCore: SHOOTER time: 6858165310
12-03 22:53:27.745 26437 26544 I RobotCore: SHOOTER 1: 12
12-03 22:53:27.745 26437 26544 I RobotCore: SHOOTER 2: 12
12-03 22:53:27.755 26437 26544 I RobotCore: SHOOTER time: 6868818435
12-03 22:53:27.756 26437 26544 I RobotCore: SHOOTER 1: 13
12-03 22:53:27.756 26437 26544 I RobotCore: SHOOTER 2: 11
12-03 22:53:27.766 26437 26544 I RobotCore: SHOOTER time: 6879455831
12-03 22:53:27.766 26437 26544 I RobotCore: SHOOTER 1: 8
12-03 22:53:27.766 26437 26544 I RobotCore: SHOOTER 2: 7
12-03 22:53:27.777 26437 26544 I RobotCore: SHOOTER time: 6890147237
12-03 22:53:27.777 26437 26544 I RobotCore: SHOOTER 1: 12
12-03 22:53:27.777 26437 26544 I RobotCore: SHOOTER 2: 12
12-03 22:53:27.787 26437 26544 I RobotCore: SHOOTER time: 6900760206
12-03 22:53:27.788 26437 26544 I RobotCore: SHOOTER 1: 13
12-03 22:53:27.788 26437 26544 I RobotCore: SHOOTER 2: 11
12-03 22:53:27.798 26437 26544 I RobotCore: SHOOTER time: 6911388539
12-03 22:53:27.798 26437 26544 I RobotCore: SHOOTER 1: 8
12-03 22:53:27.798 26437 26544 I RobotCore: SHOOTER 2: 8
12-03 22:53:27.809 26437 26544 I RobotCore: SHOOTER time: 6922026039
12-03 22:53:27.809 26437 26544 I RobotCore: SHOOTER 1: 12
12-03 22:53:27.809 26437 26544 I RobotCore: SHOOTER 2: 11
12-03 22:53:27.819 26437 26544 I RobotCore: SHOOTER time: 6932671768
12-03 22:53:27.819 26437 26544 I RobotCore: SHOOTER 1: 12
12-03 22:53:27.819 26437 26544 I RobotCore: SHOOTER 2: 11
12-03 22:53:27.830 26437 26544 I RobotCore: SHOOTER time: 6943383643
12-03 22:53:27.830 26437 26544 I RobotCore: SHOOTER 1: 9
12-03 22:53:27.830 26437 26544 I RobotCore: SHOOTER 2: 8
12-03 22:53:27.841 26437 26544 I RobotCore: SHOOTER time: 6954035727
12-03 22:53:27.841 26437 26544 I RobotCore: SHOOTER 1: 8
12-03 22:53:27.841 26437 26544 I RobotCore: SHOOTER 2: 7
12-03 22:53:27.851 26437 26544 I RobotCore: SHOOTER time: 6964662862
12-03 22:53:27.851 26437 26544 I RobotCore: SHOOTER 1: 14
12-03 22:53:27.851 26437 26544 I RobotCore: SHOOTER 2: 13
12-03 22:53:27.862 26437 26544 I RobotCore: SHOOTER time: 6975061456
12-03 22:53:27.862 26437 26544 I RobotCore: SHOOTER 1: 13
12-03 22:53:27.862 26437 26544 I RobotCore: SHOOTER 2: 11
12-03 22:53:27.873 26437 26544 I RobotCore: SHOOTER time: 6985831925
12-03 22:53:27.873 26437 26544 I RobotCore: SHOOTER 1: 8
12-03 22:53:27.873 26437 26544 I RobotCore: SHOOTER 2: 8
12-03 22:53:27.883 26437 26544 I RobotCore: SHOOTER time: 6996566873
12-03 22:53:27.883 26437 26544 I RobotCore: SHOOTER 1: 15
12-03 22:53:27.883 26437 26544 I RobotCore: SHOOTER 2: 13
12-03 22:53:27.894 26437 26544 I RobotCore: SHOOTER time: 7007054529
12-03 22:53:27.894 26437 26544 I RobotCore: SHOOTER 1: 8
12-03 22:53:27.894 26437 26544 I RobotCore: SHOOTER 2: 8
12-03 22:53:27.904 26437 26544 I RobotCore: SHOOTER time: 7017549373
12-03 22:53:27.904 26437 26544 I RobotCore: SHOOTER 1: 8
12-03 22:53:27.904 26437 26544 I RobotCore: SHOOTER 2: 7
12-03 22:53:27.915 26437 26544 I RobotCore: SHOOTER time: 7028074268
12-03 22:53:27.915 26437 26544 I RobotCore: SHOOTER 1: 14
12-03 22:53:27.915 26437 26544 I RobotCore: SHOOTER 2: 12
12-03 22:53:27.925 26437 26544 I RobotCore: SHOOTER time: 7038712029
12-03 22:53:27.925 26437 26544 I RobotCore: SHOOTER 1: 12
12-03 22:53:27.925 26437 26544 I RobotCore: SHOOTER 2: 12
12-03 22:53:27.936 26437 26544 I RobotCore: SHOOTER time: 7049228279
12-03 22:53:27.936 26437 26544 I RobotCore: SHOOTER 1: 9
12-03 22:53:27.936 26437 26544 I RobotCore: SHOOTER 2: 7
12-03 22:53:27.946 26437 26544 I RobotCore: SHOOTER time: 7059771873
12-03 22:53:27.947 26437 26544 I RobotCore: SHOOTER 1: 12
12-03 22:53:27.947 26437 26544 I RobotCore: SHOOTER 2: 11
12-03 22:53:27.957 26437 26544 I RobotCore: SHOOTER time: 7070287758
12-03 22:53:27.957 26437 26544 I RobotCore: SHOOTER 1: 13
12-03 22:53:27.957 26437 26544 I RobotCore: SHOOTER 2: 12
12-03 22:53:27.967 26437 26544 I RobotCore: SHOOTER time: 7080660675
12-03 22:53:27.967 26437 26544 I RobotCore: SHOOTER 1: 8
12-03 22:53:27.967 26437 26544 I RobotCore: SHOOTER 2: 7
12-03 22:53:27.978 26437 26544 I RobotCore: SHOOTER time: 7091130154
12-03 22:53:27.978 26437 26544 I RobotCore: SHOOTER 1: 12
12-03 22:53:27.978 26437 26544 I RobotCore: SHOOTER 2: 11
12-03 22:53:27.988 26437 26544 I RobotCore: SHOOTER time: 7101746352
12-03 22:53:27.989 26437 26544 I RobotCore: SHOOTER 1: 9
12-03 22:53:27.989 26437 26544 I RobotCore: SHOOTER 2: 8
12-03 22:53:27.999 26437 26544 I RobotCore: SHOOTER time: 7112154373
12-03 22:53:27.999 26437 26544 I RobotCore: SHOOTER 1: 12
12-03 22:53:27.999 26437 26544 I RobotCore: SHOOTER 2: 11
12-03 22:53:28.009 26437 26544 I RobotCore: SHOOTER time: 7122534477
12-03 22:53:28.009 26437 26544 I RobotCore: SHOOTER 1: 13
12-03 22:53:28.009 26437 26544 I RobotCore: SHOOTER 2: 11
12-03 22:53:28.020 26437 26544 I RobotCore: SHOOTER time: 7133464112
12-03 22:53:28.020 26437 26544 I RobotCore: SHOOTER 1: 8
12-03 22:53:28.020 26437 26544 I RobotCore: SHOOTER 2: 8
12-03 22:53:28.031 26437 26544 I RobotCore: SHOOTER time: 7143878643
12-03 22:53:28.031 26437 26544 I RobotCore: SHOOTER 1: 12
12-03 22:53:28.031 26437 26544 I RobotCore: SHOOTER 2: 11
12-03 22:53:28.041 26437 26544 I RobotCore: SHOOTER time: 7154293800
12-03 22:53:28.041 26437 26544 I RobotCore: SHOOTER 1: 9
12-03 22:53:28.041 26437 26544 I RobotCore: SHOOTER 2: 8
12-03 22:53:28.051 26437 26544 I RobotCore: SHOOTER time: 7164687914
12-03 22:53:28.051 26437 26544 I RobotCore: SHOOTER 1: 12
12-03 22:53:28.052 26437 26544 I RobotCore: SHOOTER 2: 11
12-03 22:53:28.062 26437 26544 I RobotCore: SHOOTER time: 7175473904
12-03 22:53:28.062 26437 26544 I RobotCore: SHOOTER 1: 12
12-03 22:53:28.062 26437 26544 I RobotCore: SHOOTER 2: 11
12-03 22:53:28.073 26437 26544 I RobotCore: SHOOTER time: 7185979060
12-03 22:53:28.073 26437 26544 I RobotCore: SHOOTER 1: 12
12-03 22:53:28.073 26437 26544 I RobotCore: SHOOTER 2: 11
12-03 22:53:28.083 26437 26544 I RobotCore: SHOOTER time: 7196378487
12-03 22:53:28.083 26437 26544 I RobotCore: SHOOTER 1: 9
12-03 22:53:28.083 26437 26544 I RobotCore: SHOOTER 2: 8
12-03 22:53:28.094 26437 26544 I RobotCore: SHOOTER time: 7207124008
12-03 22:53:28.094 26437 26544 I RobotCore: SHOOTER 1: 8
12-03 22:53:28.094 26437 26544 I RobotCore: SHOOTER 2: 7
12-03 22:53:28.104 26437 26544 I RobotCore: SHOOTER time: 7217600831
12-03 22:53:28.104 26437 26544 I RobotCore: SHOOTER 1: 14
12-03 22:53:28.104 26437 26544 I RobotCore: SHOOTER 2: 13
12-03 22:53:28.115 26437 26544 I RobotCore: SHOOTER time: 7228096300
12-03 22:53:28.115 26437 26544 I RobotCore: SHOOTER 1: 9
12-03 22:53:28.115 26437 26544 I RobotCore: SHOOTER 2: 8
12-03 22:53:28.126 26437 26544 I RobotCore: SHOOTER time: 7239030518
12-03 22:53:28.126 26437 26544 I RobotCore: SHOOTER 1: 12
12-03 22:53:28.126 26437 26544 I RobotCore: SHOOTER 2: 11
12-03 22:53:28.137 26437 26544 I RobotCore: SHOOTER time: 7250224945
12-03 22:53:28.137 26437 26544 I RobotCore: SHOOTER 1: 13
12-03 22:53:28.137 26437 26544 I RobotCore: SHOOTER 2: 11
12-03 22:53:28.148 26437 26544 I RobotCore: SHOOTER time: 7261006768
12-03 22:53:28.148 26437 26544 I RobotCore: SHOOTER 1: 10
12-03 22:53:28.148 26437 26544 I RobotCore: SHOOTER 2: 9
12-03 22:53:28.158 26437 26544 I RobotCore: SHOOTER time: 7271539320
12-03 22:53:28.158 26437 26544 I RobotCore: SHOOTER 1: 13
12-03 22:53:28.158 26437 26544 I RobotCore: SHOOTER 2: 12
12-03 22:53:28.169 26437 26544 I RobotCore: SHOOTER time: 7282086872
12-03 22:53:28.169 26437 26544 I RobotCore: SHOOTER 1: 12
12-03 22:53:28.169 26437 26544 I RobotCore: SHOOTER 2: 11
12-03 22:53:28.179 26437 26544 I RobotCore: SHOOTER time: 7292709372
12-03 22:53:28.179 26437 26544 I RobotCore: SHOOTER 1: 8
12-03 22:53:28.179 26437 26544 I RobotCore: SHOOTER 2: 7
12-03 22:53:28.190 26437 26544 I RobotCore: SHOOTER time: 7303179425
12-03 22:53:28.190 26437 26544 I RobotCore: SHOOTER 1: 13
12-03 22:53:28.190 26437 26544 I RobotCore: SHOOTER 2: 12
12-03 22:53:28.200 26437 26544 I RobotCore: SHOOTER time: 7313605362
12-03 22:53:28.200 26437 26544 I RobotCore: SHOOTER 1: 8
12-03 22:53:28.200 26437 26544 I RobotCore: SHOOTER 2: 7
12-03 22:53:28.211 26437 26544 I RobotCore: SHOOTER time: 7324098539
12-03 22:53:28.211 26437 26544 I RobotCore: SHOOTER 1: 12
12-03 22:53:28.211 26437 26544 I RobotCore: SHOOTER 2: 11
12-03 22:53:28.221 26437 26544 I RobotCore: SHOOTER time: 7334538852
12-03 22:53:28.221 26437 26544 I RobotCore: SHOOTER 1: 12
12-03 22:53:28.221 26437 26544 I RobotCore: SHOOTER 2: 11
12-03 22:53:28.232 26437 26544 I RobotCore: SHOOTER time: 7345289893
12-03 22:53:28.233 26437 26544 I RobotCore: SHOOTER 1: 10
12-03 22:53:28.233 26437 26544 I RobotCore: SHOOTER 2: 9
12-03 22:53:28.244 26437 26544 I RobotCore: SHOOTER time: 7357322029
12-03 22:53:28.244 26437 26544 I RobotCore: SHOOTER 1: 13
12-03 22:53:28.244 26437 26544 I RobotCore: SHOOTER 2: 12
12-03 22:53:28.255 26437 26544 I RobotCore: SHOOTER time: 7368029320
12-03 22:53:28.255 26437 26544 I RobotCore: SHOOTER 1: 9
12-03 22:53:28.255 26437 26544 I RobotCore: SHOOTER 2: 8
12-03 22:53:28.265 26437 26544 I RobotCore: SHOOTER time: 7378658122
12-03 22:53:28.265 26437 26544 I RobotCore: SHOOTER 1: 10
12-03 22:53:28.265 26437 26544 I RobotCore: SHOOTER 2: 9
12-03 22:53:28.276 26437 26544 I RobotCore: SHOOTER time: 7389283487
12-03 22:53:28.276 26437 26544 I RobotCore: SHOOTER 1: 15
12-03 22:53:28.276 26437 26544 I RobotCore: SHOOTER 2: 13
12-03 22:53:28.287 26437 26544 I RobotCore: SHOOTER time: 7399917758
12-03 22:53:28.287 26437 26544 I RobotCore: SHOOTER 1: 8
12-03 22:53:28.287 26437 26544 I RobotCore: SHOOTER 2: 7
12-03 22:53:28.297 26437 26544 I RobotCore: SHOOTER time: 7410588956
12-03 22:53:28.297 26437 26544 I RobotCore: SHOOTER 1: 13
12-03 22:53:28.297 26437 26544 I RobotCore: SHOOTER 2: 12
12-03 22:53:28.308 26437 26544 I RobotCore: SHOOTER time: 7421050466
12-03 22:53:28.308 26437 26544 I RobotCore: SHOOTER 1: 12
12-03 22:53:28.308 26437 26544 I RobotCore: SHOOTER 2: 11
12-03 22:53:28.319 26437 26544 I RobotCore: SHOOTER time: 7432021768
12-03 22:53:28.319 26437 26544 I RobotCore: SHOOTER 1: 10
12-03 22:53:28.319 26437 26544 I RobotCore: SHOOTER 2: 9
12-03 22:53:28.329 26437 26544 I RobotCore: SHOOTER time: 7442443018
12-03 22:53:28.329 26437 26544 I RobotCore: SHOOTER 1: 13
12-03 22:53:28.329 26437 26544 I RobotCore: SHOOTER 2: 11
12-03 22:53:28.339 26437 26544 I RobotCore: SHOOTER time: 7452817341
12-03 22:53:28.340 26437 26544 I RobotCore: SHOOTER 1: 8
12-03 22:53:28.340 26437 26544 I RobotCore: SHOOTER 2: 8
12-03 22:53:28.350 26437 26544 I RobotCore: SHOOTER time: 7463218279
12-03 22:53:28.350 26437 26544 I RobotCore: SHOOTER 1: 8
12-03 22:53:28.350 26437 26544 I RobotCore: SHOOTER 2: 7
12-03 22:53:28.360 26437 26544 I RobotCore: SHOOTER time: 7473792081
12-03 22:53:28.361 26437 26544 I RobotCore: SHOOTER 1: 15
12-03 22:53:28.361 26437 26544 I RobotCore: SHOOTER 2: 13
12-03 22:53:28.371 26437 26544 I RobotCore: SHOOTER time: 7484340779
12-03 22:53:28.371 26437 26544 I RobotCore: SHOOTER 1: 12
12-03 22:53:28.371 26437 26544 I RobotCore: SHOOTER 2: 12
12-03 22:53:28.382 26437 26544 I RobotCore: SHOOTER time: 7494891768
12-03 22:53:28.382 26437 26544 I RobotCore: SHOOTER 1: 10
12-03 22:53:28.382 26437 26544 I RobotCore: SHOOTER 2: 9
12-03 22:53:28.395 26437 26544 I RobotCore: SHOOTER time: 7507978747
12-03 22:53:28.395 26437 26544 I RobotCore: SHOOTER 1: 11
12-03 22:53:28.395 26437 26544 I RobotCore: SHOOTER 2: 9
12-03 22:53:28.405 26437 26544 I RobotCore: SHOOTER time: 7518356977
12-03 22:53:28.405 26437 26544 I RobotCore: SHOOTER 1: 14
12-03 22:53:28.405 26437 26544 I RobotCore: SHOOTER 2: 13
12-03 22:53:28.415 26437 26544 I RobotCore: SHOOTER time: 7528672133
12-03 22:53:28.415 26437 26544 I RobotCore: SHOOTER 1: 9
12-03 22:53:28.415 26437 26544 I RobotCore: SHOOTER 2: 8
12-03 22:53:28.426 26437 26544 I RobotCore: SHOOTER time: 7539144633
12-03 22:53:28.426 26437 26544 I RobotCore: SHOOTER 1: 12
12-03 22:53:28.426 26437 26544 I RobotCore: SHOOTER 2: 11
12-03 22:53:28.436 26437 26544 I RobotCore: SHOOTER time: 7549652133
12-03 22:53:28.436 26437 26544 I RobotCore: SHOOTER 1: 11
12-03 22:53:28.436 26437 26544 I RobotCore: SHOOTER 2: 10
12-03 22:53:28.447 26437 26544 I RobotCore: SHOOTER time: 7560212758
12-03 22:53:28.447 26437 26544 I RobotCore: SHOOTER 1: 9
12-03 22:53:28.447 26437 26544 I RobotCore: SHOOTER 2: 8
12-03 22:53:28.457 26437 26544 I RobotCore: SHOOTER time: 7570664685
12-03 22:53:28.457 26437 26544 I RobotCore: SHOOTER 1: 12
12-03 22:53:28.457 26437 26544 I RobotCore: SHOOTER 2: 11
12-03 22:53:28.468 26437 26544 I RobotCore: SHOOTER time: 7581123487
12-03 22:53:28.468 26437 26544 I RobotCore: SHOOTER 1: 12
12-03 22:53:28.468 26437 26544 I RobotCore: SHOOTER 2: 11
12-03 22:53:28.478 26437 26544 I RobotCore: SHOOTER time: 7591482445
12-03 22:53:28.478 26437 26544 I RobotCore: SHOOTER 1: 10
12-03 22:53:28.478 26437 26544 I RobotCore: SHOOTER 2: 9
12-03 22:53:28.489 26437 26544 I RobotCore: SHOOTER time: 7602079008
12-03 22:53:28.489 26437 26544 I RobotCore: SHOOTER 1: 10
12-03 22:53:28.489 26437 26544 I RobotCore: SHOOTER 2: 8
12-03 22:53:28.499 26437 26544 I RobotCore: SHOOTER time: 7612717810
12-03 22:53:28.499 26437 26544 I RobotCore: SHOOTER 1: 12
12-03 22:53:28.500 26437 26544 I RobotCore: SHOOTER 2: 11
12-03 22:53:28.510 26437 26544 I RobotCore: SHOOTER time: 7623129060
12-03 22:53:28.510 26437 26544 I RobotCore: SHOOTER 1: 8
12-03 22:53:28.510 26437 26544 I RobotCore: SHOOTER 2: 8
12-03 22:53:28.520 26437 26544 I RobotCore: SHOOTER time: 7633708799
12-03 22:53:28.520 26437 26544 I RobotCore: SHOOTER 1: 13
12-03 22:53:28.521 26437 26544 I RobotCore: SHOOTER 2: 11
12-03 22:53:28.531 26437 26544 I RobotCore: SHOOTER time: 7644111924
12-03 22:53:28.531 26437 26544 I RobotCore: SHOOTER 1: 12
12-03 22:53:28.531 26437 26544 I RobotCore: SHOOTER 2: 11
12-03 22:53:28.541 26437 26544 I RobotCore: SHOOTER time: 7654709737
12-03 22:53:28.541 26437 26544 I RobotCore: SHOOTER 1: 8
12-03 22:53:28.542 26437 26544 I RobotCore: SHOOTER 2: 8
12-03 22:53:28.552 26437 26544 I RobotCore: SHOOTER time: 7665233487
12-03 22:53:28.552 26437 26544 I RobotCore: SHOOTER 1: 12
12-03 22:53:28.552 26437 26544 I RobotCore: SHOOTER 2: 11
12-03 22:53:28.562 26437 26544 I RobotCore: SHOOTER time: 7675653331
12-03 22:53:28.562 26437 26544 I RobotCore: SHOOTER 1: 13
12-03 22:53:28.562 26437 26544 I RobotCore: SHOOTER 2: 11
12-03 22:53:28.573 26437 26544 I RobotCore: SHOOTER time: 7686317706
12-03 22:53:28.573 26437 26544 I RobotCore: SHOOTER 1: 8
12-03 22:53:28.573 26437 26544 I RobotCore: SHOOTER 2: 7
12-03 22:53:28.583 26437 26544 I RobotCore: SHOOTER time: 7696827081
12-03 22:53:28.584 26437 26544 I RobotCore: SHOOTER 1: 13
12-03 22:53:28.584 26437 26544 I RobotCore: SHOOTER 2: 11
12-03 22:53:28.594 26437 26544 I RobotCore: SHOOTER time: 7707294945
12-03 22:53:28.594 26437 26544 I RobotCore: SHOOTER 1: 13
12-03 22:53:28.594 26437 26544 I RobotCore: SHOOTER 2: 12
12-03 22:53:28.604 26437 26544 I RobotCore: SHOOTER time: 7717698122
12-03 22:53:28.604 26437 26544 I RobotCore: SHOOTER 1: 8
12-03 22:53:28.604 26437 26544 I RobotCore: SHOOTER 2: 7
12-03 22:53:28.615 26437 26544 I RobotCore: SHOOTER time: 7728460414
12-03 22:53:28.615 26437 26544 I RobotCore: SHOOTER 1: 12
12-03 22:53:28.615 26437 26544 I RobotCore: SHOOTER 2: 12
12-03 22:53:28.626 26437 26544 I RobotCore: SHOOTER time: 7738885049
12-03 22:53:28.626 26437 26544 I RobotCore: SHOOTER 1: 9
12-03 22:53:28.626 26437 26544 I RobotCore: SHOOTER 2: 7
12-03 22:53:28.636 26437 26544 I RobotCore: SHOOTER time: 7749365726
12-03 22:53:28.636 26437 26544 I RobotCore: SHOOTER 1: 10
12-03 22:53:28.636 26437 26544 I RobotCore: SHOOTER 2: 9
12-03 22:53:28.647 26437 26544 I RobotCore: SHOOTER time: 7760016976
12-03 22:53:28.647 26437 26544 I RobotCore: SHOOTER 1: 14
12-03 22:53:28.647 26437 26544 I RobotCore: SHOOTER 2: 13
12-03 22:53:28.657 26437 26544 I RobotCore: SHOOTER time: 7770346716
12-03 22:53:28.657 26437 26544 I RobotCore: SHOOTER 1: 9
12-03 22:53:28.657 26437 26544 I RobotCore: SHOOTER 2: 9
12-03 22:53:28.667 26437 26544 I RobotCore: SHOOTER time: 7780742393
12-03 22:53:28.667 26437 26544 I RobotCore: SHOOTER 1: 12
12-03 22:53:28.667 26437 26544 I RobotCore: SHOOTER 2: 10
12-03 22:53:28.678 26437 26544 I RobotCore: SHOOTER time: 7791066872
12-03 22:53:28.678 26437 26544 I RobotCore: SHOOTER 1: 12
12-03 22:53:28.678 26437 26544 I RobotCore: SHOOTER 2: 11
12-03 22:53:28.688 26437 26544 I RobotCore: SHOOTER time: 7801346820
12-03 22:53:28.688 26437 26544 I RobotCore: SHOOTER 1: 8
12-03 22:53:28.688 26437 26544 I RobotCore: SHOOTER 2: 8
12-03 22:53:28.698 26437 26544 I RobotCore: SHOOTER time: 7811729216
12-03 22:53:28.698 26437 26544 I RobotCore: SHOOTER 1: 13
12-03 22:53:28.698 26437 26544 I RobotCore: SHOOTER 2: 11
12-03 22:53:28.709 26437 26544 I RobotCore: SHOOTER time: 7822289320
12-03 22:53:28.709 26437 26544 I RobotCore: SHOOTER 1: 8
12-03 22:53:28.709 26437 26544 I RobotCore: SHOOTER 2: 7
12-03 22:53:28.719 26437 26544 I RobotCore: SHOOTER time: 7832740101
12-03 22:53:28.719 26437 26544 I RobotCore: SHOOTER 1: 13
12-03 22:53:28.719 26437 26544 I RobotCore: SHOOTER 2: 11
12-03 22:53:28.730 26437 26544 I RobotCore: SHOOTER time: 7843244841
12-03 22:53:28.730 26437 26544 I RobotCore: SHOOTER 1: 12
12-03 22:53:28.730 26437 26544 I RobotCore: SHOOTER 2: 12
12-03 22:53:28.740 26437 26544 I RobotCore: SHOOTER time: 7853720362
12-03 22:53:28.741 26437 26544 I RobotCore: SHOOTER 1: 9
12-03 22:53:28.741 26437 26544 I RobotCore: SHOOTER 2: 8
12-03 22:53:28.751 26437 26544 I RobotCore: SHOOTER time: 7864402601
12-03 22:53:28.751 26437 26544 I RobotCore: SHOOTER 1: 12
12-03 22:53:28.751 26437 26544 I RobotCore: SHOOTER 2: 11
12-03 22:53:28.762 26437 26544 I RobotCore: SHOOTER time: 7875114320
12-03 22:53:28.762 26437 26544 I RobotCore: SHOOTER 1: 8
12-03 22:53:28.762 26437 26544 I RobotCore: SHOOTER 2: 7
12-03 22:53:28.772 26437 26544 I RobotCore: SHOOTER time: 7885734997
12-03 22:53:28.773 26437 26544 I RobotCore: SHOOTER 1: 13
12-03 22:53:28.773 26437 26544 I RobotCore: SHOOTER 2: 11
12-03 22:53:28.783 26437 26544 I RobotCore: SHOOTER time: 7896544789
12-03 22:53:28.783 26437 26544 I RobotCore: SHOOTER 1: 13
12-03 22:53:28.783 26437 26544 I RobotCore: SHOOTER 2: 12
12-03 22:53:28.794 26437 26544 I RobotCore: SHOOTER time: 7907177497
12-03 22:53:28.794 26437 26544 I RobotCore: SHOOTER 1: 8
12-03 22:53:28.794 26437 26544 I RobotCore: SHOOTER 2: 7
12-03 22:53:28.805 26437 26544 I RobotCore: SHOOTER time: 7917943799
12-03 22:53:28.805 26437 26544 I RobotCore: SHOOTER 1: 13
12-03 22:53:28.805 26437 26544 I RobotCore: SHOOTER 2: 12
12-03 22:53:28.815 26437 26544 I RobotCore: SHOOTER time: 7928700414
12-03 22:53:28.815 26437 26544 I RobotCore: SHOOTER 1: 11
12-03 22:53:28.816 26437 26544 I RobotCore: SHOOTER 2: 10
12-03 22:53:28.826 26437 26544 I RobotCore: SHOOTER time: 7939320258
12-03 22:53:28.826 26437 26544 I RobotCore: SHOOTER 1: 13
12-03 22:53:28.826 26437 26544 I RobotCore: SHOOTER 2: 12
12-03 22:53:28.837 26437 26544 I RobotCore: SHOOTER time: 7949874945
12-03 22:53:28.837 26437 26544 I RobotCore: SHOOTER measurements / sec: 94.34110664491716
12-03 22:53:36.114 26437 26503 V Robocol : received command: CMD_INIT_OP_MODE(10228) $Stop$Robot$
12-03 22:53:36.119 26437 26531 V RobotCore: waiting for service user linear op mode
12-03 22:53:36.119 26437 26544 V RobotCore: thread: ...terminating 'LinearOpMode main'
12-03 22:53:36.119 26437 26531 V RobotCore: awaitTermination returned, isTerminated=true
12-03 22:53:36.119 26437 26531 V RobotCore: executive service user linear op mode is terminated
12-03 22:53:36.119 26437 26531 I RobotCore: Attempting to switch to op mode $Stop$Robot$
12-03 22:53:36.178 26437 26518 V Robocol : sending CMD_INIT_OP_MODE_RESP(272), attempt: 0
12-03 22:53:36.264 26437 26503 V Robocol : received command: CMD_INIT_OP_MODE_RESP(272) $Stop$Robot$
12-03 22:53:36.265 26437 26503 V Robocol : received command: CMD_RUN_OP_MODE(10235) $Stop$Robot$
12-03 22:53:36.298 26437 26518 V Robocol : sending CMD_RUN_OP_MODE_RESP(278), attempt: 0
12-03 22:53:36.304 26437 26503 V Robocol : received command: CMD_RUN_OP_MODE_RESP(278) $Stop$Robot$
12-03 22:53:42.261 26437 26529 E FTDI_Device::: UsbConnection.requestWait() == null
12-03 22:53:42.267 26437 26437 D UsbDeviceConnectionJNI: close
12-03 22:53:42.268 26437 26502 D ProcessRequestThread::: Device has been closed.
12-03 22:53:42.268 26437 26529 W RobotCore: could not write to Modern Robotics USB DC Motor Controller [AI049QOP]: FTDI Null Pointer Exception
12-03 22:53:42.268 26437 26502 W System.err: java.lang.InterruptedException
12-03 22:53:42.268 26437 26529 E RobotCore: java.lang.NullPointerException: Attempt to invoke interface method 'void java.util.concurrent.locks.Lock.unlock()' on a null object reference
12-03 22:53:42.268 26437 26502 W System.err: 	at java.util.concurrent.locks.AbstractQueuedSynchronizer.doAcquireSharedInterruptibly(AbstractQueuedSynchronizer.java:972)
12-03 22:53:42.268 26437 26502 W System.err: 	at java.util.concurrent.locks.AbstractQueuedSynchronizer.acquireSharedInterruptibly(AbstractQueuedSynchronizer.java:1278)
12-03 22:53:42.268 26437 26502 W System.err: 	at java.util.concurrent.Semaphore.acquire(Semaphore.java:284)
12-03 22:53:42.268 26437 26502 W System.err: 	at com.ftdi.j2xx.ProcessInCtrl.acquireReadableBuffer(FT_Device.java:2294)
12-03 22:53:42.269 26437 26502 W System.err: 	at com.ftdi.j2xx.ProcessRequestWorker.run(FT_Device.java:2764)
12-03 22:53:42.269 26437 26529 E RobotCore: com.ftdi.j2xx.ProcessInCtrl.readBulkInData(FT_Device.java:2520)
12-03 22:53:42.269 26437 26502 W System.err: 	at java.lang.Thread.run(Thread.java:818)
12-03 22:53:42.269 26437 26529 E RobotCore: com.ftdi.j2xx.FT_Device.read(FT_Device.java:666)
12-03 22:53:42.269 26437 26529 E RobotCore: com.qualcomm.robotcore.hardware.usb.ftdi.RobotUsbDeviceFtdi.read(RobotUsbDeviceFtdi.java:199)
12-03 22:53:42.269 26437 26529 E RobotCore: com.qualcomm.robotcore.hardware.usb.ftdi.RobotUsbDeviceFtdi.read(RobotUsbDeviceFtdi.java:176)
12-03 22:53:42.269 26437 26529 E RobotCore: com.qualcomm.modernrobotics.ReadWriteRunnableUsbHandler.a(SourceFile:77)
12-03 22:53:42.269 26437 26529 E RobotCore: com.qualcomm.modernrobotics.ReadWriteRunnableUsbHandler.read(SourceFile:66)
12-03 22:53:42.269 26437 26529 E RobotCore: com.qualcomm.hardware.modernrobotics.ReadWriteRunnableStandard$1.run(ReadWriteRunnableStandard.java:343)
12-03 22:53:42.269 26437 26529 E RobotCore: com.qualcomm.robotcore.util.ThreadPool.logThreadLifeCycle(ThreadPool.java:513)
12-03 22:53:42.269 26437 26529 E RobotCore: com.qualcomm.hardware.modernrobotics.ReadWriteRunnableStandard.run(ReadWriteRunnableStandard.java:302)
12-03 22:53:42.269 26437 26529 E RobotCore: java.util.concurrent.ThreadPoolExecutor.runWorker(ThreadPoolExecutor.java:1113)
12-03 22:53:42.269 26437 26529 E RobotCore: java.util.concurrent.ThreadPoolExecutor$Worker.run(ThreadPoolExecutor.java:588)
12-03 22:53:42.269 26437 26529 E RobotCore: java.lang.Thread.run(Thread.java:818)
12-03 22:53:42.278 26437 26531 D RobotCore: ...arming modern motor controller Modern Robotics USB DC Motor Controller [AI049QOP] complete
12-03 22:53:42.278 26437 26531 I FIRST   : ======= MODULE DETACH RECOVERY: complete Modern Robotics USB DC Motor Controller [AI049QOP]=======
12-03 22:53:42.315 26437 26522 D MediaPlayer: setSubtitleAnchor in MediaPlayer
12-03 22:53:42.315 26437 26437 D MediaPlayer: setSubtitleAnchor in MediaPlayer
12-03 22:53:42.318 26437 26437 E MediaPlayer: invoke failed: wrong state 8
12-03 22:53:42.318 26437 26437 W MediaPlayer: mediaplayer went away with unhandled events
12-03 22:53:42.334 26437 26520 D ExtendedUtils: extended extractor not needed, return default
12-03 22:53:42.335 26437 26520 I MediaCodec: (0xb7630608) init name(audio/raw) isType(1) encoder(0)
12-03 22:53:42.336 26437 26554 I OMXClient: Using client-side OMX mux.
12-03 22:53:42.339 26437 26554 E OMXMaster: A component of name 'OMX.qcom.audio.decoder.aac' already exists, ignoring this one.
12-03 22:53:42.341 26437 26554 I MediaCodec: (0xb7630608) Component Allocated (OMX.google.raw.decoder)
12-03 22:53:42.341 26437 26520 I MediaCodec: (0xb7630608) configure surface(0x0) crypto(0x0) flags(0)
12-03 22:53:42.341 26437 26520 D MediaCodec: (0xb7630608) configure format: AMessage(what = 0x00000000) = {
12-03 22:53:42.341 26437 26520 D MediaCodec:    string mime = "audio/raw"
12-03 22:53:42.341 26437 26520 D MediaCodec:    int64_t durationUs = 1043650
12-03 22:53:42.341 26437 26520 D MediaCodec:    int32_t channel-count = 2
12-03 22:53:42.341 26437 26520 D MediaCodec:    int32_t sample-rate = 44100
12-03 22:53:42.341 26437 26520 D MediaCodec:    int32_t channel-mask = 0
12-03 22:53:42.341 26437 26520 D MediaCodec:  }
12-03 22:53:42.342 26437 26520 I MediaCodec: (0xb7630608) start
12-03 22:53:42.342 26437 26554 I MediaCodec: (0xb7630608) input buffers allocated
12-03 22:53:42.342 26437 26554 I MediaCodec: (0xb7630608) numBuffers (4)
12-03 22:53:42.342 26437 26554 I MediaCodec: (0xb7630608) output buffers allocated
12-03 22:53:42.342 26437 26554 I MediaCodec: (0xb7630608) numBuffers (4)
12-03 22:53:42.344 26437 26554 I MediaCodec: (0xb7630608) codec output format changed
12-03 22:53:42.344 26437 26554 D MediaCodec: (0xb7630608) output format: AMessage(what = 'codc', target = 10) = {
12-03 22:53:42.344 26437 26554 D MediaCodec:    string mime = "audio/raw"
12-03 22:53:42.344 26437 26554 D MediaCodec:    int32_t channel-count = 2
12-03 22:53:42.344 26437 26554 D MediaCodec:    int32_t sample-rate = 44100
12-03 22:53:42.344 26437 26554 D MediaCodec:    int32_t channel-mask = 0
12-03 22:53:42.344 26437 26554 D MediaCodec:    int32_t what = 1869968451
12-03 22:53:42.344 26437 26554 D MediaCodec:  }
12-03 22:53:42.352 26437 26520 I MediaCodec: (0xb7630608) stop
12-03 22:53:42.354 26437 26520 I MediaCodec: (0xb7630608) release
12-03 22:53:42.358 26437 26522 W AudioTrack: AUDIO_OUTPUT_FLAG_FAST denied by client; transfer 4, track 44100 Hz, output 48000 Hz
12-03 22:53:47.353 26437 26437 V RCActivity: onPause()
12-03 22:53:48.009 26437 26437 V RCActivity: onStop()
12-03 22:53:48.009 26437 26437 V RobotCore: executive service robot setup is terminated
12-03 22:53:48.009 26437 26437 V Robocol : EventLoopManager.shutdown()
12-03 22:53:48.009 26437 26437 V RobotCore: waiting for service EventLoop
12-03 22:53:48.010 26437 26531 I FIRST   : ======= TEARDOWN =======
12-03 22:53:48.011 26437 26531 D RobotCore: disarming modern motor controller Modern Robotics USB DC Motor Controller [AI049QOP]...
12-03 22:53:48.019 26437 26531 V RobotCore: waiting for service ReadWriteRunnable for Modern Robotics USB Device
12-03 22:53:48.019 26437 26550 V RobotCore: thread: ...terminating 'r/w loop: Modern Robotics USB DC Motor Controller [AI049QOP]'
12-03 22:53:48.019 26437 26531 V RobotCore: awaitTerminationOrExitApplication ReadWriteRunnable for Modern Robotics USB Device; interrupt thrown
12-03 22:53:48.120 26437 26531 D RobotCore: ...disarming modern motor controller Modern Robotics USB DC Motor Controller [AI049QOP] complete
12-03 22:53:48.120 26437 26531 I FIRST   : ======= TEARDOWN COMPLETE =======
12-03 22:53:48.120 26437 26531 V RobotCore: thread: ...terminating 'opmode loop()'
12-03 22:53:48.121 26437 26437 V RobotCore: awaitTermination returned, isTerminated=true
12-03 22:53:48.121 26437 26437 V RobotCore: executive service EventLoop is terminated
12-03 22:53:48.121 26437 26437 V RobotCore: EventLoopManager state is STOPPED
12-03 22:53:48.121 26437 26437 V RobotCore: Robot Status: stopped
12-03 22:53:48.125 26437 26437 V RCActivity: onDestroy()
12-03 22:53:48.224 26437 26503 D RobotCore: system telemetry: key=$System$None$ msg=""
12-03 22:53:48.642 26437 26437 V RobotCore: closing logcat file /storage/emulated/0/com.qualcomm.ftcrobotcontroller.logcat
12-03 22:53:48.685 26563 26563 W ps      : type=1400 audit(0.0:56703): avc: denied { getattr } for uid=10122 path="/proc/1" dev="proc" ino=450156 scontext=u:r:untrusted_app:s0:c512,c768 tcontext=u:r:init:s0 tclass=dir permissive=0
12-03 22:53:48.685 26563 26563 W ps      : type=1400 audit(0.0:56704): avc: denied { search } for uid=10122 name="1" dev="proc" ino=450156 scontext=u:r:untrusted_app:s0:c512,c768 tcontext=u:r:init:s0 tclass=dir permissive=0
12-03 22:53:48.685 26563 26563 W ps      : type=1400 audit(0.0:56705): avc: denied { search } for uid=10122 name="1" dev="proc" ino=450156 scontext=u:r:untrusted_app:s0:c512,c768 tcontext=u:r:init:s0 tclass=dir permissive=0
12-03 22:53:48.685 26563 26563 W ps      : type=1400 audit(0.0:56706): avc: denied { getattr } for uid=10122 path="/proc/2" dev="proc" ino=450211 scontext=u:r:untrusted_app:s0:c512,c768 tcontext=u:r:kernel:s0 tclass=dir permissive=0
12-03 22:53:48.685 26563 26563 W ps      : type=1400 audit(0.0:56707): avc: denied { search } for uid=10122 name="2" dev="proc" ino=450211 scontext=u:r:untrusted_app:s0:c512,c768 tcontext=u:r:kernel:s0 tclass=dir permissive=0
12-03 22:53:48.685 26563 26563 W ps      : type=1400 audit(0.0:56708): avc: denied { search } for uid=10122 name="2" dev="proc" ino=450211 scontext=u:r:untrusted_app:s0:c512,c768 tcontext=u:r:kernel:s0 tclass=dir permissive=0
12-03 22:53:48.685 26563 26563 W ps      : type=1400 audit(0.0:56709): avc: denied { getattr } for uid=10122 path="/proc/3" dev="proc" ino=450212 scontext=u:r:untrusted_app:s0:c512,c768 tcontext=u:r:kernel:s0 tclass=dir permissive=0
