12-03 22:53:15.257 26437 26518 V Robocol : sending CMD_INIT_OP_MODE_RESP(33), attempt: 0
12-03 22:53:15.264 26437 26503 V Robocol : received command: CMD_INIT_OP_MODE_RESP(33) $Stop$Robot$
12-03 22:53:15.486 26437 26531 I RobotCore: robot battery read duration: n=2, mean=5.175ms sd=7.302ms
12-03 22:53:16.665 26437 26503 V Robocol : received command: CMD_INIT_OP_MODE(10037) $Stop$Robot$
12-03 22:53:16.676 26437 26531 I RobotCore: Attempting to switch to op mode $Stop$Robot$
12-03 22:53:16.698 26437 26518 V Robocol : sending CMD_INIT_OP_MODE_RESP(59), attempt: 0
12-03 22:53:16.704 26437 26503 V Robocol : received command: CMD_INIT_OP_MODE_RESP(59) $Stop$Robot$
12-03 22:53:18.865 26437 26503 V Robocol : received command: CMD_INIT_OP_MODE(10069) Shooter Test
12-03 22:53:18.873 26437 26531 I RobotCore: Attempting to switch to op mode Shooter Test
12-03 22:53:18.885 26437 26544 V RobotCore: thread: 'LinearOpMode main' starting...
12-03 22:53:18.898 26437 26518 V Robocol : sending CMD_INIT_OP_MODE_RESP(95), attempt: 0
12-03 22:53:18.904 26437 26503 V Robocol : received command: CMD_INIT_OP_MODE_RESP(95) Shooter Test
12-03 22:53:20.864 26437 26503 V Robocol : received command: CMD_RUN_OP_MODE(10092) Shooter Test
12-03 22:53:20.887 26437 26544 I RobotCore: SHOOTER time: 11511
12-03 22:53:20.887 26437 26544 I RobotCore: SHOOTER 1: 0
12-03 22:53:20.887 26437 26544 I RobotCore: SHOOTER 2: 0
12-03 22:53:20.897 26437 26544 I RobotCore: SHOOTER time: 10562344
12-03 22:53:20.897 26437 26544 I RobotCore: SHOOTER 1: 0
12-03 22:53:20.898 26437 26544 I RobotCore: SHOOTER 2: 0
12-03 22:53:20.899 26437 26518 V Robocol : sending CMD_RUN_OP_MODE_RESP(120), attempt: 0
12-03 22:53:20.904 26437 26503 V Robocol : received command: CMD_RUN_OP_MODE_RESP(120) Shooter Test
12-03 22:53:20.908 26437 26544 I RobotCore: SHOOTER time: 21493542
12-03 22:53:20.908 26437 26544 I RobotCore: SHOOTER 1: 0
12-03 22:53:20.908 26437 26544 I RobotCore: SHOOTER 2: 0
12-03 22:53:20.919 26437 26544 I RobotCore: SHOOTER time: 32065261
12-03 22:53:20.919 26437 26544 I RobotCore: SHOOTER 1: 0
12-03 22:53:20.919 26437 26544 I RobotCore: SHOOTER 2: 0
12-03 22:53:20.929 26437 26544 I RobotCore: SHOOTER time: 42466927
12-03 22:53:20.929 26437 26544 I RobotCore: SHOOTER 1: 1
12-03 22:53:20.929 26437 26544 I RobotCore: SHOOTER 2: 1
12-03 22:53:20.940 26437 26544 I RobotCore: SHOOTER time: 52881406
12-03 22:53:20.940 26437 26544 I RobotCore: SHOOTER 1: 0
12-03 22:53:20.940 26437 26544 I RobotCore: SHOOTER 2: 1
12-03 22:53:20.950 26437 26544 I RobotCore: SHOOTER time: 63418698
12-03 22:53:20.950 26437 26544 I RobotCore: SHOOTER 1: 1
12-03 22:53:20.950 26437 26544 I RobotCore: SHOOTER 2: 0
12-03 22:53:20.961 26437 26544 I RobotCore: SHOOTER time: 74037084
12-03 22:53:20.961 26437 26544 I RobotCore: SHOOTER 1: 1
12-03 22:53:20.961 26437 26544 I RobotCore: SHOOTER 2: 2
12-03 22:53:20.971 26437 26544 I RobotCore: SHOOTER time: 84734792
12-03 22:53:20.972 26437 26544 I RobotCore: SHOOTER 1: 1
12-03 22:53:20.972 26437 26544 I RobotCore: SHOOTER 2: 1
12-03 22:53:20.982 26437 26544 I RobotCore: SHOOTER time: 95413490
12-03 22:53:20.982 26437 26544 I RobotCore: SHOOTER 1: 2
12-03 22:53:20.982 26437 26544 I RobotCore: SHOOTER 2: 2
12-03 22:53:20.993 26437 26544 I RobotCore: SHOOTER time: 105878229
12-03 22:53:20.993 26437 26544 I RobotCore: SHOOTER 1: 1
12-03 22:53:20.993 26437 26544 I RobotCore: SHOOTER 2: 2
12-03 22:53:21.003 26437 26544 I RobotCore: SHOOTER time: 116516563
12-03 22:53:21.003 26437 26544 I RobotCore: SHOOTER 1: 2
12-03 22:53:21.003 26437 26544 I RobotCore: SHOOTER 2: 2
12-03 22:53:21.014 26437 26544 I RobotCore: SHOOTER time: 127276771
12-03 22:53:21.014 26437 26544 I RobotCore: SHOOTER 1: 1
12-03 22:53:21.014 26437 26544 I RobotCore: SHOOTER 2: 1
12-03 22:53:21.025 26437 26544 I RobotCore: SHOOTER time: 137928542
12-03 22:53:21.025 26437 26544 I RobotCore: SHOOTER 1: 3
12-03 22:53:21.025 26437 26544 I RobotCore: SHOOTER 2: 3
12-03 22:53:21.035 26437 26544 I RobotCore: SHOOTER time: 148586094
12-03 22:53:21.035 26437 26544 I RobotCore: SHOOTER 1: 2
12-03 22:53:21.035 26437 26544 I RobotCore: SHOOTER 2: 3
12-03 22:53:21.046 26437 26544 I RobotCore: SHOOTER time: 159370521
12-03 22:53:21.046 26437 26544 I RobotCore: SHOOTER 1: 2
12-03 22:53:21.046 26437 26544 I RobotCore: SHOOTER 2: 2
12-03 22:53:21.057 26437 26544 I RobotCore: SHOOTER time: 170001979
12-03 22:53:21.057 26437 26544 I RobotCore: SHOOTER 1: 2
12-03 22:53:21.057 26437 26544 I RobotCore: SHOOTER 2: 3
12-03 22:53:21.067 26437 26544 I RobotCore: SHOOTER time: 180504063
12-03 22:53:21.067 26437 26544 I RobotCore: SHOOTER 1: 4
12-03 22:53:21.067 26437 26544 I RobotCore: SHOOTER 2: 3
12-03 22:53:21.077 26437 26544 I RobotCore: SHOOTER time: 190833750
12-03 22:53:21.078 26437 26544 I RobotCore: SHOOTER 1: 3
12-03 22:53:21.078 26437 26544 I RobotCore: SHOOTER 2: 4
12-03 22:53:21.088 26437 26544 I RobotCore: SHOOTER time: 201355313
12-03 22:53:21.088 26437 26544 I RobotCore: SHOOTER 1: 2
12-03 22:53:21.088 26437 26544 I RobotCore: SHOOTER 2: 2
12-03 22:53:21.099 26437 26544 I RobotCore: SHOOTER time: 211960261
12-03 22:53:21.099 26437 26544 I RobotCore: SHOOTER 1: 3
12-03 22:53:21.099 26437 26544 I RobotCore: SHOOTER 2: 4
12-03 22:53:21.109 26437 26544 I RobotCore: SHOOTER time: 222658386
12-03 22:53:21.109 26437 26544 I RobotCore: SHOOTER 1: 4
12-03 22:53:21.109 26437 26544 I RobotCore: SHOOTER 2: 4
12-03 22:53:21.120 26437 26544 I RobotCore: SHOOTER time: 233381979
12-03 22:53:21.120 26437 26544 I RobotCore: SHOOTER 1: 2
12-03 22:53:21.120 26437 26544 I RobotCore: SHOOTER 2: 3
12-03 22:53:21.131 26437 26544 I RobotCore: SHOOTER time: 243925261
12-03 22:53:21.131 26437 26544 I RobotCore: SHOOTER 1: 4
12-03 22:53:21.131 26437 26544 I RobotCore: SHOOTER 2: 4
12-03 22:53:21.141 26437 26544 I RobotCore: SHOOTER time: 254726198
12-03 22:53:21.142 26437 26544 I RobotCore: SHOOTER 1: 4
12-03 22:53:21.142 26437 26544 I RobotCore: SHOOTER 2: 4
12-03 22:53:21.152 26437 26544 I RobotCore: SHOOTER time: 265377604
12-03 22:53:21.152 26437 26544 I RobotCore: SHOOTER 1: 3
12-03 22:53:21.152 26437 26544 I RobotCore: SHOOTER 2: 3
12-03 22:53:21.163 26437 26544 I RobotCore: SHOOTER time: 276171146
12-03 22:53:21.163 26437 26544 I RobotCore: SHOOTER 1: 5
12-03 22:53:21.163 26437 26544 I RobotCore: SHOOTER 2: 5
12-03 22:53:21.174 26437 26544 I RobotCore: SHOOTER time: 286937708
12-03 22:53:21.174 26437 26544 I RobotCore: SHOOTER 1: 2
12-03 22:53:21.174 26437 26544 I RobotCore: SHOOTER 2: 3
12-03 22:53:21.184 26437 26544 I RobotCore: SHOOTER time: 297716094
12-03 22:53:21.185 26437 26544 I RobotCore: SHOOTER 1: 5
12-03 22:53:21.185 26437 26544 I RobotCore: SHOOTER 2: 5
12-03 22:53:21.195 26437 26544 I RobotCore: SHOOTER time: 308410469
12-03 22:53:21.195 26437 26544 I RobotCore: SHOOTER 1: 4
12-03 22:53:21.195 26437 26544 I RobotCore: SHOOTER 2: 4
12-03 22:53:21.206 26437 26544 I RobotCore: SHOOTER time: 319064323
12-03 22:53:21.206 26437 26544 I RobotCore: SHOOTER 1: 4
12-03 22:53:21.206 26437 26544 I RobotCore: SHOOTER 2: 5
12-03 22:53:21.216 26437 26544 I RobotCore: SHOOTER time: 329819948
12-03 22:53:21.217 26437 26544 I RobotCore: SHOOTER 1: 5
12-03 22:53:21.217 26437 26544 I RobotCore: SHOOTER 2: 6
12-03 22:53:21.227 26437 26544 I RobotCore: SHOOTER time: 340434323
12-03 22:53:21.227 26437 26544 I RobotCore: SHOOTER 1: 4
12-03 22:53:21.227 26437 26544 I RobotCore: SHOOTER 2: 3
12-03 22:53:21.237 26437 26544 I RobotCore: SHOOTER time: 350837656
12-03 22:53:21.238 26437 26544 I RobotCore: SHOOTER 1: 5
12-03 22:53:21.238 26437 26544 I RobotCore: SHOOTER 2: 6
12-03 22:53:21.248 26437 26544 I RobotCore: SHOOTER time: 361241042
12-03 22:53:21.248 26437 26544 I RobotCore: SHOOTER 1: 3
12-03 22:53:21.248 26437 26544 I RobotCore: SHOOTER 2: 3
12-03 22:53:21.259 26437 26544 I RobotCore: SHOOTER time: 372020052
12-03 22:53:21.259 26437 26544 I RobotCore: SHOOTER 1: 5
12-03 22:53:21.259 26437 26544 I RobotCore: SHOOTER 2: 6
12-03 22:53:21.269 26437 26544 I RobotCore: SHOOTER time: 382496927
12-03 22:53:21.269 26437 26544 I RobotCore: SHOOTER 1: 6
12-03 22:53:21.269 26437 26544 I RobotCore: SHOOTER 2: 6
12-03 22:53:21.280 26437 26544 I RobotCore: SHOOTER time: 393054531
12-03 22:53:21.280 26437 26544 I RobotCore: SHOOTER 1: 3
12-03 22:53:21.280 26437 26544 I RobotCore: SHOOTER 2: 4
12-03 22:53:21.290 26437 26544 I RobotCore: SHOOTER time: 403525000
12-03 22:53:21.290 26437 26544 I RobotCore: SHOOTER 1: 6
12-03 22:53:21.290 26437 26544 I RobotCore: SHOOTER 2: 6
12-03 22:53:21.301 26437 26544 I RobotCore: SHOOTER time: 413903906
12-03 22:53:21.301 26437 26544 I RobotCore: SHOOTER 1: 6
12-03 22:53:21.301 26437 26544 I RobotCore: SHOOTER 2: 6
12-03 22:53:21.311 26437 26544 I RobotCore: SHOOTER time: 424387396
12-03 22:53:21.311 26437 26544 I RobotCore: SHOOTER 1: 3
12-03 22:53:21.311 26437 26544 I RobotCore: SHOOTER 2: 4
12-03 22:53:21.322 26437 26544 I RobotCore: SHOOTER time: 435232917
12-03 22:53:21.322 26437 26544 I RobotCore: SHOOTER 1: 4
12-03 22:53:21.323 26437 26544 I RobotCore: SHOOTER 2: 4
12-03 22:53:21.333 26437 26544 I RobotCore: SHOOTER time: 446773490
12-03 22:53:21.334 26437 26544 I RobotCore: SHOOTER 1: 6
12-03 22:53:21.334 26437 26544 I RobotCore: SHOOTER 2: 6
12-03 22:53:21.344 26437 26544 I RobotCore: SHOOTER time: 457195469
12-03 22:53:21.344 26437 26544 I RobotCore: SHOOTER 1: 7
12-03 22:53:21.344 26437 26544 I RobotCore: SHOOTER 2: 8
12-03 22:53:21.354 26437 26544 I RobotCore: SHOOTER time: 467529375
12-03 22:53:21.354 26437 26544 I RobotCore: SHOOTER 1: 6
12-03 22:53:21.354 26437 26544 I RobotCore: SHOOTER 2: 6
12-03 22:53:21.365 26437 26544 I RobotCore: SHOOTER time: 478124271
12-03 22:53:21.365 26437 26544 I RobotCore: SHOOTER 1: 4
12-03 22:53:21.365 26437 26544 I RobotCore: SHOOTER 2: 5
12-03 22:53:21.375 26437 26544 I RobotCore: SHOOTER time: 488651615
12-03 22:53:21.375 26437 26544 I RobotCore: SHOOTER 1: 7
12-03 22:53:21.375 26437 26544 I RobotCore: SHOOTER 2: 7
12-03 22:53:21.386 26437 26544 I RobotCore: SHOOTER time: 498964375
12-03 22:53:21.386 26437 26544 I RobotCore: SHOOTER 1: 6
12-03 22:53:21.386 26437 26544 I RobotCore: SHOOTER 2: 6
12-03 22:53:21.396 26437 26544 I RobotCore: SHOOTER time: 509519688
12-03 22:53:21.396 26437 26544 I RobotCore: SHOOTER 1: 4
12-03 22:53:21.396 26437 26544 I RobotCore: SHOOTER 2: 5
12-03 22:53:21.407 26437 26544 I RobotCore: SHOOTER time: 520220260
12-03 22:53:21.407 26437 26544 I RobotCore: SHOOTER 1: 7
12-03 22:53:21.407 26437 26544 I RobotCore: SHOOTER 2: 7
12-03 22:53:21.418 26437 26544 I RobotCore: SHOOTER time: 530946927
12-03 22:53:21.418 26437 26544 I RobotCore: SHOOTER 1: 4
12-03 22:53:21.418 26437 26544 I RobotCore: SHOOTER 2: 4
12-03 22:53:21.428 26437 26544 I RobotCore: SHOOTER time: 541552188
12-03 22:53:21.428 26437 26544 I RobotCore: SHOOTER 1: 7
12-03 22:53:21.428 26437 26544 I RobotCore: SHOOTER 2: 8
12-03 22:53:21.439 26437 26544 I RobotCore: SHOOTER time: 552264115
12-03 22:53:21.439 26437 26544 I RobotCore: SHOOTER 1: 7
12-03 22:53:21.439 26437 26544 I RobotCore: SHOOTER 2: 7
12-03 22:53:21.450 26437 26544 I RobotCore: SHOOTER time: 562962135
12-03 22:53:21.450 26437 26544 I RobotCore: SHOOTER 1: 5
12-03 22:53:21.450 26437 26544 I RobotCore: SHOOTER 2: 5
12-03 22:53:21.460 26437 26544 I RobotCore: SHOOTER time: 573589323
12-03 22:53:21.460 26437 26544 I RobotCore: SHOOTER 1: 6
12-03 22:53:21.460 26437 26544 I RobotCore: SHOOTER 2: 7
12-03 22:53:21.471 26437 26544 I RobotCore: SHOOTER time: 584005000
12-03 22:53:21.471 26437 26544 I RobotCore: SHOOTER 1: 7
12-03 22:53:21.471 26437 26544 I RobotCore: SHOOTER 2: 8
12-03 22:53:21.481 26437 26544 I RobotCore: SHOOTER time: 594671667
12-03 22:53:21.481 26437 26544 I RobotCore: SHOOTER 1: 5
12-03 22:53:21.482 26437 26544 I RobotCore: SHOOTER 2: 4
12-03 22:53:21.493 26437 26544 I RobotCore: SHOOTER time: 606068698
12-03 22:53:21.493 26437 26544 I RobotCore: SHOOTER 1: 7
12-03 22:53:21.493 26437 26544 I RobotCore: SHOOTER 2: 8
12-03 22:53:21.503 26437 26544 I RobotCore: SHOOTER time: 616742031
12-03 22:53:21.504 26437 26544 I RobotCore: SHOOTER 1: 8
12-03 22:53:21.504 26437 26544 I RobotCore: SHOOTER 2: 8
12-03 22:53:21.514 26437 26544 I RobotCore: SHOOTER time: 627254896
12-03 22:53:21.514 26437 26544 I RobotCore: SHOOTER 1: 7
12-03 22:53:21.514 26437 26544 I RobotCore: SHOOTER 2: 7
12-03 22:53:21.524 26437 26544 I RobotCore: SHOOTER time: 637661875
12-03 22:53:21.524 26437 26544 I RobotCore: SHOOTER 1: 5
12-03 22:53:21.524 26437 26544 I RobotCore: SHOOTER 2: 5
12-03 22:53:21.535 26437 26544 I RobotCore: SHOOTER time: 648419635
12-03 22:53:21.535 26437 26544 I RobotCore: SHOOTER 1: 7
12-03 22:53:21.535 26437 26544 I RobotCore: SHOOTER 2: 8
12-03 22:53:21.546 26437 26544 I RobotCore: SHOOTER time: 659267969
12-03 22:53:21.546 26437 26544 I RobotCore: SHOOTER 1: 5
12-03 22:53:21.546 26437 26544 I RobotCore: SHOOTER 2: 5
12-03 22:53:21.556 26437 26544 I RobotCore: SHOOTER time: 669709323
12-03 22:53:21.556 26437 26544 I RobotCore: SHOOTER 1: 8
12-03 22:53:21.557 26437 26544 I RobotCore: SHOOTER 2: 8
12-03 22:53:21.569 26437 26544 I RobotCore: SHOOTER time: 682320781
12-03 22:53:21.569 26437 26544 I RobotCore: SHOOTER 1: 8
12-03 22:53:21.569 26437 26544 I RobotCore: SHOOTER 2: 8
12-03 22:53:21.580 26437 26544 I RobotCore: SHOOTER time: 692827448
12-03 22:53:21.580 26437 26544 I RobotCore: SHOOTER 1: 8
12-03 22:53:21.580 26437 26544 I RobotCore: SHOOTER 2: 9
12-03 22:53:21.590 26437 26544 I RobotCore: SHOOTER time: 703483333
12-03 22:53:21.590 26437 26544 I RobotCore: SHOOTER 1: 5
12-03 22:53:21.590 26437 26544 I RobotCore: SHOOTER 2: 6
12-03 22:53:21.601 26437 26544 I RobotCore: SHOOTER time: 714095990
12-03 22:53:21.601 26437 26544 I RobotCore: SHOOTER 1: 9
12-03 22:53:21.601 26437 26544 I RobotCore: SHOOTER 2: 8
12-03 22:53:21.612 26437 26544 I RobotCore: SHOOTER time: 724964062
12-03 22:53:21.612 26437 26544 I RobotCore: SHOOTER 1: 4
12-03 22:53:21.612 26437 26544 I RobotCore: SHOOTER 2: 8
12-03 22:53:21.623 26437 26544 I RobotCore: SHOOTER time: 736160990
12-03 22:53:21.623 26437 26544 I RobotCore: SHOOTER 1: 8
12-03 22:53:21.623 26437 26544 I RobotCore: SHOOTER 2: 5
12-03 22:53:21.633 26437 26544 I RobotCore: SHOOTER time: 746588177
12-03 22:53:21.633 26437 26544 I RobotCore: SHOOTER 1: 8
12-03 22:53:21.633 26437 26544 I RobotCore: SHOOTER 2: 9
12-03 22:53:21.644 26437 26544 I RobotCore: SHOOTER time: 756931719
12-03 22:53:21.644 26437 26544 I RobotCore: SHOOTER 1: 8
12-03 22:53:21.644 26437 26544 I RobotCore: SHOOTER 2: 8
12-03 22:53:21.654 26437 26544 I RobotCore: SHOOTER time: 767258281
12-03 22:53:21.654 26437 26544 I RobotCore: SHOOTER 1: 6
12-03 22:53:21.654 26437 26544 I RobotCore: SHOOTER 2: 6
12-03 22:53:21.664 26437 26544 I RobotCore: SHOOTER time: 777604635
12-03 22:53:21.664 26437 26544 I RobotCore: SHOOTER 1: 8
12-03 22:53:21.664 26437 26544 I RobotCore: SHOOTER 2: 8
12-03 22:53:21.675 26437 26544 I RobotCore: SHOOTER time: 787920052
12-03 22:53:21.675 26437 26544 I RobotCore: SHOOTER 1: 6
12-03 22:53:21.675 26437 26544 I RobotCore: SHOOTER 2: 6
12-03 22:53:21.685 26437 26544 I RobotCore: SHOOTER time: 798319740
12-03 22:53:21.685 26437 26544 I RobotCore: SHOOTER 1: 8
12-03 22:53:21.685 26437 26544 I RobotCore: SHOOTER 2: 9
12-03 22:53:21.695 26437 26544 I RobotCore: SHOOTER time: 808641562
12-03 22:53:21.695 26437 26544 I RobotCore: SHOOTER 1: 8
12-03 22:53:21.695 26437 26544 I RobotCore: SHOOTER 2: 8
12-03 22:53:21.706 26437 26544 I RobotCore: SHOOTER time: 818975989
12-03 22:53:21.706 26437 26544 I RobotCore: SHOOTER 1: 5
12-03 22:53:21.706 26437 26544 I RobotCore: SHOOTER 2: 5
12-03 22:53:21.716 26437 26544 I RobotCore: SHOOTER time: 829246719
12-03 22:53:21.716 26437 26544 I RobotCore: SHOOTER 1: 9
12-03 22:53:21.716 26437 26544 I RobotCore: SHOOTER 2: 9
12-03 22:53:21.726 26437 26544 I RobotCore: SHOOTER time: 839506458
12-03 22:53:21.726 26437 26544 I RobotCore: SHOOTER 1: 6
12-03 22:53:21.726 26437 26544 I RobotCore: SHOOTER 2: 6
12-03 22:53:21.737 26437 26544 I RobotCore: SHOOTER time: 849867187
12-03 22:53:21.737 26437 26544 I RobotCore: SHOOTER 1: 8
12-03 22:53:21.737 26437 26544 I RobotCore: SHOOTER 2: 9
12-03 22:53:21.747 26437 26544 I RobotCore: SHOOTER time: 860374062
12-03 22:53:21.747 26437 26544 I RobotCore: SHOOTER 1: 6
12-03 22:53:21.747 26437 26544 I RobotCore: SHOOTER 2: 6
12-03 22:53:21.757 26437 26544 I RobotCore: SHOOTER time: 870838229
12-03 22:53:21.758 26437 26544 I RobotCore: SHOOTER 1: 9
12-03 22:53:21.758 26437 26544 I RobotCore: SHOOTER 2: 8
12-03 22:53:21.768 26437 26544 I RobotCore: SHOOTER time: 881274271
12-03 22:53:21.768 26437 26544 I RobotCore: SHOOTER 1: 8
12-03 22:53:21.768 26437 26544 I RobotCore: SHOOTER 2: 9
12-03 22:53:21.779 26437 26544 I RobotCore: SHOOTER time: 891884948
12-03 22:53:21.779 26437 26544 I RobotCore: SHOOTER 1: 6
12-03 22:53:21.779 26437 26544 I RobotCore: SHOOTER 2: 6
12-03 22:53:21.789 26437 26544 I RobotCore: SHOOTER time: 902231250
12-03 22:53:21.789 26437 26544 I RobotCore: SHOOTER 1: 9
12-03 22:53:21.789 26437 26544 I RobotCore: SHOOTER 2: 9
12-03 22:53:21.800 26437 26544 I RobotCore: SHOOTER time: 913036458
12-03 22:53:21.800 26437 26544 I RobotCore: SHOOTER 1: 6
12-03 22:53:21.800 26437 26544 I RobotCore: SHOOTER 2: 7
12-03 22:53:21.811 26437 26544 I RobotCore: SHOOTER time: 923818958
12-03 22:53:21.812 26437 26544 I RobotCore: SHOOTER 1: 11
12-03 22:53:21.812 26437 26544 I RobotCore: SHOOTER 2: 10
12-03 22:53:21.822 26437 26544 I RobotCore: SHOOTER time: 935416875
12-03 22:53:21.822 26437 26544 I RobotCore: SHOOTER 1: 6
12-03 22:53:21.822 26437 26544 I RobotCore: SHOOTER 2: 6
12-03 22:53:21.833 26437 26544 I RobotCore: SHOOTER time: 946150364
12-03 22:53:21.833 26437 26544 I RobotCore: SHOOTER 1: 8
12-03 22:53:21.833 26437 26544 I RobotCore: SHOOTER 2: 9
12-03 22:53:21.843 26437 26544 I RobotCore: SHOOTER time: 956716458
12-03 22:53:21.843 26437 26544 I RobotCore: SHOOTER 1: 9
12-03 22:53:21.843 26437 26544 I RobotCore: SHOOTER 2: 9
12-03 22:53:21.854 26437 26544 I RobotCore: SHOOTER time: 967259062
12-03 22:53:21.854 26437 26544 I RobotCore: SHOOTER 1: 9
12-03 22:53:21.854 26437 26544 I RobotCore: SHOOTER 2: 9
12-03 22:53:21.864 26437 26544 I RobotCore: SHOOTER time: 977812708
12-03 22:53:21.865 26437 26544 I RobotCore: SHOOTER 1: 7
12-03 22:53:21.865 26437 26544 I RobotCore: SHOOTER 2: 7
12-03 22:53:21.875 26437 26544 I RobotCore: SHOOTER time: 988293542
12-03 22:53:21.875 26437 26544 I RobotCore: SHOOTER 1: 9
12-03 22:53:21.875 26437 26544 I RobotCore: SHOOTER 2: 8
12-03 22:53:21.885 26437 26544 I RobotCore: SHOOTER time: 998826302
12-03 22:53:21.886 26437 26544 I RobotCore: SHOOTER 1: 6
12-03 22:53:21.886 26437 26544 I RobotCore: SHOOTER 2: 6
12-03 22:53:21.896 26437 26544 I RobotCore: SHOOTER time: 1009152396
12-03 22:53:21.896 26437 26544 I RobotCore: SHOOTER 1: 9
12-03 22:53:21.896 26437 26544 I RobotCore: SHOOTER 2: 10
12-03 22:53:21.906 26437 26544 I RobotCore: SHOOTER time: 1019787344
12-03 22:53:21.907 26437 26544 I RobotCore: SHOOTER 1: 10
12-03 22:53:21.907 26437 26544 I RobotCore: SHOOTER 2: 10
12-03 22:53:21.917 26437 26544 I RobotCore: SHOOTER time: 1030480000
12-03 22:53:21.917 26437 26544 I RobotCore: SHOOTER 1: 6
12-03 22:53:21.917 26437 26544 I RobotCore: SHOOTER 2: 6
12-03 22:53:21.928 26437 26544 I RobotCore: SHOOTER time: 1041106302
12-03 22:53:21.928 26437 26544 I RobotCore: SHOOTER 1: 9
12-03 22:53:21.928 26437 26544 I RobotCore: SHOOTER 2: 9
12-03 22:53:21.938 26437 26544 I RobotCore: SHOOTER time: 1051568021
12-03 22:53:21.938 26437 26544 I RobotCore: SHOOTER 1: 8
12-03 22:53:21.938 26437 26544 I RobotCore: SHOOTER 2: 8
12-03 22:53:21.949 26437 26544 I RobotCore: SHOOTER time: 1061978958
12-03 22:53:21.949 26437 26544 I RobotCore: SHOOTER 1: 9
12-03 22:53:21.949 26437 26544 I RobotCore: SHOOTER 2: 9
12-03 22:53:21.959 26437 26544 I RobotCore: SHOOTER time: 1072588177
12-03 22:53:21.959 26437 26544 I RobotCore: SHOOTER 1: 6
12-03 22:53:21.959 26437 26544 I RobotCore: SHOOTER 2: 6
12-03 22:53:21.970 26437 26544 I RobotCore: SHOOTER time: 1083210885
12-03 22:53:21.970 26437 26544 I RobotCore: SHOOTER 1: 10
12-03 22:53:21.970 26437 26544 I RobotCore: SHOOTER 2: 10
12-03 22:53:21.981 26437 26544 I RobotCore: SHOOTER time: 1093912187
12-03 22:53:21.981 26437 26544 I RobotCore: SHOOTER 1: 10
12-03 22:53:21.981 26437 26544 I RobotCore: SHOOTER 2: 9
12-03 22:53:21.991 26437 26544 I RobotCore: SHOOTER time: 1104585364
12-03 22:53:21.991 26437 26544 I RobotCore: SHOOTER 1: 6
12-03 22:53:21.991 26437 26544 I RobotCore: SHOOTER 2: 7
12-03 22:53:22.002 26437 26544 I RobotCore: SHOOTER time: 1115191771
12-03 22:53:22.002 26437 26544 I RobotCore: SHOOTER 1: 9
12-03 22:53:22.002 26437 26544 I RobotCore: SHOOTER 2: 9
12-03 22:53:22.013 26437 26544 I RobotCore: SHOOTER time: 1125845052
12-03 22:53:22.013 26437 26544 I RobotCore: SHOOTER 1: 10
12-03 22:53:22.013 26437 26544 I RobotCore: SHOOTER 2: 10
12-03 22:53:22.023 26437 26544 I RobotCore: SHOOTER time: 1136645781
12-03 22:53:22.024 26437 26544 I RobotCore: SHOOTER 1: 7
12-03 22:53:22.024 26437 26544 I RobotCore: SHOOTER 2: 6
12-03 22:53:22.034 26437 26544 I RobotCore: SHOOTER time: 1147584635
12-03 22:53:22.034 26437 26544 I RobotCore: SHOOTER 1: 9
12-03 22:53:22.034 26437 26544 I RobotCore: SHOOTER 2: 10
12-03 22:53:22.045 26437 26544 I RobotCore: SHOOTER time: 1158204687
12-03 22:53:22.045 26437 26544 I RobotCore: SHOOTER 1: 10
12-03 22:53:22.045 26437 26544 I RobotCore: SHOOTER 2: 9
12-03 22:53:22.055 26437 26544 I RobotCore: SHOOTER time: 1168623489
12-03 22:53:22.055 26437 26544 I RobotCore: SHOOTER 1: 7
12-03 22:53:22.055 26437 26544 I RobotCore: SHOOTER 2: 7
12-03 22:53:22.066 26437 26544 I RobotCore: SHOOTER time: 1179526823
12-03 22:53:22.066 26437 26544 I RobotCore: SHOOTER 1: 10
12-03 22:53:22.066 26437 26544 I RobotCore: SHOOTER 2: 11
12-03 22:53:22.077 26437 26544 I RobotCore: SHOOTER time: 1190076927
12-03 22:53:22.077 26437 26544 I RobotCore: SHOOTER 1: 10
12-03 22:53:22.077 26437 26544 I RobotCore: SHOOTER 2: 9
12-03 22:53:22.087 26437 26544 I RobotCore: SHOOTER time: 1200445885
12-03 22:53:22.087 26437 26544 I RobotCore: SHOOTER 1: 6
12-03 22:53:22.087 26437 26544 I RobotCore: SHOOTER 2: 7
12-03 22:53:22.097 26437 26544 I RobotCore: SHOOTER time: 1210784844
12-03 22:53:22.098 26437 26544 I RobotCore: SHOOTER 1: 11
12-03 22:53:22.098 26437 26544 I RobotCore: SHOOTER 2: 10
12-03 22:53:22.108 26437 26544 I RobotCore: SHOOTER time: 1221353541
12-03 22:53:22.108 26437 26544 I RobotCore: SHOOTER 1: 6
12-03 22:53:22.108 26437 26544 I RobotCore: SHOOTER 2: 6
12-03 22:53:22.118 26437 26544 I RobotCore: SHOOTER time: 1231680416
12-03 22:53:22.118 26437 26544 I RobotCore: SHOOTER 1: 10
12-03 22:53:22.118 26437 26544 I RobotCore: SHOOTER 2: 10
12-03 22:53:22.129 26437 26544 I RobotCore: SHOOTER time: 1241991146
12-03 22:53:22.129 26437 26544 I RobotCore: SHOOTER 1: 10
12-03 22:53:22.129 26437 26544 I RobotCore: SHOOTER 2: 10
12-03 22:53:22.139 26437 26544 I RobotCore: SHOOTER time: 1252300989
12-03 22:53:22.139 26437 26544 I RobotCore: SHOOTER 1: 7
12-03 22:53:22.139 26437 26544 I RobotCore: SHOOTER 2: 6
12-03 22:53:22.150 26437 26544 I RobotCore: SHOOTER time: 1262850989
12-03 22:53:22.150 26437 26544 I RobotCore: SHOOTER 1: 10
12-03 22:53:22.150 26437 26544 I RobotCore: SHOOTER 2: 11
12-03 22:53:22.160 26437 26544 I RobotCore: SHOOTER time: 1273419427
12-03 22:53:22.160 26437 26544 I RobotCore: SHOOTER 1: 6
12-03 22:53:22.160 26437 26544 I RobotCore: SHOOTER 2: 6
12-03 22:53:22.171 26437 26544 I RobotCore: SHOOTER time: 1283864114
12-03 22:53:22.171 26437 26544 I RobotCore: SHOOTER 1: 11
12-03 22:53:22.171 26437 26544 I RobotCore: SHOOTER 2: 10
12-03 22:53:22.181 26437 26544 I RobotCore: SHOOTER time: 1294307500
12-03 22:53:22.181 26437 26544 I RobotCore: SHOOTER 1: 10
12-03 22:53:22.181 26437 26544 I RobotCore: SHOOTER 2: 10
12-03 22:53:22.191 26437 26544 I RobotCore: SHOOTER time: 1304697239
12-03 22:53:22.191 26437 26544 I RobotCore: SHOOTER 1: 7
12-03 22:53:22.191 26437 26544 I RobotCore: SHOOTER 2: 7
12-03 22:53:22.202 26437 26544 I RobotCore: SHOOTER time: 1315091718
12-03 22:53:22.202 26437 26544 I RobotCore: SHOOTER 1: 10
12-03 22:53:22.202 26437 26544 I RobotCore: SHOOTER 2: 10
12-03 22:53:22.212 26437 26544 I RobotCore: SHOOTER time: 1325710104
12-03 22:53:22.212 26437 26544 I RobotCore: SHOOTER 1: 7
12-03 22:53:22.213 26437 26544 I RobotCore: SHOOTER 2: 7
12-03 22:53:22.223 26437 26544 I RobotCore: SHOOTER time: 1336182083
12-03 22:53:22.223 26437 26544 I RobotCore: SHOOTER 1: 7
12-03 22:53:22.223 26437 26544 I RobotCore: SHOOTER 2: 6
12-03 22:53:22.235 26437 26544 I RobotCore: SHOOTER time: 1348120000
12-03 22:53:22.235 26437 26544 I RobotCore: SHOOTER 1: 12
12-03 22:53:22.235 26437 26544 I RobotCore: SHOOTER 2: 12
12-03 22:53:22.245 26437 26544 I RobotCore: SHOOTER time: 1358654531
12-03 22:53:22.245 26437 26544 I RobotCore: SHOOTER 1: 12
12-03 22:53:22.245 26437 26544 I RobotCore: SHOOTER 2: 12
12-03 22:53:22.256 26437 26544 I RobotCore: SHOOTER time: 1369154843
12-03 22:53:22.256 26437 26544 I RobotCore: SHOOTER 1: 6
12-03 22:53:22.256 26437 26544 I RobotCore: SHOOTER 2: 6
12-03 22:53:22.266 26437 26544 I RobotCore: SHOOTER time: 1379556406
12-03 22:53:22.266 26437 26544 I RobotCore: SHOOTER 1: 11
12-03 22:53:22.266 26437 26544 I RobotCore: SHOOTER 2: 10
12-03 22:53:22.277 26437 26544 I RobotCore: SHOOTER time: 1390059114
12-03 22:53:22.277 26437 26544 I RobotCore: SHOOTER 1: 10
12-03 22:53:22.277 26437 26544 I RobotCore: SHOOTER 2: 11
12-03 22:53:22.287 26437 26544 I RobotCore: SHOOTER time: 1400479843
12-03 22:53:22.287 26437 26544 I RobotCore: SHOOTER 1: 7
12-03 22:53:22.287 26437 26544 I RobotCore: SHOOTER 2: 6
12-03 22:53:22.298 26437 26544 I RobotCore: SHOOTER time: 1410953125
12-03 22:53:22.298 26437 26544 I RobotCore: SHOOTER 1: 10
12-03 22:53:22.298 26437 26544 I RobotCore: SHOOTER 2: 10
12-03 22:53:22.308 26437 26544 I RobotCore: SHOOTER time: 1421408698
12-03 22:53:22.308 26437 26544 I RobotCore: SHOOTER 1: 9
12-03 22:53:22.308 26437 26544 I RobotCore: SHOOTER 2: 8
12-03 22:53:22.319 26437 26544 I RobotCore: SHOOTER time: 1432073593
12-03 22:53:22.319 26437 26544 I RobotCore: SHOOTER 1: 4
12-03 22:53:22.319 26437 26544 I RobotCore: SHOOTER 2: 4
12-03 22:53:22.329 26437 26544 I RobotCore: SHOOTER time: 1442471198
12-03 22:53:22.329 26437 26544 I RobotCore: SHOOTER 1: 15
12-03 22:53:22.329 26437 26544 I RobotCore: SHOOTER 2: 15
12-03 22:53:22.340 26437 26544 I RobotCore: SHOOTER time: 1453167864
12-03 22:53:22.340 26437 26544 I RobotCore: SHOOTER 1: 8
12-03 22:53:22.340 26437 26544 I RobotCore: SHOOTER 2: 8
12-03 22:53:22.350 26437 26544 I RobotCore: SHOOTER time: 1463575156
12-03 22:53:22.350 26437 26544 I RobotCore: SHOOTER 1: 10
12-03 22:53:22.350 26437 26544 I RobotCore: SHOOTER 2: 10
12-03 22:53:22.361 26437 26544 I RobotCore: SHOOTER time: 1473871666
12-03 22:53:22.361 26437 26544 I RobotCore: SHOOTER 1: 7
12-03 22:53:22.361 26437 26544 I RobotCore: SHOOTER 2: 7
12-03 22:53:22.371 26437 26544 I RobotCore: SHOOTER time: 1484335208
12-03 22:53:22.371 26437 26544 I RobotCore: SHOOTER 1: 11
12-03 22:53:22.371 26437 26544 I RobotCore: SHOOTER 2: 10
12-03 22:53:22.381 26437 26544 I RobotCore: SHOOTER time: 1494774270
12-03 22:53:22.381 26437 26544 I RobotCore: SHOOTER 1: 10
12-03 22:53:22.381 26437 26544 I RobotCore: SHOOTER 2: 10
12-03 22:53:22.392 26437 26544 I RobotCore: SHOOTER time: 1505219166
12-03 22:53:22.392 26437 26544 I RobotCore: SHOOTER 1: 8
12-03 22:53:22.392 26437 26544 I RobotCore: SHOOTER 2: 7
12-03 22:53:22.402 26437 26544 I RobotCore: SHOOTER time: 1515716823
12-03 22:53:22.402 26437 26544 I RobotCore: SHOOTER 1: 10
12-03 22:53:22.402 26437 26544 I RobotCore: SHOOTER 2: 10
12-03 22:53:22.413 26437 26544 I RobotCore: SHOOTER time: 1526078333
12-03 22:53:22.413 26437 26544 I RobotCore: SHOOTER 1: 7
12-03 22:53:22.413 26437 26544 I RobotCore: SHOOTER 2: 7
12-03 22:53:22.423 26437 26544 I RobotCore: SHOOTER time: 1536718906
12-03 22:53:22.423 26437 26544 I RobotCore: SHOOTER 1: 13
12-03 22:53:22.424 26437 26544 I RobotCore: SHOOTER 2: 12
12-03 22:53:22.434 26437 26544 I RobotCore: SHOOTER time: 1547770468
12-03 22:53:22.435 26437 26544 I RobotCore: SHOOTER 1: 8
12-03 22:53:22.435 26437 26544 I RobotCore: SHOOTER 2: 8
12-03 22:53:22.445 26437 26544 I RobotCore: SHOOTER time: 1558200052
12-03 22:53:22.445 26437 26544 I RobotCore: SHOOTER 1: 10
12-03 22:53:22.445 26437 26544 I RobotCore: SHOOTER 2: 10
12-03 22:53:22.455 26437 26544 I RobotCore: SHOOTER time: 1568696666
12-03 22:53:22.455 26437 26544 I RobotCore: SHOOTER 1: 11
12-03 22:53:22.455 26437 26544 I RobotCore: SHOOTER 2: 10
12-03 22:53:22.466 26437 26544 I RobotCore: SHOOTER time: 1579096562
12-03 22:53:22.466 26437 26544 I RobotCore: SHOOTER 1: 7
12-03 22:53:22.466 26437 26544 I RobotCore: SHOOTER 2: 7
12-03 22:53:22.476 26437 26544 I RobotCore: SHOOTER time: 1589707395
12-03 22:53:22.476 26437 26544 I RobotCore: SHOOTER 1: 11
12-03 22:53:22.476 26437 26544 I RobotCore: SHOOTER 2: 11
12-03 22:53:22.487 26437 26544 I RobotCore: SHOOTER time: 1600090052
12-03 22:53:22.487 26437 26544 I RobotCore: SHOOTER 1: 11
12-03 22:53:22.487 26437 26544 I RobotCore: SHOOTER 2: 10
12-03 22:53:22.497 26437 26544 I RobotCore: SHOOTER time: 1610500677
12-03 22:53:22.497 26437 26544 I RobotCore: SHOOTER 1: 7
12-03 22:53:22.497 26437 26544 I RobotCore: SHOOTER 2: 7
12-03 22:53:22.508 26437 26544 I RobotCore: SHOOTER time: 1621108958
12-03 22:53:22.508 26437 26544 I RobotCore: SHOOTER 1: 11
12-03 22:53:22.508 26437 26544 I RobotCore: SHOOTER 2: 10
12-03 22:53:22.518 26437 26544 I RobotCore: SHOOTER time: 1631652760
12-03 22:53:22.518 26437 26544 I RobotCore: SHOOTER 1: 7
12-03 22:53:22.518 26437 26544 I RobotCore: SHOOTER 2: 7
12-03 22:53:22.529 26437 26544 I RobotCore: SHOOTER time: 1642064166
12-03 22:53:22.529 26437 26544 I RobotCore: SHOOTER 1: 11
12-03 22:53:22.529 26437 26544 I RobotCore: SHOOTER 2: 10
12-03 22:53:22.539 26437 26544 I RobotCore: SHOOTER time: 1652466250
12-03 22:53:22.539 26437 26544 I RobotCore: SHOOTER 1: 8
12-03 22:53:22.539 26437 26544 I RobotCore: SHOOTER 2: 8
12-03 22:53:22.550 26437 26544 I RobotCore: SHOOTER time: 1663039323
12-03 22:53:22.550 26437 26544 I RobotCore: SHOOTER 1: 12
12-03 22:53:22.550 26437 26544 I RobotCore: SHOOTER 2: 12
12-03 22:53:22.561 26437 26544 I RobotCore: SHOOTER time: 1673807708
12-03 22:53:22.561 26437 26544 I RobotCore: SHOOTER 1: 4
12-03 22:53:22.561 26437 26544 I RobotCore: SHOOTER 2: 3
12-03 22:53:22.571 26437 26544 I RobotCore: SHOOTER time: 1684347916
12-03 22:53:22.571 26437 26544 I RobotCore: SHOOTER 1: 11
12-03 22:53:22.571 26437 26544 I RobotCore: SHOOTER 2: 11
12-03 22:53:22.581 26437 26544 I RobotCore: SHOOTER time: 1694794635
12-03 22:53:22.582 26437 26544 I RobotCore: SHOOTER 1: 15
12-03 22:53:22.582 26437 26544 I RobotCore: SHOOTER 2: 14
12-03 22:53:22.592 26437 26544 I RobotCore: SHOOTER time: 1705331875
12-03 22:53:22.592 26437 26544 I RobotCore: SHOOTER 1: 8
12-03 22:53:22.592 26437 26544 I RobotCore: SHOOTER 2: 8
12-03 22:53:22.603 26437 26544 I RobotCore: SHOOTER time: 1715855364
12-03 22:53:22.603 26437 26544 I RobotCore: SHOOTER 1: 12
12-03 22:53:22.603 26437 26544 I RobotCore: SHOOTER 2: 11
12-03 22:53:22.613 26437 26544 I RobotCore: SHOOTER time: 1726353020
12-03 22:53:22.613 26437 26544 I RobotCore: SHOOTER 1: 7
12-03 22:53:22.613 26437 26544 I RobotCore: SHOOTER 2: 7
12-03 22:53:22.623 26437 26544 I RobotCore: SHOOTER time: 1736823802
12-03 22:53:22.624 26437 26544 I RobotCore: SHOOTER 1: 11
12-03 22:53:22.624 26437 26544 I RobotCore: SHOOTER 2: 10
12-03 22:53:22.634 26437 26544 I RobotCore: SHOOTER time: 1747449479
12-03 22:53:22.634 26437 26544 I RobotCore: SHOOTER 1: 8
12-03 22:53:22.634 26437 26544 I RobotCore: SHOOTER 2: 8
12-03 22:53:22.644 26437 26544 I RobotCore: SHOOTER time: 1757803333
12-03 22:53:22.645 26437 26544 I RobotCore: SHOOTER 1: 11
12-03 22:53:22.645 26437 26544 I RobotCore: SHOOTER 2: 10
12-03 22:53:22.655 26437 26544 I RobotCore: SHOOTER time: 1768360416
12-03 22:53:22.655 26437 26544 I RobotCore: SHOOTER 1: 11
12-03 22:53:22.655 26437 26544 I RobotCore: SHOOTER 2: 11
12-03 22:53:22.666 26437 26544 I RobotCore: SHOOTER time: 1778823593
12-03 22:53:22.666 26437 26544 I RobotCore: SHOOTER 1: 7
12-03 22:53:22.666 26437 26544 I RobotCore: SHOOTER 2: 7
12-03 22:53:22.676 26437 26544 I RobotCore: SHOOTER time: 1789325468
12-03 22:53:22.676 26437 26544 I RobotCore: SHOOTER 1: 12
12-03 22:53:22.676 26437 26544 I RobotCore: SHOOTER 2: 11
12-03 22:53:22.687 26437 26544 I RobotCore: SHOOTER time: 1799937395
12-03 22:53:22.687 26437 26544 I RobotCore: SHOOTER 1: 7
12-03 22:53:22.687 26437 26544 I RobotCore: SHOOTER 2: 7
12-03 22:53:22.697 26437 26544 I RobotCore: SHOOTER time: 1810565416
12-03 22:53:22.697 26437 26544 I RobotCore: SHOOTER 1: 12
12-03 22:53:22.697 26437 26544 I RobotCore: SHOOTER 2: 11
12-03 22:53:22.708 26437 26544 I RobotCore: SHOOTER time: 1821343958
12-03 22:53:22.708 26437 26544 I RobotCore: SHOOTER 1: 7
12-03 22:53:22.708 26437 26544 I RobotCore: SHOOTER 2: 7
12-03 22:53:22.719 26437 26544 I RobotCore: SHOOTER time: 1831988177
12-03 22:53:22.719 26437 26544 I RobotCore: SHOOTER 1: 13
12-03 22:53:22.719 26437 26544 I RobotCore: SHOOTER 2: 12
12-03 22:53:22.729 26437 26544 I RobotCore: SHOOTER time: 1842584375
12-03 22:53:22.729 26437 26544 I RobotCore: SHOOTER 1: 8
12-03 22:53:22.729 26437 26544 I RobotCore: SHOOTER 2: 7
12-03 22:53:22.740 26437 26544 I RobotCore: SHOOTER time: 1853200260
12-03 22:53:22.740 26437 26544 I RobotCore: SHOOTER 1: 13
12-03 22:53:22.740 26437 26544 I RobotCore: SHOOTER 2: 13
12-03 22:53:22.751 26437 26544 I RobotCore: SHOOTER time: 1863954427
12-03 22:53:22.751 26437 26544 I RobotCore: SHOOTER 1: 7
12-03 22:53:22.751 26437 26544 I RobotCore: SHOOTER 2: 7
12-03 22:53:22.761 26437 26544 I RobotCore: SHOOTER time: 1874426510
12-03 22:53:22.761 26437 26544 I RobotCore: SHOOTER 1: 13
12-03 22:53:22.761 26437 26544 I RobotCore: SHOOTER 2: 12
12-03 22:53:22.772 26437 26544 I RobotCore: SHOOTER time: 1884844583
12-03 22:53:22.772 26437 26544 I RobotCore: SHOOTER 1: 8
12-03 22:53:22.772 26437 26544 I RobotCore: SHOOTER 2: 7
12-03 22:53:22.782 26437 26544 I RobotCore: SHOOTER time: 1895498281
12-03 22:53:22.782 26437 26544 I RobotCore: SHOOTER 1: 11
12-03 22:53:22.782 26437 26544 I RobotCore: SHOOTER 2: 11
12-03 22:53:22.793 26437 26544 I RobotCore: SHOOTER time: 1906114270
12-03 22:53:22.793 26437 26544 I RobotCore: SHOOTER 1: 8
12-03 22:53:22.793 26437 26544 I RobotCore: SHOOTER 2: 8
12-03 22:53:22.804 26437 26544 I RobotCore: SHOOTER time: 1916897187
12-03 22:53:22.804 26437 26544 I RobotCore: SHOOTER 1: 13
12-03 22:53:22.804 26437 26544 I RobotCore: SHOOTER 2: 12
12-03 22:53:22.814 26437 26544 I RobotCore: SHOOTER time: 1927635312
12-03 22:53:22.814 26437 26544 I RobotCore: SHOOTER 1: 8
12-03 22:53:22.814 26437 26544 I RobotCore: SHOOTER 2: 8
12-03 22:53:22.825 26437 26544 I RobotCore: SHOOTER time: 1938323749
12-03 22:53:22.825 26437 26544 I RobotCore: SHOOTER 1: 13
12-03 22:53:22.825 26437 26544 I RobotCore: SHOOTER 2: 11
12-03 22:53:22.836 26437 26544 I RobotCore: SHOOTER time: 1948934010
12-03 22:53:22.836 26437 26544 I RobotCore: SHOOTER 1: 9
12-03 22:53:22.836 26437 26544 I RobotCore: SHOOTER 2: 9
12-03 22:53:22.846 26437 26544 I RobotCore: SHOOTER time: 1959575156
12-03 22:53:22.846 26437 26544 I RobotCore: SHOOTER 1: 8
12-03 22:53:22.846 26437 26544 I RobotCore: SHOOTER 2: 7
12-03 22:53:22.857 26437 26544 I RobotCore: SHOOTER time: 1970187343
12-03 22:53:22.857 26437 26544 I RobotCore: SHOOTER 1: 11
12-03 22:53:22.857 26437 26544 I RobotCore: SHOOTER 2: 11
12-03 22:53:22.867 26437 26544 I RobotCore: SHOOTER time: 1980711302
12-03 22:53:22.867 26437 26544 I RobotCore: SHOOTER 1: 12
12-03 22:53:22.867 26437 26544 I RobotCore: SHOOTER 2: 11
12-03 22:53:22.878 26437 26544 I RobotCore: SHOOTER time: 1991373020
12-03 22:53:22.878 26437 26544 I RobotCore: SHOOTER 1: 7
12-03 22:53:22.878 26437 26544 I RobotCore: SHOOTER 2: 7
12-03 22:53:22.888 26437 26544 I RobotCore: SHOOTER time: 2001844635
12-03 22:53:22.889 26437 26544 I RobotCore: SHOOTER 1: 11
12-03 22:53:22.889 26437 26544 I RobotCore: SHOOTER 2: 10
12-03 22:53:22.899 26437 26544 I RobotCore: SHOOTER time: 2012344947
12-03 22:53:22.899 26437 26544 I RobotCore: SHOOTER 1: 11
12-03 22:53:22.899 26437 26544 I RobotCore: SHOOTER 2: 11
12-03 22:53:22.910 26437 26544 I RobotCore: SHOOTER time: 2022970052
12-03 22:53:22.910 26437 26544 I RobotCore: SHOOTER 1: 9
12-03 22:53:22.910 26437 26544 I RobotCore: SHOOTER 2: 11
12-03 22:53:22.920 26437 26544 I RobotCore: SHOOTER time: 2033656927
12-03 22:53:22.920 26437 26544 I RobotCore: SHOOTER 1: 10
12-03 22:53:22.920 26437 26544 I RobotCore: SHOOTER 2: 7
12-03 22:53:22.931 26437 26544 I RobotCore: SHOOTER time: 2044477447
12-03 22:53:22.931 26437 26544 I RobotCore: SHOOTER 1: 12
12-03 22:53:22.931 26437 26544 I RobotCore: SHOOTER 2: 11
12-03 22:53:22.942 26437 26544 I RobotCore: SHOOTER time: 2055185624
12-03 22:53:22.942 26437 26544 I RobotCore: SHOOTER 1: 7
12-03 22:53:22.942 26437 26544 I RobotCore: SHOOTER 2: 7
12-03 22:53:22.952 26437 26544 I RobotCore: SHOOTER time: 2065781822
12-03 22:53:22.953 26437 26544 I RobotCore: SHOOTER 1: 12
12-03 22:53:22.953 26437 26544 I RobotCore: SHOOTER 2: 11
12-03 22:53:22.963 26437 26544 I RobotCore: SHOOTER time: 2076590677
12-03 22:53:22.963 26437 26544 I RobotCore: SHOOTER 1: 11
12-03 22:53:22.963 26437 26544 I RobotCore: SHOOTER 2: 10
12-03 22:53:22.974 26437 26544 I RobotCore: SHOOTER time: 2087224427
12-03 22:53:22.974 26437 26544 I RobotCore: SHOOTER 1: 8
12-03 22:53:22.974 26437 26544 I RobotCore: SHOOTER 2: 12
12-03 22:53:22.985 26437 26544 I RobotCore: SHOOTER time: 2097875260
12-03 22:53:22.985 26437 26544 I RobotCore: SHOOTER 1: 12
12-03 22:53:22.985 26437 26544 I RobotCore: SHOOTER 2: 6
12-03 22:53:22.996 26437 26544 I RobotCore: SHOOTER time: 2108883958
12-03 22:53:22.996 26437 26544 I RobotCore: SHOOTER 1: 12
12-03 22:53:22.996 26437 26544 I RobotCore: SHOOTER 2: 11
12-03 22:53:23.006 26437 26544 I RobotCore: SHOOTER time: 2119577031
12-03 22:53:23.006 26437 26544 I RobotCore: SHOOTER 1: 11
12-03 22:53:23.006 26437 26544 I RobotCore: SHOOTER 2: 11
12-03 22:53:23.017 26437 26544 I RobotCore: SHOOTER time: 2130258333
12-03 22:53:23.017 26437 26544 I RobotCore: SHOOTER 1: 8
12-03 22:53:23.017 26437 26544 I RobotCore: SHOOTER 2: 8
12-03 22:53:23.028 26437 26544 I RobotCore: SHOOTER time: 2140974999
12-03 22:53:23.028 26437 26544 I RobotCore: SHOOTER 1: 12
12-03 22:53:23.028 26437 26544 I RobotCore: SHOOTER 2: 10
12-03 22:53:23.038 26437 26544 I RobotCore: SHOOTER time: 2151700468
12-03 22:53:23.038 26437 26544 I RobotCore: SHOOTER 1: 11
12-03 22:53:23.038 26437 26544 I RobotCore: SHOOTER 2: 11
12-03 22:53:23.049 26437 26544 I RobotCore: SHOOTER time: 2162360312
12-03 22:53:23.049 26437 26544 I RobotCore: SHOOTER 1: 8
12-03 22:53:23.049 26437 26544 I RobotCore: SHOOTER 2: 8
12-03 22:53:23.060 26437 26544 I RobotCore: SHOOTER time: 2173080885
12-03 22:53:23.060 26437 26544 I RobotCore: SHOOTER 1: 12
12-03 22:53:23.060 26437 26544 I RobotCore: SHOOTER 2: 10
12-03 22:53:23.070 26437 26544 I RobotCore: SHOOTER time: 2183728229
12-03 22:53:23.070 26437 26544 I RobotCore: SHOOTER 1: 8
12-03 22:53:23.071 26437 26544 I RobotCore: SHOOTER 2: 8
12-03 22:53:23.081 26437 26544 I RobotCore: SHOOTER time: 2194115051
12-03 22:53:23.081 26437 26544 I RobotCore: SHOOTER 1: 13
12-03 22:53:23.081 26437 26544 I RobotCore: SHOOTER 2: 12
12-03 22:53:23.091 26437 26544 I RobotCore: SHOOTER time: 2204678333
12-03 22:53:23.091 26437 26544 I RobotCore: SHOOTER 1: 7
12-03 22:53:23.091 26437 26544 I RobotCore: SHOOTER 2: 7
12-03 22:53:23.102 26437 26544 I RobotCore: SHOOTER time: 2215148489
12-03 22:53:23.102 26437 26544 I RobotCore: SHOOTER 1: 12
12-03 22:53:23.102 26437 26544 I RobotCore: SHOOTER 2: 11
12-03 22:53:23.112 26437 26544 I RobotCore: SHOOTER time: 2225665468
12-03 22:53:23.112 26437 26544 I RobotCore: SHOOTER 1: 12
12-03 22:53:23.112 26437 26544 I RobotCore: SHOOTER 2: 11
12-03 22:53:23.123 26437 26544 I RobotCore: SHOOTER time: 2236183176
12-03 22:53:23.123 26437 26544 I RobotCore: SHOOTER 1: 8
12-03 22:53:23.123 26437 26544 I RobotCore: SHOOTER 2: 7
12-03 22:53:23.133 26437 26544 I RobotCore: SHOOTER time: 2246685885
12-03 22:53:23.133 26437 26544 I RobotCore: SHOOTER 1: 11
12-03 22:53:23.133 26437 26544 I RobotCore: SHOOTER 2: 11
12-03 22:53:23.144 26437 26544 I RobotCore: SHOOTER time: 2257026979
12-03 22:53:23.144 26437 26544 I RobotCore: SHOOTER 1: 8
12-03 22:53:23.144 26437 26544 I RobotCore: SHOOTER 2: 8
12-03 22:53:23.154 26437 26544 I RobotCore: SHOOTER time: 2267715885
12-03 22:53:23.155 26437 26544 I RobotCore: SHOOTER 1: 12
12-03 22:53:23.155 26437 26544 I RobotCore: SHOOTER 2: 10
12-03 22:53:23.165 26437 26544 I RobotCore: SHOOTER time: 2278147708
12-03 22:53:23.165 26437 26544 I RobotCore: SHOOTER 1: 9
12-03 22:53:23.165 26437 26544 I RobotCore: SHOOTER 2: 9
12-03 22:53:23.175 26437 26544 I RobotCore: SHOOTER time: 2288582916
12-03 22:53:23.175 26437 26544 I RobotCore: SHOOTER 1: 13
12-03 22:53:23.175 26437 26544 I RobotCore: SHOOTER 2: 12
12-03 22:53:23.186 26437 26544 I RobotCore: SHOOTER time: 2299094218
12-03 22:53:23.186 26437 26544 I RobotCore: SHOOTER 1: 7
12-03 22:53:23.186 26437 26544 I RobotCore: SHOOTER 2: 7
12-03 22:53:23.197 26437 26544 I RobotCore: SHOOTER time: 2310016926
12-03 22:53:23.197 26437 26544 I RobotCore: SHOOTER 1: 12
12-03 22:53:23.197 26437 26544 I RobotCore: SHOOTER 2: 11
12-03 22:53:23.207 26437 26544 I RobotCore: SHOOTER time: 2320499739
12-03 22:53:23.207 26437 26544 I RobotCore: SHOOTER 1: 12
12-03 22:53:23.207 26437 26544 I RobotCore: SHOOTER 2: 11
12-03 22:53:23.218 26437 26544 I RobotCore: SHOOTER time: 2331144583
12-03 22:53:23.218 26437 26544 I RobotCore: SHOOTER 1: 7
12-03 22:53:23.218 26437 26544 I RobotCore: SHOOTER 2: 7
12-03 22:53:23.228 26437 26544 I RobotCore: SHOOTER time: 2341541874
12-03 22:53:23.228 26437 26544 I RobotCore: SHOOTER 1: 12
12-03 22:53:23.228 26437 26544 I RobotCore: SHOOTER 2: 11
12-03 22:53:23.239 26437 26544 I RobotCore: SHOOTER time: 2352231770
12-03 22:53:23.239 26437 26544 I RobotCore: SHOOTER 1: 12
12-03 22:53:23.239 26437 26544 I RobotCore: SHOOTER 2: 11
12-03 22:53:23.250 26437 26544 I RobotCore: SHOOTER time: 2362847031
12-03 22:53:23.250 26437 26544 I RobotCore: SHOOTER 1: 9
12-03 22:53:23.250 26437 26544 I RobotCore: SHOOTER 2: 8
12-03 22:53:23.260 26437 26544 I RobotCore: SHOOTER time: 2373354739
12-03 22:53:23.260 26437 26544 I RobotCore: SHOOTER 1: 13
12-03 22:53:23.260 26437 26544 I RobotCore: SHOOTER 2: 12
12-03 22:53:23.270 26437 26544 I RobotCore: SHOOTER time: 2383754739
12-03 22:53:23.271 26437 26544 I RobotCore: SHOOTER 1: 9
12-03 22:53:23.271 26437 26544 I RobotCore: SHOOTER 2: 8
12-03 22:53:23.281 26437 26544 I RobotCore: SHOOTER time: 2394171510
12-03 22:53:23.281 26437 26544 I RobotCore: SHOOTER 1: 11
12-03 22:53:23.281 26437 26544 I RobotCore: SHOOTER 2: 10
12-03 22:53:23.292 26437 26544 I RobotCore: SHOOTER time: 2404887083
12-03 22:53:23.292 26437 26544 I RobotCore: SHOOTER 1: 8
12-03 22:53:23.292 26437 26544 I RobotCore: SHOOTER 2: 12
12-03 22:53:23.302 26437 26544 I RobotCore: SHOOTER time: 2415517135
12-03 22:53:23.302 26437 26544 I RobotCore: SHOOTER 1: 12
12-03 22:53:23.302 26437 26544 I RobotCore: SHOOTER 2: 7
12-03 22:53:23.313 26437 26544 I RobotCore: SHOOTER time: 2425943749
12-03 22:53:23.313 26437 26544 I RobotCore: SHOOTER 1: 12
12-03 22:53:23.313 26437 26544 I RobotCore: SHOOTER 2: 11
12-03 22:53:23.323 26437 26544 I RobotCore: SHOOTER time: 2436663437
12-03 22:53:23.323 26437 26544 I RobotCore: SHOOTER 1: 9
12-03 22:53:23.323 26437 26544 I RobotCore: SHOOTER 2: 9
12-03 22:53:23.334 26437 26544 I RobotCore: SHOOTER time: 2447105260
12-03 22:53:23.334 26437 26544 I RobotCore: SHOOTER 1: 8
12-03 22:53:23.334 26437 26544 I RobotCore: SHOOTER 2: 7
12-03 22:53:23.344 26437 26544 I RobotCore: SHOOTER time: 2457664739
12-03 22:53:23.344 26437 26544 I RobotCore: SHOOTER 1: 13
12-03 22:53:23.344 26437 26544 I RobotCore: SHOOTER 2: 12
12-03 22:53:23.355 26437 26544 I RobotCore: SHOOTER time: 2468299374
12-03 22:53:23.355 26437 26544 I RobotCore: SHOOTER 1: 9
12-03 22:53:23.355 26437 26544 I RobotCore: SHOOTER 2: 9
12-03 22:53:23.365 26437 26544 I RobotCore: SHOOTER time: 2478798697
12-03 22:53:23.366 26437 26544 I RobotCore: SHOOTER 1: 12
12-03 22:53:23.366 26437 26544 I RobotCore: SHOOTER 2: 10
12-03 22:53:23.376 26437 26544 I RobotCore: SHOOTER time: 2489274843
12-03 22:53:23.376 26437 26544 I RobotCore: SHOOTER 1: 11
12-03 22:53:23.376 26437 26544 I RobotCore: SHOOTER 2: 11
12-03 22:53:23.386 26437 26544 I RobotCore: SHOOTER time: 2499795416
12-03 22:53:23.387 26437 26544 I RobotCore: SHOOTER 1: 10
12-03 22:53:23.387 26437 26544 I RobotCore: SHOOTER 2: 9
12-03 22:53:23.397 26437 26544 I RobotCore: SHOOTER time: 2510342239
12-03 22:53:23.397 26437 26544 I RobotCore: SHOOTER 1: 8
12-03 22:53:23.397 26437 26544 I RobotCore: SHOOTER 2: 8
12-03 22:53:23.407 26437 26544 I RobotCore: SHOOTER time: 2520820937
12-03 22:53:23.408 26437 26544 I RobotCore: SHOOTER 1: 13
12-03 22:53:23.408 26437 26544 I RobotCore: SHOOTER 2: 11
12-03 22:53:23.418 26437 26544 I RobotCore: SHOOTER time: 2531316510
12-03 22:53:23.418 26437 26544 I RobotCore: SHOOTER 1: 8
12-03 22:53:23.418 26437 26544 I RobotCore: SHOOTER 2: 7
12-03 22:53:23.429 26437 26544 I RobotCore: SHOOTER time: 2542042031
12-03 22:53:23.429 26437 26544 I RobotCore: SHOOTER 1: 14
12-03 22:53:23.429 26437 26544 I RobotCore: SHOOTER 2: 14
12-03 22:53:23.439 26437 26544 I RobotCore: SHOOTER time: 2552729739
12-03 22:53:23.439 26437 26544 I RobotCore: SHOOTER 1: 8
12-03 22:53:23.440 26437 26544 I RobotCore: SHOOTER 2: 7
12-03 22:53:23.450 26437 26544 I RobotCore: SHOOTER time: 2563401614
12-03 22:53:23.450 26437 26544 I RobotCore: SHOOTER 1: 12
12-03 22:53:23.450 26437 26544 I RobotCore: SHOOTER 2: 11
12-03 22:53:23.461 26437 26544 I RobotCore: SHOOTER time: 2573832916
12-03 22:53:23.461 26437 26544 I RobotCore: SHOOTER 1: 12
12-03 22:53:23.461 26437 26544 I RobotCore: SHOOTER 2: 11
12-03 22:53:23.471 26437 26544 I RobotCore: SHOOTER time: 2584499999
12-03 22:53:23.471 26437 26544 I RobotCore: SHOOTER 1: 8
12-03 22:53:23.471 26437 26544 I RobotCore: SHOOTER 2: 8
12-03 22:53:23.482 26437 26544 I RobotCore: SHOOTER time: 2595120780
12-03 22:53:23.482 26437 26544 I RobotCore: SHOOTER 1: 12
12-03 22:53:23.482 26437 26544 I RobotCore: SHOOTER 2: 10
12-03 22:53:23.492 26437 26544 I RobotCore: SHOOTER time: 2605756041
12-03 22:53:23.493 26437 26544 I RobotCore: SHOOTER 1: 11
12-03 22:53:23.493 26437 26544 I RobotCore: SHOOTER 2: 11
12-03 22:53:23.503 26437 26544 I RobotCore: SHOOTER time: 2616473697
12-03 22:53:23.503 26437 26544 I RobotCore: SHOOTER 1: 8
12-03 22:53:23.503 26437 26544 I RobotCore: SHOOTER 2: 7
12-03 22:53:23.514 26437 26544 I RobotCore: SHOOTER time: 2627113333
12-03 22:53:23.514 26437 26544 I RobotCore: SHOOTER 1: 13
12-03 22:53:23.514 26437 26544 I RobotCore: SHOOTER 2: 12
12-03 22:53:23.524 26437 26544 I RobotCore: SHOOTER time: 2637739478
12-03 22:53:23.525 26437 26544 I RobotCore: SHOOTER 1: 11
12-03 22:53:23.525 26437 26544 I RobotCore: SHOOTER 2: 10
12-03 22:53:23.535 26437 26544 I RobotCore: SHOOTER time: 2648628593
12-03 22:53:23.535 26437 26544 I RobotCore: SHOOTER 1: 8
12-03 22:53:23.535 26437 26544 I RobotCore: SHOOTER 2: 8
12-03 22:53:23.546 26437 26544 I RobotCore: SHOOTER time: 2659246458
12-03 22:53:23.546 26437 26544 I RobotCore: SHOOTER 1: 12
12-03 22:53:23.546 26437 26544 I RobotCore: SHOOTER 2: 11
12-03 22:53:23.557 26437 26544 I RobotCore: SHOOTER time: 2669929270
12-03 22:53:23.557 26437 26544 I RobotCore: SHOOTER 1: 13
12-03 22:53:23.557 26437 26544 I RobotCore: SHOOTER 2: 11
12-03 22:53:23.567 26437 26544 I RobotCore: SHOOTER time: 2680677187
12-03 22:53:23.567 26437 26544 I RobotCore: SHOOTER 1: 9
12-03 22:53:23.568 26437 26544 I RobotCore: SHOOTER 2: 8
12-03 22:53:23.578 26437 26544 I RobotCore: SHOOTER time: 2691362551
12-03 22:53:23.578 26437 26544 I RobotCore: SHOOTER 1: 10
12-03 22:53:23.578 26437 26544 I RobotCore: SHOOTER 2: 10
12-03 22:53:23.589 26437 26544 I RobotCore: SHOOTER time: 2702033437
12-03 22:53:23.589 26437 26544 I RobotCore: SHOOTER 1: 13
12-03 22:53:23.589 26437 26544 I RobotCore: SHOOTER 2: 12
12-03 22:53:23.599 26437 26544 I RobotCore: SHOOTER time: 2712701301
12-03 22:53:23.599 26437 26544 I RobotCore: SHOOTER 1: 8
12-03 22:53:23.600 26437 26544 I RobotCore: SHOOTER 2: 7
12-03 22:53:23.610 26437 26544 I RobotCore: SHOOTER time: 2723225260
12-03 22:53:23.610 26437 26544 I RobotCore: SHOOTER 1: 11
12-03 22:53:23.610 26437 26544 I RobotCore: SHOOTER 2: 11
12-03 22:53:23.620 26437 26544 I RobotCore: SHOOTER time: 2733786458
12-03 22:53:23.621 26437 26544 I RobotCore: SHOOTER 1: 12
12-03 22:53:23.621 26437 26544 I RobotCore: SHOOTER 2: 11
12-03 22:53:23.631 26437 26544 I RobotCore: SHOOTER time: 2744322239
12-03 22:53:23.631 26437 26544 I RobotCore: SHOOTER 1: 8
12-03 22:53:23.631 26437 26544 I RobotCore: SHOOTER 2: 7
12-03 22:53:23.641 26437 26544 I RobotCore: SHOOTER time: 2754825676
12-03 22:53:23.642 26437 26544 I RobotCore: SHOOTER 1: 13
12-03 22:53:23.642 26437 26544 I RobotCore: SHOOTER 2: 11
12-03 22:53:23.652 26437 26544 I RobotCore: SHOOTER time: 2765173593
12-03 22:53:23.652 26437 26544 I RobotCore: SHOOTER 1: 12
12-03 22:53:23.652 26437 26544 I RobotCore: SHOOTER 2: 11
12-03 22:53:23.662 26437 26544 I RobotCore: SHOOTER time: 2775599791
12-03 22:53:23.662 26437 26544 I RobotCore: SHOOTER 1: 8
12-03 22:53:23.662 26437 26544 I RobotCore: SHOOTER 2: 8
12-03 22:53:23.673 26437 26544 I RobotCore: SHOOTER time: 2786473124
12-03 22:53:23.673 26437 26544 I RobotCore: SHOOTER 1: 12
12-03 22:53:23.673 26437 26544 I RobotCore: SHOOTER 2: 11
12-03 22:53:23.684 26437 26544 I RobotCore: SHOOTER time: 2796915051
12-03 22:53:23.684 26437 26544 I RobotCore: SHOOTER 1: 9
12-03 22:53:23.684 26437 26544 I RobotCore: SHOOTER 2: 8
