01-15 22:46:15.708  6954  7162 D RobotCore: ...arming modern motor controller Modern Robotics USB DC Motor Controller [AI049QOP] complete
01-15 22:46:15.708  6954  7162 V RobotCore: Creating Modern Robotics USB DC Motor Controller [AL00VBIF]
01-15 22:46:15.708  6954  7162 D RobotCore: arming modern motor controller Modern Robotics USB DC Motor Controller [AL00VBIF]...
01-15 22:46:15.709  6954  7162 W System.err: unable to find USB device with serial number AL00VBIF
01-15 22:46:15.709  6954  7162 D RobotCore: arming modern motor controller Modern Robotics USB DC Motor Controller [AL00VBIF] (pretend)...
01-15 22:46:15.709  6954  7162 V RobotCore: Starting up pretend device AL00VBIF
01-15 22:46:15.711  6954  7248 V RobotCore: thread: 'r/w loop: Modern Robotics USB DC Motor Controller [AL00VBIF]' starting...
01-15 22:46:15.711  6954  7162 D RobotCore: ...arming modern motor controller Modern Robotics USB DC Motor Controller [AL00VBIF] complete
01-15 22:46:15.733  6954  7162 I RobotCore: Analytics has completed initialization.
01-15 22:46:15.733  6954  7162 I RobotCore: ========= Device Information ===================================================
01-15 22:46:15.733  6954  7162 I RobotCore: Type                                               Name                           Connection
01-15 22:46:15.734  6954  7162 I RobotCore: I2cDevice                                          colorBack                      USB AI02RHDJ; port 4
01-15 22:46:15.734  6954  7162 I RobotCore: Modern Robotics USB DC Motor Controller            Shooter                        USB AI049QOP
01-15 22:46:15.734  6954  7162 I RobotCore: DC Motor                                           rightFront                     USB AL00VWH0; port 1
01-15 22:46:15.734  6954  7162 I RobotCore: Modern Robotics USB DC Motor Controller            Front Motors                   USB AL00VWH0
01-15 22:46:15.734  6954  7162 I RobotCore: Modern Robotics USB DC Motor Controller            Back Motors                    USB A104OQ1P
01-15 22:46:15.735  6954  7162 I RobotCore: DC Motor                                           leftBack                       USB A104OQ1P; port 2
01-15 22:46:15.735  6954  7162 I RobotCore: Servo                                              upDown                         USB AL00VST0; port 1
01-15 22:46:15.735  6954  7162 I RobotCore: DC Motor                                           shooter2                       USB AI049QOP; port 2
01-15 22:46:15.735  6954  7162 I RobotCore: DC Motor                                           shooter1                       USB AI049QOP; port 1
01-15 22:46:15.735  6954  7162 I RobotCore: DC Motor                                           leftFront                      USB AL00VWH0; port 2
01-15 22:46:15.735  6954  7162 I RobotCore: DC Motor                                           rightBack                      USB A104OQ1P; port 1
01-15 22:46:15.735  6954  7162 I RobotCore: Servo                                              ballFeeder                     USB AL00VST0; port 2
01-15 22:46:15.735  6954  7162 I RobotCore: Modern Robotics USB DC Motor Controller            Intake                         USB AL00VBIF
01-15 22:46:15.735  6954  7162 I RobotCore: Modern Robotics USB Core Device Interface Module   Sensors                        USB AI02RHDJ
01-15 22:46:15.735  6954  7162 I RobotCore: I2cDevice                                          colorFront                     USB AI02RHDJ; port 2
01-15 22:46:15.735  6954  7162 I RobotCore: Modern Robotics USB Servo Controller               Servos                         USB AL00VST0
01-15 22:46:15.735  6954  7162 I RobotCore: DC Motor                                           intake                         USB AL00VBIF; port 1
01-15 22:46:15.736  6954  7162 I RobotCore: Modern Robotics Gyro                               gyro                           USB AI02RHDJ; I2C port: 3
01-15 22:46:15.736  6954  7162 I RobotCore: Modern Robotics Analog Optical Distance Sensor     ods                            USB AI02RHDJ; analog port 7
01-15 22:46:15.736  6954  7162 I FIRST   : ======= INIT FINISH =======
01-15 22:46:15.736  6954  7162 V RobotCore: EventLoopManager state is RUNNING
01-15 22:46:15.749  6954  7162 V RobotCore: Robot Status: running, starting robot
01-15 22:46:15.749  6954  7162 V RobotCore: Robot Status: running
01-15 22:46:15.750  6954  7162 V RobotCore: thread: ...terminating 'RobotSetupRunnable.run()'
01-15 22:46:15.762  6954  7255 V RobotCore: thread: 'opmode loop()' starting...
01-15 22:46:15.768  6954  7255 D RobotCore: system telemetry: key=$System$Warning$ msg="unable to open Modern Robotics USB DC Motor Controller [AL00VBIF]; unable to open Modern Robotics USB Servo Controller [AL00VST0]; unable to open Modern Robotics USB DC Motor Controller [AL00VWH0]; unable to open Modern Robotics USB Core Device Interface Module [AI02RHDJ]; unable to open Modern Robotics USB DC Motor Controller [AI049QOP]; unable to open Modern Robotics USB DC Motor Controller [A104OQ1P]"
01-15 22:46:15.798  6954  7254 D MediaPlayer: setSubtitleAnchor in MediaPlayer
01-15 22:46:15.799  6954  6954 D MediaPlayer: setSubtitleAnchor in MediaPlayer
01-15 22:46:15.836  6954  7252 D ExtendedUtils: extended extractor not needed, return default
01-15 22:46:15.836  6954  7252 I MediaCodec: (0xb7feab60) init name(audio/raw) isType(1) encoder(0)
01-15 22:46:15.842  6954  7261 I OMXClient: Using client-side OMX mux.
01-15 22:46:15.845  6954  7261 E OMXMaster: A component of name 'OMX.qcom.audio.decoder.aac' already exists, ignoring this one.
01-15 22:46:15.847  6954  7261 I MediaCodec: (0xb7feab60) Component Allocated (OMX.google.raw.decoder)
01-15 22:46:15.847  6954  7252 I MediaCodec: (0xb7feab60) configure surface(0x0) crypto(0x0) flags(0)
01-15 22:46:15.847  6954  7252 D MediaCodec: (0xb7feab60) configure format: AMessage(what = 0x00000000) = {
01-15 22:46:15.847  6954  7252 D MediaCodec:    string mime = "audio/raw"
01-15 22:46:15.847  6954  7252 D MediaCodec:    int64_t durationUs = 1019125
01-15 22:46:15.847  6954  7252 D MediaCodec:    int32_t channel-count = 1
01-15 22:46:15.847  6954  7252 D MediaCodec:    int32_t sample-rate = 8000
01-15 22:46:15.847  6954  7252 D MediaCodec:    int32_t channel-mask = 0
01-15 22:46:15.847  6954  7252 D MediaCodec:  }
01-15 22:46:15.849  6954  7252 I MediaCodec: (0xb7feab60) start
01-15 22:46:15.849  6954  7261 I MediaCodec: (0xb7feab60) input buffers allocated
01-15 22:46:15.849  6954  7261 I MediaCodec: (0xb7feab60) numBuffers (4)
01-15 22:46:15.849  6954  7261 I MediaCodec: (0xb7feab60) output buffers allocated
01-15 22:46:15.849  6954  7261 I MediaCodec: (0xb7feab60) numBuffers (4)
01-15 22:46:15.851  6954  7261 I MediaCodec: (0xb7feab60) codec output format changed
01-15 22:46:15.851  6954  7261 D MediaCodec: (0xb7feab60) output format: AMessage(what = 'codc', target = 2) = {
01-15 22:46:15.851  6954  7261 D MediaCodec:    string mime = "audio/raw"
01-15 22:46:15.851  6954  7261 D MediaCodec:    int32_t channel-count = 1
01-15 22:46:15.851  6954  7261 D MediaCodec:    int32_t sample-rate = 8000
01-15 22:46:15.851  6954  7261 D MediaCodec:    int32_t channel-mask = 0
01-15 22:46:15.851  6954  7261 D MediaCodec:    int32_t what = 1869968451
01-15 22:46:15.851  6954  7261 D MediaCodec:  }
01-15 22:46:15.852  6954  7252 I MediaCodec: (0xb7feab60) stop
01-15 22:46:15.853  6954  7252 I MediaCodec: (0xb7feab60) release
01-15 22:46:15.857  6954  7254 W AudioTrack: AUDIO_OUTPUT_FLAG_FAST denied by client; transfer 4, track 8000 Hz, output 48000 Hz
01-15 22:46:15.883  6954  7254 D MediaPlayer: setSubtitleAnchor in MediaPlayer
01-15 22:46:15.884  6954  6954 D MediaPlayer: setSubtitleAnchor in MediaPlayer
01-15 22:46:15.900  6954  7252 D ExtendedUtils: extended extractor not needed, return default
01-15 22:46:15.900  6954  7252 I MediaCodec: (0xb807eda8) init name(audio/raw) isType(1) encoder(0)
01-15 22:46:15.903  6954  7268 I OMXClient: Using client-side OMX mux.
01-15 22:46:15.905  6954  7268 E OMXMaster: A component of name 'OMX.qcom.audio.decoder.aac' already exists, ignoring this one.
01-15 22:46:15.907  6954  7268 I MediaCodec: (0xb807eda8) Component Allocated (OMX.google.raw.decoder)
01-15 22:46:15.907  6954  7252 I MediaCodec: (0xb807eda8) configure surface(0x0) crypto(0x0) flags(0)
01-15 22:46:15.907  6954  7252 D MediaCodec: (0xb807eda8) configure format: AMessage(what = 0x00000000) = {
01-15 22:46:15.907  6954  7252 D MediaCodec:    string mime = "audio/raw"
01-15 22:46:15.907  6954  7252 D MediaCodec:    int64_t durationUs = 1043650
01-15 22:46:15.907  6954  7252 D MediaCodec:    int32_t channel-count = 2
01-15 22:46:15.907  6954  7252 D MediaCodec:    int32_t sample-rate = 44100
01-15 22:46:15.907  6954  7252 D MediaCodec:    int32_t channel-mask = 0
01-15 22:46:15.907  6954  7252 D MediaCodec:  }
01-15 22:46:15.908  6954  7252 I MediaCodec: (0xb807eda8) start
01-15 22:46:15.908  6954  7268 I MediaCodec: (0xb807eda8) input buffers allocated
01-15 22:46:15.908  6954  7268 I MediaCodec: (0xb807eda8) numBuffers (4)
01-15 22:46:15.908  6954  7268 I MediaCodec: (0xb807eda8) output buffers allocated
01-15 22:46:15.908  6954  7268 I MediaCodec: (0xb807eda8) numBuffers (4)
01-15 22:46:15.910  6954  7268 I MediaCodec: (0xb807eda8) codec output format changed
01-15 22:46:15.910  6954  7268 D MediaCodec: (0xb807eda8) output format: AMessage(what = 'codc', target = 6) = {
01-15 22:46:15.910  6954  7268 D MediaCodec:    string mime = "audio/raw"
01-15 22:46:15.910  6954  7268 D MediaCodec:    int32_t channel-count = 2
01-15 22:46:15.910  6954  7268 D MediaCodec:    int32_t sample-rate = 44100
01-15 22:46:15.910  6954  7268 D MediaCodec:    int32_t channel-mask = 0
01-15 22:46:15.910  6954  7268 D MediaCodec:    int32_t what = 1869968451
01-15 22:46:15.910  6954  7268 D MediaCodec:  }
01-15 22:46:15.915  6954  7252 I MediaCodec: (0xb807eda8) stop
01-15 22:46:15.916  6954  7252 I MediaCodec: (0xb807eda8) release
01-15 22:46:15.965  6954  7241 D Robocol : no packet received: SocketTimeoutException
01-15 22:46:16.270  6954  7255 I RobotCore: Attempting to switch to op mode $Stop$Robot$
01-15 22:46:16.782  6954  7255 I RobotCore: robot battery read duration: n=0, mean=0.000ms sd=-0.000ms
01-15 22:46:16.877  6954  7254 W AudioTrack: AUDIO_OUTPUT_FLAG_FAST denied by client; transfer 4, track 44100 Hz, output 48000 Hz
01-15 22:48:09.842  6954  6960 I art     : Debugger is no longer active
01-15 22:48:18.774  6954  6954 V RCActivity: onPause()
01-15 22:48:18.783  6954  6954 V RCActivity: onStop()
01-15 22:48:18.783  6954  6954 V RobotCore: executive service robot setup is terminated
01-15 22:48:18.783  6954  6954 V Robocol : EventLoopManager.shutdown()
01-15 22:48:18.783  6954  6954 V RobotCore: waiting for service EventLoop
01-15 22:48:18.784  6954  7255 I FIRST   : ======= TEARDOWN =======
01-15 22:48:18.785  6954  7255 D RobotCore: disarming modern motor controller Modern Robotics USB DC Motor Controller [AI049QOP]...
01-15 22:48:18.790  6954  7255 V RobotCore: waiting for service ReadWriteRunnable for Modern Robotics USB Device
01-15 22:48:18.790  6954  7247 V RobotCore: thread: ...terminating 'r/w loop: Modern Robotics USB DC Motor Controller [AI049QOP]'
01-15 22:48:18.791  6954  7255 V RobotCore: awaitTerminationOrExitApplication ReadWriteRunnable for Modern Robotics USB Device; interrupt thrown
01-15 22:48:18.891  6954  7255 D RobotCore: ...disarming modern motor controller Modern Robotics USB DC Motor Controller [AI049QOP] complete
01-15 22:48:18.891  6954  7255 D RobotCore: disarming modern motor controller Modern Robotics USB DC Motor Controller [AL00VBIF]...
01-15 22:48:18.896  6954  7255 V RobotCore: waiting for service ReadWriteRunnable for Modern Robotics USB Device
01-15 22:48:18.896  6954  7248 V RobotCore: thread: ...terminating 'r/w loop: Modern Robotics USB DC Motor Controller [AL00VBIF]'
01-15 22:48:18.896  6954  7255 V RobotCore: awaitTermination returned, isTerminated=true
01-15 22:48:18.896  6954  7255 V RobotCore: executive service ReadWriteRunnable for Modern Robotics USB Device is terminated
01-15 22:48:18.896  6954  7255 D RobotCore: ...disarming modern motor controller Modern Robotics USB DC Motor Controller [AL00VBIF] complete
01-15 22:48:18.897  6954  7255 D RobotCore: disarming modern motor controller Modern Robotics USB DC Motor Controller [AL00VWH0]...
01-15 22:48:18.904  6954  7255 V RobotCore: waiting for service ReadWriteRunnable for Modern Robotics USB Device
01-15 22:48:18.904  6954  7246 V RobotCore: thread: ...terminating 'r/w loop: Modern Robotics USB DC Motor Controller [AL00VWH0]'
01-15 22:48:18.904  6954  7255 V RobotCore: awaitTermination returned, isTerminated=true
01-15 22:48:18.904  6954  7255 V RobotCore: executive service ReadWriteRunnable for Modern Robotics USB Device is terminated
01-15 22:48:18.904  6954  7255 D RobotCore: ...disarming modern motor controller Modern Robotics USB DC Motor Controller [AL00VWH0] complete
01-15 22:48:18.904  6954  7255 D RobotCore: disarming modern motor controller Modern Robotics USB DC Motor Controller [A104OQ1P]...
01-15 22:48:18.910  6954  7245 V RobotCore: thread: ...terminating 'r/w loop: Modern Robotics USB DC Motor Controller [A104OQ1P]'
01-15 22:48:18.911  6954  7255 V RobotCore: executive service ReadWriteRunnable for Modern Robotics USB Device is terminated
01-15 22:48:18.911  6954  7255 D RobotCore: ...disarming modern motor controller Modern Robotics USB DC Motor Controller [A104OQ1P] complete
01-15 22:48:18.911  6954  7255 D RobotCore: disarming modern servo controller "Modern Robotics USB Servo Controller [AL00VST0]"...
01-15 22:48:18.912  6954  7243 V RobotCore: thread: ...terminating 'r/w loop: Modern Robotics USB Servo Controller [AL00VST0]'
01-15 22:48:18.912  6954  7255 V RobotCore: waiting for service ReadWriteRunnable for Modern Robotics USB Device
01-15 22:48:18.912  6954  7255 V RobotCore: awaitTermination returned, isTerminated=true
01-15 22:48:18.912  6954  7255 V RobotCore: executive service ReadWriteRunnable for Modern Robotics USB Device is terminated
01-15 22:48:18.912  6954  7255 D RobotCore: ...disarming modern servo controller Modern Robotics USB Servo Controller [AL00VST0] complete
01-15 22:48:18.917  6954  7244 V RobotCore: thread: ...terminating 'r/w loop: Modern Robotics USB Core Device Interface Module [AI02RHDJ]'
01-15 22:48:18.917  6954  7255 V RobotCore: waiting for service ReadWriteRunnable for Modern Robotics USB Device
01-15 22:48:18.917  6954  7255 V RobotCore: awaitTermination returned, isTerminated=true
01-15 22:48:18.917  6954  7255 V RobotCore: executive service ReadWriteRunnable for Modern Robotics USB Device is terminated
01-15 22:48:18.918  6954  7255 I FIRST   : ======= TEARDOWN COMPLETE =======
01-15 22:48:18.918  6954  7255 V RobotCore: thread: ...terminating 'opmode loop()'
01-15 22:48:18.918  6954  6954 V RobotCore: awaitTermination returned, isTerminated=true
01-15 22:48:18.918  6954  6954 V RobotCore: executive service EventLoop is terminated
01-15 22:48:18.918  6954  6954 V RobotCore: EventLoopManager state is STOPPED
01-15 22:48:18.920  6954  6954 V RobotCore: Robot Status: stopped
01-15 22:51:28.477 10328 10328 I art     : Late-enabling -Xcheck:jni
01-15 22:51:28.602 10328 10328 I InstantRun: Instant Run Runtime started. Android package is com.qualcomm.ftcrobotcontroller, real application class is org.firstinspires.ftc.robotcore.internal.RobotApplication.
01-15 22:51:29.259 10393 10393 I dex2oat : /system/bin/dex2oat --dex-file=/data/data/com.qualcomm.ftcrobotcontroller/files/instant-run/dex/slice-slice_2-classes.dex --oat-file=/data/user/0/com.qualcomm.ftcrobotcontroller/cache/slice-slice_2-classes.dex
01-15 22:51:29.656 10393 10393 I dex2oat : dex2oat took 397.419ms (threads: 4) arena alloc=106KB java alloc=110KB native alloc=2MB free=93KB
01-15 22:51:29.923 10328 10328 V RCActivity: onCreate()
01-15 22:51:29.928 10328 10407 V RobotCore: saving logcat to /storage/emulated/0/com.qualcomm.ftcrobotcontroller.logcat
01-15 22:51:29.928 10328 10407 V RobotCore: logging command line: logcat -f /storage/emulated/0/com.qualcomm.ftcrobotcontroller.logcat -r4096 -n4 -v threadtime UsbRequestJNI:S UsbRequest:S *:V
01-15 22:51:29.955 10328 10328 I WebViewFactory: Loading com.google.android.webview version 46.0.2490.76 (code 249007600)
01-15 22:51:29.952 10409 10409 W ps      : type=1400 audit(0.0:50237): avc: denied { getattr } for uid=10109 path="/proc/1" dev="proc" ino=469542 scontext=u:r:untrusted_app:s0:c512,c768 tcontext=u:r:init:s0 tclass=dir permissive=0
01-15 22:51:29.952 10409 10409 W ps      : type=1400 audit(0.0:50238): avc: denied { search } for uid=10109 name="1" dev="proc" ino=469542 scontext=u:r:untrusted_app:s0:c512,c768 tcontext=u:r:init:s0 tclass=dir permissive=0
01-15 22:51:29.952 10409 10409 W ps      : type=1400 audit(0.0:50239): avc: denied { search } for uid=10109 name="1" dev="proc" ino=469542 scontext=u:r:untrusted_app:s0:c512,c768 tcontext=u:r:init:s0 tclass=dir permissive=0
01-15 22:51:29.952 10409 10409 W ps      : type=1400 audit(0.0:50240): avc: denied { getattr } for uid=10109 path="/proc/2" dev="proc" ino=469747 scontext=u:r:untrusted_app:s0:c512,c768 tcontext=u:r:kernel:s0 tclass=dir permissive=0
01-15 22:51:29.952 10409 10409 W ps      : type=1400 audit(0.0:50241): avc: denied { search } for uid=10109 name="2" dev="proc" ino=469747 scontext=u:r:untrusted_app:s0:c512,c768 tcontext=u:r:kernel:s0 tclass=dir permissive=0
01-15 22:51:29.952 10409 10409 W ps      : type=1400 audit(0.0:50242): avc: denied { search } for uid=10109 name="2" dev="proc" ino=469747 scontext=u:r:untrusted_app:s0:c512,c768 tcontext=u:r:kernel:s0 tclass=dir permissive=0
01-15 22:51:29.952 10409 10409 W ps      : type=1400 audit(0.0:50243): avc: denied { getattr } for uid=10109 path="/proc/3" dev="proc" ino=469748 scontext=u:r:untrusted_app:s0:c512,c768 tcontext=u:r:kernel:s0 tclass=dir permissive=0
01-15 22:51:29.962 10409 10409 W ps      : type=1400 audit(0.0:50244): avc: denied { search } for uid=10109 name="3" dev="proc" ino=469748 scontext=u:r:untrusted_app:s0:c512,c768 tcontext=u:r:kernel:s0 tclass=dir permissive=0
01-15 22:51:29.962 10409 10409 W ps      : type=1400 audit(0.0:50245): avc: denied { search } for uid=10109 name="3" dev="proc" ino=469748 scontext=u:r:untrusted_app:s0:c512,c768 tcontext=u:r:kernel:s0 tclass=dir permissive=0
01-15 22:51:29.962 10409 10409 W ps      : type=1400 audit(0.0:50246): avc: denied { getattr } for uid=10109 path="/proc/5" dev="proc" ino=469749 scontext=u:r:untrusted_app:s0:c512,c768 tcontext=u:r:kernel:s0 tclass=dir permissive=0
01-15 22:51:29.962 10409 10409 W ps      : type=1400 audit(0.0:50247): avc: denied { search } for uid=10109 name="5" dev="proc" ino=469749 scontext=u:r:untrusted_app:s0:c512,c768 tcontext=u:r:kernel:s0 tclass=dir permissive=0
01-15 22:51:29.962 10409 10409 W ps      : type=1400 audit(0.0:50248): avc: denied { search } for uid=10109 name="5" dev="proc" ino=469749 scontext=u:r:untrusted_app:s0:c512,c768 tcontext=u:r:kernel:s0 tclass=dir permissive=0
01-15 22:51:29.962 10409 10409 W ps      : type=1400 audit(0.0:50249): avc: denied { getattr } for uid=10109 path="/proc/6" dev="proc" ino=469750 scontext=u:r:untrusted_app:s0:c512,c768 tcontext=u:r:kernel:s0 tclass=dir permissive=0
01-15 22:51:29.962 10409 10409 W ps      : type=1400 audit(0.0:50250): avc: denied { search } for uid=10109 name="6" dev="proc" ino=469750 scontext=u:r:untrusted_app:s0:c512,c768 tcontext=u:r:kernel:s0 tclass=dir permissive=0
01-15 22:51:29.962 10409 10409 W ps      : type=1400 audit(0.0:50251): avc: denied { search } for uid=10109 name="6" dev="proc" ino=469750 scontext=u:r:untrusted_app:s0:c512,c768 tcontext=u:r:kernel:s0 tclass=dir permissive=0
01-15 22:51:29.962 10409 10409 W ps      : type=1400 audit(0.0:50252): avc: denied { getattr } for uid=10109 path="/proc/7" dev="proc" ino=469751 scontext=u:r:untrusted_app:s0:c512,c768 tcontext=u:r:kernel:s0 tclass=dir permissive=0
01-15 22:51:29.962 10409 10409 W ps      : type=1400 audit(0.0:50253): avc: denied { search } for uid=10109 name="7" dev="proc" ino=469751 scontext=u:r:untrusted_app:s0:c512,c768 tcontext=u:r:kernel:s0 tclass=dir permissive=0
01-15 22:51:29.962 10409 10409 W ps      : type=1400 audit(0.0:50254): avc: denied { search } for uid=10109 name="7" dev="proc" ino=469751 scontext=u:r:untrusted_app:s0:c512,c768 tcontext=u:r:kernel:s0 tclass=dir permissive=0
01-15 22:51:29.962 10409 10409 W ps      : type=1400 audit(0.0:50255): avc: denied { getattr } for uid=10109 path="/proc/8" dev="proc" ino=469752 scontext=u:r:untrusted_app:s0:c512,c768 tcontext=u:r:kernel:s0 tclass=dir permissive=0
01-15 22:51:29.962 10409 10409 W ps      : type=1400 audit(0.0:50256): avc: denied { search } for uid=10109 name="8" dev="proc" ino=469752 scontext=u:r:untrusted_app:s0:c512,c768 tcontext=u:r:kernel:s0 tclass=dir permissive=0
01-15 22:51:29.986 10328 10328 W System  : ClassLoader referenced unknown path: /system/app/WebViewGoogle/lib/arm
01-15 22:51:30.014 10328 10328 I cr.library_loader: Time to load native libraries: 23 ms (timestamps 4635-4658)
01-15 22:51:30.014 10328 10328 I cr.library_loader: Expected native library version number "46.0.2490.76", actual native library version number "46.0.2490.76"
01-15 22:51:30.037 10328 10328 V WebViewChromiumFactoryProvider: Binding Chromium to main looper Looper (main, tid 1) {ec38303}
01-15 22:51:30.037 10328 10328 I cr.library_loader: Expected native library version number "46.0.2490.76", actual native library version number "46.0.2490.76"
01-15 22:51:30.037 10328 10328 I chromium: [INFO:library_loader_hooks.cc(118)] Chromium logging enabled: level = 0, default verbosity = 0
01-15 22:51:30.044 10328 10328 I cr.BrowserStartup: Initializing chromium process, singleProcess=true
01-15 22:51:30.049 10328 10328 E SysUtils: ApplicationContext is null in ApplicationStatus
01-15 22:51:30.074 10328 10328 I Adreno-EGL: <qeglDrvAPI_eglInitialize:379>: EGL 1.4 QUALCOMM build:  (Ifd751822f5)
01-15 22:51:30.074 10328 10328 I Adreno-EGL: OpenGL ES Shader Compiler Version: XE031.06.00.05
01-15 22:51:30.074 10328 10328 I Adreno-EGL: Build Date: 01/26/16 Tue
01-15 22:51:30.074 10328 10328 I Adreno-EGL: Local Branch: AU12_SBA
01-15 22:51:30.074 10328 10328 I Adreno-EGL: Remote Branch: 
01-15 22:51:30.074 10328 10328 I Adreno-EGL: Local Patches: 
01-15 22:51:30.074 10328 10328 I Adreno-EGL: Reconstruct Branch: 
01-15 22:51:30.104 10328 10328 E chromium: [ERROR:browser_gpu_channel_host_factory.cc(258)] Failed to init browser shader disk cache.
01-15 22:51:30.127 10328 10328 E libEGL  : validate_display:255 error 3008 (EGL_BAD_DISPLAY)
01-15 22:51:30.162 10328 10328 W art     : Attempt to remove non-JNI local reference, dumping thread
01-15 22:51:30.181 10328 10328 W AwContents: onDetachedFromWindow called when already detached. Ignoring
01-15 22:51:31.688 10328 10328 V RobotCore: Network: inactive, disconnected
01-15 22:51:31.697 10328 10328 V RCActivity: onStart()
01-15 22:51:31.701 10328 10328 V RCActivity: onResume()
01-15 22:51:31.707 10328 10461 D OpenGLRenderer: Use EGL_SWAP_BEHAVIOR_PRESERVED: true
01-15 22:51:31.746 10328 10328 V FTCService: onCreate()
01-15 22:51:31.746 10328 10328 V FTCService: onBind()
01-15 22:51:31.746 10328 10328 V FTCService: Android device is motorola, MotoG3
01-15 22:51:31.747 10328 10328 V RobotCore: Starting network of type: WIFIDIRECT
01-15 22:51:31.750 10328 10328 V WifiDirect: There are 1 Wifi Direct Assistant Clients (+)
01-15 22:51:31.750 10328 10328 V WifiDirect: Enabling Wifi Direct Assistant
01-15 22:51:31.787 10328 10461 I OpenGLRenderer: Initialized EGL, version 1.4
01-15 22:51:31.803 10328 10328 D WifiDirect: broadcast: state - enabled: true
01-15 22:51:31.806 10328 10328 D WifiDirect: broadcast: connection changed: connectStatus=NOT_CONNECTED networkInfo.state=CONNECTED
01-15 22:51:31.806 10328 10328 V WifiDirect: NetworkInfo: [type: WIFI_P2P[], state: CONNECTED/CONNECTED, reason: (unspecified), extra: (none), roaming: false, failover: false, isAvailable: true]
01-15 22:51:31.807 10328 10328 V WifiDirect: WifiP2pInfo: groupFormed: true isGroupOwner: true operatingChannel: 2447 groupOwnerAddress: /192.168.49.1 mccMode: false
01-15 22:51:31.807 10328 10328 V WifiDirect: WifiP2pGroup: network: DIRECT-u3-9899-E-RC, isGO: true, Operating Channel: 2447, GO: Device: , deviceAddress: 24:da:9b:6a:a2:ba, primary type: null, secondary type: null, wps: 0, grpcapab: 0, devcapab: 0, status: 4, wfdInfo: WFD enabled: falseWFD DeviceInfo: 0, WFD CtrlPort: 0, WFD MaxThroughput: 0, level: 0, Client: Device: 9899-E-DS, deviceAddress: a4:70:d6:d3:3d:55, primary type: 10-0050F204-5, secondary type: null, wps: 392, grpcapab: 0, devcapab: 37, status: 0, wfdInfo: null, level: 60, interface: p2p0, networkId: 1, mGoOperFreq: 2447
01-15 22:51:31.807 10328 10328 D WifiDirect: broadcast: this device changed
01-15 22:51:31.808 10328 10328 V WifiDirect: device information: 9899-E-RC 24:da:9b:6a:a2:ba
01-15 22:51:31.808 10328 10328 V FTCService: RCActivity.controllerService=bound
01-15 22:51:31.808 10328 10328 V RobotCore: Network: unknown, disconnected
01-15 22:51:31.809 10328 10328 V RobotCore: Robot Status: stopped
01-15 22:51:31.826 10328 10328 D OpmodeRegistration: registered {DefaultOpMode} as {$Stop$Robot$}
01-15 22:51:31.827 10328 10328 V FTCService: Processing robot setup
01-15 22:51:31.827 10328 10328 D WifiDirect: cannot create group, does group already exist?
01-15 22:51:31.834 10328 10469 V RobotCore: thread: 'RobotSetupRunnable.run()' starting...
01-15 22:51:31.835 10328 10469 V RobotCore: Robot Status: stopped, scanning for USB devices
01-15 22:51:31.914 10328 10328 D WifiDirect: group owners address: /192.168.49.1
01-15 22:51:31.914 10328 10328 D WifiDirect: group formed, this device is the group owner (GO)
01-15 22:51:31.914 10328 10328 I FTCService: Wifi Direct - connected as group owner
01-15 22:51:31.914 10328 10328 D WifiDirect: stop discovering peers
01-15 22:51:31.920 10328 10328 V RobotCore: Network: enabled, disconnected
01-15 22:51:31.949 10328 10328 V WifiDirect: connection information available
01-15 22:51:31.949 10328 10328 V WifiDirect: connection information - groupOwnerName = 9899-E-RC
01-15 22:51:31.949 10328 10328 V WifiDirect: connection information - groupOwnerMacAddress = 24:da:9b:6a:a2:ba
01-15 22:51:31.949 10328 10328 V WifiDirect: connection information - groupInterface = p2p0
01-15 22:51:31.949 10328 10328 V WifiDirect: connection information - groupNetworkName = DIRECT-u3-9899-E-RC
01-15 22:51:31.950 10328 10328 I FTCService: Network Connection Passphrase: ZY55bu2t
01-15 22:51:31.951 10328 10328 V RobotCore: Network: active, disconnected
01-15 22:51:36.830 10328 10328 I RobotCore: Battery Checker, Level Remaining: 100.0
01-15 22:51:36.832 10328 10328 I RobotCore: Battery Checker, Level Remaining: 100.0
01-15 22:51:36.836 10328 10469 V RobotCore: EventLoopManager state is NOT_STARTED
01-15 22:51:36.836 10328 10469 V RobotCore: Robot Status: stopped, waiting on network
01-15 22:51:36.836 10328 10469 V RobotCore: Robot Status: stopped, starting robot
01-15 22:51:36.837 10328 10469 V Robocol : EventLoopManager.start()
01-15 22:51:36.837 10328 10469 V RobotCore: Starting network of type: WIFIDIRECT
01-15 22:51:36.837 10328 10469 V Robocol : Spoofing a Network Connection event...
01-15 22:51:36.838 10328 10469 V RobotCore: executive service EventLoop is terminated
01-15 22:51:36.838 10328 10469 V RobotCore: EventLoopManager state is STOPPED
01-15 22:51:36.839 10328 10469 V Robocol : eventLoop=FtcEventLoop
01-15 22:51:36.839 10328 10469 V RobotCore: EventLoopManager state is INIT
01-15 22:51:36.839 10328 10545 V RobotCore: thread: 'SetupRunnable.run()' starting...
01-15 22:51:36.845 10328 10469 V RobotCore: Robot Status: initializing, starting robot
01-15 22:51:36.846 10328 10469 I FIRST   : ======= INIT START =======
01-15 22:51:36.858 10328 10469 D OpmodeRegistration: registered {ShooterControl} as {ShooterControl}
01-15 22:51:36.859 10328 10469 D OpmodeRegistration: registered {ShooterData} as {TestWithData}
01-15 22:51:36.859 10328 10469 D OpmodeRegistration: registered {TestOpMode} as {Test}
01-15 22:51:36.860 10328 10469 D OpmodeRegistration: registered {BlueAuto} as {BlueAuto}
01-15 22:51:36.860 10328 10469 D OpmodeRegistration: registered {FinalTeleOp} as {FinalTeleOp}
01-15 22:51:36.861 10328 10469 D OpmodeRegistration: registered {RedAuto} as {RedAuto}
01-15 22:51:36.869 10328 10469 V D2xx::  : Start constructor
01-15 22:51:36.873 10328 10469 V D2xx::  : End constructor
01-15 22:51:36.876 10328 10469 V RobotCore: Creating Modern Robotics USB Servo Controller [AL00VST0]
01-15 22:51:36.880 10328 10545 D Robocol : RobocolDatagramSocket listening addr=/192.168.49.1:20884 cbRec=65520 cbSend=163840 msRecTO=300
01-15 22:51:36.881 10328 10545 V Robocol : RecvLoopRunnable created
01-15 22:51:36.883 10328 10545 V PeerDiscovery: Starting peer discovery
01-15 22:51:36.884 10328 10469 D RobotCore: arming modern servo controller Modern Robotics USB Servo Controller [AL00VST0]...
01-15 22:51:36.884 10328 10545 V RobotCore: Setup complete
01-15 22:51:36.884 10328 10545 V RobotCore: thread: ...terminating 'SetupRunnable.run()'
01-15 22:51:36.886 10328 10469 W System.err: unable to find USB device with serial number AL00VST0
01-15 22:51:36.886 10328 10547 V RobotCore: thread: 'RecvLoopRunnable.run()' starting...
01-15 22:51:36.886 10328 10469 D RobotCore: arming modern servo controller Modern Robotics USB Servo Controller [AL00VST0] (pretend)...
01-15 22:51:36.890 10328 10469 V RobotCore: Starting up pretend device AL00VST0
01-15 22:51:36.893 10328 10549 V RobotCore: thread: 'r/w loop: Modern Robotics USB Servo Controller [AL00VST0]' starting...
01-15 22:51:36.894 10328 10469 D RobotCore: ...arming modern servo controller Modern Robotics USB Servo Controller [AL00VST0] complete
01-15 22:51:36.895 10328 10469 V RobotCore: Creating Modern Robotics USB Core Device Interface Module [AI02RHDJ]
01-15 22:51:36.900 10328 10469 W System.err: unable to find USB device with serial number AI02RHDJ
01-15 22:51:36.901 10328 10469 V RobotCore: Starting up pretend device AI02RHDJ
01-15 22:51:36.902 10328 10550 V RobotCore: thread: 'r/w loop: Modern Robotics USB Core Device Interface Module [AI02RHDJ]' starting...
01-15 22:51:36.902 10328 10469 V RobotCore: Creating I2C Device - Port: 2
01-15 22:51:36.902 10328 10469 V RobotCore: Creating Modern Robotics I2C Gyro Sensor - Port: 3
01-15 22:51:36.905 10328 10469 V RobotCore: Creating I2C Device - Port: 4
01-15 22:51:36.905 10328 10469 V RobotCore: Creating Modern Robotics Analog Optical Distance Sensor - Port: 7
01-15 22:51:36.906 10328 10469 V RobotCore: Creating Modern Robotics USB DC Motor Controller [A104OQ1P]
01-15 22:51:36.911 10328 10469 D RobotCore: arming modern motor controller Modern Robotics USB DC Motor Controller [A104OQ1P]...
01-15 22:51:36.912 10328 10469 W System.err: unable to find USB device with serial number A104OQ1P
01-15 22:51:36.912 10328 10469 D RobotCore: arming modern motor controller Modern Robotics USB DC Motor Controller [A104OQ1P] (pretend)...
01-15 22:51:36.912 10328 10469 V RobotCore: Starting up pretend device A104OQ1P
01-15 22:51:36.914 10328 10551 V RobotCore: thread: 'r/w loop: Modern Robotics USB DC Motor Controller [A104OQ1P]' starting...
01-15 22:51:36.914 10328 10469 D RobotCore: ...arming modern motor controller Modern Robotics USB DC Motor Controller [A104OQ1P] complete
01-15 22:51:36.915 10328 10469 V RobotCore: Creating Modern Robotics USB DC Motor Controller [AL00VWH0]
01-15 22:51:36.915 10328 10469 D RobotCore: arming modern motor controller Modern Robotics USB DC Motor Controller [AL00VWH0]...
01-15 22:51:36.915 10328 10469 W System.err: unable to find USB device with serial number AL00VWH0
01-15 22:51:36.916 10328 10469 D RobotCore: arming modern motor controller Modern Robotics USB DC Motor Controller [AL00VWH0] (pretend)...
01-15 22:51:36.916 10328 10469 V RobotCore: Starting up pretend device AL00VWH0
01-15 22:51:36.917 10328 10552 V RobotCore: thread: 'r/w loop: Modern Robotics USB DC Motor Controller [AL00VWH0]' starting...
01-15 22:51:36.917 10328 10469 D RobotCore: ...arming modern motor controller Modern Robotics USB DC Motor Controller [AL00VWH0] complete
01-15 22:51:36.918 10328 10469 V RobotCore: Creating Modern Robotics USB DC Motor Controller [AI049QOP]
01-15 22:51:36.918 10328 10469 D RobotCore: arming modern motor controller Modern Robotics USB DC Motor Controller [AI049QOP]...
01-15 22:51:36.918 10328 10469 W System.err: unable to find USB device with serial number AI049QOP
01-15 22:51:36.919 10328 10469 D RobotCore: arming modern motor controller Modern Robotics USB DC Motor Controller [AI049QOP] (pretend)...
01-15 22:51:36.919 10328 10469 V RobotCore: Starting up pretend device AI049QOP
01-15 22:51:36.920 10328 10553 V RobotCore: thread: 'r/w loop: Modern Robotics USB DC Motor Controller [AI049QOP]' starting...
01-15 22:51:36.920 10328 10469 D RobotCore: ...arming modern motor controller Modern Robotics USB DC Motor Controller [AI049QOP] complete
01-15 22:51:36.920 10328 10469 V RobotCore: Creating Modern Robotics USB DC Motor Controller [AL00VBIF]
01-15 22:51:36.920 10328 10469 D RobotCore: arming modern motor controller Modern Robotics USB DC Motor Controller [AL00VBIF]...
01-15 22:51:36.921 10328 10469 W System.err: unable to find USB device with serial number AL00VBIF
01-15 22:51:36.921 10328 10469 D RobotCore: arming modern motor controller Modern Robotics USB DC Motor Controller [AL00VBIF] (pretend)...
01-15 22:51:36.922 10328 10469 V RobotCore: Starting up pretend device AL00VBIF
01-15 22:51:36.922 10328 10554 V RobotCore: thread: 'r/w loop: Modern Robotics USB DC Motor Controller [AL00VBIF]' starting...
01-15 22:51:36.923 10328 10469 D RobotCore: ...arming modern motor controller Modern Robotics USB DC Motor Controller [AL00VBIF] complete
01-15 22:51:36.943 10328 10469 I RobotCore: Analytics has completed initialization.
01-15 22:51:36.943 10328 10469 I RobotCore: ========= Device Information ===================================================
01-15 22:51:36.943 10328 10469 I RobotCore: Type                                               Name                           Connection
01-15 22:51:36.944 10328 10469 I RobotCore: I2cDevice                                          colorBack                      USB AI02RHDJ; port 4
01-15 22:51:36.945 10328 10469 I RobotCore: Modern Robotics USB DC Motor Controller            Shooter                        USB AI049QOP
01-15 22:51:36.945 10328 10469 I RobotCore: DC Motor                                           rightFront                     USB AL00VWH0; port 1
01-15 22:51:36.945 10328 10469 I RobotCore: Modern Robotics USB DC Motor Controller            Front Motors                   USB AL00VWH0
01-15 22:51:36.945 10328 10469 I RobotCore: Modern Robotics USB DC Motor Controller            Back Motors                    USB A104OQ1P
01-15 22:51:36.945 10328 10469 I RobotCore: DC Motor                                           leftBack                       USB A104OQ1P; port 2
01-15 22:51:36.945 10328 10469 I RobotCore: Servo                                              upDown                         USB AL00VST0; port 1
01-15 22:51:36.945 10328 10469 I RobotCore: DC Motor                                           shooter2                       USB AI049QOP; port 2
01-15 22:51:36.946 10328 10469 I RobotCore: DC Motor                                           shooter1                       USB AI049QOP; port 1
01-15 22:51:36.946 10328 10469 I RobotCore: DC Motor                                           leftFront                      USB AL00VWH0; port 2
01-15 22:51:36.946 10328 10469 I RobotCore: DC Motor                                           rightBack                      USB A104OQ1P; port 1
01-15 22:51:36.946 10328 10469 I RobotCore: Servo                                              ballFeeder                     USB AL00VST0; port 2
01-15 22:51:36.946 10328 10469 I RobotCore: Modern Robotics USB DC Motor Controller            Intake                         USB AL00VBIF
01-15 22:51:36.946 10328 10469 I RobotCore: Modern Robotics USB Core Device Interface Module   Sensors                        USB AI02RHDJ
01-15 22:51:36.946 10328 10469 I RobotCore: I2cDevice                                          colorFront                     USB AI02RHDJ; port 2
01-15 22:51:36.946 10328 10469 I RobotCore: Modern Robotics USB Servo Controller               Servos                         USB AL00VST0
01-15 22:51:36.946 10328 10469 I RobotCore: DC Motor                                           intake                         USB AL00VBIF; port 1
01-15 22:51:36.946 10328 10469 I RobotCore: Modern Robotics Gyro                               gyro                           USB AI02RHDJ; I2C port: 3
01-15 22:51:36.946 10328 10469 I RobotCore: Modern Robotics Analog Optical Distance Sensor     ods                            USB AI02RHDJ; analog port 7
01-15 22:51:36.946 10328 10469 I FIRST   : ======= INIT FINISH =======
01-15 22:51:36.946 10328 10469 V RobotCore: EventLoopManager state is RUNNING
01-15 22:51:36.960 10328 10469 V RobotCore: Robot Status: running, starting robot
01-15 22:51:36.960 10328 10469 V RobotCore: Robot Status: running
01-15 22:51:36.961 10328 10469 V RobotCore: thread: ...terminating 'RobotSetupRunnable.run()'
01-15 22:51:36.967 10328 10559 V RobotCore: thread: 'opmode loop()' starting...
01-15 22:51:36.973 10328 10559 D RobotCore: system telemetry: key=$System$Warning$ msg="unable to open Modern Robotics USB DC Motor Controller [AI049QOP]; unable to open Modern Robotics USB Core Device Interface Module [AI02RHDJ]; unable to open Modern Robotics USB DC Motor Controller [AL00VBIF]; unable to open Modern Robotics USB Servo Controller [AL00VST0]; unable to open Modern Robotics USB DC Motor Controller [A104OQ1P]; unable to open Modern Robotics USB DC Motor Controller [AL00VWH0]"
01-15 22:51:36.998 10328 10558 D MediaPlayer: setSubtitleAnchor in MediaPlayer
01-15 22:51:37.001 10328 10328 D MediaPlayer: setSubtitleAnchor in MediaPlayer
01-15 22:51:37.062 10328 10556 D ExtendedUtils: extended extractor not needed, return default
01-15 22:51:37.064 10328 10556 I MediaCodec: (0xb8020dc0) init name(audio/raw) isType(1) encoder(0)
01-15 22:51:37.066 10328 10563 I OMXClient: Using client-side OMX mux.
01-15 22:51:37.072 10328 10563 E OMXMaster: A component of name 'OMX.qcom.audio.decoder.aac' already exists, ignoring this one.
01-15 22:51:37.075 10328 10563 I MediaCodec: (0xb8020dc0) Component Allocated (OMX.google.raw.decoder)
01-15 22:51:37.075 10328 10556 I MediaCodec: (0xb8020dc0) configure surface(0x0) crypto(0x0) flags(0)
01-15 22:51:37.075 10328 10556 D MediaCodec: (0xb8020dc0) configure format: AMessage(what = 0x00000000) = {
01-15 22:51:37.075 10328 10556 D MediaCodec:    string mime = "audio/raw"
01-15 22:51:37.075 10328 10556 D MediaCodec:    int64_t durationUs = 1019125
01-15 22:51:37.075 10328 10556 D MediaCodec:    int32_t channel-count = 1
01-15 22:51:37.075 10328 10556 D MediaCodec:    int32_t sample-rate = 8000
01-15 22:51:37.075 10328 10556 D MediaCodec:    int32_t channel-mask = 0
01-15 22:51:37.075 10328 10556 D MediaCodec:  }
01-15 22:51:37.077 10328 10556 I MediaCodec: (0xb8020dc0) start
01-15 22:51:37.077 10328 10563 I MediaCodec: (0xb8020dc0) input buffers allocated
01-15 22:51:37.077 10328 10563 I MediaCodec: (0xb8020dc0) numBuffers (4)
01-15 22:51:37.077 10328 10563 I MediaCodec: (0xb8020dc0) output buffers allocated
01-15 22:51:37.077 10328 10563 I MediaCodec: (0xb8020dc0) numBuffers (4)
01-15 22:51:37.078 10328 10563 I MediaCodec: (0xb8020dc0) codec output format changed
01-15 22:51:37.079 10328 10563 D MediaCodec: (0xb8020dc0) output format: AMessage(what = 'codc', target = 2) = {
01-15 22:51:37.079 10328 10563 D MediaCodec:    string mime = "audio/raw"
01-15 22:51:37.079 10328 10563 D MediaCodec:    int32_t channel-count = 1
01-15 22:51:37.079 10328 10563 D MediaCodec:    int32_t sample-rate = 8000
01-15 22:51:37.079 10328 10563 D MediaCodec:    int32_t channel-mask = 0
01-15 22:51:37.079 10328 10563 D MediaCodec:    int32_t what = 1869968451
01-15 22:51:37.079 10328 10563 D MediaCodec:  }
01-15 22:51:37.079 10328 10556 I MediaCodec: (0xb8020dc0) stop
01-15 22:51:37.080 10328 10556 I MediaCodec: (0xb8020dc0) release
01-15 22:51:37.085 10328 10558 W AudioTrack: AUDIO_OUTPUT_FLAG_FAST denied by client; transfer 4, track 8000 Hz, output 48000 Hz
01-15 22:51:37.114 10328 10558 D MediaPlayer: setSubtitleAnchor in MediaPlayer
01-15 22:51:37.114 10328 10328 D MediaPlayer: setSubtitleAnchor in MediaPlayer
01-15 22:51:37.134 10328 10556 D ExtendedUtils: extended extractor not needed, return default
01-15 22:51:37.134 10328 10556 I MediaCodec: (0xb8010d60) init name(audio/raw) isType(1) encoder(0)
01-15 22:51:37.136 10328 10572 I OMXClient: Using client-side OMX mux.
01-15 22:51:37.140 10328 10572 E OMXMaster: A component of name 'OMX.qcom.audio.decoder.aac' already exists, ignoring this one.
01-15 22:51:37.143 10328 10572 I MediaCodec: (0xb8010d60) Component Allocated (OMX.google.raw.decoder)
01-15 22:51:37.144 10328 10556 I MediaCodec: (0xb8010d60) configure surface(0x0) crypto(0x0) flags(0)
01-15 22:51:37.144 10328 10556 D MediaCodec: (0xb8010d60) configure format: AMessage(what = 0x00000000) = {
01-15 22:51:37.144 10328 10556 D MediaCodec:    string mime = "audio/raw"
01-15 22:51:37.144 10328 10556 D MediaCodec:    int64_t durationUs = 1043650
01-15 22:51:37.144 10328 10556 D MediaCodec:    int32_t channel-count = 2
01-15 22:51:37.144 10328 10556 D MediaCodec:    int32_t sample-rate = 44100
01-15 22:51:37.144 10328 10556 D MediaCodec:    int32_t channel-mask = 0
01-15 22:51:37.144 10328 10556 D MediaCodec:  }
01-15 22:51:37.144 10328 10556 I MediaCodec: (0xb8010d60) start
01-15 22:51:37.145 10328 10572 I MediaCodec: (0xb8010d60) input buffers allocated
01-15 22:51:37.145 10328 10572 I MediaCodec: (0xb8010d60) numBuffers (4)
01-15 22:51:37.145 10328 10572 I MediaCodec: (0xb8010d60) output buffers allocated
01-15 22:51:37.145 10328 10572 I MediaCodec: (0xb8010d60) numBuffers (4)
01-15 22:51:37.147 10328 10572 I MediaCodec: (0xb8010d60) codec output format changed
01-15 22:51:37.147 10328 10572 D MediaCodec: (0xb8010d60) output format: AMessage(what = 'codc', target = 6) = {
01-15 22:51:37.147 10328 10572 D MediaCodec:    string mime = "audio/raw"
01-15 22:51:37.147 10328 10572 D MediaCodec:    int32_t channel-count = 2
01-15 22:51:37.147 10328 10572 D MediaCodec:    int32_t sample-rate = 44100
01-15 22:51:37.147 10328 10572 D MediaCodec:    int32_t channel-mask = 0
01-15 22:51:37.147 10328 10572 D MediaCodec:    int32_t what = 1869968451
01-15 22:51:37.147 10328 10572 D MediaCodec:  }
01-15 22:51:37.153 10328 10556 I MediaCodec: (0xb8010d60) stop
01-15 22:51:37.155 10328 10556 I MediaCodec: (0xb8010d60) release
01-15 22:51:37.185 10328 10547 D Robocol : no packet received: SocketTimeoutException
01-15 22:51:37.476 10328 10559 I RobotCore: Attempting to switch to op mode $Stop$Robot$
01-15 22:51:37.984 10328 10559 I RobotCore: robot battery read duration: n=0, mean=0.000ms sd=-0.000ms
01-15 22:51:38.105 10328 10558 W AudioTrack: AUDIO_OUTPUT_FLAG_FAST denied by client; transfer 4, track 44100 Hz, output 48000 Hz
01-15 22:51:47.141 10328 10328 V RCActivity: onPause()
01-15 22:51:47.148 10328 10328 V RCActivity: onStop()
01-15 22:51:47.148 10328 10328 V RobotCore: executive service robot setup is terminated
01-15 22:51:47.148 10328 10328 V Robocol : EventLoopManager.shutdown()
01-15 22:51:47.149 10328 10328 V RobotCore: waiting for service EventLoop
01-15 22:51:47.149 10328 10559 V RobotCore: EventLoopRunnable interrupted
01-15 22:51:47.149 10328 10559 V RobotCore: EventLoopManager state is STOPPED
01-15 22:51:47.149 10328 10559 V RobotCore: Robot Status: stopped
01-15 22:51:47.149 10328 10559 I FIRST   : ======= TEARDOWN =======
01-15 22:51:47.149 10328 10559 D RobotCore: disarming modern motor controller Modern Robotics USB DC Motor Controller [AI049QOP]...
01-15 22:51:47.152 10328 10559 V RobotCore: waiting for service ReadWriteRunnable for Modern Robotics USB Device
01-15 22:51:47.152 10328 10553 V RobotCore: thread: ...terminating 'r/w loop: Modern Robotics USB DC Motor Controller [AI049QOP]'
01-15 22:51:47.152 10328 10559 V RobotCore: awaitTermination returned, isTerminated=true
01-15 22:51:47.152 10328 10559 V RobotCore: executive service ReadWriteRunnable for Modern Robotics USB Device is terminated
01-15 22:51:47.152 10328 10559 D RobotCore: ...disarming modern motor controller Modern Robotics USB DC Motor Controller [AI049QOP] complete
01-15 22:51:47.152 10328 10559 D RobotCore: disarming modern motor controller Modern Robotics USB DC Motor Controller [AL00VBIF]...
01-15 22:51:47.154 10328 10554 V RobotCore: thread: ...terminating 'r/w loop: Modern Robotics USB DC Motor Controller [AL00VBIF]'
01-15 22:51:47.156 10328 10559 V RobotCore: executive service ReadWriteRunnable for Modern Robotics USB Device is terminated
01-15 22:51:47.157 10328 10559 D RobotCore: ...disarming modern motor controller Modern Robotics USB DC Motor Controller [AL00VBIF] complete
01-15 22:51:47.157 10328 10559 D RobotCore: disarming modern motor controller Modern Robotics USB DC Motor Controller [A104OQ1P]...
01-15 22:51:47.158 10328 10551 V RobotCore: thread: ...terminating 'r/w loop: Modern Robotics USB DC Motor Controller [A104OQ1P]'
01-15 22:51:47.158 10328 10559 V RobotCore: waiting for service ReadWriteRunnable for Modern Robotics USB Device
01-15 22:51:47.158 10328 10559 V RobotCore: awaitTermination returned, isTerminated=true
01-15 22:51:47.158 10328 10559 V RobotCore: executive service ReadWriteRunnable for Modern Robotics USB Device is terminated
01-15 22:51:47.158 10328 10559 D RobotCore: ...disarming modern motor controller Modern Robotics USB DC Motor Controller [A104OQ1P] complete
01-15 22:51:47.158 10328 10559 D RobotCore: disarming modern motor controller Modern Robotics USB DC Motor Controller [AL00VWH0]...
01-15 22:51:47.163 10328 10559 V RobotCore: waiting for service ReadWriteRunnable for Modern Robotics USB Device
01-15 22:51:47.164 10328 10552 V RobotCore: thread: ...terminating 'r/w loop: Modern Robotics USB DC Motor Controller [AL00VWH0]'
01-15 22:51:47.164 10328 10559 V RobotCore: awaitTermination returned, isTerminated=true
01-15 22:51:47.164 10328 10559 V RobotCore: executive service ReadWriteRunnable for Modern Robotics USB Device is terminated
01-15 22:51:47.164 10328 10559 D RobotCore: ...disarming modern motor controller Modern Robotics USB DC Motor Controller [AL00VWH0] complete
01-15 22:51:47.164 10328 10559 D RobotCore: disarming modern servo controller "Modern Robotics USB Servo Controller [AL00VST0]"...
01-15 22:51:47.166 10328 10549 V RobotCore: thread: ...terminating 'r/w loop: Modern Robotics USB Servo Controller [AL00VST0]'
01-15 22:51:47.166 10328 10559 V RobotCore: executive service ReadWriteRunnable for Modern Robotics USB Device is terminated
01-15 22:51:47.166 10328 10559 D RobotCore: ...disarming modern servo controller Modern Robotics USB Servo Controller [AL00VST0] complete
01-15 22:51:47.170 10328 10550 V RobotCore: thread: ...terminating 'r/w loop: Modern Robotics USB Core Device Interface Module [AI02RHDJ]'
01-15 22:51:47.170 10328 10559 V RobotCore: waiting for service ReadWriteRunnable for Modern Robotics USB Device
01-15 22:51:47.170 10328 10559 V RobotCore: awaitTermination returned, isTerminated=true
01-15 22:51:47.170 10328 10559 V RobotCore: executive service ReadWriteRunnable for Modern Robotics USB Device is terminated
01-15 22:51:47.170 10328 10559 I FIRST   : ======= TEARDOWN COMPLETE =======
01-15 22:51:47.170 10328 10559 V RobotCore: thread: ...terminating 'opmode loop()'
01-15 22:51:47.171 10328 10328 V RobotCore: awaitTermination returned, isTerminated=true
01-15 22:51:47.171 10328 10328 V RobotCore: executive service EventLoop is terminated
01-15 22:51:47.171 10328 10328 V RobotCore: EventLoopManager state is STOPPED
--------- beginning of crash
01-14 14:47:27.558 20149 20149 E AndroidRuntime: FATAL EXCEPTION: main
01-14 14:47:27.558 20149 20149 E AndroidRuntime: Process: com.qualcomm.ftcrobotcontroller, PID: 20149
01-14 14:47:27.558 20149 20149 E AndroidRuntime: java.lang.RuntimeException: Unable to stop activity {com.qualcomm.ftcrobotcontroller/org.firstinspires.ftc.robotcontroller.internal.FtcRobotControllerActivity}: java.lang.NullPointerException: Attempt to invoke virtual method 'void com.qualcomm.ftccommon.FtcRobotControllerService.shutdownRobot()' on a null object reference
01-14 14:47:27.558 20149 20149 E AndroidRuntime: 	at android.app.ActivityThread.handleSleeping(ActivityThread.java:3645)
01-14 14:47:27.558 20149 20149 E AndroidRuntime: 	at android.app.ActivityThread.-wrap19(ActivityThread.java)
01-14 14:47:27.558 20149 20149 E AndroidRuntime: 	at android.app.ActivityThread$H.handleMessage(ActivityThread.java:1529)
01-14 14:47:27.558 20149 20149 E AndroidRuntime: 	at android.os.Handler.dispatchMessage(Handler.java:102)
01-14 14:47:27.558 20149 20149 E AndroidRuntime: 	at android.os.Looper.loop(Looper.java:148)
01-14 14:47:27.558 20149 20149 E AndroidRuntime: 	at android.app.ActivityThread.main(ActivityThread.java:5456)
01-14 14:47:27.558 20149 20149 E AndroidRuntime: 	at java.lang.reflect.Method.invoke(Native Method)
01-14 14:47:27.558 20149 20149 E AndroidRuntime: 	at com.android.internal.os.ZygoteInit$MethodAndArgsCaller.run(ZygoteInit.java:728)
01-14 14:47:27.558 20149 20149 E AndroidRuntime: 	at com.android.internal.os.ZygoteInit.main(ZygoteInit.java:618)
01-14 14:47:27.558 20149 20149 E AndroidRuntime: Caused by: java.lang.NullPointerException: Attempt to invoke virtual method 'void com.qualcomm.ftccommon.FtcRobotControllerService.shutdownRobot()' on a null object reference
