01-14 20:12:23.316 31276 31397 I RobotCore: DC Motor                                           shooter2                       USB AI049QOP; port 2
01-14 20:12:23.316 31276 31397 I RobotCore: DC Motor                                           shooter1                       USB AI049QOP; port 1
01-14 20:12:23.316 31276 31397 I RobotCore: DC Motor                                           leftFront                      USB AL00VWH0; port 2
01-14 20:12:23.316 31276 31397 I RobotCore: DC Motor                                           rightBack                      USB A104OQ1P; port 1
01-14 20:12:23.316 31276 31397 I RobotCore: Servo                                              ballFeeder                     USB AL00VSDY; port 2
01-14 20:12:23.316 31276 31397 I RobotCore: Modern Robotics USB DC Motor Controller            Intake                         USB AL00VBIF
01-14 20:12:23.316 31276 31397 I RobotCore: Modern Robotics USB Core Device Interface Module   Sensors                        USB AL00VFK6
01-14 20:12:23.316 31276 31397 I RobotCore: I2cDevice                                          colorFront                     USB AL00VFK6; port 2
01-14 20:12:23.316 31276 31397 I RobotCore: Modern Robotics USB Servo Controller               Servos                         USB AL00VSDY
01-14 20:12:23.316 31276 31397 I RobotCore: DC Motor                                           intake                         USB AL00VBIF; port 1
01-14 20:12:23.317 31276 31397 I RobotCore: Modern Robotics Gyro                               gyro                           USB AL00VFK6; I2C port: 3
01-14 20:12:23.317 31276 31397 I RobotCore: Modern Robotics Analog Optical Distance Sensor     ods                            USB AL00VFK6; analog port 7
01-14 20:12:23.317 31276 31397 I FIRST   : ======= INIT FINISH =======
01-14 20:12:23.317 31276 31397 V RobotCore: EventLoopManager state is RUNNING
01-14 20:12:23.326 31276 31397 V RobotCore: Robot Status: running, starting robot
01-14 20:12:23.326 31276 31397 V RobotCore: Robot Status: running
01-14 20:12:23.334 31276 31397 V RobotCore: thread: ...terminating 'RobotSetupRunnable.run()'
01-14 20:12:23.336 31276 31494 V RobotCore: thread: 'opmode loop()' starting...
01-14 20:12:23.341 31276 31494 D RobotCore: system telemetry: key=$System$Warning$ msg="unable to open Modern Robotics USB Core Device Interface Module [AL00VFK6]; unable to open Modern Robotics USB DC Motor Controller [AL00VBIF]; unable to open Modern Robotics USB DC Motor Controller [A104OQ1P]; unable to open Modern Robotics USB DC Motor Controller [AI049QOP]; unable to open Modern Robotics USB DC Motor Controller [AL00VWH0]; unable to open Modern Robotics USB Servo Controller [AL00VSDY]"
01-14 20:12:23.345 31276 31493 D MediaPlayer: setSubtitleAnchor in MediaPlayer
01-14 20:12:23.359 31276 31276 W MediaPlayer: mediaplayer went away with unhandled events
01-14 20:12:23.387 31276 31491 D ExtendedUtils: extended extractor not needed, return default
01-14 20:12:23.388 31276 31491 I MediaCodec: (0xb7fe6f10) init name(audio/raw) isType(1) encoder(0)
01-14 20:12:23.391 31276 31498 I OMXClient: Using client-side OMX mux.
01-14 20:12:23.394 31276 31498 E OMXMaster: A component of name 'OMX.qcom.audio.decoder.aac' already exists, ignoring this one.
01-14 20:12:23.397 31276 31498 I MediaCodec: (0xb7fe6f10) Component Allocated (OMX.google.raw.decoder)
01-14 20:12:23.397 31276 31491 I MediaCodec: (0xb7fe6f10) configure surface(0x0) crypto(0x0) flags(0)
01-14 20:12:23.397 31276 31491 D MediaCodec: (0xb7fe6f10) configure format: AMessage(what = 0x00000000) = {
01-14 20:12:23.397 31276 31491 D MediaCodec:    string mime = "audio/raw"
01-14 20:12:23.397 31276 31491 D MediaCodec:    int64_t durationUs = 1019125
01-14 20:12:23.397 31276 31491 D MediaCodec:    int32_t channel-count = 1
01-14 20:12:23.397 31276 31491 D MediaCodec:    int32_t sample-rate = 8000
01-14 20:12:23.397 31276 31491 D MediaCodec:    int32_t channel-mask = 0
01-14 20:12:23.397 31276 31491 D MediaCodec:  }
01-14 20:12:23.398 31276 31491 I MediaCodec: (0xb7fe6f10) start
01-14 20:12:23.399 31276 31498 I MediaCodec: (0xb7fe6f10) input buffers allocated
01-14 20:12:23.399 31276 31498 I MediaCodec: (0xb7fe6f10) numBuffers (4)
01-14 20:12:23.399 31276 31498 I MediaCodec: (0xb7fe6f10) output buffers allocated
01-14 20:12:23.399 31276 31498 I MediaCodec: (0xb7fe6f10) numBuffers (4)
01-14 20:12:23.402 31276 31498 I MediaCodec: (0xb7fe6f10) codec output format changed
01-14 20:12:23.402 31276 31498 D MediaCodec: (0xb7fe6f10) output format: AMessage(what = 'codc', target = 2) = {
01-14 20:12:23.402 31276 31498 D MediaCodec:    string mime = "audio/raw"
01-14 20:12:23.402 31276 31498 D MediaCodec:    int32_t channel-count = 1
01-14 20:12:23.402 31276 31498 D MediaCodec:    int32_t sample-rate = 8000
01-14 20:12:23.402 31276 31498 D MediaCodec:    int32_t channel-mask = 0
01-14 20:12:23.402 31276 31498 D MediaCodec:    int32_t what = 1869968451
01-14 20:12:23.402 31276 31498 D MediaCodec:  }
01-14 20:12:23.403 31276 31491 I MediaCodec: (0xb7fe6f10) stop
01-14 20:12:23.405 31276 31491 I MediaCodec: (0xb7fe6f10) release
01-14 20:12:23.414 31276 31493 W AudioTrack: AUDIO_OUTPUT_FLAG_FAST denied by client; transfer 4, track 8000 Hz, output 48000 Hz
01-14 20:12:23.446 31276 31276 D MediaPlayer: setSubtitleAnchor in MediaPlayer
01-14 20:12:23.446 31276 31493 D MediaPlayer: setSubtitleAnchor in MediaPlayer
01-14 20:12:23.466 31276 31491 D ExtendedUtils: extended extractor not needed, return default
01-14 20:12:23.466 31276 31491 I MediaCodec: (0xb8041b60) init name(audio/raw) isType(1) encoder(0)
01-14 20:12:23.469 31276 31505 I OMXClient: Using client-side OMX mux.
01-14 20:12:23.471 31276 31505 E OMXMaster: A component of name 'OMX.qcom.audio.decoder.aac' already exists, ignoring this one.
01-14 20:12:23.473 31276 31505 I MediaCodec: (0xb8041b60) Component Allocated (OMX.google.raw.decoder)
01-14 20:12:23.473 31276 31491 I MediaCodec: (0xb8041b60) configure surface(0x0) crypto(0x0) flags(0)
01-14 20:12:23.473 31276 31491 D MediaCodec: (0xb8041b60) configure format: AMessage(what = 0x00000000) = {
01-14 20:12:23.473 31276 31491 D MediaCodec:    string mime = "audio/raw"
01-14 20:12:23.473 31276 31491 D MediaCodec:    int64_t durationUs = 1043650
01-14 20:12:23.473 31276 31491 D MediaCodec:    int32_t channel-count = 2
01-14 20:12:23.473 31276 31491 D MediaCodec:    int32_t sample-rate = 44100
01-14 20:12:23.473 31276 31491 D MediaCodec:    int32_t channel-mask = 0
01-14 20:12:23.473 31276 31491 D MediaCodec:  }
01-14 20:12:23.474 31276 31491 I MediaCodec: (0xb8041b60) start
01-14 20:12:23.474 31276 31505 I MediaCodec: (0xb8041b60) input buffers allocated
01-14 20:12:23.474 31276 31505 I MediaCodec: (0xb8041b60) numBuffers (4)
01-14 20:12:23.474 31276 31505 I MediaCodec: (0xb8041b60) output buffers allocated
01-14 20:12:23.474 31276 31505 I MediaCodec: (0xb8041b60) numBuffers (4)
01-14 20:12:23.476 31276 31505 I MediaCodec: (0xb8041b60) codec output format changed
01-14 20:12:23.476 31276 31505 D MediaCodec: (0xb8041b60) output format: AMessage(what = 'codc', target = 6) = {
01-14 20:12:23.476 31276 31505 D MediaCodec:    string mime = "audio/raw"
01-14 20:12:23.476 31276 31505 D MediaCodec:    int32_t channel-count = 2
01-14 20:12:23.476 31276 31505 D MediaCodec:    int32_t sample-rate = 44100
01-14 20:12:23.476 31276 31505 D MediaCodec:    int32_t channel-mask = 0
01-14 20:12:23.476 31276 31505 D MediaCodec:    int32_t what = 1869968451
01-14 20:12:23.476 31276 31505 D MediaCodec:  }
01-14 20:12:23.481 31276 31491 I MediaCodec: (0xb8041b60) stop
01-14 20:12:23.482 31276 31491 I MediaCodec: (0xb8041b60) release
01-14 20:12:23.548 31276 31478 D Robocol : no packet received: SocketTimeoutException
01-14 20:12:23.843 31276 31494 I RobotCore: Attempting to switch to op mode $Stop$Robot$
01-14 20:12:24.353 31276 31494 I RobotCore: robot battery read duration: n=0, mean=0.000ms sd=-0.000ms
01-14 20:12:24.432 31276 31493 W AudioTrack: AUDIO_OUTPUT_FLAG_FAST denied by client; transfer 4, track 44100 Hz, output 48000 Hz
01-14 20:12:33.246 31276 31276 V RCActivity: onPause()
01-14 20:12:33.254 31276 31276 V RCActivity: onStop()
01-14 20:12:33.255 31276 31276 V RobotCore: executive service robot setup is terminated
01-14 20:12:33.255 31276 31276 V Robocol : EventLoopManager.shutdown()
01-14 20:12:33.255 31276 31276 V RobotCore: waiting for service EventLoop
01-14 20:12:33.255 31276 31494 V RobotCore: EventLoopRunnable interrupted
01-14 20:12:33.255 31276 31494 V RobotCore: EventLoopManager state is STOPPED
01-14 20:12:33.255 31276 31494 V RobotCore: Robot Status: stopped
01-14 20:12:33.255 31276 31494 I FIRST   : ======= TEARDOWN =======
01-14 20:12:33.256 31276 31494 D RobotCore: disarming modern motor controller Modern Robotics USB DC Motor Controller [AL00VBIF]...
01-14 20:12:33.261 31276 31489 V RobotCore: thread: ...terminating 'r/w loop: Modern Robotics USB DC Motor Controller [AL00VBIF]'
01-14 20:12:33.261 31276 31494 V RobotCore: waiting for service ReadWriteRunnable for Modern Robotics USB Device
01-14 20:12:33.261 31276 31494 V RobotCore: awaitTermination returned, isTerminated=true
01-14 20:12:33.261 31276 31494 V RobotCore: executive service ReadWriteRunnable for Modern Robotics USB Device is terminated
01-14 20:12:33.262 31276 31494 D RobotCore: ...disarming modern motor controller Modern Robotics USB DC Motor Controller [AL00VBIF] complete
01-14 20:12:33.263 31276 31494 D RobotCore: disarming modern motor controller Modern Robotics USB DC Motor Controller [AI049QOP]...
01-14 20:12:33.264 31276 31488 V RobotCore: thread: ...terminating 'r/w loop: Modern Robotics USB DC Motor Controller [AI049QOP]'
01-14 20:12:33.266 31276 31494 V RobotCore: executive service ReadWriteRunnable for Modern Robotics USB Device is terminated
01-14 20:12:33.266 31276 31494 D RobotCore: ...disarming modern motor controller Modern Robotics USB DC Motor Controller [AI049QOP] complete
01-14 20:12:33.266 31276 31494 D RobotCore: disarming modern motor controller Modern Robotics USB DC Motor Controller [A104OQ1P]...
01-14 20:12:33.272 31276 31486 V RobotCore: thread: ...terminating 'r/w loop: Modern Robotics USB DC Motor Controller [A104OQ1P]'
01-14 20:12:33.273 31276 31494 V RobotCore: executive service ReadWriteRunnable for Modern Robotics USB Device is terminated
01-14 20:12:33.273 31276 31494 D RobotCore: ...disarming modern motor controller Modern Robotics USB DC Motor Controller [A104OQ1P] complete
01-14 20:12:33.274 31276 31494 D RobotCore: disarming modern motor controller Modern Robotics USB DC Motor Controller [AL00VWH0]...
01-14 20:12:33.274 31276 31487 V RobotCore: thread: ...terminating 'r/w loop: Modern Robotics USB DC Motor Controller [AL00VWH0]'
01-14 20:12:33.275 31276 31494 V RobotCore: executive service ReadWriteRunnable for Modern Robotics USB Device is terminated
01-14 20:12:33.275 31276 31494 D RobotCore: ...disarming modern motor controller Modern Robotics USB DC Motor Controller [AL00VWH0] complete
01-14 20:12:33.275 31276 31494 D RobotCore: disarming modern servo controller "Modern Robotics USB Servo Controller [AL00VSDY]"...
01-14 20:12:33.279 31276 31494 V RobotCore: waiting for service ReadWriteRunnable for Modern Robotics USB Device
01-14 20:12:33.279 31276 31480 V RobotCore: thread: ...terminating 'r/w loop: Modern Robotics USB Servo Controller [AL00VSDY]'
01-14 20:12:33.279 31276 31494 V RobotCore: awaitTermination returned, isTerminated=true
01-14 20:12:33.279 31276 31494 V RobotCore: executive service ReadWriteRunnable for Modern Robotics USB Device is terminated
01-14 20:12:33.279 31276 31494 D RobotCore: ...disarming modern servo controller Modern Robotics USB Servo Controller [AL00VSDY] complete
01-14 20:12:33.290 31276 31483 V RobotCore: thread: ...terminating 'r/w loop: Modern Robotics USB Core Device Interface Module [AL00VFK6]'
01-14 20:12:33.290 31276 31494 V RobotCore: waiting for service ReadWriteRunnable for Modern Robotics USB Device
01-14 20:12:33.290 31276 31494 V RobotCore: awaitTermination returned, isTerminated=true
01-14 20:12:33.290 31276 31494 V RobotCore: executive service ReadWriteRunnable for Modern Robotics USB Device is terminated
01-14 20:12:33.291 31276 31494 I FIRST   : ======= TEARDOWN COMPLETE =======
01-14 20:12:33.291 31276 31494 V RobotCore: thread: ...terminating 'opmode loop()'
01-14 20:12:33.291 31276 31276 V RobotCore: awaitTermination returned, isTerminated=true
01-14 20:12:33.291 31276 31276 V RobotCore: executive service EventLoop is terminated
01-14 20:12:33.291 31276 31276 V RobotCore: EventLoopManager state is STOPPED
01-14 20:12:35.612 31689 31689 I art     : Late-enabling -Xcheck:jni
01-14 20:12:35.675 31689 31689 I InstantRun: Instant Run Runtime started. Android package is com.qualcomm.ftcrobotcontroller, real application class is org.firstinspires.ftc.robotcore.internal.RobotApplication.
01-14 20:12:36.032 31689 31689 V RCActivity: onCreate()
01-14 20:12:36.038 31689 31715 V RobotCore: saving logcat to /storage/emulated/0/com.qualcomm.ftcrobotcontroller.logcat
01-14 20:12:36.038 31689 31715 V RobotCore: logging command line: logcat -f /storage/emulated/0/com.qualcomm.ftcrobotcontroller.logcat -r4096 -n4 -v threadtime UsbRequestJNI:S UsbRequest:S *:V
01-14 20:12:36.063 31717 31717 W ps      : type=1400 audit(0.0:12239): avc: denied { getattr } for uid=10109 path="/proc/1" dev="proc" ino=212271 scontext=u:r:untrusted_app:s0:c512,c768 tcontext=u:r:init:s0 tclass=dir permissive=0
01-14 20:12:36.063 31717 31717 W ps      : type=1400 audit(0.0:12240): avc: denied { search } for uid=10109 name="1" dev="proc" ino=212271 scontext=u:r:untrusted_app:s0:c512,c768 tcontext=u:r:init:s0 tclass=dir permissive=0
01-14 20:12:36.076 31689 31689 I WebViewFactory: Loading com.google.android.webview version 46.0.2490.76 (code 249007600)
01-14 20:12:36.063 31717 31717 W ps      : type=1400 audit(0.0:12241): avc: denied { search } for uid=10109 name="1" dev="proc" ino=212271 scontext=u:r:untrusted_app:s0:c512,c768 tcontext=u:r:init:s0 tclass=dir permissive=0
01-14 20:12:36.063 31717 31717 W ps      : type=1400 audit(0.0:12242): avc: denied { getattr } for uid=10109 path="/proc/2" dev="proc" ino=214306 scontext=u:r:untrusted_app:s0:c512,c768 tcontext=u:r:kernel:s0 tclass=dir permissive=0
01-14 20:12:36.063 31717 31717 W ps      : type=1400 audit(0.0:12243): avc: denied { search } for uid=10109 name="2" dev="proc" ino=214306 scontext=u:r:untrusted_app:s0:c512,c768 tcontext=u:r:kernel:s0 tclass=dir permissive=0
01-14 20:12:36.063 31717 31717 W ps      : type=1400 audit(0.0:12244): avc: denied { search } for uid=10109 name="2" dev="proc" ino=214306 scontext=u:r:untrusted_app:s0:c512,c768 tcontext=u:r:kernel:s0 tclass=dir permissive=0
01-14 20:12:36.063 31717 31717 W ps      : type=1400 audit(0.0:12245): avc: denied { getattr } for uid=10109 path="/proc/3" dev="proc" ino=214307 scontext=u:r:untrusted_app:s0:c512,c768 tcontext=u:r:kernel:s0 tclass=dir permissive=0
01-14 20:12:36.063 31717 31717 W ps      : type=1400 audit(0.0:12246): avc: denied { search } for uid=10109 name="3" dev="proc" ino=214307 scontext=u:r:untrusted_app:s0:c512,c768 tcontext=u:r:kernel:s0 tclass=dir permissive=0
01-14 20:12:36.063 31717 31717 W ps      : type=1400 audit(0.0:12247): avc: denied { search } for uid=10109 name="3" dev="proc" ino=214307 scontext=u:r:untrusted_app:s0:c512,c768 tcontext=u:r:kernel:s0 tclass=dir permissive=0
01-14 20:12:36.063 31717 31717 W ps      : type=1400 audit(0.0:12248): avc: denied { getattr } for uid=10109 path="/proc/5" dev="proc" ino=214308 scontext=u:r:untrusted_app:s0:c512,c768 tcontext=u:r:kernel:s0 tclass=dir permissive=0
01-14 20:12:36.063 31717 31717 W ps      : type=1400 audit(0.0:12249): avc: denied { search } for uid=10109 name="5" dev="proc" ino=214308 scontext=u:r:untrusted_app:s0:c512,c768 tcontext=u:r:kernel:s0 tclass=dir permissive=0
01-14 20:12:36.063 31717 31717 W ps      : type=1400 audit(0.0:12250): avc: denied { search } for uid=10109 name="5" dev="proc" ino=214308 scontext=u:r:untrusted_app:s0:c512,c768 tcontext=u:r:kernel:s0 tclass=dir permissive=0
01-14 20:12:36.063 31717 31717 W ps      : type=1400 audit(0.0:12251): avc: denied { getattr } for uid=10109 path="/proc/6" dev="proc" ino=214309 scontext=u:r:untrusted_app:s0:c512,c768 tcontext=u:r:kernel:s0 tclass=dir permissive=0
01-14 20:12:36.063 31717 31717 W ps      : type=1400 audit(0.0:12252): avc: denied { search } for uid=10109 name="6" dev="proc" ino=214309 scontext=u:r:untrusted_app:s0:c512,c768 tcontext=u:r:kernel:s0 tclass=dir permissive=0
01-14 20:12:36.063 31717 31717 W ps      : type=1400 audit(0.0:12253): avc: denied { search } for uid=10109 name="6" dev="proc" ino=214309 scontext=u:r:untrusted_app:s0:c512,c768 tcontext=u:r:kernel:s0 tclass=dir permissive=0
01-14 20:12:36.063 31717 31717 W ps      : type=1400 audit(0.0:12254): avc: denied { getattr } for uid=10109 path="/proc/7" dev="proc" ino=214310 scontext=u:r:untrusted_app:s0:c512,c768 tcontext=u:r:kernel:s0 tclass=dir permissive=0
01-14 20:12:36.063 31717 31717 W ps      : type=1400 audit(0.0:12255): avc: denied { search } for uid=10109 name="7" dev="proc" ino=214310 scontext=u:r:untrusted_app:s0:c512,c768 tcontext=u:r:kernel:s0 tclass=dir permissive=0
01-14 20:12:36.063 31717 31717 W ps      : type=1400 audit(0.0:12256): avc: denied { search } for uid=10109 name="7" dev="proc" ino=214310 scontext=u:r:untrusted_app:s0:c512,c768 tcontext=u:r:kernel:s0 tclass=dir permissive=0
01-14 20:12:36.063 31717 31717 W ps      : type=1400 audit(0.0:12257): avc: denied { getattr } for uid=10109 path="/proc/8" dev="proc" ino=214311 scontext=u:r:untrusted_app:s0:c512,c768 tcontext=u:r:kernel:s0 tclass=dir permissive=0
01-14 20:12:36.063 31717 31717 W ps      : type=1400 audit(0.0:12258): avc: denied { search } for uid=10109 name="8" dev="proc" ino=214311 scontext=u:r:untrusted_app:s0:c512,c768 tcontext=u:r:kernel:s0 tclass=dir permissive=0
01-14 20:12:36.112 31689 31689 W System  : ClassLoader referenced unknown path: /system/app/WebViewGoogle/lib/arm
01-14 20:12:36.128 31689 31689 I cr.library_loader: Time to load native libraries: 12 ms (timestamps 4288-4300)
01-14 20:12:36.129 31689 31689 I cr.library_loader: Expected native library version number "46.0.2490.76", actual native library version number "46.0.2490.76"
01-14 20:12:36.141 31689 31689 V WebViewChromiumFactoryProvider: Binding Chromium to main looper Looper (main, tid 1) {ae33fa1}
01-14 20:12:36.142 31689 31689 I cr.library_loader: Expected native library version number "46.0.2490.76", actual native library version number "46.0.2490.76"
01-14 20:12:36.142 31689 31689 I chromium: [INFO:library_loader_hooks.cc(118)] Chromium logging enabled: level = 0, default verbosity = 0
01-14 20:12:36.158 31689 31689 I cr.BrowserStartup: Initializing chromium process, singleProcess=true
01-14 20:12:36.163 31689 31689 E SysUtils: ApplicationContext is null in ApplicationStatus
01-14 20:12:36.186 31689 31689 I Adreno-EGL: <qeglDrvAPI_eglInitialize:379>: EGL 1.4 QUALCOMM build:  (Ifd751822f5)
01-14 20:12:36.186 31689 31689 I Adreno-EGL: OpenGL ES Shader Compiler Version: XE031.06.00.05
01-14 20:12:36.186 31689 31689 I Adreno-EGL: Build Date: 01/26/16 Tue
01-14 20:12:36.186 31689 31689 I Adreno-EGL: Local Branch: AU12_SBA
01-14 20:12:36.186 31689 31689 I Adreno-EGL: Remote Branch: 
01-14 20:12:36.186 31689 31689 I Adreno-EGL: Local Patches: 
01-14 20:12:36.186 31689 31689 I Adreno-EGL: Reconstruct Branch: 
01-14 20:12:36.216 31689 31689 E chromium: [ERROR:browser_gpu_channel_host_factory.cc(258)] Failed to init browser shader disk cache.
01-14 20:12:36.238 31689 31689 E libEGL  : validate_display:255 error 3008 (EGL_BAD_DISPLAY)
01-14 20:12:36.279 31689 31689 W art     : Attempt to remove non-JNI local reference, dumping thread
01-14 20:12:36.288 31689 31689 W AwContents: onDetachedFromWindow called when already detached. Ignoring
01-14 20:12:37.903 31689 31689 V RobotCore: Network: inactive, disconnected
01-14 20:12:37.912 31689 31689 V RCActivity: onStart()
01-14 20:12:37.914 31689 31689 V RCActivity: onResume()
01-14 20:12:37.920 31689 31773 D OpenGLRenderer: Use EGL_SWAP_BEHAVIOR_PRESERVED: true
01-14 20:12:37.951 31689 31689 V FTCService: onCreate()
01-14 20:12:37.952 31689 31689 V FTCService: onBind()
01-14 20:12:37.952 31689 31689 V FTCService: Android device is motorola, MotoG3
01-14 20:12:37.953 31689 31689 V RobotCore: Starting network of type: WIFIDIRECT
01-14 20:12:37.956 31689 31689 V WifiDirect: There are 1 Wifi Direct Assistant Clients (+)
01-14 20:12:37.957 31689 31689 V WifiDirect: Enabling Wifi Direct Assistant
01-14 20:12:38.000 31689 31773 I OpenGLRenderer: Initialized EGL, version 1.4
01-14 20:12:38.013 31689 31689 D WifiDirect: broadcast: state - enabled: true
01-14 20:12:38.023 31689 31689 D WifiDirect: broadcast: connection changed: connectStatus=NOT_CONNECTED networkInfo.state=CONNECTED
01-14 20:12:38.023 31689 31689 V WifiDirect: NetworkInfo: [type: WIFI_P2P[], state: CONNECTED/CONNECTED, reason: (unspecified), extra: (none), roaming: false, failover: false, isAvailable: true]
01-14 20:12:38.024 31689 31689 V WifiDirect: WifiP2pInfo: groupFormed: true isGroupOwner: true operatingChannel: 2447 groupOwnerAddress: /192.168.49.1 mccMode: false
01-14 20:12:38.024 31689 31689 V WifiDirect: WifiP2pGroup: network: DIRECT-u3-9899-E-RC, isGO: true, Operating Channel: 2447, GO: Device: , deviceAddress: 24:da:9b:6a:a2:ba, primary type: null, secondary type: null, wps: 0, grpcapab: 0, devcapab: 0, status: 4, wfdInfo: WFD enabled: falseWFD DeviceInfo: 0, WFD CtrlPort: 0, WFD MaxThroughput: 0, level: 0, Client: Device: 9899-E-DS, deviceAddress: a4:70:d6:d3:3d:55, primary type: 10-0050F204-5, secondary type: null, wps: 392, grpcapab: 0, devcapab: 37, status: 0, wfdInfo: null, level: 60, interface: p2p0, networkId: 1, mGoOperFreq: 2447
01-14 20:12:38.024 31689 31689 D WifiDirect: broadcast: this device changed
01-14 20:12:38.025 31689 31689 V WifiDirect: device information: 9899-E-RC 24:da:9b:6a:a2:ba
01-14 20:12:38.025 31689 31689 D WifiDirect: cannot create group, does group already exist?
01-14 20:12:38.026 31689 31689 V FTCService: RCActivity.controllerService=bound
01-14 20:12:38.026 31689 31689 V RobotCore: Network: unknown, disconnected
01-14 20:12:38.027 31689 31689 V RobotCore: Robot Status: stopped
01-14 20:12:38.048 31689 31689 D OpmodeRegistration: registered {DefaultOpMode} as {$Stop$Robot$}
01-14 20:12:38.049 31689 31689 V FTCService: Processing robot setup
01-14 20:12:38.053 31689 31782 V RobotCore: thread: 'RobotSetupRunnable.run()' starting...
01-14 20:12:38.053 31689 31782 V RobotCore: Robot Status: stopped, scanning for USB devices
01-14 20:12:38.083 31689 31689 D WifiDirect: group owners address: /192.168.49.1
01-14 20:12:38.083 31689 31689 D WifiDirect: group formed, this device is the group owner (GO)
01-14 20:12:38.083 31689 31689 I FTCService: Wifi Direct - connected as group owner
01-14 20:12:38.083 31689 31689 D WifiDirect: stop discovering peers
01-14 20:12:38.089 31689 31689 V RobotCore: Network: enabled, disconnected
01-14 20:12:38.111 31689 31689 V WifiDirect: connection information available
01-14 20:12:38.112 31689 31689 V WifiDirect: connection information - groupOwnerName = 9899-E-RC
01-14 20:12:38.112 31689 31689 V WifiDirect: connection information - groupOwnerMacAddress = 24:da:9b:6a:a2:ba
01-14 20:12:38.112 31689 31689 V WifiDirect: connection information - groupInterface = p2p0
01-14 20:12:38.112 31689 31689 V WifiDirect: connection information - groupNetworkName = DIRECT-u3-9899-E-RC
01-14 20:12:38.112 31689 31689 I FTCService: Network Connection Passphrase: ZY55bu2t
01-14 20:12:38.112 31689 31689 V RobotCore: Network: active, disconnected
01-14 20:12:40.398 31689 31689 V RCActivity: onPause()
01-14 20:12:40.405 31689 31689 V RCActivity: onStop()
01-14 20:12:40.405 31689 31689 V RobotCore: waiting for service robot setup
01-14 20:12:40.405 31689 31782 V RobotCore: Robot Status: stopped, internal error
01-14 20:12:40.406 31689 31782 V RobotCore: thread: ...terminating 'RobotSetupRunnable.run()'
01-14 20:12:40.406 31689 31689 V RobotCore: awaitTermination returned, isTerminated=true
01-14 20:12:40.406 31689 31689 V RobotCore: executive service robot setup is terminated
01-14 20:12:40.406 31689 31689 V RobotCore: Robot Status: stopped
01-14 20:13:37.979 32180 32180 I art     : Late-enabling -Xcheck:jni
01-14 20:13:38.037 32180 32180 I InstantRun: Instant Run Runtime started. Android package is com.qualcomm.ftcrobotcontroller, real application class is org.firstinspires.ftc.robotcore.internal.RobotApplication.
01-14 20:13:38.421 32180 32180 V RCActivity: onCreate()
01-14 20:13:38.423 32180 32194 V RobotCore: saving logcat to /storage/emulated/0/com.qualcomm.ftcrobotcontroller.logcat
01-14 20:13:38.423 32180 32194 V RobotCore: logging command line: logcat -f /storage/emulated/0/com.qualcomm.ftcrobotcontroller.logcat -r4096 -n4 -v threadtime UsbRequestJNI:S UsbRequest:S *:V
01-14 20:13:38.453 32196 32196 W ps      : type=1400 audit(0.0:12911): avc: denied { getattr } for uid=10109 path="/proc/1" dev="proc" ino=212271 scontext=u:r:untrusted_app:s0:c512,c768 tcontext=u:r:init:s0 tclass=dir permissive=0
01-14 20:13:38.453 32196 32196 W ps      : type=1400 audit(0.0:12912): avc: denied { search } for uid=10109 name="1" dev="proc" ino=212271 scontext=u:r:untrusted_app:s0:c512,c768 tcontext=u:r:init:s0 tclass=dir permissive=0
01-14 20:13:38.453 32196 32196 W ps      : type=1400 audit(0.0:12913): avc: denied { search } for uid=10109 name="1" dev="proc" ino=212271 scontext=u:r:untrusted_app:s0:c512,c768 tcontext=u:r:init:s0 tclass=dir permissive=0
01-14 20:13:38.453 32196 32196 W ps      : type=1400 audit(0.0:12914): avc: denied { getattr } for uid=10109 path="/proc/2" dev="proc" ino=214306 scontext=u:r:untrusted_app:s0:c512,c768 tcontext=u:r:kernel:s0 tclass=dir permissive=0
01-14 20:13:38.453 32196 32196 W ps      : type=1400 audit(0.0:12915): avc: denied { search } for uid=10109 name="2" dev="proc" ino=214306 scontext=u:r:untrusted_app:s0:c512,c768 tcontext=u:r:kernel:s0 tclass=dir permissive=0
01-14 20:13:38.453 32196 32196 W ps      : type=1400 audit(0.0:12916): avc: denied { search } for uid=10109 name="2" dev="proc" ino=214306 scontext=u:r:untrusted_app:s0:c512,c768 tcontext=u:r:kernel:s0 tclass=dir permissive=0
01-14 20:13:38.453 32196 32196 W ps      : type=1400 audit(0.0:12917): avc: denied { getattr } for uid=10109 path="/proc/3" dev="proc" ino=214307 scontext=u:r:untrusted_app:s0:c512,c768 tcontext=u:r:kernel:s0 tclass=dir permissive=0
01-14 20:13:38.453 32196 32196 W ps      : type=1400 audit(0.0:12918): avc: denied { search } for uid=10109 name="3" dev="proc" ino=214307 scontext=u:r:untrusted_app:s0:c512,c768 tcontext=u:r:kernel:s0 tclass=dir permissive=0
01-14 20:13:38.453 32196 32196 W ps      : type=1400 audit(0.0:12919): avc: denied { search } for uid=10109 name="3" dev="proc" ino=214307 scontext=u:r:untrusted_app:s0:c512,c768 tcontext=u:r:kernel:s0 tclass=dir permissive=0
01-14 20:13:38.453 32196 32196 W ps      : type=1400 audit(0.0:12920): avc: denied { getattr } for uid=10109 path="/proc/5" dev="proc" ino=214308 scontext=u:r:untrusted_app:s0:c512,c768 tcontext=u:r:kernel:s0 tclass=dir permissive=0
01-14 20:13:38.453 32196 32196 W ps      : type=1400 audit(0.0:12921): avc: denied { search } for uid=10109 name="5" dev="proc" ino=214308 scontext=u:r:untrusted_app:s0:c512,c768 tcontext=u:r:kernel:s0 tclass=dir permissive=0
01-14 20:13:38.453 32196 32196 W ps      : type=1400 audit(0.0:12922): avc: denied { search } for uid=10109 name="5" dev="proc" ino=214308 scontext=u:r:untrusted_app:s0:c512,c768 tcontext=u:r:kernel:s0 tclass=dir permissive=0
01-14 20:13:38.453 32196 32196 W ps      : type=1400 audit(0.0:12923): avc: denied { getattr } for uid=10109 path="/proc/6" dev="proc" ino=214309 scontext=u:r:untrusted_app:s0:c512,c768 tcontext=u:r:kernel:s0 tclass=dir permissive=0
01-14 20:13:38.453 32196 32196 W ps      : type=1400 audit(0.0:12924): avc: denied { search } for uid=10109 name="6" dev="proc" ino=214309 scontext=u:r:untrusted_app:s0:c512,c768 tcontext=u:r:kernel:s0 tclass=dir permissive=0
01-14 20:13:38.453 32196 32196 W ps      : type=1400 audit(0.0:12925): avc: denied { search } for uid=10109 name="6" dev="proc" ino=214309 scontext=u:r:untrusted_app:s0:c512,c768 tcontext=u:r:kernel:s0 tclass=dir permissive=0
01-14 20:13:38.453 32196 32196 W ps      : type=1400 audit(0.0:12926): avc: denied { getattr } for uid=10109 path="/proc/7" dev="proc" ino=214310 scontext=u:r:untrusted_app:s0:c512,c768 tcontext=u:r:kernel:s0 tclass=dir permissive=0
01-14 20:13:38.453 32196 32196 W ps      : type=1400 audit(0.0:12927): avc: denied { search } for uid=10109 name="7" dev="proc" ino=214310 scontext=u:r:untrusted_app:s0:c512,c768 tcontext=u:r:kernel:s0 tclass=dir permissive=0
01-14 20:13:38.453 32196 32196 W ps      : type=1400 audit(0.0:12928): avc: denied { search } for uid=10109 name="7" dev="proc" ino=214310 scontext=u:r:untrusted_app:s0:c512,c768 tcontext=u:r:kernel:s0 tclass=dir permissive=0
01-14 20:13:38.453 32196 32196 W ps      : type=1400 audit(0.0:12929): avc: denied { getattr } for uid=10109 path="/proc/8" dev="proc" ino=214311 scontext=u:r:untrusted_app:s0:c512,c768 tcontext=u:r:kernel:s0 tclass=dir permissive=0
01-14 20:13:38.453 32196 32196 W ps      : type=1400 audit(0.0:12930): avc: denied { search } for uid=10109 name="8" dev="proc" ino=214311 scontext=u:r:untrusted_app:s0:c512,c768 tcontext=u:r:kernel:s0 tclass=dir permissive=0
01-14 20:13:38.456 32180 32180 I WebViewFactory: Loading com.google.android.webview version 46.0.2490.76 (code 249007600)
01-14 20:13:38.484 32180 32180 W System  : ClassLoader referenced unknown path: /system/app/WebViewGoogle/lib/arm
01-14 20:13:38.501 32180 32180 I cr.library_loader: Time to load native libraries: 4 ms (timestamps 6660-6664)
01-14 20:13:38.501 32180 32180 I cr.library_loader: Expected native library version number "46.0.2490.76", actual native library version number "46.0.2490.76"
01-14 20:13:38.526 32180 32180 V WebViewChromiumFactoryProvider: Binding Chromium to main looper Looper (main, tid 1) {ce18c08}
01-14 20:13:38.527 32180 32180 I cr.library_loader: Expected native library version number "46.0.2490.76", actual native library version number "46.0.2490.76"
01-14 20:13:38.527 32180 32180 I chromium: [INFO:library_loader_hooks.cc(118)] Chromium logging enabled: level = 0, default verbosity = 0
01-14 20:13:38.534 32180 32180 I cr.BrowserStartup: Initializing chromium process, singleProcess=true
01-14 20:13:38.543 32180 32180 E SysUtils: ApplicationContext is null in ApplicationStatus
01-14 20:13:38.566 32180 32180 I Adreno-EGL: <qeglDrvAPI_eglInitialize:379>: EGL 1.4 QUALCOMM build:  (Ifd751822f5)
01-14 20:13:38.566 32180 32180 I Adreno-EGL: OpenGL ES Shader Compiler Version: XE031.06.00.05
01-14 20:13:38.566 32180 32180 I Adreno-EGL: Build Date: 01/26/16 Tue
01-14 20:13:38.566 32180 32180 I Adreno-EGL: Local Branch: AU12_SBA
01-14 20:13:38.566 32180 32180 I Adreno-EGL: Remote Branch: 
01-14 20:13:38.566 32180 32180 I Adreno-EGL: Local Patches: 
01-14 20:13:38.566 32180 32180 I Adreno-EGL: Reconstruct Branch: 
01-14 20:13:38.595 32180 32180 E chromium: [ERROR:browser_gpu_channel_host_factory.cc(258)] Failed to init browser shader disk cache.
01-14 20:13:38.615 32180 32180 E libEGL  : validate_display:255 error 3008 (EGL_BAD_DISPLAY)
01-14 20:13:38.653 32180 32180 W art     : Attempt to remove non-JNI local reference, dumping thread
01-14 20:13:38.662 32180 32180 W AwContents: onDetachedFromWindow called when already detached. Ignoring
01-14 20:13:40.189 32180 32180 V RobotCore: Network: inactive, disconnected
01-14 20:13:40.209 32180 32180 V RCActivity: onStart()
01-14 20:13:40.212 32180 32180 V RCActivity: onResume()
01-14 20:13:40.217 32180 32225 D OpenGLRenderer: Use EGL_SWAP_BEHAVIOR_PRESERVED: true
01-14 20:13:40.243 32180 32180 V RCActivity: onPause()
01-14 20:13:40.244 32180 32180 V RCActivity: onResume()
01-14 20:13:40.245 32180 32180 V RCActivity: onPause()
01-14 20:13:40.245 32180 32180 V RCActivity: onResume()
01-14 20:13:40.246 32180 32180 V RCActivity: onPause()
01-14 20:13:40.246 32180 32180 V RCActivity: onResume()
01-14 20:13:40.249 32180 32180 V RCActivity: onPause()
01-14 20:13:40.250 32180 32180 V RCActivity: onResume()
01-14 20:13:40.250 32180 32180 V RCActivity: onPause()
01-14 20:13:40.251 32180 32180 V RCActivity: onResume()
01-14 20:13:40.254 32180 32180 V FTCService: onCreate()
01-14 20:13:40.254 32180 32180 V FTCService: onBind()
01-14 20:13:40.254 32180 32180 V FTCService: Android device is motorola, MotoG3
01-14 20:13:40.255 32180 32180 V RobotCore: Starting network of type: WIFIDIRECT
01-14 20:13:40.258 32180 32180 V WifiDirect: There are 1 Wifi Direct Assistant Clients (+)
01-14 20:13:40.258 32180 32180 V WifiDirect: Enabling Wifi Direct Assistant
01-14 20:13:40.304 32180 32225 I OpenGLRenderer: Initialized EGL, version 1.4
01-14 20:13:40.317 32180 32180 D WifiDirect: broadcast: state - enabled: true
01-14 20:13:40.320 32180 32180 D WifiDirect: broadcast: connection changed: connectStatus=NOT_CONNECTED networkInfo.state=CONNECTED
01-14 20:13:40.321 32180 32180 V WifiDirect: NetworkInfo: [type: WIFI_P2P[], state: CONNECTED/CONNECTED, reason: (unspecified), extra: (none), roaming: false, failover: false, isAvailable: true]
01-14 20:13:40.321 32180 32180 V WifiDirect: WifiP2pInfo: groupFormed: true isGroupOwner: true operatingChannel: 2447 groupOwnerAddress: /192.168.49.1 mccMode: false
01-14 20:13:40.321 32180 32180 V WifiDirect: WifiP2pGroup: network: DIRECT-u3-9899-E-RC, isGO: true, Operating Channel: 2447, GO: Device: , deviceAddress: 24:da:9b:6a:a2:ba, primary type: null, secondary type: null, wps: 0, grpcapab: 0, devcapab: 0, status: 4, wfdInfo: WFD enabled: falseWFD DeviceInfo: 0, WFD CtrlPort: 0, WFD MaxThroughput: 0, level: 0, Client: Device: 9899-E-DS, deviceAddress: a4:70:d6:d3:3d:55, primary type: 10-0050F204-5, secondary type: null, wps: 392, grpcapab: 0, devcapab: 37, status: 0, wfdInfo: null, level: 60, interface: p2p0, networkId: 1, mGoOperFreq: 2447
01-14 20:13:40.324 32180 32180 D WifiDirect: broadcast: this device changed
01-14 20:13:40.324 32180 32180 V WifiDirect: device information: 9899-E-RC 24:da:9b:6a:a2:ba
01-14 20:13:40.324 32180 32180 V FTCService: RCActivity.controllerService=bound
01-14 20:13:40.324 32180 32180 V RobotCore: Network: unknown, disconnected
01-14 20:13:40.325 32180 32180 V RobotCore: Robot Status: stopped
01-14 20:13:40.342 32180 32180 D OpmodeRegistration: registered {DefaultOpMode} as {$Stop$Robot$}
01-14 20:13:40.342 32180 32180 V FTCService: Processing robot setup
01-14 20:13:40.343 32180 32180 V D2xx::  : Start constructor
01-14 20:13:40.347 32180 32180 V D2xx::  : End constructor
01-14 20:13:40.347 32180 32229 V RobotCore: thread: 'RobotSetupRunnable.run()' starting...
01-14 20:13:40.348 32180 32180 V D2xx::  : Vendor: 0403, Product: 6001
01-14 20:13:40.348 32180 32229 V RobotCore: Robot Status: stopped, scanning for USB devices
01-14 20:13:40.348 32180 32180 V D2xx::  : Vendor: 0403, Product: 6001
01-14 20:13:40.348 32180 32180 I FIRST   : ignoring: unable get serial number of attached UsbDevice vendor=0x0403, product=0x6001 device=0x03ec name=/dev/bus/usb/001/004
01-14 20:13:40.348 32180 32180 V D2xx::  : Vendor: 0403, Product: 6001
01-14 20:13:40.348 32180 32180 V D2xx::  : Vendor: 0403, Product: 6001
01-14 20:13:40.348 32180 32180 I FIRST   : ignoring: unable get serial number of attached UsbDevice vendor=0x0403, product=0x6001 device=0x03ed name=/dev/bus/usb/001/005
01-14 20:13:40.348 32180 32180 V D2xx::  : Vendor: 0403, Product: 6001
01-14 20:13:40.349 32180 32180 V D2xx::  : Vendor: 0403, Product: 6001
01-14 20:13:40.349 32180 32180 I FIRST   : ignoring: unable get serial number of attached UsbDevice vendor=0x0403, product=0x6001 device=0x03ee name=/dev/bus/usb/001/006
01-14 20:13:40.349 32180 32180 V D2xx::  : Vendor: 0403, Product: 6001
01-14 20:13:40.349 32180 32180 V D2xx::  : Vendor: 0403, Product: 6001
01-14 20:13:40.349 32180 32180 I FIRST   : ignoring: unable get serial number of attached UsbDevice vendor=0x0403, product=0x6001 device=0x03ef name=/dev/bus/usb/001/007
01-14 20:13:40.349 32180 32180 V D2xx::  : Vendor: 0403, Product: 6001
01-14 20:13:40.349 32180 32180 V D2xx::  : Vendor: 0403, Product: 6001
01-14 20:13:40.349 32180 32180 I FIRST   : ignoring: unable get serial number of attached UsbDevice vendor=0x0403, product=0x6001 device=0x03f0 name=/dev/bus/usb/001/008
01-14 20:13:40.349 32180 32180 D WifiDirect: cannot create group, does group already exist?
01-14 20:13:40.385 32180 32180 D WifiDirect: group owners address: /192.168.49.1
01-14 20:13:40.385 32180 32180 D WifiDirect: group formed, this device is the group owner (GO)
01-14 20:13:40.386 32180 32180 I FTCService: Wifi Direct - connected as group owner
01-14 20:13:40.386 32180 32180 D WifiDirect: stop discovering peers
01-14 20:13:40.391 32180 32180 V RobotCore: Network: enabled, disconnected
01-14 20:13:40.416 32180 32180 V WifiDirect: connection information available
01-14 20:13:40.416 32180 32180 V WifiDirect: connection information - groupOwnerName = 9899-E-RC
01-14 20:13:40.416 32180 32180 V WifiDirect: connection information - groupOwnerMacAddress = 24:da:9b:6a:a2:ba
01-14 20:13:40.416 32180 32180 V WifiDirect: connection information - groupInterface = p2p0
01-14 20:13:40.416 32180 32180 V WifiDirect: connection information - groupNetworkName = DIRECT-u3-9899-E-RC
01-14 20:13:40.416 32180 32180 I FTCService: Network Connection Passphrase: ZY55bu2t
01-14 20:13:40.417 32180 32180 V RobotCore: Network: active, disconnected
01-14 20:13:45.348 32180 32180 I RobotCore: Battery Checker, Level Remaining: 73.0
01-14 20:13:45.349 32180 32180 I RobotCore: Battery Checker, Level Remaining: 73.0
01-14 20:13:45.350 32180 32229 V RobotCore: EventLoopManager state is NOT_STARTED
01-14 20:13:45.351 32180 32229 V RobotCore: Robot Status: stopped, waiting on network
01-14 20:13:45.353 32180 32229 V RobotCore: Robot Status: stopped, starting robot
01-14 20:13:45.353 32180 32229 V Robocol : EventLoopManager.start()
01-14 20:13:45.353 32180 32229 V RobotCore: Starting network of type: WIFIDIRECT
01-14 20:13:45.354 32180 32229 V Robocol : Spoofing a Network Connection event...
01-14 20:13:45.355 32180 32229 V RobotCore: executive service EventLoop is terminated
01-14 20:13:45.355 32180 32229 V RobotCore: EventLoopManager state is STOPPED
01-14 20:13:45.355 32180 32229 V Robocol : eventLoop=FtcEventLoop
01-14 20:13:45.355 32180 32229 V RobotCore: EventLoopManager state is INIT
01-14 20:13:45.355 32180 32229 V RobotCore: Robot Status: initializing, starting robot
01-14 20:13:45.355 32180 32229 I FIRST   : ======= INIT START =======
01-14 20:13:45.359 32180 32233 V RobotCore: thread: 'SetupRunnable.run()' starting...
01-14 20:13:45.361 32180 32229 D OpmodeRegistration: registered {ShooterControl} as {ShooterControl}
01-14 20:13:45.362 32180 32229 D OpmodeRegistration: registered {ShooterData} as {ShooterData}
01-14 20:13:45.363 32180 32229 D OpmodeRegistration: registered {TestOpMode} as {Test}
01-14 20:13:45.363 32180 32229 D OpmodeRegistration: registered {BlueAuto} as {BlueAuto}
01-14 20:13:45.364 32180 32229 D OpmodeRegistration: registered {FinalTeleOp} as {FinalTeleOp}
01-14 20:13:45.364 32180 32229 D OpmodeRegistration: registered {RedAuto} as {RedAuto}
01-14 20:13:45.377 32180 32229 V RobotCore: Creating Modern Robotics USB Servo Controller [AL00VSDY]
01-14 20:13:45.390 32180 32229 D RobotCore: arming modern servo controller Modern Robotics USB Servo Controller [AL00VSDY]...
01-14 20:13:45.392 32180 32229 V D2xx::  : Vendor: 0403, Product: 6001
01-14 20:13:45.397 32180 32233 D Robocol : RobocolDatagramSocket listening addr=/192.168.49.1:20884 cbRec=65520 cbSend=163840 msRecTO=300
01-14 20:13:45.397 32180 32233 V Robocol : RecvLoopRunnable created
01-14 20:13:45.399 32180 32233 V PeerDiscovery: Starting peer discovery
01-14 20:13:45.399 32180 32235 V RobotCore: thread: 'RecvLoopRunnable.run()' starting...
01-14 20:13:45.399 32180 32233 V RobotCore: Setup complete
01-14 20:13:45.399 32180 32233 V RobotCore: thread: ...terminating 'SetupRunnable.run()'
01-14 20:13:45.403 32180 32229 D UsbDeviceConnectionJNI: close
01-14 20:13:45.404 32180 32229 V D2xx::  : Vendor: 0403, Product: 6001
01-14 20:13:45.412 32180 32229 D UsbDeviceConnectionJNI: close
01-14 20:13:45.412 32180 32229 V D2xx::  : Vendor: 0403, Product: 6001
01-14 20:13:45.421 32180 32229 D UsbDeviceConnectionJNI: close
01-14 20:13:45.421 32180 32229 V D2xx::  : Vendor: 0403, Product: 6001
01-14 20:13:45.430 32180 32229 D UsbDeviceConnectionJNI: close
01-14 20:13:45.430 32180 32229 V D2xx::  : Vendor: 0403, Product: 6001
01-14 20:13:45.439 32180 32229 D UsbDeviceConnectionJNI: close
01-14 20:13:45.439 32180 32229 V D2xx::  : Vendor: 0403, Product: 6001
01-14 20:13:45.457 32180 32229 D UsbDeviceConnectionJNI: close
01-14 20:13:45.458 32180 32229 D FTDI_Device::: open SUCCESS
01-14 20:13:45.459 32180 32229 I FTDI_Device::: EP: 0x81
01-14 20:13:45.459 32180 32229 I FTDI_Device::: EP: 0x02
01-14 20:13:45.459 32180 32229 D D2XX::  : **********************Device Opened**********************
01-14 20:13:45.701 32180 32235 D Robocol : no packet received: SocketTimeoutException
01-14 20:13:45.850 32180 32235 D RobotCore: system telemetry: key=$System$None$ msg=""
01-14 20:13:45.853 32180 32235 V PeerDiscovery: new remote peer discovered: 192.168.49.134
01-14 20:13:45.853 32180 32235 D Robocol : RobocolDatagramSocket connected to /192.168.49.134:20884
01-14 20:13:45.854 32180 32235 V NetworkConnectionHandler: starting sending loop
01-14 20:13:45.855 32180 32235 V Robocol : SendOnceRunnable created
01-14 20:13:45.878 32180 32235 V RobotCore: Network: active, connected
01-14 20:13:45.887 32180 32229 V RobotCore: Starting up device AL00VSDY
01-14 20:13:45.896 32180 32245 V RobotCore: thread: 'r/w loop: Modern Robotics USB Servo Controller [AL00VSDY]' starting...
01-14 20:13:45.896 32180 32229 D RobotCore: ...arming modern servo controller Modern Robotics USB Servo Controller [AL00VSDY] complete
01-14 20:13:45.897 32180 32229 V RobotCore: Creating Modern Robotics USB Core Device Interface Module [AL00VFK6]
01-14 20:13:45.906 32180 32229 V D2xx::  : Vendor: 0403, Product: 6001
01-14 20:13:45.907 32180 32229 V D2xx::  : Vendor: 0403, Product: 6001
01-14 20:13:45.910 32180 32229 V D2xx::  : Vendor: 0403, Product: 6001
01-14 20:13:45.911 32180 32229 V D2xx::  : Vendor: 0403, Product: 6001
01-14 20:13:45.912 32180 32229 V D2xx::  : Vendor: 0403, Product: 6001
01-14 20:13:45.913 32180 32229 V D2xx::  : Vendor: 0403, Product: 6001
01-14 20:13:45.915 32180 32229 D FTDI_Device::: open SUCCESS
01-14 20:13:45.915 32180 32229 I FTDI_Device::: EP: 0x81
01-14 20:13:45.915 32180 32229 I FTDI_Device::: EP: 0x02
01-14 20:13:45.915 32180 32229 D D2XX::  : **********************Device Opened**********************
01-14 20:13:45.924 32180 32243 D MediaPlayer: setSubtitleAnchor in MediaPlayer
01-14 20:13:45.924 32180 32180 D MediaPlayer: setSubtitleAnchor in MediaPlayer
01-14 20:13:45.935 32180 32239 V Robocol : sending CMD_REQUEST_USER_SENSOR_LIST_RESP(10), attempt: 0
01-14 20:13:45.939 32180 32235 V Robocol : received command: CMD_REQUEST_OP_MODE_LIST(10001) 
01-14 20:13:45.954 32180 32235 V Robocol : received command: CMD_REQUEST_ACTIVE_CONFIGURATION(10002) 
01-14 20:13:45.954 32180 32235 V Robocol : received command: CMD_REQUEST_USER_SENSOR_LIST_RESP(10) [{"description":"a MR compass sensor","flavor":"I2C","name":"MR Compass Sensor","xmlTag":"ModernRoboticsI2cCompassSensor"},{"description":"an Adafruit IMU","flavor":"I2C","name":"Adafruit IMU","xmlTag":"AdafruitBNO055IMU"},{"description":"a MR range sensor","flavor":"I2C","name":"MR Range Sensor","xmlTag":"ModernRoboticsI2cRangeSensor"}]
01-14 20:13:45.960 32180 32241 D ExtendedUtils: extended extractor not needed, return default
01-14 20:13:45.961 32180 32241 I MediaCodec: (0xb8013fb8) init name(audio/raw) isType(1) encoder(0)
01-14 20:13:45.964 32180 32250 I OMXClient: Using client-side OMX mux.
01-14 20:13:45.968 32180 32250 E OMXMaster: A component of name 'OMX.qcom.audio.decoder.aac' already exists, ignoring this one.
01-14 20:13:45.970 32180 32250 I MediaCodec: (0xb8013fb8) Component Allocated (OMX.google.raw.decoder)
01-14 20:13:45.970 32180 32241 I MediaCodec: (0xb8013fb8) configure surface(0x0) crypto(0x0) flags(0)
01-14 20:13:45.971 32180 32241 D MediaCodec: (0xb8013fb8) configure format: AMessage(what = 0x00000000) = {
01-14 20:13:45.971 32180 32241 D MediaCodec:    string mime = "audio/raw"
01-14 20:13:45.971 32180 32241 D MediaCodec:    int64_t durationUs = 485011
01-14 20:13:45.971 32180 32241 D MediaCodec:    int32_t channel-count = 2
01-14 20:13:45.971 32180 32241 D MediaCodec:    int32_t sample-rate = 44100
01-14 20:13:45.971 32180 32241 D MediaCodec:    int32_t channel-mask = 0
01-14 20:13:45.971 32180 32241 D MediaCodec:  }
01-14 20:13:45.973 32180 32241 I MediaCodec: (0xb8013fb8) start
01-14 20:13:45.973 32180 32250 I MediaCodec: (0xb8013fb8) input buffers allocated
01-14 20:13:45.973 32180 32250 I MediaCodec: (0xb8013fb8) numBuffers (4)
01-14 20:13:45.973 32180 32250 I MediaCodec: (0xb8013fb8) output buffers allocated
01-14 20:13:45.973 32180 32250 I MediaCodec: (0xb8013fb8) numBuffers (4)
01-14 20:13:45.975 32180 32239 V Robocol : sending CMD_REQUEST_OP_MODE_LIST_RESP(14), attempt: 0
01-14 20:13:45.975 32180 32250 I MediaCodec: (0xb8013fb8) codec output format changed
01-14 20:13:45.975 32180 32250 D MediaCodec: (0xb8013fb8) output format: AMessage(what = 'codc', target = 2) = {
01-14 20:13:45.975 32180 32250 D MediaCodec:    string mime = "audio/raw"
01-14 20:13:45.975 32180 32250 D MediaCodec:    int32_t channel-count = 2
01-14 20:13:45.975 32180 32250 D MediaCodec:    int32_t sample-rate = 44100
01-14 20:13:45.975 32180 32250 D MediaCodec:    int32_t channel-mask = 0
01-14 20:13:45.975 32180 32250 D MediaCodec:    int32_t what = 1869968451
01-14 20:13:45.975 32180 32250 D MediaCodec:  }
01-14 20:13:45.976 32180 32239 V Robocol : sending CMD_REQUEST_USER_SENSOR_LIST_RESP(15), attempt: 0
01-14 20:13:45.976 32180 32239 V Robocol : sending CMD_REQUEST_ACTIVE_CONFIGURATION_RESP(19), attempt: 0
01-14 20:13:45.981 32180 32241 I MediaCodec: (0xb8013fb8) stop
01-14 20:13:45.983 32180 32241 I MediaCodec: (0xb8013fb8) release
01-14 20:13:45.990 32180 32243 W AudioTrack: AUDIO_OUTPUT_FLAG_FAST denied by client; transfer 4, track 44100 Hz, output 48000 Hz
01-14 20:13:46.019 32180 32235 V Robocol : received command: CMD_REQUEST_OP_MODE_LIST_RESP(14) [{"flavor":"TELEOP","group":"Test","name":"ShooterControl"},{"flavor":"AUTONOMOUS","group":"Test","name":"ShooterData"},{"flavor":"AUTONOMOUS","group":"Test","name":"Test"},{"flavor":"AUTONOMOUS","group":"Competition","name":"BlueAuto"},{"flavor":"TELEOP","group":"Competition","name":"FinalTeleOp"},{"flavor":"AUTONOMOUS","group":"Competition","name":"RedAuto"}]
01-14 20:13:46.019 32180 32235 V Robocol : received command: CMD_REQUEST_USER_SENSOR_LIST_RESP(15) [{"description":"a MR compass sensor","flavor":"I2C","name":"MR Compass Sensor","xmlTag":"ModernRoboticsI2cCompassSensor"},{"description":"an Adafruit IMU","flavor":"I2C","name":"Adafruit IMU","xmlTag":"AdafruitBNO055IMU"},{"description":"a MR range sensor","flavor":"I2C","name":"MR Range Sensor","xmlTag":"ModernRoboticsI2cRangeSensor"}]
01-14 20:13:46.019 32180 32235 V Robocol : received command: CMD_REQUEST_ACTIVE_CONFIGURATION_RESP(19) {"isDirty":false,"location":"LOCAL_STORAGE","name":"FINAL_CONFIG_2017","resourceId":0}
01-14 20:13:46.019 32180 32235 V Robocol : received command: CMD_INIT_OP_MODE(10011) $Stop$Robot$
01-14 20:13:46.329 32180 32229 V RobotCore: Starting up device AL00VFK6
01-14 20:13:46.330 32180 32254 V RobotCore: thread: 'r/w loop: Modern Robotics USB Core Device Interface Module [AL00VFK6]' starting...
01-14 20:13:46.331 32180 32229 V RobotCore: Creating I2C Device - Port: 2
01-14 20:13:46.331 32180 32229 V RobotCore: Creating Modern Robotics I2C Gyro Sensor - Port: 3
01-14 20:13:46.340 32180 32229 V RobotCore: Creating I2C Device - Port: 4
01-14 20:13:46.340 32180 32229 V RobotCore: Creating Modern Robotics Analog Optical Distance Sensor - Port: 7
01-14 20:13:46.341 32180 32229 V RobotCore: Creating Modern Robotics USB DC Motor Controller [A104OQ1P]
01-14 20:13:46.355 32180 32229 D RobotCore: arming modern motor controller Modern Robotics USB DC Motor Controller [A104OQ1P]...
01-14 20:13:46.357 32180 32229 V D2xx::  : Vendor: 0403, Product: 6001
01-14 20:13:46.358 32180 32229 V D2xx::  : Vendor: 0403, Product: 6001
01-14 20:13:46.359 32180 32229 V D2xx::  : Vendor: 0403, Product: 6001
01-14 20:13:46.360 32180 32229 V D2xx::  : Vendor: 0403, Product: 6001
01-14 20:13:46.362 32180 32229 V D2xx::  : Vendor: 0403, Product: 6001
01-14 20:13:46.363 32180 32229 V D2xx::  : Vendor: 0403, Product: 6001
01-14 20:13:46.365 32180 32229 D FTDI_Device::: open SUCCESS
01-14 20:13:46.365 32180 32229 I FTDI_Device::: EP: 0x81
01-14 20:13:46.365 32180 32229 I FTDI_Device::: EP: 0x02
01-14 20:13:46.365 32180 32229 D D2XX::  : **********************Device Opened**********************
01-14 20:13:46.782 32180 32229 V RobotCore: Starting up device A104OQ1P
01-14 20:13:46.785 32180 32257 V RobotCore: thread: 'r/w loop: Modern Robotics USB DC Motor Controller [A104OQ1P]' starting...
01-14 20:13:46.786 32180 32229 D RobotCore: ...arming modern motor controller Modern Robotics USB DC Motor Controller [A104OQ1P] complete
01-14 20:13:46.826 32180 32229 V RobotCore: Creating Modern Robotics USB DC Motor Controller [AL00VWH0]
01-14 20:13:46.827 32180 32229 D RobotCore: arming modern motor controller Modern Robotics USB DC Motor Controller [AL00VWH0]...
01-14 20:13:46.829 32180 32229 V D2xx::  : Vendor: 0403, Product: 6001
