01-14 20:13:46.830 32180 32229 V D2xx::  : Vendor: 0403, Product: 6001
01-14 20:13:46.831 32180 32229 V D2xx::  : Vendor: 0403, Product: 6001
01-14 20:13:46.832 32180 32229 V D2xx::  : Vendor: 0403, Product: 6001
01-14 20:13:46.833 32180 32229 V D2xx::  : Vendor: 0403, Product: 6001
01-14 20:13:46.834 32180 32229 V D2xx::  : Vendor: 0403, Product: 6001
01-14 20:13:46.836 32180 32229 D FTDI_Device::: open SUCCESS
01-14 20:13:46.836 32180 32229 I FTDI_Device::: EP: 0x81
01-14 20:13:46.837 32180 32229 I FTDI_Device::: EP: 0x02
01-14 20:13:46.837 32180 32229 D D2XX::  : **********************Device Opened**********************
01-14 20:13:47.256 32180 32229 V RobotCore: Starting up device AL00VWH0
01-14 20:13:47.259 32180 32260 V RobotCore: thread: 'r/w loop: Modern Robotics USB DC Motor Controller [AL00VWH0]' starting...
01-14 20:13:47.259 32180 32229 D RobotCore: ...arming modern motor controller Modern Robotics USB DC Motor Controller [AL00VWH0] complete
01-14 20:13:47.310 32180 32229 V RobotCore: Creating Modern Robotics USB DC Motor Controller [AI049QOP]
01-14 20:13:47.310 32180 32229 D RobotCore: arming modern motor controller Modern Robotics USB DC Motor Controller [AI049QOP]...
01-14 20:13:47.312 32180 32229 V D2xx::  : Vendor: 0403, Product: 6001
01-14 20:13:47.313 32180 32229 V D2xx::  : Vendor: 0403, Product: 6001
01-14 20:13:47.314 32180 32229 V D2xx::  : Vendor: 0403, Product: 6001
01-14 20:13:47.315 32180 32229 V D2xx::  : Vendor: 0403, Product: 6001
01-14 20:13:47.317 32180 32229 V D2xx::  : Vendor: 0403, Product: 6001
01-14 20:13:47.318 32180 32229 V D2xx::  : Vendor: 0403, Product: 6001
01-14 20:13:47.321 32180 32229 D FTDI_Device::: open SUCCESS
01-14 20:13:47.321 32180 32229 I FTDI_Device::: EP: 0x81
01-14 20:13:47.321 32180 32229 I FTDI_Device::: EP: 0x02
01-14 20:13:47.321 32180 32229 D D2XX::  : **********************Device Opened**********************
01-14 20:13:47.745 32180 32229 V RobotCore: Starting up device AI049QOP
01-14 20:13:47.747 32180 32263 V RobotCore: thread: 'r/w loop: Modern Robotics USB DC Motor Controller [AI049QOP]' starting...
01-14 20:13:47.748 32180 32229 D RobotCore: ...arming modern motor controller Modern Robotics USB DC Motor Controller [AI049QOP] complete
01-14 20:13:47.817 32180 32229 V RobotCore: Creating Modern Robotics USB DC Motor Controller [AL00VBIF]
01-14 20:13:47.817 32180 32229 D RobotCore: arming modern motor controller Modern Robotics USB DC Motor Controller [AL00VBIF]...
01-14 20:13:47.819 32180 32229 V D2xx::  : Vendor: 0403, Product: 6001
01-14 20:13:47.821 32180 32229 V D2xx::  : Vendor: 0403, Product: 6001
01-14 20:13:47.822 32180 32229 V D2xx::  : Vendor: 0403, Product: 6001
01-14 20:13:47.825 32180 32229 V D2xx::  : Vendor: 0403, Product: 6001
01-14 20:13:47.827 32180 32229 V D2xx::  : Vendor: 0403, Product: 6001
01-14 20:13:47.833 32180 32229 V D2xx::  : Vendor: 0403, Product: 6001
01-14 20:13:47.836 32180 32229 D FTDI_Device::: open SUCCESS
01-14 20:13:47.836 32180 32229 I FTDI_Device::: EP: 0x81
01-14 20:13:47.836 32180 32229 I FTDI_Device::: EP: 0x02
01-14 20:13:47.836 32180 32229 D D2XX::  : **********************Device Opened**********************
01-14 20:13:48.256 32180 32229 V RobotCore: Starting up device AL00VBIF
01-14 20:13:48.258 32180 32268 V RobotCore: thread: 'r/w loop: Modern Robotics USB DC Motor Controller [AL00VBIF]' starting...
01-14 20:13:48.258 32180 32229 D RobotCore: ...arming modern motor controller Modern Robotics USB DC Motor Controller [AL00VBIF] complete
01-14 20:13:48.361 32180 32229 I RobotCore: Analytics has completed initialization.
01-14 20:13:48.361 32180 32229 I RobotCore: ========= Device Information ===================================================
01-14 20:13:48.362 32180 32229 I RobotCore: Type                                               Name                           Connection
01-14 20:13:48.362 32180 32229 I RobotCore: I2cDevice                                          colorBack                      USB AL00VFK6; port 4
01-14 20:13:48.362 32180 32229 I RobotCore: Modern Robotics USB DC Motor Controller v2.0       Shooter                        USB AI049QOP
01-14 20:13:48.363 32180 32229 I RobotCore: DC Motor                                           rightFront                     USB AL00VWH0; port 1
01-14 20:13:48.363 32180 32229 I RobotCore: Modern Robotics USB DC Motor Controller v2.0       Front Motors                   USB AL00VWH0
01-14 20:13:48.363 32180 32229 I RobotCore: Modern Robotics USB DC Motor Controller v2.0       Back Motors                    USB A104OQ1P
01-14 20:13:48.363 32180 32229 I RobotCore: DC Motor                                           leftBack                       USB A104OQ1P; port 2
01-14 20:13:48.363 32180 32229 I RobotCore: Servo                                              upDown                         USB AL00VSDY; port 1
01-14 20:13:48.363 32180 32229 I RobotCore: DC Motor                                           shooter2                       USB AI049QOP; port 2
01-14 20:13:48.363 32180 32229 I RobotCore: DC Motor                                           shooter1                       USB AI049QOP; port 1
01-14 20:13:48.363 32180 32229 I RobotCore: DC Motor                                           leftFront                      USB AL00VWH0; port 2
01-14 20:13:48.363 32180 32229 I RobotCore: DC Motor                                           rightBack                      USB A104OQ1P; port 1
01-14 20:13:48.363 32180 32229 I RobotCore: Servo                                              ballFeeder                     USB AL00VSDY; port 2
01-14 20:13:48.363 32180 32229 I RobotCore: Modern Robotics USB DC Motor Controller v2.0       Intake                         USB AL00VBIF
01-14 20:13:48.363 32180 32229 I RobotCore: Modern Robotics USB Core Device Interface Module v1.5 Sensors                        USB AL00VFK6
01-14 20:13:48.364 32180 32229 I RobotCore: I2cDevice                                          colorFront                     USB AL00VFK6; port 2
01-14 20:13:48.364 32180 32229 I RobotCore: Modern Robotics USB Servo Controller v1.6          Servos                         USB AL00VSDY
01-14 20:13:48.364 32180 32229 I RobotCore: DC Motor                                           intake                         USB AL00VBIF; port 1
01-14 20:13:48.364 32180 32229 I RobotCore: Modern Robotics Gyro                               gyro                           USB AL00VFK6; I2C port: 3
01-14 20:13:48.364 32180 32229 I RobotCore: Modern Robotics Analog Optical Distance Sensor     ods                            USB AL00VFK6; analog port 7
01-14 20:13:48.364 32180 32229 I FIRST   : ======= INIT FINISH =======
01-14 20:13:48.364 32180 32229 V RobotCore: EventLoopManager state is RUNNING
01-14 20:13:48.365 32180 32229 V RobotCore: Robot Status: running, starting robot
01-14 20:13:48.365 32180 32229 V RobotCore: Robot Status: running
01-14 20:13:48.366 32180 32229 V RobotCore: thread: ...terminating 'RobotSetupRunnable.run()'
01-14 20:13:48.371 32180 32269 V RobotCore: thread: 'opmode loop()' starting...
01-14 20:13:48.385 32180 32243 D MediaPlayer: setSubtitleAnchor in MediaPlayer
01-14 20:13:48.385 32180 32180 D MediaPlayer: setSubtitleAnchor in MediaPlayer
01-14 20:13:48.399 32180 32241 D ExtendedUtils: extended extractor not needed, return default
01-14 20:13:48.399 32180 32241 I MediaCodec: (0xb7faf5a8) init name(audio/raw) isType(1) encoder(0)
01-14 20:13:48.403 32180 32273 I OMXClient: Using client-side OMX mux.
01-14 20:13:48.413 32180 32273 E OMXMaster: A component of name 'OMX.qcom.audio.decoder.aac' already exists, ignoring this one.
01-14 20:13:48.427 32180 32273 I MediaCodec: (0xb7faf5a8) Component Allocated (OMX.google.raw.decoder)
01-14 20:13:48.427 32180 32241 I MediaCodec: (0xb7faf5a8) configure surface(0x0) crypto(0x0) flags(0)
01-14 20:13:48.427 32180 32241 D MediaCodec: (0xb7faf5a8) configure format: AMessage(what = 0x00000000) = {
01-14 20:13:48.427 32180 32241 D MediaCodec:    string mime = "audio/raw"
01-14 20:13:48.427 32180 32241 D MediaCodec:    int64_t durationUs = 1019125
01-14 20:13:48.427 32180 32241 D MediaCodec:    int32_t channel-count = 1
01-14 20:13:48.427 32180 32241 D MediaCodec:    int32_t sample-rate = 8000
01-14 20:13:48.427 32180 32241 D MediaCodec:    int32_t channel-mask = 0
01-14 20:13:48.427 32180 32241 D MediaCodec:  }
01-14 20:13:48.428 32180 32241 I MediaCodec: (0xb7faf5a8) start
01-14 20:13:48.429 32180 32273 I MediaCodec: (0xb7faf5a8) input buffers allocated
01-14 20:13:48.429 32180 32273 I MediaCodec: (0xb7faf5a8) numBuffers (4)
01-14 20:13:48.429 32180 32273 I MediaCodec: (0xb7faf5a8) output buffers allocated
01-14 20:13:48.429 32180 32273 I MediaCodec: (0xb7faf5a8) numBuffers (4)
01-14 20:13:48.432 32180 32273 I MediaCodec: (0xb7faf5a8) codec output format changed
01-14 20:13:48.432 32180 32273 D MediaCodec: (0xb7faf5a8) output format: AMessage(what = 'codc', target = 6) = {
01-14 20:13:48.432 32180 32273 D MediaCodec:    string mime = "audio/raw"
01-14 20:13:48.432 32180 32273 D MediaCodec:    int32_t channel-count = 1
01-14 20:13:48.432 32180 32273 D MediaCodec:    int32_t sample-rate = 8000
01-14 20:13:48.432 32180 32273 D MediaCodec:    int32_t channel-mask = 0
01-14 20:13:48.432 32180 32273 D MediaCodec:    int32_t what = 1869968451
01-14 20:13:48.432 32180 32273 D MediaCodec:  }
01-14 20:13:48.435 32180 32241 I MediaCodec: (0xb7faf5a8) stop
01-14 20:13:48.437 32180 32241 I MediaCodec: (0xb7faf5a8) release
01-14 20:13:48.466 32180 32243 W AudioTrack: AUDIO_OUTPUT_FLAG_FAST denied by client; transfer 4, track 8000 Hz, output 48000 Hz
01-14 20:13:48.878 32180 32269 I RobotCore: Attempting to switch to op mode $Stop$Robot$
01-14 20:13:48.975 32180 32239 V Robocol : sending CMD_INIT_OP_MODE_RESP(53), attempt: 0
01-14 20:13:49.018 32180 32235 V Robocol : received command: CMD_INIT_OP_MODE_RESP(53) $Stop$Robot$
01-14 20:13:49.130 32180 32269 I RobotCore: robot battery read duration: n=4, mean=0.015ms sd=0.009ms
01-14 20:13:52.018 32180 32235 V Robocol : received command: CMD_INIT_OP_MODE(10077) $Stop$Robot$
01-14 20:13:52.021 32180 32269 I RobotCore: Attempting to switch to op mode $Stop$Robot$
01-14 20:13:52.055 32180 32239 V Robocol : sending CMD_INIT_OP_MODE_RESP(102), attempt: 0
01-14 20:13:52.058 32180 32235 V Robocol : received command: CMD_INIT_OP_MODE_RESP(102) $Stop$Robot$
01-14 20:13:56.939 32180 32235 V Robocol : received command: CMD_INIT_OP_MODE(10142) ShooterData
01-14 20:13:56.941 32180 32269 I RobotCore: Attempting to switch to op mode ShooterData
01-14 20:13:57.031 32180 32280 V RobotCore: thread: 'LinearOpMode main' starting...
01-14 20:13:57.055 32180 32239 V Robocol : sending CMD_INIT_OP_MODE_RESP(176), attempt: 0
01-14 20:13:57.060 32180 32235 V Robocol : received command: CMD_INIT_OP_MODE_RESP(176) ShooterData
01-14 20:14:00.939 32180 32235 V Robocol : received command: CMD_RUN_OP_MODE(10181) ShooterData
01-14 20:14:00.944 32180 32280 I RobotCore: SHOOTER batteryVoltage: 13.101466275659822
01-14 20:14:00.944 32180 32280 I RobotCore: SHOOTER RPM1: 0.0
01-14 20:14:00.944 32180 32280 I RobotCore: SHOOTER RPM2: 0.0
01-14 20:14:00.955 32180 32280 I RobotCore: SHOOTER batteryVoltage: 13.101466275659822
01-14 20:14:00.955 32180 32280 I RobotCore: SHOOTER RPM1: 0.0
01-14 20:14:00.955 32180 32280 I RobotCore: SHOOTER RPM2: 0.0
01-14 20:14:00.965 32180 32280 I RobotCore: SHOOTER batteryVoltage: 13.101466275659822
01-14 20:14:00.965 32180 32280 I RobotCore: SHOOTER RPM1: 0.0
01-14 20:14:00.965 32180 32280 I RobotCore: SHOOTER RPM2: 0.0
01-14 20:14:00.975 32180 32239 V Robocol : sending CMD_RUN_OP_MODE_RESP(218), attempt: 0
01-14 20:14:00.976 32180 32280 I RobotCore: SHOOTER batteryVoltage: 13.101466275659822
01-14 20:14:00.976 32180 32280 I RobotCore: SHOOTER RPM1: 0.0
01-14 20:14:00.976 32180 32280 I RobotCore: SHOOTER RPM2: 0.0
01-14 20:14:00.986 32180 32280 I RobotCore: SHOOTER batteryVoltage: 13.101466275659822
01-14 20:14:00.986 32180 32280 I RobotCore: SHOOTER RPM1: 0.0
01-14 20:14:00.986 32180 32280 I RobotCore: SHOOTER RPM2: 0.0
01-14 20:14:00.997 32180 32280 I RobotCore: SHOOTER batteryVoltage: 13.101466275659822
01-14 20:14:00.997 32180 32280 I RobotCore: SHOOTER RPM1: 0.0
01-14 20:14:00.997 32180 32280 I RobotCore: SHOOTER RPM2: 0.0
01-14 20:14:01.007 32180 32280 I RobotCore: SHOOTER batteryVoltage: 13.101466275659822
01-14 20:14:01.007 32180 32280 I RobotCore: SHOOTER RPM1: 0.0
01-14 20:14:01.007 32180 32280 I RobotCore: SHOOTER RPM2: 0.0
01-14 20:14:01.018 32180 32280 I RobotCore: SHOOTER batteryVoltage: 13.101466275659822
01-14 20:14:01.018 32180 32280 I RobotCore: SHOOTER RPM1: 0.0
01-14 20:14:01.018 32180 32280 I RobotCore: SHOOTER RPM2: 0.0
01-14 20:14:01.018 32180 32235 V Robocol : received command: CMD_RUN_OP_MODE_RESP(218) ShooterData
01-14 20:14:01.029 32180 32280 I RobotCore: SHOOTER batteryVoltage: 13.101466275659822
01-14 20:14:01.029 32180 32280 I RobotCore: SHOOTER RPM1: 0.0
01-14 20:14:01.029 32180 32280 I RobotCore: SHOOTER RPM2: 0.0
01-14 20:14:01.039 32180 32280 I RobotCore: SHOOTER batteryVoltage: 13.101466275659822
01-14 20:14:01.039 32180 32280 I RobotCore: SHOOTER RPM1: 0.0
01-14 20:14:01.039 32180 32280 I RobotCore: SHOOTER RPM2: 0.0
01-14 20:14:01.050 32180 32280 I RobotCore: SHOOTER batteryVoltage: 13.101466275659822
01-14 20:14:01.050 32180 32280 I RobotCore: SHOOTER RPM1: 0.0
01-14 20:14:01.050 32180 32280 I RobotCore: SHOOTER RPM2: 0.0
01-14 20:14:01.060 32180 32280 I RobotCore: SHOOTER batteryVoltage: 13.101466275659822
01-14 20:14:01.060 32180 32280 I RobotCore: SHOOTER RPM1: 0.0
01-14 20:14:01.060 32180 32280 I RobotCore: SHOOTER RPM2: 0.0
01-14 20:14:01.070 32180 32280 I RobotCore: SHOOTER batteryVoltage: 13.101466275659822
01-14 20:14:01.070 32180 32280 I RobotCore: SHOOTER RPM1: 0.0
01-14 20:14:01.070 32180 32280 I RobotCore: SHOOTER RPM2: 0.0
01-14 20:14:01.081 32180 32280 I RobotCore: SHOOTER batteryVoltage: 13.101466275659822
01-14 20:14:01.081 32180 32280 I RobotCore: SHOOTER RPM1: 0.0
01-14 20:14:01.081 32180 32280 I RobotCore: SHOOTER RPM2: 0.0
01-14 20:14:01.091 32180 32280 I RobotCore: SHOOTER batteryVoltage: 13.101466275659822
01-14 20:14:01.091 32180 32280 I RobotCore: SHOOTER RPM1: 0.0
01-14 20:14:01.091 32180 32280 I RobotCore: SHOOTER RPM2: 0.0
01-14 20:14:01.102 32180 32280 I RobotCore: SHOOTER batteryVoltage: 13.101466275659822
01-14 20:14:01.102 32180 32280 I RobotCore: SHOOTER RPM1: 0.0
01-14 20:14:01.102 32180 32280 I RobotCore: SHOOTER RPM2: 0.0
01-14 20:14:01.112 32180 32280 I RobotCore: SHOOTER batteryVoltage: 13.101466275659822
01-14 20:14:01.112 32180 32280 I RobotCore: SHOOTER RPM1: 0.0
01-14 20:14:01.112 32180 32280 I RobotCore: SHOOTER RPM2: 0.0
01-14 20:14:01.122 32180 32280 I RobotCore: SHOOTER batteryVoltage: 13.101466275659822
01-14 20:14:01.122 32180 32280 I RobotCore: SHOOTER RPM1: 0.0
01-14 20:14:01.122 32180 32280 I RobotCore: SHOOTER RPM2: 0.0
01-14 20:14:01.133 32180 32280 I RobotCore: SHOOTER batteryVoltage: 13.101466275659822
01-14 20:14:01.133 32180 32280 I RobotCore: SHOOTER RPM1: 0.0
01-14 20:14:01.133 32180 32280 I RobotCore: SHOOTER RPM2: 0.0
01-14 20:14:01.143 32180 32280 I RobotCore: SHOOTER batteryVoltage: 13.101466275659822
01-14 20:14:01.143 32180 32280 I RobotCore: SHOOTER RPM1: 0.0
01-14 20:14:01.143 32180 32280 I RobotCore: SHOOTER RPM2: 0.0
01-14 20:14:01.154 32180 32280 I RobotCore: SHOOTER batteryVoltage: 13.101466275659822
01-14 20:14:01.154 32180 32280 I RobotCore: SHOOTER RPM1: 0.0
01-14 20:14:01.154 32180 32280 I RobotCore: SHOOTER RPM2: 0.0
01-14 20:14:01.164 32180 32280 I RobotCore: SHOOTER batteryVoltage: 13.101466275659822
01-14 20:14:01.164 32180 32280 I RobotCore: SHOOTER RPM1: 0.0
01-14 20:14:01.164 32180 32280 I RobotCore: SHOOTER RPM2: 0.0
01-14 20:14:01.174 32180 32280 I RobotCore: SHOOTER batteryVoltage: 13.101466275659822
01-14 20:14:01.175 32180 32280 I RobotCore: SHOOTER RPM1: 0.0
01-14 20:14:01.175 32180 32280 I RobotCore: SHOOTER RPM2: 0.0
01-14 20:14:01.185 32180 32280 I RobotCore: SHOOTER batteryVoltage: 13.101466275659822
01-14 20:14:01.185 32180 32280 I RobotCore: SHOOTER RPM1: 0.0
01-14 20:14:01.185 32180 32280 I RobotCore: SHOOTER RPM2: 0.0
01-14 20:14:01.195 32180 32280 I RobotCore: SHOOTER batteryVoltage: 13.101466275659822
01-14 20:14:01.195 32180 32280 I RobotCore: SHOOTER RPM1: 0.0
01-14 20:14:01.195 32180 32280 I RobotCore: SHOOTER RPM2: 0.0
01-14 20:14:01.206 32180 32280 I RobotCore: SHOOTER batteryVoltage: 13.101466275659822
01-14 20:14:01.206 32180 32280 I RobotCore: SHOOTER RPM1: 0.0
01-14 20:14:01.206 32180 32280 I RobotCore: SHOOTER RPM2: 0.0
01-14 20:14:01.217 32180 32280 I RobotCore: SHOOTER batteryVoltage: 13.101466275659822
01-14 20:14:01.217 32180 32280 I RobotCore: SHOOTER RPM1: 0.0
01-14 20:14:01.217 32180 32280 I RobotCore: SHOOTER RPM2: 0.0
01-14 20:14:01.227 32180 32280 I RobotCore: SHOOTER batteryVoltage: 13.101466275659822
01-14 20:14:01.227 32180 32280 I RobotCore: SHOOTER RPM1: 0.0
01-14 20:14:01.227 32180 32280 I RobotCore: SHOOTER RPM2: 0.0
01-14 20:14:01.238 32180 32280 I RobotCore: SHOOTER batteryVoltage: 13.101466275659822
01-14 20:14:01.238 32180 32280 I RobotCore: SHOOTER RPM1: 0.0
01-14 20:14:01.238 32180 32280 I RobotCore: SHOOTER RPM2: 0.0
01-14 20:14:01.248 32180 32280 I RobotCore: SHOOTER batteryVoltage: 13.101466275659822
01-14 20:14:01.248 32180 32280 I RobotCore: SHOOTER RPM1: 0.0
01-14 20:14:01.248 32180 32280 I RobotCore: SHOOTER RPM2: 0.0
01-14 20:14:01.258 32180 32280 I RobotCore: SHOOTER batteryVoltage: 13.101466275659822
01-14 20:14:01.259 32180 32280 I RobotCore: SHOOTER RPM1: 0.0
01-14 20:14:01.259 32180 32280 I RobotCore: SHOOTER RPM2: 0.0
01-14 20:14:01.269 32180 32280 I RobotCore: SHOOTER batteryVoltage: 13.101466275659822
01-14 20:14:01.269 32180 32280 I RobotCore: SHOOTER RPM1: 0.0
01-14 20:14:01.269 32180 32280 I RobotCore: SHOOTER RPM2: 0.0
01-14 20:14:01.279 32180 32280 I RobotCore: SHOOTER batteryVoltage: 13.101466275659822
01-14 20:14:01.279 32180 32280 I RobotCore: SHOOTER RPM1: 0.0
01-14 20:14:01.279 32180 32280 I RobotCore: SHOOTER RPM2: 0.0
01-14 20:14:01.290 32180 32280 I RobotCore: SHOOTER batteryVoltage: 13.101466275659822
01-14 20:14:01.290 32180 32280 I RobotCore: SHOOTER RPM1: 0.0
01-14 20:14:01.290 32180 32280 I RobotCore: SHOOTER RPM2: 0.0
01-14 20:14:01.301 32180 32280 I RobotCore: SHOOTER batteryVoltage: 13.101466275659822
01-14 20:14:01.301 32180 32280 I RobotCore: SHOOTER RPM1: 0.0
01-14 20:14:01.301 32180 32280 I RobotCore: SHOOTER RPM2: 0.0
01-14 20:14:01.311 32180 32280 I RobotCore: SHOOTER batteryVoltage: 13.101466275659822
01-14 20:14:01.311 32180 32280 I RobotCore: SHOOTER RPM1: 0.0
01-14 20:14:01.311 32180 32280 I RobotCore: SHOOTER RPM2: 0.0
01-14 20:14:01.321 32180 32280 I RobotCore: SHOOTER batteryVoltage: 13.101466275659822
01-14 20:14:01.321 32180 32280 I RobotCore: SHOOTER RPM1: 0.0
01-14 20:14:01.321 32180 32280 I RobotCore: SHOOTER RPM2: 0.0
01-14 20:14:01.332 32180 32280 I RobotCore: SHOOTER batteryVoltage: 13.101466275659822
01-14 20:14:01.332 32180 32280 I RobotCore: SHOOTER RPM1: 0.0
01-14 20:14:01.332 32180 32280 I RobotCore: SHOOTER RPM2: 0.0
01-14 20:14:01.342 32180 32280 I RobotCore: SHOOTER batteryVoltage: 13.101466275659822
01-14 20:14:01.342 32180 32280 I RobotCore: SHOOTER RPM1: 0.0
01-14 20:14:01.342 32180 32280 I RobotCore: SHOOTER RPM2: 0.0
01-14 20:14:01.353 32180 32280 I RobotCore: SHOOTER batteryVoltage: 13.101466275659822
01-14 20:14:01.353 32180 32280 I RobotCore: SHOOTER RPM1: 0.0
01-14 20:14:01.353 32180 32280 I RobotCore: SHOOTER RPM2: 0.0
01-14 20:14:01.363 32180 32280 I RobotCore: SHOOTER batteryVoltage: 13.101466275659822
01-14 20:14:01.363 32180 32280 I RobotCore: SHOOTER RPM1: 0.0
01-14 20:14:01.363 32180 32280 I RobotCore: SHOOTER RPM2: 0.0
01-14 20:14:01.374 32180 32280 I RobotCore: SHOOTER batteryVoltage: 13.101466275659822
01-14 20:14:01.374 32180 32280 I RobotCore: SHOOTER RPM1: 0.0
01-14 20:14:01.374 32180 32280 I RobotCore: SHOOTER RPM2: 0.0
01-14 20:14:01.384 32180 32280 I RobotCore: SHOOTER batteryVoltage: 13.101466275659822
01-14 20:14:01.384 32180 32280 I RobotCore: SHOOTER RPM1: 0.0
01-14 20:14:01.384 32180 32280 I RobotCore: SHOOTER RPM2: 0.0
01-14 20:14:01.395 32180 32280 I RobotCore: SHOOTER batteryVoltage: 13.101466275659822
01-14 20:14:01.395 32180 32280 I RobotCore: SHOOTER RPM1: 0.0
01-14 20:14:01.395 32180 32280 I RobotCore: SHOOTER RPM2: 0.0
01-14 20:14:01.405 32180 32280 I RobotCore: SHOOTER batteryVoltage: 13.101466275659822
01-14 20:14:01.405 32180 32280 I RobotCore: SHOOTER RPM1: 0.0
01-14 20:14:01.405 32180 32280 I RobotCore: SHOOTER RPM2: 0.0
01-14 20:14:01.416 32180 32280 I RobotCore: SHOOTER batteryVoltage: 13.101466275659822
01-14 20:14:01.416 32180 32280 I RobotCore: SHOOTER RPM1: 0.0
01-14 20:14:01.416 32180 32280 I RobotCore: SHOOTER RPM2: 0.0
01-14 20:14:01.426 32180 32280 I RobotCore: SHOOTER batteryVoltage: 13.101466275659822
01-14 20:14:01.426 32180 32280 I RobotCore: SHOOTER RPM1: 0.0
01-14 20:14:01.426 32180 32280 I RobotCore: SHOOTER RPM2: 0.0
01-14 20:14:01.437 32180 32280 I RobotCore: SHOOTER batteryVoltage: 13.101466275659822
01-14 20:14:01.437 32180 32280 I RobotCore: SHOOTER RPM1: 0.0
01-14 20:14:01.437 32180 32280 I RobotCore: SHOOTER RPM2: 0.0
01-14 20:14:01.447 32180 32280 I RobotCore: SHOOTER batteryVoltage: 13.101466275659822
01-14 20:14:01.447 32180 32280 I RobotCore: SHOOTER RPM1: 0.0
01-14 20:14:01.447 32180 32280 I RobotCore: SHOOTER RPM2: 0.0
01-14 20:14:01.457 32180 32280 I RobotCore: SHOOTER batteryVoltage: 13.101466275659822
01-14 20:14:01.457 32180 32280 I RobotCore: SHOOTER RPM1: 0.0
01-14 20:14:01.458 32180 32280 I RobotCore: SHOOTER RPM2: 0.0
01-14 20:14:01.468 32180 32280 I RobotCore: SHOOTER batteryVoltage: 13.101466275659822
01-14 20:14:01.468 32180 32280 I RobotCore: SHOOTER RPM1: 0.0
01-14 20:14:01.468 32180 32280 I RobotCore: SHOOTER RPM2: 0.0
01-14 20:14:01.479 32180 32280 I RobotCore: SHOOTER batteryVoltage: 13.101466275659822
01-14 20:14:01.479 32180 32280 I RobotCore: SHOOTER RPM1: 0.0
01-14 20:14:01.479 32180 32280 I RobotCore: SHOOTER RPM2: 0.0
01-14 20:14:01.489 32180 32280 I RobotCore: SHOOTER batteryVoltage: 13.101466275659822
01-14 20:14:01.489 32180 32280 I RobotCore: SHOOTER RPM1: 0.0
01-14 20:14:01.489 32180 32280 I RobotCore: SHOOTER RPM2: 0.0
01-14 20:14:01.499 32180 32280 I RobotCore: SHOOTER batteryVoltage: 13.101466275659822
01-14 20:14:01.499 32180 32280 I RobotCore: SHOOTER RPM1: 0.0
01-14 20:14:01.499 32180 32280 I RobotCore: SHOOTER RPM2: 0.0
01-14 20:14:01.510 32180 32280 I RobotCore: SHOOTER batteryVoltage: 13.101466275659822
01-14 20:14:01.510 32180 32280 I RobotCore: SHOOTER RPM1: 0.0
01-14 20:14:01.510 32180 32280 I RobotCore: SHOOTER RPM2: 0.0
01-14 20:14:01.520 32180 32280 I RobotCore: SHOOTER batteryVoltage: 13.101466275659822
01-14 20:14:01.520 32180 32280 I RobotCore: SHOOTER RPM1: 0.0
01-14 20:14:01.520 32180 32280 I RobotCore: SHOOTER RPM2: 0.0
01-14 20:14:01.530 32180 32280 I RobotCore: SHOOTER batteryVoltage: 13.101466275659822
01-14 20:14:01.531 32180 32280 I RobotCore: SHOOTER RPM1: 0.0
01-14 20:14:01.531 32180 32280 I RobotCore: SHOOTER RPM2: 0.0
01-14 20:14:01.541 32180 32280 I RobotCore: SHOOTER batteryVoltage: 13.101466275659822
01-14 20:14:01.541 32180 32280 I RobotCore: SHOOTER RPM1: 0.0
01-14 20:14:01.541 32180 32280 I RobotCore: SHOOTER RPM2: 0.0
01-14 20:14:01.552 32180 32280 I RobotCore: SHOOTER batteryVoltage: 13.101466275659822
01-14 20:14:01.552 32180 32280 I RobotCore: SHOOTER RPM1: 0.0
01-14 20:14:01.552 32180 32280 I RobotCore: SHOOTER RPM2: 0.0
01-14 20:14:01.562 32180 32280 I RobotCore: SHOOTER batteryVoltage: 13.101466275659822
01-14 20:14:01.562 32180 32280 I RobotCore: SHOOTER RPM1: 0.0
01-14 20:14:01.562 32180 32280 I RobotCore: SHOOTER RPM2: 0.0
01-14 20:14:01.572 32180 32280 I RobotCore: SHOOTER batteryVoltage: 13.101466275659822
01-14 20:14:01.572 32180 32280 I RobotCore: SHOOTER RPM1: 0.0
01-14 20:14:01.573 32180 32280 I RobotCore: SHOOTER RPM2: 0.0
01-14 20:14:01.583 32180 32280 I RobotCore: SHOOTER batteryVoltage: 13.101466275659822
01-14 20:14:01.583 32180 32280 I RobotCore: SHOOTER RPM1: 0.0
01-14 20:14:01.583 32180 32280 I RobotCore: SHOOTER RPM2: 0.0
01-14 20:14:01.593 32180 32280 I RobotCore: SHOOTER batteryVoltage: 13.101466275659822
01-14 20:14:01.593 32180 32280 I RobotCore: SHOOTER RPM1: 0.0
01-14 20:14:01.593 32180 32280 I RobotCore: SHOOTER RPM2: 0.0
01-14 20:14:01.604 32180 32280 I RobotCore: SHOOTER batteryVoltage: 13.101466275659822
01-14 20:14:01.604 32180 32280 I RobotCore: SHOOTER RPM1: 0.0
01-14 20:14:01.604 32180 32280 I RobotCore: SHOOTER RPM2: 0.0
01-14 20:14:01.614 32180 32280 I RobotCore: SHOOTER batteryVoltage: 13.101466275659822
01-14 20:14:01.614 32180 32280 I RobotCore: SHOOTER RPM1: 0.0
01-14 20:14:01.614 32180 32280 I RobotCore: SHOOTER RPM2: 0.0
01-14 20:14:01.625 32180 32280 I RobotCore: SHOOTER batteryVoltage: 13.101466275659822
01-14 20:14:01.625 32180 32280 I RobotCore: SHOOTER RPM1: 0.0
01-14 20:14:01.625 32180 32280 I RobotCore: SHOOTER RPM2: 0.0
01-14 20:14:01.635 32180 32280 I RobotCore: SHOOTER batteryVoltage: 13.101466275659822
01-14 20:14:01.635 32180 32280 I RobotCore: SHOOTER RPM1: 0.0
01-14 20:14:01.635 32180 32280 I RobotCore: SHOOTER RPM2: 0.0
01-14 20:14:01.646 32180 32280 I RobotCore: SHOOTER batteryVoltage: 13.101466275659822
01-14 20:14:01.646 32180 32280 I RobotCore: SHOOTER RPM1: 0.0
01-14 20:14:01.646 32180 32280 I RobotCore: SHOOTER RPM2: 0.0
01-14 20:14:01.656 32180 32280 I RobotCore: SHOOTER batteryVoltage: 13.101466275659822
01-14 20:14:01.656 32180 32280 I RobotCore: SHOOTER RPM1: 0.0
01-14 20:14:01.656 32180 32280 I RobotCore: SHOOTER RPM2: 0.0
01-14 20:14:01.666 32180 32280 I RobotCore: SHOOTER batteryVoltage: 13.101466275659822
01-14 20:14:01.667 32180 32280 I RobotCore: SHOOTER RPM1: 0.0
01-14 20:14:01.667 32180 32280 I RobotCore: SHOOTER RPM2: 0.0
01-14 20:14:01.677 32180 32280 I RobotCore: SHOOTER batteryVoltage: 13.101466275659822
01-14 20:14:01.677 32180 32280 I RobotCore: SHOOTER RPM1: 0.0
01-14 20:14:01.677 32180 32280 I RobotCore: SHOOTER RPM2: 0.0
01-14 20:14:01.687 32180 32280 I RobotCore: SHOOTER batteryVoltage: 13.101466275659822
01-14 20:14:01.687 32180 32280 I RobotCore: SHOOTER RPM1: 0.0
01-14 20:14:01.687 32180 32280 I RobotCore: SHOOTER RPM2: 0.0
01-14 20:14:01.698 32180 32280 I RobotCore: SHOOTER batteryVoltage: 13.101466275659822
01-14 20:14:01.698 32180 32280 I RobotCore: SHOOTER RPM1: 0.0
01-14 20:14:01.698 32180 32280 I RobotCore: SHOOTER RPM2: 0.0
01-14 20:14:01.709 32180 32280 I RobotCore: SHOOTER batteryVoltage: 13.101466275659822
01-14 20:14:01.709 32180 32280 I RobotCore: SHOOTER RPM1: 0.0
01-14 20:14:01.709 32180 32280 I RobotCore: SHOOTER RPM2: 0.0
01-14 20:14:01.719 32180 32280 I RobotCore: SHOOTER batteryVoltage: 13.101466275659822
01-14 20:14:01.719 32180 32280 I RobotCore: SHOOTER RPM1: 0.0
01-14 20:14:01.719 32180 32280 I RobotCore: SHOOTER RPM2: 0.0
01-14 20:14:01.730 32180 32280 I RobotCore: SHOOTER batteryVoltage: 13.101466275659822
01-14 20:14:01.730 32180 32280 I RobotCore: SHOOTER RPM1: 0.0
01-14 20:14:01.730 32180 32280 I RobotCore: SHOOTER RPM2: 0.0
01-14 20:14:01.740 32180 32280 I RobotCore: SHOOTER batteryVoltage: 13.101466275659822
01-14 20:14:01.740 32180 32280 I RobotCore: SHOOTER RPM1: 0.0
01-14 20:14:01.740 32180 32280 I RobotCore: SHOOTER RPM2: 0.0
01-14 20:14:01.751 32180 32280 I RobotCore: SHOOTER batteryVoltage: 13.101466275659822
01-14 20:14:01.751 32180 32280 I RobotCore: SHOOTER RPM1: 0.0
01-14 20:14:01.751 32180 32280 I RobotCore: SHOOTER RPM2: 0.0
01-14 20:14:01.761 32180 32280 I RobotCore: SHOOTER batteryVoltage: 13.101466275659822
01-14 20:14:01.761 32180 32280 I RobotCore: SHOOTER RPM1: 0.0
01-14 20:14:01.761 32180 32280 I RobotCore: SHOOTER RPM2: 0.0
01-14 20:14:01.771 32180 32280 I RobotCore: SHOOTER batteryVoltage: 13.101466275659822
01-14 20:14:01.771 32180 32280 I RobotCore: SHOOTER RPM1: 0.0
01-14 20:14:01.771 32180 32280 I RobotCore: SHOOTER RPM2: 0.0
01-14 20:14:01.782 32180 32280 I RobotCore: SHOOTER batteryVoltage: 13.101466275659822
01-14 20:14:01.782 32180 32280 I RobotCore: SHOOTER RPM1: 0.0
01-14 20:14:01.782 32180 32280 I RobotCore: SHOOTER RPM2: 0.0
01-14 20:14:01.792 32180 32280 I RobotCore: SHOOTER batteryVoltage: 13.101466275659822
01-14 20:14:01.792 32180 32280 I RobotCore: SHOOTER RPM1: 0.0
01-14 20:14:01.792 32180 32280 I RobotCore: SHOOTER RPM2: 0.0
01-14 20:14:01.803 32180 32280 I RobotCore: SHOOTER batteryVoltage: 13.101466275659822
01-14 20:14:01.803 32180 32280 I RobotCore: SHOOTER RPM1: 0.0
01-14 20:14:01.803 32180 32280 I RobotCore: SHOOTER RPM2: 0.0
01-14 20:14:01.813 32180 32280 I RobotCore: SHOOTER batteryVoltage: 13.101466275659822
01-14 20:14:01.813 32180 32280 I RobotCore: SHOOTER RPM1: 0.0
01-14 20:14:01.813 32180 32280 I RobotCore: SHOOTER RPM2: 0.0
01-14 20:14:01.823 32180 32280 I RobotCore: SHOOTER batteryVoltage: 13.101466275659822
01-14 20:14:01.823 32180 32280 I RobotCore: SHOOTER RPM1: 0.0
01-14 20:14:01.824 32180 32280 I RobotCore: SHOOTER RPM2: 0.0
01-14 20:14:01.838 32180 32280 I RobotCore: SHOOTER batteryVoltage: 13.101466275659822
01-14 20:14:01.838 32180 32280 I RobotCore: SHOOTER RPM1: 0.0
01-14 20:14:01.838 32180 32280 I RobotCore: SHOOTER RPM2: 0.0
01-14 20:14:01.848 32180 32280 I RobotCore: SHOOTER batteryVoltage: 13.101466275659822
01-14 20:14:01.848 32180 32280 I RobotCore: SHOOTER RPM1: 0.0
01-14 20:14:01.848 32180 32280 I RobotCore: SHOOTER RPM2: 0.0
01-14 20:14:01.859 32180 32280 I RobotCore: SHOOTER batteryVoltage: 13.101466275659822
01-14 20:14:01.859 32180 32280 I RobotCore: SHOOTER RPM1: 0.0
01-14 20:14:01.859 32180 32280 I RobotCore: SHOOTER RPM2: 0.0
01-14 20:14:01.869 32180 32280 I RobotCore: SHOOTER batteryVoltage: 13.101466275659822
01-14 20:14:01.869 32180 32280 I RobotCore: SHOOTER RPM1: 0.0
01-14 20:14:01.869 32180 32280 I RobotCore: SHOOTER RPM2: 0.0
01-14 20:14:01.879 32180 32280 I RobotCore: SHOOTER batteryVoltage: 13.101466275659822
01-14 20:14:01.879 32180 32280 I RobotCore: SHOOTER RPM1: 0.0
01-14 20:14:01.879 32180 32280 I RobotCore: SHOOTER RPM2: 0.0
01-14 20:14:01.890 32180 32280 I RobotCore: SHOOTER batteryVoltage: 13.101466275659822
01-14 20:14:01.890 32180 32280 I RobotCore: SHOOTER RPM1: 0.0
01-14 20:14:01.890 32180 32280 I RobotCore: SHOOTER RPM2: 0.0
01-14 20:14:01.900 32180 32280 I RobotCore: SHOOTER batteryVoltage: 13.101466275659822
01-14 20:14:01.901 32180 32280 I RobotCore: SHOOTER RPM1: 0.0
01-14 20:14:01.901 32180 32280 I RobotCore: SHOOTER RPM2: 0.0
01-14 20:14:01.911 32180 32280 I RobotCore: SHOOTER batteryVoltage: 13.101466275659822
01-14 20:14:01.911 32180 32280 I RobotCore: SHOOTER RPM1: 0.0
01-14 20:14:01.911 32180 32280 I RobotCore: SHOOTER RPM2: 0.0
01-14 20:14:01.921 32180 32280 I RobotCore: SHOOTER batteryVoltage: 13.101466275659822
01-14 20:14:01.921 32180 32280 I RobotCore: SHOOTER RPM1: 0.0
01-14 20:14:01.921 32180 32280 I RobotCore: SHOOTER RPM2: 0.0
01-14 20:14:01.932 32180 32280 I RobotCore: SHOOTER batteryVoltage: 13.101466275659822
01-14 20:14:01.932 32180 32280 I RobotCore: SHOOTER RPM1: 0.0
01-14 20:14:01.932 32180 32280 I RobotCore: SHOOTER RPM2: 0.0
01-14 20:14:01.942 32180 32280 I RobotCore: SHOOTER batteryVoltage: 13.101466275659822
01-14 20:14:01.942 32180 32280 I RobotCore: SHOOTER RPM1: 0.0
01-14 20:14:01.942 32180 32280 I RobotCore: SHOOTER RPM2: 0.0
01-14 20:14:01.952 32180 32280 I RobotCore: SHOOTER batteryVoltage: 13.101466275659822
01-14 20:14:01.952 32180 32280 I RobotCore: SHOOTER RPM1: 0.0
01-14 20:14:01.953 32180 32280 I RobotCore: SHOOTER RPM2: 0.0
01-14 20:14:02.010 32180 32280 I RobotCore: SHOOTER batteryVoltage: 12.682697947214075
01-14 20:14:02.010 32180 32280 I RobotCore: SHOOTER RPM1: 23.661304843996657
01-14 20:14:02.010 32180 32280 I RobotCore: SHOOTER RPM2: 0.0
01-14 20:14:02.020 32180 32280 I RobotCore: SHOOTER batteryVoltage: 12.682697947214075
01-14 20:14:02.020 32180 32280 I RobotCore: SHOOTER RPM1: 129.06633290870167
01-14 20:14:02.020 32180 32280 I RobotCore: SHOOTER RPM2: 0.0
01-14 20:14:02.031 32180 32280 I RobotCore: SHOOTER batteryVoltage: 12.563049853372434
01-14 20:14:02.031 32180 32280 I RobotCore: SHOOTER RPM1: 125.28161113755527
01-14 20:14:02.031 32180 32280 I RobotCore: SHOOTER RPM2: 0.0
01-14 20:14:02.042 32180 32280 I RobotCore: SHOOTER batteryVoltage: 12.343695014662757
01-14 20:14:02.042 32180 32280 I RobotCore: SHOOTER RPM1: 123.0132048106459
01-14 20:14:02.042 32180 32280 I RobotCore: SHOOTER RPM2: 0.0
01-14 20:14:02.052 32180 32280 I RobotCore: SHOOTER batteryVoltage: 12.263929618768328
01-14 20:14:02.052 32180 32280 I RobotCore: SHOOTER RPM1: 256.2220993830846
01-14 20:14:02.052 32180 32280 I RobotCore: SHOOTER RPM2: 128.1110496915423
01-14 20:14:02.063 32180 32280 I RobotCore: SHOOTER batteryVoltage: 12.263929618768328
01-14 20:14:02.063 32180 32280 I RobotCore: SHOOTER RPM1: 0.0
01-14 20:14:02.063 32180 32280 I RobotCore: SHOOTER RPM2: 0.0
01-14 20:14:02.074 32180 32280 I RobotCore: SHOOTER batteryVoltage: 12.164222873900293
01-14 20:14:02.074 32180 32280 I RobotCore: SHOOTER RPM1: 246.21319732233988
01-14 20:14:02.074 32180 32280 I RobotCore: SHOOTER RPM2: 123.10659866116994
01-14 20:14:02.084 32180 32280 I RobotCore: SHOOTER batteryVoltage: 12.124340175953078
01-14 20:14:02.084 32180 32280 I RobotCore: SHOOTER RPM1: 259.4698382529896
01-14 20:14:02.084 32180 32280 I RobotCore: SHOOTER RPM2: 129.7349191264948
01-14 20:14:02.095 32180 32280 I RobotCore: SHOOTER batteryVoltage: 12.044574780058651
01-14 20:14:02.095 32180 32280 I RobotCore: SHOOTER RPM1: 254.6516205654795
01-14 20:14:02.095 32180 32280 I RobotCore: SHOOTER RPM2: 127.32581028273975
01-14 20:14:02.106 32180 32280 I RobotCore: SHOOTER batteryVoltage: 12.104398826979471
01-14 20:14:02.106 32180 32280 I RobotCore: SHOOTER RPM1: 369.4144625614327
01-14 20:14:02.106 32180 32280 I RobotCore: SHOOTER RPM2: 246.27630837428848
01-14 20:14:02.116 32180 32280 I RobotCore: SHOOTER batteryVoltage: 12.104398826979471
01-14 20:14:02.116 32180 32280 I RobotCore: SHOOTER RPM1: 257.9606954368579
01-14 20:14:02.116 32180 32280 I RobotCore: SHOOTER RPM2: 257.9606954368579
01-14 20:14:02.126 32180 32280 I RobotCore: SHOOTER batteryVoltage: 12.044574780058651
01-14 20:14:02.127 32180 32280 I RobotCore: SHOOTER RPM1: 523.1564695815222
01-14 20:14:02.127 32180 32280 I RobotCore: SHOOTER RPM2: 261.5782347907611
01-14 20:14:02.137 32180 32280 I RobotCore: SHOOTER batteryVoltage: 12.124340175953078
01-14 20:14:02.137 32180 32280 I RobotCore: SHOOTER RPM1: 260.7593594689363
01-14 20:14:02.137 32180 32280 I RobotCore: SHOOTER RPM2: 130.37967973446814
01-14 20:14:02.147 32180 32280 I RobotCore: SHOOTER batteryVoltage: 12.104398826979471
01-14 20:14:02.147 32180 32280 I RobotCore: SHOOTER RPM1: 387.88588021930417
01-14 20:14:02.147 32180 32280 I RobotCore: SHOOTER RPM2: 387.88588021930417
01-14 20:14:02.158 32180 32280 I RobotCore: SHOOTER batteryVoltage: 12.104398826979471
01-14 20:14:02.158 32180 32280 I RobotCore: SHOOTER RPM1: 129.954549020262
01-14 20:14:02.158 32180 32280 I RobotCore: SHOOTER RPM2: 129.954549020262
01-14 20:14:02.168 32180 32280 I RobotCore: SHOOTER batteryVoltage: 12.164222873900293
01-14 20:14:02.168 32180 32280 I RobotCore: SHOOTER RPM1: 519.0564813438306
01-14 20:14:02.168 32180 32280 I RobotCore: SHOOTER RPM2: 389.29236100787296
01-14 20:14:02.179 32180 32280 I RobotCore: SHOOTER batteryVoltage: 12.204105571847506
01-14 20:14:02.179 32180 32280 I RobotCore: SHOOTER RPM1: 382.77201934701264
01-14 20:14:02.179 32180 32280 I RobotCore: SHOOTER RPM2: 382.77201934701264
01-14 20:14:02.189 32180 32280 I RobotCore: SHOOTER batteryVoltage: 12.224046920821113
01-14 20:14:02.189 32180 32280 I RobotCore: SHOOTER RPM1: 643.1720132291222
01-14 20:14:02.189 32180 32280 I RobotCore: SHOOTER RPM2: 514.5376105832977
01-14 20:14:02.200 32180 32280 I RobotCore: SHOOTER batteryVoltage: 12.144281524926686
01-14 20:14:02.200 32180 32280 I RobotCore: SHOOTER RPM1: 258.2341569774607
01-14 20:14:02.200 32180 32280 I RobotCore: SHOOTER RPM2: 258.2341569774607
01-14 20:14:02.210 32180 32280 I RobotCore: SHOOTER batteryVoltage: 12.243988269794722
01-14 20:14:02.210 32180 32280 I RobotCore: SHOOTER RPM1: 522.7980806775463
01-14 20:14:02.210 32180 32280 I RobotCore: SHOOTER RPM2: 522.7980806775463
01-14 20:14:02.221 32180 32280 I RobotCore: SHOOTER batteryVoltage: 12.1841642228739
01-14 20:14:02.221 32180 32280 I RobotCore: SHOOTER RPM1: 507.2719230991592
01-14 20:14:02.221 32180 32280 I RobotCore: SHOOTER RPM2: 507.2719230991592
01-14 20:14:02.231 32180 32280 I RobotCore: SHOOTER batteryVoltage: 12.204105571847506
01-14 20:14:02.231 32180 32280 I RobotCore: SHOOTER RPM1: 391.68226876407965
01-14 20:14:02.231 32180 32280 I RobotCore: SHOOTER RPM2: 261.12151250938643
01-14 20:14:02.242 32180 32280 I RobotCore: SHOOTER batteryVoltage: 12.1841642228739
01-14 20:14:02.242 32180 32280 I RobotCore: SHOOTER RPM1: 641.6355616931733
01-14 20:14:02.242 32180 32280 I RobotCore: SHOOTER RPM2: 641.6355616931733
01-14 20:14:02.252 32180 32280 I RobotCore: SHOOTER batteryVoltage: 12.263929618768328
01-14 20:14:02.252 32180 32280 I RobotCore: SHOOTER RPM1: 385.9510414259753
01-14 20:14:02.252 32180 32280 I RobotCore: SHOOTER RPM2: 385.9510414259753
01-14 20:14:02.262 32180 32280 I RobotCore: SHOOTER batteryVoltage: 12.243988269794722
01-14 20:14:02.262 32180 32280 I RobotCore: SHOOTER RPM1: 522.4033745022107
01-14 20:14:02.263 32180 32280 I RobotCore: SHOOTER RPM2: 522.4033745022107
01-14 20:14:02.273 32180 32280 I RobotCore: SHOOTER batteryVoltage: 12.243988269794722
01-14 20:14:02.273 32180 32280 I RobotCore: SHOOTER RPM1: 653.3067150742204
01-14 20:14:02.273 32180 32280 I RobotCore: SHOOTER RPM2: 522.6453720593763
01-14 20:14:02.283 32180 32280 I RobotCore: SHOOTER batteryVoltage: 12.303812316715542
01-14 20:14:02.283 32180 32280 I RobotCore: SHOOTER RPM1: 391.8044998981896
01-14 20:14:02.283 32180 32280 I RobotCore: SHOOTER RPM2: 391.8044998981896
01-14 20:14:02.294 32180 32280 I RobotCore: SHOOTER batteryVoltage: 12.283870967741935
01-14 20:14:02.294 32180 32280 I RobotCore: SHOOTER RPM1: 648.2402676518723
01-14 20:14:02.294 32180 32280 I RobotCore: SHOOTER RPM2: 777.8883211822467
01-14 20:14:02.304 32180 32280 I RobotCore: SHOOTER batteryVoltage: 12.283870967741935
01-14 20:14:02.304 32180 32280 I RobotCore: SHOOTER RPM1: 392.41482650579235
01-14 20:14:02.304 32180 32280 I RobotCore: SHOOTER RPM2: 261.6098843371949
01-14 20:14:02.314 32180 32280 I RobotCore: SHOOTER batteryVoltage: 12.303812316715542
01-14 20:14:02.314 32180 32280 I RobotCore: SHOOTER RPM1: 517.3797266492509
01-14 20:14:02.314 32180 32280 I RobotCore: SHOOTER RPM2: 517.3797266492509
01-14 20:14:02.325 32180 32280 I RobotCore: SHOOTER batteryVoltage: 12.283870967741935
01-14 20:14:02.325 32180 32280 I RobotCore: SHOOTER RPM1: 518.8332823726637
01-14 20:14:02.325 32180 32280 I RobotCore: SHOOTER RPM2: 518.8332823726637
01-14 20:14:02.335 32180 32280 I RobotCore: SHOOTER batteryVoltage: 12.303812316715542
01-14 20:14:02.335 32180 32280 I RobotCore: SHOOTER RPM1: 515.5856781332149
01-14 20:14:02.335 32180 32280 I RobotCore: SHOOTER RPM2: 515.5856781332149
01-14 20:14:02.346 32180 32280 I RobotCore: SHOOTER batteryVoltage: 12.303812316715542
01-14 20:14:02.346 32180 32280 I RobotCore: SHOOTER RPM1: 908.7214441945385
01-14 20:14:02.346 32180 32280 I RobotCore: SHOOTER RPM2: 908.7214441945385
01-14 20:14:02.356 32180 32280 I RobotCore: SHOOTER batteryVoltage: 12.323753665689148
01-14 20:14:02.356 32180 32280 I RobotCore: SHOOTER RPM1: 914.5557407130269
01-14 20:14:02.356 32180 32280 I RobotCore: SHOOTER RPM2: 914.5557407130269
01-14 20:14:02.366 32180 32280 I RobotCore: SHOOTER batteryVoltage: 12.283870967741935
01-14 20:14:02.366 32180 32280 I RobotCore: SHOOTER RPM1: 392.44453228225177
01-14 20:14:02.366 32180 32280 I RobotCore: SHOOTER RPM2: 392.44453228225177
01-14 20:14:02.377 32180 32280 I RobotCore: SHOOTER batteryVoltage: 12.283870967741935
01-14 20:14:02.377 32180 32280 I RobotCore: SHOOTER RPM1: 648.9828800237239
01-14 20:14:02.377 32180 32280 I RobotCore: SHOOTER RPM2: 648.9828800237239
01-14 20:14:02.388 32180 32280 I RobotCore: SHOOTER batteryVoltage: 12.343695014662757
01-14 20:14:02.388 32180 32280 I RobotCore: SHOOTER RPM1: 700.0624079967774
01-14 20:14:02.388 32180 32280 I RobotCore: SHOOTER RPM2: 816.7394759962403
01-14 20:14:02.399 32180 32280 I RobotCore: SHOOTER batteryVoltage: 12.343695014662757
01-14 20:14:02.399 32180 32280 I RobotCore: SHOOTER RPM1: 0.0
01-14 20:14:02.399 32180 32280 I RobotCore: SHOOTER RPM2: 0.0
01-14 20:14:02.410 32180 32280 I RobotCore: SHOOTER batteryVoltage: 12.323753665689148
01-14 20:14:02.410 32180 32280 I RobotCore: SHOOTER RPM1: 1226.607903447353
01-14 20:14:02.410 32180 32280 I RobotCore: SHOOTER RPM2: 1103.9471131026175
01-14 20:14:02.420 32180 32280 I RobotCore: SHOOTER batteryVoltage: 12.363636363636363
01-14 20:14:02.420 32180 32280 I RobotCore: SHOOTER RPM1: 780.9320386396427
01-14 20:14:02.420 32180 32280 I RobotCore: SHOOTER RPM2: 780.9320386396427
01-14 20:14:02.430 32180 32280 I RobotCore: SHOOTER batteryVoltage: 12.343695014662757
01-14 20:14:02.431 32180 32280 I RobotCore: SHOOTER RPM1: 520.992435468568
01-14 20:14:02.431 32180 32280 I RobotCore: SHOOTER RPM2: 520.992435468568
01-14 20:14:02.441 32180 32280 I RobotCore: SHOOTER batteryVoltage: 12.343695014662757
01-14 20:14:02.441 32180 32280 I RobotCore: SHOOTER RPM1: 905.9609950452269
01-14 20:14:02.441 32180 32280 I RobotCore: SHOOTER RPM2: 905.9609950452269
01-14 20:14:02.451 32180 32280 I RobotCore: SHOOTER batteryVoltage: 12.403519061583577
01-14 20:14:02.451 32180 32280 I RobotCore: SHOOTER RPM1: 523.1591531521295
01-14 20:14:02.451 32180 32280 I RobotCore: SHOOTER RPM2: 653.9489414401619
01-14 20:14:02.462 32180 32280 I RobotCore: SHOOTER batteryVoltage: 12.363636363636363
01-14 20:14:02.462 32180 32280 I RobotCore: SHOOTER RPM1: 902.8713962262267
01-14 20:14:02.462 32180 32280 I RobotCore: SHOOTER RPM2: 773.8897681939086
01-14 20:14:02.472 32180 32280 I RobotCore: SHOOTER batteryVoltage: 12.363636363636363
01-14 20:14:02.472 32180 32280 I RobotCore: SHOOTER RPM1: 648.9504053955543
01-14 20:14:02.472 32180 32280 I RobotCore: SHOOTER RPM2: 778.7404864746652
01-14 20:14:02.483 32180 32280 I RobotCore: SHOOTER batteryVoltage: 12.423460410557183
01-14 20:14:02.483 32180 32280 I RobotCore: SHOOTER RPM1: 903.1632819143209
01-14 20:14:02.483 32180 32280 I RobotCore: SHOOTER RPM2: 774.1399559265608
01-14 20:14:02.493 32180 32280 I RobotCore: SHOOTER batteryVoltage: 12.443401759530792
01-14 20:14:02.493 32180 32280 I RobotCore: SHOOTER RPM1: 784.0431086554487
01-14 20:14:02.493 32180 32280 I RobotCore: SHOOTER RPM2: 784.0431086554487
01-14 20:14:02.503 32180 32280 I RobotCore: SHOOTER batteryVoltage: 12.443401759530792
01-14 20:14:02.503 32180 32280 I RobotCore: SHOOTER RPM1: 391.5443440806078
01-14 20:14:02.503 32180 32280 I RobotCore: SHOOTER RPM2: 391.5443440806078
01-14 20:14:02.514 32180 32280 I RobotCore: SHOOTER batteryVoltage: 12.403519061583577
01-14 20:14:02.514 32180 32280 I RobotCore: SHOOTER RPM1: 783.6129378790243
01-14 20:14:02.514 32180 32280 I RobotCore: SHOOTER RPM2: 914.215094192195
01-14 20:14:02.524 32180 32280 I RobotCore: SHOOTER batteryVoltage: 12.403519061583577
01-14 20:14:02.524 32180 32280 I RobotCore: SHOOTER RPM1: 0.0
01-14 20:14:02.524 32180 32280 I RobotCore: SHOOTER RPM2: 0.0
01-14 20:14:02.535 32180 32280 I RobotCore: SHOOTER batteryVoltage: 12.423460410557183
01-14 20:14:02.535 32180 32280 I RobotCore: SHOOTER RPM1: 1778.8077469923473
01-14 20:14:02.535 32180 32280 I RobotCore: SHOOTER RPM2: 1778.8077469923473
01-14 20:14:02.545 32180 32280 I RobotCore: SHOOTER batteryVoltage: 12.463343108504398
01-14 20:14:02.545 32180 32280 I RobotCore: SHOOTER RPM1: 648.859543572939
01-14 20:14:02.545 32180 32280 I RobotCore: SHOOTER RPM2: 648.859543572939
01-14 20:14:02.556 32180 32280 I RobotCore: SHOOTER batteryVoltage: 12.403519061583577
01-14 20:14:02.556 32180 32280 I RobotCore: SHOOTER RPM1: 899.5266811397425
01-14 20:14:02.556 32180 32280 I RobotCore: SHOOTER RPM2: 899.5266811397425
01-14 20:14:02.566 32180 32280 I RobotCore: SHOOTER batteryVoltage: 12.423460410557183
01-14 20:14:02.566 32180 32280 I RobotCore: SHOOTER RPM1: 646.953588840856
01-14 20:14:02.566 32180 32280 I RobotCore: SHOOTER RPM2: 776.3443066090272
01-14 20:14:02.576 32180 32280 I RobotCore: SHOOTER batteryVoltage: 12.443401759530792
01-14 20:14:02.577 32180 32280 I RobotCore: SHOOTER RPM1: 649.3109874117118
01-14 20:14:02.577 32180 32280 I RobotCore: SHOOTER RPM2: 519.4487899293695
01-14 20:14:02.587 32180 32280 I RobotCore: SHOOTER batteryVoltage: 12.463343108504398
01-14 20:14:02.587 32180 32280 I RobotCore: SHOOTER RPM1: 1285.012577060598
01-14 20:14:02.587 32180 32280 I RobotCore: SHOOTER RPM2: 1413.5138347666577
01-14 20:14:02.598 32180 32280 I RobotCore: SHOOTER batteryVoltage: 12.443401759530792
01-14 20:14:02.598 32180 32280 I RobotCore: SHOOTER RPM1: 380.77218649868337
01-14 20:14:02.598 32180 32280 I RobotCore: SHOOTER RPM2: 380.77218649868337
01-14 20:14:02.608 32180 32280 I RobotCore: SHOOTER batteryVoltage: 12.463343108504398
01-14 20:14:02.608 32180 32280 I RobotCore: SHOOTER RPM1: 1166.8558788299515
01-14 20:14:02.608 32180 32280 I RobotCore: SHOOTER RPM2: 1166.8558788299515
01-14 20:14:02.618 32180 32280 I RobotCore: SHOOTER batteryVoltage: 12.443401759530792
01-14 20:14:02.618 32180 32280 I RobotCore: SHOOTER RPM1: 781.0691052088473
01-14 20:14:02.619 32180 32280 I RobotCore: SHOOTER RPM2: 911.2472894103219
01-14 20:14:02.629 32180 32280 I RobotCore: SHOOTER batteryVoltage: 12.443401759530792
01-14 20:14:02.629 32180 32280 I RobotCore: SHOOTER RPM1: 901.17357027545
01-14 20:14:02.629 32180 32280 I RobotCore: SHOOTER RPM2: 901.17357027545
01-14 20:14:02.639 32180 32280 I RobotCore: SHOOTER batteryVoltage: 12.503225806451612
01-14 20:14:02.640 32180 32280 I RobotCore: SHOOTER RPM1: 641.927676150199
01-14 20:14:02.640 32180 32280 I RobotCore: SHOOTER RPM2: 641.927676150199
01-14 20:14:02.650 32180 32280 I RobotCore: SHOOTER batteryVoltage: 12.463343108504398
01-14 20:14:02.650 32180 32280 I RobotCore: SHOOTER RPM1: 1032.5769162737306
01-14 20:14:02.650 32180 32280 I RobotCore: SHOOTER RPM2: 1032.5769162737306
01-14 20:14:02.660 32180 32280 I RobotCore: SHOOTER batteryVoltage: 12.503225806451612
01-14 20:14:02.660 32180 32280 I RobotCore: SHOOTER RPM1: 516.6714065670946
01-14 20:14:02.660 32180 32280 I RobotCore: SHOOTER RPM2: 516.6714065670946
01-14 20:14:02.671 32180 32280 I RobotCore: SHOOTER batteryVoltage: 12.503225806451612
01-14 20:14:02.671 32180 32280 I RobotCore: SHOOTER RPM1: 904.1434175228286
01-14 20:14:02.671 32180 32280 I RobotCore: SHOOTER RPM2: 904.1434175228286
01-14 20:14:02.681 32180 32280 I RobotCore: SHOOTER batteryVoltage: 12.463343108504398
01-14 20:14:02.681 32180 32280 I RobotCore: SHOOTER RPM1: 1020.7354079123826
01-14 20:14:02.682 32180 32280 I RobotCore: SHOOTER RPM2: 1148.3273339014304
01-14 20:14:02.692 32180 32280 I RobotCore: SHOOTER batteryVoltage: 12.463343108504398
01-14 20:14:02.692 32180 32280 I RobotCore: SHOOTER RPM1: 768.6510683622118
01-14 20:14:02.692 32180 32280 I RobotCore: SHOOTER RPM2: 768.6510683622118
01-14 20:14:02.702 32180 32280 I RobotCore: SHOOTER batteryVoltage: 12.503225806451612
01-14 20:14:02.702 32180 32280 I RobotCore: SHOOTER RPM1: 1034.2026403777734
01-14 20:14:02.703 32180 32280 I RobotCore: SHOOTER RPM2: 1034.2026403777734
01-14 20:14:02.713 32180 32280 I RobotCore: SHOOTER batteryVoltage: 12.483284457478005
01-14 20:14:02.713 32180 32280 I RobotCore: SHOOTER RPM1: 258.1943155753583
01-14 20:14:02.713 32180 32280 I RobotCore: SHOOTER RPM2: 258.1943155753583
01-14 20:14:02.723 32180 32280 I RobotCore: SHOOTER batteryVoltage: 12.503225806451612
01-14 20:14:02.723 32180 32280 I RobotCore: SHOOTER RPM1: 1550.8324774396588
01-14 20:14:02.723 32180 32280 I RobotCore: SHOOTER RPM2: 1550.8324774396588
01-14 20:14:02.734 32180 32280 I RobotCore: SHOOTER batteryVoltage: 12.503225806451612
01-14 20:14:02.734 32180 32280 I RobotCore: SHOOTER RPM1: 643.7944590289927
01-14 20:14:02.734 32180 32280 I RobotCore: SHOOTER RPM2: 643.7944590289927
01-14 20:14:02.744 32180 32280 I RobotCore: SHOOTER batteryVoltage: 12.503225806451612
01-14 20:14:02.744 32180 32280 I RobotCore: SHOOTER RPM1: 773.9745006206231
01-14 20:14:02.744 32180 32280 I RobotCore: SHOOTER RPM2: 773.9745006206231
01-14 20:14:02.755 32180 32280 I RobotCore: SHOOTER batteryVoltage: 12.503225806451612
01-14 20:14:02.755 32180 32280 I RobotCore: SHOOTER RPM1: 1157.7153543318664
01-14 20:14:02.755 32180 32280 I RobotCore: SHOOTER RPM2: 1286.3503937020737
01-14 20:14:02.765 32180 32280 I RobotCore: SHOOTER batteryVoltage: 12.523167155425218
01-14 20:14:02.765 32180 32280 I RobotCore: SHOOTER RPM1: 1304.9377180761348
01-14 20:14:02.765 32180 32280 I RobotCore: SHOOTER RPM2: 1304.9377180761348
01-14 20:14:02.776 32180 32280 I RobotCore: SHOOTER batteryVoltage: 12.563049853372434
01-14 20:14:02.776 32180 32280 I RobotCore: SHOOTER RPM1: 784.5646897869007
01-14 20:14:02.776 32180 32280 I RobotCore: SHOOTER RPM2: 784.5646897869007
01-14 20:14:02.786 32180 32280 I RobotCore: SHOOTER batteryVoltage: 12.523167155425218
01-14 20:14:02.786 32180 32280 I RobotCore: SHOOTER RPM1: 260.63229645326567
01-14 20:14:02.786 32180 32280 I RobotCore: SHOOTER RPM2: 390.9484446798985
01-14 20:14:02.796 32180 32280 I RobotCore: SHOOTER batteryVoltage: 12.563049853372434
01-14 20:14:02.796 32180 32280 I RobotCore: SHOOTER RPM1: 1414.6769201489574
01-14 20:14:02.796 32180 32280 I RobotCore: SHOOTER RPM2: 1414.6769201489574
01-14 20:14:02.807 32180 32280 I RobotCore: SHOOTER batteryVoltage: 12.563049853372434
01-14 20:14:02.807 32180 32280 I RobotCore: SHOOTER RPM1: 511.83513700154197
01-14 20:14:02.807 32180 32280 I RobotCore: SHOOTER RPM2: 511.83513700154197
01-14 20:14:02.817 32180 32280 I RobotCore: SHOOTER batteryVoltage: 12.563049853372434
