01-15 22:52:37.663 10885 10933 I RobotCore: Modern Robotics Gyro                               gyro                           USB AI02RHDJ; I2C port: 3
01-15 22:52:37.663 10885 10933 I RobotCore: Modern Robotics Analog Optical Distance Sensor     ods                            USB AI02RHDJ; analog port 7
01-15 22:52:37.663 10885 10933 I FIRST   : ======= INIT FINISH =======
01-15 22:52:37.663 10885 10933 V RobotCore: EventLoopManager state is RUNNING
01-15 22:52:37.663 10885 10933 V RobotCore: Robot Status: running, starting robot
01-15 22:52:37.664 10885 10933 V RobotCore: Robot Status: running
01-15 22:52:37.664 10885 10933 V RobotCore: thread: ...terminating 'RobotSetupRunnable.run()'
01-15 22:52:37.666 10885 10972 V RobotCore: thread: 'opmode loop()' starting...
01-15 22:52:37.681 10885 10885 D MediaPlayer: setSubtitleAnchor in MediaPlayer
01-15 22:52:37.681 10885 10950 D MediaPlayer: setSubtitleAnchor in MediaPlayer
01-15 22:52:37.685 10885 10885 E MediaPlayer: invoke failed: wrong state 8
01-15 22:52:37.685 10885 10885 W MediaPlayer: mediaplayer went away with unhandled events
01-15 22:52:37.694 10885 10948 D ExtendedUtils: extended extractor not needed, return default
01-15 22:52:37.695 10885 10948 I MediaCodec: (0xb7fe2bf8) init name(audio/raw) isType(1) encoder(0)
01-15 22:52:37.701 10885 10976 I OMXClient: Using client-side OMX mux.
01-15 22:52:37.713 10885 10976 E OMXMaster: A component of name 'OMX.qcom.audio.decoder.aac' already exists, ignoring this one.
01-15 22:52:37.720 10885 10976 I MediaCodec: (0xb7fe2bf8) Component Allocated (OMX.google.raw.decoder)
01-15 22:52:37.721 10885 10948 I MediaCodec: (0xb7fe2bf8) configure surface(0x0) crypto(0x0) flags(0)
01-15 22:52:37.721 10885 10948 D MediaCodec: (0xb7fe2bf8) configure format: AMessage(what = 0x00000000) = {
01-15 22:52:37.721 10885 10948 D MediaCodec:    string mime = "audio/raw"
01-15 22:52:37.721 10885 10948 D MediaCodec:    int64_t durationUs = 1019125
01-15 22:52:37.721 10885 10948 D MediaCodec:    int32_t channel-count = 1
01-15 22:52:37.721 10885 10948 D MediaCodec:    int32_t sample-rate = 8000
01-15 22:52:37.721 10885 10948 D MediaCodec:    int32_t channel-mask = 0
01-15 22:52:37.721 10885 10948 D MediaCodec:  }
01-15 22:52:37.722 10885 10948 I MediaCodec: (0xb7fe2bf8) start
01-15 22:52:37.722 10885 10976 I MediaCodec: (0xb7fe2bf8) input buffers allocated
01-15 22:52:37.723 10885 10976 I MediaCodec: (0xb7fe2bf8) numBuffers (4)
01-15 22:52:37.723 10885 10976 I MediaCodec: (0xb7fe2bf8) output buffers allocated
01-15 22:52:37.723 10885 10976 I MediaCodec: (0xb7fe2bf8) numBuffers (4)
01-15 22:52:37.726 10885 10976 I MediaCodec: (0xb7fe2bf8) codec output format changed
01-15 22:52:37.726 10885 10976 D MediaCodec: (0xb7fe2bf8) output format: AMessage(what = 'codc', target = 6) = {
01-15 22:52:37.726 10885 10976 D MediaCodec:    string mime = "audio/raw"
01-15 22:52:37.726 10885 10976 D MediaCodec:    int32_t channel-count = 1
01-15 22:52:37.726 10885 10976 D MediaCodec:    int32_t sample-rate = 8000
01-15 22:52:37.726 10885 10976 D MediaCodec:    int32_t channel-mask = 0
01-15 22:52:37.726 10885 10976 D MediaCodec:    int32_t what = 1869968451
01-15 22:52:37.726 10885 10976 D MediaCodec:  }
01-15 22:52:37.730 10885 10948 I MediaCodec: (0xb7fe2bf8) stop
01-15 22:52:37.732 10885 10948 I MediaCodec: (0xb7fe2bf8) release
01-15 22:52:37.751 10885 10950 W AudioTrack: AUDIO_OUTPUT_FLAG_FAST denied by client; transfer 4, track 8000 Hz, output 48000 Hz
01-15 22:52:38.174 10885 10972 I RobotCore: Attempting to switch to op mode $Stop$Robot$
01-15 22:52:38.262 10885 10946 V Robocol : sending CMD_INIT_OP_MODE_RESP(51), attempt: 0
01-15 22:52:38.291 10885 10938 V Robocol : received command: CMD_INIT_OP_MODE_RESP(51) $Stop$Robot$
01-15 22:52:38.427 10885 10972 I RobotCore: robot battery read duration: n=4, mean=0.041ms sd=0.038ms
01-15 22:52:39.371 10885 10938 V Robocol : received command: CMD_INIT_OP_MODE(10055) $Stop$Robot$
01-15 22:52:39.484 10885 10972 I RobotCore: Attempting to switch to op mode $Stop$Robot$
01-15 22:52:39.542 10885 10946 V Robocol : sending CMD_INIT_OP_MODE_RESP(75), attempt: 0
01-15 22:52:39.611 10885 10938 V Robocol : received command: CMD_INIT_OP_MODE_RESP(75) $Stop$Robot$
01-15 22:52:49.731 10885 10938 V Robocol : received command: CMD_INIT_OP_MODE(10185) TestWithData
01-15 22:52:49.859 10885 10972 I RobotCore: Attempting to switch to op mode TestWithData
01-15 22:52:49.997 10885 10984 V RobotCore: thread: 'LinearOpMode main' starting...
01-15 22:52:50.022 10885 10946 V Robocol : sending CMD_INIT_OP_MODE_RESP(220), attempt: 0
01-15 22:52:50.051 10885 10938 V Robocol : received command: CMD_INIT_OP_MODE_RESP(220) TestWithData
01-15 22:52:54.391 10885 10895 I art     : Background sticky concurrent mark sweep GC freed 100252(3MB) AllocSpace objects, 0(0B) LOS objects, 18% free, 12MB/14MB, paused 1.696ms total 128.825ms
01-15 22:52:55.532 10885 10938 V Robocol : received command: CMD_RUN_OP_MODE(10242) TestWithData
01-15 22:52:55.538 10885 10984 I RobotCore: SHOOTER batteryVoltage: 14.078592375366568
01-15 22:52:55.538 10885 10984 I RobotCore: SHOOTER RPM1: 0.0
01-15 22:52:55.539 10885 10984 I RobotCore: SHOOTER RPM2: 0.0
01-15 22:52:55.543 10885 10946 V Robocol : sending CMD_RUN_OP_MODE_RESP(280), attempt: 0
01-15 22:52:55.572 10885 10938 V Robocol : received command: CMD_RUN_OP_MODE_RESP(280) TestWithData
01-15 22:52:55.639 10885 10984 I RobotCore: SHOOTER batteryVoltage: 14.078592375366568
01-15 22:52:55.639 10885 10984 I RobotCore: SHOOTER RPM1: 0.0
01-15 22:52:55.639 10885 10984 I RobotCore: SHOOTER RPM2: 0.0
01-15 22:52:55.739 10885 10984 I RobotCore: SHOOTER batteryVoltage: 14.078592375366568
01-15 22:52:55.739 10885 10984 I RobotCore: SHOOTER RPM1: 0.0
01-15 22:52:55.739 10885 10984 I RobotCore: SHOOTER RPM2: 0.0
01-15 22:52:55.840 10885 10984 I RobotCore: SHOOTER batteryVoltage: 14.078592375366568
01-15 22:52:55.840 10885 10984 I RobotCore: SHOOTER RPM1: 0.0
01-15 22:52:55.840 10885 10984 I RobotCore: SHOOTER RPM2: 0.0
01-15 22:52:55.940 10885 10984 I RobotCore: SHOOTER batteryVoltage: 14.078592375366568
01-15 22:52:55.940 10885 10984 I RobotCore: SHOOTER RPM1: 0.0
01-15 22:52:55.940 10885 10984 I RobotCore: SHOOTER RPM2: 0.0
01-15 22:52:56.041 10885 10984 I RobotCore: SHOOTER batteryVoltage: 14.078592375366568
01-15 22:52:56.041 10885 10984 I RobotCore: SHOOTER RPM1: 0.0
01-15 22:52:56.041 10885 10984 I RobotCore: SHOOTER RPM2: 0.0
01-15 22:52:56.141 10885 10984 I RobotCore: SHOOTER batteryVoltage: 14.098533724340175
01-15 22:52:56.141 10885 10984 I RobotCore: SHOOTER RPM1: 0.0
01-15 22:52:56.141 10885 10984 I RobotCore: SHOOTER RPM2: 0.0
01-15 22:52:56.242 10885 10984 I RobotCore: SHOOTER batteryVoltage: 14.098533724340175
01-15 22:52:56.242 10885 10984 I RobotCore: SHOOTER RPM1: 0.0
01-15 22:52:56.242 10885 10984 I RobotCore: SHOOTER RPM2: 0.0
01-15 22:52:56.342 10885 10984 I RobotCore: SHOOTER batteryVoltage: 14.098533724340175
01-15 22:52:56.342 10885 10984 I RobotCore: SHOOTER RPM1: 0.0
01-15 22:52:56.342 10885 10984 I RobotCore: SHOOTER RPM2: 0.0
01-15 22:52:56.443 10885 10984 I RobotCore: SHOOTER batteryVoltage: 14.098533724340175
01-15 22:52:56.443 10885 10984 I RobotCore: SHOOTER RPM1: 0.0
01-15 22:52:56.443 10885 10984 I RobotCore: SHOOTER RPM2: 0.0
01-15 22:52:56.543 10885 10984 I RobotCore: SHOOTER batteryVoltage: 14.078592375366568
01-15 22:52:56.543 10885 10984 I RobotCore: SHOOTER RPM1: 0.0
01-15 22:52:56.543 10885 10984 I RobotCore: SHOOTER RPM2: 0.0
01-15 22:52:56.678 10885 10984 I RobotCore: SHOOTER batteryVoltage: 13.480351906158356
01-15 22:52:56.678 10885 10984 I RobotCore: SHOOTER RPM1: 80.2262326651391
01-15 22:52:56.678 10885 10984 I RobotCore: SHOOTER RPM2: 30.08483724942716
01-15 22:52:56.778 10885 10984 I RobotCore: SHOOTER batteryVoltage: 13.580058651026391
01-15 22:52:56.778 10885 10984 I RobotCore: SHOOTER RPM1: 349.53468328379904
01-15 22:52:56.778 10885 10984 I RobotCore: SHOOTER RPM2: 309.2037582895145
01-15 22:52:56.879 10885 10984 I RobotCore: SHOOTER batteryVoltage: 13.580058651026391
01-15 22:52:56.879 10885 10984 I RobotCore: SHOOTER RPM1: 430.8897566168951
01-15 22:52:56.879 10885 10984 I RobotCore: SHOOTER RPM2: 444.35506151117306
01-15 22:52:56.979 10885 10984 I RobotCore: SHOOTER batteryVoltage: 13.580058651026391
01-15 22:52:56.979 10885 10984 I RobotCore: SHOOTER RPM1: 579.0023987791999
01-15 22:52:56.979 10885 10984 I RobotCore: SHOOTER RPM2: 592.4675708438325
01-15 22:52:57.080 10885 10984 I RobotCore: SHOOTER batteryVoltage: 13.639882697947213
01-15 22:52:57.080 10885 10984 I RobotCore: SHOOTER RPM1: 631.6466077686238
01-15 22:52:57.080 10885 10984 I RobotCore: SHOOTER RPM2: 685.4037658765917
01-15 22:52:57.180 10885 10984 I RobotCore: SHOOTER batteryVoltage: 13.679765395894426
01-15 22:52:57.180 10885 10984 I RobotCore: SHOOTER RPM1: 673.0210987465227
01-15 22:52:57.180 10885 10984 I RobotCore: SHOOTER RPM2: 726.8627866462446
01-15 22:52:57.281 10885 10984 I RobotCore: SHOOTER batteryVoltage: 13.679765395894426
01-15 22:52:57.281 10885 10984 I RobotCore: SHOOTER RPM1: 833.9780788716695
01-15 22:52:57.281 10885 10984 I RobotCore: SHOOTER RPM2: 887.7831162182289
01-15 22:52:57.381 10885 10984 I RobotCore: SHOOTER batteryVoltage: 13.739589442815248
01-15 22:52:57.381 10885 10984 I RobotCore: SHOOTER RPM1: 807.9015251028545
01-15 22:52:57.381 10885 10984 I RobotCore: SHOOTER RPM2: 875.226652194759
01-15 22:52:57.482 10885 10984 I RobotCore: SHOOTER batteryVoltage: 13.739589442815248
01-15 22:52:57.482 10885 10984 I RobotCore: SHOOTER RPM1: 884.7100720925654
01-15 22:52:57.482 10885 10984 I RobotCore: SHOOTER RPM2: 951.7335624026083
01-15 22:52:57.582 10885 10984 I RobotCore: SHOOTER batteryVoltage: 13.739589442815248
01-15 22:52:57.582 10885 10984 I RobotCore: SHOOTER RPM1: 981.8549001884157
01-15 22:52:57.582 10885 10984 I RobotCore: SHOOTER RPM2: 1062.555302943628
01-15 22:52:57.683 10885 10984 I RobotCore: SHOOTER batteryVoltage: 13.739589442815248
01-15 22:52:57.683 10885 10984 I RobotCore: SHOOTER RPM1: 941.3109683900323
01-15 22:52:57.683 10885 10984 I RobotCore: SHOOTER RPM2: 995.1001665837483
01-15 22:52:57.783 10885 10984 I RobotCore: SHOOTER batteryVoltage: 13.779472140762461
01-15 22:52:57.783 10885 10984 I RobotCore: SHOOTER RPM1: 929.1484686677426
01-15 22:52:57.783 10885 10984 I RobotCore: SHOOTER RPM2: 983.0121480108002
01-15 22:52:57.883 10885 10984 I RobotCore: SHOOTER batteryVoltage: 13.779472140762461
01-15 22:52:57.884 10885 10984 I RobotCore: SHOOTER RPM1: 1103.3436166025863
01-15 22:52:57.884 10885 10984 I RobotCore: SHOOTER RPM2: 1170.620666395427
01-15 22:52:57.984 10885 10984 I RobotCore: SHOOTER batteryVoltage: 13.779472140762461
01-15 22:52:57.984 10885 10984 I RobotCore: SHOOTER RPM1: 1021.8803775992671
01-15 22:52:57.984 10885 10984 I RobotCore: SHOOTER RPM2: 1089.1093498097453
01-15 22:52:58.084 10885 10984 I RobotCore: SHOOTER batteryVoltage: 13.799413489736068
01-15 22:52:58.084 10885 10984 I RobotCore: SHOOTER RPM1: 1089.439053058198
01-15 22:52:58.085 10885 10984 I RobotCore: SHOOTER RPM2: 1129.788647615909
01-15 22:52:58.185 10885 10984 I RobotCore: SHOOTER batteryVoltage: 13.779472140762461
01-15 22:52:58.185 10885 10984 I RobotCore: SHOOTER RPM1: 1035.0483154168599
01-15 22:52:58.185 10885 10984 I RobotCore: SHOOTER RPM2: 1102.2592449893832
01-15 22:52:58.285 10885 10984 I RobotCore: SHOOTER batteryVoltage: 13.779472140762461
01-15 22:52:58.286 10885 10984 I RobotCore: SHOOTER RPM1: 1089.1313483814113
01-15 22:52:58.286 10885 10984 I RobotCore: SHOOTER RPM2: 1142.9156124990118
01-15 22:52:58.386 10885 10984 I RobotCore: SHOOTER batteryVoltage: 13.799413489736068
01-15 22:52:58.386 10885 10984 I RobotCore: SHOOTER RPM1: 1156.5181109121079
01-15 22:52:58.386 10885 10984 I RobotCore: SHOOTER RPM2: 1210.3096509545314
01-15 22:52:58.486 10885 10984 I RobotCore: SHOOTER batteryVoltage: 13.819354838709675
01-15 22:52:58.487 10885 10984 I RobotCore: SHOOTER RPM1: 1102.6562777536988
01-15 22:52:58.487 10885 10984 I RobotCore: SHOOTER RPM2: 1156.4443888636354
01-15 22:52:58.587 10885 10984 I RobotCore: SHOOTER batteryVoltage: 13.799413489736068
01-15 22:52:58.587 10885 10984 I RobotCore: SHOOTER RPM1: 1035.4259711221052
01-15 22:52:58.587 10885 10984 I RobotCore: SHOOTER RPM2: 1075.767242724265
01-15 22:52:58.726 10885 10984 I RobotCore: SHOOTER batteryVoltage: 13.221114369501464
01-15 22:52:58.726 10885 10984 I RobotCore: SHOOTER RPM1: 1251.3892615584853
01-15 22:52:58.726 10885 10984 I RobotCore: SHOOTER RPM2: 1299.892721308814
01-15 22:52:58.827 10885 10984 I RobotCore: SHOOTER batteryVoltage: 13.241055718475073
01-15 22:52:58.827 10885 10984 I RobotCore: SHOOTER RPM1: 1103.8794440055726
01-15 22:52:58.827 10885 10984 I RobotCore: SHOOTER RPM2: 1130.8033328837573
01-15 22:52:58.927 10885 10984 I RobotCore: SHOOTER batteryVoltage: 13.221114369501464
01-15 22:52:58.927 10885 10984 I RobotCore: SHOOTER RPM1: 1131.1196603409248
01-15 22:52:58.927 10885 10984 I RobotCore: SHOOTER RPM2: 1184.9825013095403
01-15 22:52:59.028 10885 10984 I RobotCore: SHOOTER batteryVoltage: 13.221114369501464
01-15 22:52:59.028 10885 10984 I RobotCore: SHOOTER RPM1: 1249.5581273585321
01-15 22:52:59.028 10885 10984 I RobotCore: SHOOTER RPM2: 1262.9942362548604
01-15 22:52:59.128 10885 10984 I RobotCore: SHOOTER batteryVoltage: 13.221114369501464
01-15 22:52:59.128 10885 10984 I RobotCore: SHOOTER RPM1: 1076.2926979197441
01-15 22:52:59.128 10885 10984 I RobotCore: SHOOTER RPM2: 1103.2000153677377
01-15 22:52:59.228 10885 10984 I RobotCore: SHOOTER batteryVoltage: 13.241055718475073
01-15 22:52:59.229 10885 10984 I RobotCore: SHOOTER RPM1: 1223.790527445175
01-15 22:52:59.229 10885 10984 I RobotCore: SHOOTER RPM2: 1264.1352701082028
01-15 22:52:59.329 10885 10984 I RobotCore: SHOOTER batteryVoltage: 13.241055718475073
01-15 22:52:59.329 10885 10984 I RobotCore: SHOOTER RPM1: 1021.808884072114
01-15 22:52:59.329 10885 10984 I RobotCore: SHOOTER RPM2: 1021.808884072114
01-15 22:52:59.429 10885 10984 I RobotCore: SHOOTER batteryVoltage: 13.241055718475073
01-15 22:52:59.430 10885 10984 I RobotCore: SHOOTER RPM1: 1237.4934033934521
01-15 22:52:59.430 10885 10984 I RobotCore: SHOOTER RPM2: 1277.846449156282
01-15 22:52:59.530 10885 10984 I RobotCore: SHOOTER batteryVoltage: 13.241055718475073
01-15 22:52:59.530 10885 10984 I RobotCore: SHOOTER RPM1: 1062.2210584474524
01-15 22:52:59.530 10885 10984 I RobotCore: SHOOTER RPM2: 1089.1127308132106
01-15 22:52:59.631 10885 10984 I RobotCore: SHOOTER batteryVoltage: 13.241055718475073
01-15 22:52:59.631 10885 10984 I RobotCore: SHOOTER RPM1: 1168.6382878293448
01-15 22:52:59.631 10885 10984 I RobotCore: SHOOTER RPM2: 1182.0709118273833
01-15 22:52:59.732 10885 10984 I RobotCore: SHOOTER batteryVoltage: 13.241055718475073
01-15 22:52:59.732 10885 10984 I RobotCore: SHOOTER RPM1: 1135.7542826298948
01-15 22:52:59.732 10885 10984 I RobotCore: SHOOTER RPM2: 1162.4779128094217
01-15 22:52:59.832 10885 10984 I RobotCore: SHOOTER batteryVoltage: 13.241055718475073
01-15 22:52:59.832 10885 10984 I RobotCore: SHOOTER RPM1: 1274.723950994123
01-15 22:52:59.833 10885 10984 I RobotCore: SHOOTER RPM2: 1301.5602446992623
01-15 22:52:59.933 10885 10984 I RobotCore: SHOOTER batteryVoltage: 13.221114369501464
01-15 22:52:59.933 10885 10984 I RobotCore: SHOOTER RPM1: 1209.62188990608
01-15 22:52:59.933 10885 10984 I RobotCore: SHOOTER RPM2: 1236.5023763484373
01-15 22:53:00.033 10885 10984 I RobotCore: SHOOTER batteryVoltage: 13.201173020527857
01-15 22:53:00.033 10885 10984 I RobotCore: SHOOTER RPM1: 1104.0856700723305
01-15 22:53:00.033 10885 10984 I RobotCore: SHOOTER RPM2: 1131.0145888545826
01-15 22:53:00.134 10885 10984 I RobotCore: SHOOTER batteryVoltage: 13.221114369501464
01-15 22:53:00.134 10885 10984 I RobotCore: SHOOTER RPM1: 1170.5217163905847
01-15 22:53:00.134 10885 10984 I RobotCore: SHOOTER RPM2: 1197.4302615949662
01-15 22:53:00.234 10885 10984 I RobotCore: SHOOTER batteryVoltage: 13.241055718475073
01-15 22:53:00.234 10885 10984 I RobotCore: SHOOTER RPM1: 1116.2641453439676
01-15 22:53:00.234 10885 10984 I RobotCore: SHOOTER RPM2: 1129.7131109505215
01-15 22:53:00.335 10885 10984 I RobotCore: SHOOTER batteryVoltage: 13.221114369501464
01-15 22:53:00.335 10885 10984 I RobotCore: SHOOTER RPM1: 1196.9461339052216
01-15 22:53:00.335 10885 10984 I RobotCore: SHOOTER RPM2: 1223.843799835676
01-15 22:53:00.435 10885 10984 I RobotCore: SHOOTER batteryVoltage: 13.221114369501464
01-15 22:53:00.435 10885 10984 I RobotCore: SHOOTER RPM1: 1127.2875678232365
01-15 22:53:00.436 10885 10984 I RobotCore: SHOOTER RPM2: 1167.5478381026378
01-15 22:53:00.536 10885 10984 I RobotCore: SHOOTER batteryVoltage: 13.241055718475073
01-15 22:53:00.536 10885 10984 I RobotCore: SHOOTER RPM1: 1195.7257743392684
01-15 22:53:00.536 10885 10984 I RobotCore: SHOOTER RPM2: 1222.596016459252
01-15 22:53:00.637 10885 10984 I RobotCore: SHOOTER batteryVoltage: 13.221114369501464
01-15 22:53:00.637 10885 10984 I RobotCore: SHOOTER RPM1: 1075.5002350762538
01-15 22:53:00.637 10885 10984 I RobotCore: SHOOTER RPM2: 1088.943988014707
01-15 22:53:00.737 10885 10984 I RobotCore: SHOOTER batteryVoltage: 13.201173020527857
01-15 22:53:00.737 10885 10984 I RobotCore: SHOOTER RPM1: 1277.573588002654
01-15 22:53:00.737 10885 10984 I RobotCore: SHOOTER RPM2: 1304.4698740658678
01-15 22:53:00.838 10885 10984 I RobotCore: SHOOTER batteryVoltage: 13.18123167155425
01-15 22:53:00.838 10885 10984 I RobotCore: SHOOTER RPM1: 1115.8962592076173
01-15 22:53:00.838 10885 10984 I RobotCore: SHOOTER RPM2: 1129.3407924510827
01-15 22:53:00.938 10885 10984 I RobotCore: SHOOTER batteryVoltage: 13.161290322580644
01-15 22:53:00.938 10885 10984 I RobotCore: SHOOTER RPM1: 1196.2789360347726
01-15 22:53:00.938 10885 10984 I RobotCore: SHOOTER RPM2: 1236.6029451145964
01-15 22:53:01.039 10885 10984 I RobotCore: SHOOTER batteryVoltage: 13.121407624633429
01-15 22:53:01.039 10885 10984 I RobotCore: SHOOTER RPM1: 1142.325988534708
01-15 22:53:01.039 10885 10984 I RobotCore: SHOOTER RPM2: 1155.7651178115868
01-15 22:53:01.139 10885 10984 I RobotCore: SHOOTER batteryVoltage: 13.141348973607037
01-15 22:53:01.139 10885 10984 I RobotCore: SHOOTER RPM1: 1115.4673872619676
01-15 22:53:01.139 10885 10984 I RobotCore: SHOOTER RPM2: 1128.9067533735576
01-15 22:53:01.240 10885 10984 I RobotCore: SHOOTER batteryVoltage: 13.141348973607037
01-15 22:53:01.240 10885 10984 I RobotCore: SHOOTER RPM1: 1156.4258044731375
01-15 22:53:01.240 10885 10984 I RobotCore: SHOOTER RPM2: 1183.319427832978
01-15 22:53:01.340 10885 10984 I RobotCore: SHOOTER batteryVoltage: 13.081524926686216
01-15 22:53:01.340 10885 10984 I RobotCore: SHOOTER RPM1: 1117.5338949652787
01-15 22:53:01.340 10885 10984 I RobotCore: SHOOTER RPM2: 1144.4624225548037
01-15 22:53:01.440 10885 10984 I RobotCore: SHOOTER batteryVoltage: 13.101466275659822
01-15 22:53:01.440 10885 10984 I RobotCore: SHOOTER RPM1: 1305.6683836550503
01-15 22:53:01.441 10885 10984 I RobotCore: SHOOTER RPM2: 1332.5893812561853
01-15 22:53:01.541 10885 10984 I RobotCore: SHOOTER batteryVoltage: 13.061583577712609
01-15 22:53:01.541 10885 10984 I RobotCore: SHOOTER RPM1: 1077.2148814664563
01-15 22:53:01.541 10885 10984 I RobotCore: SHOOTER RPM2: 1104.1452535031176
01-15 22:53:01.641 10885 10984 I RobotCore: SHOOTER batteryVoltage: 13.061583577712609
01-15 22:53:01.641 10885 10984 I RobotCore: SHOOTER RPM1: 1210.7866011058152
01-15 22:53:01.641 10885 10984 I RobotCore: SHOOTER RPM2: 1251.146154476009
01-15 22:53:01.742 10885 10984 I RobotCore: SHOOTER batteryVoltage: 13.061583577712609
01-15 22:53:01.742 10885 10984 I RobotCore: SHOOTER RPM1: 1184.8748820125493
01-15 22:53:01.742 10885 10984 I RobotCore: SHOOTER RPM2: 1211.8038566037435
01-15 22:53:01.842 10885 10984 I RobotCore: SHOOTER batteryVoltage: 13.081524926686216
01-15 22:53:01.842 10885 10984 I RobotCore: SHOOTER RPM1: 1130.7393857729428
01-15 22:53:01.842 10885 10984 I RobotCore: SHOOTER RPM2: 1144.2005689369064
01-15 22:53:01.943 10885 10984 I RobotCore: SHOOTER batteryVoltage: 13.061583577712609
01-15 22:53:01.943 10885 10984 I RobotCore: SHOOTER RPM1: 1154.5678764977108
01-15 22:53:01.943 10885 10984 I RobotCore: SHOOTER RPM2: 1194.8435000964682
01-15 22:53:02.043 10885 10984 I RobotCore: SHOOTER batteryVoltage: 13.061583577712609
01-15 22:53:02.043 10885 10984 I RobotCore: SHOOTER RPM1: 1265.3236519450656
01-15 22:53:02.043 10885 10984 I RobotCore: SHOOTER RPM2: 1305.7063216879933
01-15 22:53:02.144 10885 10984 I RobotCore: SHOOTER batteryVoltage: 13.041642228739002
01-15 22:53:02.144 10885 10984 I RobotCore: SHOOTER RPM1: 1061.7962589457686
01-15 22:53:02.144 10885 10984 I RobotCore: SHOOTER RPM2: 1075.2367179197656
01-15 22:53:02.244 10885 10984 I RobotCore: SHOOTER batteryVoltage: 13.061583577712609
01-15 22:53:02.244 10885 10984 I RobotCore: SHOOTER RPM1: 1279.212594330699
01-15 22:53:02.244 10885 10984 I RobotCore: SHOOTER RPM2: 1319.6087815200895
01-15 22:53:02.344 10885 10984 I RobotCore: SHOOTER batteryVoltage: 13.001759530791787
01-15 22:53:02.344 10885 10984 I RobotCore: SHOOTER RPM1: 1090.7893323770243
01-15 22:53:02.344 10885 10984 I RobotCore: SHOOTER RPM2: 1117.7224023122594
01-15 22:53:02.445 10885 10984 I RobotCore: SHOOTER batteryVoltage: 13.061583577712609
01-15 22:53:02.445 10885 10984 I RobotCore: SHOOTER RPM1: 1129.8161752471449
01-15 22:53:02.445 10885 10984 I RobotCore: SHOOTER RPM2: 1156.716560372077
01-15 22:53:02.545 10885 10984 I RobotCore: SHOOTER batteryVoltage: 13.061583577712609
01-15 22:53:02.545 10885 10984 I RobotCore: SHOOTER RPM1: 1182.305945849169
01-15 22:53:02.545 10885 10984 I RobotCore: SHOOTER RPM2: 1222.6118303667542
01-15 22:53:02.646 10885 10984 I RobotCore: SHOOTER batteryVoltage: 13.001759530791787
01-15 22:53:02.646 10885 10984 I RobotCore: SHOOTER RPM1: 1115.6442119066262
01-15 22:53:02.646 10885 10984 I RobotCore: SHOOTER RPM2: 1129.0857084356219
01-15 22:53:02.746 10885 10984 I RobotCore: SHOOTER batteryVoltage: 13.101466275659822
01-15 22:53:02.747 10885 10984 I RobotCore: SHOOTER RPM1: 1248.873889742182
01-15 22:53:02.747 10885 10984 I RobotCore: SHOOTER RPM2: 1275.7313927473901
01-15 22:53:02.847 10885 10984 I RobotCore: SHOOTER batteryVoltage: 13.041642228739002
01-15 22:53:02.847 10885 10984 I RobotCore: SHOOTER RPM1: 1185.2642459020967
01-15 22:53:02.847 10885 10984 I RobotCore: SHOOTER RPM2: 1198.7331577873479
01-15 22:53:02.947 10885 10984 I RobotCore: SHOOTER batteryVoltage: 13.081524926686216
01-15 22:53:02.947 10885 10984 I RobotCore: SHOOTER RPM1: 1117.855844744638
01-15 22:53:02.947 10885 10984 I RobotCore: SHOOTER RPM2: 1158.2602728679383
01-15 22:53:03.048 10885 10984 I RobotCore: SHOOTER batteryVoltage: 13.061583577712609
01-15 22:53:03.048 10885 10984 I RobotCore: SHOOTER RPM1: 1158.1682883100225
01-15 22:53:03.048 10885 10984 I RobotCore: SHOOTER RPM2: 1171.6353614299064
01-15 22:53:03.148 10885 10984 I RobotCore: SHOOTER batteryVoltage: 13.061583577712609
01-15 22:53:03.148 10885 10984 I RobotCore: SHOOTER RPM1: 1156.3934471950918
01-15 22:53:03.148 10885 10984 I RobotCore: SHOOTER RPM2: 1156.3934471950918
01-15 22:53:03.248 10885 10984 I RobotCore: SHOOTER batteryVoltage: 13.061583577712609
01-15 22:53:03.249 10885 10984 I RobotCore: SHOOTER RPM1: 1102.7922963461847
01-15 22:53:03.249 10885 10984 I RobotCore: SHOOTER RPM2: 1129.689669427799
01-15 22:53:03.349 10885 10984 I RobotCore: SHOOTER batteryVoltage: 13.041642228739002
01-15 22:53:03.349 10885 10984 I RobotCore: SHOOTER RPM1: 1170.3693963878625
01-15 22:53:03.349 10885 10984 I RobotCore: SHOOTER RPM2: 1170.3693963878625
01-15 22:53:03.450 10885 10984 I RobotCore: SHOOTER batteryVoltage: 13.041642228739002
01-15 22:53:03.450 10885 10984 I RobotCore: SHOOTER RPM1: 1141.649503786301
01-15 22:53:03.450 10885 10984 I RobotCore: SHOOTER RPM2: 1141.649503786301
01-15 22:53:03.550 10885 10984 I RobotCore: SHOOTER batteryVoltage: 13.021700879765394
01-15 22:53:03.550 10885 10984 I RobotCore: SHOOTER RPM1: 1278.7938279635637
01-15 22:53:03.550 10885 10984 I RobotCore: SHOOTER RPM2: 1278.7938279635637
01-15 22:53:03.650 10885 10984 I RobotCore: SHOOTER batteryVoltage: 13.041642228739002
01-15 22:53:03.650 10885 10984 I RobotCore: SHOOTER RPM1: 1050.0398357651109
01-15 22:53:03.650 10885 10984 I RobotCore: SHOOTER RPM2: 1063.5018849415867
01-15 22:53:03.751 10885 10984 I RobotCore: SHOOTER batteryVoltage: 13.041642228739002
01-15 22:53:03.751 10885 10984 I RobotCore: SHOOTER RPM1: 1330.3828512771076
01-15 22:53:03.751 10885 10984 I RobotCore: SHOOTER RPM2: 1316.944640658147
01-15 22:53:03.851 10885 10984 I RobotCore: SHOOTER batteryVoltage: 13.061583577712609
01-15 22:53:03.851 10885 10984 I RobotCore: SHOOTER RPM1: 1183.8593478577923
01-15 22:53:03.851 10885 10984 I RobotCore: SHOOTER RPM2: 1197.3122949925398
01-15 22:53:03.952 10885 10984 I RobotCore: SHOOTER batteryVoltage: 13.001759530791787
01-15 22:53:03.952 10885 10984 I RobotCore: SHOOTER RPM1: 1090.6817845991632
01-15 22:53:03.952 10885 10984 I RobotCore: SHOOTER RPM2: 1090.6817845991632
01-15 22:53:04.052 10885 10984 I RobotCore: SHOOTER batteryVoltage: 12.98181818181818
01-15 22:53:04.052 10885 10984 I RobotCore: SHOOTER RPM1: 1184.9560521883516
01-15 22:53:04.052 10885 10984 I RobotCore: SHOOTER RPM2: 1184.9560521883516
01-15 22:53:04.152 10885 10984 I RobotCore: SHOOTER batteryVoltage: 13.021700879765394
01-15 22:53:04.153 10885 10984 I RobotCore: SHOOTER RPM1: 1197.7395693621584
01-15 22:53:04.153 10885 10984 I RobotCore: SHOOTER RPM2: 1197.7395693621584
01-15 22:53:04.253 10885 10984 I RobotCore: SHOOTER batteryVoltage: 13.001759530791787
01-15 22:53:04.253 10885 10984 I RobotCore: SHOOTER RPM1: 1048.7431557885516
01-15 22:53:04.253 10885 10984 I RobotCore: SHOOTER RPM2: 1048.7431557885516
01-15 22:53:04.353 10885 10984 I RobotCore: SHOOTER batteryVoltage: 13.001759530791787
01-15 22:53:04.354 10885 10984 I RobotCore: SHOOTER RPM1: 1223.3923006997222
01-15 22:53:04.354 10885 10984 I RobotCore: SHOOTER RPM2: 1236.836172135983
01-15 22:53:04.454 10885 10984 I RobotCore: SHOOTER batteryVoltage: 13.001759530791787
01-15 22:53:04.454 10885 10984 I RobotCore: SHOOTER RPM1: 1129.6721085982806
01-15 22:53:04.454 10885 10984 I RobotCore: SHOOTER RPM2: 1143.1205860815933
01-15 22:53:04.555 10885 10984 I RobotCore: SHOOTER batteryVoltage: 12.941935483870967
01-15 22:53:04.555 10885 10984 I RobotCore: SHOOTER RPM1: 1155.8417536098204
01-15 22:53:04.555 10885 10984 I RobotCore: SHOOTER RPM2: 1155.8417536098204
01-15 22:53:04.655 10885 10984 I RobotCore: SHOOTER batteryVoltage: 12.941935483870967
01-15 22:53:04.655 10885 10984 I RobotCore: SHOOTER RPM1: 1089.0986217646525
01-15 22:53:04.655 10885 10984 I RobotCore: SHOOTER RPM2: 1089.0986217646525
01-15 22:53:04.756 10885 10984 I RobotCore: SHOOTER batteryVoltage: 12.902052785923752
01-15 22:53:04.756 10885 10984 I RobotCore: SHOOTER RPM1: 1264.2440361504728
01-15 22:53:04.756 10885 10984 I RobotCore: SHOOTER RPM2: 1250.7946315105742
01-15 22:53:04.856 10885 10984 I RobotCore: SHOOTER batteryVoltage: 12.941935483870967
01-15 22:53:04.856 10885 10984 I RobotCore: SHOOTER RPM1: 1048.623067408256
01-15 22:53:04.856 10885 10984 I RobotCore: SHOOTER RPM2: 1048.623067408256
01-15 22:53:04.956 10885 10984 I RobotCore: SHOOTER batteryVoltage: 12.941935483870967
01-15 22:53:04.957 10885 10984 I RobotCore: SHOOTER RPM1: 1238.1365737077174
01-15 22:53:04.957 10885 10984 I RobotCore: SHOOTER RPM2: 1238.1365737077174
01-15 22:53:05.057 10885 10984 I RobotCore: SHOOTER batteryVoltage: 12.902052785923752
01-15 22:53:05.057 10885 10984 I RobotCore: SHOOTER RPM1: 1183.4126561613018
01-15 22:53:05.057 10885 10984 I RobotCore: SHOOTER RPM2: 1196.860527254044
01-15 22:53:05.157 10885 10984 I RobotCore: SHOOTER batteryVoltage: 12.882111436950145
01-15 22:53:05.157 10885 10984 I RobotCore: SHOOTER RPM1: 1089.5011765940176
01-15 22:53:05.157 10885 10984 I RobotCore: SHOOTER RPM2: 1089.5011765940176
01-15 22:53:05.258 10885 10984 I RobotCore: SHOOTER batteryVoltage: 12.902052785923752
01-15 22:53:05.258 10885 10984 I RobotCore: SHOOTER RPM1: 1088.5356419312589
01-15 22:53:05.258 10885 10984 I RobotCore: SHOOTER RPM2: 1101.9743535600398
01-15 22:53:05.358 10885 10984 I RobotCore: SHOOTER batteryVoltage: 12.941935483870967
01-15 22:53:05.359 10885 10984 I RobotCore: SHOOTER RPM1: 1210.2030199607862
01-15 22:53:05.359 10885 10984 I RobotCore: SHOOTER RPM2: 1196.7563197389995
01-15 22:53:05.459 10885 10984 I RobotCore: SHOOTER batteryVoltage: 13.001759530791787
01-15 22:53:05.459 10885 10984 I RobotCore: SHOOTER RPM1: 1116.345727061699
01-15 22:53:05.459 10885 10984 I RobotCore: SHOOTER RPM2: 1129.7956755805149
01-15 22:53:05.559 10885 10984 I RobotCore: SHOOTER batteryVoltage: 13.001759530791787
01-15 22:53:05.560 10885 10984 I RobotCore: SHOOTER RPM1: 1263.8280458277486
01-15 22:53:05.560 10885 10984 I RobotCore: SHOOTER RPM2: 1277.273025038682
01-15 22:53:05.660 10885 10984 I RobotCore: SHOOTER batteryVoltage: 12.941935483870967
01-15 22:53:05.660 10885 10984 I RobotCore: SHOOTER RPM1: 1157.7782810122405
01-15 22:53:05.660 10885 10984 I RobotCore: SHOOTER RPM2: 1171.2408191635457
01-15 22:53:05.760 10885 10984 I RobotCore: SHOOTER batteryVoltage: 12.902052785923752
01-15 22:53:05.760 10885 10984 I RobotCore: SHOOTER RPM1: 1103.3819590614016
01-15 22:53:05.760 10885 10984 I RobotCore: SHOOTER RPM2: 1116.837836610931
01-15 22:53:05.861 10885 10984 I RobotCore: SHOOTER batteryVoltage: 12.941935483870967
01-15 22:53:05.861 10885 10984 I RobotCore: SHOOTER RPM1: 1184.9486726219109
01-15 22:53:05.861 10885 10984 I RobotCore: SHOOTER RPM2: 1198.4139984471599
01-15 22:53:05.961 10885 10984 I RobotCore: SHOOTER batteryVoltage: 12.921994134897359
01-15 22:53:05.961 10885 10984 I RobotCore: SHOOTER RPM1: 1102.2843759958778
01-15 22:53:05.961 10885 10984 I RobotCore: SHOOTER RPM2: 1115.7268683860714
01-15 22:53:06.062 10885 10984 I RobotCore: SHOOTER batteryVoltage: 12.941935483870967
01-15 22:53:06.062 10885 10984 I RobotCore: SHOOTER RPM1: 1034.8226075262023
01-15 22:53:06.062 10885 10984 I RobotCore: SHOOTER RPM2: 1048.2618621693998
01-15 22:53:06.162 10885 10984 I RobotCore: SHOOTER batteryVoltage: 12.902052785923752
01-15 22:53:06.162 10885 10984 I RobotCore: SHOOTER RPM1: 1330.7150392118024
01-15 22:53:06.162 10885 10984 I RobotCore: SHOOTER RPM2: 1330.7150392118024
01-15 22:53:06.263 10885 10984 I RobotCore: SHOOTER batteryVoltage: 12.921994134897359
01-15 22:53:06.263 10885 10984 I RobotCore: SHOOTER RPM1: 1184.4305027582573
01-15 22:53:06.263 10885 10984 I RobotCore: SHOOTER RPM2: 1197.889940289601
01-15 22:53:06.363 10885 10984 I RobotCore: SHOOTER batteryVoltage: 12.862170087976539
01-15 22:53:06.363 10885 10984 I RobotCore: SHOOTER RPM1: 1117.0539099898992
01-15 22:53:06.363 10885 10984 I RobotCore: SHOOTER RPM2: 1117.0539099898992
01-15 22:53:06.464 10885 10984 I RobotCore: SHOOTER batteryVoltage: 12.862170087976539
01-15 22:53:06.464 10885 10984 I RobotCore: SHOOTER RPM1: 1182.4112649194044
01-15 22:53:06.464 10885 10984 I RobotCore: SHOOTER RPM2: 1182.4112649194044
01-15 22:53:06.564 10885 10984 I RobotCore: SHOOTER batteryVoltage: 12.882111436950145
01-15 22:53:06.564 10885 10984 I RobotCore: SHOOTER RPM1: 1049.1840981928365
01-15 22:53:06.564 10885 10984 I RobotCore: SHOOTER RPM2: 1049.1840981928365
01-15 22:53:06.665 10885 10984 I RobotCore: SHOOTER batteryVoltage: 12.842228739002932
01-15 22:53:06.665 10885 10984 I RobotCore: SHOOTER RPM1: 1183.1219858399438
01-15 22:53:06.665 10885 10984 I RobotCore: SHOOTER RPM2: 1196.5665538608523
01-15 22:53:06.765 10885 10984 I RobotCore: SHOOTER batteryVoltage: 12.961876832844574
01-15 22:53:06.765 10885 10984 I RobotCore: SHOOTER RPM1: 1116.385661231878
01-15 22:53:06.765 10885 10984 I RobotCore: SHOOTER RPM2: 1129.8360908852742
01-15 22:53:06.865 10885 10984 I RobotCore: SHOOTER batteryVoltage: 12.921994134897359
01-15 22:53:06.866 10885 10984 I RobotCore: SHOOTER RPM1: 915.1434762049657
01-15 22:53:06.866 10885 10984 I RobotCore: SHOOTER RPM2: 901.6854839078339
01-15 22:53:06.966 10885 10984 I RobotCore: SHOOTER batteryVoltage: 12.842228739002932
01-15 22:53:06.966 10885 10984 I RobotCore: SHOOTER RPM1: 1480.028323694911
01-15 22:53:06.966 10885 10984 I RobotCore: SHOOTER RPM2: 1493.483126637592
01-15 22:53:07.066 10885 10984 I RobotCore: SHOOTER batteryVoltage: 12.862170087976539
01-15 22:53:07.067 10885 10984 I RobotCore: SHOOTER RPM1: 1155.6597616172394
01-15 22:53:07.067 10885 10984 I RobotCore: SHOOTER RPM2: 1155.6597616172394
01-15 22:53:07.167 10885 10984 I RobotCore: SHOOTER batteryVoltage: 12.862170087976539
01-15 22:53:07.167 10885 10984 I RobotCore: SHOOTER RPM1: 1131.224751351406
01-15 22:53:07.167 10885 10984 I RobotCore: SHOOTER RPM2: 1131.224751351406
01-15 22:53:07.267 10885 10984 I RobotCore: SHOOTER batteryVoltage: 12.862170087976539
01-15 22:53:07.267 10885 10984 I RobotCore: SHOOTER RPM1: 1130.804515697459
01-15 22:53:07.267 10885 10984 I RobotCore: SHOOTER RPM2: 1144.2664742176669
01-15 22:53:07.368 10885 10984 I RobotCore: SHOOTER batteryVoltage: 12.822287390029324
01-15 22:53:07.368 10885 10984 I RobotCore: SHOOTER RPM1: 1184.8828745675185
01-15 22:53:07.368 10885 10984 I RobotCore: SHOOTER RPM2: 1184.8828745675185
01-15 22:53:07.468 10885 10984 I RobotCore: SHOOTER batteryVoltage: 12.842228739002932
01-15 22:53:07.468 10885 10984 I RobotCore: SHOOTER RPM1: 1170.508372823178
01-15 22:53:07.468 10885 10984 I RobotCore: SHOOTER RPM2: 1170.508372823178
01-15 22:53:07.569 10885 10984 I RobotCore: SHOOTER batteryVoltage: 12.842228739002932
01-15 22:53:07.569 10885 10984 I RobotCore: SHOOTER RPM1: 1155.8962451197299
01-15 22:53:07.569 10885 10984 I RobotCore: SHOOTER RPM2: 1155.8962451197299
01-15 22:53:07.669 10885 10984 I RobotCore: SHOOTER batteryVoltage: 12.822287390029324
01-15 22:53:07.669 10885 10984 I RobotCore: SHOOTER RPM1: 1184.6842968352007
01-15 22:53:07.669 10885 10984 I RobotCore: SHOOTER RPM2: 1171.2219752802553
01-15 22:53:07.769 10885 10984 I RobotCore: SHOOTER batteryVoltage: 12.862170087976539
01-15 22:53:07.769 10885 10984 I RobotCore: SHOOTER RPM1: 1117.0295911644162
01-15 22:53:07.769 10885 10984 I RobotCore: SHOOTER RPM2: 1130.4877790097705
01-15 22:53:07.870 10885 10984 I RobotCore: SHOOTER batteryVoltage: 12.822287390029324
01-15 22:53:07.870 10885 10984 I RobotCore: SHOOTER RPM1: 1263.6937929438457
01-15 22:53:07.870 10885 10984 I RobotCore: SHOOTER RPM2: 1250.2502419550813
01-15 22:53:07.970 10885 10984 I RobotCore: SHOOTER batteryVoltage: 12.822287390029324
01-15 22:53:07.970 10885 10984 I RobotCore: SHOOTER RPM1: 1075.3670751127863
01-15 22:53:07.970 10885 10984 I RobotCore: SHOOTER RPM2: 1088.8091635516962
01-15 22:53:08.071 10885 10984 I RobotCore: SHOOTER batteryVoltage: 12.862170087976539
01-15 22:53:08.071 10885 10984 I RobotCore: SHOOTER RPM1: 1183.02696734009
01-15 22:53:08.071 10885 10984 I RobotCore: SHOOTER RPM2: 1169.583479074862
01-15 22:53:08.171 10885 10984 I RobotCore: SHOOTER batteryVoltage: 12.902052785923752
01-15 22:53:08.171 10885 10984 I RobotCore: SHOOTER RPM1: 1062.1093240248445
01-15 22:53:08.171 10885 10984 I RobotCore: SHOOTER RPM2: 1062.1093240248445
01-15 22:53:08.272 10885 10984 I RobotCore: SHOOTER batteryVoltage: 12.842228739002932
01-15 22:53:08.272 10885 10984 I RobotCore: SHOOTER RPM1: 1169.2975201852962
01-15 22:53:08.272 10885 10984 I RobotCore: SHOOTER RPM2: 1169.2975201852962
01-15 22:53:08.372 10885 10984 I RobotCore: SHOOTER batteryVoltage: 12.822287390029324
01-15 22:53:08.373 10885 10984 I RobotCore: SHOOTER RPM1: 1130.014170816255
01-15 22:53:08.373 10885 10984 I RobotCore: SHOOTER RPM2: 1130.014170816255
01-15 22:53:08.473 10885 10984 I RobotCore: SHOOTER batteryVoltage: 12.78240469208211
01-15 22:53:08.473 10885 10984 I RobotCore: SHOOTER RPM1: 1184.1172243585775
01-15 22:53:08.473 10885 10984 I RobotCore: SHOOTER RPM2: 1184.1172243585775
01-15 22:53:08.573 10885 10984 I RobotCore: SHOOTER batteryVoltage: 12.78240469208211
01-15 22:53:08.573 10885 10984 I RobotCore: SHOOTER RPM1: 1062.8043230367114
01-15 22:53:08.573 10885 10984 I RobotCore: SHOOTER RPM2: 1062.8043230367114
01-15 22:53:08.674 10885 10984 I RobotCore: SHOOTER batteryVoltage: 12.742521994134897
01-15 22:53:08.674 10885 10984 I RobotCore: SHOOTER RPM1: 1144.430347055224
01-15 22:53:08.674 10885 10984 I RobotCore: SHOOTER RPM2: 1144.430347055224
01-15 22:53:08.774 10885 10984 I RobotCore: SHOOTER batteryVoltage: 12.762463343108504
01-15 22:53:08.774 10885 10984 I RobotCore: SHOOTER RPM1: 1238.6634214952412
01-15 22:53:08.774 10885 10984 I RobotCore: SHOOTER RPM2: 1238.6634214952412
01-15 22:53:08.874 10885 10984 I RobotCore: SHOOTER batteryVoltage: 12.762463343108504
01-15 22:53:08.875 10885 10984 I RobotCore: SHOOTER RPM1: 1022.2400710001469
01-15 22:53:08.875 10885 10984 I RobotCore: SHOOTER RPM2: 1022.2400710001469
01-15 22:53:08.975 10885 10984 I RobotCore: SHOOTER batteryVoltage: 12.78240469208211
01-15 22:53:08.975 10885 10984 I RobotCore: SHOOTER RPM1: 1128.8722422449396
01-15 22:53:08.975 10885 10984 I RobotCore: SHOOTER RPM2: 1142.3111975097602
01-15 22:53:09.076 10885 10984 I RobotCore: SHOOTER batteryVoltage: 12.762463343108504
01-15 22:53:09.076 10885 10984 I RobotCore: SHOOTER RPM1: 1210.3604680645108
01-15 22:53:09.076 10885 10984 I RobotCore: SHOOTER RPM2: 1210.3604680645108
01-15 22:53:09.176 10885 10984 I RobotCore: SHOOTER batteryVoltage: 12.762463343108504
01-15 22:53:09.176 10885 10984 I RobotCore: SHOOTER RPM1: 1117.1286753162276
01-15 22:53:09.176 10885 10984 I RobotCore: SHOOTER RPM2: 1144.0474385768596
01-15 22:53:09.276 10885 10984 I RobotCore: SHOOTER batteryVoltage: 12.78240469208211
01-15 22:53:09.276 10885 10984 I RobotCore: SHOOTER RPM1: 982.685743011384
01-15 22:53:09.276 10885 10984 I RobotCore: SHOOTER RPM2: 982.685743011384
01-15 22:53:09.377 10885 10984 I RobotCore: SHOOTER batteryVoltage: 12.78240469208211
01-15 22:53:09.377 10885 10984 I RobotCore: SHOOTER RPM1: 1304.4597225367102
01-15 22:53:09.377 10885 10984 I RobotCore: SHOOTER RPM2: 1304.4597225367102
01-15 22:53:09.477 10885 10984 I RobotCore: SHOOTER batteryVoltage: 12.802346041055717
01-15 22:53:09.477 10885 10984 I RobotCore: SHOOTER RPM1: 1142.828554242174
01-15 22:53:09.477 10885 10984 I RobotCore: SHOOTER RPM2: 1169.7186378714016
01-15 22:53:09.578 10885 10984 I RobotCore: SHOOTER batteryVoltage: 12.902052785923752
01-15 22:53:09.578 10885 10984 I RobotCore: SHOOTER RPM1: 1156.3377122324018
01-15 22:53:09.578 10885 10984 I RobotCore: SHOOTER RPM2: 1169.7834995839414
01-15 22:53:09.678 10885 10984 I RobotCore: SHOOTER batteryVoltage: 12.802346041055717
01-15 22:53:09.678 10885 10984 I RobotCore: SHOOTER RPM1: 1048.7246764549855
01-15 22:53:09.678 10885 10984 I RobotCore: SHOOTER RPM2: 1062.1698646146647
01-15 22:53:09.779 10885 10984 I RobotCore: SHOOTER batteryVoltage: 12.822287390029324
01-15 22:53:09.779 10885 10984 I RobotCore: SHOOTER RPM1: 1210.7439080082397
01-15 22:53:09.779 10885 10984 I RobotCore: SHOOTER RPM2: 1237.6493281862006
01-15 22:53:09.879 10885 10984 I RobotCore: SHOOTER batteryVoltage: 12.822287390029324
01-15 22:53:09.880 10885 10984 I RobotCore: SHOOTER RPM1: 1114.0340028701137
01-15 22:53:09.880 10885 10984 I RobotCore: SHOOTER RPM2: 1127.4560992902354
01-15 22:53:09.980 10885 10984 I RobotCore: SHOOTER batteryVoltage: 12.822287390029324
01-15 22:53:09.980 10885 10984 I RobotCore: SHOOTER RPM1: 1128.681660716838
01-15 22:53:09.980 10885 10984 I RobotCore: SHOOTER RPM2: 1142.1183471539432
01-15 22:53:10.081 10885 10984 I RobotCore: SHOOTER batteryVoltage: 12.78240469208211
01-15 22:53:10.081 10885 10984 I RobotCore: SHOOTER RPM1: 1168.6921324642926
01-15 22:53:10.081 10885 10984 I RobotCore: SHOOTER RPM2: 1182.125375366181
01-15 22:53:10.181 10885 10984 I RobotCore: SHOOTER batteryVoltage: 12.822287390029324
01-15 22:53:10.181 10885 10984 I RobotCore: SHOOTER RPM1: 1144.0652372917486
01-15 22:53:10.181 10885 10984 I RobotCore: SHOOTER RPM2: 1157.5248283187104
01-15 22:53:10.282 10885 10984 I RobotCore: SHOOTER batteryVoltage: 12.822287390029324
01-15 22:53:10.282 10885 10984 I RobotCore: SHOOTER RPM1: 1141.8711750575007
01-15 22:53:10.282 10885 10984 I RobotCore: SHOOTER RPM2: 1155.304953587589
01-15 22:53:10.382 10885 10984 I RobotCore: SHOOTER batteryVoltage: 12.78240469208211
01-15 22:53:10.382 10885 10984 I RobotCore: SHOOTER RPM1: 1102.195282318535
01-15 22:53:10.382 10885 10984 I RobotCore: SHOOTER RPM2: 1129.0780940824018
01-15 22:53:10.483 10885 10984 I RobotCore: SHOOTER batteryVoltage: 12.78240469208211
01-15 22:53:10.483 10885 10984 I RobotCore: SHOOTER RPM1: 1157.661763632658
01-15 22:53:10.483 10885 10984 I RobotCore: SHOOTER RPM2: 1171.1229469307123
01-15 22:53:10.583 10885 10984 I RobotCore: SHOOTER batteryVoltage: 12.78240469208211
01-15 22:53:10.583 10885 10984 I RobotCore: SHOOTER RPM1: 1009.402821463386
01-15 22:53:10.583 10885 10984 I RobotCore: SHOOTER RPM2: 1022.8615257495645
01-15 22:53:10.684 10885 10984 I RobotCore: SHOOTER batteryVoltage: 12.762463343108504
01-15 22:53:10.684 10885 10984 I RobotCore: SHOOTER RPM1: 1287.9342855078553
01-15 22:53:10.684 10885 10984 I RobotCore: SHOOTER RPM2: 1301.350267648562
01-15 22:53:10.784 10885 10984 I RobotCore: SHOOTER batteryVoltage: 12.762463343108504
01-15 22:53:10.784 10885 10984 I RobotCore: SHOOTER RPM1: 1090.3535771280688
01-15 22:53:10.784 10885 10984 I RobotCore: SHOOTER RPM2: 1103.8147324012548
01-15 22:53:10.885 10885 10984 I RobotCore: SHOOTER batteryVoltage: 12.722580645161289
01-15 22:53:10.885 10885 10984 I RobotCore: SHOOTER RPM1: 1048.4975621931626
01-15 22:53:10.885 10885 10984 I RobotCore: SHOOTER RPM2: 1075.3821150699105
01-15 22:53:10.985 10885 10984 I RobotCore: SHOOTER batteryVoltage: 12.822287390029324
01-15 22:53:10.985 10885 10984 I RobotCore: SHOOTER RPM1: 1278.2029579389784
01-15 22:53:10.985 10885 10984 I RobotCore: SHOOTER RPM2: 1305.1124938955886
01-15 22:53:11.085 10885 10984 I RobotCore: SHOOTER batteryVoltage: 12.822287390029324
01-15 22:53:11.086 10885 10984 I RobotCore: SHOOTER RPM1: 1103.640087432543
01-15 22:53:11.086 10885 10984 I RobotCore: SHOOTER RPM2: 1117.0991128890373
01-15 22:53:11.186 10885 10984 I RobotCore: SHOOTER batteryVoltage: 12.78240469208211
01-15 22:53:11.186 10885 10984 I RobotCore: SHOOTER RPM1: 1076.0538971605536
01-15 22:53:11.186 10885 10984 I RobotCore: SHOOTER RPM2: 1089.5045708750604
01-15 22:53:11.286 10885 10984 I RobotCore: SHOOTER batteryVoltage: 12.762463343108504
01-15 22:53:11.286 10885 10984 I RobotCore: SHOOTER RPM1: 1197.1409891809362
01-15 22:53:11.286 10885 10984 I RobotCore: SHOOTER RPM2: 1210.5920115312838
01-15 22:53:11.387 10885 10984 I RobotCore: SHOOTER batteryVoltage: 12.742521994134897
01-15 22:53:11.387 10885 10984 I RobotCore: SHOOTER RPM1: 1090.2839932845452
01-15 22:53:11.387 10885 10984 I RobotCore: SHOOTER RPM2: 1090.2839932845452
01-15 22:53:11.487 10885 10984 I RobotCore: SHOOTER batteryVoltage: 12.762463343108504
01-15 22:53:11.487 10885 10984 I RobotCore: SHOOTER RPM1: 1264.0042347175474
01-15 22:53:11.487 10885 10984 I RobotCore: SHOOTER RPM2: 1290.8979418391975
01-15 22:53:11.588 10885 10984 I RobotCore: SHOOTER batteryVoltage: 12.722580645161289
01-15 22:53:11.588 10885 10984 I RobotCore: SHOOTER RPM1: 1061.7467639012993
01-15 22:53:11.588 10885 10984 I RobotCore: SHOOTER RPM2: 1061.7467639012993
01-15 22:53:11.688 10885 10984 I RobotCore: SHOOTER batteryVoltage: 12.742521994134897
01-15 22:53:11.688 10885 10984 I RobotCore: SHOOTER RPM1: 1170.2140642969298
01-15 22:53:11.688 10885 10984 I RobotCore: SHOOTER RPM2: 1183.664800668159
01-15 22:53:11.789 10885 10984 I RobotCore: SHOOTER batteryVoltage: 12.722580645161289
01-15 22:53:11.789 10885 10984 I RobotCore: SHOOTER RPM1: 1102.545424651659
01-15 22:53:11.789 10885 10984 I RobotCore: SHOOTER RPM2: 1115.991100562045
01-15 22:53:11.889 10885 10984 I RobotCore: SHOOTER batteryVoltage: 12.722580645161289
01-15 22:53:11.889 10885 10984 I RobotCore: SHOOTER RPM1: 1235.9210536791422
01-15 22:53:11.890 10885 10984 I RobotCore: SHOOTER RPM2: 1235.9210536791422
01-15 22:53:11.990 10885 10984 I RobotCore: SHOOTER batteryVoltage: 12.722580645161289
01-15 22:53:11.990 10885 10984 I RobotCore: SHOOTER RPM1: 1034.5991377263283
01-15 22:53:11.990 10885 10984 I RobotCore: SHOOTER RPM2: 1048.0354901643325
01-15 22:53:12.091 10885 10984 I RobotCore: SHOOTER batteryVoltage: 12.722580645161289
01-15 22:53:12.091 10885 10984 I RobotCore: SHOOTER RPM1: 1101.9269918975676
01-15 22:53:12.091 10885 10984 I RobotCore: SHOOTER RPM2: 1101.9269918975676
01-15 22:53:12.191 10885 10984 I RobotCore: SHOOTER batteryVoltage: 12.722580645161289
01-15 22:53:12.191 10885 10984 I RobotCore: SHOOTER RPM1: 1169.4459319460652
01-15 22:53:12.191 10885 10984 I RobotCore: SHOOTER RPM2: 1169.4459319460652
01-15 22:53:12.292 10885 10984 I RobotCore: SHOOTER batteryVoltage: 12.722580645161289
01-15 22:53:12.292 10885 10984 I RobotCore: SHOOTER RPM1: 1140.6610555411164
01-15 22:53:12.292 10885 10984 I RobotCore: SHOOTER RPM2: 1140.6610555411164
01-15 22:53:12.392 10885 10984 I RobotCore: SHOOTER batteryVoltage: 12.682697947214075
01-15 22:53:12.392 10885 10984 I RobotCore: SHOOTER RPM1: 1183.6328967907712
01-15 22:53:12.392 10885 10984 I RobotCore: SHOOTER RPM2: 1170.1825229636033
01-15 22:53:12.493 10885 10984 I RobotCore: SHOOTER batteryVoltage: 12.722580645161289
01-15 22:53:12.493 10885 10984 I RobotCore: SHOOTER RPM1: 1129.2775948362714
01-15 22:53:12.493 10885 10984 I RobotCore: SHOOTER RPM2: 1115.8338139453633
01-15 22:53:12.593 10885 10984 I RobotCore: SHOOTER batteryVoltage: 12.802346041055717
01-15 22:53:12.593 10885 10984 I RobotCore: SHOOTER RPM1: 1049.8301255337765
01-15 22:53:12.593 10885 10984 I RobotCore: SHOOTER RPM2: 1063.289486117543
01-15 22:53:12.694 10885 10984 I RobotCore: SHOOTER batteryVoltage: 12.722580645161289
01-15 22:53:12.694 10885 10984 I RobotCore: SHOOTER RPM1: 1343.357674641245
01-15 22:53:12.694 10885 10984 I RobotCore: SHOOTER RPM2: 1329.9240978948326
01-15 22:53:12.794 10885 10984 I RobotCore: SHOOTER batteryVoltage: 12.682697947214075
01-15 22:53:12.794 10885 10984 I RobotCore: SHOOTER RPM1: 1088.4291008783412
01-15 22:53:12.794 10885 10984 I RobotCore: SHOOTER RPM2: 1074.9917045712011
01-15 22:53:12.895 10885 10984 I RobotCore: SHOOTER batteryVoltage: 12.662756598240469
01-15 22:53:12.895 10885 10984 I RobotCore: SHOOTER RPM1: 1250.119410263486
01-15 22:53:12.895 10885 10984 I RobotCore: SHOOTER RPM2: 1263.5615544598677
01-15 22:53:12.996 10885 10984 I RobotCore: SHOOTER batteryVoltage: 12.662756598240469
01-15 22:53:12.996 10885 10984 I RobotCore: SHOOTER RPM1: 1045.856609035303
01-15 22:53:12.996 10885 10984 I RobotCore: SHOOTER RPM2: 1019.0397729061928
01-15 22:53:13.096 10885 10984 I RobotCore: SHOOTER batteryVoltage: 12.662756598240469
01-15 22:53:13.096 10885 10984 I RobotCore: SHOOTER RPM1: 1196.6608101387446
01-15 22:53:13.096 10885 10984 I RobotCore: SHOOTER RPM2: 1196.6608101387446
01-15 22:53:13.197 10885 10984 I RobotCore: SHOOTER batteryVoltage: 12.662756598240469
01-15 22:53:13.197 10885 10984 I RobotCore: SHOOTER RPM1: 1223.3631399775527
01-15 22:53:13.197 10885 10984 I RobotCore: SHOOTER RPM2: 1209.9195889887883
01-15 22:53:13.297 10885 10984 I RobotCore: SHOOTER batteryVoltage: 12.682697947214075
01-15 22:53:13.297 10885 10984 I RobotCore: SHOOTER RPM1: 1128.913759143322
01-15 22:53:13.297 10885 10984 I RobotCore: SHOOTER RPM2: 1128.913759143322
01-15 22:53:13.398 10885 10984 I RobotCore: SHOOTER batteryVoltage: 12.682697947214075
01-15 22:53:13.398 10885 10984 I RobotCore: SHOOTER RPM1: 1074.6755740428007
01-15 22:53:13.398 10885 10984 I RobotCore: SHOOTER RPM2: 1061.2421293672658
01-15 22:53:13.498 10885 10984 I RobotCore: SHOOTER batteryVoltage: 12.682697947214075
01-15 22:53:13.498 10885 10984 I RobotCore: SHOOTER RPM1: 1235.6612996482795
01-15 22:53:13.499 10885 10984 I RobotCore: SHOOTER RPM2: 1222.230198565146
01-15 22:53:13.599 10885 10984 I RobotCore: SHOOTER batteryVoltage: 12.762463343108504
01-15 22:53:13.599 10885 10984 I RobotCore: SHOOTER RPM1: 1022.5416888107264
01-15 22:53:13.599 10885 10984 I RobotCore: SHOOTER RPM2: 1009.0871929053221
01-15 22:53:13.699 10885 10984 I RobotCore: SHOOTER batteryVoltage: 12.702639296187682
01-15 22:53:13.699 10885 10984 I RobotCore: SHOOTER RPM1: 1103.418007797604
01-15 22:53:13.699 10885 10984 I RobotCore: SHOOTER RPM2: 1103.418007797604
01-15 22:53:13.800 10885 10984 I RobotCore: SHOOTER batteryVoltage: 12.682697947214075
01-15 22:53:13.800 10885 10984 I RobotCore: SHOOTER RPM1: 1275.8007286424568
01-15 22:53:13.800 10885 10984 I RobotCore: SHOOTER RPM2: 1275.8007286424568
01-15 22:53:13.900 10885 10984 I RobotCore: SHOOTER batteryVoltage: 12.682697947214075
01-15 22:53:13.900 10885 10984 I RobotCore: SHOOTER RPM1: 1063.6978136475614
01-15 22:53:13.900 10885 10984 I RobotCore: SHOOTER RPM2: 1050.2332843608833
01-15 22:53:14.001 10885 10984 I RobotCore: SHOOTER batteryVoltage: 12.682697947214075
01-15 22:53:14.001 10885 10984 I RobotCore: SHOOTER RPM1: 1144.321682287499
01-15 22:53:14.001 10885 10984 I RobotCore: SHOOTER RPM2: 1144.321682287499
01-15 22:53:14.101 10885 10984 I RobotCore: SHOOTER batteryVoltage: 12.742521994134897
01-15 22:53:14.101 10885 10984 I RobotCore: SHOOTER RPM1: 1036.2186487139252
01-15 22:53:14.101 10885 10984 I RobotCore: SHOOTER RPM2: 1036.2186487139252
01-15 22:53:14.202 10885 10984 I RobotCore: SHOOTER batteryVoltage: 12.642815249266862
01-15 22:53:14.202 10885 10984 I RobotCore: SHOOTER RPM1: 1196.1909382824276
01-15 22:53:14.202 10885 10984 I RobotCore: SHOOTER RPM2: 1182.7505906612769
01-15 22:53:14.302 10885 10984 I RobotCore: SHOOTER batteryVoltage: 12.742521994134897
01-15 22:53:14.302 10885 10984 I RobotCore: SHOOTER RPM1: 1143.6944274387024
01-15 22:53:14.302 10885 10984 I RobotCore: SHOOTER RPM2: 1130.2391988806
01-15 22:53:14.402 10885 10984 I RobotCore: SHOOTER batteryVoltage: 12.702639296187682
01-15 22:53:14.403 10885 10984 I RobotCore: SHOOTER RPM1: 1183.5334968444934
