--------- beginning of crash
01-14 14:47:27.558 20149 20149 E AndroidRuntime: FATAL EXCEPTION: main
01-14 14:47:27.558 20149 20149 E AndroidRuntime: Process: com.qualcomm.ftcrobotcontroller, PID: 20149
01-14 14:47:27.558 20149 20149 E AndroidRuntime: java.lang.RuntimeException: Unable to stop activity {com.qualcomm.ftcrobotcontroller/org.firstinspires.ftc.robotcontroller.internal.FtcRobotControllerActivity}: java.lang.NullPointerException: Attempt to invoke virtual method 'void com.qualcomm.ftccommon.FtcRobotControllerService.shutdownRobot()' on a null object reference
01-14 14:47:27.558 20149 20149 E AndroidRuntime: 	at android.app.ActivityThread.handleSleeping(ActivityThread.java:3645)
01-14 14:47:27.558 20149 20149 E AndroidRuntime: 	at android.app.ActivityThread.-wrap19(ActivityThread.java)
01-14 14:47:27.558 20149 20149 E AndroidRuntime: 	at android.app.ActivityThread$H.handleMessage(ActivityThread.java:1529)
01-14 14:47:27.558 20149 20149 E AndroidRuntime: 	at android.os.Handler.dispatchMessage(Handler.java:102)
01-14 14:47:27.558 20149 20149 E AndroidRuntime: 	at android.os.Looper.loop(Looper.java:148)
01-14 14:47:27.558 20149 20149 E AndroidRuntime: 	at android.app.ActivityThread.main(ActivityThread.java:5456)
01-14 14:47:27.558 20149 20149 E AndroidRuntime: 	at java.lang.reflect.Method.invoke(Native Method)
01-14 14:47:27.558 20149 20149 E AndroidRuntime: 	at com.android.internal.os.ZygoteInit$MethodAndArgsCaller.run(ZygoteInit.java:728)
01-14 14:47:27.558 20149 20149 E AndroidRuntime: 	at com.android.internal.os.ZygoteInit.main(ZygoteInit.java:618)
01-14 14:47:27.558 20149 20149 E AndroidRuntime: Caused by: java.lang.NullPointerException: Attempt to invoke virtual method 'void com.qualcomm.ftccommon.FtcRobotControllerService.shutdownRobot()' on a null object reference
01-14 14:47:27.558 20149 20149 E AndroidRuntime: 	at org.firstinspires.ftc.robotcontroller.internal.FtcRobotControllerActivity.onStop(FtcRobotControllerActivity.java:319)
01-14 14:47:27.558 20149 20149 E AndroidRuntime: 	at android.app.Instrumentation.callActivityOnStop(Instrumentation.java:1301)
01-14 14:47:27.558 20149 20149 E AndroidRuntime: 	at android.app.Activity.performStop(Activity.java:6403)
01-14 14:47:27.558 20149 20149 E AndroidRuntime: 	at android.app.ActivityThread.handleSleeping(ActivityThread.java:3642)
01-14 14:47:27.558 20149 20149 E AndroidRuntime: 	... 8 more
--------- beginning of system
01-14 14:55:21.264 20564 20564 E ActivityThread: Activity org.firstinspires.ftc.robotcontroller.internal.FtcRobotControllerActivity has leaked IntentReceiver com.qualcomm.analytics.Analytics@ed9e809 that was originally registered here. Are you missing a call to unregisterReceiver()?
01-14 14:55:21.264 20564 20564 E ActivityThread: android.app.IntentReceiverLeaked: Activity org.firstinspires.ftc.robotcontroller.internal.FtcRobotControllerActivity has leaked IntentReceiver com.qualcomm.analytics.Analytics@ed9e809 that was originally registered here. Are you missing a call to unregisterReceiver()?
01-14 14:55:21.264 20564 20564 E ActivityThread: 	at android.app.LoadedApk$ReceiverDispatcher.<init>(LoadedApk.java:918)
01-14 14:55:21.264 20564 20564 E ActivityThread: 	at android.app.LoadedApk.getReceiverDispatcher(LoadedApk.java:719)
01-14 14:55:21.264 20564 20564 E ActivityThread: 	at android.app.ContextImpl.registerReceiverInternal(ContextImpl.java:1172)
01-14 14:55:21.264 20564 20564 E ActivityThread: 	at android.app.ContextImpl.registerReceiver(ContextImpl.java:1152)
01-14 14:55:21.264 20564 20564 E ActivityThread: 	at android.app.ContextImpl.registerReceiver(ContextImpl.java:1146)
01-14 14:55:21.264 20564 20564 E ActivityThread: 	at android.content.ContextWrapper.registerReceiver(ContextWrapper.java:554)
01-14 14:55:21.264 20564 20564 E ActivityThread: 	at com.qualcomm.analytics.Analytics.register(SourceFile:209)
01-14 14:55:21.264 20564 20564 E ActivityThread: 	at com.qualcomm.analytics.Analytics.<init>(SourceFile:235)
01-14 14:55:21.264 20564 20564 E ActivityThread: 	at com.qualcomm.modernrobotics.ModernRoboticsUsbUtil.init(SourceFile:85)
01-14 14:55:21.264 20564 20564 E ActivityThread: 	at com.qualcomm.ftccommon.FtcEventLoop.init(FtcEventLoop.java:191)
01-14 14:55:21.264 20564 20564 E ActivityThread: 	at com.qualcomm.robotcore.eventloop.EventLoopManager.startEventLoop(EventLoopManager.java:571)
01-14 14:55:21.264 20564 20564 E ActivityThread: 	at com.qualcomm.robotcore.eventloop.EventLoopManager.setEventLoop(EventLoopManager.java:545)
01-14 14:55:21.264 20564 20564 E ActivityThread: 	at com.qualcomm.robotcore.eventloop.EventLoopManager.start(EventLoopManager.java:489)
01-14 14:55:21.264 20564 20564 E ActivityThread: 	at com.qualcomm.robotcore.robot.Robot.start(Robot.java:59)
01-14 14:55:21.264 20564 20564 E ActivityThread: 	at com.qualcomm.ftccommon.FtcRobotControllerService$RobotSetupRunnable$1.run(FtcRobotControllerService.java:186)
01-14 14:55:21.264 20564 20564 E ActivityThread: 	at com.qualcomm.robotcore.util.ThreadPool.logThreadLifeCycle(ThreadPool.java:513)
01-14 14:55:21.264 20564 20564 E ActivityThread: 	at com.qualcomm.ftccommon.FtcRobotControllerService$RobotSetupRunnable.run(FtcRobotControllerService.java:128)
01-14 14:55:21.264 20564 20564 E ActivityThread: 	at java.util.concurrent.ThreadPoolExecutor.runWorker(ThreadPoolExecutor.java:1113)
01-14 14:55:21.264 20564 20564 E ActivityThread: 	at java.util.concurrent.ThreadPoolExecutor$Worker.run(ThreadPoolExecutor.java:588)
01-14 14:55:21.264 20564 20564 E ActivityThread: 	at java.lang.Thread.run(Thread.java:818)
01-14 14:55:21.302 20564 20564 E ActivityThread: Service com.qualcomm.ftccommon.FtcRobotControllerService has leaked IntentReceiver com.qualcomm.robotcore.wifi.WifiDirectAssistant$WifiP2pBroadcastReceiver@eb51283 that was originally registered here. Are you missing a call to unregisterReceiver()?
01-14 14:55:21.302 20564 20564 E ActivityThread: android.app.IntentReceiverLeaked: Service com.qualcomm.ftccommon.FtcRobotControllerService has leaked IntentReceiver com.qualcomm.robotcore.wifi.WifiDirectAssistant$WifiP2pBroadcastReceiver@eb51283 that was originally registered here. Are you missing a call to unregisterReceiver()?
01-14 14:55:21.302 20564 20564 E ActivityThread: 	at android.app.LoadedApk$ReceiverDispatcher.<init>(LoadedApk.java:918)
01-14 14:55:21.302 20564 20564 E ActivityThread: 	at android.app.LoadedApk.getReceiverDispatcher(LoadedApk.java:719)
01-14 14:55:21.302 20564 20564 E ActivityThread: 	at android.app.ContextImpl.registerReceiverInternal(ContextImpl.java:1172)
01-14 14:55:21.302 20564 20564 E ActivityThread: 	at android.app.ContextImpl.registerReceiver(ContextImpl.java:1152)
01-14 14:55:21.302 20564 20564 E ActivityThread: 	at android.app.ContextImpl.registerReceiver(ContextImpl.java:1146)
01-14 14:55:21.302 20564 20564 E ActivityThread: 	at com.qualcomm.robotcore.wifi.WifiDirectAssistant.enable(WifiDirectAssistant.java:284)
01-14 14:55:21.302 20564 20564 E ActivityThread: 	at com.qualcomm.ftccommon.FtcRobotControllerService.onBind(FtcRobotControllerService.java:234)
01-14 14:55:21.302 20564 20564 E ActivityThread: 	at android.app.ActivityThread.handleBindService(ActivityThread.java:2922)
01-14 14:55:21.302 20564 20564 E ActivityThread: 	at android.app.ActivityThread.-wrap2(ActivityThread.java)
01-14 14:55:21.302 20564 20564 E ActivityThread: 	at android.app.ActivityThread$H.handleMessage(ActivityThread.java:1442)
01-14 14:55:21.302 20564 20564 E ActivityThread: 	at android.os.Handler.dispatchMessage(Handler.java:102)
01-14 14:55:21.302 20564 20564 E ActivityThread: 	at android.os.Looper.loop(Looper.java:148)
01-14 14:55:21.302 20564 20564 E ActivityThread: 	at android.app.ActivityThread.main(ActivityThread.java:5456)
01-14 14:55:21.302 20564 20564 E ActivityThread: 	at java.lang.reflect.Method.invoke(Native Method)
01-14 14:55:21.302 20564 20564 E ActivityThread: 	at com.android.internal.os.ZygoteInit$MethodAndArgsCaller.run(ZygoteInit.java:728)
01-14 14:55:21.302 20564 20564 E ActivityThread: 	at com.android.internal.os.ZygoteInit.main(ZygoteInit.java:618)
--------- beginning of main
01-14 20:03:59.019 29665 29665 I chatty  : uid=10109(com.qualcomm.ftcrobotcontroller) expire 24 lines
01-14 20:03:59.050 29665 29671 I chatty  : uid=10109(com.qualcomm.ftcrobotcontroller) expire 1 line
01-14 20:03:59.724 29725 29725 I chatty  : uid=10109(com.qualcomm.ftcrobotcontroller) /system/bin/dex2oat expire 2 lines
01-14 20:04:00.396 29665 29784 I chatty  : uid=10109(com.qualcomm.ftcrobotcontroller) expire 2 lines
01-14 20:04:00.423 29786 29786 I chatty  : uid=10109(com.qualcomm.ftcrobotcontroller) ps expire 20 lines
01-14 20:04:02.306 29665 29843 I chatty  : uid=10109(com.qualcomm.ftcrobotcontroller) expire 1 line
01-14 20:04:02.338 29665 29665 E AndroidRuntime: FATAL EXCEPTION: main
01-14 20:04:02.338 29665 29665 E AndroidRuntime: Process: com.qualcomm.ftcrobotcontroller, PID: 29665
01-14 20:04:02.338 29665 29665 E AndroidRuntime: java.lang.RuntimeException: Unable to stop activity {com.qualcomm.ftcrobotcontroller/org.firstinspires.ftc.robotcontroller.internal.FtcRobotControllerActivity}: java.lang.NullPointerException: Attempt to invoke virtual method 'void com.qualcomm.ftccommon.FtcRobotControllerService.shutdownRobot()' on a null object reference
01-14 20:04:02.338 29665 29665 E AndroidRuntime: 	at android.app.ActivityThread.handleSleeping(ActivityThread.java:3645)
01-14 20:04:02.338 29665 29665 E AndroidRuntime: 	at android.app.ActivityThread.-wrap19(ActivityThread.java)
01-14 20:04:02.338 29665 29665 E AndroidRuntime: 	at android.app.ActivityThread$H.handleMessage(ActivityThread.java:1529)
01-14 20:04:02.338 29665 29665 E AndroidRuntime: 	at android.os.Handler.dispatchMessage(Handler.java:102)
01-14 20:04:02.338 29665 29665 E AndroidRuntime: 	at android.os.Looper.loop(Looper.java:148)
01-14 20:04:02.338 29665 29665 E AndroidRuntime: 	at android.app.ActivityThread.main(ActivityThread.java:5456)
01-14 20:04:02.338 29665 29665 E AndroidRuntime: 	at java.lang.reflect.Method.invoke(Native Method)
01-14 20:04:02.338 29665 29665 E AndroidRuntime: 	at com.android.internal.os.ZygoteInit$MethodAndArgsCaller.run(ZygoteInit.java:728)
01-14 20:04:02.338 29665 29665 E AndroidRuntime: 	at com.android.internal.os.ZygoteInit.main(ZygoteInit.java:618)
01-14 20:04:02.338 29665 29665 E AndroidRuntime: Caused by: java.lang.NullPointerException: Attempt to invoke virtual method 'void com.qualcomm.ftccommon.FtcRobotControllerService.shutdownRobot()' on a null object reference
01-14 20:04:02.338 29665 29665 E AndroidRuntime: 	at org.firstinspires.ftc.robotcontroller.internal.FtcRobotControllerActivity.onStop(FtcRobotControllerActivity.java:319)
01-14 20:04:02.338 29665 29665 E AndroidRuntime: 	at android.app.Instrumentation.callActivityOnStop(Instrumentation.java:1301)
01-14 20:04:02.338 29665 29665 E AndroidRuntime: 	at android.app.Activity.performStop(Activity.java:6403)
01-14 20:04:02.338 29665 29665 E AndroidRuntime: 	at android.app.ActivityThread.handleSleeping(ActivityThread.java:3642)
01-14 20:04:02.338 29665 29665 E AndroidRuntime: 	... 8 more
01-14 20:04:09.169 29900 29900 I chatty  : uid=10109(com.qualcomm.ftcrobotcontroller) expire 68 lines
01-14 20:04:09.618 29900 29926 I chatty  : uid=10109(com.qualcomm.ftcrobotcontroller) expire 2 lines
01-14 20:04:09.653 29928 29928 I chatty  : uid=10109(com.qualcomm.ftcrobotcontroller) ps expire 20 lines
01-14 20:04:11.499 29900 29985 I chatty  : uid=10109(com.qualcomm.ftcrobotcontroller) expire 2 lines
01-14 20:04:11.628 29900 29993 I chatty  : uid=10109(com.qualcomm.ftcrobotcontroller) expire 86 lines
01-14 20:04:16.632 29900 30065 I chatty  : uid=10109(com.qualcomm.ftcrobotcontroller) expire 6 lines
01-14 20:04:16.669 29900 30069 I chatty  : uid=10109(com.qualcomm.ftcrobotcontroller) expire 17 lines
01-14 20:04:16.681 29900 30071 I chatty  : uid=10109(com.qualcomm.ftcrobotcontroller) expire 2 lines
01-14 20:04:16.690 29900 30072 I chatty  : uid=10109(com.qualcomm.ftcrobotcontroller) expire 2 lines
01-14 20:04:16.703 29900 30075 I chatty  : uid=10109(com.qualcomm.ftcrobotcontroller) expire 2 lines
01-14 20:04:16.706 29900 30076 I chatty  : uid=10109(com.qualcomm.ftcrobotcontroller) expire 2 lines
01-14 20:04:16.709 29900 30077 I chatty  : uid=10109(com.qualcomm.ftcrobotcontroller) expire 2 lines
01-14 20:04:16.712 29900 30078 I chatty  : uid=10109(com.qualcomm.ftcrobotcontroller) expire 2 lines
01-14 20:04:16.748 29900 30083 I chatty  : uid=10109(com.qualcomm.ftcrobotcontroller) expire 33 lines
01-14 20:04:16.766 29900 30082 I chatty  : uid=10109(com.qualcomm.ftcrobotcontroller) expire 6 lines
01-14 20:04:16.814 29900 30080 I chatty  : uid=10109(com.qualcomm.ftcrobotcontroller) expire 21 lines
01-14 20:04:16.817 29900 30087 I chatty  : uid=10109(com.qualcomm.ftcrobotcontroller) expire 9 lines
01-14 20:04:16.895 29900 30096 I chatty  : uid=10109(com.qualcomm.ftcrobotcontroller) expire 9 lines
01-14 20:04:17.621 29900 30110 I chatty  : uid=10109(com.qualcomm.ftcrobotcontroller) expire 5 lines
01-14 20:04:17.900 29900 30119 I chatty  : uid=10109(com.qualcomm.ftcrobotcontroller) expire 9 lines
01-14 20:05:18.681 30451 30451 I chatty  : uid=10109(com.qualcomm.ftcrobotcontroller) expire 81 lines
01-14 20:05:19.097 30451 30466 I chatty  : uid=10109(com.qualcomm.ftcrobotcontroller) expire 2 lines
01-14 20:05:19.123 30468 30468 I chatty  : uid=10109(com.qualcomm.ftcrobotcontroller) ps expire 20 lines
01-14 20:05:20.883 30451 30498 I chatty  : uid=10109(com.qualcomm.ftcrobotcontroller) expire 2 lines
01-14 20:05:21.000 30451 30502 I chatty  : uid=10109(com.qualcomm.ftcrobotcontroller) expire 145 lines
01-14 20:05:26.010 30451 30505 I chatty  : uid=10109(com.qualcomm.ftcrobotcontroller) expire 6 lines
01-14 20:05:26.051 30451 30507 I chatty  : uid=10109(com.qualcomm.ftcrobotcontroller) expire 22 lines
01-14 20:05:26.551 30451 30515 I chatty  : uid=10109(com.qualcomm.ftcrobotcontroller) expire 4 lines
01-14 20:05:26.560 30451 30518 I chatty  : uid=10109(com.qualcomm.ftcrobotcontroller) expire 7 lines
01-14 20:05:26.568 30451 30511 I chatty  : uid=10109(com.qualcomm.ftcrobotcontroller) expire 12 lines
01-14 20:05:26.600 30451 30513 I chatty  : uid=10109(com.qualcomm.ftcrobotcontroller) expire 14 lines
01-14 20:05:26.603 30451 30522 I chatty  : uid=10109(com.qualcomm.ftcrobotcontroller) expire 9 lines
01-14 20:05:27.001 30451 30526 I chatty  : uid=10109(com.qualcomm.ftcrobotcontroller) expire 17 lines
01-14 20:05:27.456 30451 30529 I chatty  : uid=10109(com.qualcomm.ftcrobotcontroller) expire 2 lines
01-14 20:05:27.926 30451 30532 I chatty  : uid=10109(com.qualcomm.ftcrobotcontroller) expire 16 lines
01-14 20:05:28.399 30451 30535 I chatty  : uid=10109(com.qualcomm.ftcrobotcontroller) expire 1 line
01-14 20:05:28.873 30451 30539 I chatty  : uid=10109(com.qualcomm.ftcrobotcontroller) expire 16 lines
01-14 20:05:28.981 30451 30541 I chatty  : uid=10109(com.qualcomm.ftcrobotcontroller) expire 10 lines
01-14 20:05:28.994 30451 30451 I chatty  : uid=10109(com.qualcomm.ftcrobotcontroller) expire 10 lines
01-14 20:05:29.020 30451 30546 I chatty  : uid=10109(com.qualcomm.ftcrobotcontroller) expire 9 lines
01-14 20:05:34.150 30451 30551 I chatty  : uid=10109(com.qualcomm.ftcrobotcontroller) expire 202 lines
01-14 20:06:19.210 30451 30461 I chatty  : uid=10109(com.qualcomm.ftcrobotcontroller) expire 1 line
01-14 20:06:44.328 30451 30551 I chatty  : uid=10109(com.qualcomm.ftcrobotcontroller) expire 737 lines
01-14 20:06:46.891 30451 30507 I chatty  : uid=10109(com.qualcomm.ftcrobotcontroller) expire 12 lines
01-14 20:07:22.605 30451 30574 I chatty  : uid=10109(com.qualcomm.ftcrobotcontroller) expire 2104 lines
01-14 20:07:31.394 30451 30541 I chatty  : uid=10109(com.qualcomm.ftcrobotcontroller) expire 12 lines
01-14 20:07:31.447 30451 30511 I chatty  : uid=10109(com.qualcomm.ftcrobotcontroller) expire 12 lines
01-14 20:07:34.891 30451 30507 I chatty  : uid=10109(com.qualcomm.ftcrobotcontroller) expire 13 lines
01-14 20:07:58.910 30451 30582 I chatty  : uid=10109(com.qualcomm.ftcrobotcontroller) expire 6 lines
01-14 20:08:05.447 30451 30541 I chatty  : uid=10109(com.qualcomm.ftcrobotcontroller) expire 35 lines
01-14 20:11:15.563 30451 30507 I chatty  : uid=10109(com.qualcomm.ftcrobotcontroller) expire 4 lines
01-14 20:11:31.689 30451 30510 I chatty  : uid=10109(com.qualcomm.ftcrobotcontroller) expire 8 lines
01-14 20:11:31.689 30451 30509 I chatty  : uid=10109(com.qualcomm.ftcrobotcontroller) expire 5 lines
01-14 20:11:31.692 30451 30530 I chatty  : uid=10109(com.qualcomm.ftcrobotcontroller) expire 6 lines
01-14 20:11:31.692 30451 30531 I chatty  : uid=10109(com.qualcomm.ftcrobotcontroller) expire 8 lines
01-14 20:11:31.698 30451 30631 I chatty  : uid=10109(com.qualcomm.ftcrobotcontroller) expire 1 line
01-14 20:11:31.702 30451 30521 I chatty  : uid=10109(com.qualcomm.ftcrobotcontroller) expire 8 lines
01-14 20:11:31.703 30451 30520 I chatty  : uid=10109(com.qualcomm.ftcrobotcontroller) expire 6 lines
01-14 20:11:31.704 30451 30632 I chatty  : uid=10109(com.qualcomm.ftcrobotcontroller) expire 1 line
01-14 20:11:31.707 30451 30541 I chatty  : uid=10109(com.qualcomm.ftcrobotcontroller) expire 17 lines
01-14 20:11:31.710 30451 30635 I chatty  : uid=10109(com.qualcomm.ftcrobotcontroller) expire 1 line
01-14 20:11:31.717 30451 30536 I chatty  : uid=10109(com.qualcomm.ftcrobotcontroller) expire 5 lines
01-14 20:11:31.718 30451 30537 I chatty  : uid=10109(com.qualcomm.ftcrobotcontroller) expire 8 lines
01-14 20:11:31.723 30451 30534 I chatty  : uid=10109(com.qualcomm.ftcrobotcontroller) expire 5 lines
01-14 20:11:31.723 30451 30451 I chatty  : uid=10109(com.qualcomm.ftcrobotcontroller) expire 1 line
01-14 20:11:31.723 30451 30534 I chatty  : uid=10109(com.qualcomm.ftcrobotcontroller) expire 2 lines
01-14 20:11:31.723 30451 30533 I chatty  : uid=10109(com.qualcomm.ftcrobotcontroller) expire 1 line
01-14 20:11:31.723 30451 30528 I chatty  : uid=10109(com.qualcomm.ftcrobotcontroller) expire 1 line
01-14 20:11:31.724 30451 30527 I chatty  : uid=10109(com.qualcomm.ftcrobotcontroller) expire 1 line
01-14 20:11:31.724 30451 30535 I chatty  : uid=10109(com.qualcomm.ftcrobotcontroller) expire 9 lines
01-14 20:11:31.725 30451 30535 E RobotCore: com.qualcomm.robotcore.util.ThreadPool.logThreadLifeCycle(ThreadPool.java:513)
01-14 20:11:31.725 30451 30535 E RobotCore: com.qualcomm.hardware.modernrobotics.ReadWriteRunnableStandard.run(ReadWriteRunnableStandard.java:302)
01-14 20:11:31.725 30451 30535 E RobotCore: java.util.concurrent.ThreadPoolExecutor.runWorker(ThreadPoolExecutor.java:1113)
01-14 20:11:31.725 30451 30535 E RobotCore: java.util.concurrent.ThreadPoolExecutor$Worker.run(ThreadPoolExecutor.java:588)
01-14 20:11:31.725 30451 30535 E RobotCore: java.lang.Thread.run(Thread.java:818)
01-14 20:11:31.725 30451 30535 V RobotCore: thread: ...terminating 'r/w loop: Modern Robotics USB DC Motor Controller [AI049QOP]'
01-14 20:11:31.725 30451 30529 W RobotCore: could not write to Modern Robotics USB DC Motor Controller [A104OQ1P]: FTDI Null Pointer Exception
01-14 20:11:31.725 30451 30529 E RobotCore: java.lang.NullPointerException: Attempt to invoke interface method 'void java.util.concurrent.locks.Lock.unlock()' on a null object reference
01-14 20:11:31.726 30451 30529 E RobotCore: com.ftdi.j2xx.ProcessInCtrl.readBulkInData(FT_Device.java:2520)
01-14 20:11:31.726 30451 30529 E RobotCore: com.ftdi.j2xx.FT_Device.read(FT_Device.java:666)
01-14 20:11:31.726 30451 30529 E RobotCore: com.qualcomm.robotcore.hardware.usb.ftdi.RobotUsbDeviceFtdi.read(RobotUsbDeviceFtdi.java:199)
01-14 20:11:31.726 30451 30529 E RobotCore: com.qualcomm.robotcore.hardware.usb.ftdi.RobotUsbDeviceFtdi.read(RobotUsbDeviceFtdi.java:176)
01-14 20:11:31.726 30451 30529 E RobotCore: com.qualcomm.modernrobotics.ReadWriteRunnableUsbHandler.a(SourceFile:77)
01-14 20:11:31.726 30451 30529 E RobotCore: com.qualcomm.modernrobotics.ReadWriteRunnableUsbHandler.read(SourceFile:66)
01-14 20:11:31.726 30451 30529 E RobotCore: com.qualcomm.hardware.modernrobotics.ReadWriteRunnableStandard$1.run(ReadWriteRunnableStandard.java:343)
01-14 20:11:31.726 30451 30529 E RobotCore: com.qualcomm.robotcore.util.ThreadPool.logThreadLifeCycle(ThreadPool.java:513)
01-14 20:11:31.726 30451 30529 E RobotCore: com.qualcomm.hardware.modernrobotics.ReadWriteRunnableStandard.run(ReadWriteRunnableStandard.java:302)
01-14 20:11:31.726 30451 30529 E RobotCore: java.util.concurrent.ThreadPoolExecutor.runWorker(ThreadPoolExecutor.java:1113)
01-14 20:11:31.726 30451 30529 E RobotCore: java.util.concurrent.ThreadPoolExecutor$Worker.run(ThreadPoolExecutor.java:588)
01-14 20:11:31.726 30451 30529 E RobotCore: java.lang.Thread.run(Thread.java:818)
01-14 20:11:31.727 30451 30529 V RobotCore: thread: ...terminating 'r/w loop: Modern Robotics USB DC Motor Controller [A104OQ1P]'
01-14 20:11:31.729 30451 30636 V RobotCore: thread: 'r/w loop: Modern Robotics USB DC Motor Controller [AL00VBIF]' starting...
01-14 20:11:31.729 30451 30541 D RobotCore: ...arming modern motor controller Modern Robotics USB DC Motor Controller [AL00VBIF] complete
01-14 20:11:31.729 30451 30541 I FIRST   : ======= MODULE DETACH RECOVERY: complete Modern Robotics USB DC Motor Controller [AL00VBIF]=======
01-14 20:11:31.730 30451 30541 D RobotCore: system telemetry: key=$System$Warning$ msg="problem communicating with Modern Robotics USB DC Motor Controller [A104OQ1P]; problem communicating with Modern Robotics USB Core Device Interface Module [AL00VFK6]; problem communicating with Modern Robotics USB DC Motor Controller [AL00VBIF]; problem communicating with Modern Robotics USB DC Motor Controller [AL00VWH0]; problem communicating with Modern Robotics USB DC Motor Controller [AI049QOP]; problem communicating with Modern Robotics USB Servo Controller [AL00VSDY]"
01-14 20:11:31.730 30451 30515 D MediaPlayer: setSubtitleAnchor in MediaPlayer
01-14 20:11:31.731 30451 30541 V RobotCore: event loop: device has shutdown abnormally
01-14 20:11:31.731 30451 30541 V RobotCore: event loop: detaching device owner
01-14 20:11:31.731 30451 30541 I FIRST   : ======= MODULE DETACH RECOVERY: disarm Modern Robotics USB DC Motor Controller [A104OQ1P]=======
01-14 20:11:31.731 30451 30541 D RobotCore: disarming modern motor controller Modern Robotics USB DC Motor Controller [A104OQ1P]...
01-14 20:11:31.731 30451 30541 V RobotCore: waiting for service ReadWriteRunnable for Modern Robotics USB Device
01-14 20:11:31.732 30451 30541 V RobotCore: awaitTermination returned, isTerminated=true
01-14 20:11:31.732 30451 30541 V RobotCore: executive service ReadWriteRunnable for Modern Robotics USB Device is terminated
01-14 20:11:31.732 30451 30541 D RobotCore: ...disarming modern motor controller Modern Robotics USB DC Motor Controller [A104OQ1P] complete
01-14 20:11:31.732 30451 30541 I FIRST   : ======= MODULE DETACH RECOVERY: pretend Modern Robotics USB DC Motor Controller [A104OQ1P]=======
01-14 20:11:31.732 30451 30541 D RobotCore: arming modern motor controller Modern Robotics USB DC Motor Controller [A104OQ1P] (pretend)...
01-14 20:11:31.732 30451 30541 V RobotCore: Starting up pretend device A104OQ1P
01-14 20:11:31.736 30451 30534 W System.err: 	at java.lang.Thread.run(Thread.java:818)
01-14 20:11:31.737 30451 30451 D MediaPlayer: setSubtitleAnchor in MediaPlayer
01-14 20:11:31.737 30451 30533 W System.err: java.lang.NullPointerException: Attempt to invoke virtual method 'int com.ftdi.j2xx.D2xxManager$DriverParameters.getBufferNumber()' on a null object reference
01-14 20:11:31.737 30451 30527 W System.err: java.lang.NullPointerException: Attempt to invoke virtual method 'boolean com.ftdi.j2xx.InBuffer.acquired()' on a null object reference
01-14 20:11:31.737 30451 30533 W System.err: 	at com.ftdi.j2xx.ProcessInCtrl.releaseWritableBuffers(FT_Device.java:2672)
01-14 20:11:31.737 30451 30533 W System.err: 	at com.ftdi.j2xx.BulkInWorker.run(FT_Device.java:2879)	at 
01-14 20:11:31.737 30451 30527 W System.err: 	at com.ftdi.j2xx.ProcessInCtrl.releaseWritableBuffers(FT_Device.java:2675)
01-14 20:11:31.737 30451 30533 W System.err: 	at java.lang.Thread.run(Thread.java:818)
01-14 20:11:31.738 30451 30528 W System.err: java.lang.InterruptedException
01-14 20:11:31.738 30451 30528 W System.err: 	at java.util.concurrent.locks.AbstractQueuedSynchronizer.doAcquireSharedInterruptibly(AbstractQueuedSynchronizer.java:972)
01-14 20:11:31.739 30451 30527 W System.err: com.ftdi.j2xx.BulkInWorker.run(FT_Device.java:2879)
01-14 20:11:31.739 30451 30527 W System.err: 	at java.lang.Thread.run(Thread.java:818)
01-14 20:11:31.739 30451 30528 W System.err: 	at java.util.concurrent.locks.AbstractQueuedSynchronizer.acquireSharedInterruptibly(AbstractQueuedSynchronizer.java:1278)
01-14 20:11:31.739 30451 30528 W System.err: 	at java.util.concurrent.Semaphore.acquire(Semaphore.java:284)
01-14 20:11:31.739 30451 30528 W System.err: 	at com.ftdi.j2xx.ProcessInCtrl.acquireReadableBuffer(FT_Device.java:2294)
01-14 20:11:31.740 30451 30528 W System.err: 	at com.ftdi.j2xx.ProcessRequestWorker.run(FT_Device.java:2764)
01-14 20:11:31.740 30451 30528 W System.err: 	at java.lang.Thread.run(Thread.java:818)
01-14 20:11:31.741 30451 30638 V RobotCore: thread: 'r/w loop: Modern Robotics USB DC Motor Controller [A104OQ1P]' starting...
01-14 20:11:31.745 30451 30541 D RobotCore: ...arming modern motor controller Modern Robotics USB DC Motor Controller [A104OQ1P] complete
01-14 20:11:31.745 30451 30541 I FIRST   : ======= MODULE DETACH RECOVERY: complete Modern Robotics USB DC Motor Controller [A104OQ1P]=======
01-14 20:11:31.745 30451 30541 V RobotCore: event loop: device has shutdown abnormally
01-14 20:11:31.745 30451 30541 V RobotCore: event loop: detaching device owner
01-14 20:11:31.745 30451 30541 I FIRST   : ======= MODULE DETACH RECOVERY: disarm Modern Robotics USB DC Motor Controller [AI049QOP]=======
01-14 20:11:31.745 30451 30541 D RobotCore: disarming modern motor controller Modern Robotics USB DC Motor Controller [AI049QOP]...
01-14 20:11:31.746 30451 30541 V RobotCore: waiting for service ReadWriteRunnable for Modern Robotics USB Device
01-14 20:11:31.746 30451 30541 V RobotCore: awaitTermination returned, isTerminated=true
01-14 20:11:31.746 30451 30541 V RobotCore: executive service ReadWriteRunnable for Modern Robotics USB Device is terminated
01-14 20:11:31.746 30451 30541 D RobotCore: ...disarming modern motor controller Modern Robotics USB DC Motor Controller [AI049QOP] complete
01-14 20:11:31.746 30451 30541 I FIRST   : ======= MODULE DETACH RECOVERY: pretend Modern Robotics USB DC Motor Controller [AI049QOP]=======
01-14 20:11:31.746 30451 30541 D RobotCore: arming modern motor controller Modern Robotics USB DC Motor Controller [AI049QOP] (pretend)...
01-14 20:11:31.746 30451 30541 V RobotCore: Starting up pretend device AI049QOP
01-14 20:11:31.751 30451 30639 V RobotCore: thread: 'r/w loop: Modern Robotics USB DC Motor Controller [AI049QOP]' starting...
01-14 20:11:31.751 30451 30541 D RobotCore: ...arming modern motor controller Modern Robotics USB DC Motor Controller [AI049QOP] complete
01-14 20:11:31.751 30451 30541 I FIRST   : ======= MODULE DETACH RECOVERY: complete Modern Robotics USB DC Motor Controller [AI049QOP]=======
01-14 20:11:31.765 30451 30513 D ExtendedUtils: extended extractor not needed, return default
01-14 20:11:31.766 30451 30513 I MediaCodec: (0xb80142a8) init name(audio/raw) isType(1) encoder(0)
01-14 20:11:31.771 30451 30640 I OMXClient: Using client-side OMX mux.
01-14 20:11:31.774 30451 30640 E OMXMaster: A component of name 'OMX.qcom.audio.decoder.aac' already exists, ignoring this one.
01-14 20:11:31.776 30451 30640 I MediaCodec: (0xb80142a8) Component Allocated (OMX.google.raw.decoder)
01-14 20:11:31.776 30451 30513 I MediaCodec: (0xb80142a8) configure surface(0x0) crypto(0x0) flags(0)
01-14 20:11:31.776 30451 30513 D MediaCodec: (0xb80142a8) configure format: AMessage(what = 0x00000000) = {
01-14 20:11:31.776 30451 30513 D MediaCodec:    string mime = "audio/raw"
01-14 20:11:31.776 30451 30513 D MediaCodec:    int64_t durationUs = 1043650
01-14 20:11:31.776 30451 30513 D MediaCodec:    int32_t channel-count = 2
01-14 20:11:31.776 30451 30513 D MediaCodec:    int32_t sample-rate = 44100
01-14 20:11:31.776 30451 30513 D MediaCodec:    int32_t channel-mask = 0
01-14 20:11:31.776 30451 30513 D MediaCodec:  }
01-14 20:11:31.780 30451 30513 I MediaCodec: (0xb80142a8) start
01-14 20:11:31.780 30451 30640 I MediaCodec: (0xb80142a8) input buffers allocated
01-14 20:11:31.780 30451 30640 I MediaCodec: (0xb80142a8) numBuffers (4)
01-14 20:11:31.780 30451 30640 I MediaCodec: (0xb80142a8) output buffers allocated
01-14 20:11:31.780 30451 30640 I MediaCodec: (0xb80142a8) numBuffers (4)
01-14 20:11:31.783 30451 30640 I MediaCodec: (0xb80142a8) codec output format changed
01-14 20:11:31.784 30451 30640 D MediaCodec: (0xb80142a8) output format: AMessage(what = 'codc', target = 10) = {
01-14 20:11:31.784 30451 30640 D MediaCodec:    string mime = "audio/raw"
01-14 20:11:31.784 30451 30640 D MediaCodec:    int32_t channel-count = 2
01-14 20:11:31.784 30451 30640 D MediaCodec:    int32_t sample-rate = 44100
01-14 20:11:31.784 30451 30640 D MediaCodec:    int32_t channel-mask = 0
01-14 20:11:31.784 30451 30640 D MediaCodec:    int32_t what = 1869968451
01-14 20:11:31.784 30451 30640 D MediaCodec:  }
01-14 20:11:31.799 30451 30513 I MediaCodec: (0xb80142a8) stop
01-14 20:11:31.802 30451 30513 I MediaCodec: (0xb80142a8) release
01-14 20:11:31.809 30451 30515 W AudioTrack: AUDIO_OUTPUT_FLAG_FAST denied by client; transfer 4, track 44100 Hz, output 48000 Hz
01-14 20:11:32.853 30451 30515 W AudioTrack: AUDIO_OUTPUT_FLAG_FAST denied by client; transfer 4, track 44100 Hz, output 48000 Hz
01-14 20:11:34.556 30451 30541 I RobotCore: robot battery read duration: n=10, mean=4.619ms sd=8.522ms
01-14 20:12:15.008 31276 31276 I art     : Late-enabling -Xcheck:jni
01-14 20:12:15.078 31276 31276 I InstantRun: Instant Run Runtime started. Android package is com.qualcomm.ftcrobotcontroller, real application class is org.firstinspires.ftc.robotcore.internal.RobotApplication.
01-14 20:12:15.727 31324 31324 I dex2oat : /system/bin/dex2oat --dex-file=/data/data/com.qualcomm.ftcrobotcontroller/files/instant-run/dex/slice-slice_2-classes.dex --oat-file=/data/user/0/com.qualcomm.ftcrobotcontroller/cache/slice-slice_2-classes.dex
01-14 20:12:16.092 31324 31324 I dex2oat : dex2oat took 365.565ms (threads: 4) arena alloc=290KB java alloc=118KB native alloc=2MB free=94KB
01-14 20:12:16.302 31276 31276 V RCActivity: onCreate()
01-14 20:12:16.305 31276 31339 V RobotCore: saving logcat to /storage/emulated/0/com.qualcomm.ftcrobotcontroller.logcat
01-14 20:12:16.305 31276 31339 V RobotCore: logging command line: logcat -f /storage/emulated/0/com.qualcomm.ftcrobotcontroller.logcat -r4096 -n4 -v threadtime UsbRequestJNI:S UsbRequest:S *:V
01-14 20:12:16.337 31276 31276 I WebViewFactory: Loading com.google.android.webview version 46.0.2490.76 (code 249007600)
01-14 20:12:16.333 31341 31341 W ps      : type=1400 audit(0.0:11567): avc: denied { getattr } for uid=10109 path="/proc/1" dev="proc" ino=212271 scontext=u:r:untrusted_app:s0:c512,c768 tcontext=u:r:init:s0 tclass=dir permissive=0
01-14 20:12:16.333 31341 31341 W ps      : type=1400 audit(0.0:11568): avc: denied { search } for uid=10109 name="1" dev="proc" ino=212271 scontext=u:r:untrusted_app:s0:c512,c768 tcontext=u:r:init:s0 tclass=dir permissive=0
01-14 20:12:16.333 31341 31341 W ps      : type=1400 audit(0.0:11569): avc: denied { search } for uid=10109 name="1" dev="proc" ino=212271 scontext=u:r:untrusted_app:s0:c512,c768 tcontext=u:r:init:s0 tclass=dir permissive=0
01-14 20:12:16.333 31341 31341 W ps      : type=1400 audit(0.0:11570): avc: denied { getattr } for uid=10109 path="/proc/2" dev="proc" ino=214306 scontext=u:r:untrusted_app:s0:c512,c768 tcontext=u:r:kernel:s0 tclass=dir permissive=0
01-14 20:12:16.333 31341 31341 W ps      : type=1400 audit(0.0:11571): avc: denied { search } for uid=10109 name="2" dev="proc" ino=214306 scontext=u:r:untrusted_app:s0:c512,c768 tcontext=u:r:kernel:s0 tclass=dir permissive=0
01-14 20:12:16.333 31341 31341 W ps      : type=1400 audit(0.0:11572): avc: denied { search } for uid=10109 name="2" dev="proc" ino=214306 scontext=u:r:untrusted_app:s0:c512,c768 tcontext=u:r:kernel:s0 tclass=dir permissive=0
01-14 20:12:16.333 31341 31341 W ps      : type=1400 audit(0.0:11573): avc: denied { getattr } for uid=10109 path="/proc/3" dev="proc" ino=214307 scontext=u:r:untrusted_app:s0:c512,c768 tcontext=u:r:kernel:s0 tclass=dir permissive=0
01-14 20:12:16.333 31341 31341 W ps      : type=1400 audit(0.0:11574): avc: denied { search } for uid=10109 name="3" dev="proc" ino=214307 scontext=u:r:untrusted_app:s0:c512,c768 tcontext=u:r:kernel:s0 tclass=dir permissive=0
01-14 20:12:16.333 31341 31341 W ps      : type=1400 audit(0.0:11575): avc: denied { search } for uid=10109 name="3" dev="proc" ino=214307 scontext=u:r:untrusted_app:s0:c512,c768 tcontext=u:r:kernel:s0 tclass=dir permissive=0
01-14 20:12:16.333 31341 31341 W ps      : type=1400 audit(0.0:11576): avc: denied { getattr } for uid=10109 path="/proc/5" dev="proc" ino=214308 scontext=u:r:untrusted_app:s0:c512,c768 tcontext=u:r:kernel:s0 tclass=dir permissive=0
01-14 20:12:16.333 31341 31341 W ps      : type=1400 audit(0.0:11577): avc: denied { search } for uid=10109 name="5" dev="proc" ino=214308 scontext=u:r:untrusted_app:s0:c512,c768 tcontext=u:r:kernel:s0 tclass=dir permissive=0
01-14 20:12:16.333 31341 31341 W ps      : type=1400 audit(0.0:11578): avc: denied { search } for uid=10109 name="5" dev="proc" ino=214308 scontext=u:r:untrusted_app:s0:c512,c768 tcontext=u:r:kernel:s0 tclass=dir permissive=0
01-14 20:12:16.333 31341 31341 W ps      : type=1400 audit(0.0:11579): avc: denied { getattr } for uid=10109 path="/proc/6" dev="proc" ino=214309 scontext=u:r:untrusted_app:s0:c512,c768 tcontext=u:r:kernel:s0 tclass=dir permissive=0
01-14 20:12:16.333 31341 31341 W ps      : type=1400 audit(0.0:11580): avc: denied { search } for uid=10109 name="6" dev="proc" ino=214309 scontext=u:r:untrusted_app:s0:c512,c768 tcontext=u:r:kernel:s0 tclass=dir permissive=0
01-14 20:12:16.333 31341 31341 W ps      : type=1400 audit(0.0:11581): avc: denied { search } for uid=10109 name="6" dev="proc" ino=214309 scontext=u:r:untrusted_app:s0:c512,c768 tcontext=u:r:kernel:s0 tclass=dir permissive=0
01-14 20:12:16.333 31341 31341 W ps      : type=1400 audit(0.0:11582): avc: denied { getattr } for uid=10109 path="/proc/7" dev="proc" ino=214310 scontext=u:r:untrusted_app:s0:c512,c768 tcontext=u:r:kernel:s0 tclass=dir permissive=0
01-14 20:12:16.333 31341 31341 W ps      : type=1400 audit(0.0:11583): avc: denied { search } for uid=10109 name="7" dev="proc" ino=214310 scontext=u:r:untrusted_app:s0:c512,c768 tcontext=u:r:kernel:s0 tclass=dir permissive=0
01-14 20:12:16.333 31341 31341 W ps      : type=1400 audit(0.0:11584): avc: denied { search } for uid=10109 name="7" dev="proc" ino=214310 scontext=u:r:untrusted_app:s0:c512,c768 tcontext=u:r:kernel:s0 tclass=dir permissive=0
01-14 20:12:16.333 31341 31341 W ps      : type=1400 audit(0.0:11585): avc: denied { getattr } for uid=10109 path="/proc/8" dev="proc" ino=214311 scontext=u:r:untrusted_app:s0:c512,c768 tcontext=u:r:kernel:s0 tclass=dir permissive=0
01-14 20:12:16.333 31341 31341 W ps      : type=1400 audit(0.0:11586): avc: denied { search } for uid=10109 name="8" dev="proc" ino=214311 scontext=u:r:untrusted_app:s0:c512,c768 tcontext=u:r:kernel:s0 tclass=dir permissive=0
01-14 20:12:16.366 31276 31276 W System  : ClassLoader referenced unknown path: /system/app/WebViewGoogle/lib/arm
01-14 20:12:16.380 31276 31276 I cr.library_loader: Time to load native libraries: 9 ms (timestamps 4542-4551)
01-14 20:12:16.380 31276 31276 I cr.library_loader: Expected native library version number "46.0.2490.76", actual native library version number "46.0.2490.76"
01-14 20:12:16.393 31276 31276 V WebViewChromiumFactoryProvider: Binding Chromium to main looper Looper (main, tid 1) {917b2}
01-14 20:12:16.394 31276 31276 I cr.library_loader: Expected native library version number "46.0.2490.76", actual native library version number "46.0.2490.76"
01-14 20:12:16.394 31276 31276 I chromium: [INFO:library_loader_hooks.cc(118)] Chromium logging enabled: level = 0, default verbosity = 0
01-14 20:12:16.401 31276 31276 I cr.BrowserStartup: Initializing chromium process, singleProcess=true
01-14 20:12:16.406 31276 31276 E SysUtils: ApplicationContext is null in ApplicationStatus
01-14 20:12:16.429 31276 31276 I Adreno-EGL: <qeglDrvAPI_eglInitialize:379>: EGL 1.4 QUALCOMM build:  (Ifd751822f5)
01-14 20:12:16.429 31276 31276 I Adreno-EGL: OpenGL ES Shader Compiler Version: XE031.06.00.05
01-14 20:12:16.429 31276 31276 I Adreno-EGL: Build Date: 01/26/16 Tue
01-14 20:12:16.429 31276 31276 I Adreno-EGL: Local Branch: AU12_SBA
01-14 20:12:16.429 31276 31276 I Adreno-EGL: Remote Branch: 
01-14 20:12:16.429 31276 31276 I Adreno-EGL: Local Patches: 
01-14 20:12:16.429 31276 31276 I Adreno-EGL: Reconstruct Branch: 
01-14 20:12:16.460 31276 31276 E chromium: [ERROR:browser_gpu_channel_host_factory.cc(258)] Failed to init browser shader disk cache.
01-14 20:12:16.478 31276 31276 E libEGL  : validate_display:255 error 3008 (EGL_BAD_DISPLAY)
01-14 20:12:16.519 31276 31276 W art     : Attempt to remove non-JNI local reference, dumping thread
01-14 20:12:16.529 31276 31276 W AwContents: onDetachedFromWindow called when already detached. Ignoring
01-14 20:12:18.060 31276 31276 V RobotCore: Network: inactive, disconnected
01-14 20:12:18.070 31276 31276 V RCActivity: onStart()
01-14 20:12:18.073 31276 31276 V RCActivity: onResume()
01-14 20:12:18.088 31276 31393 D OpenGLRenderer: Use EGL_SWAP_BEHAVIOR_PRESERVED: true
01-14 20:12:18.121 31276 31276 V FTCService: onCreate()
01-14 20:12:18.121 31276 31276 V FTCService: onBind()
01-14 20:12:18.121 31276 31276 V FTCService: Android device is motorola, MotoG3
01-14 20:12:18.123 31276 31276 V RobotCore: Starting network of type: WIFIDIRECT
01-14 20:12:18.126 31276 31276 V WifiDirect: There are 1 Wifi Direct Assistant Clients (+)
01-14 20:12:18.126 31276 31276 V WifiDirect: Enabling Wifi Direct Assistant
01-14 20:12:18.167 31276 31393 I OpenGLRenderer: Initialized EGL, version 1.4
01-14 20:12:18.180 31276 31276 D WifiDirect: broadcast: state - enabled: true
01-14 20:12:18.183 31276 31276 D WifiDirect: broadcast: connection changed: connectStatus=NOT_CONNECTED networkInfo.state=CONNECTED
01-14 20:12:18.183 31276 31276 V WifiDirect: NetworkInfo: [type: WIFI_P2P[], state: CONNECTED/CONNECTED, reason: (unspecified), extra: (none), roaming: false, failover: false, isAvailable: true]
01-14 20:12:18.184 31276 31276 V WifiDirect: WifiP2pInfo: groupFormed: true isGroupOwner: true operatingChannel: 2447 groupOwnerAddress: /192.168.49.1 mccMode: false
01-14 20:12:18.184 31276 31276 V WifiDirect: WifiP2pGroup: network: DIRECT-u3-9899-E-RC, isGO: true, Operating Channel: 2447, GO: Device: , deviceAddress: 24:da:9b:6a:a2:ba, primary type: null, secondary type: null, wps: 0, grpcapab: 0, devcapab: 0, status: 4, wfdInfo: WFD enabled: falseWFD DeviceInfo: 0, WFD CtrlPort: 0, WFD MaxThroughput: 0, level: 0, Client: Device: 9899-E-DS, deviceAddress: a4:70:d6:d3:3d:55, primary type: 10-0050F204-5, secondary type: null, wps: 392, grpcapab: 0, devcapab: 37, status: 0, wfdInfo: null, level: 60, interface: p2p0, networkId: 1, mGoOperFreq: 2447
01-14 20:12:18.186 31276 31276 D WifiDirect: broadcast: this device changed
01-14 20:12:18.186 31276 31276 V WifiDirect: device information: 9899-E-RC 24:da:9b:6a:a2:ba
01-14 20:12:18.187 31276 31276 D WifiDirect: cannot create group, does group already exist?
01-14 20:12:18.187 31276 31276 V FTCService: RCActivity.controllerService=bound
01-14 20:12:18.187 31276 31276 V RobotCore: Network: unknown, disconnected
01-14 20:12:18.188 31276 31276 V RobotCore: Robot Status: stopped
01-14 20:12:18.205 31276 31276 D OpmodeRegistration: registered {DefaultOpMode} as {$Stop$Robot$}
01-14 20:12:18.205 31276 31276 V FTCService: Processing robot setup
01-14 20:12:18.209 31276 31397 V RobotCore: thread: 'RobotSetupRunnable.run()' starting...
01-14 20:12:18.209 31276 31397 V RobotCore: Robot Status: stopped, scanning for USB devices
01-14 20:12:18.300 31276 31276 D WifiDirect: group owners address: /192.168.49.1
01-14 20:12:18.300 31276 31276 D WifiDirect: group formed, this device is the group owner (GO)
01-14 20:12:18.300 31276 31276 I FTCService: Wifi Direct - connected as group owner
01-14 20:12:18.301 31276 31276 D WifiDirect: stop discovering peers
01-14 20:12:18.306 31276 31276 V RobotCore: Network: enabled, disconnected
01-14 20:12:18.334 31276 31276 V WifiDirect: connection information available
01-14 20:12:18.334 31276 31276 V WifiDirect: connection information - groupOwnerName = 9899-E-RC
01-14 20:12:18.334 31276 31276 V WifiDirect: connection information - groupOwnerMacAddress = 24:da:9b:6a:a2:ba
01-14 20:12:18.334 31276 31276 V WifiDirect: connection information - groupInterface = p2p0
01-14 20:12:18.334 31276 31276 V WifiDirect: connection information - groupNetworkName = DIRECT-u3-9899-E-RC
01-14 20:12:18.334 31276 31276 I FTCService: Network Connection Passphrase: ZY55bu2t
01-14 20:12:18.335 31276 31276 V RobotCore: Network: active, disconnected
01-14 20:12:23.210 31276 31276 I RobotCore: Battery Checker, Level Remaining: 73.0
01-14 20:12:23.212 31276 31276 I RobotCore: Battery Checker, Level Remaining: 73.0
01-14 20:12:23.212 31276 31397 V RobotCore: EventLoopManager state is NOT_STARTED
01-14 20:12:23.213 31276 31397 V RobotCore: Robot Status: stopped, waiting on network
01-14 20:12:23.215 31276 31397 V RobotCore: Robot Status: stopped, starting robot
01-14 20:12:23.215 31276 31397 V Robocol : EventLoopManager.start()
01-14 20:12:23.215 31276 31397 V RobotCore: Starting network of type: WIFIDIRECT
01-14 20:12:23.215 31276 31397 V Robocol : Spoofing a Network Connection event...
01-14 20:12:23.216 31276 31397 V RobotCore: executive service EventLoop is terminated
01-14 20:12:23.216 31276 31397 V RobotCore: EventLoopManager state is STOPPED
01-14 20:12:23.217 31276 31397 V Robocol : eventLoop=FtcEventLoop
01-14 20:12:23.217 31276 31397 V RobotCore: EventLoopManager state is INIT
01-14 20:12:23.217 31276 31476 V RobotCore: thread: 'SetupRunnable.run()' starting...
01-14 20:12:23.217 31276 31397 V RobotCore: Robot Status: initializing, starting robot
01-14 20:12:23.218 31276 31397 I FIRST   : ======= INIT START =======
01-14 20:12:23.224 31276 31397 D OpmodeRegistration: registered {ShooterControl} as {ShooterControl}
01-14 20:12:23.225 31276 31397 D OpmodeRegistration: registered {ShooterData} as {ShooterData}
01-14 20:12:23.225 31276 31397 D OpmodeRegistration: registered {TestOpMode} as {Test}
01-14 20:12:23.226 31276 31397 D OpmodeRegistration: registered {BlueAuto} as {BlueAuto}
01-14 20:12:23.226 31276 31397 D OpmodeRegistration: registered {FinalTeleOp} as {FinalTeleOp}
01-14 20:12:23.227 31276 31397 D OpmodeRegistration: registered {RedAuto} as {RedAuto}
01-14 20:12:23.238 31276 31397 V D2xx::  : Start constructor
01-14 20:12:23.242 31276 31397 V D2xx::  : End constructor
01-14 20:12:23.245 31276 31397 V RobotCore: Creating Modern Robotics USB Servo Controller [AL00VSDY]
01-14 20:12:23.252 31276 31476 D Robocol : RobocolDatagramSocket listening addr=/192.168.49.1:20884 cbRec=65520 cbSend=163840 msRecTO=300
01-14 20:12:23.253 31276 31476 V Robocol : RecvLoopRunnable created
01-14 20:12:23.254 31276 31397 D RobotCore: arming modern servo controller Modern Robotics USB Servo Controller [AL00VSDY]...
01-14 20:12:23.255 31276 31476 V PeerDiscovery: Starting peer discovery
01-14 20:12:23.255 31276 31478 V RobotCore: thread: 'RecvLoopRunnable.run()' starting...
01-14 20:12:23.256 31276 31476 V RobotCore: Setup complete
01-14 20:12:23.256 31276 31476 V RobotCore: thread: ...terminating 'SetupRunnable.run()'
01-14 20:12:23.256 31276 31397 W System.err: unable to find USB device with serial number AL00VSDY
01-14 20:12:23.257 31276 31397 D RobotCore: arming modern servo controller Modern Robotics USB Servo Controller [AL00VSDY] (pretend)...
01-14 20:12:23.260 31276 31397 V RobotCore: Starting up pretend device AL00VSDY
01-14 20:12:23.265 31276 31480 V RobotCore: thread: 'r/w loop: Modern Robotics USB Servo Controller [AL00VSDY]' starting...
01-14 20:12:23.265 31276 31397 D RobotCore: ...arming modern servo controller Modern Robotics USB Servo Controller [AL00VSDY] complete
01-14 20:12:23.266 31276 31397 V RobotCore: Creating Modern Robotics USB Core Device Interface Module [AL00VFK6]
01-14 20:12:23.272 31276 31397 W System.err: unable to find USB device with serial number AL00VFK6
01-14 20:12:23.272 31276 31397 V RobotCore: Starting up pretend device AL00VFK6
01-14 20:12:23.274 31276 31483 V RobotCore: thread: 'r/w loop: Modern Robotics USB Core Device Interface Module [AL00VFK6]' starting...
01-14 20:12:23.275 31276 31397 V RobotCore: Creating I2C Device - Port: 2
01-14 20:12:23.275 31276 31397 V RobotCore: Creating Modern Robotics I2C Gyro Sensor - Port: 3
01-14 20:12:23.278 31276 31397 V RobotCore: Creating I2C Device - Port: 4
01-14 20:12:23.278 31276 31397 V RobotCore: Creating Modern Robotics Analog Optical Distance Sensor - Port: 7
01-14 20:12:23.279 31276 31397 V RobotCore: Creating Modern Robotics USB DC Motor Controller [A104OQ1P]
01-14 20:12:23.285 31276 31397 D RobotCore: arming modern motor controller Modern Robotics USB DC Motor Controller [A104OQ1P]...
01-14 20:12:23.285 31276 31397 W System.err: unable to find USB device with serial number A104OQ1P
01-14 20:12:23.285 31276 31397 D RobotCore: arming modern motor controller Modern Robotics USB DC Motor Controller [A104OQ1P] (pretend)...
01-14 20:12:23.286 31276 31397 V RobotCore: Starting up pretend device A104OQ1P
01-14 20:12:23.287 31276 31486 V RobotCore: thread: 'r/w loop: Modern Robotics USB DC Motor Controller [A104OQ1P]' starting...
01-14 20:12:23.287 31276 31397 D RobotCore: ...arming modern motor controller Modern Robotics USB DC Motor Controller [A104OQ1P] complete
01-14 20:12:23.288 31276 31397 V RobotCore: Creating Modern Robotics USB DC Motor Controller [AL00VWH0]
01-14 20:12:23.288 31276 31397 D RobotCore: arming modern motor controller Modern Robotics USB DC Motor Controller [AL00VWH0]...
01-14 20:12:23.288 31276 31397 W System.err: unable to find USB device with serial number AL00VWH0
01-14 20:12:23.289 31276 31397 D RobotCore: arming modern motor controller Modern Robotics USB DC Motor Controller [AL00VWH0] (pretend)...
01-14 20:12:23.289 31276 31397 V RobotCore: Starting up pretend device AL00VWH0
01-14 20:12:23.290 31276 31487 V RobotCore: thread: 'r/w loop: Modern Robotics USB DC Motor Controller [AL00VWH0]' starting...
01-14 20:12:23.290 31276 31397 D RobotCore: ...arming modern motor controller Modern Robotics USB DC Motor Controller [AL00VWH0] complete
01-14 20:12:23.291 31276 31397 V RobotCore: Creating Modern Robotics USB DC Motor Controller [AI049QOP]
01-14 20:12:23.291 31276 31397 D RobotCore: arming modern motor controller Modern Robotics USB DC Motor Controller [AI049QOP]...
01-14 20:12:23.291 31276 31397 W System.err: unable to find USB device with serial number AI049QOP
01-14 20:12:23.292 31276 31397 D RobotCore: arming modern motor controller Modern Robotics USB DC Motor Controller [AI049QOP] (pretend)...
01-14 20:12:23.292 31276 31397 V RobotCore: Starting up pretend device AI049QOP
01-14 20:12:23.293 31276 31488 V RobotCore: thread: 'r/w loop: Modern Robotics USB DC Motor Controller [AI049QOP]' starting...
01-14 20:12:23.293 31276 31397 D RobotCore: ...arming modern motor controller Modern Robotics USB DC Motor Controller [AI049QOP] complete
01-14 20:12:23.293 31276 31397 V RobotCore: Creating Modern Robotics USB DC Motor Controller [AL00VBIF]
01-14 20:12:23.294 31276 31397 D RobotCore: arming modern motor controller Modern Robotics USB DC Motor Controller [AL00VBIF]...
01-14 20:12:23.294 31276 31397 W System.err: unable to find USB device with serial number AL00VBIF
01-14 20:12:23.294 31276 31397 D RobotCore: arming modern motor controller Modern Robotics USB DC Motor Controller [AL00VBIF] (pretend)...
01-14 20:12:23.295 31276 31397 V RobotCore: Starting up pretend device AL00VBIF
01-14 20:12:23.296 31276 31489 V RobotCore: thread: 'r/w loop: Modern Robotics USB DC Motor Controller [AL00VBIF]' starting...
01-14 20:12:23.296 31276 31397 D RobotCore: ...arming modern motor controller Modern Robotics USB DC Motor Controller [AL00VBIF] complete
01-14 20:12:23.314 31276 31397 I RobotCore: Analytics has completed initialization.
01-14 20:12:23.314 31276 31397 I RobotCore: ========= Device Information ===================================================
01-14 20:12:23.314 31276 31397 I RobotCore: Type                                               Name                           Connection
01-14 20:12:23.315 31276 31397 I RobotCore: I2cDevice                                          colorBack                      USB AL00VFK6; port 4
01-14 20:12:23.315 31276 31397 I RobotCore: Modern Robotics USB DC Motor Controller            Shooter                        USB AI049QOP
01-14 20:12:23.315 31276 31397 I RobotCore: DC Motor                                           rightFront                     USB AL00VWH0; port 1
01-14 20:12:23.316 31276 31397 I RobotCore: Modern Robotics USB DC Motor Controller            Front Motors                   USB AL00VWH0
01-14 20:12:23.316 31276 31397 I RobotCore: Modern Robotics USB DC Motor Controller            Back Motors                    USB A104OQ1P
01-14 20:12:23.316 31276 31397 I RobotCore: DC Motor                                           leftBack                       USB A104OQ1P; port 2
01-14 20:12:23.316 31276 31397 I RobotCore: Servo                                              upDown                         USB AL00VSDY; port 1
