--------- beginning of crash
01-14 14:47:27.558 20149 20149 E AndroidRuntime: FATAL EXCEPTION: main
01-14 14:47:27.558 20149 20149 E AndroidRuntime: Process: com.qualcomm.ftcrobotcontroller, PID: 20149
01-14 14:47:27.558 20149 20149 E AndroidRuntime: java.lang.RuntimeException: Unable to stop activity {com.qualcomm.ftcrobotcontroller/org.firstinspires.ftc.robotcontroller.internal.FtcRobotControllerActivity}: java.lang.NullPointerException: Attempt to invoke virtual method 'void com.qualcomm.ftccommon.FtcRobotControllerService.shutdownRobot()' on a null object reference
01-14 14:47:27.558 20149 20149 E AndroidRuntime: 	at android.app.ActivityThread.handleSleeping(ActivityThread.java:3645)
01-14 14:47:27.558 20149 20149 E AndroidRuntime: 	at android.app.ActivityThread.-wrap19(ActivityThread.java)
01-14 14:47:27.558 20149 20149 E AndroidRuntime: 	at android.app.ActivityThread$H.handleMessage(ActivityThread.java:1529)
01-14 14:47:27.558 20149 20149 E AndroidRuntime: 	at android.os.Handler.dispatchMessage(Handler.java:102)
01-14 14:47:27.558 20149 20149 E AndroidRuntime: 	at android.os.Looper.loop(Looper.java:148)
01-14 14:47:27.558 20149 20149 E AndroidRuntime: 	at android.app.ActivityThread.main(ActivityThread.java:5456)
01-14 14:47:27.558 20149 20149 E AndroidRuntime: 	at java.lang.reflect.Method.invoke(Native Method)
01-14 14:47:27.558 20149 20149 E AndroidRuntime: 	at com.android.internal.os.ZygoteInit$MethodAndArgsCaller.run(ZygoteInit.java:728)
01-14 14:47:27.558 20149 20149 E AndroidRuntime: 	at com.android.internal.os.ZygoteInit.main(ZygoteInit.java:618)
01-14 14:47:27.558 20149 20149 E AndroidRuntime: Caused by: java.lang.NullPointerException: Attempt to invoke virtual method 'void com.qualcomm.ftccommon.FtcRobotControllerService.shutdownRobot()' on a null object reference
01-14 14:47:27.558 20149 20149 E AndroidRuntime: 	at org.firstinspires.ftc.robotcontroller.internal.FtcRobotControllerActivity.onStop(FtcRobotControllerActivity.java:319)
01-14 14:47:27.558 20149 20149 E AndroidRuntime: 	at android.app.Instrumentation.callActivityOnStop(Instrumentation.java:1301)
01-14 14:47:27.558 20149 20149 E AndroidRuntime: 	at android.app.Activity.performStop(Activity.java:6403)
01-14 14:47:27.558 20149 20149 E AndroidRuntime: 	at android.app.ActivityThread.handleSleeping(ActivityThread.java:3642)
01-14 14:47:27.558 20149 20149 E AndroidRuntime: 	... 8 more
--------- beginning of system
01-14 14:55:21.264 20564 20564 E ActivityThread: Activity org.firstinspires.ftc.robotcontroller.internal.FtcRobotControllerActivity has leaked IntentReceiver com.qualcomm.analytics.Analytics@ed9e809 that was originally registered here. Are you missing a call to unregisterReceiver()?
01-14 14:55:21.264 20564 20564 E ActivityThread: android.app.IntentReceiverLeaked: Activity org.firstinspires.ftc.robotcontroller.internal.FtcRobotControllerActivity has leaked IntentReceiver com.qualcomm.analytics.Analytics@ed9e809 that was originally registered here. Are you missing a call to unregisterReceiver()?
01-14 14:55:21.264 20564 20564 E ActivityThread: 	at android.app.LoadedApk$ReceiverDispatcher.<init>(LoadedApk.java:918)
01-14 14:55:21.264 20564 20564 E ActivityThread: 	at android.app.LoadedApk.getReceiverDispatcher(LoadedApk.java:719)
01-14 14:55:21.264 20564 20564 E ActivityThread: 	at android.app.ContextImpl.registerReceiverInternal(ContextImpl.java:1172)
01-14 14:55:21.264 20564 20564 E ActivityThread: 	at android.app.ContextImpl.registerReceiver(ContextImpl.java:1152)
01-14 14:55:21.264 20564 20564 E ActivityThread: 	at android.app.ContextImpl.registerReceiver(ContextImpl.java:1146)
01-14 14:55:21.264 20564 20564 E ActivityThread: 	at android.content.ContextWrapper.registerReceiver(ContextWrapper.java:554)
01-14 14:55:21.264 20564 20564 E ActivityThread: 	at com.qualcomm.analytics.Analytics.register(SourceFile:209)
01-14 14:55:21.264 20564 20564 E ActivityThread: 	at com.qualcomm.analytics.Analytics.<init>(SourceFile:235)
01-14 14:55:21.264 20564 20564 E ActivityThread: 	at com.qualcomm.modernrobotics.ModernRoboticsUsbUtil.init(SourceFile:85)
01-14 14:55:21.264 20564 20564 E ActivityThread: 	at com.qualcomm.ftccommon.FtcEventLoop.init(FtcEventLoop.java:191)
01-14 14:55:21.264 20564 20564 E ActivityThread: 	at com.qualcomm.robotcore.eventloop.EventLoopManager.startEventLoop(EventLoopManager.java:571)
01-14 14:55:21.264 20564 20564 E ActivityThread: 	at com.qualcomm.robotcore.eventloop.EventLoopManager.setEventLoop(EventLoopManager.java:545)
01-14 14:55:21.264 20564 20564 E ActivityThread: 	at com.qualcomm.robotcore.eventloop.EventLoopManager.start(EventLoopManager.java:489)
01-14 14:55:21.264 20564 20564 E ActivityThread: 	at com.qualcomm.robotcore.robot.Robot.start(Robot.java:59)
01-14 14:55:21.264 20564 20564 E ActivityThread: 	at com.qualcomm.ftccommon.FtcRobotControllerService$RobotSetupRunnable$1.run(FtcRobotControllerService.java:186)
01-14 14:55:21.264 20564 20564 E ActivityThread: 	at com.qualcomm.robotcore.util.ThreadPool.logThreadLifeCycle(ThreadPool.java:513)
01-14 14:55:21.264 20564 20564 E ActivityThread: 	at com.qualcomm.ftccommon.FtcRobotControllerService$RobotSetupRunnable.run(FtcRobotControllerService.java:128)
01-14 14:55:21.264 20564 20564 E ActivityThread: 	at java.util.concurrent.ThreadPoolExecutor.runWorker(ThreadPoolExecutor.java:1113)
01-14 14:55:21.264 20564 20564 E ActivityThread: 	at java.util.concurrent.ThreadPoolExecutor$Worker.run(ThreadPoolExecutor.java:588)
01-14 14:55:21.264 20564 20564 E ActivityThread: 	at java.lang.Thread.run(Thread.java:818)
01-14 14:55:21.302 20564 20564 E ActivityThread: Service com.qualcomm.ftccommon.FtcRobotControllerService has leaked IntentReceiver com.qualcomm.robotcore.wifi.WifiDirectAssistant$WifiP2pBroadcastReceiver@eb51283 that was originally registered here. Are you missing a call to unregisterReceiver()?
01-14 14:55:21.302 20564 20564 E ActivityThread: android.app.IntentReceiverLeaked: Service com.qualcomm.ftccommon.FtcRobotControllerService has leaked IntentReceiver com.qualcomm.robotcore.wifi.WifiDirectAssistant$WifiP2pBroadcastReceiver@eb51283 that was originally registered here. Are you missing a call to unregisterReceiver()?
01-14 14:55:21.302 20564 20564 E ActivityThread: 	at android.app.LoadedApk$ReceiverDispatcher.<init>(LoadedApk.java:918)
01-14 14:55:21.302 20564 20564 E ActivityThread: 	at android.app.LoadedApk.getReceiverDispatcher(LoadedApk.java:719)
01-14 14:55:21.302 20564 20564 E ActivityThread: 	at android.app.ContextImpl.registerReceiverInternal(ContextImpl.java:1172)
01-14 14:55:21.302 20564 20564 E ActivityThread: 	at android.app.ContextImpl.registerReceiver(ContextImpl.java:1152)
01-14 14:55:21.302 20564 20564 E ActivityThread: 	at android.app.ContextImpl.registerReceiver(ContextImpl.java:1146)
01-14 14:55:21.302 20564 20564 E ActivityThread: 	at com.qualcomm.robotcore.wifi.WifiDirectAssistant.enable(WifiDirectAssistant.java:284)
01-14 14:55:21.302 20564 20564 E ActivityThread: 	at com.qualcomm.ftccommon.FtcRobotControllerService.onBind(FtcRobotControllerService.java:234)
01-14 14:55:21.302 20564 20564 E ActivityThread: 	at android.app.ActivityThread.handleBindService(ActivityThread.java:2922)
01-14 14:55:21.302 20564 20564 E ActivityThread: 	at android.app.ActivityThread.-wrap2(ActivityThread.java)
01-14 14:55:21.302 20564 20564 E ActivityThread: 	at android.app.ActivityThread$H.handleMessage(ActivityThread.java:1442)
01-14 14:55:21.302 20564 20564 E ActivityThread: 	at android.os.Handler.dispatchMessage(Handler.java:102)
01-14 14:55:21.302 20564 20564 E ActivityThread: 	at android.os.Looper.loop(Looper.java:148)
01-14 14:55:21.302 20564 20564 E ActivityThread: 	at android.app.ActivityThread.main(ActivityThread.java:5456)
01-14 14:55:21.302 20564 20564 E ActivityThread: 	at java.lang.reflect.Method.invoke(Native Method)
01-14 14:55:21.302 20564 20564 E ActivityThread: 	at com.android.internal.os.ZygoteInit$MethodAndArgsCaller.run(ZygoteInit.java:728)
01-14 14:55:21.302 20564 20564 E ActivityThread: 	at com.android.internal.os.ZygoteInit.main(ZygoteInit.java:618)
01-14 20:04:02.338 29665 29665 E AndroidRuntime: FATAL EXCEPTION: main
01-14 20:04:02.338 29665 29665 E AndroidRuntime: Process: com.qualcomm.ftcrobotcontroller, PID: 29665
01-14 20:04:02.338 29665 29665 E AndroidRuntime: java.lang.RuntimeException: Unable to stop activity {com.qualcomm.ftcrobotcontroller/org.firstinspires.ftc.robotcontroller.internal.FtcRobotControllerActivity}: java.lang.NullPointerException: Attempt to invoke virtual method 'void com.qualcomm.ftccommon.FtcRobotControllerService.shutdownRobot()' on a null object reference
01-14 20:04:02.338 29665 29665 E AndroidRuntime: 	at android.app.ActivityThread.handleSleeping(ActivityThread.java:3645)
01-14 20:04:02.338 29665 29665 E AndroidRuntime: 	at android.app.ActivityThread.-wrap19(ActivityThread.java)
01-14 20:04:02.338 29665 29665 E AndroidRuntime: 	at android.app.ActivityThread$H.handleMessage(ActivityThread.java:1529)
01-14 20:04:02.338 29665 29665 E AndroidRuntime: 	at android.os.Handler.dispatchMessage(Handler.java:102)
01-14 20:04:02.338 29665 29665 E AndroidRuntime: 	at android.os.Looper.loop(Looper.java:148)
01-14 20:04:02.338 29665 29665 E AndroidRuntime: 	at android.app.ActivityThread.main(ActivityThread.java:5456)
01-14 20:04:02.338 29665 29665 E AndroidRuntime: 	at java.lang.reflect.Method.invoke(Native Method)
01-14 20:04:02.338 29665 29665 E AndroidRuntime: 	at com.android.internal.os.ZygoteInit$MethodAndArgsCaller.run(ZygoteInit.java:728)
01-14 20:04:02.338 29665 29665 E AndroidRuntime: 	at com.android.internal.os.ZygoteInit.main(ZygoteInit.java:618)
01-14 20:04:02.338 29665 29665 E AndroidRuntime: Caused by: java.lang.NullPointerException: Attempt to invoke virtual method 'void com.qualcomm.ftccommon.FtcRobotControllerService.shutdownRobot()' on a null object reference
01-14 20:04:02.338 29665 29665 E AndroidRuntime: 	at org.firstinspires.ftc.robotcontroller.internal.FtcRobotControllerActivity.onStop(FtcRobotControllerActivity.java:319)
01-14 20:04:02.338 29665 29665 E AndroidRuntime: 	at android.app.Instrumentation.callActivityOnStop(Instrumentation.java:1301)
01-14 20:04:02.338 29665 29665 E AndroidRuntime: 	at android.app.Activity.performStop(Activity.java:6403)
01-14 20:04:02.338 29665 29665 E AndroidRuntime: 	at android.app.ActivityThread.handleSleeping(ActivityThread.java:3642)
01-14 20:04:02.338 29665 29665 E AndroidRuntime: 	... 8 more
--------- beginning of main
01-14 20:13:37.979 32180 32180 I chatty  : uid=10109(com.qualcomm.ftcrobotcontroller) expire 81 lines
01-14 20:13:38.423 32180 32194 I chatty  : uid=10109(com.qualcomm.ftcrobotcontroller) expire 2 lines
01-14 20:13:38.453 32196 32196 I chatty  : uid=10109(com.qualcomm.ftcrobotcontroller) ps expire 20 lines
01-14 20:13:40.217 32180 32225 I chatty  : uid=10109(com.qualcomm.ftcrobotcontroller) expire 2 lines
01-14 20:13:40.347 32180 32229 I chatty  : uid=10109(com.qualcomm.ftcrobotcontroller) expire 145 lines
01-14 20:13:45.359 32180 32233 I chatty  : uid=10109(com.qualcomm.ftcrobotcontroller) expire 6 lines
01-14 20:13:45.399 32180 32235 I chatty  : uid=10109(com.qualcomm.ftcrobotcontroller) expire 22 lines
01-14 20:13:45.896 32180 32245 I chatty  : uid=10109(com.qualcomm.ftcrobotcontroller) expire 16 lines
01-14 20:13:45.924 32180 32243 I chatty  : uid=10109(com.qualcomm.ftcrobotcontroller) expire 6 lines
01-14 20:13:45.935 32180 32239 I chatty  : uid=10109(com.qualcomm.ftcrobotcontroller) expire 10 lines
01-14 20:13:45.960 32180 32241 I chatty  : uid=10109(com.qualcomm.ftcrobotcontroller) expire 14 lines
01-14 20:13:45.964 32180 32250 I chatty  : uid=10109(com.qualcomm.ftcrobotcontroller) expire 9 lines
01-14 20:13:46.330 32180 32254 I chatty  : uid=10109(com.qualcomm.ftcrobotcontroller) expire 4 lines
01-14 20:13:46.785 32180 32257 I chatty  : uid=10109(com.qualcomm.ftcrobotcontroller) expire 1 line
01-14 20:13:47.259 32180 32260 I chatty  : uid=10109(com.qualcomm.ftcrobotcontroller) expire 1 line
01-14 20:13:47.747 32180 32263 I chatty  : uid=10109(com.qualcomm.ftcrobotcontroller) expire 1 line
01-14 20:13:48.258 32180 32268 I chatty  : uid=10109(com.qualcomm.ftcrobotcontroller) expire 1 line
01-14 20:13:48.371 32180 32269 I chatty  : uid=10109(com.qualcomm.ftcrobotcontroller) expire 11 lines
01-14 20:13:48.385 32180 32180 I chatty  : uid=10109(com.qualcomm.ftcrobotcontroller) expire 4 lines
01-14 20:13:48.403 32180 32273 I chatty  : uid=10109(com.qualcomm.ftcrobotcontroller) expire 9 lines
01-14 20:13:57.031 32180 32280 I chatty  : uid=10109(com.qualcomm.ftcrobotcontroller) expire 2104 lines
01-14 20:14:08.559 32180 32235 I chatty  : uid=10109(com.qualcomm.ftcrobotcontroller) expire 4 lines
01-14 20:14:30.327 32180 32238 I chatty  : uid=10109(com.qualcomm.ftcrobotcontroller) expire 8 lines
01-14 20:14:30.330 32180 32237 I chatty  : uid=10109(com.qualcomm.ftcrobotcontroller) expire 5 lines
01-14 20:14:30.397 32180 32241 I chatty  : uid=10109(com.qualcomm.ftcrobotcontroller) expire 7 lines
01-14 20:14:30.399 32180 32291 I chatty  : uid=10109(com.qualcomm.ftcrobotcontroller) expire 9 lines
01-14 20:14:30.450 32180 32260 I chatty  : uid=10109(com.qualcomm.ftcrobotcontroller) expire 3 lines
01-14 20:14:30.469 32180 32268 I chatty  : uid=10109(com.qualcomm.ftcrobotcontroller) expire 3 lines
01-14 20:14:30.487 32180 32263 I chatty  : uid=10109(com.qualcomm.ftcrobotcontroller) expire 3 lines
01-14 20:14:30.517 32180 32257 I chatty  : uid=10109(com.qualcomm.ftcrobotcontroller) expire 3 lines
01-14 20:14:30.746 32180 32254 I chatty  : uid=10109(com.qualcomm.ftcrobotcontroller) expire 3 lines
01-14 20:14:30.845 32180 32260 I chatty  : uid=10109(com.qualcomm.ftcrobotcontroller) expire 3 lines
01-14 20:14:30.905 32180 32268 I chatty  : uid=10109(com.qualcomm.ftcrobotcontroller) expire 3 lines
01-14 20:14:30.945 32180 32263 I chatty  : uid=10109(com.qualcomm.ftcrobotcontroller) expire 2 lines
01-14 20:14:30.945 32180 32257 I chatty  : uid=10109(com.qualcomm.ftcrobotcontroller) expire 3 lines
01-14 20:14:30.945 32180 32263 I chatty  : uid=10109(com.qualcomm.ftcrobotcontroller) expire 1 line
01-14 20:14:31.147 32180 32254 W RobotCore: Modern Robotics USB header sync bytes are incorrect
01-14 20:14:31.147 32180 32254 W RobotCore: [55 aa 80 03 15] -> [00 00 00 00 00]
01-14 20:14:31.147 32180 32254 W RobotCore: could not read Modern Robotics USB Core Device Interface Module [AL00VFK6]: comm timeout
01-14 20:14:31.234 32180 32260 W RobotCore: Modern Robotics USB header sync bytes are incorrect
01-14 20:14:31.235 32180 32260 W RobotCore: [55 aa 80 40 1e] -> [00 00 00 00 00]
01-14 20:14:31.235 32180 32260 W RobotCore: could not read Modern Robotics USB DC Motor Controller [AL00VWH0]: comm timeout
01-14 20:14:31.324 32180 32268 W RobotCore: Modern Robotics USB header sync bytes are incorrect
01-14 20:14:31.324 32180 32268 W RobotCore: [55 aa 80 40 1e] -> [00 00 00 00 00]
01-14 20:14:31.325 32180 32268 W RobotCore: could not read Modern Robotics USB DC Motor Controller [AL00VBIF]: comm timeout
01-14 20:14:31.335 32180 32257 W RobotCore: Modern Robotics USB header sync bytes are incorrect
01-14 20:14:31.335 32180 32257 W RobotCore: [55 aa 00 40 1e] -> [00 00 00 00 00]
01-14 20:14:31.335 32180 32257 W RobotCore: could not write to Modern Robotics USB DC Motor Controller [A104OQ1P]: comm timeout
01-14 20:14:31.362 32180 32263 W RobotCore: Modern Robotics USB header sync bytes are incorrect
01-14 20:14:31.362 32180 32263 W RobotCore: [55 aa 80 40 1e] -> [00 00 00 00 00]
01-14 20:14:31.362 32180 32263 W RobotCore: could not read Modern Robotics USB DC Motor Controller [AI049QOP]: comm timeout
01-14 20:14:31.533 32180 32254 W RobotCore: Modern Robotics USB header sync bytes are incorrect
01-14 20:14:31.533 32180 32254 W RobotCore: [55 aa 00 90 20] -> [00 00 00 00 00]
01-14 20:14:31.533 32180 32254 W RobotCore: could not write to Modern Robotics USB Core Device Interface Module [AL00VFK6]: comm timeout
01-14 20:14:31.622 32180 32260 W RobotCore: Modern Robotics USB header sync bytes are incorrect
01-14 20:14:31.623 32180 32260 W RobotCore: [55 aa 80 40 1e] -> [00 00 00 00 00]
01-14 20:14:31.623 32180 32260 W RobotCore: could not read Modern Robotics USB DC Motor Controller [AL00VWH0]: comm timeout
01-14 20:14:31.717 32180 32268 W RobotCore: Modern Robotics USB header sync bytes are incorrect
01-14 20:14:31.717 32180 32268 W RobotCore: [55 aa 80 40 1e] -> [00 00 00 00 00]
01-14 20:14:31.718 32180 32268 W RobotCore: could not read Modern Robotics USB DC Motor Controller [AL00VBIF]: comm timeout
01-14 20:14:31.745 32180 32257 W RobotCore: Modern Robotics USB header sync bytes are incorrect
01-14 20:14:31.745 32180 32257 W RobotCore: [55 aa 80 40 1e] -> [00 00 00 00 00]
01-14 20:14:31.745 32180 32257 W RobotCore: could not read Modern Robotics USB DC Motor Controller [A104OQ1P]: comm timeout
01-14 20:14:31.780 32180 32263 W RobotCore: Modern Robotics USB header sync bytes are incorrect
01-14 20:14:31.781 32180 32263 W RobotCore: [55 aa 80 40 1e] -> [00 00 00 00 00]
01-14 20:14:31.781 32180 32263 W RobotCore: could not read Modern Robotics USB DC Motor Controller [AI049QOP]: comm timeout
01-14 20:14:31.924 32180 32254 W RobotCore: Modern Robotics USB header sync bytes are incorrect
01-14 20:14:31.924 32180 32254 W RobotCore: [55 aa 80 03 15] -> [00 00 00 00 00]
01-14 20:14:31.924 32180 32254 W RobotCore: could not read Modern Robotics USB Core Device Interface Module [AL00VFK6]: comm timeout
01-14 20:14:32.013 32180 32260 W RobotCore: Modern Robotics USB header sync bytes are incorrect
01-14 20:14:32.013 32180 32260 W RobotCore: [55 aa 80 40 1e] -> [00 00 00 00 00]
01-14 20:14:32.013 32180 32260 W RobotCore: could not read Modern Robotics USB DC Motor Controller [AL00VWH0]: comm timeout
01-14 20:14:32.106 32180 32268 W RobotCore: Modern Robotics USB header sync bytes are incorrect
01-14 20:14:32.107 32180 32268 W RobotCore: [55 aa 80 40 1e] -> [00 00 00 00 00]
01-14 20:14:32.107 32180 32268 W RobotCore: could not read Modern Robotics USB DC Motor Controller [AL00VBIF]: comm timeout
01-14 20:14:32.143 32180 32257 W RobotCore: Modern Robotics USB header sync bytes are incorrect
01-14 20:14:32.144 32180 32257 W RobotCore: [55 aa 00 40 1e] -> [00 00 00 00 00]
01-14 20:14:32.144 32180 32257 W RobotCore: could not write to Modern Robotics USB DC Motor Controller [A104OQ1P]: comm timeout
01-14 20:14:32.177 32180 32263 W RobotCore: Modern Robotics USB header sync bytes are incorrect
01-14 20:14:32.177 32180 32263 W RobotCore: [55 aa 00 40 1e] -> [00 00 00 00 00]
01-14 20:14:32.177 32180 32263 W RobotCore: could not write to Modern Robotics USB DC Motor Controller [AI049QOP]: comm timeout
01-14 20:14:32.315 32180 32254 W RobotCore: Modern Robotics USB header sync bytes are incorrect
01-14 20:14:32.315 32180 32254 W RobotCore: [55 aa 80 03 15] -> [00 00 00 00 00]
01-14 20:14:32.315 32180 32254 W RobotCore: could not read Modern Robotics USB Core Device Interface Module [AL00VFK6]: comm timeout
01-14 20:14:32.398 32180 32260 W RobotCore: Modern Robotics USB header sync bytes are incorrect
01-14 20:14:32.398 32180 32260 W RobotCore: [55 aa 00 40 1e] -> [00 00 00 00 00]
01-14 20:14:32.398 32180 32260 W RobotCore: could not write to Modern Robotics USB DC Motor Controller [AL00VWH0]: comm timeout
01-14 20:14:32.491 32180 32268 W RobotCore: Modern Robotics USB header sync bytes are incorrect
01-14 20:14:32.492 32180 32268 W RobotCore: [55 aa 80 40 1e] -> [00 00 00 00 00]
01-14 20:14:32.492 32180 32268 W RobotCore: could not read Modern Robotics USB DC Motor Controller [AL00VBIF]: comm timeout
01-14 20:14:32.538 32180 32257 W RobotCore: Modern Robotics USB header sync bytes are incorrect
01-14 20:14:32.539 32180 32257 W RobotCore: [55 aa 80 40 1e] -> [00 00 00 00 00]
01-14 20:14:32.539 32180 32257 W RobotCore: could not read Modern Robotics USB DC Motor Controller [A104OQ1P]: comm timeout
01-14 20:14:32.564 32180 32263 W RobotCore: Modern Robotics USB header sync bytes are incorrect
01-14 20:14:32.564 32180 32263 W RobotCore: [55 aa 80 40 1e] -> [00 00 00 00 00]
01-14 20:14:32.565 32180 32263 W RobotCore: could not read Modern Robotics USB DC Motor Controller [AI049QOP]: comm timeout
01-14 20:14:32.705 32180 32254 W RobotCore: Modern Robotics USB header sync bytes are incorrect
01-14 20:14:32.705 32180 32254 W RobotCore: [55 aa 80 03 15] -> [00 00 00 00 00]
01-14 20:14:32.705 32180 32254 W RobotCore: could not read Modern Robotics USB Core Device Interface Module [AL00VFK6]: comm timeout
01-14 20:14:32.782 32180 32260 W RobotCore: Modern Robotics USB header sync bytes are incorrect
01-14 20:14:32.782 32180 32260 W RobotCore: [55 aa 80 40 1e] -> [00 00 00 00 00]
01-14 20:14:32.783 32180 32260 W RobotCore: could not read Modern Robotics USB DC Motor Controller [AL00VWH0]: comm timeout
01-14 20:14:32.879 32180 32268 W RobotCore: Modern Robotics USB header sync bytes are incorrect
01-14 20:14:32.880 32180 32268 W RobotCore: [55 aa 00 40 1e] -> [00 00 00 00 00]
01-14 20:14:32.880 32180 32268 W RobotCore: could not write to Modern Robotics USB DC Motor Controller [AL00VBIF]: comm timeout
01-14 20:14:32.922 32180 32257 W RobotCore: Modern Robotics USB header sync bytes are incorrect
01-14 20:14:32.923 32180 32257 W RobotCore: [55 aa 00 40 1e] -> [00 00 00 00 00]
01-14 20:14:32.923 32180 32257 W RobotCore: could not write to Modern Robotics USB DC Motor Controller [A104OQ1P]: comm timeout
01-14 20:14:32.958 32180 32263 W RobotCore: Modern Robotics USB header sync bytes are incorrect
01-14 20:14:32.959 32180 32263 W RobotCore: [55 aa 00 40 1e] -> [00 00 00 00 00]
01-14 20:14:32.959 32180 32263 W RobotCore: could not write to Modern Robotics USB DC Motor Controller [AI049QOP]: comm timeout
01-14 20:14:33.105 32180 32254 W RobotCore: Modern Robotics USB header sync bytes are incorrect
01-14 20:14:33.106 32180 32254 W RobotCore: [55 aa 80 03 15] -> [00 00 00 00 00]
01-14 20:14:33.106 32180 32254 W RobotCore: could not read Modern Robotics USB Core Device Interface Module [AL00VFK6]: comm timeout
01-14 20:14:33.171 32180 32260 W RobotCore: Modern Robotics USB header sync bytes are incorrect
01-14 20:14:33.172 32180 32260 W RobotCore: [55 aa 00 40 1e] -> [00 00 00 00 00]
01-14 20:14:33.172 32180 32260 W RobotCore: could not write to Modern Robotics USB DC Motor Controller [AL00VWH0]: comm timeout
01-14 20:14:33.270 32180 32268 W RobotCore: Modern Robotics USB header sync bytes are incorrect
01-14 20:14:33.270 32180 32268 W RobotCore: [55 aa 80 40 1e] -> [00 00 00 00 00]
01-14 20:14:33.270 32180 32268 W RobotCore: could not read Modern Robotics USB DC Motor Controller [AL00VBIF]: comm timeout
01-14 20:14:33.320 32180 32257 W RobotCore: Modern Robotics USB header sync bytes are incorrect
01-14 20:14:33.321 32180 32257 W RobotCore: [55 aa 80 40 1e] -> [00 00 00 00 00]
01-14 20:14:33.321 32180 32257 W RobotCore: could not read Modern Robotics USB DC Motor Controller [A104OQ1P]: comm timeout
01-14 20:14:33.342 32180 32263 W RobotCore: Modern Robotics USB header sync bytes are incorrect
01-14 20:14:33.343 32180 32263 W RobotCore: [55 aa 80 40 1e] -> [00 00 00 00 00]
01-14 20:14:33.343 32180 32263 W RobotCore: could not read Modern Robotics USB DC Motor Controller [AI049QOP]: comm timeout
01-14 20:14:33.506 32180 32254 W RobotCore: Modern Robotics USB header sync bytes are incorrect
01-14 20:14:33.507 32180 32254 W RobotCore: [55 aa 00 90 20] -> [00 00 00 00 00]
01-14 20:14:33.507 32180 32254 W RobotCore: could not write to Modern Robotics USB Core Device Interface Module [AL00VFK6]: comm timeout
01-14 20:14:33.563 32180 32260 W RobotCore: Modern Robotics USB header sync bytes are incorrect
01-14 20:14:33.564 32180 32260 W RobotCore: [55 aa 80 40 1e] -> [00 00 00 00 00]
01-14 20:14:33.564 32180 32260 W RobotCore: could not read Modern Robotics USB DC Motor Controller [AL00VWH0]: comm timeout
01-14 20:14:33.671 32180 32268 W RobotCore: Modern Robotics USB header sync bytes are incorrect
01-14 20:14:33.671 32180 32268 W RobotCore: [55 aa 00 40 1e] -> [00 00 00 00 00]
01-14 20:14:33.672 32180 32268 W RobotCore: could not write to Modern Robotics USB DC Motor Controller [AL00VBIF]: comm timeout
01-14 20:14:33.708 32180 32257 W RobotCore: Modern Robotics USB header sync bytes are incorrect
01-14 20:14:33.709 32180 32257 W RobotCore: [55 aa 00 40 1e] -> [00 00 00 00 00]
01-14 20:14:33.709 32180 32257 W RobotCore: could not write to Modern Robotics USB DC Motor Controller [A104OQ1P]: comm timeout
01-14 20:14:33.745 32180 32263 W RobotCore: Modern Robotics USB header sync bytes are incorrect
01-14 20:14:33.745 32180 32263 W RobotCore: [55 aa 00 40 1e] -> [00 00 00 00 00]
01-14 20:14:33.745 32180 32263 W RobotCore: could not write to Modern Robotics USB DC Motor Controller [AI049QOP]: comm timeout
01-14 20:14:33.898 32180 32254 W RobotCore: Modern Robotics USB header sync bytes are incorrect
01-14 20:14:33.899 32180 32254 W RobotCore: [55 aa 80 03 15] -> [00 00 00 00 00]
01-14 20:14:33.899 32180 32254 W RobotCore: could not read Modern Robotics USB Core Device Interface Module [AL00VFK6]: comm timeout
01-14 20:14:33.955 32180 32260 W RobotCore: Modern Robotics USB header sync bytes are incorrect
01-14 20:14:33.956 32180 32260 W RobotCore: [55 aa 00 40 1e] -> [00 00 00 00 00]
01-14 20:14:33.956 32180 32260 W RobotCore: could not write to Modern Robotics USB DC Motor Controller [AL00VWH0]: comm timeout
01-14 20:14:34.089 32180 32268 W RobotCore: Modern Robotics USB header sync bytes are incorrect
01-14 20:14:34.089 32180 32268 W RobotCore: [55 aa 80 40 1e] -> [00 00 00 00 00]
01-14 20:14:34.090 32180 32268 W RobotCore: could not read Modern Robotics USB DC Motor Controller [AL00VBIF]: comm timeout
01-14 20:14:34.100 32180 32257 W RobotCore: Modern Robotics USB header sync bytes are incorrect
01-14 20:14:34.100 32180 32257 W RobotCore: [55 aa 80 40 1e] -> [00 00 00 00 00]
01-14 20:14:34.100 32180 32257 W RobotCore: could not read Modern Robotics USB DC Motor Controller [A104OQ1P]: comm timeout
01-14 20:14:34.134 32180 32263 W RobotCore: Modern Robotics USB header sync bytes are incorrect
01-14 20:14:34.135 32180 32263 W RobotCore: [55 aa 80 40 1e] -> [00 00 00 00 00]
01-14 20:14:34.135 32180 32263 W RobotCore: could not read Modern Robotics USB DC Motor Controller [AI049QOP]: comm timeout
01-14 20:14:34.162 32180 32260 E FTDI_Device::: UsbConnection.requestWait() == null
01-14 20:14:34.166 32180 32268 E FTDI_Device::: UsbConnection.requestWait() == null
01-14 20:14:34.168 32180 32180 D UsbDeviceConnectionJNI: close
01-14 20:14:34.168 32180 32259 D ProcessRequestThread::: Device has been closed.
01-14 20:14:34.168 32180 32259 W System.err: java.lang.InterruptedException
01-14 20:14:34.169 32180 32259 W System.err: 	at java.util.concurrent.locks.AbstractQueuedSynchronizer.doAcquireSharedInterruptibly(AbstractQueuedSynchronizer.java:972)
01-14 20:14:34.169 32180 32259 W System.err: 	at java.util.concurrent.locks.AbstractQueuedSynchronizer.acquireSharedInterruptibly(AbstractQueuedSynchronizer.java:1278)
01-14 20:14:34.169 32180 32259 W System.err: 	at java.util.concurrent.Semaphore.acquire(Semaphore.java:284)
01-14 20:14:34.169 32180 32259 W System.err: 	at com.ftdi.j2xx.ProcessInCtrl.acquireReadableBuffer(FT_Device.java:2294)
01-14 20:14:34.169 32180 32259 W System.err: 	at com.ftdi.j2xx.ProcessRequestWorker.run(FT_Device.java:2764)
01-14 20:14:34.169 32180 32259 W System.err: 	at java.lang.Thread.run(Thread.java:818)
01-14 20:14:34.169 32180 32180 D UsbDeviceConnectionJNI: close
01-14 20:14:34.169 32180 32260 W RobotCore: could not write to Modern Robotics USB DC Motor Controller [AL00VWH0]: FTDI Null Pointer Exception
01-14 20:14:34.169 32180 32248 D ProcessRequestThread::: Device has been closed.
01-14 20:14:34.170 32180 32248 W System.err: java.lang.InterruptedException
01-14 20:14:34.170 32180 32248 W System.err: 	at java.util.concurrent.locks.AbstractQueuedSynchronizer.doAcquireSharedInterruptibly(AbstractQueuedSynchronizer.java:972)
01-14 20:14:34.170 32180 32248 W System.err: 	at java.util.concurrent.locks.AbstractQueuedSynchronizer.acquireSharedInterruptibly(AbstractQueuedSynchronizer.java:1278)
01-14 20:14:34.170 32180 32248 W System.err: 	at java.util.concurrent.Semaphore.acquire(Semaphore.java:284)
01-14 20:14:34.170 32180 32248 W System.err: 	at com.ftdi.j2xx.ProcessInCtrl.acquireReadableBuffer(FT_Device.java:2294)
01-14 20:14:34.170 32180 32248 W System.err: 	at com.ftdi.j2xx.ProcessRequestWorker.run(FT_Device.java:2764)
01-14 20:14:34.170 32180 32248 W System.err: 	at java.lang.Thread.run(Thread.java:818)
01-14 20:14:34.171 32180 32254 W RobotCore: could not write to Modern Robotics USB Core Device Interface Module [AL00VFK6]: FTDI Null Pointer Exception
01-14 20:14:34.171 32180 32254 E RobotCore: java.lang.NullPointerException: Attempt to invoke interface method 'void java.util.concurrent.locks.Lock.unlock()' on a null object reference
01-14 20:14:34.172 32180 32254 E RobotCore: com.ftdi.j2xx.ProcessInCtrl.readBulkInData(FT_Device.java:2520)
01-14 20:14:34.172 32180 32254 E RobotCore: com.ftdi.j2xx.FT_Device.read(FT_Device.java:666)
01-14 20:14:34.172 32180 32254 E RobotCore: com.qualcomm.robotcore.hardware.usb.ftdi.RobotUsbDeviceFtdi.read(RobotUsbDeviceFtdi.java:199)
01-14 20:14:34.172 32180 32254 E RobotCore: com.qualcomm.robotcore.hardware.usb.ftdi.RobotUsbDeviceFtdi.read(RobotUsbDeviceFtdi.java:176)
01-14 20:14:34.172 32180 32254 E RobotCore: com.qualcomm.modernrobotics.ReadWriteRunnableUsbHandler.a(SourceFile:77)
01-14 20:14:34.172 32180 32254 E RobotCore: com.qualcomm.modernrobotics.ReadWriteRunnableUsbHandler.read(SourceFile:66)
01-14 20:14:34.172 32180 32260 E RobotCore: java.lang.NullPointerException: Attempt to invoke interface method 'void java.util.concurrent.locks.Lock.unlock()' on a null object reference
01-14 20:14:34.173 32180 32260 E RobotCore: com.ftdi.j2xx.ProcessInCtrl.readBulkInData(FT_Device.java:2520)
01-14 20:14:34.173 32180 32260 E RobotCore: com.ftdi.j2xx.FT_Device.read(FT_Device.java:666)
01-14 20:14:34.173 32180 32260 E RobotCore: com.qualcomm.robotcore.hardware.usb.ftdi.RobotUsbDeviceFtdi.read(RobotUsbDeviceFtdi.java:199)
01-14 20:14:34.173 32180 32260 E RobotCore: com.qualcomm.robotcore.hardware.usb.ftdi.RobotUsbDeviceFtdi.read(RobotUsbDeviceFtdi.java:176)
01-14 20:14:34.173 32180 32260 E RobotCore: com.qualcomm.modernrobotics.ReadWriteRunnableUsbHandler.a(SourceFile:77)
01-14 20:14:34.173 32180 32260 E RobotCore: com.qualcomm.modernrobotics.ReadWriteRunnableUsbHandler.read(SourceFile:66)
01-14 20:14:34.174 32180 32260 E RobotCore: com.qualcomm.hardware.modernrobotics.ReadWriteRunnableStandard$1.run(ReadWriteRunnableStandard.java:343)
01-14 20:14:34.174 32180 32260 E RobotCore: com.qualcomm.robotcore.util.ThreadPool.logThreadLifeCycle(ThreadPool.java:513)
01-14 20:14:34.174 32180 32260 E RobotCore: com.qualcomm.hardware.modernrobotics.ReadWriteRunnableStandard.run(ReadWriteRunnableStandard.java:302)
01-14 20:14:34.174 32180 32260 E RobotCore: java.util.concurrent.ThreadPoolExecutor.runWorker(ThreadPoolExecutor.java:1113)
01-14 20:14:34.174 32180 32260 E RobotCore: java.util.concurrent.ThreadPoolExecutor$Worker.run(ThreadPoolExecutor.java:588)
01-14 20:14:34.174 32180 32260 E RobotCore: java.lang.Thread.run(Thread.java:818)
01-14 20:14:34.174 32180 32247 D BulkIn::: Stop BulkIn thread
01-14 20:14:34.174 32180 32247 W System.err: java.lang.NullPointerException: Attempt to invoke virtual method 'int com.ftdi.j2xx.D2xxManager$DriverParameters.getBufferNumber()' on a null object reference
01-14 20:14:34.174 32180 32247 W System.err: 	at com.ftdi.j2xx.ProcessInCtrl.releaseWritableBuffers(FT_Device.java:2672)
01-14 20:14:34.174 32180 32260 V RobotCore: thread: ...terminating 'r/w loop: Modern Robotics USB DC Motor Controller [AL00VWH0]'
01-14 20:14:34.174 32180 32247 W System.err: 	at com.ftdi.j2xx.BulkInWorker.run(FT_Device.java:2879)
01-14 20:14:34.174 32180 32247 W System.err: 	at java.lang.Thread.run(Thread.java:818)
01-14 20:14:34.175 32180 32258 D BulkIn::: Stop BulkIn thread
01-14 20:14:34.175 32180 32258 W System.err: java.lang.NullPointerException: Attempt to invoke virtual method 'int com.ftdi.j2xx.D2xxManager$DriverParameters.getBufferNumber()' on a null object reference
01-14 20:14:34.176 32180 32263 E FTDI_Device::: UsbConnection.requestWait() == null
01-14 20:14:34.177 32180 32254 E RobotCore: com.qualcomm.hardware.modernrobotics.ReadWriteRunnableStandard$1.run(ReadWriteRunnableStandard.java:343)
01-14 20:14:34.177 32180 32254 E RobotCore: com.qualcomm.robotcore.util.ThreadPool.logThreadLifeCycle(ThreadPool.java:513)
01-14 20:14:34.177 32180 32254 E RobotCore: com.qualcomm.hardware.modernrobotics.ReadWriteRunnableStandard.run(ReadWriteRunnableStandard.java:302)
01-14 20:14:34.177 32180 32254 E RobotCore: java.util.concurrent.ThreadPoolExecutor.runWorker(ThreadPoolExecutor.java:1113)
01-14 20:14:34.178 32180 32254 E RobotCore: java.util.concurrent.ThreadPoolExecutor$Worker.run(ThreadPoolExecutor.java:588)
01-14 20:14:34.178 32180 32254 E RobotCore: java.lang.Thread.run(Thread.java:818)
01-14 20:14:34.179 32180 32254 V RobotCore: thread: ...terminating 'r/w loop: Modern Robotics USB Core Device Interface Module [AL00VFK6]'
01-14 20:14:34.180 32180 32258 W System.err: 	at com.ftdi.j2xx.ProcessInCtrl.releaseWritableBuffers(FT_Device.java:2672)
01-14 20:14:34.180 32180 32258 W System.err: 	at com.ftdi.j2xx.BulkInWorker.run(FT_Device.java:2879)
01-14 20:14:34.180 32180 32258 W System.err: 	at java.lang.Thread.run(Thread.java:818)
01-14 20:14:34.181 32180 32180 D UsbDeviceConnectionJNI: close
01-14 20:14:34.181 32180 32265 D ProcessRequestThread::: Device has been closed.
01-14 20:14:34.181 32180 32265 W System.err: java.lang.InterruptedException
01-14 20:14:34.182 32180 32268 W RobotCore: could not write to Modern Robotics USB DC Motor Controller [AL00VBIF]: FTDI Null Pointer Exception
01-14 20:14:34.182 32180 32268 E RobotCore: java.lang.NullPointerException: Attempt to invoke interface method 'void java.util.concurrent.locks.Lock.unlock()' on a null object reference
01-14 20:14:34.182 32180 32257 E FTDI_Device::: UsbConnection.requestWait() == null
01-14 20:14:34.182 32180 32264 D BulkIn::: Stop BulkIn thread
01-14 20:14:34.182 32180 32268 E RobotCore: com.ftdi.j2xx.ProcessInCtrl.readBulkInData(FT_Device.java:2520)
01-14 20:14:34.182 32180 32268 E RobotCore: com.ftdi.j2xx.FT_Device.read(FT_Device.java:666)
01-14 20:14:34.182 32180 32268 E RobotCore: com.qualcomm.robotcore.hardware.usb.ftdi.RobotUsbDeviceFtdi.read(RobotUsbDeviceFtdi.java:199)
01-14 20:14:34.182 32180 32268 E RobotCore: com.qualcomm.robotcore.hardware.usb.ftdi.RobotUsbDeviceFtdi.read(RobotUsbDeviceFtdi.java:176)
01-14 20:14:34.182 32180 32268 E RobotCore: com.qualcomm.modernrobotics.ReadWriteRunnableUsbHandler.b(SourceFile:109)
01-14 20:14:34.182 32180 32268 E RobotCore: com.qualcomm.modernrobotics.ReadWriteRunnableUsbHandler.write(SourceFile:98)
01-14 20:14:34.182 32180 32268 E RobotCore: com.qualcomm.hardware.modernrobotics.ReadWriteRunnableStandard$1.run(ReadWriteRunnableStandard.java:394)
01-14 20:14:34.183 32180 32268 E RobotCore: com.qualcomm.robotcore.util.ThreadPool.logThreadLifeCycle(ThreadPool.java:513)
01-14 20:14:34.183 32180 32268 E RobotCore: com.qualcomm.hardware.modernrobotics.ReadWriteRunnableStandard.run(ReadWriteRunnableStandard.java:302)
01-14 20:14:34.183 32180 32265 W System.err: 	at java.util.concurrent.locks.AbstractQueuedSynchronizer.doAcquireSharedInterruptibly(AbstractQueuedSynchronizer.java:972)
01-14 20:14:34.183 32180 32268 E RobotCore: java.util.concurrent.ThreadPoolExecutor.runWorker(ThreadPoolExecutor.java:1113)
01-14 20:14:34.183 32180 32268 E RobotCore: java.util.concurrent.ThreadPoolExecutor$Worker.run(ThreadPoolExecutor.java:588)
01-14 20:14:34.183 32180 32268 E RobotCore: java.lang.Thread.run(Thread.java:818)
01-14 20:14:34.183 32180 32265 W System.err: 	at java.util.concurrent.locks.AbstractQueuedSynchronizer.acquireSharedInterruptibly(AbstractQueuedSynchronizer.java:1278)
01-14 20:14:34.183 32180 32265 W System.err: 	at java.util.concurrent.Semaphore.acquire(Semaphore.java:284)
01-14 20:14:34.183 32180 32265 W System.err: 	at com.ftdi.j2xx.ProcessInCtrl.acquireReadableBuffer(FT_Device.java:2294)
01-14 20:14:34.183 32180 32265 W System.err: 	at com.ftdi.j2xx.ProcessRequestWorker.run(FT_Device.java:2764)
01-14 20:14:34.183 32180 32265 W System.err: 	at java.lang.Thread.run(Thread.java:818)
01-14 20:14:34.183 32180 32268 V RobotCore: thread: ...terminating 'r/w loop: Modern Robotics USB DC Motor Controller [AL00VBIF]'
01-14 20:14:34.184 32180 32264 W System.err: java.lang.NullPointerException: Attempt to invoke virtual method 'int com.ftdi.j2xx.D2xxManager$DriverParameters.getBufferNumber()' on a null object reference
01-14 20:14:34.184 32180 32264 W System.err: 	at com.ftdi.j2xx.ProcessInCtrl.releaseWritableBuffers(FT_Device.java:2672)
01-14 20:14:34.184 32180 32264 W System.err: 	at com.ftdi.j2xx.BulkInWorker.run(FT_Device.java:2879)
01-14 20:14:34.184 32180 32264 W System.err: 	at java.lang.Thread.run(Thread.java:818)
01-14 20:14:34.185 32180 32235 D RobotCore: system telemetry: key=$System$Warning$ msg="problem communicating with Modern Robotics USB Core Device Interface Module [AL00VFK6]; problem communicating with Modern Robotics USB Servo Controller [AL00VSDY]; problem communicating with Modern Robotics USB DC Motor Controller [AL00VWH0]; problem communicating with Modern Robotics USB DC Motor Controller [AL00VBIF]"
01-14 20:14:34.194 32180 32180 D UsbDeviceConnectionJNI: close
01-14 20:14:34.195 32180 32262 D ProcessRequestThread::: Device has been closed.
01-14 20:14:34.195 32180 32262 W System.err: java.lang.InterruptedException
01-14 20:14:34.195 32180 32262 W System.err: 	at java.util.concurrent.locks.AbstractQueuedSynchronizer.doAcquireSharedInterruptibly(AbstractQueuedSynchronizer.java:972)
01-14 20:14:34.195 32180 32262 W System.err: 	at java.util.concurrent.locks.AbstractQueuedSynchronizer.acquireSharedInterruptibly(AbstractQueuedSynchronizer.java:1278)
01-14 20:14:34.195 32180 32262 W System.err: 	at java.util.concurrent.Semaphore.acquire(Semaphore.java:284)
01-14 20:14:34.195 32180 32262 W System.err: 	at com.ftdi.j2xx.ProcessInCtrl.acquireReadableBuffer(FT_Device.java:2294)
01-14 20:14:34.195 32180 32262 W System.err: 	at com.ftdi.j2xx.ProcessRequestWorker.run(FT_Device.java:2764)
01-14 20:14:34.195 32180 32262 W System.err: 	at java.lang.Thread.run(Thread.java:818)
01-14 20:14:34.196 32180 32261 D BulkIn::: Stop BulkIn thread
01-14 20:14:34.196 32180 32261 W System.err: java.lang.NullPointerException: Null pointer exception during instruction 'monitor-enter v2'
01-14 20:14:34.197 32180 32261 W System.err: 	at com.ftdi.j2xx.ProcessInCtrl.getBuffer(FT_Device.java:2269)
01-14 20:14:34.197 32180 32261 W System.err: 	at com.ftdi.j2xx.ProcessInCtrl.releaseWritableBuffers(FT_Device.java:2675)
01-14 20:14:34.197 32180 32261 W System.err: 	at com.ftdi.j2xx.BulkInWorker.run(FT_Device.java:2879)
01-14 20:14:34.197 32180 32261 W System.err: 	at java.lang.Thread.run(Thread.java:818)
01-14 20:14:34.197 32180 32180 D UsbDeviceConnectionJNI: close
01-14 20:14:34.198 32180 32263 W RobotCore: could not write to Modern Robotics USB DC Motor Controller [AI049QOP]: FTDI Null Pointer Exception
01-14 20:14:34.198 32180 32263 E RobotCore: java.lang.NullPointerException: Attempt to invoke interface method 'void java.util.concurrent.locks.Lock.unlock()' on a null object reference
01-14 20:14:34.198 32180 32263 E RobotCore: com.ftdi.j2xx.ProcessInCtrl.readBulkInData(FT_Device.java:2520)
01-14 20:14:34.198 32180 32263 E RobotCore: com.ftdi.j2xx.FT_Device.read(FT_Device.java:666)
01-14 20:14:34.198 32180 32263 E RobotCore: com.qualcomm.robotcore.hardware.usb.ftdi.RobotUsbDeviceFtdi.read(RobotUsbDeviceFtdi.java:199)
01-14 20:14:34.198 32180 32263 E RobotCore: com.qualcomm.robotcore.hardware.usb.ftdi.RobotUsbDeviceFtdi.read(RobotUsbDeviceFtdi.java:176)
01-14 20:14:34.198 32180 32263 E RobotCore: com.qualcomm.modernrobotics.ReadWriteRunnableUsbHandler.b(SourceFile:109)
01-14 20:14:34.198 32180 32263 E RobotCore: com.qualcomm.modernrobotics.ReadWriteRunnableUsbHandler.write(SourceFile:98)
01-14 20:14:34.198 32180 32263 E RobotCore: com.qualcomm.hardware.modernrobotics.ReadWriteRunnableStandard$1.run(ReadWriteRunnableStandard.java:394)
01-14 20:14:34.198 32180 32263 E RobotCore: com.qualcomm.robotcore.util.ThreadPool.logThreadLifeCycle(ThreadPool.java:513)
01-14 20:14:34.198 32180 32263 E RobotCore: com.qualcomm.hardware.modernrobotics.ReadWriteRunnableStandard.run(ReadWriteRunnableStandard.java:302)
01-14 20:14:34.198 32180 32263 E RobotCore: java.util.concurrent.ThreadPoolExecutor.runWorker(ThreadPoolExecutor.java:1113)
01-14 20:14:34.198 32180 32256 D ProcessRequestThread::: Device has been closed.
01-14 20:14:34.198 32180 32263 E RobotCore: java.util.concurrent.ThreadPoolExecutor$Worker.run(ThreadPoolExecutor.java:588)
01-14 20:14:34.198 32180 32263 E RobotCore: java.lang.Thread.run(Thread.java:818)
01-14 20:14:34.198 32180 32256 W System.err: java.lang.InterruptedException
01-14 20:14:34.198 32180 32257 W RobotCore: could not write to Modern Robotics USB DC Motor Controller [A104OQ1P]: FTDI Null Pointer Exception
01-14 20:14:34.198 32180 32255 D BulkIn::: Stop BulkIn thread
01-14 20:14:34.198 32180 32257 E RobotCore: java.lang.NullPointerException: Attempt to invoke interface method 'void java.util.concurrent.locks.Lock.unlock()' on a null object reference
01-14 20:14:34.198 32180 32255 W System.err: java.lang.NullPointerException: Attempt to invoke virtual method 'int com.ftdi.j2xx.D2xxManager$DriverParameters.getBufferNumber()' on a null object reference
01-14 20:14:34.199 32180 32256 W System.err: 	at 	at java.util.concurrent.locks.AbstractQueuedSynchronizer.doAcquireSharedInterruptibly(AbstractQueuedSynchronizer.java:972)
01-14 20:14:34.199 32180 32255 W System.err: 	at com.ftdi.j2xx.ProcessInCtrl.releaseWritableBuffers(FT_Device.java:2672)
01-14 20:14:34.199 32180 32257 E RobotCore: com.ftdi.j2xx.ProcessInCtrl.readBulkInData(FT_Device.java:2520)
01-14 20:14:34.199 32180 32257 E RobotCore: com.ftdi.j2xx.FT_Device.read(FT_Device.java:666)
01-14 20:14:34.199 32180 32255 W System.err: 	at com.ftdi.j2xx.BulkInWorker.run(FT_Device.java:2879)
01-14 20:14:34.199 32180 32255 W System.err: 	at java.lang.Thread.run(Thread.java:818)
01-14 20:14:34.199 32180 32257 E RobotCore: com.qualcomm.robotcore.hardware.usb.ftdi.RobotUsbDeviceFtdi.read(RobotUsbDeviceFtdi.java:199)
01-14 20:14:34.199 32180 32257 E RobotCore: com.qualcomm.robotcore.hardware.usb.ftdi.RobotUsbDeviceFtdi.read(RobotUsbDeviceFtdi.java:176)
01-14 20:14:34.199 32180 32257 E RobotCore: com.qualcomm.modernrobotics.ReadWriteRunnableUsbHandler.b(SourceFile:109)
01-14 20:14:34.199 32180 32257 E RobotCore: com.qualcomm.modernrobotics.ReadWriteRunnableUsbHandler.write(SourceFile:98)
01-14 20:14:34.199 32180 32257 E RobotCore: com.qualcomm.hardware.modernrobotics.ReadWriteRunnableStandard$1.run(ReadWriteRunnableStandard.java:394)
01-14 20:14:34.199 32180 32257 E RobotCore: com.qualcomm.robotcore.util.ThreadPool.logThreadLifeCycle(ThreadPool.java:513)
01-14 20:14:34.199 32180 32257 E RobotCore: com.qualcomm.hardware.modernrobotics.ReadWriteRunnableStandard.run(ReadWriteRunnableStandard.java:302)
01-14 20:14:34.199 32180 32257 E RobotCore: java.util.concurrent.ThreadPoolExecutor.runWorker(ThreadPoolExecutor.java:1113)
01-14 20:14:34.199 32180 32257 E RobotCore: java.util.concurrent.ThreadPoolExecutor$Worker.run(ThreadPoolExecutor.java:588)
01-14 20:14:34.199 32180 32257 E RobotCore: java.lang.Thread.run(Thread.java:818)
01-14 20:14:34.199 32180 32256 W System.err: java.util.concurrent.locks.AbstractQueuedSynchronizer.acquireSharedInterruptibly(AbstractQueuedSynchronizer.java:1278)
01-14 20:14:34.199 32180 32257 V RobotCore: thread: ...terminating 'r/w loop: Modern Robotics USB DC Motor Controller [A104OQ1P]'
01-14 20:14:34.199 32180 32256 W System.err: 	at java.util.concurrent.Semaphore.acquire(Semaphore.java:284)
01-14 20:14:34.199 32180 32269 D RobotCore: system telemetry: key=$System$Warning$ msg="problem communicating with Modern Robotics USB Core Device Interface Module [AL00VFK6]; problem communicating with Modern Robotics USB Servo Controller [AL00VSDY]; problem communicating with Modern Robotics USB DC Motor Controller [AL00VWH0]; problem communicating with Modern Robotics USB DC Motor Controller [AI049QOP]; problem communicating with Modern Robotics USB DC Motor Controller [AL00VBIF]"
01-14 20:14:34.199 32180 32256 W System.err: 	at com.ftdi.j2xx.ProcessInCtrl.acquireReadableBuffer(FT_Device.java:2294)
01-14 20:14:34.199 32180 32256 W System.err: 	at com.ftdi.j2xx.ProcessRequestWorker.run(FT_Device.java:2764)
01-14 20:14:34.199 32180 32256 W System.err: 	at java.lang.Thread.run(Thread.java:818)
01-14 20:14:34.200 32180 32269 V RobotCore: event loop: device has shutdown abnormally
01-14 20:14:34.200 32180 32269 V RobotCore: event loop: detaching device owner
01-14 20:14:34.200 32180 32269 I FIRST   : ======= MODULE DETACH RECOVERY: disarm Modern Robotics USB Servo Controller [AL00VSDY]=======
01-14 20:14:34.200 32180 32269 D RobotCore: disarming modern servo controller "Modern Robotics USB Servo Controller [AL00VSDY]"...
01-14 20:14:34.201 32180 32269 V RobotCore: waiting for service ReadWriteRunnable for Modern Robotics USB Device
01-14 20:14:34.201 32180 32263 V RobotCore: thread: ...terminating 'r/w loop: Modern Robotics USB DC Motor Controller [AI049QOP]'
01-14 20:14:34.201 32180 32269 V RobotCore: awaitTermination returned, isTerminated=true
01-14 20:14:34.201 32180 32269 V RobotCore: executive service ReadWriteRunnable for Modern Robotics USB Device is terminated
01-14 20:14:34.201 32180 32269 D RobotCore: ...disarming modern servo controller Modern Robotics USB Servo Controller [AL00VSDY] complete
01-14 20:14:34.201 32180 32269 I FIRST   : ======= MODULE DETACH RECOVERY: pretend Modern Robotics USB Servo Controller [AL00VSDY]=======
01-14 20:14:34.201 32180 32269 D RobotCore: arming modern servo controller Modern Robotics USB Servo Controller [AL00VSDY] (pretend)...
01-14 20:14:34.202 32180 32269 V RobotCore: Starting up pretend device AL00VSDY
01-14 20:14:34.204 32180 32295 V RobotCore: thread: 'r/w loop: Modern Robotics USB Servo Controller [AL00VSDY]' starting...
01-14 20:14:34.204 32180 32269 D RobotCore: ...arming modern servo controller Modern Robotics USB Servo Controller [AL00VSDY] complete
01-14 20:14:34.204 32180 32269 I FIRST   : ======= MODULE DETACH RECOVERY: complete Modern Robotics USB Servo Controller [AL00VSDY]=======
01-14 20:14:34.204 32180 32269 V RobotCore: event loop: device has shutdown abnormally
01-14 20:14:34.204 32180 32269 V RobotCore: event loop: detaching device owner
01-14 20:14:34.204 32180 32269 I FIRST   : ======= MODULE DETACH RECOVERY: disarm Modern Robotics USB Core Device Interface Module [AL00VFK6]=======
01-14 20:14:34.205 32180 32269 V RobotCore: waiting for service ReadWriteRunnable for Modern Robotics USB Device
01-14 20:14:34.205 32180 32269 V RobotCore: awaitTermination returned, isTerminated=true
01-14 20:14:34.205 32180 32269 V RobotCore: executive service ReadWriteRunnable for Modern Robotics USB Device is terminated
01-14 20:14:34.205 32180 32269 I FIRST   : ======= MODULE DETACH RECOVERY: pretend Modern Robotics USB Core Device Interface Module [AL00VFK6]=======
01-14 20:14:34.205 32180 32269 V RobotCore: Starting up pretend device AL00VFK6
01-14 20:14:34.208 32180 32296 V RobotCore: thread: 'r/w loop: Modern Robotics USB Core Device Interface Module [AL00VFK6]' starting...
01-14 20:14:34.209 32180 32269 I FIRST   : ======= MODULE DETACH RECOVERY: complete Modern Robotics USB Core Device Interface Module [AL00VFK6]=======
01-14 20:14:34.209 32180 32269 V RobotCore: event loop: device has shutdown abnormally
01-14 20:14:34.209 32180 32269 V RobotCore: event loop: detaching device owner
01-14 20:14:34.210 32180 32269 I FIRST   : ======= MODULE DETACH RECOVERY: disarm Modern Robotics USB DC Motor Controller [A104OQ1P]=======
01-14 20:14:34.210 32180 32269 D RobotCore: disarming modern motor controller Modern Robotics USB DC Motor Controller [A104OQ1P]...
01-14 20:14:34.210 32180 32269 V RobotCore: waiting for service ReadWriteRunnable for Modern Robotics USB Device
01-14 20:14:34.214 32180 32269 V RobotCore: awaitTermination returned, isTerminated=true
01-14 20:14:34.214 32180 32269 V RobotCore: executive service ReadWriteRunnable for Modern Robotics USB Device is terminated
01-14 20:14:34.214 32180 32269 D RobotCore: ...disarming modern motor controller Modern Robotics USB DC Motor Controller [A104OQ1P] complete
01-14 20:14:34.214 32180 32269 I FIRST   : ======= MODULE DETACH RECOVERY: pretend Modern Robotics USB DC Motor Controller [A104OQ1P]=======
01-14 20:14:34.214 32180 32269 D RobotCore: arming modern motor controller Modern Robotics USB DC Motor Controller [A104OQ1P] (pretend)...
01-14 20:14:34.214 32180 32269 V RobotCore: Starting up pretend device A104OQ1P
01-14 20:14:34.216 32180 32297 V RobotCore: thread: 'r/w loop: Modern Robotics USB DC Motor Controller [A104OQ1P]' starting...
01-14 20:14:34.217 32180 32269 D RobotCore: ...arming modern motor controller Modern Robotics USB DC Motor Controller [A104OQ1P] complete
01-14 20:14:34.217 32180 32269 I FIRST   : ======= MODULE DETACH RECOVERY: complete Modern Robotics USB DC Motor Controller [A104OQ1P]=======
01-14 20:14:34.217 32180 32269 V RobotCore: event loop: device has shutdown abnormally
01-14 20:14:34.217 32180 32269 V RobotCore: event loop: detaching device owner
01-14 20:14:34.217 32180 32269 I FIRST   : ======= MODULE DETACH RECOVERY: disarm Modern Robotics USB DC Motor Controller [AL00VWH0]=======
01-14 20:14:34.217 32180 32269 D RobotCore: disarming modern motor controller Modern Robotics USB DC Motor Controller [AL00VWH0]...
