01-14 20:14:34.170 32180 32248 W System.err: 	at com.ftdi.j2xx.ProcessRequestWorker.run(FT_Device.java:2764)
01-14 20:14:34.170 32180 32248 W System.err: 	at java.lang.Thread.run(Thread.java:818)
01-14 20:14:34.171 32180 32254 W RobotCore: could not write to Modern Robotics USB Core Device Interface Module [AL00VFK6]: FTDI Null Pointer Exception
01-14 20:14:34.171 32180 32254 E RobotCore: java.lang.NullPointerException: Attempt to invoke interface method 'void java.util.concurrent.locks.Lock.unlock()' on a null object reference
01-14 20:14:34.172 32180 32254 E RobotCore: com.ftdi.j2xx.ProcessInCtrl.readBulkInData(FT_Device.java:2520)
01-14 20:14:34.172 32180 32254 E RobotCore: com.ftdi.j2xx.FT_Device.read(FT_Device.java:666)
01-14 20:14:34.172 32180 32254 E RobotCore: com.qualcomm.robotcore.hardware.usb.ftdi.RobotUsbDeviceFtdi.read(RobotUsbDeviceFtdi.java:199)
01-14 20:14:34.172 32180 32254 E RobotCore: com.qualcomm.robotcore.hardware.usb.ftdi.RobotUsbDeviceFtdi.read(RobotUsbDeviceFtdi.java:176)
01-14 20:14:34.172 32180 32254 E RobotCore: com.qualcomm.modernrobotics.ReadWriteRunnableUsbHandler.a(SourceFile:77)
01-14 20:14:34.172 32180 32254 E RobotCore: com.qualcomm.modernrobotics.ReadWriteRunnableUsbHandler.read(SourceFile:66)
01-14 20:14:34.172 32180 32260 E RobotCore: java.lang.NullPointerException: Attempt to invoke interface method 'void java.util.concurrent.locks.Lock.unlock()' on a null object reference
01-14 20:14:34.173 32180 32260 E RobotCore: com.ftdi.j2xx.ProcessInCtrl.readBulkInData(FT_Device.java:2520)
01-14 20:14:34.173 32180 32260 E RobotCore: com.ftdi.j2xx.FT_Device.read(FT_Device.java:666)
01-14 20:14:34.173 32180 32260 E RobotCore: com.qualcomm.robotcore.hardware.usb.ftdi.RobotUsbDeviceFtdi.read(RobotUsbDeviceFtdi.java:199)
01-14 20:14:34.173 32180 32260 E RobotCore: com.qualcomm.robotcore.hardware.usb.ftdi.RobotUsbDeviceFtdi.read(RobotUsbDeviceFtdi.java:176)
01-14 20:14:34.173 32180 32260 E RobotCore: com.qualcomm.modernrobotics.ReadWriteRunnableUsbHandler.a(SourceFile:77)
01-14 20:14:34.173 32180 32260 E RobotCore: com.qualcomm.modernrobotics.ReadWriteRunnableUsbHandler.read(SourceFile:66)
01-14 20:14:34.174 32180 32260 E RobotCore: com.qualcomm.hardware.modernrobotics.ReadWriteRunnableStandard$1.run(ReadWriteRunnableStandard.java:343)
01-14 20:14:34.174 32180 32260 E RobotCore: com.qualcomm.robotcore.util.ThreadPool.logThreadLifeCycle(ThreadPool.java:513)
01-14 20:14:34.174 32180 32260 E RobotCore: com.qualcomm.hardware.modernrobotics.ReadWriteRunnableStandard.run(ReadWriteRunnableStandard.java:302)
01-14 20:14:34.174 32180 32260 E RobotCore: java.util.concurrent.ThreadPoolExecutor.runWorker(ThreadPoolExecutor.java:1113)
01-14 20:14:34.174 32180 32260 E RobotCore: java.util.concurrent.ThreadPoolExecutor$Worker.run(ThreadPoolExecutor.java:588)
01-14 20:14:34.174 32180 32260 E RobotCore: java.lang.Thread.run(Thread.java:818)
01-14 20:14:34.174 32180 32247 D BulkIn::: Stop BulkIn thread
01-14 20:14:34.174 32180 32247 W System.err: java.lang.NullPointerException: Attempt to invoke virtual method 'int com.ftdi.j2xx.D2xxManager$DriverParameters.getBufferNumber()' on a null object reference
01-14 20:14:34.174 32180 32247 W System.err: 	at com.ftdi.j2xx.ProcessInCtrl.releaseWritableBuffers(FT_Device.java:2672)
01-14 20:14:34.174 32180 32260 V RobotCore: thread: ...terminating 'r/w loop: Modern Robotics USB DC Motor Controller [AL00VWH0]'
01-14 20:14:34.174 32180 32247 W System.err: 	at com.ftdi.j2xx.BulkInWorker.run(FT_Device.java:2879)
01-14 20:14:34.174 32180 32247 W System.err: 	at java.lang.Thread.run(Thread.java:818)
01-14 20:14:34.175 32180 32258 D BulkIn::: Stop BulkIn thread
01-14 20:14:34.175 32180 32258 W System.err: java.lang.NullPointerException: Attempt to invoke virtual method 'int com.ftdi.j2xx.D2xxManager$DriverParameters.getBufferNumber()' on a null object reference
01-14 20:14:34.176 32180 32263 E FTDI_Device::: UsbConnection.requestWait() == null
01-14 20:14:34.177 32180 32254 E RobotCore: com.qualcomm.hardware.modernrobotics.ReadWriteRunnableStandard$1.run(ReadWriteRunnableStandard.java:343)
01-14 20:14:34.177 32180 32254 E RobotCore: com.qualcomm.robotcore.util.ThreadPool.logThreadLifeCycle(ThreadPool.java:513)
01-14 20:14:34.177 32180 32254 E RobotCore: com.qualcomm.hardware.modernrobotics.ReadWriteRunnableStandard.run(ReadWriteRunnableStandard.java:302)
01-14 20:14:34.177 32180 32254 E RobotCore: java.util.concurrent.ThreadPoolExecutor.runWorker(ThreadPoolExecutor.java:1113)
01-14 20:14:34.178 32180 32254 E RobotCore: java.util.concurrent.ThreadPoolExecutor$Worker.run(ThreadPoolExecutor.java:588)
01-14 20:14:34.178 32180 32254 E RobotCore: java.lang.Thread.run(Thread.java:818)
01-14 20:14:34.179 32180 32254 V RobotCore: thread: ...terminating 'r/w loop: Modern Robotics USB Core Device Interface Module [AL00VFK6]'
01-14 20:14:34.180 32180 32258 W System.err: 	at com.ftdi.j2xx.ProcessInCtrl.releaseWritableBuffers(FT_Device.java:2672)
01-14 20:14:34.180 32180 32258 W System.err: 	at com.ftdi.j2xx.BulkInWorker.run(FT_Device.java:2879)
01-14 20:14:34.180 32180 32258 W System.err: 	at java.lang.Thread.run(Thread.java:818)
01-14 20:14:34.181 32180 32180 D UsbDeviceConnectionJNI: close
01-14 20:14:34.181 32180 32265 D ProcessRequestThread::: Device has been closed.
01-14 20:14:34.181 32180 32265 W System.err: java.lang.InterruptedException
01-14 20:14:34.182 32180 32268 W RobotCore: could not write to Modern Robotics USB DC Motor Controller [AL00VBIF]: FTDI Null Pointer Exception
01-14 20:14:34.182 32180 32268 E RobotCore: java.lang.NullPointerException: Attempt to invoke interface method 'void java.util.concurrent.locks.Lock.unlock()' on a null object reference
01-14 20:14:34.182 32180 32257 E FTDI_Device::: UsbConnection.requestWait() == null
01-14 20:14:34.182 32180 32264 D BulkIn::: Stop BulkIn thread
01-14 20:14:34.182 32180 32268 E RobotCore: com.ftdi.j2xx.ProcessInCtrl.readBulkInData(FT_Device.java:2520)
01-14 20:14:34.182 32180 32268 E RobotCore: com.ftdi.j2xx.FT_Device.read(FT_Device.java:666)
01-14 20:14:34.182 32180 32268 E RobotCore: com.qualcomm.robotcore.hardware.usb.ftdi.RobotUsbDeviceFtdi.read(RobotUsbDeviceFtdi.java:199)
01-14 20:14:34.182 32180 32268 E RobotCore: com.qualcomm.robotcore.hardware.usb.ftdi.RobotUsbDeviceFtdi.read(RobotUsbDeviceFtdi.java:176)
01-14 20:14:34.182 32180 32268 E RobotCore: com.qualcomm.modernrobotics.ReadWriteRunnableUsbHandler.b(SourceFile:109)
01-14 20:14:34.182 32180 32268 E RobotCore: com.qualcomm.modernrobotics.ReadWriteRunnableUsbHandler.write(SourceFile:98)
01-14 20:14:34.182 32180 32268 E RobotCore: com.qualcomm.hardware.modernrobotics.ReadWriteRunnableStandard$1.run(ReadWriteRunnableStandard.java:394)
01-14 20:14:34.183 32180 32268 E RobotCore: com.qualcomm.robotcore.util.ThreadPool.logThreadLifeCycle(ThreadPool.java:513)
01-14 20:14:34.183 32180 32268 E RobotCore: com.qualcomm.hardware.modernrobotics.ReadWriteRunnableStandard.run(ReadWriteRunnableStandard.java:302)
01-14 20:14:34.183 32180 32265 W System.err: 	at java.util.concurrent.locks.AbstractQueuedSynchronizer.doAcquireSharedInterruptibly(AbstractQueuedSynchronizer.java:972)
01-14 20:14:34.183 32180 32268 E RobotCore: java.util.concurrent.ThreadPoolExecutor.runWorker(ThreadPoolExecutor.java:1113)
01-14 20:14:34.183 32180 32268 E RobotCore: java.util.concurrent.ThreadPoolExecutor$Worker.run(ThreadPoolExecutor.java:588)
01-14 20:14:34.183 32180 32268 E RobotCore: java.lang.Thread.run(Thread.java:818)
01-14 20:14:34.183 32180 32265 W System.err: 	at java.util.concurrent.locks.AbstractQueuedSynchronizer.acquireSharedInterruptibly(AbstractQueuedSynchronizer.java:1278)
01-14 20:14:34.183 32180 32265 W System.err: 	at java.util.concurrent.Semaphore.acquire(Semaphore.java:284)
01-14 20:14:34.183 32180 32265 W System.err: 	at com.ftdi.j2xx.ProcessInCtrl.acquireReadableBuffer(FT_Device.java:2294)
01-14 20:14:34.183 32180 32265 W System.err: 	at com.ftdi.j2xx.ProcessRequestWorker.run(FT_Device.java:2764)
01-14 20:14:34.183 32180 32265 W System.err: 	at java.lang.Thread.run(Thread.java:818)
01-14 20:14:34.183 32180 32268 V RobotCore: thread: ...terminating 'r/w loop: Modern Robotics USB DC Motor Controller [AL00VBIF]'
01-14 20:14:34.184 32180 32264 W System.err: java.lang.NullPointerException: Attempt to invoke virtual method 'int com.ftdi.j2xx.D2xxManager$DriverParameters.getBufferNumber()' on a null object reference
01-14 20:14:34.184 32180 32264 W System.err: 	at com.ftdi.j2xx.ProcessInCtrl.releaseWritableBuffers(FT_Device.java:2672)
01-14 20:14:34.184 32180 32264 W System.err: 	at com.ftdi.j2xx.BulkInWorker.run(FT_Device.java:2879)
01-14 20:14:34.184 32180 32264 W System.err: 	at java.lang.Thread.run(Thread.java:818)
01-14 20:14:34.185 32180 32235 D RobotCore: system telemetry: key=$System$Warning$ msg="problem communicating with Modern Robotics USB Core Device Interface Module [AL00VFK6]; problem communicating with Modern Robotics USB Servo Controller [AL00VSDY]; problem communicating with Modern Robotics USB DC Motor Controller [AL00VWH0]; problem communicating with Modern Robotics USB DC Motor Controller [AL00VBIF]"
01-14 20:14:34.194 32180 32180 D UsbDeviceConnectionJNI: close
01-14 20:14:34.195 32180 32262 D ProcessRequestThread::: Device has been closed.
01-14 20:14:34.195 32180 32262 W System.err: java.lang.InterruptedException
01-14 20:14:34.195 32180 32262 W System.err: 	at java.util.concurrent.locks.AbstractQueuedSynchronizer.doAcquireSharedInterruptibly(AbstractQueuedSynchronizer.java:972)
01-14 20:14:34.195 32180 32262 W System.err: 	at java.util.concurrent.locks.AbstractQueuedSynchronizer.acquireSharedInterruptibly(AbstractQueuedSynchronizer.java:1278)
01-14 20:14:34.195 32180 32262 W System.err: 	at java.util.concurrent.Semaphore.acquire(Semaphore.java:284)
01-14 20:14:34.195 32180 32262 W System.err: 	at com.ftdi.j2xx.ProcessInCtrl.acquireReadableBuffer(FT_Device.java:2294)
01-14 20:14:34.195 32180 32262 W System.err: 	at com.ftdi.j2xx.ProcessRequestWorker.run(FT_Device.java:2764)
01-14 20:14:34.195 32180 32262 W System.err: 	at java.lang.Thread.run(Thread.java:818)
01-14 20:14:34.196 32180 32261 D BulkIn::: Stop BulkIn thread
01-14 20:14:34.196 32180 32261 W System.err: java.lang.NullPointerException: Null pointer exception during instruction 'monitor-enter v2'
01-14 20:14:34.197 32180 32261 W System.err: 	at com.ftdi.j2xx.ProcessInCtrl.getBuffer(FT_Device.java:2269)
01-14 20:14:34.197 32180 32261 W System.err: 	at com.ftdi.j2xx.ProcessInCtrl.releaseWritableBuffers(FT_Device.java:2675)
01-14 20:14:34.197 32180 32261 W System.err: 	at com.ftdi.j2xx.BulkInWorker.run(FT_Device.java:2879)
01-14 20:14:34.197 32180 32261 W System.err: 	at java.lang.Thread.run(Thread.java:818)
01-14 20:14:34.197 32180 32180 D UsbDeviceConnectionJNI: close
01-14 20:14:34.198 32180 32263 W RobotCore: could not write to Modern Robotics USB DC Motor Controller [AI049QOP]: FTDI Null Pointer Exception
01-14 20:14:34.198 32180 32263 E RobotCore: java.lang.NullPointerException: Attempt to invoke interface method 'void java.util.concurrent.locks.Lock.unlock()' on a null object reference
01-14 20:14:34.198 32180 32263 E RobotCore: com.ftdi.j2xx.ProcessInCtrl.readBulkInData(FT_Device.java:2520)
01-14 20:14:34.198 32180 32263 E RobotCore: com.ftdi.j2xx.FT_Device.read(FT_Device.java:666)
01-14 20:14:34.198 32180 32263 E RobotCore: com.qualcomm.robotcore.hardware.usb.ftdi.RobotUsbDeviceFtdi.read(RobotUsbDeviceFtdi.java:199)
01-14 20:14:34.198 32180 32263 E RobotCore: com.qualcomm.robotcore.hardware.usb.ftdi.RobotUsbDeviceFtdi.read(RobotUsbDeviceFtdi.java:176)
01-14 20:14:34.198 32180 32263 E RobotCore: com.qualcomm.modernrobotics.ReadWriteRunnableUsbHandler.b(SourceFile:109)
01-14 20:14:34.198 32180 32263 E RobotCore: com.qualcomm.modernrobotics.ReadWriteRunnableUsbHandler.write(SourceFile:98)
01-14 20:14:34.198 32180 32263 E RobotCore: com.qualcomm.hardware.modernrobotics.ReadWriteRunnableStandard$1.run(ReadWriteRunnableStandard.java:394)
01-14 20:14:34.198 32180 32263 E RobotCore: com.qualcomm.robotcore.util.ThreadPool.logThreadLifeCycle(ThreadPool.java:513)
01-14 20:14:34.198 32180 32263 E RobotCore: com.qualcomm.hardware.modernrobotics.ReadWriteRunnableStandard.run(ReadWriteRunnableStandard.java:302)
01-14 20:14:34.198 32180 32263 E RobotCore: java.util.concurrent.ThreadPoolExecutor.runWorker(ThreadPoolExecutor.java:1113)
01-14 20:14:34.198 32180 32256 D ProcessRequestThread::: Device has been closed.
01-14 20:14:34.198 32180 32263 E RobotCore: java.util.concurrent.ThreadPoolExecutor$Worker.run(ThreadPoolExecutor.java:588)
01-14 20:14:34.198 32180 32263 E RobotCore: java.lang.Thread.run(Thread.java:818)
01-14 20:14:34.198 32180 32256 W System.err: java.lang.InterruptedException
01-14 20:14:34.198 32180 32257 W RobotCore: could not write to Modern Robotics USB DC Motor Controller [A104OQ1P]: FTDI Null Pointer Exception
01-14 20:14:34.198 32180 32255 D BulkIn::: Stop BulkIn thread
01-14 20:14:34.198 32180 32257 E RobotCore: java.lang.NullPointerException: Attempt to invoke interface method 'void java.util.concurrent.locks.Lock.unlock()' on a null object reference
01-14 20:14:34.198 32180 32255 W System.err: java.lang.NullPointerException: Attempt to invoke virtual method 'int com.ftdi.j2xx.D2xxManager$DriverParameters.getBufferNumber()' on a null object reference
01-14 20:14:34.199 32180 32256 W System.err: 	at 	at java.util.concurrent.locks.AbstractQueuedSynchronizer.doAcquireSharedInterruptibly(AbstractQueuedSynchronizer.java:972)
01-14 20:14:34.199 32180 32255 W System.err: 	at com.ftdi.j2xx.ProcessInCtrl.releaseWritableBuffers(FT_Device.java:2672)
01-14 20:14:34.199 32180 32257 E RobotCore: com.ftdi.j2xx.ProcessInCtrl.readBulkInData(FT_Device.java:2520)
01-14 20:14:34.199 32180 32257 E RobotCore: com.ftdi.j2xx.FT_Device.read(FT_Device.java:666)
01-14 20:14:34.199 32180 32255 W System.err: 	at com.ftdi.j2xx.BulkInWorker.run(FT_Device.java:2879)
01-14 20:14:34.199 32180 32255 W System.err: 	at java.lang.Thread.run(Thread.java:818)
01-14 20:14:34.199 32180 32257 E RobotCore: com.qualcomm.robotcore.hardware.usb.ftdi.RobotUsbDeviceFtdi.read(RobotUsbDeviceFtdi.java:199)
01-14 20:14:34.199 32180 32257 E RobotCore: com.qualcomm.robotcore.hardware.usb.ftdi.RobotUsbDeviceFtdi.read(RobotUsbDeviceFtdi.java:176)
01-14 20:14:34.199 32180 32257 E RobotCore: com.qualcomm.modernrobotics.ReadWriteRunnableUsbHandler.b(SourceFile:109)
01-14 20:14:34.199 32180 32257 E RobotCore: com.qualcomm.modernrobotics.ReadWriteRunnableUsbHandler.write(SourceFile:98)
01-14 20:14:34.199 32180 32257 E RobotCore: com.qualcomm.hardware.modernrobotics.ReadWriteRunnableStandard$1.run(ReadWriteRunnableStandard.java:394)
01-14 20:14:34.199 32180 32257 E RobotCore: com.qualcomm.robotcore.util.ThreadPool.logThreadLifeCycle(ThreadPool.java:513)
01-14 20:14:34.199 32180 32257 E RobotCore: com.qualcomm.hardware.modernrobotics.ReadWriteRunnableStandard.run(ReadWriteRunnableStandard.java:302)
01-14 20:14:34.199 32180 32257 E RobotCore: java.util.concurrent.ThreadPoolExecutor.runWorker(ThreadPoolExecutor.java:1113)
01-14 20:14:34.199 32180 32257 E RobotCore: java.util.concurrent.ThreadPoolExecutor$Worker.run(ThreadPoolExecutor.java:588)
01-14 20:14:34.199 32180 32257 E RobotCore: java.lang.Thread.run(Thread.java:818)
01-14 20:14:34.199 32180 32256 W System.err: java.util.concurrent.locks.AbstractQueuedSynchronizer.acquireSharedInterruptibly(AbstractQueuedSynchronizer.java:1278)
01-14 20:14:34.199 32180 32257 V RobotCore: thread: ...terminating 'r/w loop: Modern Robotics USB DC Motor Controller [A104OQ1P]'
01-14 20:14:34.199 32180 32256 W System.err: 	at java.util.concurrent.Semaphore.acquire(Semaphore.java:284)
01-14 20:14:34.199 32180 32269 D RobotCore: system telemetry: key=$System$Warning$ msg="problem communicating with Modern Robotics USB Core Device Interface Module [AL00VFK6]; problem communicating with Modern Robotics USB Servo Controller [AL00VSDY]; problem communicating with Modern Robotics USB DC Motor Controller [AL00VWH0]; problem communicating with Modern Robotics USB DC Motor Controller [AI049QOP]; problem communicating with Modern Robotics USB DC Motor Controller [AL00VBIF]"
01-14 20:14:34.199 32180 32256 W System.err: 	at com.ftdi.j2xx.ProcessInCtrl.acquireReadableBuffer(FT_Device.java:2294)
01-14 20:14:34.199 32180 32256 W System.err: 	at com.ftdi.j2xx.ProcessRequestWorker.run(FT_Device.java:2764)
01-14 20:14:34.199 32180 32256 W System.err: 	at java.lang.Thread.run(Thread.java:818)
01-14 20:14:34.200 32180 32269 V RobotCore: event loop: device has shutdown abnormally
01-14 20:14:34.200 32180 32269 V RobotCore: event loop: detaching device owner
01-14 20:14:34.200 32180 32269 I FIRST   : ======= MODULE DETACH RECOVERY: disarm Modern Robotics USB Servo Controller [AL00VSDY]=======
01-14 20:14:34.200 32180 32269 D RobotCore: disarming modern servo controller "Modern Robotics USB Servo Controller [AL00VSDY]"...
01-14 20:14:34.201 32180 32269 V RobotCore: waiting for service ReadWriteRunnable for Modern Robotics USB Device
01-14 20:14:34.201 32180 32263 V RobotCore: thread: ...terminating 'r/w loop: Modern Robotics USB DC Motor Controller [AI049QOP]'
01-14 20:14:34.201 32180 32269 V RobotCore: awaitTermination returned, isTerminated=true
01-14 20:14:34.201 32180 32269 V RobotCore: executive service ReadWriteRunnable for Modern Robotics USB Device is terminated
01-14 20:14:34.201 32180 32269 D RobotCore: ...disarming modern servo controller Modern Robotics USB Servo Controller [AL00VSDY] complete
01-14 20:14:34.201 32180 32269 I FIRST   : ======= MODULE DETACH RECOVERY: pretend Modern Robotics USB Servo Controller [AL00VSDY]=======
01-14 20:14:34.201 32180 32269 D RobotCore: arming modern servo controller Modern Robotics USB Servo Controller [AL00VSDY] (pretend)...
01-14 20:14:34.202 32180 32269 V RobotCore: Starting up pretend device AL00VSDY
01-14 20:14:34.204 32180 32295 V RobotCore: thread: 'r/w loop: Modern Robotics USB Servo Controller [AL00VSDY]' starting...
01-14 20:14:34.204 32180 32269 D RobotCore: ...arming modern servo controller Modern Robotics USB Servo Controller [AL00VSDY] complete
01-14 20:14:34.204 32180 32269 I FIRST   : ======= MODULE DETACH RECOVERY: complete Modern Robotics USB Servo Controller [AL00VSDY]=======
01-14 20:14:34.204 32180 32269 V RobotCore: event loop: device has shutdown abnormally
01-14 20:14:34.204 32180 32269 V RobotCore: event loop: detaching device owner
01-14 20:14:34.204 32180 32269 I FIRST   : ======= MODULE DETACH RECOVERY: disarm Modern Robotics USB Core Device Interface Module [AL00VFK6]=======
01-14 20:14:34.205 32180 32269 V RobotCore: waiting for service ReadWriteRunnable for Modern Robotics USB Device
01-14 20:14:34.205 32180 32269 V RobotCore: awaitTermination returned, isTerminated=true
01-14 20:14:34.205 32180 32269 V RobotCore: executive service ReadWriteRunnable for Modern Robotics USB Device is terminated
01-14 20:14:34.205 32180 32269 I FIRST   : ======= MODULE DETACH RECOVERY: pretend Modern Robotics USB Core Device Interface Module [AL00VFK6]=======
01-14 20:14:34.205 32180 32269 V RobotCore: Starting up pretend device AL00VFK6
01-14 20:14:34.208 32180 32296 V RobotCore: thread: 'r/w loop: Modern Robotics USB Core Device Interface Module [AL00VFK6]' starting...
01-14 20:14:34.209 32180 32269 I FIRST   : ======= MODULE DETACH RECOVERY: complete Modern Robotics USB Core Device Interface Module [AL00VFK6]=======
01-14 20:14:34.209 32180 32269 V RobotCore: event loop: device has shutdown abnormally
01-14 20:14:34.209 32180 32269 V RobotCore: event loop: detaching device owner
01-14 20:14:34.210 32180 32269 I FIRST   : ======= MODULE DETACH RECOVERY: disarm Modern Robotics USB DC Motor Controller [A104OQ1P]=======
01-14 20:14:34.210 32180 32269 D RobotCore: disarming modern motor controller Modern Robotics USB DC Motor Controller [A104OQ1P]...
01-14 20:14:34.210 32180 32269 V RobotCore: waiting for service ReadWriteRunnable for Modern Robotics USB Device
01-14 20:14:34.214 32180 32269 V RobotCore: awaitTermination returned, isTerminated=true
01-14 20:14:34.214 32180 32269 V RobotCore: executive service ReadWriteRunnable for Modern Robotics USB Device is terminated
01-14 20:14:34.214 32180 32269 D RobotCore: ...disarming modern motor controller Modern Robotics USB DC Motor Controller [A104OQ1P] complete
01-14 20:14:34.214 32180 32269 I FIRST   : ======= MODULE DETACH RECOVERY: pretend Modern Robotics USB DC Motor Controller [A104OQ1P]=======
01-14 20:14:34.214 32180 32269 D RobotCore: arming modern motor controller Modern Robotics USB DC Motor Controller [A104OQ1P] (pretend)...
01-14 20:14:34.214 32180 32269 V RobotCore: Starting up pretend device A104OQ1P
01-14 20:14:34.216 32180 32297 V RobotCore: thread: 'r/w loop: Modern Robotics USB DC Motor Controller [A104OQ1P]' starting...
01-14 20:14:34.217 32180 32269 D RobotCore: ...arming modern motor controller Modern Robotics USB DC Motor Controller [A104OQ1P] complete
01-14 20:14:34.217 32180 32269 I FIRST   : ======= MODULE DETACH RECOVERY: complete Modern Robotics USB DC Motor Controller [A104OQ1P]=======
01-14 20:14:34.217 32180 32269 V RobotCore: event loop: device has shutdown abnormally
01-14 20:14:34.217 32180 32269 V RobotCore: event loop: detaching device owner
01-14 20:14:34.217 32180 32269 I FIRST   : ======= MODULE DETACH RECOVERY: disarm Modern Robotics USB DC Motor Controller [AL00VWH0]=======
01-14 20:14:34.217 32180 32269 D RobotCore: disarming modern motor controller Modern Robotics USB DC Motor Controller [AL00VWH0]...
01-14 20:14:34.217 32180 32269 V RobotCore: waiting for service ReadWriteRunnable for Modern Robotics USB Device
01-14 20:14:34.218 32180 32269 V RobotCore: awaitTermination returned, isTerminated=true
01-14 20:14:34.218 32180 32269 V RobotCore: executive service ReadWriteRunnable for Modern Robotics USB Device is terminated
01-14 20:14:34.218 32180 32269 D RobotCore: ...disarming modern motor controller Modern Robotics USB DC Motor Controller [AL00VWH0] complete
01-14 20:14:34.218 32180 32269 I FIRST   : ======= MODULE DETACH RECOVERY: pretend Modern Robotics USB DC Motor Controller [AL00VWH0]=======
01-14 20:14:34.219 32180 32269 D RobotCore: arming modern motor controller Modern Robotics USB DC Motor Controller [AL00VWH0] (pretend)...
01-14 20:14:34.219 32180 32269 V RobotCore: Starting up pretend device AL00VWH0
01-14 20:14:34.227 32180 32298 V RobotCore: thread: 'r/w loop: Modern Robotics USB DC Motor Controller [AL00VWH0]' starting...
01-14 20:14:34.228 32180 32269 D RobotCore: ...arming modern motor controller Modern Robotics USB DC Motor Controller [AL00VWH0] complete
01-14 20:14:34.229 32180 32269 I FIRST   : ======= MODULE DETACH RECOVERY: complete Modern Robotics USB DC Motor Controller [AL00VWH0]=======
01-14 20:14:34.229 32180 32269 V RobotCore: event loop: device has shutdown abnormally
01-14 20:14:34.229 32180 32269 V RobotCore: event loop: detaching device owner
01-14 20:14:34.229 32180 32269 I FIRST   : ======= MODULE DETACH RECOVERY: disarm Modern Robotics USB DC Motor Controller [AI049QOP]=======
01-14 20:14:34.229 32180 32269 D RobotCore: disarming modern motor controller Modern Robotics USB DC Motor Controller [AI049QOP]...
01-14 20:14:34.229 32180 32269 V RobotCore: waiting for service ReadWriteRunnable for Modern Robotics USB Device
01-14 20:14:34.230 32180 32269 V RobotCore: awaitTermination returned, isTerminated=true
01-14 20:14:34.230 32180 32269 V RobotCore: executive service ReadWriteRunnable for Modern Robotics USB Device is terminated
01-14 20:14:34.230 32180 32269 D RobotCore: ...disarming modern motor controller Modern Robotics USB DC Motor Controller [AI049QOP] complete
01-14 20:14:34.230 32180 32269 I FIRST   : ======= MODULE DETACH RECOVERY: pretend Modern Robotics USB DC Motor Controller [AI049QOP]=======
01-14 20:14:34.230 32180 32269 D RobotCore: arming modern motor controller Modern Robotics USB DC Motor Controller [AI049QOP] (pretend)...
01-14 20:14:34.230 32180 32269 V RobotCore: Starting up pretend device AI049QOP
01-14 20:14:34.232 32180 32299 V RobotCore: thread: 'r/w loop: Modern Robotics USB DC Motor Controller [AI049QOP]' starting...
01-14 20:14:34.232 32180 32269 D RobotCore: ...arming modern motor controller Modern Robotics USB DC Motor Controller [AI049QOP] complete
01-14 20:14:34.232 32180 32269 I FIRST   : ======= MODULE DETACH RECOVERY: complete Modern Robotics USB DC Motor Controller [AI049QOP]=======
01-14 20:14:34.232 32180 32269 V RobotCore: event loop: device has shutdown abnormally
01-14 20:14:34.232 32180 32269 V RobotCore: event loop: detaching device owner
01-14 20:14:34.233 32180 32269 I FIRST   : ======= MODULE DETACH RECOVERY: disarm Modern Robotics USB DC Motor Controller [AL00VBIF]=======
01-14 20:14:34.233 32180 32269 D RobotCore: disarming modern motor controller Modern Robotics USB DC Motor Controller [AL00VBIF]...
01-14 20:14:34.233 32180 32269 V RobotCore: waiting for service ReadWriteRunnable for Modern Robotics USB Device
01-14 20:14:34.233 32180 32269 V RobotCore: awaitTermination returned, isTerminated=true
01-14 20:14:34.233 32180 32269 V RobotCore: executive service ReadWriteRunnable for Modern Robotics USB Device is terminated
01-14 20:14:34.233 32180 32269 D RobotCore: ...disarming modern motor controller Modern Robotics USB DC Motor Controller [AL00VBIF] complete
01-14 20:14:34.233 32180 32269 I FIRST   : ======= MODULE DETACH RECOVERY: pretend Modern Robotics USB DC Motor Controller [AL00VBIF]=======
01-14 20:14:34.233 32180 32269 D RobotCore: arming modern motor controller Modern Robotics USB DC Motor Controller [AL00VBIF] (pretend)...
01-14 20:14:34.233 32180 32269 V RobotCore: Starting up pretend device AL00VBIF
01-14 20:14:34.235 32180 32300 V RobotCore: thread: 'r/w loop: Modern Robotics USB DC Motor Controller [AL00VBIF]' starting...
01-14 20:14:34.235 32180 32269 D RobotCore: ...arming modern motor controller Modern Robotics USB DC Motor Controller [AL00VBIF] complete
01-14 20:14:34.235 32180 32269 I FIRST   : ======= MODULE DETACH RECOVERY: complete Modern Robotics USB DC Motor Controller [AL00VBIF]=======
01-14 20:14:34.237 32180 32269 D RobotCore: system telemetry: key=$System$Warning$ msg="problem communicating with Modern Robotics USB DC Motor Controller [A104OQ1P]; problem communicating with Modern Robotics USB Core Device Interface Module [AL00VFK6]; problem communicating with Modern Robotics USB Servo Controller [AL00VSDY]; problem communicating with Modern Robotics USB DC Motor Controller [AL00VWH0]; problem communicating with Modern Robotics USB DC Motor Controller [AI049QOP]; problem communicating with Modern Robotics USB DC Motor Controller [AL00VBIF]"
01-14 20:14:35.240 32180 32243 W AudioTrack: AUDIO_OUTPUT_FLAG_FAST denied by client; transfer 4, track 44100 Hz, output 48000 Hz
01-14 20:14:41.926 32180 32180 V RCActivity: onPause()
01-14 20:14:41.934 32180 32180 V RCActivity: onStop()
01-14 20:14:41.934 32180 32180 V RobotCore: executive service robot setup is terminated
01-14 20:14:41.934 32180 32180 V Robocol : EventLoopManager.shutdown()
01-14 20:14:41.934 32180 32180 V RobotCore: waiting for service EventLoop
01-14 20:14:41.934 32180 32269 V RobotCore: EventLoopRunnable interrupted
01-14 20:14:41.934 32180 32269 V RobotCore: EventLoopManager state is STOPPED
01-14 20:14:41.935 32180 32269 V RobotCore: Robot Status: stopped
01-14 20:14:41.935 32180 32269 I FIRST   : ======= TEARDOWN =======
01-14 20:14:41.935 32180 32269 D RobotCore: disarming modern motor controller Modern Robotics USB DC Motor Controller [A104OQ1P]...
01-14 20:14:41.940 32180 32269 V RobotCore: waiting for service ReadWriteRunnable for Modern Robotics USB Device
01-14 20:14:41.940 32180 32297 V RobotCore: thread: ...terminating 'r/w loop: Modern Robotics USB DC Motor Controller [A104OQ1P]'
01-14 20:14:41.940 32180 32269 V RobotCore: awaitTermination returned, isTerminated=true
01-14 20:14:41.940 32180 32269 V RobotCore: executive service ReadWriteRunnable for Modern Robotics USB Device is terminated
01-14 20:14:41.940 32180 32269 D RobotCore: ...disarming modern motor controller Modern Robotics USB DC Motor Controller [A104OQ1P] complete
01-14 20:14:41.941 32180 32269 D RobotCore: disarming modern motor controller Modern Robotics USB DC Motor Controller [AL00VWH0]...
01-14 20:14:41.945 32180 32298 V RobotCore: thread: ...terminating 'r/w loop: Modern Robotics USB DC Motor Controller [AL00VWH0]'
01-14 20:14:41.945 32180 32269 V RobotCore: executive service ReadWriteRunnable for Modern Robotics USB Device is terminated
01-14 20:14:41.946 32180 32269 D RobotCore: ...disarming modern motor controller Modern Robotics USB DC Motor Controller [AL00VWH0] complete
01-14 20:14:41.946 32180 32269 D RobotCore: disarming modern motor controller Modern Robotics USB DC Motor Controller [AI049QOP]...
01-14 20:14:41.953 32180 32299 V RobotCore: thread: ...terminating 'r/w loop: Modern Robotics USB DC Motor Controller [AI049QOP]'
01-14 20:14:41.953 32180 32269 V RobotCore: waiting for service ReadWriteRunnable for Modern Robotics USB Device
01-14 20:14:41.954 32180 32269 V RobotCore: awaitTermination returned, isTerminated=true
01-14 20:14:41.954 32180 32269 V RobotCore: executive service ReadWriteRunnable for Modern Robotics USB Device is terminated
01-14 20:14:41.954 32180 32269 D RobotCore: ...disarming modern motor controller Modern Robotics USB DC Motor Controller [AI049QOP] complete
01-14 20:14:41.954 32180 32269 D RobotCore: disarming modern motor controller Modern Robotics USB DC Motor Controller [AL00VBIF]...
01-14 20:14:41.963 32180 32300 V RobotCore: thread: ...terminating 'r/w loop: Modern Robotics USB DC Motor Controller [AL00VBIF]'
01-14 20:14:41.964 32180 32269 V RobotCore: executive service ReadWriteRunnable for Modern Robotics USB Device is terminated
01-14 20:14:41.964 32180 32269 D RobotCore: ...disarming modern motor controller Modern Robotics USB DC Motor Controller [AL00VBIF] complete
01-14 20:14:41.964 32180 32269 D RobotCore: disarming modern servo controller "Modern Robotics USB Servo Controller [AL00VSDY]"...
01-14 20:14:41.968 32180 32269 V RobotCore: waiting for service ReadWriteRunnable for Modern Robotics USB Device
01-14 20:14:41.968 32180 32295 V RobotCore: thread: ...terminating 'r/w loop: Modern Robotics USB Servo Controller [AL00VSDY]'
01-14 20:14:41.968 32180 32269 V RobotCore: awaitTermination returned, isTerminated=true
01-14 20:14:41.968 32180 32269 V RobotCore: executive service ReadWriteRunnable for Modern Robotics USB Device is terminated
01-14 20:14:41.968 32180 32269 D RobotCore: ...disarming modern servo controller Modern Robotics USB Servo Controller [AL00VSDY] complete
01-14 20:14:41.973 32180 32296 V RobotCore: thread: ...terminating 'r/w loop: Modern Robotics USB Core Device Interface Module [AL00VFK6]'
01-14 20:14:41.973 32180 32269 V RobotCore: waiting for service ReadWriteRunnable for Modern Robotics USB Device
01-14 20:14:41.973 32180 32269 V RobotCore: awaitTermination returned, isTerminated=true
01-14 20:14:41.973 32180 32269 V RobotCore: executive service ReadWriteRunnable for Modern Robotics USB Device is terminated
01-14 20:14:41.973 32180 32269 I FIRST   : ======= TEARDOWN COMPLETE =======
01-14 20:14:41.974 32180 32269 V RobotCore: thread: ...terminating 'opmode loop()'
01-14 20:14:41.974 32180 32180 V RobotCore: awaitTermination returned, isTerminated=true
01-14 20:14:41.974 32180 32180 V RobotCore: executive service EventLoop is terminated
01-14 20:14:41.974 32180 32180 V RobotCore: EventLoopManager state is STOPPED
01-14 20:14:41.978 32180 32235 D RobotCore: system telemetry: key=$System$None$ msg=""
