01-14 21:55:55.683 13469 13585 I RobotCore: SHOOTER RPM2: 1156.7483370277218
01-14 21:55:55.783 13469 13585 I RobotCore: SHOOTER batteryVoltage: 12.263929618768328
01-14 21:55:55.783 13469 13585 I RobotCore: SHOOTER RPM1: 1211.816437920565
01-14 21:55:55.783 13469 13585 I RobotCore: SHOOTER RPM2: 1225.2810650085712
01-14 21:55:55.883 13469 13585 I RobotCore: SHOOTER batteryVoltage: 12.144281524926686
01-14 21:55:55.884 13469 13585 I RobotCore: SHOOTER RPM1: 1292.9450503161754
01-14 21:55:55.884 13469 13585 I RobotCore: SHOOTER RPM2: 1306.4132279236358
01-14 21:55:55.984 13469 13585 I RobotCore: SHOOTER batteryVoltage: 12.263929618768328
01-14 21:55:55.984 13469 13585 I RobotCore: SHOOTER RPM1: 1115.6725321352424
01-14 21:55:55.984 13469 13585 I RobotCore: SHOOTER RPM2: 1129.1143698718115
01-14 21:55:56.084 13469 13585 I RobotCore: SHOOTER batteryVoltage: 12.144281524926686
01-14 21:55:56.084 13469 13585 I RobotCore: SHOOTER RPM1: 1305.1883075675883
01-14 21:55:56.085 13469 13585 I RobotCore: SHOOTER RPM2: 1305.1883075675883
01-14 21:55:56.185 13469 13585 I RobotCore: SHOOTER batteryVoltage: 12.224046920821113
01-14 21:55:56.185 13469 13585 I RobotCore: SHOOTER RPM1: 1171.7071270704307
01-14 21:55:56.185 13469 13585 I RobotCore: SHOOTER RPM2: 1185.1750250827345
01-14 21:55:56.285 13469 13585 I RobotCore: SHOOTER batteryVoltage: 12.243988269794722
01-14 21:55:56.285 13469 13585 I RobotCore: SHOOTER RPM1: 1237.6249457918257
01-14 21:55:56.285 13469 13585 I RobotCore: SHOOTER RPM2: 1237.6249457918257
01-14 21:55:56.386 13469 13585 I RobotCore: SHOOTER batteryVoltage: 12.204105571847506
01-14 21:55:56.386 13469 13585 I RobotCore: SHOOTER RPM1: 1142.659206167457
01-14 21:55:56.386 13469 13585 I RobotCore: SHOOTER RPM2: 1142.659206167457
01-14 21:55:56.486 13469 13585 I RobotCore: SHOOTER batteryVoltage: 12.263929618768328
01-14 21:55:56.486 13469 13585 I RobotCore: SHOOTER RPM1: 1237.351002516281
01-14 21:55:56.486 13469 13585 I RobotCore: SHOOTER RPM2: 1250.800469934936
01-14 21:55:56.587 13469 13585 I RobotCore: SHOOTER batteryVoltage: 12.164222873900293
01-14 21:55:56.587 13469 13585 I RobotCore: SHOOTER RPM1: 1210.423841859145
01-14 21:55:56.587 13469 13585 I RobotCore: SHOOTER RPM2: 1210.423841859145
01-14 21:55:56.687 13469 13585 I RobotCore: SHOOTER batteryVoltage: 12.204105571847506
01-14 21:55:56.687 13469 13585 I RobotCore: SHOOTER RPM1: 1333.1537488152258
01-14 21:55:56.687 13469 13585 I RobotCore: SHOOTER RPM2: 1346.6199482982079
01-14 21:55:56.787 13469 13585 I RobotCore: SHOOTER batteryVoltage: 12.1841642228739
01-14 21:55:56.788 13469 13585 I RobotCore: SHOOTER RPM1: 1076.078435477683
01-14 21:55:56.788 13469 13585 I RobotCore: SHOOTER RPM2: 1089.529415921154
01-14 21:55:56.888 13469 13585 I RobotCore: SHOOTER batteryVoltage: 12.224046920821113
01-14 21:55:56.888 13469 13585 I RobotCore: SHOOTER RPM1: 1278.0485409562427
01-14 21:55:56.888 13469 13585 I RobotCore: SHOOTER RPM2: 1291.5016834926241
01-14 21:55:56.988 13469 13585 I RobotCore: SHOOTER batteryVoltage: 12.243988269794722
01-14 21:55:56.988 13469 13585 I RobotCore: SHOOTER RPM1: 1223.888209218188
01-14 21:55:56.989 13469 13585 I RobotCore: SHOOTER RPM2: 1237.3375301986077
01-14 21:55:57.089 13469 13585 I RobotCore: SHOOTER batteryVoltage: 12.204105571847506
01-14 21:55:57.089 13469 13585 I RobotCore: SHOOTER RPM1: 1289.7622739357553
01-14 21:55:57.089 13469 13585 I RobotCore: SHOOTER RPM2: 1289.7622739357553
01-14 21:55:57.189 13469 13585 I RobotCore: SHOOTER batteryVoltage: 12.263929618768328
01-14 21:55:57.190 13469 13585 I RobotCore: SHOOTER RPM1: 1143.051263776089
01-14 21:55:57.190 13469 13585 I RobotCore: SHOOTER RPM2: 1156.4989257028665
01-14 21:55:57.290 13469 13585 I RobotCore: SHOOTER batteryVoltage: 12.164222873900293
01-14 21:55:57.290 13469 13585 I RobotCore: SHOOTER RPM1: 1250.5463684147178
01-14 21:55:57.290 13469 13585 I RobotCore: SHOOTER RPM2: 1263.993103558962
01-14 21:55:57.390 13469 13585 I RobotCore: SHOOTER batteryVoltage: 12.263929618768328
01-14 21:55:57.390 13469 13585 I RobotCore: SHOOTER RPM1: 1252.2597043195894
01-14 21:55:57.390 13469 13585 I RobotCore: SHOOTER RPM2: 1252.2597043195894
01-14 21:55:57.491 13469 13585 I RobotCore: SHOOTER batteryVoltage: 12.164222873900293
01-14 21:55:57.491 13469 13585 I RobotCore: SHOOTER RPM1: 1223.73343589385
01-14 21:55:57.491 13469 13585 I RobotCore: SHOOTER RPM2: 1237.1810560685076
01-14 21:55:57.591 13469 13585 I RobotCore: SHOOTER batteryVoltage: 12.204105571847506
01-14 21:55:57.591 13469 13585 I RobotCore: SHOOTER RPM1: 1209.8876207417736
01-14 21:55:57.591 13469 13585 I RobotCore: SHOOTER RPM2: 1196.444424955754
01-14 21:55:57.692 13469 13585 I RobotCore: SHOOTER batteryVoltage: 12.224046920821113
01-14 21:55:57.692 13469 13585 I RobotCore: SHOOTER RPM1: 1198.422715736856
01-14 21:55:57.692 13469 13585 I RobotCore: SHOOTER RPM2: 1211.88813950918
01-14 21:55:57.792 13469 13585 I RobotCore: SHOOTER batteryVoltage: 12.1841642228739
01-14 21:55:57.792 13469 13585 I RobotCore: SHOOTER RPM1: 1074.868117638824
01-14 21:55:57.792 13469 13585 I RobotCore: SHOOTER RPM2: 1074.868117638824
01-14 21:55:57.893 13469 13585 I RobotCore: SHOOTER batteryVoltage: 12.243988269794722
01-14 21:55:57.893 13469 13585 I RobotCore: SHOOTER RPM1: 1266.1151714839493
01-14 21:55:57.893 13469 13585 I RobotCore: SHOOTER RPM2: 1266.1151714839493
01-14 21:55:57.993 13469 13585 I RobotCore: SHOOTER batteryVoltage: 12.1841642228739
01-14 21:55:57.993 13469 13585 I RobotCore: SHOOTER RPM1: 1304.7613370619765
01-14 21:55:57.993 13469 13585 I RobotCore: SHOOTER RPM2: 1318.2124848667393
01-14 21:55:58.094 13469 13585 I RobotCore: SHOOTER batteryVoltage: 12.243988269794722
01-14 21:55:58.094 13469 13585 I RobotCore: SHOOTER RPM1: 1143.4424181059221
01-14 21:55:58.094 13469 13585 I RobotCore: SHOOTER RPM2: 1143.4424181059221
01-14 21:55:58.194 13469 13585 I RobotCore: SHOOTER batteryVoltage: 12.124340175953078
01-14 21:55:58.194 13469 13585 I RobotCore: SHOOTER RPM1: 1264.7494995821494
01-14 21:55:58.194 13469 13585 I RobotCore: SHOOTER RPM2: 1278.2042814925978
01-14 21:55:58.294 13469 13585 I RobotCore: SHOOTER batteryVoltage: 12.224046920821113
01-14 21:55:58.294 13469 13585 I RobotCore: SHOOTER RPM1: 1184.4987046137762
01-14 21:55:58.294 13469 13585 I RobotCore: SHOOTER RPM2: 1197.9589171662055
01-14 21:55:58.395 13469 13585 I RobotCore: SHOOTER batteryVoltage: 12.224046920821113
01-14 21:55:58.395 13469 13585 I RobotCore: SHOOTER RPM1: 1279.1243048871286
01-14 21:55:58.395 13469 13585 I RobotCore: SHOOTER RPM2: 1279.1243048871286
01-14 21:55:58.495 13469 13585 I RobotCore: SHOOTER batteryVoltage: 12.204105571847506
01-14 21:55:58.495 13469 13585 I RobotCore: SHOOTER RPM1: 1129.2512617757534
01-14 21:55:58.495 13469 13585 I RobotCore: SHOOTER RPM2: 1142.6947291778458
01-14 21:55:58.596 13469 13585 I RobotCore: SHOOTER batteryVoltage: 12.263929618768328
01-14 21:55:58.596 13469 13585 I RobotCore: SHOOTER RPM1: 1223.7004596689044
01-14 21:55:58.596 13469 13585 I RobotCore: SHOOTER RPM2: 1223.7004596689044
01-14 21:55:58.696 13469 13585 I RobotCore: SHOOTER batteryVoltage: 12.224046920821113
01-14 21:55:58.696 13469 13585 I RobotCore: SHOOTER RPM1: 1277.1737455203681
01-14 21:55:58.696 13469 13585 I RobotCore: SHOOTER RPM2: 1290.6176796837406
01-14 21:55:58.797 13469 13585 I RobotCore: SHOOTER batteryVoltage: 12.263929618768328
01-14 21:55:58.797 13469 13585 I RobotCore: SHOOTER RPM1: 1169.988432106512
01-14 21:55:58.797 13469 13585 I RobotCore: SHOOTER RPM2: 1169.988432106512
01-14 21:55:58.897 13469 13585 I RobotCore: SHOOTER batteryVoltage: 12.144281524926686
01-14 21:55:58.897 13469 13585 I RobotCore: SHOOTER RPM1: 1278.1592185792415
01-14 21:55:58.897 13469 13585 I RobotCore: SHOOTER RPM2: 1278.1592185792415
01-14 21:55:58.998 13469 13585 I RobotCore: SHOOTER batteryVoltage: 12.263929618768328
01-14 21:55:58.998 13469 13585 I RobotCore: SHOOTER RPM1: 1144.762420630716
01-14 21:55:58.998 13469 13585 I RobotCore: SHOOTER RPM2: 1158.2302138146067
01-14 21:55:59.098 13469 13585 I RobotCore: SHOOTER batteryVoltage: 12.263929618768328
01-14 21:55:59.098 13469 13585 I RobotCore: SHOOTER RPM1: 1143.7620510991533
01-14 21:55:59.098 13469 13585 I RobotCore: SHOOTER RPM2: 1143.7620510991533
01-14 21:55:59.198 13469 13585 I RobotCore: SHOOTER batteryVoltage: 12.1841642228739
01-14 21:55:59.198 13469 13585 I RobotCore: SHOOTER RPM1: 1238.8209003930203
01-14 21:55:59.198 13469 13585 I RobotCore: SHOOTER RPM2: 1252.2863449625097
01-14 21:55:59.299 13469 13585 I RobotCore: SHOOTER batteryVoltage: 12.263929618768328
01-14 21:55:59.299 13469 13585 I RobotCore: SHOOTER RPM1: 1292.543168418673
01-14 21:55:59.299 13469 13585 I RobotCore: SHOOTER RPM2: 1306.0071597563676
01-14 21:55:59.399 13469 13585 I RobotCore: SHOOTER batteryVoltage: 12.144281524926686
01-14 21:55:59.399 13469 13585 I RobotCore: SHOOTER RPM1: 1102.8574698655266
01-14 21:55:59.399 13469 13585 I RobotCore: SHOOTER RPM2: 1102.8574698655266
01-14 21:55:59.500 13469 13585 I RobotCore: SHOOTER batteryVoltage: 12.204105571847506
01-14 21:55:59.500 13469 13585 I RobotCore: SHOOTER RPM1: 1265.4227772746808
01-14 21:55:59.500 13469 13585 I RobotCore: SHOOTER RPM2: 1265.4227772746808
01-14 21:55:59.600 13469 13585 I RobotCore: SHOOTER batteryVoltage: 12.104398826979471
01-14 21:55:59.600 13469 13585 I RobotCore: SHOOTER RPM1: 1117.3900988390212
01-14 21:55:59.600 13469 13585 I RobotCore: SHOOTER RPM2: 1130.8526301503346
01-14 21:55:59.700 13469 13585 I RobotCore: SHOOTER batteryVoltage: 12.224046920821113
01-14 21:55:59.700 13469 13585 I RobotCore: SHOOTER RPM1: 1264.0684345134387
01-14 21:55:59.701 13469 13585 I RobotCore: SHOOTER RPM2: 1277.5159710508158
01-14 21:55:59.801 13469 13585 I RobotCore: SHOOTER batteryVoltage: 12.144281524926686
01-14 21:55:59.801 13469 13585 I RobotCore: SHOOTER RPM1: 1277.3815728881002
01-14 21:55:59.801 13469 13585 I RobotCore: SHOOTER RPM2: 1263.9354510682253
01-14 21:55:59.901 13469 13585 I RobotCore: SHOOTER batteryVoltage: 12.164222873900293
01-14 21:55:59.901 13469 13585 I RobotCore: SHOOTER RPM1: 1183.2274503514952
01-14 21:55:59.902 13469 13585 I RobotCore: SHOOTER RPM2: 1196.6732168327624
01-14 21:56:00.002 13469 13585 I RobotCore: SHOOTER batteryVoltage: 12.204105571847506
01-14 21:56:00.002 13469 13585 I RobotCore: SHOOTER RPM1: 1238.4147138106841
01-14 21:56:00.002 13469 13585 I RobotCore: SHOOTER RPM2: 1238.4147138106841
01-14 21:56:00.102 13469 13585 I RobotCore: SHOOTER batteryVoltage: 12.164222873900293
01-14 21:56:00.102 13469 13585 I RobotCore: SHOOTER RPM1: 1250.3409447838346
01-14 21:56:00.102 13469 13585 I RobotCore: SHOOTER RPM2: 1263.785471071833
01-14 21:56:00.203 13469 13585 I RobotCore: SHOOTER batteryVoltage: 12.243988269794722
01-14 21:56:00.203 13469 13585 I RobotCore: SHOOTER RPM1: 1171.4079670279605
01-14 21:56:00.203 13469 13585 I RobotCore: SHOOTER RPM2: 1184.8724264190864
01-14 21:56:00.303 13469 13585 I RobotCore: SHOOTER batteryVoltage: 12.144281524926686
01-14 21:56:00.303 13469 13585 I RobotCore: SHOOTER RPM1: 1209.9465514741837
01-14 21:56:00.303 13469 13585 I RobotCore: SHOOTER RPM2: 1209.9465514741837
01-14 21:56:00.355 13469 13540 V Robocol : received command: CMD_REQUEST_OP_MODE_LIST(10001) 
01-14 21:56:00.355 13469 13540 V Robocol : received command: CMD_REQUEST_ACTIVE_CONFIGURATION(10002) 
01-14 21:56:00.379 13469 13547 V Robocol : sending CMD_REQUEST_OP_MODE_LIST_RESP(839), attempt: 0
01-14 21:56:00.379 13469 13547 V Robocol : sending CMD_REQUEST_USER_SENSOR_LIST_RESP(840), attempt: 0
01-14 21:56:00.379 13469 13547 V Robocol : sending CMD_REQUEST_ACTIVE_CONFIGURATION_RESP(844), attempt: 0
01-14 21:56:00.395 13469 13540 V Robocol : received command: CMD_REQUEST_OP_MODE_LIST_RESP(839) [{"flavor":"TELEOP","group":"Test","name":"ShooterControl"},{"flavor":"AUTONOMOUS","group":"Test","name":"TestWithData"},{"flavor":"AUTONOMOUS","group":"Test","name":"Test"},{"flavor":"AUTONOMOUS","group":"Competition","name":"BlueAuto"},{"flavor":"TELEOP","group":"Competition","name":"FinalTeleOp"},{"flavor":"AUTONOMOUS","group":"Competition","name":"RedAuto"}]
01-14 21:56:00.404 13469 13585 I RobotCore: SHOOTER batteryVoltage: 12.224046920821113
01-14 21:56:00.404 13469 13585 I RobotCore: SHOOTER RPM1: 1183.5046624398844
01-14 21:56:00.404 13469 13585 I RobotCore: SHOOTER RPM2: 1196.9535790585194
01-14 21:56:00.434 13469 13540 V Robocol : received command: CMD_INIT_OP_MODE(10012) $Stop$Robot$
01-14 21:56:00.436 13469 13540 V Robocol : received command: CMD_REQUEST_USER_SENSOR_LIST_RESP(840) [{"description":"a MR compass sensor","flavor":"I2C","name":"MR Compass Sensor","xmlTag":"ModernRoboticsI2cCompassSensor"},{"description":"an Adafruit IMU","flavor":"I2C","name":"Adafruit IMU","xmlTag":"AdafruitBNO055IMU"},{"description":"a MR range sensor","flavor":"I2C","name":"MR Range Sensor","xmlTag":"ModernRoboticsI2cRangeSensor"}]
01-14 21:56:00.436 13469 13540 V Robocol : received command: CMD_REQUEST_ACTIVE_CONFIGURATION_RESP(844) {"isDirty":false,"location":"LOCAL_STORAGE","name":"FINAL_CONFIG_2017","resourceId":0}
01-14 21:56:00.438 13469 13585 D RobotCore: LinearOpMode received an InterruptedException; shutting down this linear op mode
01-14 21:56:00.438 13469 13574 V RobotCore: waiting for service user linear op mode
01-14 21:56:00.438 13469 13585 V RobotCore: thread: ...terminating 'LinearOpMode main'
01-14 21:56:00.439 13469 13574 V RobotCore: awaitTermination returned, isTerminated=true
01-14 21:56:00.439 13469 13574 V RobotCore: executive service user linear op mode is terminated
01-14 21:56:00.439 13469 13574 I RobotCore: Attempting to switch to op mode $Stop$Robot$
01-14 21:56:00.538 13469 13547 V Robocol : sending CMD_INIT_OP_MODE_RESP(854), attempt: 0
01-14 21:56:00.554 13469 13540 V Robocol : received command: CMD_INIT_OP_MODE_RESP(854) $Stop$Robot$
01-14 21:56:53.026 13469 13469 D UsbDeviceConnectionJNI: close
01-14 21:56:53.026 13469 13543 D ProcessRequestThread::: Device has been closed.
01-14 21:56:53.027 13469 13543 W System.err: java.lang.InterruptedException
01-14 21:56:53.027 13469 13543 W System.err: 	at java.util.concurrent.locks.AbstractQueuedSynchronizer.doAcquireSharedInterruptibly(AbstractQueuedSynchronizer.java:972)
01-14 21:56:53.027 13469 13543 W System.err: 	at java.util.concurrent.locks.AbstractQueuedSynchronizer.acquireSharedInterruptibly(AbstractQueuedSynchronizer.java:1278)
01-14 21:56:53.027 13469 13543 W System.err: 	at java.util.concurrent.Semaphore.acquire(Semaphore.java:284)
01-14 21:56:53.027 13469 13543 W System.err: 	at com.ftdi.j2xx.ProcessInCtrl.acquireReadableBuffer(FT_Device.java:2294)
01-14 21:56:53.027 13469 13543 W System.err: 	at com.ftdi.j2xx.ProcessRequestWorker.run(FT_Device.java:2764)
01-14 21:56:53.027 13469 13543 W System.err: 	at java.lang.Thread.run(Thread.java:818)
01-14 21:56:53.028 13469 13542 D BulkIn::: Stop BulkIn thread
01-14 21:56:53.028 13469 13542 W System.err: java.lang.NullPointerException: Attempt to invoke virtual method 'int com.ftdi.j2xx.D2xxManager$DriverParameters.getBufferNumber()' on a null object reference
01-14 21:56:53.028 13469 13542 W System.err: 	at com.ftdi.j2xx.ProcessInCtrl.releaseWritableBuffers(FT_Device.java:2672)
01-14 21:56:53.028 13469 13542 W System.err: 	at com.ftdi.j2xx.BulkInWorker.run(FT_Device.java:2879)
01-14 21:56:53.028 13469 13542 W System.err: 	at java.lang.Thread.run(Thread.java:818)
01-14 21:56:53.038 13469 13469 D UsbDeviceConnectionJNI: close
01-14 21:56:53.038 13469 13564 D ProcessRequestThread::: Device has been closed.
01-14 21:56:53.038 13469 13564 W System.err: java.lang.InterruptedException
01-14 21:56:53.038 13469 13564 W System.err: 	at java.util.concurrent.locks.AbstractQueuedSynchronizer.doAcquireSharedInterruptibly(AbstractQueuedSynchronizer.java:972)
01-14 21:56:53.038 13469 13564 W System.err: 	at java.util.concurrent.locks.AbstractQueuedSynchronizer.acquireSharedInterruptibly(AbstractQueuedSynchronizer.java:1278)
01-14 21:56:53.038 13469 13564 W System.err: 	at java.util.concurrent.Semaphore.acquire(Semaphore.java:284)
01-14 21:56:53.038 13469 13564 W System.err: 	at com.ftdi.j2xx.ProcessInCtrl.acquireReadableBuffer(FT_Device.java:2294)
01-14 21:56:53.038 13469 13564 W System.err: 	at com.ftdi.j2xx.ProcessRequestWorker.run(FT_Device.java:2764)
01-14 21:56:53.038 13469 13564 W System.err: 	at java.lang.Thread.run(Thread.java:818)
01-14 21:56:53.038 13469 13469 D UsbDeviceConnectionJNI: close
01-14 21:56:53.039 13469 13563 D BulkIn::: Stop BulkIn thread
01-14 21:56:53.039 13469 13563 W System.err: java.lang.NullPointerException: Attempt to invoke virtual method 'int com.ftdi.j2xx.D2xxManager$DriverParameters.getBufferNumber()' on a null object reference
01-14 21:56:53.039 13469 13563 W System.err: 	at com.ftdi.j2xx.ProcessInCtrl.releaseWritableBuffers(FT_Device.java:2672)
01-14 21:56:53.039 13469 13563 W System.err: 	at com.ftdi.j2xx.BulkInWorker.run(FT_Device.java:2879)
01-14 21:56:53.039 13469 13563 W System.err: 	at java.lang.Thread.run(Thread.java:818)
01-14 21:56:53.039 13469 13559 W RobotCore: error: closed: FT_Device.read()=-1
01-14 21:56:53.039 13469 13559 V RobotCore: thread: ...terminating 'r/w loop: Modern Robotics USB Core Device Interface Module [AL00VFK6]'
01-14 21:56:53.039 13469 13544 W RobotCore: error: closed: FT_Device.read()=-1
01-14 21:56:53.039 13469 13546 D ProcessRequestThread::: Device has been closed.
01-14 21:56:53.040 13469 13546 W System.err: java.lang.InterruptedException
01-14 21:56:53.040 13469 13544 V RobotCore: thread: ...terminating 'r/w loop: Modern Robotics USB Servo Controller [AL00VSDY]'
01-14 21:56:53.040 13469 13546 W System.err: 	at java.util.concurrent.locks.AbstractQueuedSynchronizer.doAcquireSharedInterruptibly(AbstractQueuedSynchronizer.java:972)
01-14 21:56:53.040 13469 13546 W System.err: 	at java.util.concurrent.locks.AbstractQueuedSynchronizer.acquireSharedInterruptibly(AbstractQueuedSynchronizer.java:1278)
01-14 21:56:53.040 13469 13546 W System.err: 	at java.util.concurrent.Semaphore.acquire(Semaphore.java:284)
01-14 21:56:53.040 13469 13546 W System.err: 	at com.ftdi.j2xx.ProcessInCtrl.acquireReadableBuffer(FT_Device.java:2294)
01-14 21:56:53.040 13469 13546 W System.err: 	at com.ftdi.j2xx.ProcessRequestWorker.run(FT_Device.java:2764)
01-14 21:56:53.040 13469 13562 E FTDI_Device::: UsbConnection.requestWait() == null
01-14 21:56:53.040 13469 13546 W System.err: 	at java.lang.Thread.run(Thread.java:818)
01-14 21:56:53.040 13469 13545 D BulkIn::: Stop BulkIn thread
01-14 21:56:53.040 13469 13545 W System.err: java.lang.NullPointerException: Attempt to invoke virtual method 'int com.ftdi.j2xx.D2xxManager$DriverParameters.getBufferNumber()' on a null object reference
01-14 21:56:53.040 13469 13545 W System.err: 	at com.ftdi.j2xx.ProcessInCtrl.releaseWritableBuffers(FT_Device.java:2672)
01-14 21:56:53.040 13469 13545 W System.err: 	at com.ftdi.j2xx.BulkInWorker.run(FT_Device.java:2879)
01-14 21:56:53.040 13469 13545 W System.err: 	at java.lang.Thread.run(Thread.java:818)
01-14 21:56:53.041 13469 13565 W RobotCore: could not write to Modern Robotics USB DC Motor Controller [AL00VWH0]: FTDI Null Pointer Exception
01-14 21:56:53.041 13469 13565 E RobotCore: java.lang.NullPointerException: Attempt to invoke interface method 'void java.util.concurrent.locks.Lock.unlock()' on a null object reference
01-14 21:56:53.041 13469 13565 E RobotCore: com.ftdi.j2xx.ProcessInCtrl.readBulkInData(FT_Device.java:2520)
01-14 21:56:53.041 13469 13565 E RobotCore: com.ftdi.j2xx.FT_Device.read(FT_Device.java:666)
01-14 21:56:53.041 13469 13572 E FTDI_Device::: UsbConnection.requestWait() == null
01-14 21:56:53.041 13469 13565 E RobotCore: com.qualcomm.robotcore.hardware.usb.ftdi.RobotUsbDeviceFtdi.read(RobotUsbDeviceFtdi.java:199)
01-14 21:56:53.041 13469 13565 E RobotCore: com.qualcomm.robotcore.hardware.usb.ftdi.RobotUsbDeviceFtdi.read(RobotUsbDeviceFtdi.java:176)
01-14 21:56:53.041 13469 13565 E RobotCore: com.qualcomm.modernrobotics.ReadWriteRunnableUsbHandler.a(SourceFile:89)
01-14 21:56:53.042 13469 13565 E RobotCore: com.qualcomm.modernrobotics.ReadWriteRunnableUsbHandler.read(SourceFile:66)
01-14 21:56:53.042 13469 13565 E RobotCore: com.qualcomm.hardware.modernrobotics.ReadWriteRunnableStandard$1.run(ReadWriteRunnableStandard.java:343)
01-14 21:56:53.042 13469 13565 E RobotCore: com.qualcomm.robotcore.util.ThreadPool.logThreadLifeCycle(ThreadPool.java:513)
01-14 21:56:53.042 13469 13565 E RobotCore: com.qualcomm.hardware.modernrobotics.ReadWriteRunnableStandard.run(ReadWriteRunnableStandard.java:302)
01-14 21:56:53.042 13469 13565 E RobotCore: java.util.concurrent.ThreadPoolExecutor.runWorker(ThreadPoolExecutor.java:1113)
01-14 21:56:53.042 13469 13565 E RobotCore: java.util.concurrent.ThreadPoolExecutor$Worker.run(ThreadPoolExecutor.java:588)
01-14 21:56:53.042 13469 13565 E RobotCore: java.lang.Thread.run(Thread.java:818)
01-14 21:56:53.042 13469 13565 V RobotCore: thread: ...terminating 'r/w loop: Modern Robotics USB DC Motor Controller [AL00VWH0]'
01-14 21:56:53.044 13469 13469 D UsbDeviceConnectionJNI: close
01-14 21:56:53.044 13469 13570 D ProcessRequestThread::: Device has been closed.
01-14 21:56:53.044 13469 13570 W System.err: java.lang.InterruptedException
01-14 21:56:53.044 13469 13570 W System.err: 	at java.util.concurrent.locks.AbstractQueuedSynchronizer.doAcquireSharedInterruptibly(AbstractQueuedSynchronizer.java:972)
01-14 21:56:53.044 13469 13570 W System.err: 	at java.util.concurrent.locks.AbstractQueuedSynchronizer.acquireSharedInterruptibly(AbstractQueuedSynchronizer.java:1278)
01-14 21:56:53.044 13469 13570 W System.err: 	at java.util.concurrent.Semaphore.acquire(Semaphore.java:284)
01-14 21:56:53.044 13469 13570 W System.err: 	at com.ftdi.j2xx.ProcessInCtrl.acquireReadableBuffer(FT_Device.java:2294)
01-14 21:56:53.044 13469 13570 W System.err: 	at com.ftdi.j2xx.ProcessRequestWorker.run(FT_Device.java:2764)
01-14 21:56:53.044 13469 13570 W System.err: 	at java.lang.Thread.run(Thread.java:818)
01-14 21:56:53.044 13469 13572 W RobotCore: could not write to Modern Robotics USB DC Motor Controller [AL00VBIF]: FTDI Null Pointer Exception
01-14 21:56:53.045 13469 13572 E RobotCore: java.lang.NullPointerException: Attempt to invoke interface method 'void java.util.concurrent.locks.Lock.unlock()' on a null object reference
01-14 21:56:53.045 13469 13572 E RobotCore: com.ftdi.j2xx.ProcessInCtrl.readBulkInData(FT_Device.java:2520)
01-14 21:56:53.045 13469 13572 E RobotCore: com.ftdi.j2xx.FT_Device.read(FT_Device.java:666)
01-14 21:56:53.045 13469 13572 E RobotCore: com.qualcomm.robotcore.hardware.usb.ftdi.RobotUsbDeviceFtdi.read(RobotUsbDeviceFtdi.java:199)
01-14 21:56:53.045 13469 13572 E RobotCore: com.qualcomm.robotcore.hardware.usb.ftdi.RobotUsbDeviceFtdi.read(RobotUsbDeviceFtdi.java:176)
01-14 21:56:53.045 13469 13572 E RobotCore: com.qualcomm.modernrobotics.ReadWriteRunnableUsbHandler.a(SourceFile:77)
01-14 21:56:53.045 13469 13572 E RobotCore: com.qualcomm.modernrobotics.ReadWriteRunnableUsbHandler.read(SourceFile:66)
01-14 21:56:53.045 13469 13572 E RobotCore: com.qualcomm.hardware.modernrobotics.ReadWriteRunnableStandard$1.run(ReadWriteRunnableStandard.java:343)
01-14 21:56:53.045 13469 13572 E RobotCore: com.qualcomm.robotcore.util.ThreadPool.logThreadLifeCycle(ThreadPool.java:513)
01-14 21:56:53.045 13469 13572 E RobotCore: com.qualcomm.hardware.modernrobotics.ReadWriteRunnableStandard.run(ReadWriteRunnableStandard.java:302)
01-14 21:56:53.045 13469 13572 E RobotCore: java.util.concurrent.ThreadPoolExecutor.runWorker(ThreadPoolExecutor.java:1113)
01-14 21:56:53.045 13469 13572 E RobotCore: java.util.concurrent.ThreadPoolExecutor$Worker.run(ThreadPoolExecutor.java:588)
01-14 21:56:53.045 13469 13572 E RobotCore: java.lang.Thread.run(Thread.java:818)
01-14 21:56:53.045 13469 13572 V RobotCore: thread: ...terminating 'r/w loop: Modern Robotics USB DC Motor Controller [AL00VBIF]'
01-14 21:56:53.045 13469 13569 D BulkIn::: Stop BulkIn thread
01-14 21:56:53.045 13469 13569 W System.err: java.lang.NullPointerException: Attempt to invoke virtual method 'int com.ftdi.j2xx.D2xxManager$DriverParameters.getBufferNumber()' on a null object reference
01-14 21:56:53.046 13469 13569 W System.err: 	at com.ftdi.j2xx.ProcessInCtrl.releaseWritableBuffers(FT_Device.java:2672)
01-14 21:56:53.046 13469 13569 W System.err: 	at com.ftdi.j2xx.BulkInWorker.run(FT_Device.java:2879)
01-14 21:56:53.046 13469 13569 W System.err: 	at java.lang.Thread.run(Thread.java:818)
01-14 21:56:53.047 13469 13469 D UsbDeviceConnectionJNI: close
01-14 21:56:53.047 13469 13566 D BulkIn::: Stop BulkIn thread
01-14 21:56:53.047 13469 13566 W System.err: java.lang.NullPointerException: Null pointer exception during instruction 'monitor-enter v2'
01-14 21:56:53.047 13469 13567 D ProcessRequestThread::: Device has been closed.
01-14 21:56:53.047 13469 13567 W System.err: java.lang.InterruptedException
01-14 21:56:53.047 13469 13566 W System.err: 	at com.ftdi.j2xx.ProcessInCtrl.getBuffer(FT_Device.java:2269)
01-14 21:56:53.047 13469 13566 W System.err: 	at 	at com.ftdi.j2xx.ProcessInCtrl.releaseWritableBuffers(FT_Device.java:2675)
01-14 21:56:53.047 13469 13566 W System.err: 	at com.ftdi.j2xx.BulkInWorker.run(FT_Device.java:2879)
01-14 21:56:53.047 13469 13566 W System.err: 	at java.lang.Thread.run(Thread.java:818)
01-14 21:56:53.048 13469 13568 W RobotCore: could not write to Modern Robotics USB DC Motor Controller [AI049QOP]: FTDI Null Pointer Exception
01-14 21:56:53.048 13469 13568 E RobotCore: java.lang.NullPointerException: Attempt to invoke interface method 'void java.util.concurrent.locks.Lock.unlock()' on a null object reference
01-14 21:56:53.048 13469 13568 E RobotCore: com.ftdi.j2xx.ProcessInCtrl.readBulkInData(FT_Device.java:2520)
01-14 21:56:53.048 13469 13568 E RobotCore: com.ftdi.j2xx.FT_Device.read(FT_Device.java:666)
01-14 21:56:53.048 13469 13568 E RobotCore: com.qualcomm.robotcore.hardware.usb.ftdi.RobotUsbDeviceFtdi.read(RobotUsbDeviceFtdi.java:199)
01-14 21:56:53.048 13469 13568 E RobotCore: com.qualcomm.robotcore.hardware.usb.ftdi.RobotUsbDeviceFtdi.read(RobotUsbDeviceFtdi.java:176)
01-14 21:56:53.048 13469 13568 E RobotCore: com.qualcomm.modernrobotics.ReadWriteRunnableUsbHandler.a(SourceFile:77)
01-14 21:56:53.048 13469 13568 E RobotCore: com.qualcomm.modernrobotics.ReadWriteRunnableUsbHandler.read(SourceFile:66)
01-14 21:56:53.048 13469 13568 E RobotCore: com.qualcomm.hardware.modernrobotics.ReadWriteRunnableStandard$1.run(ReadWriteRunnableStandard.java:343)
01-14 21:56:53.048 13469 13568 E RobotCore: com.qualcomm.robotcore.util.ThreadPool.logThreadLifeCycle(ThreadPool.java:513)
01-14 21:56:53.048 13469 13568 E RobotCore: com.qualcomm.hardware.modernrobotics.ReadWriteRunnableStandard.run(ReadWriteRunnableStandard.java:302)
01-14 21:56:53.048 13469 13568 E RobotCore: java.util.concurrent.ThreadPoolExecutor.runWorker(ThreadPoolExecutor.java:1113)
01-14 21:56:53.048 13469 13568 E RobotCore: java.util.concurrent.ThreadPoolExecutor$Worker.run(ThreadPoolExecutor.java:588)
01-14 21:56:53.048 13469 13568 E RobotCore: java.lang.Thread.run(Thread.java:818)
01-14 21:56:53.048 13469 13568 V RobotCore: thread: ...terminating 'r/w loop: Modern Robotics USB DC Motor Controller [AI049QOP]'
01-14 21:56:53.048 13469 13567 W System.err: java.util.concurrent.locks.AbstractQueuedSynchronizer.doAcquireSharedInterruptibly(AbstractQueuedSynchronizer.java:972)
01-14 21:56:53.049 13469 13567 W System.err: 	at java.util.concurrent.locks.AbstractQueuedSynchronizer.acquireSharedInterruptibly(AbstractQueuedSynchronizer.java:1278)
01-14 21:56:53.049 13469 13567 W System.err: 	at java.util.concurrent.Semaphore.acquire(Semaphore.java:284)
01-14 21:56:53.049 13469 13567 W System.err: 	at com.ftdi.j2xx.ProcessInCtrl.acquireReadableBuffer(FT_Device.java:2294)
01-14 21:56:53.049 13469 13567 W System.err: 	at com.ftdi.j2xx.ProcessRequestWorker.run(FT_Device.java:2764)
01-14 21:56:53.049 13469 13567 W System.err: 	at java.lang.Thread.run(Thread.java:818)
01-14 21:56:53.050 13469 13469 D UsbDeviceConnectionJNI: close
01-14 21:56:53.050 13469 13561 D ProcessRequestThread::: Device has been closed.
01-14 21:56:53.050 13469 13561 W System.err: java.lang.InterruptedException
01-14 21:56:53.050 13469 13561 W System.err: 	at java.util.concurrent.locks.AbstractQueuedSynchronizer.doAcquireSharedInterruptibly(AbstractQueuedSynchronizer.java:972)
01-14 21:56:53.050 13469 13561 W System.err: 	at java.util.concurrent.locks.AbstractQueuedSynchronizer.acquireSharedInterruptibly(AbstractQueuedSynchronizer.java:1278)
01-14 21:56:53.050 13469 13561 W System.err: 	at java.util.concurrent.Semaphore.acquire(Semaphore.java:284)
01-14 21:56:53.050 13469 13561 W System.err: 	at com.ftdi.j2xx.ProcessInCtrl.acquireReadableBuffer(FT_Device.java:2294)
01-14 21:56:53.050 13469 13561 W System.err: 	at com.ftdi.j2xx.ProcessRequestWorker.run(FT_Device.java:2764)
01-14 21:56:53.050 13469 13561 W System.err: 	at java.lang.Thread.run(Thread.java:818)
01-14 21:56:53.051 13469 13562 W RobotCore: could not write to Modern Robotics USB DC Motor Controller [A104OQ1P]: FTDI Null Pointer Exception
01-14 21:56:53.051 13469 13562 E RobotCore: java.lang.NullPointerException: Attempt to invoke interface method 'void java.util.concurrent.locks.Lock.unlock()' on a null object reference
01-14 21:56:53.051 13469 13562 E RobotCore: com.ftdi.j2xx.ProcessInCtrl.readBulkInData(FT_Device.java:2520)
01-14 21:56:53.051 13469 13562 E RobotCore: com.ftdi.j2xx.FT_Device.read(FT_Device.java:666)
01-14 21:56:53.051 13469 13562 E RobotCore: com.qualcomm.robotcore.hardware.usb.ftdi.RobotUsbDeviceFtdi.read(RobotUsbDeviceFtdi.java:199)
01-14 21:56:53.051 13469 13560 D BulkIn::: Stop BulkIn thread
01-14 21:56:53.051 13469 13562 E RobotCore: com.qualcomm.robotcore.hardware.usb.ftdi.RobotUsbDeviceFtdi.read(RobotUsbDeviceFtdi.java:176)
01-14 21:56:53.051 13469 13562 E RobotCore: com.qualcomm.modernrobotics.ReadWriteRunnableUsbHandler.a(SourceFile:77)
01-14 21:56:53.051 13469 13562 E RobotCore: com.qualcomm.modernrobotics.ReadWriteRunnableUsbHandler.read(SourceFile:66)
01-14 21:56:53.051 13469 13560 W System.err: java.lang.NullPointerException: Attempt to invoke virtual method 'int com.ftdi.j2xx.D2xxManager$DriverParameters.getBufferNumber()' on a null object reference
01-14 21:56:53.051 13469 13562 E RobotCore: com.qualcomm.hardware.modernrobotics.ReadWriteRunnableStandard$1.run(ReadWriteRunnableStandard.java:343)
01-14 21:56:53.051 13469 13562 E RobotCore: com.qualcomm.robotcore.util.ThreadPool.logThreadLifeCycle(ThreadPool.java:513)
01-14 21:56:53.051 13469 13562 E RobotCore: com.qualcomm.hardware.modernrobotics.ReadWriteRunnableStandard.run(ReadWriteRunnableStandard.java:302)
01-14 21:56:53.051 13469 13560 W System.err: 	at com.ftdi.j2xx.ProcessInCtrl.releaseWritableBuffers(FT_Device.java:2672)
01-14 21:56:53.051 13469 13562 E RobotCore: java.util.concurrent.ThreadPoolExecutor.runWorker(ThreadPoolExecutor.java:1113)
01-14 21:56:53.051 13469 13562 E RobotCore: java.util.concurrent.ThreadPoolExecutor$Worker.run(ThreadPoolExecutor.java:588)
01-14 21:56:53.051 13469 13560 W System.err: 	at com.ftdi.j2xx.BulkInWorker.run(FT_Device.java:2879)
01-14 21:56:53.051 13469 13562 E RobotCore: java.lang.Thread.run(Thread.java:818)
01-14 21:56:53.051 13469 13560 W System.err: 	at java.lang.Thread.run(Thread.java:818)
01-14 21:56:53.052 13469 13574 D RobotCore: system telemetry: key=$System$Warning$ msg="problem communicating with Modern Robotics USB Core Device Interface Module [AL00VFK6]; problem communicating with Modern Robotics USB DC Motor Controller [AL00VBIF]; problem communicating with Modern Robotics USB DC Motor Controller [A104OQ1P]; problem communicating with Modern Robotics USB DC Motor Controller [AI049QOP]; problem communicating with Modern Robotics USB Servo Controller [AL00VSDY]; problem communicating with Modern Robotics USB DC Motor Controller [AL00VWH0]"
01-14 21:56:53.053 13469 13574 V RobotCore: event loop: device has shutdown abnormally
01-14 21:56:53.053 13469 13574 V RobotCore: event loop: detaching device owner
01-14 21:56:53.053 13469 13574 I FIRST   : ======= MODULE DETACH RECOVERY: disarm Modern Robotics USB Servo Controller [AL00VSDY]=======
01-14 21:56:53.053 13469 13574 D RobotCore: disarming modern servo controller "Modern Robotics USB Servo Controller [AL00VSDY]"...
01-14 21:56:53.053 13469 13574 V RobotCore: waiting for service ReadWriteRunnable for Modern Robotics USB Device
01-14 21:56:53.053 13469 13562 V RobotCore: thread: ...terminating 'r/w loop: Modern Robotics USB DC Motor Controller [A104OQ1P]'
01-14 21:56:53.054 13469 13574 V RobotCore: awaitTermination returned, isTerminated=true
01-14 21:56:53.054 13469 13574 V RobotCore: executive service ReadWriteRunnable for Modern Robotics USB Device is terminated
01-14 21:56:53.055 13469 13574 D RobotCore: ...disarming modern servo controller Modern Robotics USB Servo Controller [AL00VSDY] complete
01-14 21:56:53.055 13469 13574 I FIRST   : ======= MODULE DETACH RECOVERY: pretend Modern Robotics USB Servo Controller [AL00VSDY]=======
01-14 21:56:53.055 13469 13574 D RobotCore: arming modern servo controller Modern Robotics USB Servo Controller [AL00VSDY] (pretend)...
01-14 21:56:53.059 13469 13574 V RobotCore: Starting up pretend device AL00VSDY
01-14 21:56:53.060 13469 13638 V RobotCore: thread: 'r/w loop: Modern Robotics USB Servo Controller [AL00VSDY]' starting...
01-14 21:56:53.060 13469 13574 D RobotCore: ...arming modern servo controller Modern Robotics USB Servo Controller [AL00VSDY] complete
01-14 21:56:53.061 13469 13574 I FIRST   : ======= MODULE DETACH RECOVERY: complete Modern Robotics USB Servo Controller [AL00VSDY]=======
01-14 21:56:53.061 13469 13574 V RobotCore: event loop: device has shutdown abnormally
01-14 21:56:53.061 13469 13574 V RobotCore: event loop: detaching device owner
01-14 21:56:53.061 13469 13574 I FIRST   : ======= MODULE DETACH RECOVERY: disarm Modern Robotics USB Core Device Interface Module [AL00VFK6]=======
01-14 21:56:53.061 13469 13574 V RobotCore: waiting for service ReadWriteRunnable for Modern Robotics USB Device
01-14 21:56:53.061 13469 13574 V RobotCore: awaitTermination returned, isTerminated=true
01-14 21:56:53.061 13469 13574 V RobotCore: executive service ReadWriteRunnable for Modern Robotics USB Device is terminated
01-14 21:56:53.061 13469 13574 I FIRST   : ======= MODULE DETACH RECOVERY: pretend Modern Robotics USB Core Device Interface Module [AL00VFK6]=======
01-14 21:56:53.061 13469 13574 V RobotCore: Starting up pretend device AL00VFK6
01-14 21:56:53.064 13469 13639 V RobotCore: thread: 'r/w loop: Modern Robotics USB Core Device Interface Module [AL00VFK6]' starting...
01-14 21:56:53.065 13469 13574 I FIRST   : ======= MODULE DETACH RECOVERY: complete Modern Robotics USB Core Device Interface Module [AL00VFK6]=======
01-14 21:56:53.065 13469 13574 V RobotCore: event loop: device has shutdown abnormally
01-14 21:56:53.065 13469 13574 V RobotCore: event loop: detaching device owner
01-14 21:56:53.065 13469 13574 I FIRST   : ======= MODULE DETACH RECOVERY: disarm Modern Robotics USB DC Motor Controller [A104OQ1P]=======
01-14 21:56:53.065 13469 13574 D RobotCore: disarming modern motor controller Modern Robotics USB DC Motor Controller [A104OQ1P]...
01-14 21:56:53.065 13469 13574 V RobotCore: waiting for service ReadWriteRunnable for Modern Robotics USB Device
01-14 21:56:53.066 13469 13574 V RobotCore: awaitTermination returned, isTerminated=true
01-14 21:56:53.066 13469 13574 V RobotCore: executive service ReadWriteRunnable for Modern Robotics USB Device is terminated
01-14 21:56:53.066 13469 13574 D RobotCore: ...disarming modern motor controller Modern Robotics USB DC Motor Controller [A104OQ1P] complete
01-14 21:56:53.066 13469 13574 I FIRST   : ======= MODULE DETACH RECOVERY: pretend Modern Robotics USB DC Motor Controller [A104OQ1P]=======
01-14 21:56:53.066 13469 13574 D RobotCore: arming modern motor controller Modern Robotics USB DC Motor Controller [A104OQ1P] (pretend)...
01-14 21:56:53.066 13469 13574 V RobotCore: Starting up pretend device A104OQ1P
01-14 21:56:53.067 13469 13642 V RobotCore: thread: 'r/w loop: Modern Robotics USB DC Motor Controller [A104OQ1P]' starting...
01-14 21:56:53.067 13469 13574 D RobotCore: ...arming modern motor controller Modern Robotics USB DC Motor Controller [A104OQ1P] complete
01-14 21:56:53.068 13469 13574 I FIRST   : ======= MODULE DETACH RECOVERY: complete Modern Robotics USB DC Motor Controller [A104OQ1P]=======
01-14 21:56:53.068 13469 13574 V RobotCore: event loop: device has shutdown abnormally
01-14 21:56:53.068 13469 13574 V RobotCore: event loop: detaching device owner
01-14 21:56:53.068 13469 13574 I FIRST   : ======= MODULE DETACH RECOVERY: disarm Modern Robotics USB DC Motor Controller [AL00VWH0]=======
01-14 21:56:53.068 13469 13574 D RobotCore: disarming modern motor controller Modern Robotics USB DC Motor Controller [AL00VWH0]...
01-14 21:56:53.068 13469 13574 V RobotCore: waiting for service ReadWriteRunnable for Modern Robotics USB Device
01-14 21:56:53.068 13469 13574 V RobotCore: awaitTermination returned, isTerminated=true
01-14 21:56:53.068 13469 13574 V RobotCore: executive service ReadWriteRunnable for Modern Robotics USB Device is terminated
01-14 21:56:53.068 13469 13574 D RobotCore: ...disarming modern motor controller Modern Robotics USB DC Motor Controller [AL00VWH0] complete
01-14 21:56:53.068 13469 13574 I FIRST   : ======= MODULE DETACH RECOVERY: pretend Modern Robotics USB DC Motor Controller [AL00VWH0]=======
01-14 21:56:53.069 13469 13574 D RobotCore: arming modern motor controller Modern Robotics USB DC Motor Controller [AL00VWH0] (pretend)...
01-14 21:56:53.069 13469 13574 V RobotCore: Starting up pretend device AL00VWH0
01-14 21:56:53.070 13469 13643 V RobotCore: thread: 'r/w loop: Modern Robotics USB DC Motor Controller [AL00VWH0]' starting...
01-14 21:56:53.070 13469 13574 D RobotCore: ...arming modern motor controller Modern Robotics USB DC Motor Controller [AL00VWH0] complete
01-14 21:56:53.070 13469 13574 I FIRST   : ======= MODULE DETACH RECOVERY: complete Modern Robotics USB DC Motor Controller [AL00VWH0]=======
01-14 21:56:53.071 13469 13574 V RobotCore: event loop: device has shutdown abnormally
01-14 21:56:53.071 13469 13574 V RobotCore: event loop: detaching device owner
01-14 21:56:53.071 13469 13574 I FIRST   : ======= MODULE DETACH RECOVERY: disarm Modern Robotics USB DC Motor Controller [AI049QOP]=======
01-14 21:56:53.071 13469 13574 D RobotCore: disarming modern motor controller Modern Robotics USB DC Motor Controller [AI049QOP]...
01-14 21:56:53.071 13469 13574 V RobotCore: waiting for service ReadWriteRunnable for Modern Robotics USB Device
01-14 21:56:53.071 13469 13574 V RobotCore: awaitTermination returned, isTerminated=true
01-14 21:56:53.071 13469 13574 V RobotCore: executive service ReadWriteRunnable for Modern Robotics USB Device is terminated
01-14 21:56:53.071 13469 13574 D RobotCore: ...disarming modern motor controller Modern Robotics USB DC Motor Controller [AI049QOP] complete
01-14 21:56:53.071 13469 13574 I FIRST   : ======= MODULE DETACH RECOVERY: pretend Modern Robotics USB DC Motor Controller [AI049QOP]=======
01-14 21:56:53.071 13469 13574 D RobotCore: arming modern motor controller Modern Robotics USB DC Motor Controller [AI049QOP] (pretend)...
01-14 21:56:53.072 13469 13574 V RobotCore: Starting up pretend device AI049QOP
01-14 21:56:53.073 13469 13644 V RobotCore: thread: 'r/w loop: Modern Robotics USB DC Motor Controller [AI049QOP]' starting...
01-14 21:56:53.073 13469 13574 D RobotCore: ...arming modern motor controller Modern Robotics USB DC Motor Controller [AI049QOP] complete
01-14 21:56:53.073 13469 13574 I FIRST   : ======= MODULE DETACH RECOVERY: complete Modern Robotics USB DC Motor Controller [AI049QOP]=======
01-14 21:56:53.073 13469 13574 V RobotCore: event loop: device has shutdown abnormally
01-14 21:56:53.073 13469 13574 V RobotCore: event loop: detaching device owner
01-14 21:56:53.073 13469 13574 I FIRST   : ======= MODULE DETACH RECOVERY: disarm Modern Robotics USB DC Motor Controller [AL00VBIF]=======
01-14 21:56:53.073 13469 13574 D RobotCore: disarming modern motor controller Modern Robotics USB DC Motor Controller [AL00VBIF]...
01-14 21:56:53.073 13469 13574 V RobotCore: waiting for service ReadWriteRunnable for Modern Robotics USB Device
01-14 21:56:53.074 13469 13574 V RobotCore: awaitTermination returned, isTerminated=true
01-14 21:56:53.074 13469 13574 V RobotCore: executive service ReadWriteRunnable for Modern Robotics USB Device is terminated
01-14 21:56:53.074 13469 13574 D RobotCore: ...disarming modern motor controller Modern Robotics USB DC Motor Controller [AL00VBIF] complete
01-14 21:56:53.074 13469 13574 I FIRST   : ======= MODULE DETACH RECOVERY: pretend Modern Robotics USB DC Motor Controller [AL00VBIF]=======
01-14 21:56:53.074 13469 13574 D RobotCore: arming modern motor controller Modern Robotics USB DC Motor Controller [AL00VBIF] (pretend)...
01-14 21:56:53.074 13469 13574 V RobotCore: Starting up pretend device AL00VBIF
01-14 21:56:53.075 13469 13645 V RobotCore: thread: 'r/w loop: Modern Robotics USB DC Motor Controller [AL00VBIF]' starting...
01-14 21:56:53.076 13469 13574 D RobotCore: ...arming modern motor controller Modern Robotics USB DC Motor Controller [AL00VBIF] complete
01-14 21:56:53.076 13469 13574 I FIRST   : ======= MODULE DETACH RECOVERY: complete Modern Robotics USB DC Motor Controller [AL00VBIF]=======
01-14 21:56:53.082 13469 13551 D MediaPlayer: setSubtitleAnchor in MediaPlayer
01-14 21:56:53.085 13469 13469 E MediaPlayer: invoke failed: wrong state 8
01-14 21:56:53.085 13469 13469 W MediaPlayer: mediaplayer went away with unhandled events
01-14 21:56:53.108 13469 13549 D ExtendedUtils: extended extractor not needed, return default
01-14 21:56:53.108 13469 13549 I MediaCodec: (0xb804fbb0) init name(audio/raw) isType(1) encoder(0)
01-14 21:56:53.110 13469 13647 I OMXClient: Using client-side OMX mux.
01-14 21:56:53.113 13469 13647 E OMXMaster: A component of name 'OMX.qcom.audio.decoder.aac' already exists, ignoring this one.
01-14 21:56:53.115 13469 13647 I MediaCodec: (0xb804fbb0) Component Allocated (OMX.google.raw.decoder)
01-14 21:56:53.115 13469 13549 I MediaCodec: (0xb804fbb0) configure surface(0x0) crypto(0x0) flags(0)
01-14 21:56:53.115 13469 13549 D MediaCodec: (0xb804fbb0) configure format: AMessage(what = 0x00000000) = {
01-14 21:56:53.115 13469 13549 D MediaCodec:    string mime = "audio/raw"
01-14 21:56:53.115 13469 13549 D MediaCodec:    int64_t durationUs = 1043650
01-14 21:56:53.115 13469 13549 D MediaCodec:    int32_t channel-count = 2
01-14 21:56:53.115 13469 13549 D MediaCodec:    int32_t sample-rate = 44100
01-14 21:56:53.115 13469 13549 D MediaCodec:    int32_t channel-mask = 0
01-14 21:56:53.115 13469 13549 D MediaCodec:  }
01-14 21:56:53.116 13469 13549 I MediaCodec: (0xb804fbb0) start
01-14 21:56:53.117 13469 13647 I MediaCodec: (0xb804fbb0) input buffers allocated
01-14 21:56:53.117 13469 13647 I MediaCodec: (0xb804fbb0) numBuffers (4)
01-14 21:56:53.117 13469 13647 I MediaCodec: (0xb804fbb0) output buffers allocated
01-14 21:56:53.117 13469 13647 I MediaCodec: (0xb804fbb0) numBuffers (4)
01-14 21:56:53.119 13469 13647 I MediaCodec: (0xb804fbb0) codec output format changed
01-14 21:56:53.119 13469 13647 D MediaCodec: (0xb804fbb0) output format: AMessage(what = 'codc', target = 10) = {
01-14 21:56:53.119 13469 13647 D MediaCodec:    string mime = "audio/raw"
01-14 21:56:53.119 13469 13647 D MediaCodec:    int32_t channel-count = 2
01-14 21:56:53.119 13469 13647 D MediaCodec:    int32_t sample-rate = 44100
01-14 21:56:53.119 13469 13647 D MediaCodec:    int32_t channel-mask = 0
01-14 21:56:53.119 13469 13647 D MediaCodec:    int32_t what = 1869968451
01-14 21:56:53.119 13469 13647 D MediaCodec:  }
01-14 21:56:53.128 13469 13549 I MediaCodec: (0xb804fbb0) stop
01-14 21:56:53.130 13469 13549 I MediaCodec: (0xb804fbb0) release
01-14 21:56:53.146 13469 13551 W AudioTrack: AUDIO_OUTPUT_FLAG_FAST denied by client; transfer 4, track 44100 Hz, output 48000 Hz
01-14 21:57:05.591 13469 13469 V RCActivity: onPause()
01-14 21:57:05.599 13469 13469 V RCActivity: onStop()
01-14 21:57:05.599 13469 13469 V RobotCore: executive service robot setup is terminated
01-14 21:57:05.599 13469 13469 V Robocol : EventLoopManager.shutdown()
01-14 21:57:05.599 13469 13469 V RobotCore: waiting for service EventLoop
01-14 21:57:05.600 13469 13574 V RobotCore: EventLoopRunnable interrupted
01-14 21:57:05.600 13469 13574 V RobotCore: EventLoopManager state is STOPPED
01-14 21:57:05.600 13469 13574 V RobotCore: Robot Status: stopped
01-14 21:57:05.600 13469 13574 I FIRST   : ======= TEARDOWN =======
01-14 21:57:05.601 13469 13574 D RobotCore: disarming modern motor controller Modern Robotics USB DC Motor Controller [A104OQ1P]...
01-14 21:57:05.604 13469 13574 V RobotCore: waiting for service ReadWriteRunnable for Modern Robotics USB Device
01-14 21:57:05.605 13469 13642 V RobotCore: thread: ...terminating 'r/w loop: Modern Robotics USB DC Motor Controller [A104OQ1P]'
01-14 21:57:05.608 13469 13574 V RobotCore: awaitTermination returned, isTerminated=true
01-14 21:57:05.608 13469 13574 V RobotCore: executive service ReadWriteRunnable for Modern Robotics USB Device is terminated
01-14 21:57:05.609 13469 13574 D RobotCore: ...disarming modern motor controller Modern Robotics USB DC Motor Controller [A104OQ1P] complete
01-14 21:57:05.609 13469 13574 D RobotCore: disarming modern motor controller Modern Robotics USB DC Motor Controller [AI049QOP]...
01-14 21:57:05.616 13469 13574 V RobotCore: waiting for service ReadWriteRunnable for Modern Robotics USB Device
01-14 21:57:05.617 13469 13644 V RobotCore: thread: ...terminating 'r/w loop: Modern Robotics USB DC Motor Controller [AI049QOP]'
01-14 21:57:05.617 13469 13574 V RobotCore: awaitTermination returned, isTerminated=true
01-14 21:57:05.617 13469 13574 V RobotCore: executive service ReadWriteRunnable for Modern Robotics USB Device is terminated
01-14 21:57:05.618 13469 13574 D RobotCore: ...disarming modern motor controller Modern Robotics USB DC Motor Controller [AI049QOP] complete
01-14 21:57:05.618 13469 13574 D RobotCore: disarming modern motor controller Modern Robotics USB DC Motor Controller [AL00VWH0]...
01-14 21:57:05.621 13469 13643 V RobotCore: thread: ...terminating 'r/w loop: Modern Robotics USB DC Motor Controller [AL00VWH0]'
01-14 21:57:05.622 13469 13574 V RobotCore: executive service ReadWriteRunnable for Modern Robotics USB Device is terminated
01-14 21:57:05.622 13469 13574 D RobotCore: ...disarming modern motor controller Modern Robotics USB DC Motor Controller [AL00VWH0] complete
01-14 21:57:05.622 13469 13574 D RobotCore: disarming modern motor controller Modern Robotics USB DC Motor Controller [AL00VBIF]...
01-14 21:57:05.625 13469 13574 V RobotCore: waiting for service ReadWriteRunnable for Modern Robotics USB Device
01-14 21:57:05.625 13469 13645 V RobotCore: thread: ...terminating 'r/w loop: Modern Robotics USB DC Motor Controller [AL00VBIF]'
01-14 21:57:05.626 13469 13574 V RobotCore: awaitTermination returned, isTerminated=true
01-14 21:57:05.626 13469 13574 V RobotCore: executive service ReadWriteRunnable for Modern Robotics USB Device is terminated
01-14 21:57:05.626 13469 13574 D RobotCore: ...disarming modern motor controller Modern Robotics USB DC Motor Controller [AL00VBIF] complete
01-14 21:57:05.626 13469 13574 D RobotCore: disarming modern servo controller "Modern Robotics USB Servo Controller [AL00VSDY]"...
01-14 21:57:05.634 13469 13574 V RobotCore: waiting for service ReadWriteRunnable for Modern Robotics USB Device
01-14 21:57:05.634 13469 13638 V RobotCore: thread: ...terminating 'r/w loop: Modern Robotics USB Servo Controller [AL00VSDY]'
01-14 21:57:05.634 13469 13540 D RobotCore: system telemetry: key=$System$Warning$ msg="problem communicating with Modern Robotics USB Core Device Interface Module [AL00VFK6]; problem communicating with Modern Robotics USB Servo Controller [AL00VSDY]"
01-14 21:57:05.635 13469 13574 V RobotCore: awaitTermination returned, isTerminated=true
01-14 21:57:05.635 13469 13574 V RobotCore: executive service ReadWriteRunnable for Modern Robotics USB Device is terminated
01-14 21:57:05.635 13469 13574 D RobotCore: ...disarming modern servo controller Modern Robotics USB Servo Controller [AL00VSDY] complete
01-14 21:57:05.641 13469 13574 V RobotCore: waiting for service ReadWriteRunnable for Modern Robotics USB Device
01-14 21:57:05.641 13469 13639 V RobotCore: thread: ...terminating 'r/w loop: Modern Robotics USB Core Device Interface Module [AL00VFK6]'
01-14 21:57:05.642 13469 13574 V RobotCore: awaitTermination returned, isTerminated=true
01-14 21:57:05.642 13469 13574 V RobotCore: executive service ReadWriteRunnable for Modern Robotics USB Device is terminated
01-14 21:57:05.642 13469 13574 I FIRST   : ======= TEARDOWN COMPLETE =======
01-14 21:57:05.642 13469 13574 V RobotCore: thread: ...terminating 'opmode loop()'
01-14 21:57:05.643 13469 13469 V RobotCore: awaitTermination returned, isTerminated=true
01-14 21:57:05.643 13469 13469 V RobotCore: executive service EventLoop is terminated
01-14 21:57:05.643 13469 13469 V RobotCore: EventLoopManager state is STOPPED
01-14 21:57:05.753 13469 13540 D RobotCore: system telemetry: key=$System$None$ msg=""
