01-15 22:51:36.900 10328 10469 W System.err: unable to find USB device with serial number AI02RHDJ
01-15 22:51:36.901 10328 10469 V RobotCore: Starting up pretend device AI02RHDJ
01-15 22:51:36.902 10328 10550 V RobotCore: thread: 'r/w loop: Modern Robotics USB Core Device Interface Module [AI02RHDJ]' starting...
01-15 22:51:36.902 10328 10469 V RobotCore: Creating I2C Device - Port: 2
01-15 22:51:36.902 10328 10469 V RobotCore: Creating Modern Robotics I2C Gyro Sensor - Port: 3
01-15 22:51:36.905 10328 10469 V RobotCore: Creating I2C Device - Port: 4
01-15 22:51:36.905 10328 10469 V RobotCore: Creating Modern Robotics Analog Optical Distance Sensor - Port: 7
01-15 22:51:36.906 10328 10469 V RobotCore: Creating Modern Robotics USB DC Motor Controller [A104OQ1P]
01-15 22:51:36.911 10328 10469 D RobotCore: arming modern motor controller Modern Robotics USB DC Motor Controller [A104OQ1P]...
01-15 22:51:36.912 10328 10469 W System.err: unable to find USB device with serial number A104OQ1P
01-15 22:51:36.912 10328 10469 D RobotCore: arming modern motor controller Modern Robotics USB DC Motor Controller [A104OQ1P] (pretend)...
01-15 22:51:36.912 10328 10469 V RobotCore: Starting up pretend device A104OQ1P
01-15 22:51:36.914 10328 10551 V RobotCore: thread: 'r/w loop: Modern Robotics USB DC Motor Controller [A104OQ1P]' starting...
01-15 22:51:36.914 10328 10469 D RobotCore: ...arming modern motor controller Modern Robotics USB DC Motor Controller [A104OQ1P] complete
01-15 22:51:36.915 10328 10469 V RobotCore: Creating Modern Robotics USB DC Motor Controller [AL00VWH0]
01-15 22:51:36.915 10328 10469 D RobotCore: arming modern motor controller Modern Robotics USB DC Motor Controller [AL00VWH0]...
01-15 22:51:36.915 10328 10469 W System.err: unable to find USB device with serial number AL00VWH0
01-15 22:51:36.916 10328 10469 D RobotCore: arming modern motor controller Modern Robotics USB DC Motor Controller [AL00VWH0] (pretend)...
01-15 22:51:36.916 10328 10469 V RobotCore: Starting up pretend device AL00VWH0
01-15 22:51:36.917 10328 10552 V RobotCore: thread: 'r/w loop: Modern Robotics USB DC Motor Controller [AL00VWH0]' starting...
01-15 22:51:36.917 10328 10469 D RobotCore: ...arming modern motor controller Modern Robotics USB DC Motor Controller [AL00VWH0] complete
01-15 22:51:36.918 10328 10469 V RobotCore: Creating Modern Robotics USB DC Motor Controller [AI049QOP]
01-15 22:51:36.918 10328 10469 D RobotCore: arming modern motor controller Modern Robotics USB DC Motor Controller [AI049QOP]...
01-15 22:51:36.918 10328 10469 W System.err: unable to find USB device with serial number AI049QOP
01-15 22:51:36.919 10328 10469 D RobotCore: arming modern motor controller Modern Robotics USB DC Motor Controller [AI049QOP] (pretend)...
01-15 22:51:36.919 10328 10469 V RobotCore: Starting up pretend device AI049QOP
01-15 22:51:36.920 10328 10553 V RobotCore: thread: 'r/w loop: Modern Robotics USB DC Motor Controller [AI049QOP]' starting...
01-15 22:51:36.920 10328 10469 D RobotCore: ...arming modern motor controller Modern Robotics USB DC Motor Controller [AI049QOP] complete
01-15 22:51:36.920 10328 10469 V RobotCore: Creating Modern Robotics USB DC Motor Controller [AL00VBIF]
01-15 22:51:36.920 10328 10469 D RobotCore: arming modern motor controller Modern Robotics USB DC Motor Controller [AL00VBIF]...
01-15 22:51:36.921 10328 10469 W System.err: unable to find USB device with serial number AL00VBIF
01-15 22:51:36.921 10328 10469 D RobotCore: arming modern motor controller Modern Robotics USB DC Motor Controller [AL00VBIF] (pretend)...
01-15 22:51:36.922 10328 10469 V RobotCore: Starting up pretend device AL00VBIF
01-15 22:51:36.922 10328 10554 V RobotCore: thread: 'r/w loop: Modern Robotics USB DC Motor Controller [AL00VBIF]' starting...
01-15 22:51:36.923 10328 10469 D RobotCore: ...arming modern motor controller Modern Robotics USB DC Motor Controller [AL00VBIF] complete
01-15 22:51:36.943 10328 10469 I RobotCore: Analytics has completed initialization.
01-15 22:51:36.943 10328 10469 I RobotCore: ========= Device Information ===================================================
01-15 22:51:36.943 10328 10469 I RobotCore: Type                                               Name                           Connection
01-15 22:51:36.944 10328 10469 I RobotCore: I2cDevice                                          colorBack                      USB AI02RHDJ; port 4
01-15 22:51:36.945 10328 10469 I RobotCore: Modern Robotics USB DC Motor Controller            Shooter                        USB AI049QOP
01-15 22:51:36.945 10328 10469 I RobotCore: DC Motor                                           rightFront                     USB AL00VWH0; port 1
01-15 22:51:36.945 10328 10469 I RobotCore: Modern Robotics USB DC Motor Controller            Front Motors                   USB AL00VWH0
01-15 22:51:36.945 10328 10469 I RobotCore: Modern Robotics USB DC Motor Controller            Back Motors                    USB A104OQ1P
01-15 22:51:36.945 10328 10469 I RobotCore: DC Motor                                           leftBack                       USB A104OQ1P; port 2
01-15 22:51:36.945 10328 10469 I RobotCore: Servo                                              upDown                         USB AL00VST0; port 1
01-15 22:51:36.945 10328 10469 I RobotCore: DC Motor                                           shooter2                       USB AI049QOP; port 2
01-15 22:51:36.946 10328 10469 I RobotCore: DC Motor                                           shooter1                       USB AI049QOP; port 1
01-15 22:51:36.946 10328 10469 I RobotCore: DC Motor                                           leftFront                      USB AL00VWH0; port 2
01-15 22:51:36.946 10328 10469 I RobotCore: DC Motor                                           rightBack                      USB A104OQ1P; port 1
01-15 22:51:36.946 10328 10469 I RobotCore: Servo                                              ballFeeder                     USB AL00VST0; port 2
01-15 22:51:36.946 10328 10469 I RobotCore: Modern Robotics USB DC Motor Controller            Intake                         USB AL00VBIF
01-15 22:51:36.946 10328 10469 I RobotCore: Modern Robotics USB Core Device Interface Module   Sensors                        USB AI02RHDJ
01-15 22:51:36.946 10328 10469 I RobotCore: I2cDevice                                          colorFront                     USB AI02RHDJ; port 2
01-15 22:51:36.946 10328 10469 I RobotCore: Modern Robotics USB Servo Controller               Servos                         USB AL00VST0
01-15 22:51:36.946 10328 10469 I RobotCore: DC Motor                                           intake                         USB AL00VBIF; port 1
01-15 22:51:36.946 10328 10469 I RobotCore: Modern Robotics Gyro                               gyro                           USB AI02RHDJ; I2C port: 3
01-15 22:51:36.946 10328 10469 I RobotCore: Modern Robotics Analog Optical Distance Sensor     ods                            USB AI02RHDJ; analog port 7
01-15 22:51:36.946 10328 10469 I FIRST   : ======= INIT FINISH =======
01-15 22:51:36.946 10328 10469 V RobotCore: EventLoopManager state is RUNNING
01-15 22:51:36.960 10328 10469 V RobotCore: Robot Status: running, starting robot
01-15 22:51:36.960 10328 10469 V RobotCore: Robot Status: running
01-15 22:51:36.961 10328 10469 V RobotCore: thread: ...terminating 'RobotSetupRunnable.run()'
01-15 22:51:36.967 10328 10559 V RobotCore: thread: 'opmode loop()' starting...
01-15 22:51:36.973 10328 10559 D RobotCore: system telemetry: key=$System$Warning$ msg="unable to open Modern Robotics USB DC Motor Controller [AI049QOP]; unable to open Modern Robotics USB Core Device Interface Module [AI02RHDJ]; unable to open Modern Robotics USB DC Motor Controller [AL00VBIF]; unable to open Modern Robotics USB Servo Controller [AL00VST0]; unable to open Modern Robotics USB DC Motor Controller [A104OQ1P]; unable to open Modern Robotics USB DC Motor Controller [AL00VWH0]"
01-15 22:51:36.998 10328 10558 D MediaPlayer: setSubtitleAnchor in MediaPlayer
01-15 22:51:37.001 10328 10328 D MediaPlayer: setSubtitleAnchor in MediaPlayer
01-15 22:51:37.062 10328 10556 D ExtendedUtils: extended extractor not needed, return default
01-15 22:51:37.064 10328 10556 I MediaCodec: (0xb8020dc0) init name(audio/raw) isType(1) encoder(0)
01-15 22:51:37.066 10328 10563 I OMXClient: Using client-side OMX mux.
01-15 22:51:37.072 10328 10563 E OMXMaster: A component of name 'OMX.qcom.audio.decoder.aac' already exists, ignoring this one.
01-15 22:51:37.075 10328 10563 I MediaCodec: (0xb8020dc0) Component Allocated (OMX.google.raw.decoder)
01-15 22:51:37.075 10328 10556 I MediaCodec: (0xb8020dc0) configure surface(0x0) crypto(0x0) flags(0)
01-15 22:51:37.075 10328 10556 D MediaCodec: (0xb8020dc0) configure format: AMessage(what = 0x00000000) = {
01-15 22:51:37.075 10328 10556 D MediaCodec:    string mime = "audio/raw"
01-15 22:51:37.075 10328 10556 D MediaCodec:    int64_t durationUs = 1019125
01-15 22:51:37.075 10328 10556 D MediaCodec:    int32_t channel-count = 1
01-15 22:51:37.075 10328 10556 D MediaCodec:    int32_t sample-rate = 8000
01-15 22:51:37.075 10328 10556 D MediaCodec:    int32_t channel-mask = 0
01-15 22:51:37.075 10328 10556 D MediaCodec:  }
01-15 22:51:37.077 10328 10556 I MediaCodec: (0xb8020dc0) start
01-15 22:51:37.077 10328 10563 I MediaCodec: (0xb8020dc0) input buffers allocated
01-15 22:51:37.077 10328 10563 I MediaCodec: (0xb8020dc0) numBuffers (4)
01-15 22:51:37.077 10328 10563 I MediaCodec: (0xb8020dc0) output buffers allocated
01-15 22:51:37.077 10328 10563 I MediaCodec: (0xb8020dc0) numBuffers (4)
01-15 22:51:37.078 10328 10563 I MediaCodec: (0xb8020dc0) codec output format changed
01-15 22:51:37.079 10328 10563 D MediaCodec: (0xb8020dc0) output format: AMessage(what = 'codc', target = 2) = {
01-15 22:51:37.079 10328 10563 D MediaCodec:    string mime = "audio/raw"
01-15 22:51:37.079 10328 10563 D MediaCodec:    int32_t channel-count = 1
01-15 22:51:37.079 10328 10563 D MediaCodec:    int32_t sample-rate = 8000
01-15 22:51:37.079 10328 10563 D MediaCodec:    int32_t channel-mask = 0
01-15 22:51:37.079 10328 10563 D MediaCodec:    int32_t what = 1869968451
01-15 22:51:37.079 10328 10563 D MediaCodec:  }
01-15 22:51:37.079 10328 10556 I MediaCodec: (0xb8020dc0) stop
01-15 22:51:37.080 10328 10556 I MediaCodec: (0xb8020dc0) release
01-15 22:51:37.085 10328 10558 W AudioTrack: AUDIO_OUTPUT_FLAG_FAST denied by client; transfer 4, track 8000 Hz, output 48000 Hz
01-15 22:51:37.114 10328 10558 D MediaPlayer: setSubtitleAnchor in MediaPlayer
01-15 22:51:37.114 10328 10328 D MediaPlayer: setSubtitleAnchor in MediaPlayer
01-15 22:51:37.134 10328 10556 D ExtendedUtils: extended extractor not needed, return default
01-15 22:51:37.134 10328 10556 I MediaCodec: (0xb8010d60) init name(audio/raw) isType(1) encoder(0)
01-15 22:51:37.136 10328 10572 I OMXClient: Using client-side OMX mux.
01-15 22:51:37.140 10328 10572 E OMXMaster: A component of name 'OMX.qcom.audio.decoder.aac' already exists, ignoring this one.
01-15 22:51:37.143 10328 10572 I MediaCodec: (0xb8010d60) Component Allocated (OMX.google.raw.decoder)
01-15 22:51:37.144 10328 10556 I MediaCodec: (0xb8010d60) configure surface(0x0) crypto(0x0) flags(0)
01-15 22:51:37.144 10328 10556 D MediaCodec: (0xb8010d60) configure format: AMessage(what = 0x00000000) = {
01-15 22:51:37.144 10328 10556 D MediaCodec:    string mime = "audio/raw"
01-15 22:51:37.144 10328 10556 D MediaCodec:    int64_t durationUs = 1043650
01-15 22:51:37.144 10328 10556 D MediaCodec:    int32_t channel-count = 2
01-15 22:51:37.144 10328 10556 D MediaCodec:    int32_t sample-rate = 44100
01-15 22:51:37.144 10328 10556 D MediaCodec:    int32_t channel-mask = 0
01-15 22:51:37.144 10328 10556 D MediaCodec:  }
01-15 22:51:37.144 10328 10556 I MediaCodec: (0xb8010d60) start
01-15 22:51:37.145 10328 10572 I MediaCodec: (0xb8010d60) input buffers allocated
01-15 22:51:37.145 10328 10572 I MediaCodec: (0xb8010d60) numBuffers (4)
01-15 22:51:37.145 10328 10572 I MediaCodec: (0xb8010d60) output buffers allocated
01-15 22:51:37.145 10328 10572 I MediaCodec: (0xb8010d60) numBuffers (4)
01-15 22:51:37.147 10328 10572 I MediaCodec: (0xb8010d60) codec output format changed
01-15 22:51:37.147 10328 10572 D MediaCodec: (0xb8010d60) output format: AMessage(what = 'codc', target = 6) = {
01-15 22:51:37.147 10328 10572 D MediaCodec:    string mime = "audio/raw"
01-15 22:51:37.147 10328 10572 D MediaCodec:    int32_t channel-count = 2
01-15 22:51:37.147 10328 10572 D MediaCodec:    int32_t sample-rate = 44100
01-15 22:51:37.147 10328 10572 D MediaCodec:    int32_t channel-mask = 0
01-15 22:51:37.147 10328 10572 D MediaCodec:    int32_t what = 1869968451
01-15 22:51:37.147 10328 10572 D MediaCodec:  }
01-15 22:51:37.153 10328 10556 I MediaCodec: (0xb8010d60) stop
01-15 22:51:37.155 10328 10556 I MediaCodec: (0xb8010d60) release
01-15 22:51:37.185 10328 10547 D Robocol : no packet received: SocketTimeoutException
01-15 22:51:37.476 10328 10559 I RobotCore: Attempting to switch to op mode $Stop$Robot$
01-15 22:51:37.984 10328 10559 I RobotCore: robot battery read duration: n=0, mean=0.000ms sd=-0.000ms
01-15 22:51:38.105 10328 10558 W AudioTrack: AUDIO_OUTPUT_FLAG_FAST denied by client; transfer 4, track 44100 Hz, output 48000 Hz
01-15 22:51:47.141 10328 10328 V RCActivity: onPause()
01-15 22:51:47.148 10328 10328 V RCActivity: onStop()
01-15 22:51:47.148 10328 10328 V RobotCore: executive service robot setup is terminated
01-15 22:51:47.148 10328 10328 V Robocol : EventLoopManager.shutdown()
01-15 22:51:47.149 10328 10328 V RobotCore: waiting for service EventLoop
01-15 22:51:47.149 10328 10559 V RobotCore: EventLoopRunnable interrupted
01-15 22:51:47.149 10328 10559 V RobotCore: EventLoopManager state is STOPPED
01-15 22:51:47.149 10328 10559 V RobotCore: Robot Status: stopped
01-15 22:51:47.149 10328 10559 I FIRST   : ======= TEARDOWN =======
01-15 22:51:47.149 10328 10559 D RobotCore: disarming modern motor controller Modern Robotics USB DC Motor Controller [AI049QOP]...
01-15 22:51:47.152 10328 10559 V RobotCore: waiting for service ReadWriteRunnable for Modern Robotics USB Device
01-15 22:51:47.152 10328 10553 V RobotCore: thread: ...terminating 'r/w loop: Modern Robotics USB DC Motor Controller [AI049QOP]'
01-15 22:51:47.152 10328 10559 V RobotCore: awaitTermination returned, isTerminated=true
01-15 22:51:47.152 10328 10559 V RobotCore: executive service ReadWriteRunnable for Modern Robotics USB Device is terminated
01-15 22:51:47.152 10328 10559 D RobotCore: ...disarming modern motor controller Modern Robotics USB DC Motor Controller [AI049QOP] complete
01-15 22:51:47.152 10328 10559 D RobotCore: disarming modern motor controller Modern Robotics USB DC Motor Controller [AL00VBIF]...
01-15 22:51:47.154 10328 10554 V RobotCore: thread: ...terminating 'r/w loop: Modern Robotics USB DC Motor Controller [AL00VBIF]'
01-15 22:51:47.156 10328 10559 V RobotCore: executive service ReadWriteRunnable for Modern Robotics USB Device is terminated
01-15 22:51:47.157 10328 10559 D RobotCore: ...disarming modern motor controller Modern Robotics USB DC Motor Controller [AL00VBIF] complete
01-15 22:51:47.157 10328 10559 D RobotCore: disarming modern motor controller Modern Robotics USB DC Motor Controller [A104OQ1P]...
01-15 22:51:47.158 10328 10551 V RobotCore: thread: ...terminating 'r/w loop: Modern Robotics USB DC Motor Controller [A104OQ1P]'
01-15 22:51:47.158 10328 10559 V RobotCore: waiting for service ReadWriteRunnable for Modern Robotics USB Device
01-15 22:51:47.158 10328 10559 V RobotCore: awaitTermination returned, isTerminated=true
01-15 22:51:47.158 10328 10559 V RobotCore: executive service ReadWriteRunnable for Modern Robotics USB Device is terminated
01-15 22:51:47.158 10328 10559 D RobotCore: ...disarming modern motor controller Modern Robotics USB DC Motor Controller [A104OQ1P] complete
01-15 22:51:47.158 10328 10559 D RobotCore: disarming modern motor controller Modern Robotics USB DC Motor Controller [AL00VWH0]...
01-15 22:51:47.163 10328 10559 V RobotCore: waiting for service ReadWriteRunnable for Modern Robotics USB Device
01-15 22:51:47.164 10328 10552 V RobotCore: thread: ...terminating 'r/w loop: Modern Robotics USB DC Motor Controller [AL00VWH0]'
01-15 22:51:47.164 10328 10559 V RobotCore: awaitTermination returned, isTerminated=true
01-15 22:51:47.164 10328 10559 V RobotCore: executive service ReadWriteRunnable for Modern Robotics USB Device is terminated
01-15 22:51:47.164 10328 10559 D RobotCore: ...disarming modern motor controller Modern Robotics USB DC Motor Controller [AL00VWH0] complete
01-15 22:51:47.164 10328 10559 D RobotCore: disarming modern servo controller "Modern Robotics USB Servo Controller [AL00VST0]"...
01-15 22:51:47.166 10328 10549 V RobotCore: thread: ...terminating 'r/w loop: Modern Robotics USB Servo Controller [AL00VST0]'
01-15 22:51:47.166 10328 10559 V RobotCore: executive service ReadWriteRunnable for Modern Robotics USB Device is terminated
01-15 22:51:47.166 10328 10559 D RobotCore: ...disarming modern servo controller Modern Robotics USB Servo Controller [AL00VST0] complete
01-15 22:51:47.170 10328 10550 V RobotCore: thread: ...terminating 'r/w loop: Modern Robotics USB Core Device Interface Module [AI02RHDJ]'
01-15 22:51:47.170 10328 10559 V RobotCore: waiting for service ReadWriteRunnable for Modern Robotics USB Device
01-15 22:51:47.170 10328 10559 V RobotCore: awaitTermination returned, isTerminated=true
01-15 22:51:47.170 10328 10559 V RobotCore: executive service ReadWriteRunnable for Modern Robotics USB Device is terminated
01-15 22:51:47.170 10328 10559 I FIRST   : ======= TEARDOWN COMPLETE =======
01-15 22:51:47.170 10328 10559 V RobotCore: thread: ...terminating 'opmode loop()'
01-15 22:51:47.171 10328 10328 V RobotCore: awaitTermination returned, isTerminated=true
01-15 22:51:47.171 10328 10328 V RobotCore: executive service EventLoop is terminated
01-15 22:51:47.171 10328 10328 V RobotCore: EventLoopManager state is STOPPED
01-15 22:52:27.273 10885 10885 I art     : Late-enabling -Xcheck:jni
01-15 22:52:27.314 10885 10885 I InstantRun: Instant Run Runtime started. Android package is com.qualcomm.ftcrobotcontroller, real application class is org.firstinspires.ftc.robotcore.internal.RobotApplication.
01-15 22:52:27.745 10885 10885 V RCActivity: onCreate()
01-15 22:52:27.749 10885 10899 V RobotCore: saving logcat to /storage/emulated/0/com.qualcomm.ftcrobotcontroller.logcat
01-15 22:52:27.749 10885 10899 V RobotCore: logging command line: logcat -f /storage/emulated/0/com.qualcomm.ftcrobotcontroller.logcat -r4096 -n4 -v threadtime UsbRequestJNI:S UsbRequest:S *:V
01-15 22:52:27.782 10901 10901 W ps      : type=1400 audit(0.0:50906): avc: denied { getattr } for uid=10109 path="/proc/1" dev="proc" ino=469542 scontext=u:r:untrusted_app:s0:c512,c768 tcontext=u:r:init:s0 tclass=dir permissive=0
01-15 22:52:27.782 10901 10901 W ps      : type=1400 audit(0.0:50907): avc: denied { search } for uid=10109 name="1" dev="proc" ino=469542 scontext=u:r:untrusted_app:s0:c512,c768 tcontext=u:r:init:s0 tclass=dir permissive=0
01-15 22:52:27.782 10901 10901 W ps      : type=1400 audit(0.0:50908): avc: denied { search } for uid=10109 name="1" dev="proc" ino=469542 scontext=u:r:untrusted_app:s0:c512,c768 tcontext=u:r:init:s0 tclass=dir permissive=0
01-15 22:52:27.782 10901 10901 W ps      : type=1400 audit(0.0:50909): avc: denied { getattr } for uid=10109 path="/proc/2" dev="proc" ino=469747 scontext=u:r:untrusted_app:s0:c512,c768 tcontext=u:r:kernel:s0 tclass=dir permissive=0
01-15 22:52:27.782 10901 10901 W ps      : type=1400 audit(0.0:50910): avc: denied { search } for uid=10109 name="2" dev="proc" ino=469747 scontext=u:r:untrusted_app:s0:c512,c768 tcontext=u:r:kernel:s0 tclass=dir permissive=0
01-15 22:52:27.782 10901 10901 W ps      : type=1400 audit(0.0:50911): avc: denied { search } for uid=10109 name="2" dev="proc" ino=469747 scontext=u:r:untrusted_app:s0:c512,c768 tcontext=u:r:kernel:s0 tclass=dir permissive=0
01-15 22:52:27.782 10901 10901 W ps      : type=1400 audit(0.0:50912): avc: denied { getattr } for uid=10109 path="/proc/3" dev="proc" ino=469748 scontext=u:r:untrusted_app:s0:c512,c768 tcontext=u:r:kernel:s0 tclass=dir permissive=0
01-15 22:52:27.782 10901 10901 W ps      : type=1400 audit(0.0:50913): avc: denied { search } for uid=10109 name="3" dev="proc" ino=469748 scontext=u:r:untrusted_app:s0:c512,c768 tcontext=u:r:kernel:s0 tclass=dir permissive=0
01-15 22:52:27.782 10901 10901 W ps      : type=1400 audit(0.0:50914): avc: denied { search } for uid=10109 name="3" dev="proc" ino=469748 scontext=u:r:untrusted_app:s0:c512,c768 tcontext=u:r:kernel:s0 tclass=dir permissive=0
01-15 22:52:27.782 10901 10901 W ps      : type=1400 audit(0.0:50915): avc: denied { getattr } for uid=10109 path="/proc/5" dev="proc" ino=469749 scontext=u:r:untrusted_app:s0:c512,c768 tcontext=u:r:kernel:s0 tclass=dir permissive=0
01-15 22:52:27.782 10901 10901 W ps      : type=1400 audit(0.0:50916): avc: denied { search } for uid=10109 name="5" dev="proc" ino=469749 scontext=u:r:untrusted_app:s0:c512,c768 tcontext=u:r:kernel:s0 tclass=dir permissive=0
01-15 22:52:27.782 10901 10901 W ps      : type=1400 audit(0.0:50917): avc: denied { search } for uid=10109 name="5" dev="proc" ino=469749 scontext=u:r:untrusted_app:s0:c512,c768 tcontext=u:r:kernel:s0 tclass=dir permissive=0
01-15 22:52:27.782 10901 10901 W ps      : type=1400 audit(0.0:50918): avc: denied { getattr } for uid=10109 path="/proc/6" dev="proc" ino=469750 scontext=u:r:untrusted_app:s0:c512,c768 tcontext=u:r:kernel:s0 tclass=dir permissive=0
01-15 22:52:27.782 10901 10901 W ps      : type=1400 audit(0.0:50919): avc: denied { search } for uid=10109 name="6" dev="proc" ino=469750 scontext=u:r:untrusted_app:s0:c512,c768 tcontext=u:r:kernel:s0 tclass=dir permissive=0
01-15 22:52:27.782 10901 10901 W ps      : type=1400 audit(0.0:50920): avc: denied { search } for uid=10109 name="6" dev="proc" ino=469750 scontext=u:r:untrusted_app:s0:c512,c768 tcontext=u:r:kernel:s0 tclass=dir permissive=0
01-15 22:52:27.782 10901 10901 W ps      : type=1400 audit(0.0:50921): avc: denied { getattr } for uid=10109 path="/proc/7" dev="proc" ino=469751 scontext=u:r:untrusted_app:s0:c512,c768 tcontext=u:r:kernel:s0 tclass=dir permissive=0
01-15 22:52:27.782 10901 10901 W ps      : type=1400 audit(0.0:50922): avc: denied { search } for uid=10109 name="7" dev="proc" ino=469751 scontext=u:r:untrusted_app:s0:c512,c768 tcontext=u:r:kernel:s0 tclass=dir permissive=0
01-15 22:52:27.782 10901 10901 W ps      : type=1400 audit(0.0:50923): avc: denied { search } for uid=10109 name="7" dev="proc" ino=469751 scontext=u:r:untrusted_app:s0:c512,c768 tcontext=u:r:kernel:s0 tclass=dir permissive=0
01-15 22:52:27.782 10901 10901 W ps      : type=1400 audit(0.0:50924): avc: denied { getattr } for uid=10109 path="/proc/8" dev="proc" ino=469752 scontext=u:r:untrusted_app:s0:c512,c768 tcontext=u:r:kernel:s0 tclass=dir permissive=0
01-15 22:52:27.782 10901 10901 W ps      : type=1400 audit(0.0:50925): avc: denied { search } for uid=10109 name="8" dev="proc" ino=469752 scontext=u:r:untrusted_app:s0:c512,c768 tcontext=u:r:kernel:s0 tclass=dir permissive=0
01-15 22:52:27.782 10885 10885 I WebViewFactory: Loading com.google.android.webview version 46.0.2490.76 (code 249007600)
01-15 22:52:27.809 10885 10885 W System  : ClassLoader referenced unknown path: /system/app/WebViewGoogle/lib/arm
01-15 22:52:27.823 10885 10885 I cr.library_loader: Time to load native libraries: 9 ms (timestamps 2458-2467)
01-15 22:52:27.823 10885 10885 I cr.library_loader: Expected native library version number "46.0.2490.76", actual native library version number "46.0.2490.76"
01-15 22:52:27.839 10885 10885 V WebViewChromiumFactoryProvider: Binding Chromium to main looper Looper (main, tid 1) {ae33fa1}
01-15 22:52:27.839 10885 10885 I cr.library_loader: Expected native library version number "46.0.2490.76", actual native library version number "46.0.2490.76"
01-15 22:52:27.840 10885 10885 I chromium: [INFO:library_loader_hooks.cc(118)] Chromium logging enabled: level = 0, default verbosity = 0
01-15 22:52:27.848 10885 10885 I cr.BrowserStartup: Initializing chromium process, singleProcess=true
01-15 22:52:27.854 10885 10885 E SysUtils: ApplicationContext is null in ApplicationStatus
01-15 22:52:27.879 10885 10885 I Adreno-EGL: <qeglDrvAPI_eglInitialize:379>: EGL 1.4 QUALCOMM build:  (Ifd751822f5)
01-15 22:52:27.879 10885 10885 I Adreno-EGL: OpenGL ES Shader Compiler Version: XE031.06.00.05
01-15 22:52:27.879 10885 10885 I Adreno-EGL: Build Date: 01/26/16 Tue
01-15 22:52:27.879 10885 10885 I Adreno-EGL: Local Branch: AU12_SBA
01-15 22:52:27.879 10885 10885 I Adreno-EGL: Remote Branch: 
01-15 22:52:27.879 10885 10885 I Adreno-EGL: Local Patches: 
01-15 22:52:27.879 10885 10885 I Adreno-EGL: Reconstruct Branch: 
01-15 22:52:27.907 10885 10885 E chromium: [ERROR:browser_gpu_channel_host_factory.cc(258)] Failed to init browser shader disk cache.
01-15 22:52:27.926 10885 10885 E libEGL  : validate_display:255 error 3008 (EGL_BAD_DISPLAY)
01-15 22:52:27.974 10885 10885 W art     : Attempt to remove non-JNI local reference, dumping thread
01-15 22:52:27.983 10885 10885 W AwContents: onDetachedFromWindow called when already detached. Ignoring
01-15 22:52:29.499 10885 10885 V RobotCore: Network: inactive, disconnected
01-15 22:52:29.516 10885 10885 V RCActivity: onStart()
01-15 22:52:29.519 10885 10885 V RCActivity: onResume()
01-15 22:52:29.523 10885 10929 D OpenGLRenderer: Use EGL_SWAP_BEHAVIOR_PRESERVED: true
01-15 22:52:29.548 10885 10885 V RCActivity: onPause()
01-15 22:52:29.549 10885 10885 V RCActivity: onResume()
01-15 22:52:29.550 10885 10885 V RCActivity: onPause()
01-15 22:52:29.550 10885 10885 V RCActivity: onResume()
01-15 22:52:29.551 10885 10885 V RCActivity: onPause()
01-15 22:52:29.551 10885 10885 V RCActivity: onResume()
01-15 22:52:29.555 10885 10885 V RCActivity: onPause()
01-15 22:52:29.555 10885 10885 V RCActivity: onResume()
01-15 22:52:29.556 10885 10885 V RCActivity: onPause()
01-15 22:52:29.556 10885 10885 V RCActivity: onResume()
01-15 22:52:29.559 10885 10885 V FTCService: onCreate()
01-15 22:52:29.560 10885 10885 V FTCService: onBind()
01-15 22:52:29.560 10885 10885 V FTCService: Android device is motorola, MotoG3
01-15 22:52:29.561 10885 10885 V RobotCore: Starting network of type: WIFIDIRECT
01-15 22:52:29.563 10885 10885 V WifiDirect: There are 1 Wifi Direct Assistant Clients (+)
01-15 22:52:29.563 10885 10885 V WifiDirect: Enabling Wifi Direct Assistant
01-15 22:52:29.607 10885 10929 I OpenGLRenderer: Initialized EGL, version 1.4
01-15 22:52:29.621 10885 10885 D WifiDirect: broadcast: state - enabled: true
01-15 22:52:29.624 10885 10885 D WifiDirect: broadcast: connection changed: connectStatus=NOT_CONNECTED networkInfo.state=CONNECTED
01-15 22:52:29.624 10885 10885 V WifiDirect: NetworkInfo: [type: WIFI_P2P[], state: CONNECTED/CONNECTED, reason: (unspecified), extra: (none), roaming: false, failover: false, isAvailable: true]
01-15 22:52:29.624 10885 10885 V WifiDirect: WifiP2pInfo: groupFormed: true isGroupOwner: true operatingChannel: 2447 groupOwnerAddress: /192.168.49.1 mccMode: false
01-15 22:52:29.625 10885 10885 V WifiDirect: WifiP2pGroup: network: DIRECT-u3-9899-E-RC, isGO: true, Operating Channel: 2447, GO: Device: , deviceAddress: 24:da:9b:6a:a2:ba, primary type: null, secondary type: null, wps: 0, grpcapab: 0, devcapab: 0, status: 4, wfdInfo: WFD enabled: falseWFD DeviceInfo: 0, WFD CtrlPort: 0, WFD MaxThroughput: 0, level: 0, Client: Device: 9899-E-DS, deviceAddress: a4:70:d6:d3:3d:55, primary type: 10-0050F204-5, secondary type: null, wps: 392, grpcapab: 0, devcapab: 37, status: 0, wfdInfo: null, level: 60, interface: p2p0, networkId: 1, mGoOperFreq: 2447
01-15 22:52:29.625 10885 10885 D WifiDirect: broadcast: this device changed
01-15 22:52:29.625 10885 10885 V WifiDirect: device information: 9899-E-RC 24:da:9b:6a:a2:ba
01-15 22:52:29.625 10885 10885 V FTCService: RCActivity.controllerService=bound
01-15 22:52:29.626 10885 10885 V RobotCore: Network: unknown, disconnected
01-15 22:52:29.626 10885 10885 V RobotCore: Robot Status: stopped
01-15 22:52:29.643 10885 10885 D OpmodeRegistration: registered {DefaultOpMode} as {$Stop$Robot$}
01-15 22:52:29.643 10885 10885 V FTCService: Processing robot setup
01-15 22:52:29.645 10885 10885 V D2xx::  : Start constructor
01-15 22:52:29.648 10885 10885 V D2xx::  : End constructor
01-15 22:52:29.649 10885 10885 V D2xx::  : Vendor: 0403, Product: 6001
01-15 22:52:29.649 10885 10885 V D2xx::  : Vendor: 0403, Product: 6001
01-15 22:52:29.649 10885 10933 V RobotCore: thread: 'RobotSetupRunnable.run()' starting...
01-15 22:52:29.649 10885 10933 V RobotCore: Robot Status: stopped, scanning for USB devices
01-15 22:52:29.649 10885 10885 I FIRST   : ignoring: unable get serial number of attached UsbDevice vendor=0x0403, product=0x6001 device=0x03ec name=/dev/bus/usb/001/004
01-15 22:52:29.649 10885 10885 V D2xx::  : Vendor: 0403, Product: 6001
01-15 22:52:29.649 10885 10885 V D2xx::  : Vendor: 0403, Product: 6001
01-15 22:52:29.649 10885 10885 I FIRST   : ignoring: unable get serial number of attached UsbDevice vendor=0x0403, product=0x6001 device=0x03ed name=/dev/bus/usb/001/005
01-15 22:52:29.650 10885 10885 V D2xx::  : Vendor: 0403, Product: 6001
01-15 22:52:29.650 10885 10885 V D2xx::  : Vendor: 0403, Product: 6001
01-15 22:52:29.650 10885 10885 I FIRST   : ignoring: unable get serial number of attached UsbDevice vendor=0x0403, product=0x6001 device=0x03ee name=/dev/bus/usb/001/006
01-15 22:52:29.650 10885 10885 V D2xx::  : Vendor: 0403, Product: 6001
01-15 22:52:29.650 10885 10885 V D2xx::  : Vendor: 0403, Product: 6001
01-15 22:52:29.650 10885 10885 I FIRST   : ignoring: unable get serial number of attached UsbDevice vendor=0x0403, product=0x6001 device=0x03ef name=/dev/bus/usb/001/007
01-15 22:52:29.650 10885 10885 V D2xx::  : Vendor: 0403, Product: 6001
01-15 22:52:29.650 10885 10885 V D2xx::  : Vendor: 0403, Product: 6001
01-15 22:52:29.650 10885 10885 I FIRST   : ignoring: unable get serial number of attached UsbDevice vendor=0x0403, product=0x6001 device=0x03f0 name=/dev/bus/usb/001/008
01-15 22:52:29.650 10885 10885 D WifiDirect: cannot create group, does group already exist?
01-15 22:52:29.684 10885 10885 D WifiDirect: group owners address: /192.168.49.1
01-15 22:52:29.684 10885 10885 D WifiDirect: group formed, this device is the group owner (GO)
01-15 22:52:29.684 10885 10885 I FTCService: Wifi Direct - connected as group owner
01-15 22:52:29.684 10885 10885 D WifiDirect: stop discovering peers
01-15 22:52:29.691 10885 10885 V RobotCore: Network: enabled, disconnected
01-15 22:52:29.721 10885 10885 V WifiDirect: connection information available
01-15 22:52:29.721 10885 10885 V WifiDirect: connection information - groupOwnerName = 9899-E-RC
01-15 22:52:29.721 10885 10885 V WifiDirect: connection information - groupOwnerMacAddress = 24:da:9b:6a:a2:ba
01-15 22:52:29.721 10885 10885 V WifiDirect: connection information - groupInterface = p2p0
01-15 22:52:29.721 10885 10885 V WifiDirect: connection information - groupNetworkName = DIRECT-u3-9899-E-RC
01-15 22:52:29.721 10885 10885 I FTCService: Network Connection Passphrase: ZY55bu2t
01-15 22:52:29.722 10885 10885 V RobotCore: Network: active, disconnected
01-15 22:52:34.651 10885 10885 I RobotCore: Battery Checker, Level Remaining: 100.0
01-15 22:52:34.651 10885 10933 V RobotCore: EventLoopManager state is NOT_STARTED
01-15 22:52:34.652 10885 10933 V RobotCore: Robot Status: stopped, waiting on network
01-15 22:52:34.652 10885 10933 V RobotCore: Robot Status: stopped, starting robot
01-15 22:52:34.652 10885 10933 V Robocol : EventLoopManager.start()
01-15 22:52:34.652 10885 10933 V RobotCore: Starting network of type: WIFIDIRECT
01-15 22:52:34.653 10885 10933 V Robocol : Spoofing a Network Connection event...
01-15 22:52:34.653 10885 10885 I RobotCore: Battery Checker, Level Remaining: 100.0
01-15 22:52:34.654 10885 10933 V RobotCore: executive service EventLoop is terminated
01-15 22:52:34.654 10885 10933 V RobotCore: EventLoopManager state is STOPPED
01-15 22:52:34.656 10885 10933 V Robocol : eventLoop=FtcEventLoop
01-15 22:52:34.656 10885 10933 V RobotCore: EventLoopManager state is INIT
01-15 22:52:34.656 10885 10933 V RobotCore: Robot Status: initializing, starting robot
01-15 22:52:34.657 10885 10933 I FIRST   : ======= INIT START =======
01-15 22:52:34.659 10885 10936 V RobotCore: thread: 'SetupRunnable.run()' starting...
01-15 22:52:34.662 10885 10933 D OpmodeRegistration: registered {ShooterControl} as {ShooterControl}
01-15 22:52:34.663 10885 10933 D OpmodeRegistration: registered {ShooterData} as {TestWithData}
01-15 22:52:34.663 10885 10933 D OpmodeRegistration: registered {TestOpMode} as {Test}
01-15 22:52:34.664 10885 10933 D OpmodeRegistration: registered {BlueAuto} as {BlueAuto}
01-15 22:52:34.664 10885 10933 D OpmodeRegistration: registered {FinalTeleOp} as {FinalTeleOp}
01-15 22:52:34.665 10885 10933 D OpmodeRegistration: registered {RedAuto} as {RedAuto}
01-15 22:52:34.682 10885 10933 V RobotCore: Creating Modern Robotics USB Servo Controller [AL00VST0]
01-15 22:52:34.695 10885 10933 D RobotCore: arming modern servo controller Modern Robotics USB Servo Controller [AL00VST0]...
01-15 22:52:34.698 10885 10933 V D2xx::  : Vendor: 0403, Product: 6001
01-15 22:52:34.708 10885 10936 D Robocol : RobocolDatagramSocket listening addr=/192.168.49.1:20884 cbRec=65520 cbSend=163840 msRecTO=300
01-15 22:52:34.708 10885 10933 D UsbDeviceConnectionJNI: close
01-15 22:52:34.709 10885 10933 V D2xx::  : Vendor: 0403, Product: 6001
01-15 22:52:34.709 10885 10936 V Robocol : RecvLoopRunnable created
01-15 22:52:34.710 10885 10936 V PeerDiscovery: Starting peer discovery
01-15 22:52:34.711 10885 10938 V RobotCore: thread: 'RecvLoopRunnable.run()' starting...
01-15 22:52:34.712 10885 10936 V RobotCore: Setup complete
01-15 22:52:34.712 10885 10936 V RobotCore: thread: ...terminating 'SetupRunnable.run()'
01-15 22:52:34.718 10885 10933 D UsbDeviceConnectionJNI: close
01-15 22:52:34.718 10885 10933 V D2xx::  : Vendor: 0403, Product: 6001
01-15 22:52:34.726 10885 10933 D UsbDeviceConnectionJNI: close
01-15 22:52:34.727 10885 10933 V D2xx::  : Vendor: 0403, Product: 6001
01-15 22:52:34.736 10885 10933 D UsbDeviceConnectionJNI: close
01-15 22:52:34.736 10885 10933 V D2xx::  : Vendor: 0403, Product: 6001
01-15 22:52:34.744 10885 10933 D UsbDeviceConnectionJNI: close
01-15 22:52:34.744 10885 10933 V D2xx::  : Vendor: 0403, Product: 6001
01-15 22:52:34.752 10885 10933 D UsbDeviceConnectionJNI: close
01-15 22:52:34.753 10885 10933 D FTDI_Device::: open SUCCESS
01-15 22:52:34.753 10885 10933 I FTDI_Device::: EP: 0x81
01-15 22:52:34.753 10885 10933 I FTDI_Device::: EP: 0x02
01-15 22:52:34.754 10885 10933 D D2XX::  : **********************Device Opened**********************
01-15 22:52:35.007 10885 10938 D Robocol : no packet received: SocketTimeoutException
01-15 22:52:35.191 10885 10933 V RobotCore: Starting up device AL00VST0
01-15 22:52:35.199 10885 10942 V RobotCore: thread: 'r/w loop: Modern Robotics USB Servo Controller [AL00VST0]' starting...
01-15 22:52:35.201 10885 10933 D RobotCore: ...arming modern servo controller Modern Robotics USB Servo Controller [AL00VST0] complete
01-15 22:52:35.201 10885 10933 V RobotCore: Creating Modern Robotics USB Core Device Interface Module [AI02RHDJ]
01-15 22:52:35.216 10885 10933 V D2xx::  : Vendor: 0403, Product: 6001
01-15 22:52:35.218 10885 10933 V D2xx::  : Vendor: 0403, Product: 6001
01-15 22:52:35.220 10885 10933 V D2xx::  : Vendor: 0403, Product: 6001
01-15 22:52:35.221 10885 10933 V D2xx::  : Vendor: 0403, Product: 6001
01-15 22:52:35.222 10885 10933 V D2xx::  : Vendor: 0403, Product: 6001
01-15 22:52:35.223 10885 10933 V D2xx::  : Vendor: 0403, Product: 6001
01-15 22:52:35.225 10885 10933 D FTDI_Device::: open SUCCESS
01-15 22:52:35.225 10885 10933 I FTDI_Device::: EP: 0x81
01-15 22:52:35.226 10885 10933 I FTDI_Device::: EP: 0x02
01-15 22:52:35.226 10885 10933 D D2XX::  : **********************Device Opened**********************
01-15 22:52:35.298 10885 10938 D RobotCore: system telemetry: key=$System$None$ msg=""
01-15 22:52:35.300 10885 10938 V PeerDiscovery: new remote peer discovered: 192.168.49.134
01-15 22:52:35.300 10885 10938 D Robocol : RobocolDatagramSocket connected to /192.168.49.134:20884
01-15 22:52:35.302 10885 10938 V NetworkConnectionHandler: starting sending loop
01-15 22:52:35.302 10885 10938 V Robocol : SendOnceRunnable created
01-15 22:52:35.324 10885 10938 V RobotCore: Network: active, connected
01-15 22:52:35.362 10885 10885 D MediaPlayer: setSubtitleAnchor in MediaPlayer
01-15 22:52:35.362 10885 10950 D MediaPlayer: setSubtitleAnchor in MediaPlayer
01-15 22:52:35.376 10885 10938 V Robocol : received command: CMD_REQUEST_OP_MODE_LIST(10005) 
01-15 22:52:35.383 10885 10946 V Robocol : sending CMD_REQUEST_USER_SENSOR_LIST_RESP(10), attempt: 0
01-15 22:52:35.383 10885 10946 V Robocol : sending CMD_REQUEST_OP_MODE_LIST_RESP(14), attempt: 0
01-15 22:52:35.397 10885 10938 V Robocol : received command: CMD_REQUEST_ACTIVE_CONFIGURATION(10006) 
01-15 22:52:35.410 10885 10948 D ExtendedUtils: extended extractor not needed, return default
01-15 22:52:35.411 10885 10948 I MediaCodec: (0xb7feec00) init name(audio/raw) isType(1) encoder(0)
01-15 22:52:35.414 10885 10938 V Robocol : received command: CMD_REQUEST_USER_SENSOR_LIST_RESP(10) [{"description":"a MR compass sensor","flavor":"I2C","name":"MR Compass Sensor","xmlTag":"ModernRoboticsI2cCompassSensor"},{"description":"an Adafruit IMU","flavor":"I2C","name":"Adafruit IMU","xmlTag":"AdafruitBNO055IMU"},{"description":"a MR range sensor","flavor":"I2C","name":"MR Range Sensor","xmlTag":"ModernRoboticsI2cRangeSensor"}]
01-15 22:52:35.414 10885 10938 V Robocol : received command: CMD_REQUEST_OP_MODE_LIST_RESP(14) [{"flavor":"TELEOP","group":"Test","name":"ShooterControl"},{"flavor":"AUTONOMOUS","group":"Test","name":"TestWithData"},{"flavor":"AUTONOMOUS","group":"Test","name":"Test"},{"flavor":"AUTONOMOUS","group":"Competition","name":"BlueAuto"},{"flavor":"TELEOP","group":"Competition","name":"FinalTeleOp"},{"flavor":"AUTONOMOUS","group":"Competition","name":"RedAuto"}]
01-15 22:52:35.417 10885 10954 I OMXClient: Using client-side OMX mux.
01-15 22:52:35.422 10885 10954 E OMXMaster: A component of name 'OMX.qcom.audio.decoder.aac' already exists, ignoring this one.
01-15 22:52:35.422 10885 10946 V Robocol : sending CMD_REQUEST_USER_SENSOR_LIST_RESP(15), attempt: 0
01-15 22:52:35.423 10885 10946 V Robocol : sending CMD_REQUEST_ACTIVE_CONFIGURATION_RESP(18), attempt: 0
01-15 22:52:35.428 10885 10954 I MediaCodec: (0xb7feec00) Component Allocated (OMX.google.raw.decoder)
01-15 22:52:35.428 10885 10948 I MediaCodec: (0xb7feec00) configure surface(0x0) crypto(0x0) flags(0)
01-15 22:52:35.428 10885 10948 D MediaCodec: (0xb7feec00) configure format: AMessage(what = 0x00000000) = {
01-15 22:52:35.428 10885 10948 D MediaCodec:    string mime = "audio/raw"
01-15 22:52:35.428 10885 10948 D MediaCodec:    int64_t durationUs = 485011
01-15 22:52:35.428 10885 10948 D MediaCodec:    int32_t channel-count = 2
01-15 22:52:35.428 10885 10948 D MediaCodec:    int32_t sample-rate = 44100
01-15 22:52:35.428 10885 10948 D MediaCodec:    int32_t channel-mask = 0
01-15 22:52:35.428 10885 10948 D MediaCodec:  }
01-15 22:52:35.430 10885 10948 I MediaCodec: (0xb7feec00) start
01-15 22:52:35.431 10885 10954 I MediaCodec: (0xb7feec00) input buffers allocated
01-15 22:52:35.431 10885 10954 I MediaCodec: (0xb7feec00) numBuffers (4)
01-15 22:52:35.431 10885 10954 I MediaCodec: (0xb7feec00) output buffers allocated
01-15 22:52:35.431 10885 10954 I MediaCodec: (0xb7feec00) numBuffers (4)
01-15 22:52:35.433 10885 10954 I MediaCodec: (0xb7feec00) codec output format changed
01-15 22:52:35.433 10885 10954 D MediaCodec: (0xb7feec00) output format: AMessage(what = 'codc', target = 2) = {
01-15 22:52:35.433 10885 10954 D MediaCodec:    string mime = "audio/raw"
01-15 22:52:35.433 10885 10954 D MediaCodec:    int32_t channel-count = 2
01-15 22:52:35.433 10885 10954 D MediaCodec:    int32_t sample-rate = 44100
01-15 22:52:35.433 10885 10954 D MediaCodec:    int32_t channel-mask = 0
01-15 22:52:35.433 10885 10954 D MediaCodec:    int32_t what = 1869968451
01-15 22:52:35.433 10885 10954 D MediaCodec:  }
01-15 22:52:35.439 10885 10948 I MediaCodec: (0xb7feec00) stop
01-15 22:52:35.442 10885 10948 I MediaCodec: (0xb7feec00) release
01-15 22:52:35.447 10885 10950 W AudioTrack: AUDIO_OUTPUT_FLAG_FAST denied by client; transfer 4, track 44100 Hz, output 48000 Hz
01-15 22:52:35.451 10885 10938 V Robocol : received command: CMD_REQUEST_USER_SENSOR_LIST_RESP(15) [{"description":"a MR compass sensor","flavor":"I2C","name":"MR Compass Sensor","xmlTag":"ModernRoboticsI2cCompassSensor"},{"description":"an Adafruit IMU","flavor":"I2C","name":"Adafruit IMU","xmlTag":"AdafruitBNO055IMU"},{"description":"a MR range sensor","flavor":"I2C","name":"MR Range Sensor","xmlTag":"ModernRoboticsI2cRangeSensor"}]
01-15 22:52:35.451 10885 10938 V Robocol : received command: CMD_INIT_OP_MODE(10014) $Stop$Robot$
01-15 22:52:35.453 10885 10938 V Robocol : received command: CMD_REQUEST_ACTIVE_CONFIGURATION_RESP(18) {"isDirty":false,"location":"LOCAL_STORAGE","name":"FINAL_CONFIG_2017","resourceId":0}
01-15 22:52:35.641 10885 10933 V RobotCore: Starting up device AI02RHDJ
01-15 22:52:35.644 10885 10958 V RobotCore: thread: 'r/w loop: Modern Robotics USB Core Device Interface Module [AI02RHDJ]' starting...
01-15 22:52:35.646 10885 10933 V RobotCore: Creating I2C Device - Port: 2
01-15 22:52:35.647 10885 10933 V RobotCore: Creating Modern Robotics I2C Gyro Sensor - Port: 3
01-15 22:52:35.654 10885 10933 V RobotCore: Creating I2C Device - Port: 4
01-15 22:52:35.654 10885 10933 V RobotCore: Creating Modern Robotics Analog Optical Distance Sensor - Port: 7
01-15 22:52:35.656 10885 10933 V RobotCore: Creating Modern Robotics USB DC Motor Controller [A104OQ1P]
01-15 22:52:35.664 10885 10933 D RobotCore: arming modern motor controller Modern Robotics USB DC Motor Controller [A104OQ1P]...
01-15 22:52:35.666 10885 10933 V D2xx::  : Vendor: 0403, Product: 6001
01-15 22:52:35.667 10885 10933 V D2xx::  : Vendor: 0403, Product: 6001
01-15 22:52:35.670 10885 10933 V D2xx::  : Vendor: 0403, Product: 6001
01-15 22:52:35.671 10885 10933 V D2xx::  : Vendor: 0403, Product: 6001
01-15 22:52:35.673 10885 10933 V D2xx::  : Vendor: 0403, Product: 6001
01-15 22:52:35.674 10885 10933 V D2xx::  : Vendor: 0403, Product: 6001
01-15 22:52:35.677 10885 10933 D FTDI_Device::: open SUCCESS
01-15 22:52:35.677 10885 10933 I FTDI_Device::: EP: 0x81
01-15 22:52:35.677 10885 10933 I FTDI_Device::: EP: 0x02
01-15 22:52:35.677 10885 10933 D D2XX::  : **********************Device Opened**********************
01-15 22:52:36.093 10885 10933 V RobotCore: Starting up device A104OQ1P
01-15 22:52:36.096 10885 10961 V RobotCore: thread: 'r/w loop: Modern Robotics USB DC Motor Controller [A104OQ1P]' starting...
01-15 22:52:36.097 10885 10933 D RobotCore: ...arming modern motor controller Modern Robotics USB DC Motor Controller [A104OQ1P] complete
01-15 22:52:36.143 10885 10933 V RobotCore: Creating Modern Robotics USB DC Motor Controller [AL00VWH0]
01-15 22:52:36.144 10885 10933 D RobotCore: arming modern motor controller Modern Robotics USB DC Motor Controller [AL00VWH0]...
01-15 22:52:36.146 10885 10933 V D2xx::  : Vendor: 0403, Product: 6001
01-15 22:52:36.148 10885 10933 V D2xx::  : Vendor: 0403, Product: 6001
01-15 22:52:36.150 10885 10933 V D2xx::  : Vendor: 0403, Product: 6001
01-15 22:52:36.152 10885 10933 V D2xx::  : Vendor: 0403, Product: 6001
01-15 22:52:36.154 10885 10933 V D2xx::  : Vendor: 0403, Product: 6001
01-15 22:52:36.156 10885 10933 V D2xx::  : Vendor: 0403, Product: 6001
01-15 22:52:36.158 10885 10933 D FTDI_Device::: open SUCCESS
01-15 22:52:36.158 10885 10933 I FTDI_Device::: EP: 0x81
01-15 22:52:36.158 10885 10933 I FTDI_Device::: EP: 0x02
01-15 22:52:36.158 10885 10933 D D2XX::  : **********************Device Opened**********************
01-15 22:52:36.579 10885 10933 V RobotCore: Starting up device AL00VWH0
01-15 22:52:36.581 10885 10964 V RobotCore: thread: 'r/w loop: Modern Robotics USB DC Motor Controller [AL00VWH0]' starting...
01-15 22:52:36.583 10885 10933 D RobotCore: ...arming modern motor controller Modern Robotics USB DC Motor Controller [AL00VWH0] complete
01-15 22:52:36.630 10885 10933 V RobotCore: Creating Modern Robotics USB DC Motor Controller [AI049QOP]
01-15 22:52:36.630 10885 10933 D RobotCore: arming modern motor controller Modern Robotics USB DC Motor Controller [AI049QOP]...
01-15 22:52:36.632 10885 10933 V D2xx::  : Vendor: 0403, Product: 6001
01-15 22:52:36.635 10885 10933 V D2xx::  : Vendor: 0403, Product: 6001
01-15 22:52:36.637 10885 10933 V D2xx::  : Vendor: 0403, Product: 6001
01-15 22:52:36.641 10885 10933 V D2xx::  : Vendor: 0403, Product: 6001
01-15 22:52:36.644 10885 10933 V D2xx::  : Vendor: 0403, Product: 6001
01-15 22:52:36.648 10885 10933 V D2xx::  : Vendor: 0403, Product: 6001
01-15 22:52:36.650 10885 10933 D FTDI_Device::: open SUCCESS
01-15 22:52:36.650 10885 10933 I FTDI_Device::: EP: 0x81
01-15 22:52:36.650 10885 10933 I FTDI_Device::: EP: 0x02
01-15 22:52:36.650 10885 10933 D D2XX::  : **********************Device Opened**********************
01-15 22:52:37.069 10885 10933 V RobotCore: Starting up device AI049QOP
01-15 22:52:37.072 10885 10967 V RobotCore: thread: 'r/w loop: Modern Robotics USB DC Motor Controller [AI049QOP]' starting...
01-15 22:52:37.073 10885 10933 D RobotCore: ...arming modern motor controller Modern Robotics USB DC Motor Controller [AI049QOP] complete
01-15 22:52:37.141 10885 10933 V RobotCore: Creating Modern Robotics USB DC Motor Controller [AL00VBIF]
01-15 22:52:37.141 10885 10933 D RobotCore: arming modern motor controller Modern Robotics USB DC Motor Controller [AL00VBIF]...
01-15 22:52:37.143 10885 10933 V D2xx::  : Vendor: 0403, Product: 6001
01-15 22:52:37.146 10885 10933 V D2xx::  : Vendor: 0403, Product: 6001
01-15 22:52:37.149 10885 10933 V D2xx::  : Vendor: 0403, Product: 6001
01-15 22:52:37.151 10885 10933 V D2xx::  : Vendor: 0403, Product: 6001
01-15 22:52:37.153 10885 10933 V D2xx::  : Vendor: 0403, Product: 6001
01-15 22:52:37.156 10885 10933 V D2xx::  : Vendor: 0403, Product: 6001
01-15 22:52:37.159 10885 10933 D FTDI_Device::: open SUCCESS
01-15 22:52:37.159 10885 10933 I FTDI_Device::: EP: 0x81
01-15 22:52:37.159 10885 10933 I FTDI_Device::: EP: 0x02
01-15 22:52:37.159 10885 10933 D D2XX::  : **********************Device Opened**********************
01-15 22:52:37.578 10885 10933 V RobotCore: Starting up device AL00VBIF
01-15 22:52:37.579 10885 10971 V RobotCore: thread: 'r/w loop: Modern Robotics USB DC Motor Controller [AL00VBIF]' starting...
01-15 22:52:37.579 10885 10933 D RobotCore: ...arming modern motor controller Modern Robotics USB DC Motor Controller [AL00VBIF] complete
01-15 22:52:37.660 10885 10933 I RobotCore: Analytics has completed initialization.
01-15 22:52:37.660 10885 10933 I RobotCore: ========= Device Information ===================================================
01-15 22:52:37.660 10885 10933 I RobotCore: Type                                               Name                           Connection
01-15 22:52:37.661 10885 10933 I RobotCore: I2cDevice                                          colorBack                      USB AI02RHDJ; port 4
01-15 22:52:37.661 10885 10933 I RobotCore: Modern Robotics USB DC Motor Controller v2.0       Shooter                        USB AI049QOP
01-15 22:52:37.661 10885 10933 I RobotCore: DC Motor                                           rightFront                     USB AL00VWH0; port 1
01-15 22:52:37.661 10885 10933 I RobotCore: Modern Robotics USB DC Motor Controller v2.0       Front Motors                   USB AL00VWH0
01-15 22:52:37.662 10885 10933 I RobotCore: Modern Robotics USB DC Motor Controller v2.0       Back Motors                    USB A104OQ1P
01-15 22:52:37.662 10885 10933 I RobotCore: DC Motor                                           leftBack                       USB A104OQ1P; port 2
01-15 22:52:37.662 10885 10933 I RobotCore: Servo                                              upDown                         USB AL00VST0; port 1
01-15 22:52:37.662 10885 10933 I RobotCore: DC Motor                                           shooter2                       USB AI049QOP; port 2
01-15 22:52:37.662 10885 10933 I RobotCore: DC Motor                                           shooter1                       USB AI049QOP; port 1
01-15 22:52:37.662 10885 10933 I RobotCore: DC Motor                                           leftFront                      USB AL00VWH0; port 2
01-15 22:52:37.662 10885 10933 I RobotCore: DC Motor                                           rightBack                      USB A104OQ1P; port 1
01-15 22:52:37.662 10885 10933 I RobotCore: Servo                                              ballFeeder                     USB AL00VST0; port 2
01-15 22:52:37.662 10885 10933 I RobotCore: Modern Robotics USB DC Motor Controller v2.0       Intake                         USB AL00VBIF
01-15 22:52:37.662 10885 10933 I RobotCore: Modern Robotics USB Core Device Interface Module v2.0 Sensors                        USB AI02RHDJ
01-15 22:52:37.662 10885 10933 I RobotCore: I2cDevice                                          colorFront                     USB AI02RHDJ; port 2
01-15 22:52:37.662 10885 10933 I RobotCore: Modern Robotics USB Servo Controller v2.0          Servos                         USB AL00VST0
01-15 22:52:37.663 10885 10933 I RobotCore: DC Motor                                           intake                         USB AL00VBIF; port 1
