01-14 20:14:34.217 32180 32269 V RobotCore: waiting for service ReadWriteRunnable for Modern Robotics USB Device
01-14 20:14:34.218 32180 32269 V RobotCore: awaitTermination returned, isTerminated=true
01-14 20:14:34.218 32180 32269 V RobotCore: executive service ReadWriteRunnable for Modern Robotics USB Device is terminated
01-14 20:14:34.218 32180 32269 D RobotCore: ...disarming modern motor controller Modern Robotics USB DC Motor Controller [AL00VWH0] complete
01-14 20:14:34.218 32180 32269 I FIRST   : ======= MODULE DETACH RECOVERY: pretend Modern Robotics USB DC Motor Controller [AL00VWH0]=======
01-14 20:14:34.219 32180 32269 D RobotCore: arming modern motor controller Modern Robotics USB DC Motor Controller [AL00VWH0] (pretend)...
01-14 20:14:34.219 32180 32269 V RobotCore: Starting up pretend device AL00VWH0
01-14 20:14:34.227 32180 32298 V RobotCore: thread: 'r/w loop: Modern Robotics USB DC Motor Controller [AL00VWH0]' starting...
01-14 20:14:34.228 32180 32269 D RobotCore: ...arming modern motor controller Modern Robotics USB DC Motor Controller [AL00VWH0] complete
01-14 20:14:34.229 32180 32269 I FIRST   : ======= MODULE DETACH RECOVERY: complete Modern Robotics USB DC Motor Controller [AL00VWH0]=======
01-14 20:14:34.229 32180 32269 V RobotCore: event loop: device has shutdown abnormally
01-14 20:14:34.229 32180 32269 V RobotCore: event loop: detaching device owner
01-14 20:14:34.229 32180 32269 I FIRST   : ======= MODULE DETACH RECOVERY: disarm Modern Robotics USB DC Motor Controller [AI049QOP]=======
01-14 20:14:34.229 32180 32269 D RobotCore: disarming modern motor controller Modern Robotics USB DC Motor Controller [AI049QOP]...
01-14 20:14:34.229 32180 32269 V RobotCore: waiting for service ReadWriteRunnable for Modern Robotics USB Device
01-14 20:14:34.230 32180 32269 V RobotCore: awaitTermination returned, isTerminated=true
01-14 20:14:34.230 32180 32269 V RobotCore: executive service ReadWriteRunnable for Modern Robotics USB Device is terminated
01-14 20:14:34.230 32180 32269 D RobotCore: ...disarming modern motor controller Modern Robotics USB DC Motor Controller [AI049QOP] complete
01-14 20:14:34.230 32180 32269 I FIRST   : ======= MODULE DETACH RECOVERY: pretend Modern Robotics USB DC Motor Controller [AI049QOP]=======
01-14 20:14:34.230 32180 32269 D RobotCore: arming modern motor controller Modern Robotics USB DC Motor Controller [AI049QOP] (pretend)...
01-14 20:14:34.230 32180 32269 V RobotCore: Starting up pretend device AI049QOP
01-14 20:14:34.232 32180 32299 V RobotCore: thread: 'r/w loop: Modern Robotics USB DC Motor Controller [AI049QOP]' starting...
01-14 20:14:34.232 32180 32269 D RobotCore: ...arming modern motor controller Modern Robotics USB DC Motor Controller [AI049QOP] complete
01-14 20:14:34.232 32180 32269 I FIRST   : ======= MODULE DETACH RECOVERY: complete Modern Robotics USB DC Motor Controller [AI049QOP]=======
01-14 20:14:34.232 32180 32269 V RobotCore: event loop: device has shutdown abnormally
01-14 20:14:34.232 32180 32269 V RobotCore: event loop: detaching device owner
01-14 20:14:34.233 32180 32269 I FIRST   : ======= MODULE DETACH RECOVERY: disarm Modern Robotics USB DC Motor Controller [AL00VBIF]=======
01-14 20:14:34.233 32180 32269 D RobotCore: disarming modern motor controller Modern Robotics USB DC Motor Controller [AL00VBIF]...
01-14 20:14:34.233 32180 32269 V RobotCore: waiting for service ReadWriteRunnable for Modern Robotics USB Device
01-14 20:14:34.233 32180 32269 V RobotCore: awaitTermination returned, isTerminated=true
01-14 20:14:34.233 32180 32269 V RobotCore: executive service ReadWriteRunnable for Modern Robotics USB Device is terminated
01-14 20:14:34.233 32180 32269 D RobotCore: ...disarming modern motor controller Modern Robotics USB DC Motor Controller [AL00VBIF] complete
01-14 20:14:34.233 32180 32269 I FIRST   : ======= MODULE DETACH RECOVERY: pretend Modern Robotics USB DC Motor Controller [AL00VBIF]=======
01-14 20:14:34.233 32180 32269 D RobotCore: arming modern motor controller Modern Robotics USB DC Motor Controller [AL00VBIF] (pretend)...
01-14 20:14:34.233 32180 32269 V RobotCore: Starting up pretend device AL00VBIF
01-14 20:14:34.235 32180 32300 V RobotCore: thread: 'r/w loop: Modern Robotics USB DC Motor Controller [AL00VBIF]' starting...
01-14 20:14:34.235 32180 32269 D RobotCore: ...arming modern motor controller Modern Robotics USB DC Motor Controller [AL00VBIF] complete
01-14 20:14:34.235 32180 32269 I FIRST   : ======= MODULE DETACH RECOVERY: complete Modern Robotics USB DC Motor Controller [AL00VBIF]=======
01-14 20:14:34.237 32180 32269 D RobotCore: system telemetry: key=$System$Warning$ msg="problem communicating with Modern Robotics USB DC Motor Controller [A104OQ1P]; problem communicating with Modern Robotics USB Core Device Interface Module [AL00VFK6]; problem communicating with Modern Robotics USB Servo Controller [AL00VSDY]; problem communicating with Modern Robotics USB DC Motor Controller [AL00VWH0]; problem communicating with Modern Robotics USB DC Motor Controller [AI049QOP]; problem communicating with Modern Robotics USB DC Motor Controller [AL00VBIF]"
01-14 20:14:35.240 32180 32243 W AudioTrack: AUDIO_OUTPUT_FLAG_FAST denied by client; transfer 4, track 44100 Hz, output 48000 Hz
01-14 20:14:41.926 32180 32180 V RCActivity: onPause()
01-14 20:14:41.934 32180 32180 V RCActivity: onStop()
01-14 20:14:41.934 32180 32180 V RobotCore: executive service robot setup is terminated
01-14 20:14:41.934 32180 32180 V Robocol : EventLoopManager.shutdown()
01-14 20:14:41.934 32180 32180 V RobotCore: waiting for service EventLoop
01-14 20:14:41.934 32180 32269 V RobotCore: EventLoopRunnable interrupted
01-14 20:14:41.934 32180 32269 V RobotCore: EventLoopManager state is STOPPED
01-14 20:14:41.935 32180 32269 V RobotCore: Robot Status: stopped
01-14 20:14:41.935 32180 32269 I FIRST   : ======= TEARDOWN =======
01-14 20:14:41.935 32180 32269 D RobotCore: disarming modern motor controller Modern Robotics USB DC Motor Controller [A104OQ1P]...
01-14 20:14:41.940 32180 32269 V RobotCore: waiting for service ReadWriteRunnable for Modern Robotics USB Device
01-14 20:14:41.940 32180 32297 V RobotCore: thread: ...terminating 'r/w loop: Modern Robotics USB DC Motor Controller [A104OQ1P]'
01-14 20:14:41.940 32180 32269 V RobotCore: awaitTermination returned, isTerminated=true
01-14 20:14:41.940 32180 32269 V RobotCore: executive service ReadWriteRunnable for Modern Robotics USB Device is terminated
01-14 20:14:41.940 32180 32269 D RobotCore: ...disarming modern motor controller Modern Robotics USB DC Motor Controller [A104OQ1P] complete
01-14 20:14:41.941 32180 32269 D RobotCore: disarming modern motor controller Modern Robotics USB DC Motor Controller [AL00VWH0]...
01-14 20:14:41.945 32180 32298 V RobotCore: thread: ...terminating 'r/w loop: Modern Robotics USB DC Motor Controller [AL00VWH0]'
01-14 20:14:41.945 32180 32269 V RobotCore: executive service ReadWriteRunnable for Modern Robotics USB Device is terminated
01-14 20:14:41.946 32180 32269 D RobotCore: ...disarming modern motor controller Modern Robotics USB DC Motor Controller [AL00VWH0] complete
01-14 20:14:41.946 32180 32269 D RobotCore: disarming modern motor controller Modern Robotics USB DC Motor Controller [AI049QOP]...
01-14 20:14:41.953 32180 32299 V RobotCore: thread: ...terminating 'r/w loop: Modern Robotics USB DC Motor Controller [AI049QOP]'
01-14 20:14:41.953 32180 32269 V RobotCore: waiting for service ReadWriteRunnable for Modern Robotics USB Device
01-14 20:14:41.954 32180 32269 V RobotCore: awaitTermination returned, isTerminated=true
01-14 20:14:41.954 32180 32269 V RobotCore: executive service ReadWriteRunnable for Modern Robotics USB Device is terminated
01-14 20:14:41.954 32180 32269 D RobotCore: ...disarming modern motor controller Modern Robotics USB DC Motor Controller [AI049QOP] complete
01-14 20:14:41.954 32180 32269 D RobotCore: disarming modern motor controller Modern Robotics USB DC Motor Controller [AL00VBIF]...
01-14 20:14:41.963 32180 32300 V RobotCore: thread: ...terminating 'r/w loop: Modern Robotics USB DC Motor Controller [AL00VBIF]'
01-14 20:14:41.964 32180 32269 V RobotCore: executive service ReadWriteRunnable for Modern Robotics USB Device is terminated
01-14 20:14:41.964 32180 32269 D RobotCore: ...disarming modern motor controller Modern Robotics USB DC Motor Controller [AL00VBIF] complete
01-14 20:14:41.964 32180 32269 D RobotCore: disarming modern servo controller "Modern Robotics USB Servo Controller [AL00VSDY]"...
01-14 20:14:41.968 32180 32269 V RobotCore: waiting for service ReadWriteRunnable for Modern Robotics USB Device
01-14 20:14:41.968 32180 32295 V RobotCore: thread: ...terminating 'r/w loop: Modern Robotics USB Servo Controller [AL00VSDY]'
01-14 20:14:41.968 32180 32269 V RobotCore: awaitTermination returned, isTerminated=true
01-14 20:14:41.968 32180 32269 V RobotCore: executive service ReadWriteRunnable for Modern Robotics USB Device is terminated
01-14 20:14:41.968 32180 32269 D RobotCore: ...disarming modern servo controller Modern Robotics USB Servo Controller [AL00VSDY] complete
01-14 20:14:41.973 32180 32296 V RobotCore: thread: ...terminating 'r/w loop: Modern Robotics USB Core Device Interface Module [AL00VFK6]'
01-14 20:14:41.973 32180 32269 V RobotCore: waiting for service ReadWriteRunnable for Modern Robotics USB Device
01-14 20:14:41.973 32180 32269 V RobotCore: awaitTermination returned, isTerminated=true
01-14 20:14:41.973 32180 32269 V RobotCore: executive service ReadWriteRunnable for Modern Robotics USB Device is terminated
01-14 20:14:41.973 32180 32269 I FIRST   : ======= TEARDOWN COMPLETE =======
01-14 20:14:41.974 32180 32269 V RobotCore: thread: ...terminating 'opmode loop()'
01-14 20:14:41.974 32180 32180 V RobotCore: awaitTermination returned, isTerminated=true
01-14 20:14:41.974 32180 32180 V RobotCore: executive service EventLoop is terminated
01-14 20:14:41.974 32180 32180 V RobotCore: EventLoopManager state is STOPPED
01-14 20:14:41.978 32180 32235 D RobotCore: system telemetry: key=$System$None$ msg=""
01-14 20:32:11.358  1103  1103 I art     : Late-enabling -Xcheck:jni
01-14 20:32:11.417  1103  1103 I InstantRun: Instant Run Runtime started. Android package is com.qualcomm.ftcrobotcontroller, real application class is org.firstinspires.ftc.robotcore.internal.RobotApplication.
01-14 20:32:11.756  1103  1103 V RCActivity: onCreate()
01-14 20:32:11.765  1103  1118 V RobotCore: saving logcat to /storage/emulated/0/com.qualcomm.ftcrobotcontroller.logcat
01-14 20:32:11.765  1103  1118 V RobotCore: logging command line: logcat -f /storage/emulated/0/com.qualcomm.ftcrobotcontroller.logcat -r4096 -n4 -v threadtime UsbRequestJNI:S UsbRequest:S *:V
01-14 20:32:11.792  1103  1103 I WebViewFactory: Loading com.google.android.webview version 46.0.2490.76 (code 249007600)
01-14 20:32:11.802  1120  1120 W ps      : type=1400 audit(0.0:13580): avc: denied { getattr } for uid=10109 path="/proc/1" dev="proc" ino=212271 scontext=u:r:untrusted_app:s0:c512,c768 tcontext=u:r:init:s0 tclass=dir permissive=0
01-14 20:32:11.802  1120  1120 W ps      : type=1400 audit(0.0:13581): avc: denied { search } for uid=10109 name="1" dev="proc" ino=212271 scontext=u:r:untrusted_app:s0:c512,c768 tcontext=u:r:init:s0 tclass=dir permissive=0
01-14 20:32:11.802  1120  1120 W ps      : type=1400 audit(0.0:13582): avc: denied { search } for uid=10109 name="1" dev="proc" ino=212271 scontext=u:r:untrusted_app:s0:c512,c768 tcontext=u:r:init:s0 tclass=dir permissive=0
01-14 20:32:11.802  1120  1120 W ps      : type=1400 audit(0.0:13583): avc: denied { getattr } for uid=10109 path="/proc/2" dev="proc" ino=214306 scontext=u:r:untrusted_app:s0:c512,c768 tcontext=u:r:kernel:s0 tclass=dir permissive=0
01-14 20:32:11.802  1120  1120 W ps      : type=1400 audit(0.0:13584): avc: denied { search } for uid=10109 name="2" dev="proc" ino=214306 scontext=u:r:untrusted_app:s0:c512,c768 tcontext=u:r:kernel:s0 tclass=dir permissive=0
01-14 20:32:11.802  1120  1120 W ps      : type=1400 audit(0.0:13585): avc: denied { search } for uid=10109 name="2" dev="proc" ino=214306 scontext=u:r:untrusted_app:s0:c512,c768 tcontext=u:r:kernel:s0 tclass=dir permissive=0
01-14 20:32:11.802  1120  1120 W ps      : type=1400 audit(0.0:13586): avc: denied { getattr } for uid=10109 path="/proc/3" dev="proc" ino=214307 scontext=u:r:untrusted_app:s0:c512,c768 tcontext=u:r:kernel:s0 tclass=dir permissive=0
01-14 20:32:11.802  1120  1120 W ps      : type=1400 audit(0.0:13587): avc: denied { search } for uid=10109 name="3" dev="proc" ino=214307 scontext=u:r:untrusted_app:s0:c512,c768 tcontext=u:r:kernel:s0 tclass=dir permissive=0
01-14 20:32:11.802  1120  1120 W ps      : type=1400 audit(0.0:13588): avc: denied { search } for uid=10109 name="3" dev="proc" ino=214307 scontext=u:r:untrusted_app:s0:c512,c768 tcontext=u:r:kernel:s0 tclass=dir permissive=0
01-14 20:32:11.802  1120  1120 W ps      : type=1400 audit(0.0:13589): avc: denied { getattr } for uid=10109 path="/proc/5" dev="proc" ino=214308 scontext=u:r:untrusted_app:s0:c512,c768 tcontext=u:r:kernel:s0 tclass=dir permissive=0
01-14 20:32:11.802  1120  1120 W ps      : type=1400 audit(0.0:13590): avc: denied { search } for uid=10109 name="5" dev="proc" ino=214308 scontext=u:r:untrusted_app:s0:c512,c768 tcontext=u:r:kernel:s0 tclass=dir permissive=0
01-14 20:32:11.802  1120  1120 W ps      : type=1400 audit(0.0:13591): avc: denied { search } for uid=10109 name="5" dev="proc" ino=214308 scontext=u:r:untrusted_app:s0:c512,c768 tcontext=u:r:kernel:s0 tclass=dir permissive=0
01-14 20:32:11.802  1120  1120 W ps      : type=1400 audit(0.0:13592): avc: denied { getattr } for uid=10109 path="/proc/6" dev="proc" ino=214309 scontext=u:r:untrusted_app:s0:c512,c768 tcontext=u:r:kernel:s0 tclass=dir permissive=0
01-14 20:32:11.802  1120  1120 W ps      : type=1400 audit(0.0:13593): avc: denied { search } for uid=10109 name="6" dev="proc" ino=214309 scontext=u:r:untrusted_app:s0:c512,c768 tcontext=u:r:kernel:s0 tclass=dir permissive=0
01-14 20:32:11.802  1120  1120 W ps      : type=1400 audit(0.0:13594): avc: denied { search } for uid=10109 name="6" dev="proc" ino=214309 scontext=u:r:untrusted_app:s0:c512,c768 tcontext=u:r:kernel:s0 tclass=dir permissive=0
01-14 20:32:11.802  1120  1120 W ps      : type=1400 audit(0.0:13595): avc: denied { getattr } for uid=10109 path="/proc/7" dev="proc" ino=214310 scontext=u:r:untrusted_app:s0:c512,c768 tcontext=u:r:kernel:s0 tclass=dir permissive=0
01-14 20:32:11.802  1120  1120 W ps      : type=1400 audit(0.0:13596): avc: denied { search } for uid=10109 name="7" dev="proc" ino=214310 scontext=u:r:untrusted_app:s0:c512,c768 tcontext=u:r:kernel:s0 tclass=dir permissive=0
01-14 20:32:11.802  1120  1120 W ps      : type=1400 audit(0.0:13597): avc: denied { search } for uid=10109 name="7" dev="proc" ino=214310 scontext=u:r:untrusted_app:s0:c512,c768 tcontext=u:r:kernel:s0 tclass=dir permissive=0
01-14 20:32:11.802  1120  1120 W ps      : type=1400 audit(0.0:13598): avc: denied { getattr } for uid=10109 path="/proc/8" dev="proc" ino=214311 scontext=u:r:untrusted_app:s0:c512,c768 tcontext=u:r:kernel:s0 tclass=dir permissive=0
01-14 20:32:11.802  1120  1120 W ps      : type=1400 audit(0.0:13599): avc: denied { search } for uid=10109 name="8" dev="proc" ino=214311 scontext=u:r:untrusted_app:s0:c512,c768 tcontext=u:r:kernel:s0 tclass=dir permissive=0
01-14 20:32:11.821  1103  1103 W System  : ClassLoader referenced unknown path: /system/app/WebViewGoogle/lib/arm
01-14 20:32:11.829  1103  1103 I cr.library_loader: Time to load native libraries: 4 ms (timestamps 8290-8294)
01-14 20:32:11.829  1103  1103 I cr.library_loader: Expected native library version number "46.0.2490.76", actual native library version number "46.0.2490.76"
01-14 20:32:11.865  1103  1103 V WebViewChromiumFactoryProvider: Binding Chromium to main looper Looper (main, tid 1) {ce18c08}
01-14 20:32:11.866  1103  1103 I cr.library_loader: Expected native library version number "46.0.2490.76", actual native library version number "46.0.2490.76"
01-14 20:32:11.866  1103  1103 I chromium: [INFO:library_loader_hooks.cc(118)] Chromium logging enabled: level = 0, default verbosity = 0
01-14 20:32:11.875  1103  1103 I cr.BrowserStartup: Initializing chromium process, singleProcess=true
01-14 20:32:11.880  1103  1103 E SysUtils: ApplicationContext is null in ApplicationStatus
01-14 20:32:11.900  1103  1103 I Adreno-EGL: <qeglDrvAPI_eglInitialize:379>: EGL 1.4 QUALCOMM build:  (Ifd751822f5)
01-14 20:32:11.900  1103  1103 I Adreno-EGL: OpenGL ES Shader Compiler Version: XE031.06.00.05
01-14 20:32:11.900  1103  1103 I Adreno-EGL: Build Date: 01/26/16 Tue
01-14 20:32:11.900  1103  1103 I Adreno-EGL: Local Branch: AU12_SBA
01-14 20:32:11.900  1103  1103 I Adreno-EGL: Remote Branch: 
01-14 20:32:11.900  1103  1103 I Adreno-EGL: Local Patches: 
01-14 20:32:11.900  1103  1103 I Adreno-EGL: Reconstruct Branch: 
01-14 20:32:11.935  1103  1103 E chromium: [ERROR:browser_gpu_channel_host_factory.cc(258)] Failed to init browser shader disk cache.
01-14 20:32:11.955  1103  1103 E libEGL  : validate_display:255 error 3008 (EGL_BAD_DISPLAY)
01-14 20:32:11.991  1103  1103 W art     : Attempt to remove non-JNI local reference, dumping thread
01-14 20:32:11.999  1103  1103 W AwContents: onDetachedFromWindow called when already detached. Ignoring
01-14 20:32:13.513  1103  1103 V RobotCore: Network: inactive, disconnected
01-14 20:32:13.524  1103  1103 V RCActivity: onStart()
01-14 20:32:13.528  1103  1103 V RCActivity: onResume()
01-14 20:32:13.536  1103  1150 D OpenGLRenderer: Use EGL_SWAP_BEHAVIOR_PRESERVED: true
01-14 20:32:13.561  1103  1103 V RCActivity: onPause()
01-14 20:32:13.562  1103  1103 V RCActivity: onResume()
01-14 20:32:13.563  1103  1103 V RCActivity: onPause()
01-14 20:32:13.563  1103  1103 V RCActivity: onResume()
01-14 20:32:13.565  1103  1103 V RCActivity: onPause()
01-14 20:32:13.565  1103  1103 V RCActivity: onResume()
01-14 20:32:13.568  1103  1103 V RCActivity: onPause()
01-14 20:32:13.568  1103  1103 V RCActivity: onResume()
01-14 20:32:13.569  1103  1103 V RCActivity: onPause()
01-14 20:32:13.569  1103  1103 V RCActivity: onResume()
01-14 20:32:13.572  1103  1103 V FTCService: onCreate()
01-14 20:32:13.572  1103  1103 V FTCService: onBind()
01-14 20:32:13.572  1103  1103 V FTCService: Android device is motorola, MotoG3
01-14 20:32:13.573  1103  1103 V RobotCore: Starting network of type: WIFIDIRECT
01-14 20:32:13.577  1103  1103 V WifiDirect: There are 1 Wifi Direct Assistant Clients (+)
01-14 20:32:13.577  1103  1103 V WifiDirect: Enabling Wifi Direct Assistant
01-14 20:32:13.613  1103  1150 I OpenGLRenderer: Initialized EGL, version 1.4
01-14 20:32:13.627  1103  1103 D WifiDirect: broadcast: state - enabled: true
01-14 20:32:13.630  1103  1103 D WifiDirect: broadcast: connection changed: connectStatus=NOT_CONNECTED networkInfo.state=CONNECTED
01-14 20:32:13.630  1103  1103 V WifiDirect: NetworkInfo: [type: WIFI_P2P[], state: CONNECTED/CONNECTED, reason: (unspecified), extra: (none), roaming: false, failover: false, isAvailable: true]
01-14 20:32:13.630  1103  1103 V WifiDirect: WifiP2pInfo: groupFormed: true isGroupOwner: true operatingChannel: 2447 groupOwnerAddress: /192.168.49.1 mccMode: false
01-14 20:32:13.631  1103  1103 V WifiDirect: WifiP2pGroup: network: DIRECT-u3-9899-E-RC, isGO: true, Operating Channel: 2447, GO: Device: , deviceAddress: 24:da:9b:6a:a2:ba, primary type: null, secondary type: null, wps: 0, grpcapab: 0, devcapab: 0, status: 4, wfdInfo: WFD enabled: falseWFD DeviceInfo: 0, WFD CtrlPort: 0, WFD MaxThroughput: 0, level: 0, Client: Device: 9899-E-DS, deviceAddress: a4:70:d6:d3:3d:55, primary type: 10-0050F204-5, secondary type: null, wps: 392, grpcapab: 0, devcapab: 37, status: 0, wfdInfo: null, level: 60, interface: p2p0, networkId: 1, mGoOperFreq: 2447
01-14 20:32:13.633  1103  1103 D WifiDirect: broadcast: this device changed
01-14 20:32:13.633  1103  1103 V WifiDirect: device information: 9899-E-RC 24:da:9b:6a:a2:ba
01-14 20:32:13.633  1103  1103 V FTCService: RCActivity.controllerService=bound
01-14 20:32:13.634  1103  1103 V RobotCore: Network: unknown, disconnected
01-14 20:32:13.634  1103  1103 V RobotCore: Robot Status: stopped
01-14 20:32:13.651  1103  1103 D OpmodeRegistration: registered {DefaultOpMode} as {$Stop$Robot$}
01-14 20:32:13.652  1103  1103 V FTCService: Processing robot setup
01-14 20:32:13.653  1103  1103 V D2xx::  : Start constructor
01-14 20:32:13.655  1103  1154 V RobotCore: thread: 'RobotSetupRunnable.run()' starting...
01-14 20:32:13.655  1103  1154 V RobotCore: Robot Status: stopped, scanning for USB devices
01-14 20:32:13.659  1103  1103 V D2xx::  : End constructor
01-14 20:32:13.659  1103  1103 V D2xx::  : Vendor: 0403, Product: 6001
01-14 20:32:13.659  1103  1103 V D2xx::  : Vendor: 0403, Product: 6001
01-14 20:32:13.660  1103  1103 I FIRST   : ignoring: unable get serial number of attached UsbDevice vendor=0x0403, product=0x6001 device=0x03ec name=/dev/bus/usb/001/004
01-14 20:32:13.660  1103  1103 V D2xx::  : Vendor: 0403, Product: 6001
01-14 20:32:13.660  1103  1103 V D2xx::  : Vendor: 0403, Product: 6001
01-14 20:32:13.660  1103  1103 I FIRST   : ignoring: unable get serial number of attached UsbDevice vendor=0x0403, product=0x6001 device=0x03ed name=/dev/bus/usb/001/005
01-14 20:32:13.660  1103  1103 V D2xx::  : Vendor: 0403, Product: 6001
01-14 20:32:13.660  1103  1103 V D2xx::  : Vendor: 0403, Product: 6001
01-14 20:32:13.660  1103  1103 I FIRST   : ignoring: unable get serial number of attached UsbDevice vendor=0x0403, product=0x6001 device=0x03ee name=/dev/bus/usb/001/006
01-14 20:32:13.660  1103  1103 V D2xx::  : Vendor: 0403, Product: 6001
01-14 20:32:13.660  1103  1103 V D2xx::  : Vendor: 0403, Product: 6001
01-14 20:32:13.660  1103  1103 I FIRST   : ignoring: unable get serial number of attached UsbDevice vendor=0x0403, product=0x6001 device=0x03ef name=/dev/bus/usb/001/007
01-14 20:32:13.660  1103  1103 V D2xx::  : Vendor: 0403, Product: 6001
01-14 20:32:13.660  1103  1103 V D2xx::  : Vendor: 0403, Product: 6001
01-14 20:32:13.660  1103  1103 I FIRST   : ignoring: unable get serial number of attached UsbDevice vendor=0x0403, product=0x6001 device=0x03f0 name=/dev/bus/usb/001/008
01-14 20:32:13.660  1103  1103 D WifiDirect: cannot create group, does group already exist?
01-14 20:32:13.695  1103  1103 D WifiDirect: group owners address: /192.168.49.1
01-14 20:32:13.695  1103  1103 D WifiDirect: group formed, this device is the group owner (GO)
01-14 20:32:13.695  1103  1103 I FTCService: Wifi Direct - connected as group owner
01-14 20:32:13.695  1103  1103 D WifiDirect: stop discovering peers
01-14 20:32:13.700  1103  1103 V RobotCore: Network: enabled, disconnected
01-14 20:32:13.726  1103  1103 V WifiDirect: connection information available
01-14 20:32:13.726  1103  1103 V WifiDirect: connection information - groupOwnerName = 9899-E-RC
01-14 20:32:13.726  1103  1103 V WifiDirect: connection information - groupOwnerMacAddress = 24:da:9b:6a:a2:ba
01-14 20:32:13.726  1103  1103 V WifiDirect: connection information - groupInterface = p2p0
01-14 20:32:13.726  1103  1103 V WifiDirect: connection information - groupNetworkName = DIRECT-u3-9899-E-RC
01-14 20:32:13.726  1103  1103 I FTCService: Network Connection Passphrase: ZY55bu2t
01-14 20:32:13.727  1103  1103 V RobotCore: Network: active, disconnected
01-14 20:32:18.658  1103  1154 V RobotCore: EventLoopManager state is NOT_STARTED
01-14 20:32:18.659  1103  1154 V RobotCore: Robot Status: stopped, waiting on network
01-14 20:32:18.659  1103  1154 V RobotCore: Robot Status: stopped, starting robot
01-14 20:32:18.659  1103  1154 V Robocol : EventLoopManager.start()
01-14 20:32:18.659  1103  1154 V RobotCore: Starting network of type: WIFIDIRECT
01-14 20:32:18.659  1103  1154 V Robocol : Spoofing a Network Connection event...
01-14 20:32:18.661  1103  1154 V RobotCore: executive service EventLoop is terminated
01-14 20:32:18.661  1103  1154 V RobotCore: EventLoopManager state is STOPPED
01-14 20:32:18.662  1103  1154 V Robocol : eventLoop=FtcEventLoop
01-14 20:32:18.662  1103  1154 V RobotCore: EventLoopManager state is INIT
01-14 20:32:18.662  1103  1154 V RobotCore: Robot Status: initializing, starting robot
01-14 20:32:18.662  1103  1154 I FIRST   : ======= INIT START =======
01-14 20:32:18.666  1103  1103 I RobotCore: Battery Checker, Level Remaining: 78.0
01-14 20:32:18.668  1103  1157 V RobotCore: thread: 'SetupRunnable.run()' starting...
01-14 20:32:18.668  1103  1103 I RobotCore: Battery Checker, Level Remaining: 78.0
01-14 20:32:18.678  1103  1154 D OpmodeRegistration: registered {ShooterControl} as {ShooterControl}
01-14 20:32:18.678  1103  1154 D OpmodeRegistration: registered {ShooterData} as {ShooterData}
01-14 20:32:18.679  1103  1154 D OpmodeRegistration: registered {TestOpMode} as {Test}
01-14 20:32:18.680  1103  1154 D OpmodeRegistration: registered {BlueAuto} as {BlueAuto}
01-14 20:32:18.680  1103  1154 D OpmodeRegistration: registered {FinalTeleOp} as {FinalTeleOp}
01-14 20:32:18.681  1103  1154 D OpmodeRegistration: registered {RedAuto} as {RedAuto}
01-14 20:32:18.695  1103  1154 V RobotCore: Creating Modern Robotics USB Servo Controller [AL00VSDY]
01-14 20:32:18.704  1103  1154 D RobotCore: arming modern servo controller Modern Robotics USB Servo Controller [AL00VSDY]...
01-14 20:32:18.705  1103  1157 D Robocol : RobocolDatagramSocket listening addr=/192.168.49.1:20884 cbRec=65520 cbSend=163840 msRecTO=300
01-14 20:32:18.706  1103  1157 V Robocol : RecvLoopRunnable created
01-14 20:32:18.708  1103  1159 V RobotCore: thread: 'RecvLoopRunnable.run()' starting...
01-14 20:32:18.708  1103  1157 V PeerDiscovery: Starting peer discovery
01-14 20:32:18.708  1103  1154 V D2xx::  : Vendor: 0403, Product: 6001
01-14 20:32:18.711  1103  1157 V RobotCore: Setup complete
01-14 20:32:18.711  1103  1157 V RobotCore: thread: ...terminating 'SetupRunnable.run()'
01-14 20:32:18.721  1103  1154 D UsbDeviceConnectionJNI: close
01-14 20:32:18.721  1103  1154 V D2xx::  : Vendor: 0403, Product: 6001
01-14 20:32:18.730  1103  1154 D UsbDeviceConnectionJNI: close
01-14 20:32:18.731  1103  1154 V D2xx::  : Vendor: 0403, Product: 6001
01-14 20:32:18.739  1103  1154 D UsbDeviceConnectionJNI: close
01-14 20:32:18.740  1103  1154 V D2xx::  : Vendor: 0403, Product: 6001
01-14 20:32:18.748  1103  1154 D UsbDeviceConnectionJNI: close
01-14 20:32:18.749  1103  1154 V D2xx::  : Vendor: 0403, Product: 6001
01-14 20:32:18.757  1103  1154 D UsbDeviceConnectionJNI: close
01-14 20:32:18.758  1103  1154 V D2xx::  : Vendor: 0403, Product: 6001
01-14 20:32:18.766  1103  1154 D UsbDeviceConnectionJNI: close
01-14 20:32:18.768  1103  1154 D FTDI_Device::: open SUCCESS
01-14 20:32:18.768  1103  1154 I FTDI_Device::: EP: 0x81
01-14 20:32:18.769  1103  1154 I FTDI_Device::: EP: 0x02
01-14 20:32:18.769  1103  1154 D D2XX::  : **********************Device Opened**********************
01-14 20:32:19.007  1103  1159 D Robocol : no packet received: SocketTimeoutException
01-14 20:32:19.051  1103  1159 D RobotCore: system telemetry: key=$System$None$ msg=""
01-14 20:32:19.054  1103  1159 V PeerDiscovery: new remote peer discovered: 192.168.49.134
01-14 20:32:19.054  1103  1159 D Robocol : RobocolDatagramSocket connected to /192.168.49.134:20884
01-14 20:32:19.056  1103  1159 V NetworkConnectionHandler: starting sending loop
01-14 20:32:19.056  1103  1159 V Robocol : SendOnceRunnable created
01-14 20:32:19.081  1103  1159 V RobotCore: Network: active, connected
01-14 20:32:19.115  1103  1159 V Robocol : received command: CMD_REQUEST_OP_MODE_LIST(10005) 
01-14 20:32:19.115  1103  1167 D MediaPlayer: setSubtitleAnchor in MediaPlayer
01-14 20:32:19.116  1103  1103 D MediaPlayer: setSubtitleAnchor in MediaPlayer
01-14 20:32:19.131  1103  1159 V Robocol : received command: CMD_REQUEST_ACTIVE_CONFIGURATION(10006) 
01-14 20:32:19.137  1103  1163 V Robocol : sending CMD_REQUEST_USER_SENSOR_LIST_RESP(10), attempt: 0
01-14 20:32:19.137  1103  1163 V Robocol : sending CMD_REQUEST_OP_MODE_LIST_RESP(14), attempt: 0
01-14 20:32:19.137  1103  1163 V Robocol : sending CMD_REQUEST_USER_SENSOR_LIST_RESP(15), attempt: 0
01-14 20:32:19.151  1103  1159 V Robocol : received command: CMD_REQUEST_USER_SENSOR_LIST_RESP(10) [{"description":"a MR compass sensor","flavor":"I2C","name":"MR Compass Sensor","xmlTag":"ModernRoboticsI2cCompassSensor"},{"description":"an Adafruit IMU","flavor":"I2C","name":"Adafruit IMU","xmlTag":"AdafruitBNO055IMU"},{"description":"a MR range sensor","flavor":"I2C","name":"MR Range Sensor","xmlTag":"ModernRoboticsI2cRangeSensor"}]
01-14 20:32:19.165  1103  1165 D ExtendedUtils: extended extractor not needed, return default
01-14 20:32:19.166  1103  1165 I MediaCodec: (0xb7fe1620) init name(audio/raw) isType(1) encoder(0)
01-14 20:32:19.168  1103  1171 I OMXClient: Using client-side OMX mux.
01-14 20:32:19.171  1103  1171 E OMXMaster: A component of name 'OMX.qcom.audio.decoder.aac' already exists, ignoring this one.
01-14 20:32:19.172  1103  1171 I MediaCodec: (0xb7fe1620) Component Allocated (OMX.google.raw.decoder)
01-14 20:32:19.172  1103  1165 I MediaCodec: (0xb7fe1620) configure surface(0x0) crypto(0x0) flags(0)
01-14 20:32:19.172  1103  1165 D MediaCodec: (0xb7fe1620) configure format: AMessage(what = 0x00000000) = {
01-14 20:32:19.172  1103  1165 D MediaCodec:    string mime = "audio/raw"
01-14 20:32:19.172  1103  1165 D MediaCodec:    int64_t durationUs = 485011
01-14 20:32:19.172  1103  1165 D MediaCodec:    int32_t channel-count = 2
01-14 20:32:19.172  1103  1165 D MediaCodec:    int32_t sample-rate = 44100
01-14 20:32:19.172  1103  1165 D MediaCodec:    int32_t channel-mask = 0
01-14 20:32:19.172  1103  1165 D MediaCodec:  }
01-14 20:32:19.174  1103  1165 I MediaCodec: (0xb7fe1620) start
01-14 20:32:19.174  1103  1171 I MediaCodec: (0xb7fe1620) input buffers allocated
01-14 20:32:19.174  1103  1171 I MediaCodec: (0xb7fe1620) numBuffers (4)
01-14 20:32:19.174  1103  1171 I MediaCodec: (0xb7fe1620) output buffers allocated
01-14 20:32:19.174  1103  1171 I MediaCodec: (0xb7fe1620) numBuffers (4)
01-14 20:32:19.177  1103  1163 V Robocol : sending CMD_REQUEST_ACTIVE_CONFIGURATION_RESP(18), attempt: 0
01-14 20:32:19.177  1103  1171 I MediaCodec: (0xb7fe1620) codec output format changed
01-14 20:32:19.177  1103  1171 D MediaCodec: (0xb7fe1620) output format: AMessage(what = 'codc', target = 2) = {
01-14 20:32:19.177  1103  1171 D MediaCodec:    string mime = "audio/raw"
01-14 20:32:19.177  1103  1171 D MediaCodec:    int32_t channel-count = 2
01-14 20:32:19.177  1103  1171 D MediaCodec:    int32_t sample-rate = 44100
01-14 20:32:19.177  1103  1171 D MediaCodec:    int32_t channel-mask = 0
01-14 20:32:19.177  1103  1171 D MediaCodec:    int32_t what = 1869968451
01-14 20:32:19.177  1103  1171 D MediaCodec:  }
01-14 20:32:19.181  1103  1165 I MediaCodec: (0xb7fe1620) stop
01-14 20:32:19.183  1103  1165 I MediaCodec: (0xb7fe1620) release
01-14 20:32:19.187  1103  1167 W AudioTrack: AUDIO_OUTPUT_FLAG_FAST denied by client; transfer 4, track 44100 Hz, output 48000 Hz
01-14 20:32:19.191  1103  1159 V Robocol : received command: CMD_REQUEST_OP_MODE_LIST_RESP(14) [{"flavor":"TELEOP","group":"Test","name":"ShooterControl"},{"flavor":"AUTONOMOUS","group":"Test","name":"ShooterData"},{"flavor":"AUTONOMOUS","group":"Test","name":"Test"},{"flavor":"AUTONOMOUS","group":"Competition","name":"BlueAuto"},{"flavor":"TELEOP","group":"Competition","name":"FinalTeleOp"},{"flavor":"AUTONOMOUS","group":"Competition","name":"RedAuto"}]
01-14 20:32:19.191  1103  1159 V Robocol : received command: CMD_REQUEST_USER_SENSOR_LIST_RESP(15) [{"description":"a MR compass sensor","flavor":"I2C","name":"MR Compass Sensor","xmlTag":"ModernRoboticsI2cCompassSensor"},{"description":"an Adafruit IMU","flavor":"I2C","name":"Adafruit IMU","xmlTag":"AdafruitBNO055IMU"},{"description":"a MR range sensor","flavor":"I2C","name":"MR Range Sensor","xmlTag":"ModernRoboticsI2cRangeSensor"}]
01-14 20:32:19.192  1103  1159 V Robocol : received command: CMD_INIT_OP_MODE(10014) $Stop$Robot$
01-14 20:32:19.192  1103  1159 V Robocol : received command: CMD_REQUEST_ACTIVE_CONFIGURATION_RESP(18) {"isDirty":false,"location":"LOCAL_STORAGE","name":"FINAL_CONFIG_2017","resourceId":0}
01-14 20:32:19.198  1103  1154 V RobotCore: Starting up device AL00VSDY
01-14 20:32:19.202  1103  1175 V RobotCore: thread: 'r/w loop: Modern Robotics USB Servo Controller [AL00VSDY]' starting...
01-14 20:32:19.202  1103  1154 D RobotCore: ...arming modern servo controller Modern Robotics USB Servo Controller [AL00VSDY] complete
01-14 20:32:19.203  1103  1154 V RobotCore: Creating Modern Robotics USB Core Device Interface Module [AL00VFK6]
01-14 20:32:19.215  1103  1154 V D2xx::  : Vendor: 0403, Product: 6001
01-14 20:32:19.216  1103  1154 V D2xx::  : Vendor: 0403, Product: 6001
01-14 20:32:19.217  1103  1154 V D2xx::  : Vendor: 0403, Product: 6001
01-14 20:32:19.219  1103  1154 V D2xx::  : Vendor: 0403, Product: 6001
01-14 20:32:19.220  1103  1154 V D2xx::  : Vendor: 0403, Product: 6001
01-14 20:32:19.221  1103  1154 V D2xx::  : Vendor: 0403, Product: 6001
01-14 20:32:19.224  1103  1154 D FTDI_Device::: open SUCCESS
01-14 20:32:19.224  1103  1154 I FTDI_Device::: EP: 0x81
01-14 20:32:19.224  1103  1154 I FTDI_Device::: EP: 0x02
01-14 20:32:19.224  1103  1154 D D2XX::  : **********************Device Opened**********************
01-14 20:32:19.641  1103  1154 V RobotCore: Starting up device AL00VFK6
01-14 20:32:19.644  1103  1178 V RobotCore: thread: 'r/w loop: Modern Robotics USB Core Device Interface Module [AL00VFK6]' starting...
01-14 20:32:19.646  1103  1154 V RobotCore: Creating I2C Device - Port: 2
01-14 20:32:19.646  1103  1154 V RobotCore: Creating Modern Robotics I2C Gyro Sensor - Port: 3
01-14 20:32:19.654  1103  1154 V RobotCore: Creating I2C Device - Port: 4
01-14 20:32:19.655  1103  1154 V RobotCore: Creating Modern Robotics Analog Optical Distance Sensor - Port: 7
01-14 20:32:19.657  1103  1154 V RobotCore: Creating Modern Robotics USB DC Motor Controller [A104OQ1P]
01-14 20:32:19.664  1103  1154 D RobotCore: arming modern motor controller Modern Robotics USB DC Motor Controller [A104OQ1P]...
01-14 20:32:19.666  1103  1154 V D2xx::  : Vendor: 0403, Product: 6001
01-14 20:32:19.668  1103  1154 V D2xx::  : Vendor: 0403, Product: 6001
01-14 20:32:19.669  1103  1154 V D2xx::  : Vendor: 0403, Product: 6001
01-14 20:32:19.671  1103  1154 V D2xx::  : Vendor: 0403, Product: 6001
01-14 20:32:19.672  1103  1154 V D2xx::  : Vendor: 0403, Product: 6001
01-14 20:32:19.674  1103  1154 V D2xx::  : Vendor: 0403, Product: 6001
01-14 20:32:19.676  1103  1154 D FTDI_Device::: open SUCCESS
01-14 20:32:19.676  1103  1154 I FTDI_Device::: EP: 0x81
01-14 20:32:19.676  1103  1154 I FTDI_Device::: EP: 0x02
01-14 20:32:19.676  1103  1154 D D2XX::  : **********************Device Opened**********************
01-14 20:32:20.092  1103  1154 V RobotCore: Starting up device A104OQ1P
01-14 20:32:20.094  1103  1181 V RobotCore: thread: 'r/w loop: Modern Robotics USB DC Motor Controller [A104OQ1P]' starting...
01-14 20:32:20.095  1103  1154 D RobotCore: ...arming modern motor controller Modern Robotics USB DC Motor Controller [A104OQ1P] complete
01-14 20:32:20.135  1103  1154 V RobotCore: Creating Modern Robotics USB DC Motor Controller [AL00VWH0]
01-14 20:32:20.135  1103  1154 D RobotCore: arming modern motor controller Modern Robotics USB DC Motor Controller [AL00VWH0]...
01-14 20:32:20.138  1103  1154 V D2xx::  : Vendor: 0403, Product: 6001
01-14 20:32:20.146  1103  1154 V D2xx::  : Vendor: 0403, Product: 6001
01-14 20:32:20.148  1103  1154 V D2xx::  : Vendor: 0403, Product: 6001
01-14 20:32:20.150  1103  1154 V D2xx::  : Vendor: 0403, Product: 6001
01-14 20:32:20.151  1103  1154 V D2xx::  : Vendor: 0403, Product: 6001
01-14 20:32:20.153  1103  1154 V D2xx::  : Vendor: 0403, Product: 6001
01-14 20:32:20.155  1103  1154 D FTDI_Device::: open SUCCESS
01-14 20:32:20.155  1103  1154 I FTDI_Device::: EP: 0x81
01-14 20:32:20.155  1103  1154 I FTDI_Device::: EP: 0x02
01-14 20:32:20.155  1103  1154 D D2XX::  : **********************Device Opened**********************
01-14 20:32:20.574  1103  1154 V RobotCore: Starting up device AL00VWH0
01-14 20:32:20.576  1103  1184 V RobotCore: thread: 'r/w loop: Modern Robotics USB DC Motor Controller [AL00VWH0]' starting...
01-14 20:32:20.577  1103  1154 D RobotCore: ...arming modern motor controller Modern Robotics USB DC Motor Controller [AL00VWH0] complete
01-14 20:32:20.637  1103  1154 V RobotCore: Creating Modern Robotics USB DC Motor Controller [AI049QOP]
01-14 20:32:20.637  1103  1154 D RobotCore: arming modern motor controller Modern Robotics USB DC Motor Controller [AI049QOP]...
01-14 20:32:20.639  1103  1154 V D2xx::  : Vendor: 0403, Product: 6001
01-14 20:32:20.641  1103  1154 V D2xx::  : Vendor: 0403, Product: 6001
01-14 20:32:20.642  1103  1154 V D2xx::  : Vendor: 0403, Product: 6001
01-14 20:32:20.643  1103  1154 V D2xx::  : Vendor: 0403, Product: 6001
01-14 20:32:20.644  1103  1154 V D2xx::  : Vendor: 0403, Product: 6001
01-14 20:32:20.649  1103  1154 V D2xx::  : Vendor: 0403, Product: 6001
01-14 20:32:20.652  1103  1154 D FTDI_Device::: open SUCCESS
01-14 20:32:20.652  1103  1154 I FTDI_Device::: EP: 0x81
01-14 20:32:20.652  1103  1154 I FTDI_Device::: EP: 0x02
01-14 20:32:20.652  1103  1154 D D2XX::  : **********************Device Opened**********************
01-14 20:32:21.083  1103  1154 V RobotCore: Starting up device AI049QOP
01-14 20:32:21.085  1103  1187 V RobotCore: thread: 'r/w loop: Modern Robotics USB DC Motor Controller [AI049QOP]' starting...
01-14 20:32:21.085  1103  1154 D RobotCore: ...arming modern motor controller Modern Robotics USB DC Motor Controller [AI049QOP] complete
01-14 20:32:21.155  1103  1154 V RobotCore: Creating Modern Robotics USB DC Motor Controller [AL00VBIF]
01-14 20:32:21.156  1103  1154 D RobotCore: arming modern motor controller Modern Robotics USB DC Motor Controller [AL00VBIF]...
01-14 20:32:21.157  1103  1154 V D2xx::  : Vendor: 0403, Product: 6001
01-14 20:32:21.159  1103  1154 V D2xx::  : Vendor: 0403, Product: 6001
01-14 20:32:21.160  1103  1154 V D2xx::  : Vendor: 0403, Product: 6001
01-14 20:32:21.161  1103  1154 V D2xx::  : Vendor: 0403, Product: 6001
01-14 20:32:21.162  1103  1154 V D2xx::  : Vendor: 0403, Product: 6001
01-14 20:32:21.166  1103  1154 V D2xx::  : Vendor: 0403, Product: 6001
01-14 20:32:21.170  1103  1154 D FTDI_Device::: open SUCCESS
01-14 20:32:21.170  1103  1154 I FTDI_Device::: EP: 0x81
01-14 20:32:21.170  1103  1154 I FTDI_Device::: EP: 0x02
01-14 20:32:21.170  1103  1154 D D2XX::  : **********************Device Opened**********************
01-14 20:32:21.592  1103  1154 V RobotCore: Starting up device AL00VBIF
01-14 20:32:21.594  1103  1190 V RobotCore: thread: 'r/w loop: Modern Robotics USB DC Motor Controller [AL00VBIF]' starting...
01-14 20:32:21.595  1103  1154 D RobotCore: ...arming modern motor controller Modern Robotics USB DC Motor Controller [AL00VBIF] complete
01-14 20:32:21.686  1103  1154 I RobotCore: Analytics has completed initialization.
01-14 20:32:21.686  1103  1154 I RobotCore: ========= Device Information ===================================================
01-14 20:32:21.686  1103  1154 I RobotCore: Type                                               Name                           Connection
01-14 20:32:21.686  1103  1154 I RobotCore: I2cDevice                                          colorBack                      USB AL00VFK6; port 4
01-14 20:32:21.687  1103  1154 I RobotCore: Modern Robotics USB DC Motor Controller v2.0       Shooter                        USB AI049QOP
01-14 20:32:21.687  1103  1154 I RobotCore: DC Motor                                           rightFront                     USB AL00VWH0; port 1
01-14 20:32:21.687  1103  1154 I RobotCore: Modern Robotics USB DC Motor Controller v2.0       Front Motors                   USB AL00VWH0
01-14 20:32:21.687  1103  1154 I RobotCore: Modern Robotics USB DC Motor Controller v2.0       Back Motors                    USB A104OQ1P
01-14 20:32:21.687  1103  1154 I RobotCore: DC Motor                                           leftBack                       USB A104OQ1P; port 2
01-14 20:32:21.687  1103  1154 I RobotCore: Servo                                              upDown                         USB AL00VSDY; port 1
01-14 20:32:21.687  1103  1154 I RobotCore: DC Motor                                           shooter2                       USB AI049QOP; port 2
01-14 20:32:21.687  1103  1154 I RobotCore: DC Motor                                           shooter1                       USB AI049QOP; port 1
01-14 20:32:21.687  1103  1154 I RobotCore: DC Motor                                           leftFront                      USB AL00VWH0; port 2
01-14 20:32:21.687  1103  1154 I RobotCore: DC Motor                                           rightBack                      USB A104OQ1P; port 1
01-14 20:32:21.687  1103  1154 I RobotCore: Servo                                              ballFeeder                     USB AL00VSDY; port 2
01-14 20:32:21.688  1103  1154 I RobotCore: Modern Robotics USB DC Motor Controller v2.0       Intake                         USB AL00VBIF
01-14 20:32:21.688  1103  1154 I RobotCore: Modern Robotics USB Core Device Interface Module v1.5 Sensors                        USB AL00VFK6
01-14 20:32:21.688  1103  1154 I RobotCore: I2cDevice                                          colorFront                     USB AL00VFK6; port 2
01-14 20:32:21.688  1103  1154 I RobotCore: Modern Robotics USB Servo Controller v1.6          Servos                         USB AL00VSDY
01-14 20:32:21.688  1103  1154 I RobotCore: DC Motor                                           intake                         USB AL00VBIF; port 1
01-14 20:32:21.688  1103  1154 I RobotCore: Modern Robotics Gyro                               gyro                           USB AL00VFK6; I2C port: 3
01-14 20:32:21.688  1103  1154 I RobotCore: Modern Robotics Analog Optical Distance Sensor     ods                            USB AL00VFK6; analog port 7
01-14 20:32:21.688  1103  1154 I FIRST   : ======= INIT FINISH =======
01-14 20:32:21.688  1103  1154 V RobotCore: EventLoopManager state is RUNNING
01-14 20:32:21.688  1103  1154 V RobotCore: Robot Status: running, starting robot
01-14 20:32:21.689  1103  1154 V RobotCore: Robot Status: running
01-14 20:32:21.689  1103  1154 V RobotCore: thread: ...terminating 'RobotSetupRunnable.run()'
01-14 20:32:21.692  1103  1191 V RobotCore: thread: 'opmode loop()' starting...
01-14 20:32:21.708  1103  1167 D MediaPlayer: setSubtitleAnchor in MediaPlayer
01-14 20:32:21.708  1103  1103 D MediaPlayer: setSubtitleAnchor in MediaPlayer
01-14 20:32:21.723  1103  1165 D ExtendedUtils: extended extractor not needed, return default
01-14 20:32:21.724  1103  1165 I MediaCodec: (0xb7fd2338) init name(audio/raw) isType(1) encoder(0)
01-14 20:32:21.725  1103  1196 I OMXClient: Using client-side OMX mux.
01-14 20:32:21.746  1103  1196 E OMXMaster: A component of name 'OMX.qcom.audio.decoder.aac' already exists, ignoring this one.
01-14 20:32:21.751  1103  1196 I MediaCodec: (0xb7fd2338) Component Allocated (OMX.google.raw.decoder)
01-14 20:32:21.751  1103  1165 I MediaCodec: (0xb7fd2338) configure surface(0x0) crypto(0x0) flags(0)
01-14 20:32:21.751  1103  1165 D MediaCodec: (0xb7fd2338) configure format: AMessage(what = 0x00000000) = {
01-14 20:32:21.751  1103  1165 D MediaCodec:    string mime = "audio/raw"
01-14 20:32:21.751  1103  1165 D MediaCodec:    int64_t durationUs = 1019125
01-14 20:32:21.751  1103  1165 D MediaCodec:    int32_t channel-count = 1
01-14 20:32:21.751  1103  1165 D MediaCodec:    int32_t sample-rate = 8000
01-14 20:32:21.751  1103  1165 D MediaCodec:    int32_t channel-mask = 0
01-14 20:32:21.751  1103  1165 D MediaCodec:  }
01-14 20:32:21.753  1103  1165 I MediaCodec: (0xb7fd2338) start
01-14 20:32:21.753  1103  1196 I MediaCodec: (0xb7fd2338) input buffers allocated
01-14 20:32:21.753  1103  1196 I MediaCodec: (0xb7fd2338) numBuffers (4)
01-14 20:32:21.753  1103  1196 I MediaCodec: (0xb7fd2338) output buffers allocated
01-14 20:32:21.754  1103  1196 I MediaCodec: (0xb7fd2338) numBuffers (4)
01-14 20:32:21.756  1103  1196 I MediaCodec: (0xb7fd2338) codec output format changed
01-14 20:32:21.757  1103  1196 D MediaCodec: (0xb7fd2338) output format: AMessage(what = 'codc', target = 6) = {
01-14 20:32:21.757  1103  1196 D MediaCodec:    string mime = "audio/raw"
01-14 20:32:21.757  1103  1196 D MediaCodec:    int32_t channel-count = 1
01-14 20:32:21.757  1103  1196 D MediaCodec:    int32_t sample-rate = 8000
01-14 20:32:21.757  1103  1196 D MediaCodec:    int32_t channel-mask = 0
01-14 20:32:21.757  1103  1196 D MediaCodec:    int32_t what = 1869968451
01-14 20:32:21.757  1103  1196 D MediaCodec:  }
01-14 20:32:21.759  1103  1165 I MediaCodec: (0xb7fd2338) stop
01-14 20:32:21.761  1103  1165 I MediaCodec: (0xb7fd2338) release
01-14 20:32:21.784  1103  1167 W AudioTrack: AUDIO_OUTPUT_FLAG_FAST denied by client; transfer 4, track 8000 Hz, output 48000 Hz
01-14 20:32:22.201  1103  1191 I RobotCore: Attempting to switch to op mode $Stop$Robot$
01-14 20:32:22.256  1103  1163 V Robocol : sending CMD_INIT_OP_MODE_RESP(55), attempt: 0
01-14 20:32:22.271  1103  1159 V Robocol : received command: CMD_INIT_OP_MODE_RESP(55) $Stop$Robot$
01-14 20:32:22.453  1103  1191 I RobotCore: robot battery read duration: n=4, mean=0.104ms sd=0.183ms
01-14 20:32:33.568  1103  1159 V Robocol : received command: CMD_INIT_OP_MODE(10181) $Stop$Robot$
01-14 20:32:33.576  1103  1191 I RobotCore: Attempting to switch to op mode $Stop$Robot$
01-14 20:32:33.617  1103  1163 V Robocol : sending CMD_INIT_OP_MODE_RESP(210), attempt: 0
01-14 20:32:33.633  1103  1159 V Robocol : received command: CMD_INIT_OP_MODE_RESP(210) $Stop$Robot$
01-14 20:32:39.751  1103  1159 V Robocol : received command: CMD_INIT_OP_MODE(10261) ShooterData
01-14 20:32:39.832  1103  1191 I RobotCore: Attempting to switch to op mode ShooterData
01-14 20:32:39.957  1103  1204 V RobotCore: thread: 'LinearOpMode main' starting...
01-14 20:32:39.976  1103  1163 V Robocol : sending CMD_INIT_OP_MODE_RESP(301), attempt: 0
01-14 20:32:39.993  1103  1159 V Robocol : received command: CMD_INIT_OP_MODE_RESP(301) ShooterData
01-14 20:32:43.711  1103  1159 V Robocol : received command: CMD_RUN_OP_MODE(10300) ShooterData
01-14 20:32:43.714  1103  1204 I RobotCore: SHOOTER batteryVoltage: 14.018768328445745
01-14 20:32:43.714  1103  1204 I RobotCore: SHOOTER RPM1: 0.0
01-14 20:32:43.714  1103  1204 I RobotCore: SHOOTER RPM2: 0.0
01-14 20:32:43.725  1103  1204 I RobotCore: SHOOTER batteryVoltage: 14.018768328445745
01-14 20:32:43.725  1103  1204 I RobotCore: SHOOTER RPM1: 0.0
01-14 20:32:43.725  1103  1204 I RobotCore: SHOOTER RPM2: 0.0
01-14 20:32:43.735  1103  1204 I RobotCore: SHOOTER batteryVoltage: 14.018768328445745
01-14 20:32:43.735  1103  1204 I RobotCore: SHOOTER RPM1: 0.0
01-14 20:32:43.735  1103  1204 I RobotCore: SHOOTER RPM2: 0.0
01-14 20:32:43.737  1103  1163 V Robocol : sending CMD_RUN_OP_MODE_RESP(342), attempt: 0
01-14 20:32:43.746  1103  1204 I RobotCore: SHOOTER batteryVoltage: 14.018768328445745
01-14 20:32:43.746  1103  1204 I RobotCore: SHOOTER RPM1: 0.0
01-14 20:32:43.746  1103  1204 I RobotCore: SHOOTER RPM2: 0.0
01-14 20:32:43.751  1103  1159 V Robocol : received command: CMD_RUN_OP_MODE_RESP(342) ShooterData
01-14 20:32:43.756  1103  1204 I RobotCore: SHOOTER batteryVoltage: 14.018768328445745
01-14 20:32:43.756  1103  1204 I RobotCore: SHOOTER RPM1: 0.0
01-14 20:32:43.756  1103  1204 I RobotCore: SHOOTER RPM2: 0.0
01-14 20:32:43.767  1103  1204 I RobotCore: SHOOTER batteryVoltage: 14.018768328445745
01-14 20:32:43.767  1103  1204 I RobotCore: SHOOTER RPM1: 0.0
01-14 20:32:43.767  1103  1204 I RobotCore: SHOOTER RPM2: 0.0
01-14 20:32:43.777  1103  1204 I RobotCore: SHOOTER batteryVoltage: 14.018768328445745
01-14 20:32:43.777  1103  1204 I RobotCore: SHOOTER RPM1: 0.0
01-14 20:32:43.777  1103  1204 I RobotCore: SHOOTER RPM2: 0.0
01-14 20:32:43.788  1103  1204 I RobotCore: SHOOTER batteryVoltage: 14.018768328445745
01-14 20:32:43.788  1103  1204 I RobotCore: SHOOTER RPM1: 0.0
01-14 20:32:43.788  1103  1204 I RobotCore: SHOOTER RPM2: 0.0
01-14 20:32:43.798  1103  1204 I RobotCore: SHOOTER batteryVoltage: 14.018768328445745
01-14 20:32:43.798  1103  1204 I RobotCore: SHOOTER RPM1: 0.0
01-14 20:32:43.798  1103  1204 I RobotCore: SHOOTER RPM2: 0.0
01-14 20:32:43.808  1103  1204 I RobotCore: SHOOTER batteryVoltage: 14.038709677419355
01-14 20:32:43.809  1103  1204 I RobotCore: SHOOTER RPM1: 0.0
01-14 20:32:43.809  1103  1204 I RobotCore: SHOOTER RPM2: 0.0
01-14 20:32:43.819  1103  1204 I RobotCore: SHOOTER batteryVoltage: 14.018768328445745
01-14 20:32:43.819  1103  1204 I RobotCore: SHOOTER RPM1: 0.0
01-14 20:32:43.819  1103  1204 I RobotCore: SHOOTER RPM2: 0.0
01-14 20:32:43.829  1103  1204 I RobotCore: SHOOTER batteryVoltage: 14.018768328445745
01-14 20:32:43.829  1103  1204 I RobotCore: SHOOTER RPM1: 0.0
01-14 20:32:43.829  1103  1204 I RobotCore: SHOOTER RPM2: 0.0
01-14 20:32:43.840  1103  1204 I RobotCore: SHOOTER batteryVoltage: 14.018768328445745
01-14 20:32:43.840  1103  1204 I RobotCore: SHOOTER RPM1: 0.0
01-14 20:32:43.840  1103  1204 I RobotCore: SHOOTER RPM2: 0.0
01-14 20:32:43.850  1103  1204 I RobotCore: SHOOTER batteryVoltage: 14.018768328445745
01-14 20:32:43.850  1103  1204 I RobotCore: SHOOTER RPM1: 0.0
01-14 20:32:43.850  1103  1204 I RobotCore: SHOOTER RPM2: 0.0
01-14 20:32:43.861  1103  1204 I RobotCore: SHOOTER batteryVoltage: 14.018768328445745
01-14 20:32:43.861  1103  1204 I RobotCore: SHOOTER RPM1: 0.0
01-14 20:32:43.861  1103  1204 I RobotCore: SHOOTER RPM2: 0.0
