--------- beginning of crash
01-14 14:47:27.558 20149 20149 E AndroidRuntime: FATAL EXCEPTION: main
01-14 14:47:27.558 20149 20149 E AndroidRuntime: Process: com.qualcomm.ftcrobotcontroller, PID: 20149
01-14 14:47:27.558 20149 20149 E AndroidRuntime: java.lang.RuntimeException: Unable to stop activity {com.qualcomm.ftcrobotcontroller/org.firstinspires.ftc.robotcontroller.internal.FtcRobotControllerActivity}: java.lang.NullPointerException: Attempt to invoke virtual method 'void com.qualcomm.ftccommon.FtcRobotControllerService.shutdownRobot()' on a null object reference
01-14 14:47:27.558 20149 20149 E AndroidRuntime: 	at android.app.ActivityThread.handleSleeping(ActivityThread.java:3645)
01-14 14:47:27.558 20149 20149 E AndroidRuntime: 	at android.app.ActivityThread.-wrap19(ActivityThread.java)
01-14 14:47:27.558 20149 20149 E AndroidRuntime: 	at android.app.ActivityThread$H.handleMessage(ActivityThread.java:1529)
01-14 14:47:27.558 20149 20149 E AndroidRuntime: 	at android.os.Handler.dispatchMessage(Handler.java:102)
01-14 14:47:27.558 20149 20149 E AndroidRuntime: 	at android.os.Looper.loop(Looper.java:148)
01-14 14:47:27.558 20149 20149 E AndroidRuntime: 	at android.app.ActivityThread.main(ActivityThread.java:5456)
01-14 14:47:27.558 20149 20149 E AndroidRuntime: 	at java.lang.reflect.Method.invoke(Native Method)
01-14 14:47:27.558 20149 20149 E AndroidRuntime: 	at com.android.internal.os.ZygoteInit$MethodAndArgsCaller.run(ZygoteInit.java:728)
01-14 14:47:27.558 20149 20149 E AndroidRuntime: 	at com.android.internal.os.ZygoteInit.main(ZygoteInit.java:618)
01-14 14:47:27.558 20149 20149 E AndroidRuntime: Caused by: java.lang.NullPointerException: Attempt to invoke virtual method 'void com.qualcomm.ftccommon.FtcRobotControllerService.shutdownRobot()' on a null object reference
01-14 14:47:27.558 20149 20149 E AndroidRuntime: 	at org.firstinspires.ftc.robotcontroller.internal.FtcRobotControllerActivity.onStop(FtcRobotControllerActivity.java:319)
01-14 14:47:27.558 20149 20149 E AndroidRuntime: 	at android.app.Instrumentation.callActivityOnStop(Instrumentation.java:1301)
01-14 14:47:27.558 20149 20149 E AndroidRuntime: 	at android.app.Activity.performStop(Activity.java:6403)
01-14 14:47:27.558 20149 20149 E AndroidRuntime: 	at android.app.ActivityThread.handleSleeping(ActivityThread.java:3642)
01-14 14:47:27.558 20149 20149 E AndroidRuntime: 	... 8 more
--------- beginning of system
01-14 14:55:21.264 20564 20564 E ActivityThread: Activity org.firstinspires.ftc.robotcontroller.internal.FtcRobotControllerActivity has leaked IntentReceiver com.qualcomm.analytics.Analytics@ed9e809 that was originally registered here. Are you missing a call to unregisterReceiver()?
01-14 14:55:21.264 20564 20564 E ActivityThread: android.app.IntentReceiverLeaked: Activity org.firstinspires.ftc.robotcontroller.internal.FtcRobotControllerActivity has leaked IntentReceiver com.qualcomm.analytics.Analytics@ed9e809 that was originally registered here. Are you missing a call to unregisterReceiver()?
01-14 14:55:21.264 20564 20564 E ActivityThread: 	at android.app.LoadedApk$ReceiverDispatcher.<init>(LoadedApk.java:918)
01-14 14:55:21.264 20564 20564 E ActivityThread: 	at android.app.LoadedApk.getReceiverDispatcher(LoadedApk.java:719)
01-14 14:55:21.264 20564 20564 E ActivityThread: 	at android.app.ContextImpl.registerReceiverInternal(ContextImpl.java:1172)
01-14 14:55:21.264 20564 20564 E ActivityThread: 	at android.app.ContextImpl.registerReceiver(ContextImpl.java:1152)
01-14 14:55:21.264 20564 20564 E ActivityThread: 	at android.app.ContextImpl.registerReceiver(ContextImpl.java:1146)
01-14 14:55:21.264 20564 20564 E ActivityThread: 	at android.content.ContextWrapper.registerReceiver(ContextWrapper.java:554)
01-14 14:55:21.264 20564 20564 E ActivityThread: 	at com.qualcomm.analytics.Analytics.register(SourceFile:209)
01-14 14:55:21.264 20564 20564 E ActivityThread: 	at com.qualcomm.analytics.Analytics.<init>(SourceFile:235)
01-14 14:55:21.264 20564 20564 E ActivityThread: 	at com.qualcomm.modernrobotics.ModernRoboticsUsbUtil.init(SourceFile:85)
01-14 14:55:21.264 20564 20564 E ActivityThread: 	at com.qualcomm.ftccommon.FtcEventLoop.init(FtcEventLoop.java:191)
01-14 14:55:21.264 20564 20564 E ActivityThread: 	at com.qualcomm.robotcore.eventloop.EventLoopManager.startEventLoop(EventLoopManager.java:571)
01-14 14:55:21.264 20564 20564 E ActivityThread: 	at com.qualcomm.robotcore.eventloop.EventLoopManager.setEventLoop(EventLoopManager.java:545)
01-14 14:55:21.264 20564 20564 E ActivityThread: 	at com.qualcomm.robotcore.eventloop.EventLoopManager.start(EventLoopManager.java:489)
01-14 14:55:21.264 20564 20564 E ActivityThread: 	at com.qualcomm.robotcore.robot.Robot.start(Robot.java:59)
01-14 14:55:21.264 20564 20564 E ActivityThread: 	at com.qualcomm.ftccommon.FtcRobotControllerService$RobotSetupRunnable$1.run(FtcRobotControllerService.java:186)
01-14 14:55:21.264 20564 20564 E ActivityThread: 	at com.qualcomm.robotcore.util.ThreadPool.logThreadLifeCycle(ThreadPool.java:513)
01-14 14:55:21.264 20564 20564 E ActivityThread: 	at com.qualcomm.ftccommon.FtcRobotControllerService$RobotSetupRunnable.run(FtcRobotControllerService.java:128)
01-14 14:55:21.264 20564 20564 E ActivityThread: 	at java.util.concurrent.ThreadPoolExecutor.runWorker(ThreadPoolExecutor.java:1113)
01-14 14:55:21.264 20564 20564 E ActivityThread: 	at java.util.concurrent.ThreadPoolExecutor$Worker.run(ThreadPoolExecutor.java:588)
01-14 14:55:21.264 20564 20564 E ActivityThread: 	at java.lang.Thread.run(Thread.java:818)
01-14 14:55:21.302 20564 20564 E ActivityThread: Service com.qualcomm.ftccommon.FtcRobotControllerService has leaked IntentReceiver com.qualcomm.robotcore.wifi.WifiDirectAssistant$WifiP2pBroadcastReceiver@eb51283 that was originally registered here. Are you missing a call to unregisterReceiver()?
01-14 14:55:21.302 20564 20564 E ActivityThread: android.app.IntentReceiverLeaked: Service com.qualcomm.ftccommon.FtcRobotControllerService has leaked IntentReceiver com.qualcomm.robotcore.wifi.WifiDirectAssistant$WifiP2pBroadcastReceiver@eb51283 that was originally registered here. Are you missing a call to unregisterReceiver()?
01-14 14:55:21.302 20564 20564 E ActivityThread: 	at android.app.LoadedApk$ReceiverDispatcher.<init>(LoadedApk.java:918)
01-14 14:55:21.302 20564 20564 E ActivityThread: 	at android.app.LoadedApk.getReceiverDispatcher(LoadedApk.java:719)
01-14 14:55:21.302 20564 20564 E ActivityThread: 	at android.app.ContextImpl.registerReceiverInternal(ContextImpl.java:1172)
01-14 14:55:21.302 20564 20564 E ActivityThread: 	at android.app.ContextImpl.registerReceiver(ContextImpl.java:1152)
01-14 14:55:21.302 20564 20564 E ActivityThread: 	at android.app.ContextImpl.registerReceiver(ContextImpl.java:1146)
01-14 14:55:21.302 20564 20564 E ActivityThread: 	at com.qualcomm.robotcore.wifi.WifiDirectAssistant.enable(WifiDirectAssistant.java:284)
01-14 14:55:21.302 20564 20564 E ActivityThread: 	at com.qualcomm.ftccommon.FtcRobotControllerService.onBind(FtcRobotControllerService.java:234)
01-14 14:55:21.302 20564 20564 E ActivityThread: 	at android.app.ActivityThread.handleBindService(ActivityThread.java:2922)
01-14 14:55:21.302 20564 20564 E ActivityThread: 	at android.app.ActivityThread.-wrap2(ActivityThread.java)
01-14 14:55:21.302 20564 20564 E ActivityThread: 	at android.app.ActivityThread$H.handleMessage(ActivityThread.java:1442)
01-14 14:55:21.302 20564 20564 E ActivityThread: 	at android.os.Handler.dispatchMessage(Handler.java:102)
01-14 14:55:21.302 20564 20564 E ActivityThread: 	at android.os.Looper.loop(Looper.java:148)
01-14 14:55:21.302 20564 20564 E ActivityThread: 	at android.app.ActivityThread.main(ActivityThread.java:5456)
01-14 14:55:21.302 20564 20564 E ActivityThread: 	at java.lang.reflect.Method.invoke(Native Method)
01-14 14:55:21.302 20564 20564 E ActivityThread: 	at com.android.internal.os.ZygoteInit$MethodAndArgsCaller.run(ZygoteInit.java:728)
01-14 14:55:21.302 20564 20564 E ActivityThread: 	at com.android.internal.os.ZygoteInit.main(ZygoteInit.java:618)
01-14 20:04:02.338 29665 29665 E AndroidRuntime: FATAL EXCEPTION: main
01-14 20:04:02.338 29665 29665 E AndroidRuntime: Process: com.qualcomm.ftcrobotcontroller, PID: 29665
01-14 20:04:02.338 29665 29665 E AndroidRuntime: java.lang.RuntimeException: Unable to stop activity {com.qualcomm.ftcrobotcontroller/org.firstinspires.ftc.robotcontroller.internal.FtcRobotControllerActivity}: java.lang.NullPointerException: Attempt to invoke virtual method 'void com.qualcomm.ftccommon.FtcRobotControllerService.shutdownRobot()' on a null object reference
01-14 20:04:02.338 29665 29665 E AndroidRuntime: 	at android.app.ActivityThread.handleSleeping(ActivityThread.java:3645)
01-14 20:04:02.338 29665 29665 E AndroidRuntime: 	at android.app.ActivityThread.-wrap19(ActivityThread.java)
01-14 20:04:02.338 29665 29665 E AndroidRuntime: 	at android.app.ActivityThread$H.handleMessage(ActivityThread.java:1529)
01-14 20:04:02.338 29665 29665 E AndroidRuntime: 	at android.os.Handler.dispatchMessage(Handler.java:102)
01-14 20:04:02.338 29665 29665 E AndroidRuntime: 	at android.os.Looper.loop(Looper.java:148)
01-14 20:04:02.338 29665 29665 E AndroidRuntime: 	at android.app.ActivityThread.main(ActivityThread.java:5456)
01-14 20:04:02.338 29665 29665 E AndroidRuntime: 	at java.lang.reflect.Method.invoke(Native Method)
01-14 20:04:02.338 29665 29665 E AndroidRuntime: 	at com.android.internal.os.ZygoteInit$MethodAndArgsCaller.run(ZygoteInit.java:728)
01-14 20:04:02.338 29665 29665 E AndroidRuntime: 	at com.android.internal.os.ZygoteInit.main(ZygoteInit.java:618)
01-14 20:04:02.338 29665 29665 E AndroidRuntime: Caused by: java.lang.NullPointerException: Attempt to invoke virtual method 'void com.qualcomm.ftccommon.FtcRobotControllerService.shutdownRobot()' on a null object reference
01-14 20:04:02.338 29665 29665 E AndroidRuntime: 	at org.firstinspires.ftc.robotcontroller.internal.FtcRobotControllerActivity.onStop(FtcRobotControllerActivity.java:319)
01-14 20:04:02.338 29665 29665 E AndroidRuntime: 	at android.app.Instrumentation.callActivityOnStop(Instrumentation.java:1301)
01-14 20:04:02.338 29665 29665 E AndroidRuntime: 	at android.app.Activity.performStop(Activity.java:6403)
01-14 20:04:02.338 29665 29665 E AndroidRuntime: 	at android.app.ActivityThread.handleSleeping(ActivityThread.java:3642)
01-14 20:04:02.338 29665 29665 E AndroidRuntime: 	... 8 more
01-14 23:11:09.369 15798 15798 E AndroidRuntime: FATAL EXCEPTION: main
01-14 23:11:09.369 15798 15798 E AndroidRuntime: Process: com.qualcomm.ftcrobotcontroller, PID: 15798
01-14 23:11:09.369 15798 15798 E AndroidRuntime: java.lang.RuntimeException: Unable to stop activity {com.qualcomm.ftcrobotcontroller/org.firstinspires.ftc.robotcontroller.internal.FtcRobotControllerActivity}: java.lang.NullPointerException: Attempt to invoke virtual method 'void com.qualcomm.ftccommon.FtcRobotControllerService.shutdownRobot()' on a null object reference
01-14 23:11:09.369 15798 15798 E AndroidRuntime: 	at android.app.ActivityThread.handleSleeping(ActivityThread.java:3645)
01-14 23:11:09.369 15798 15798 E AndroidRuntime: 	at android.app.ActivityThread.-wrap19(ActivityThread.java)
01-14 23:11:09.369 15798 15798 E AndroidRuntime: 	at android.app.ActivityThread$H.handleMessage(ActivityThread.java:1529)
01-14 23:11:09.369 15798 15798 E AndroidRuntime: 	at android.os.Handler.dispatchMessage(Handler.java:102)
01-14 23:11:09.369 15798 15798 E AndroidRuntime: 	at android.os.Looper.loop(Looper.java:148)
01-14 23:11:09.369 15798 15798 E AndroidRuntime: 	at android.app.ActivityThread.main(ActivityThread.java:5456)
01-14 23:11:09.369 15798 15798 E AndroidRuntime: 	at java.lang.reflect.Method.invoke(Native Method)
01-14 23:11:09.369 15798 15798 E AndroidRuntime: 	at com.android.internal.os.ZygoteInit$MethodAndArgsCaller.run(ZygoteInit.java:728)
01-14 23:11:09.369 15798 15798 E AndroidRuntime: 	at com.android.internal.os.ZygoteInit.main(ZygoteInit.java:618)
01-14 23:11:09.369 15798 15798 E AndroidRuntime: Caused by: java.lang.NullPointerException: Attempt to invoke virtual method 'void com.qualcomm.ftccommon.FtcRobotControllerService.shutdownRobot()' on a null object reference
01-14 23:11:09.369 15798 15798 E AndroidRuntime: 	at org.firstinspires.ftc.robotcontroller.internal.FtcRobotControllerActivity.onStop(FtcRobotControllerActivity.java:319)
01-14 23:11:09.369 15798 15798 E AndroidRuntime: 	at android.app.Instrumentation.callActivityOnStop(Instrumentation.java:1301)
01-14 23:11:09.369 15798 15798 E AndroidRuntime: 	at android.app.Activity.performStop(Activity.java:6403)
01-14 23:11:09.369 15798 15798 E AndroidRuntime: 	at android.app.ActivityThread.handleSleeping(ActivityThread.java:3642)
01-14 23:11:09.369 15798 15798 E AndroidRuntime: 	... 8 more
01-14 23:38:44.207 17680 17680 E ActivityThread: Activity org.firstinspires.ftc.robotcontroller.internal.FtcRobotControllerActivity has leaked IntentReceiver com.qualcomm.analytics.Analytics@90f6a11 that was originally registered here. Are you missing a call to unregisterReceiver()?
01-14 23:38:44.207 17680 17680 E ActivityThread: android.app.IntentReceiverLeaked: Activity org.firstinspires.ftc.robotcontroller.internal.FtcRobotControllerActivity has leaked IntentReceiver com.qualcomm.analytics.Analytics@90f6a11 that was originally registered here. Are you missing a call to unregisterReceiver()?
01-14 23:38:44.207 17680 17680 E ActivityThread: 	at android.app.LoadedApk$ReceiverDispatcher.<init>(LoadedApk.java:918)
01-14 23:38:44.207 17680 17680 E ActivityThread: 	at android.app.LoadedApk.getReceiverDispatcher(LoadedApk.java:719)
01-14 23:38:44.207 17680 17680 E ActivityThread: 	at android.app.ContextImpl.registerReceiverInternal(ContextImpl.java:1172)
01-14 23:38:44.207 17680 17680 E ActivityThread: 	at android.app.ContextImpl.registerReceiver(ContextImpl.java:1152)
01-14 23:38:44.207 17680 17680 E ActivityThread: 	at android.app.ContextImpl.registerReceiver(ContextImpl.java:1146)
01-14 23:38:44.207 17680 17680 E ActivityThread: 	at android.content.ContextWrapper.registerReceiver(ContextWrapper.java:554)
01-14 23:38:44.207 17680 17680 E ActivityThread: 	at com.qualcomm.analytics.Analytics.register(SourceFile:209)
01-14 23:38:44.207 17680 17680 E ActivityThread: 	at com.qualcomm.analytics.Analytics.<init>(SourceFile:235)
01-14 23:38:44.207 17680 17680 E ActivityThread: 	at com.qualcomm.modernrobotics.ModernRoboticsUsbUtil.init(SourceFile:85)
01-14 23:38:44.207 17680 17680 E ActivityThread: 	at com.qualcomm.ftccommon.FtcEventLoop.init(FtcEventLoop.java:191)
01-14 23:38:44.207 17680 17680 E ActivityThread: 	at com.qualcomm.robotcore.eventloop.EventLoopManager.startEventLoop(EventLoopManager.java:571)
01-14 23:38:44.207 17680 17680 E ActivityThread: 	at com.qualcomm.robotcore.eventloop.EventLoopManager.setEventLoop(EventLoopManager.java:545)
01-14 23:38:44.207 17680 17680 E ActivityThread: 	at com.qualcomm.robotcore.eventloop.EventLoopManager.start(EventLoopManager.java:489)
01-14 23:38:44.207 17680 17680 E ActivityThread: 	at com.qualcomm.robotcore.robot.Robot.start(Robot.java:59)
01-14 23:38:44.207 17680 17680 E ActivityThread: 	at com.qualcomm.ftccommon.FtcRobotControllerService$RobotSetupRunnable$1.run(FtcRobotControllerService.java:186)
01-14 23:38:44.207 17680 17680 E ActivityThread: 	at com.qualcomm.robotcore.util.ThreadPool.logThreadLifeCycle(ThreadPool.java:513)
01-14 23:38:44.207 17680 17680 E ActivityThread: 	at com.qualcomm.ftccommon.FtcRobotControllerService$RobotSetupRunnable.run(FtcRobotControllerService.java:128)
01-14 23:38:44.207 17680 17680 E ActivityThread: 	at java.util.concurrent.ThreadPoolExecutor.runWorker(ThreadPoolExecutor.java:1113)
01-14 23:38:44.207 17680 17680 E ActivityThread: 	at java.util.concurrent.ThreadPoolExecutor$Worker.run(ThreadPoolExecutor.java:588)
01-14 23:38:44.207 17680 17680 E ActivityThread: 	at java.lang.Thread.run(Thread.java:818)
01-14 23:38:44.241 17680 17680 E ActivityThread: Service com.qualcomm.ftccommon.FtcRobotControllerService has leaked IntentReceiver com.qualcomm.robotcore.wifi.WifiDirectAssistant$WifiP2pBroadcastReceiver@ab8893d that was originally registered here. Are you missing a call to unregisterReceiver()?
01-14 23:38:44.241 17680 17680 E ActivityThread: android.app.IntentReceiverLeaked: Service com.qualcomm.ftccommon.FtcRobotControllerService has leaked IntentReceiver com.qualcomm.robotcore.wifi.WifiDirectAssistant$WifiP2pBroadcastReceiver@ab8893d that was originally registered here. Are you missing a call to unregisterReceiver()?
01-14 23:38:44.241 17680 17680 E ActivityThread: 	at android.app.LoadedApk$ReceiverDispatcher.<init>(LoadedApk.java:918)
01-14 23:38:44.241 17680 17680 E ActivityThread: 	at android.app.LoadedApk.getReceiverDispatcher(LoadedApk.java:719)
01-14 23:38:44.241 17680 17680 E ActivityThread: 	at android.app.ContextImpl.registerReceiverInternal(ContextImpl.java:1172)
01-14 23:38:44.241 17680 17680 E ActivityThread: 	at android.app.ContextImpl.registerReceiver(ContextImpl.java:1152)
01-14 23:38:44.241 17680 17680 E ActivityThread: 	at android.app.ContextImpl.registerReceiver(ContextImpl.java:1146)
01-14 23:38:44.241 17680 17680 E ActivityThread: 	at com.qualcomm.robotcore.wifi.WifiDirectAssistant.enable(WifiDirectAssistant.java:284)
01-14 23:38:44.241 17680 17680 E ActivityThread: 	at com.qualcomm.ftccommon.FtcRobotControllerService.onBind(FtcRobotControllerService.java:234)
01-14 23:38:44.241 17680 17680 E ActivityThread: 	at android.app.ActivityThread.handleBindService(ActivityThread.java:2922)
01-14 23:38:44.241 17680 17680 E ActivityThread: 	at android.app.ActivityThread.-wrap2(ActivityThread.java)
01-14 23:38:44.241 17680 17680 E ActivityThread: 	at android.app.ActivityThread$H.handleMessage(ActivityThread.java:1442)
01-14 23:38:44.241 17680 17680 E ActivityThread: 	at android.os.Handler.dispatchMessage(Handler.java:102)
01-14 23:38:44.241 17680 17680 E ActivityThread: 	at android.os.Looper.loop(Looper.java:148)
01-14 23:38:44.241 17680 17680 E ActivityThread: 	at android.app.ActivityThread.main(ActivityThread.java:5456)
01-14 23:38:44.241 17680 17680 E ActivityThread: 	at java.lang.reflect.Method.invoke(Native Method)
01-14 23:38:44.241 17680 17680 E ActivityThread: 	at com.android.internal.os.ZygoteInit$MethodAndArgsCaller.run(ZygoteInit.java:728)
01-14 23:38:44.241 17680 17680 E ActivityThread: 	at com.android.internal.os.ZygoteInit.main(ZygoteInit.java:618)
01-14 23:51:55.256 19145 19145 E ActivityThread: Activity org.firstinspires.ftc.robotcontroller.internal.FtcRobotControllerActivity has leaked IntentReceiver com.qualcomm.analytics.Analytics@61cf53f that was originally registered here. Are you missing a call to unregisterReceiver()?
01-14 23:51:55.256 19145 19145 E ActivityThread: android.app.IntentReceiverLeaked: Activity org.firstinspires.ftc.robotcontroller.internal.FtcRobotControllerActivity has leaked IntentReceiver com.qualcomm.analytics.Analytics@61cf53f that was originally registered here. Are you missing a call to unregisterReceiver()?
01-14 23:51:55.256 19145 19145 E ActivityThread: 	at android.app.LoadedApk$ReceiverDispatcher.<init>(LoadedApk.java:918)
01-14 23:51:55.256 19145 19145 E ActivityThread: 	at android.app.LoadedApk.getReceiverDispatcher(LoadedApk.java:719)
01-14 23:51:55.256 19145 19145 E ActivityThread: 	at android.app.ContextImpl.registerReceiverInternal(ContextImpl.java:1172)
01-14 23:51:55.256 19145 19145 E ActivityThread: 	at android.app.ContextImpl.registerReceiver(ContextImpl.java:1152)
01-14 23:51:55.256 19145 19145 E ActivityThread: 	at android.app.ContextImpl.registerReceiver(ContextImpl.java:1146)
01-14 23:51:55.256 19145 19145 E ActivityThread: 	at android.content.ContextWrapper.registerReceiver(ContextWrapper.java:554)
01-14 23:51:55.256 19145 19145 E ActivityThread: 	at com.qualcomm.analytics.Analytics.register(SourceFile:209)
01-14 23:51:55.256 19145 19145 E ActivityThread: 	at com.qualcomm.analytics.Analytics.<init>(SourceFile:235)
01-14 23:51:55.256 19145 19145 E ActivityThread: 	at com.qualcomm.modernrobotics.ModernRoboticsUsbUtil.init(SourceFile:85)
01-14 23:51:55.256 19145 19145 E ActivityThread: 	at com.qualcomm.ftccommon.FtcEventLoop.init(FtcEventLoop.java:191)
01-14 23:51:55.256 19145 19145 E ActivityThread: 	at com.qualcomm.robotcore.eventloop.EventLoopManager.startEventLoop(EventLoopManager.java:571)
01-14 23:51:55.256 19145 19145 E ActivityThread: 	at com.qualcomm.robotcore.eventloop.EventLoopManager.setEventLoop(EventLoopManager.java:545)
01-14 23:51:55.256 19145 19145 E ActivityThread: 	at com.qualcomm.robotcore.eventloop.EventLoopManager.start(EventLoopManager.java:489)
01-14 23:51:55.256 19145 19145 E ActivityThread: 	at com.qualcomm.robotcore.robot.Robot.start(Robot.java:59)
01-14 23:51:55.256 19145 19145 E ActivityThread: 	at com.qualcomm.ftccommon.FtcRobotControllerService$RobotSetupRunnable$1.run(FtcRobotControllerService.java:186)
01-14 23:51:55.256 19145 19145 E ActivityThread: 	at com.qualcomm.robotcore.util.ThreadPool.logThreadLifeCycle(ThreadPool.java:513)
01-14 23:51:55.256 19145 19145 E ActivityThread: 	at com.qualcomm.ftccommon.FtcRobotControllerService$RobotSetupRunnable.run(FtcRobotControllerService.java:128)
01-14 23:51:55.256 19145 19145 E ActivityThread: 	at java.util.concurrent.ThreadPoolExecutor.runWorker(ThreadPoolExecutor.java:1113)
01-14 23:51:55.256 19145 19145 E ActivityThread: 	at java.util.concurrent.ThreadPoolExecutor$Worker.run(ThreadPoolExecutor.java:588)
01-14 23:51:55.256 19145 19145 E ActivityThread: 	at java.lang.Thread.run(Thread.java:818)
01-14 23:51:55.291 19145 19145 E ActivityThread: Service com.qualcomm.ftccommon.FtcRobotControllerService has leaked IntentReceiver com.qualcomm.robotcore.wifi.WifiDirectAssistant$WifiP2pBroadcastReceiver@c913532 that was originally registered here. Are you missing a call to unregisterReceiver()?
01-14 23:51:55.291 19145 19145 E ActivityThread: android.app.IntentReceiverLeaked: Service com.qualcomm.ftccommon.FtcRobotControllerService has leaked IntentReceiver com.qualcomm.robotcore.wifi.WifiDirectAssistant$WifiP2pBroadcastReceiver@c913532 that was originally registered here. Are you missing a call to unregisterReceiver()?
01-14 23:51:55.291 19145 19145 E ActivityThread: 	at android.app.LoadedApk$ReceiverDispatcher.<init>(LoadedApk.java:918)
01-14 23:51:55.291 19145 19145 E ActivityThread: 	at android.app.LoadedApk.getReceiverDispatcher(LoadedApk.java:719)
01-14 23:51:55.291 19145 19145 E ActivityThread: 	at android.app.ContextImpl.registerReceiverInternal(ContextImpl.java:1172)
01-14 23:51:55.291 19145 19145 E ActivityThread: 	at android.app.ContextImpl.registerReceiver(ContextImpl.java:1152)
01-14 23:51:55.291 19145 19145 E ActivityThread: 	at android.app.ContextImpl.registerReceiver(ContextImpl.java:1146)
01-14 23:51:55.291 19145 19145 E ActivityThread: 	at com.qualcomm.robotcore.wifi.WifiDirectAssistant.enable(WifiDirectAssistant.java:284)
01-14 23:51:55.291 19145 19145 E ActivityThread: 	at com.qualcomm.ftccommon.FtcRobotControllerService.onBind(FtcRobotControllerService.java:234)
01-14 23:51:55.291 19145 19145 E ActivityThread: 	at android.app.ActivityThread.handleBindService(ActivityThread.java:2922)
01-14 23:51:55.291 19145 19145 E ActivityThread: 	at android.app.ActivityThread.-wrap2(ActivityThread.java)
01-14 23:51:55.291 19145 19145 E ActivityThread: 	at android.app.ActivityThread$H.handleMessage(ActivityThread.java:1442)
01-14 23:51:55.291 19145 19145 E ActivityThread: 	at android.os.Handler.dispatchMessage(Handler.java:102)
01-14 23:51:55.291 19145 19145 E ActivityThread: 	at android.os.Looper.loop(Looper.java:148)
01-14 23:51:55.291 19145 19145 E ActivityThread: 	at android.app.ActivityThread.main(ActivityThread.java:5456)
01-14 23:51:55.291 19145 19145 E ActivityThread: 	at java.lang.reflect.Method.invoke(Native Method)
01-14 23:51:55.291 19145 19145 E ActivityThread: 	at com.android.internal.os.ZygoteInit$MethodAndArgsCaller.run(ZygoteInit.java:728)
01-14 23:51:55.291 19145 19145 E ActivityThread: 	at com.android.internal.os.ZygoteInit.main(ZygoteInit.java:618)
01-14 23:58:57.244 19559 19559 E ActivityThread: Activity org.firstinspires.ftc.robotcontroller.internal.FtcRobotControllerActivity has leaked IntentReceiver com.qualcomm.analytics.Analytics@481c447 that was originally registered here. Are you missing a call to unregisterReceiver()?
01-14 23:58:57.244 19559 19559 E ActivityThread: android.app.IntentReceiverLeaked: Activity org.firstinspires.ftc.robotcontroller.internal.FtcRobotControllerActivity has leaked IntentReceiver com.qualcomm.analytics.Analytics@481c447 that was originally registered here. Are you missing a call to unregisterReceiver()?
01-14 23:58:57.244 19559 19559 E ActivityThread: 	at android.app.LoadedApk$ReceiverDispatcher.<init>(LoadedApk.java:918)
01-14 23:58:57.244 19559 19559 E ActivityThread: 	at android.app.LoadedApk.getReceiverDispatcher(LoadedApk.java:719)
01-14 23:58:57.244 19559 19559 E ActivityThread: 	at android.app.ContextImpl.registerReceiverInternal(ContextImpl.java:1172)
01-14 23:58:57.244 19559 19559 E ActivityThread: 	at android.app.ContextImpl.registerReceiver(ContextImpl.java:1152)
01-14 23:58:57.244 19559 19559 E ActivityThread: 	at android.app.ContextImpl.registerReceiver(ContextImpl.java:1146)
01-14 23:58:57.244 19559 19559 E ActivityThread: 	at android.content.ContextWrapper.registerReceiver(ContextWrapper.java:554)
01-14 23:58:57.244 19559 19559 E ActivityThread: 	at com.qualcomm.analytics.Analytics.register(SourceFile:209)
01-14 23:58:57.244 19559 19559 E ActivityThread: 	at com.qualcomm.analytics.Analytics.<init>(SourceFile:235)
01-14 23:58:57.244 19559 19559 E ActivityThread: 	at com.qualcomm.modernrobotics.ModernRoboticsUsbUtil.init(SourceFile:85)
01-14 23:58:57.244 19559 19559 E ActivityThread: 	at com.qualcomm.ftccommon.FtcEventLoop.init(FtcEventLoop.java:191)
01-14 23:58:57.244 19559 19559 E ActivityThread: 	at com.qualcomm.robotcore.eventloop.EventLoopManager.startEventLoop(EventLoopManager.java:571)
01-14 23:58:57.244 19559 19559 E ActivityThread: 	at com.qualcomm.robotcore.eventloop.EventLoopManager.setEventLoop(EventLoopManager.java:545)
01-14 23:58:57.244 19559 19559 E ActivityThread: 	at com.qualcomm.robotcore.eventloop.EventLoopManager.start(EventLoopManager.java:489)
01-14 23:58:57.244 19559 19559 E ActivityThread: 	at com.qualcomm.robotcore.robot.Robot.start(Robot.java:59)
01-14 23:58:57.244 19559 19559 E ActivityThread: 	at com.qualcomm.ftccommon.FtcRobotControllerService$RobotSetupRunnable$1.run(FtcRobotControllerService.java:186)
01-14 23:58:57.244 19559 19559 E ActivityThread: 	at com.qualcomm.robotcore.util.ThreadPool.logThreadLifeCycle(ThreadPool.java:513)
01-14 23:58:57.244 19559 19559 E ActivityThread: 	at com.qualcomm.ftccommon.FtcRobotControllerService$RobotSetupRunnable.run(FtcRobotControllerService.java:128)
01-14 23:58:57.244 19559 19559 E ActivityThread: 	at java.util.concurrent.ThreadPoolExecutor.runWorker(ThreadPoolExecutor.java:1113)
01-14 23:58:57.244 19559 19559 E ActivityThread: 	at java.util.concurrent.ThreadPoolExecutor$Worker.run(ThreadPoolExecutor.java:588)
01-14 23:58:57.244 19559 19559 E ActivityThread: 	at java.lang.Thread.run(Thread.java:818)
01-14 23:58:57.276 19559 19559 E ActivityThread: Service com.qualcomm.ftccommon.FtcRobotControllerService has leaked IntentReceiver com.qualcomm.robotcore.wifi.WifiDirectAssistant$WifiP2pBroadcastReceiver@ab8893d that was originally registered here. Are you missing a call to unregisterReceiver()?
01-14 23:58:57.276 19559 19559 E ActivityThread: android.app.IntentReceiverLeaked: Service com.qualcomm.ftccommon.FtcRobotControllerService has leaked IntentReceiver com.qualcomm.robotcore.wifi.WifiDirectAssistant$WifiP2pBroadcastReceiver@ab8893d that was originally registered here. Are you missing a call to unregisterReceiver()?
01-14 23:58:57.276 19559 19559 E ActivityThread: 	at android.app.LoadedApk$ReceiverDispatcher.<init>(LoadedApk.java:918)
01-14 23:58:57.276 19559 19559 E ActivityThread: 	at android.app.LoadedApk.getReceiverDispatcher(LoadedApk.java:719)
01-14 23:58:57.276 19559 19559 E ActivityThread: 	at android.app.ContextImpl.registerReceiverInternal(ContextImpl.java:1172)
01-14 23:58:57.276 19559 19559 E ActivityThread: 	at android.app.ContextImpl.registerReceiver(ContextImpl.java:1152)
01-14 23:58:57.276 19559 19559 E ActivityThread: 	at android.app.ContextImpl.registerReceiver(ContextImpl.java:1146)
01-14 23:58:57.276 19559 19559 E ActivityThread: 	at com.qualcomm.robotcore.wifi.WifiDirectAssistant.enable(WifiDirectAssistant.java:284)
01-14 23:58:57.276 19559 19559 E ActivityThread: 	at com.qualcomm.ftccommon.FtcRobotControllerService.onBind(FtcRobotControllerService.java:234)
01-14 23:58:57.276 19559 19559 E ActivityThread: 	at android.app.ActivityThread.handleBindService(ActivityThread.java:2922)
01-14 23:58:57.276 19559 19559 E ActivityThread: 	at android.app.ActivityThread.-wrap2(ActivityThread.java)
01-14 23:58:57.276 19559 19559 E ActivityThread: 	at android.app.ActivityThread$H.handleMessage(ActivityThread.java:1442)
01-14 23:58:57.276 19559 19559 E ActivityThread: 	at android.os.Handler.dispatchMessage(Handler.java:102)
01-14 23:58:57.276 19559 19559 E ActivityThread: 	at android.os.Looper.loop(Looper.java:148)
01-14 23:58:57.276 19559 19559 E ActivityThread: 	at android.app.ActivityThread.main(ActivityThread.java:5456)
01-14 23:58:57.276 19559 19559 E ActivityThread: 	at java.lang.reflect.Method.invoke(Native Method)
01-14 23:58:57.276 19559 19559 E ActivityThread: 	at com.android.internal.os.ZygoteInit$MethodAndArgsCaller.run(ZygoteInit.java:728)
01-14 23:58:57.276 19559 19559 E ActivityThread: 	at com.android.internal.os.ZygoteInit.main(ZygoteInit.java:618)
01-15 22:40:26.737  6421  6421 E AndroidRuntime: FATAL EXCEPTION: main
01-15 22:40:26.737  6421  6421 E AndroidRuntime: Process: com.qualcomm.ftcrobotcontroller, PID: 6421
01-15 22:40:26.737  6421  6421 E AndroidRuntime: java.lang.RuntimeException: Unable to stop activity {com.qualcomm.ftcrobotcontroller/org.firstinspires.ftc.robotcontroller.internal.FtcRobotControllerActivity}: java.lang.NullPointerException: Attempt to invoke virtual method 'void com.qualcomm.ftccommon.FtcRobotControllerService.shutdownRobot()' on a null object reference
01-15 22:40:26.737  6421  6421 E AndroidRuntime: 	at android.app.ActivityThread.handleSleeping(ActivityThread.java:3645)
01-15 22:40:26.737  6421  6421 E AndroidRuntime: 	at android.app.ActivityThread.-wrap19(ActivityThread.java)
01-15 22:40:26.737  6421  6421 E AndroidRuntime: 	at android.app.ActivityThread$H.handleMessage(ActivityThread.java:1529)
01-15 22:40:26.737  6421  6421 E AndroidRuntime: 	at android.os.Handler.dispatchMessage(Handler.java:102)
01-15 22:40:26.737  6421  6421 E AndroidRuntime: 	at android.os.Looper.loop(Looper.java:148)
01-15 22:40:26.737  6421  6421 E AndroidRuntime: 	at android.app.ActivityThread.main(ActivityThread.java:5456)
01-15 22:40:26.737  6421  6421 E AndroidRuntime: 	at java.lang.reflect.Method.invoke(Native Method)
01-15 22:40:26.737  6421  6421 E AndroidRuntime: 	at com.android.internal.os.ZygoteInit$MethodAndArgsCaller.run(ZygoteInit.java:728)
01-15 22:40:26.737  6421  6421 E AndroidRuntime: 	at com.android.internal.os.ZygoteInit.main(ZygoteInit.java:618)
01-15 22:40:26.737  6421  6421 E AndroidRuntime: Caused by: java.lang.NullPointerException: Attempt to invoke virtual method 'void com.qualcomm.ftccommon.FtcRobotControllerService.shutdownRobot()' on a null object reference
01-15 22:40:26.737  6421  6421 E AndroidRuntime: 	at org.firstinspires.ftc.robotcontroller.internal.FtcRobotControllerActivity.onStop(FtcRobotControllerActivity.java:319)
01-15 22:40:26.737  6421  6421 E AndroidRuntime: 	at android.app.Instrumentation.callActivityOnStop(Instrumentation.java:1301)
01-15 22:40:26.737  6421  6421 E AndroidRuntime: 	at android.app.Activity.performStop(Activity.java:6403)
01-15 22:40:26.737  6421  6421 E AndroidRuntime: 	at android.app.ActivityThread.handleSleeping(ActivityThread.java:3642)
01-15 22:40:26.737  6421  6421 E AndroidRuntime: 	... 8 more
--------- beginning of main
01-15 22:46:07.124  6954  6954 I art     : Late-enabling -Xcheck:jni
01-15 22:46:07.151  6954  6960 I art     : Debugger is no longer active
01-15 22:46:07.185  6954  6954 I InstantRun: Instant Run Runtime started. Android package is com.qualcomm.ftcrobotcontroller, real application class is org.firstinspires.ftc.robotcore.internal.RobotApplication.
01-15 22:46:08.341  6954  6954 V RCActivity: onCreate()
01-15 22:46:08.348  6954  7053 V RobotCore: saving logcat to /storage/emulated/0/com.qualcomm.ftcrobotcontroller.logcat
01-15 22:46:08.348  6954  7053 V RobotCore: logging command line: logcat -f /storage/emulated/0/com.qualcomm.ftcrobotcontroller.logcat -r4096 -n4 -v threadtime UsbRequestJNI:S UsbRequest:S *:V
01-15 22:46:08.382  6954  6954 I WebViewFactory: Loading com.google.android.webview version 46.0.2490.76 (code 249007600)
01-15 22:46:08.420  6954  6954 W System  : ClassLoader referenced unknown path: /system/app/WebViewGoogle/lib/arm
01-15 22:46:08.402  7056  7056 W ps      : type=1400 audit(0.0:49568): avc: denied { getattr } for uid=10109 path="/proc/1" dev="proc" ino=444131 scontext=u:r:untrusted_app:s0:c512,c768 tcontext=u:r:init:s0 tclass=dir permissive=0
01-15 22:46:08.402  7056  7056 W ps      : type=1400 audit(0.0:49569): avc: denied { search } for uid=10109 name="1" dev="proc" ino=444131 scontext=u:r:untrusted_app:s0:c512,c768 tcontext=u:r:init:s0 tclass=dir permissive=0
01-15 22:46:08.402  7056  7056 W ps      : type=1400 audit(0.0:49570): avc: denied { search } for uid=10109 name="1" dev="proc" ino=444131 scontext=u:r:untrusted_app:s0:c512,c768 tcontext=u:r:init:s0 tclass=dir permissive=0
01-15 22:46:08.402  7056  7056 W ps      : type=1400 audit(0.0:49571): avc: denied { getattr } for uid=10109 path="/proc/2" dev="proc" ino=456359 scontext=u:r:untrusted_app:s0:c512,c768 tcontext=u:r:kernel:s0 tclass=dir permissive=0
01-15 22:46:08.402  7056  7056 W ps      : type=1400 audit(0.0:49572): avc: denied { search } for uid=10109 name="2" dev="proc" ino=456359 scontext=u:r:untrusted_app:s0:c512,c768 tcontext=u:r:kernel:s0 tclass=dir permissive=0
01-15 22:46:08.402  7056  7056 W ps      : type=1400 audit(0.0:49573): avc: denied { search } for uid=10109 name="2" dev="proc" ino=456359 scontext=u:r:untrusted_app:s0:c512,c768 tcontext=u:r:kernel:s0 tclass=dir permissive=0
01-15 22:46:08.402  7056  7056 W ps      : type=1400 audit(0.0:49574): avc: denied { getattr } for uid=10109 path="/proc/3" dev="proc" ino=456360 scontext=u:r:untrusted_app:s0:c512,c768 tcontext=u:r:kernel:s0 tclass=dir permissive=0
01-15 22:46:08.402  7056  7056 W ps      : type=1400 audit(0.0:49575): avc: denied { search } for uid=10109 name="3" dev="proc" ino=456360 scontext=u:r:untrusted_app:s0:c512,c768 tcontext=u:r:kernel:s0 tclass=dir permissive=0
01-15 22:46:08.402  7056  7056 W ps      : type=1400 audit(0.0:49576): avc: denied { search } for uid=10109 name="3" dev="proc" ino=456360 scontext=u:r:untrusted_app:s0:c512,c768 tcontext=u:r:kernel:s0 tclass=dir permissive=0
01-15 22:46:08.402  7056  7056 W ps      : type=1400 audit(0.0:49577): avc: denied { getattr } for uid=10109 path="/proc/5" dev="proc" ino=456361 scontext=u:r:untrusted_app:s0:c512,c768 tcontext=u:r:kernel:s0 tclass=dir permissive=0
01-15 22:46:08.402  7056  7056 W ps      : type=1400 audit(0.0:49578): avc: denied { search } for uid=10109 name="5" dev="proc" ino=456361 scontext=u:r:untrusted_app:s0:c512,c768 tcontext=u:r:kernel:s0 tclass=dir permissive=0
01-15 22:46:08.402  7056  7056 W ps      : type=1400 audit(0.0:49579): avc: denied { search } for uid=10109 name="5" dev="proc" ino=456361 scontext=u:r:untrusted_app:s0:c512,c768 tcontext=u:r:kernel:s0 tclass=dir permissive=0
01-15 22:46:08.402  7056  7056 W ps      : type=1400 audit(0.0:49580): avc: denied { getattr } for uid=10109 path="/proc/6" dev="proc" ino=456362 scontext=u:r:untrusted_app:s0:c512,c768 tcontext=u:r:kernel:s0 tclass=dir permissive=0
01-15 22:46:08.402  7056  7056 W ps      : type=1400 audit(0.0:49581): avc: denied { search } for uid=10109 name="6" dev="proc" ino=456362 scontext=u:r:untrusted_app:s0:c512,c768 tcontext=u:r:kernel:s0 tclass=dir permissive=0
01-15 22:46:08.402  7056  7056 W ps      : type=1400 audit(0.0:49582): avc: denied { search } for uid=10109 name="6" dev="proc" ino=456362 scontext=u:r:untrusted_app:s0:c512,c768 tcontext=u:r:kernel:s0 tclass=dir permissive=0
01-15 22:46:08.402  7056  7056 W ps      : type=1400 audit(0.0:49583): avc: denied { getattr } for uid=10109 path="/proc/7" dev="proc" ino=456363 scontext=u:r:untrusted_app:s0:c512,c768 tcontext=u:r:kernel:s0 tclass=dir permissive=0
01-15 22:46:08.402  7056  7056 W ps      : type=1400 audit(0.0:49584): avc: denied { search } for uid=10109 name="7" dev="proc" ino=456363 scontext=u:r:untrusted_app:s0:c512,c768 tcontext=u:r:kernel:s0 tclass=dir permissive=0
01-15 22:46:08.402  7056  7056 W ps      : type=1400 audit(0.0:49585): avc: denied { search } for uid=10109 name="7" dev="proc" ino=456363 scontext=u:r:untrusted_app:s0:c512,c768 tcontext=u:r:kernel:s0 tclass=dir permissive=0
01-15 22:46:08.402  7056  7056 W ps      : type=1400 audit(0.0:49586): avc: denied { getattr } for uid=10109 path="/proc/8" dev="proc" ino=456364 scontext=u:r:untrusted_app:s0:c512,c768 tcontext=u:r:kernel:s0 tclass=dir permissive=0
01-15 22:46:08.402  7056  7056 W ps      : type=1400 audit(0.0:49587): avc: denied { search } for uid=10109 name="8" dev="proc" ino=456364 scontext=u:r:untrusted_app:s0:c512,c768 tcontext=u:r:kernel:s0 tclass=dir permissive=0
01-15 22:46:08.428  6954  6954 I cr.library_loader: Time to load native libraries: 4 ms (timestamps 3069-3073)
01-15 22:46:08.429  6954  6954 I cr.library_loader: Expected native library version number "46.0.2490.76", actual native library version number "46.0.2490.76"
01-15 22:46:08.458  6954  6954 V WebViewChromiumFactoryProvider: Binding Chromium to main looper Looper (main, tid 1) {917b2}
01-15 22:46:08.458  6954  6954 I cr.library_loader: Expected native library version number "46.0.2490.76", actual native library version number "46.0.2490.76"
01-15 22:46:08.458  6954  6954 I chromium: [INFO:library_loader_hooks.cc(118)] Chromium logging enabled: level = 0, default verbosity = 0
01-15 22:46:08.466  6954  6954 I cr.BrowserStartup: Initializing chromium process, singleProcess=true
01-15 22:46:08.472  6954  6954 E SysUtils: ApplicationContext is null in ApplicationStatus
01-15 22:46:08.496  6954  6954 I Adreno-EGL: <qeglDrvAPI_eglInitialize:379>: EGL 1.4 QUALCOMM build:  (Ifd751822f5)
01-15 22:46:08.496  6954  6954 I Adreno-EGL: OpenGL ES Shader Compiler Version: XE031.06.00.05
01-15 22:46:08.496  6954  6954 I Adreno-EGL: Build Date: 01/26/16 Tue
01-15 22:46:08.496  6954  6954 I Adreno-EGL: Local Branch: AU12_SBA
01-15 22:46:08.496  6954  6954 I Adreno-EGL: Remote Branch: 
01-15 22:46:08.496  6954  6954 I Adreno-EGL: Local Patches: 
01-15 22:46:08.496  6954  6954 I Adreno-EGL: Reconstruct Branch: 
01-15 22:46:08.528  6954  6954 E chromium: [ERROR:browser_gpu_channel_host_factory.cc(258)] Failed to init browser shader disk cache.
01-15 22:46:08.671  6954  6954 E libEGL  : validate_display:255 error 3008 (EGL_BAD_DISPLAY)
01-15 22:46:08.729  6954  6954 W art     : Attempt to remove non-JNI local reference, dumping thread
01-15 22:46:08.754  6954  6954 W AwContents: onDetachedFromWindow called when already detached. Ignoring
01-15 22:46:09.415  6954  6964 W art     : Suspending all threads took: 9.388ms
01-15 22:46:09.418  6954  6964 I art     : Background sticky concurrent mark sweep GC freed 6178(692KB) AllocSpace objects, 0(0B) LOS objects, 7% free, 10MB/10MB, paused 10.138ms total 18.023ms
01-15 22:46:10.458  6954  6954 V RobotCore: Network: inactive, disconnected
01-15 22:46:10.466  6954  6954 V RCActivity: onStart()
01-15 22:46:10.469  6954  6954 V RCActivity: onResume()
01-15 22:46:10.474  6954  7152 D OpenGLRenderer: Use EGL_SWAP_BEHAVIOR_PRESERVED: true
01-15 22:46:10.505  6954  6954 V FTCService: onCreate()
01-15 22:46:10.505  6954  6954 V FTCService: onBind()
01-15 22:46:10.506  6954  6954 V FTCService: Android device is motorola, MotoG3
01-15 22:46:10.507  6954  6954 V RobotCore: Starting network of type: WIFIDIRECT
01-15 22:46:10.514  6954  6954 V WifiDirect: There are 1 Wifi Direct Assistant Clients (+)
01-15 22:46:10.514  6954  6954 V WifiDirect: Enabling Wifi Direct Assistant
01-15 22:46:10.557  6954  7152 I OpenGLRenderer: Initialized EGL, version 1.4
01-15 22:46:10.575  6954  6954 D WifiDirect: broadcast: state - enabled: true
01-15 22:46:10.578  6954  6954 D WifiDirect: broadcast: connection changed: connectStatus=NOT_CONNECTED networkInfo.state=CONNECTED
01-15 22:46:10.578  6954  6954 V WifiDirect: NetworkInfo: [type: WIFI_P2P[], state: CONNECTED/CONNECTED, reason: (unspecified), extra: (none), roaming: false, failover: false, isAvailable: true]
01-15 22:46:10.578  6954  6954 V WifiDirect: WifiP2pInfo: groupFormed: true isGroupOwner: true operatingChannel: 2447 groupOwnerAddress: /192.168.49.1 mccMode: false
01-15 22:46:10.579  6954  6954 V WifiDirect: WifiP2pGroup: network: DIRECT-u3-9899-E-RC, isGO: true, Operating Channel: 2447, GO: Device: , deviceAddress: 24:da:9b:6a:a2:ba, primary type: null, secondary type: null, wps: 0, grpcapab: 0, devcapab: 0, status: 4, wfdInfo: WFD enabled: falseWFD DeviceInfo: 0, WFD CtrlPort: 0, WFD MaxThroughput: 0, level: 0, Client: Device: 9899-E-DS, deviceAddress: a4:70:d6:d3:3d:55, primary type: 10-0050F204-5, secondary type: null, wps: 392, grpcapab: 0, devcapab: 37, status: 0, wfdInfo: null, level: 60, interface: p2p0, networkId: 1, mGoOperFreq: 2447
01-15 22:46:10.579  6954  6954 D WifiDirect: cannot create group, does group already exist?
01-15 22:46:10.579  6954  6954 V FTCService: RCActivity.controllerService=bound
01-15 22:46:10.580  6954  6954 V RobotCore: Network: unknown, disconnected
01-15 22:46:10.580  6954  6954 V RobotCore: Robot Status: stopped
01-15 22:46:10.600  6954  6954 D OpmodeRegistration: registered {DefaultOpMode} as {$Stop$Robot$}
01-15 22:46:10.601  6954  6954 V FTCService: Processing robot setup
01-15 22:46:10.602  6954  6954 D WifiDirect: broadcast: this device changed
01-15 22:46:10.603  6954  6954 V WifiDirect: device information: 9899-E-RC 24:da:9b:6a:a2:ba
01-15 22:46:10.604  6954  7162 V RobotCore: thread: 'RobotSetupRunnable.run()' starting...
01-15 22:46:10.605  6954  7162 V RobotCore: Robot Status: stopped, scanning for USB devices
01-15 22:46:10.698  6954  6954 D WifiDirect: group owners address: /192.168.49.1
01-15 22:46:10.698  6954  6954 D WifiDirect: group formed, this device is the group owner (GO)
01-15 22:46:10.698  6954  6954 I FTCService: Wifi Direct - connected as group owner
01-15 22:46:10.698  6954  6954 D WifiDirect: stop discovering peers
01-15 22:46:10.703  6954  6954 V RobotCore: Network: enabled, disconnected
01-15 22:46:10.735  6954  6954 V WifiDirect: connection information available
01-15 22:46:10.735  6954  6954 V WifiDirect: connection information - groupOwnerName = 9899-E-RC
01-15 22:46:10.735  6954  6954 V WifiDirect: connection information - groupOwnerMacAddress = 24:da:9b:6a:a2:ba
01-15 22:46:10.735  6954  6954 V WifiDirect: connection information - groupInterface = p2p0
01-15 22:46:10.735  6954  6954 V WifiDirect: connection information - groupNetworkName = DIRECT-u3-9899-E-RC
01-15 22:46:10.735  6954  6954 I FTCService: Network Connection Passphrase: ZY55bu2t
01-15 22:46:10.736  6954  6954 V RobotCore: Network: active, disconnected
01-15 22:46:15.604  6954  6954 I RobotCore: Battery Checker, Level Remaining: 100.0
01-15 22:46:15.606  6954  6954 I RobotCore: Battery Checker, Level Remaining: 100.0
01-15 22:46:15.606  6954  7162 V RobotCore: EventLoopManager state is NOT_STARTED
01-15 22:46:15.607  6954  7162 V RobotCore: Robot Status: stopped, waiting on network
01-15 22:46:15.607  6954  7162 V RobotCore: Robot Status: stopped, starting robot
01-15 22:46:15.607  6954  7162 V Robocol : EventLoopManager.start()
01-15 22:46:15.608  6954  7162 V RobotCore: Starting network of type: WIFIDIRECT
01-15 22:46:15.608  6954  7162 V Robocol : Spoofing a Network Connection event...
01-15 22:46:15.610  6954  7162 V RobotCore: executive service EventLoop is terminated
01-15 22:46:15.610  6954  7162 V RobotCore: EventLoopManager state is STOPPED
01-15 22:46:15.611  6954  7162 V Robocol : eventLoop=FtcEventLoop
01-15 22:46:15.611  6954  7162 V RobotCore: EventLoopManager state is INIT
01-15 22:46:15.611  6954  7162 V RobotCore: Robot Status: initializing, starting robot
01-15 22:46:15.611  6954  7162 I FIRST   : ======= INIT START =======
01-15 22:46:15.613  6954  7239 V RobotCore: thread: 'SetupRunnable.run()' starting...
01-15 22:46:15.620  6954  7162 D OpmodeRegistration: registered {ShooterControl} as {ShooterControl}
01-15 22:46:15.621  6954  7162 D OpmodeRegistration: registered {ShooterData} as {TestWithData}
01-15 22:46:15.622  6954  7162 D OpmodeRegistration: registered {TestOpMode} as {Test}
01-15 22:46:15.623  6954  7162 D OpmodeRegistration: registered {BlueAuto} as {BlueAuto}
01-15 22:46:15.624  6954  7162 D OpmodeRegistration: registered {FinalTeleOp} as {FinalTeleOp}
01-15 22:46:15.626  6954  7162 D OpmodeRegistration: registered {RedAuto} as {RedAuto}
01-15 22:46:15.643  6954  7162 V D2xx::  : Start constructor
01-15 22:46:15.648  6954  7162 V D2xx::  : End constructor
01-15 22:46:15.651  6954  7162 V RobotCore: Creating Modern Robotics USB Servo Controller [AL00VST0]
01-15 22:46:15.662  6954  7162 D RobotCore: arming modern servo controller Modern Robotics USB Servo Controller [AL00VST0]...
01-15 22:46:15.664  6954  7162 W System.err: unable to find USB device with serial number AL00VST0
01-15 22:46:15.665  6954  7162 D RobotCore: arming modern servo controller Modern Robotics USB Servo Controller [AL00VST0] (pretend)...
01-15 22:46:15.665  6954  7239 D Robocol : RobocolDatagramSocket listening addr=/192.168.49.1:20884 cbRec=65520 cbSend=163840 msRecTO=300
01-15 22:46:15.667  6954  7239 V Robocol : RecvLoopRunnable created
01-15 22:46:15.668  6954  7239 V PeerDiscovery: Starting peer discovery
01-15 22:46:15.669  6954  7241 V RobotCore: thread: 'RecvLoopRunnable.run()' starting...
01-15 22:46:15.670  6954  7239 V RobotCore: Setup complete
01-15 22:46:15.670  6954  7239 V RobotCore: thread: ...terminating 'SetupRunnable.run()'
01-15 22:46:15.671  6954  7162 V RobotCore: Starting up pretend device AL00VST0
01-15 22:46:15.676  6954  7243 V RobotCore: thread: 'r/w loop: Modern Robotics USB Servo Controller [AL00VST0]' starting...
01-15 22:46:15.677  6954  7162 D RobotCore: ...arming modern servo controller Modern Robotics USB Servo Controller [AL00VST0] complete
01-15 22:46:15.678  6954  7162 V RobotCore: Creating Modern Robotics USB Core Device Interface Module [AI02RHDJ]
01-15 22:46:15.684  6954  7162 W System.err: unable to find USB device with serial number AI02RHDJ
01-15 22:46:15.685  6954  7162 V RobotCore: Starting up pretend device AI02RHDJ
01-15 22:46:15.687  6954  7244 V RobotCore: thread: 'r/w loop: Modern Robotics USB Core Device Interface Module [AI02RHDJ]' starting...
01-15 22:46:15.687  6954  7162 V RobotCore: Creating I2C Device - Port: 2
01-15 22:46:15.687  6954  7162 V RobotCore: Creating Modern Robotics I2C Gyro Sensor - Port: 3
01-15 22:46:15.690  6954  7162 V RobotCore: Creating I2C Device - Port: 4
01-15 22:46:15.691  6954  7162 V RobotCore: Creating Modern Robotics Analog Optical Distance Sensor - Port: 7
01-15 22:46:15.691  6954  7162 V RobotCore: Creating Modern Robotics USB DC Motor Controller [A104OQ1P]
01-15 22:46:15.698  6954  7162 D RobotCore: arming modern motor controller Modern Robotics USB DC Motor Controller [A104OQ1P]...
01-15 22:46:15.699  6954  7162 W System.err: unable to find USB device with serial number A104OQ1P
01-15 22:46:15.699  6954  7162 D RobotCore: arming modern motor controller Modern Robotics USB DC Motor Controller [A104OQ1P] (pretend)...
01-15 22:46:15.699  6954  7162 V RobotCore: Starting up pretend device A104OQ1P
01-15 22:46:15.701  6954  7245 V RobotCore: thread: 'r/w loop: Modern Robotics USB DC Motor Controller [A104OQ1P]' starting...
01-15 22:46:15.701  6954  7162 D RobotCore: ...arming modern motor controller Modern Robotics USB DC Motor Controller [A104OQ1P] complete
01-15 22:46:15.702  6954  7162 V RobotCore: Creating Modern Robotics USB DC Motor Controller [AL00VWH0]
01-15 22:46:15.702  6954  7162 D RobotCore: arming modern motor controller Modern Robotics USB DC Motor Controller [AL00VWH0]...
01-15 22:46:15.702  6954  7162 W System.err: unable to find USB device with serial number AL00VWH0
01-15 22:46:15.703  6954  7162 D RobotCore: arming modern motor controller Modern Robotics USB DC Motor Controller [AL00VWH0] (pretend)...
01-15 22:46:15.703  6954  7162 V RobotCore: Starting up pretend device AL00VWH0
01-15 22:46:15.704  6954  7246 V RobotCore: thread: 'r/w loop: Modern Robotics USB DC Motor Controller [AL00VWH0]' starting...
01-15 22:46:15.704  6954  7162 D RobotCore: ...arming modern motor controller Modern Robotics USB DC Motor Controller [AL00VWH0] complete
01-15 22:46:15.704  6954  7162 V RobotCore: Creating Modern Robotics USB DC Motor Controller [AI049QOP]
01-15 22:46:15.705  6954  7162 D RobotCore: arming modern motor controller Modern Robotics USB DC Motor Controller [AI049QOP]...
01-15 22:46:15.705  6954  7162 W System.err: unable to find USB device with serial number AI049QOP
01-15 22:46:15.706  6954  7162 D RobotCore: arming modern motor controller Modern Robotics USB DC Motor Controller [AI049QOP] (pretend)...
01-15 22:46:15.706  6954  7162 V RobotCore: Starting up pretend device AI049QOP
01-15 22:46:15.707  6954  7247 V RobotCore: thread: 'r/w loop: Modern Robotics USB DC Motor Controller [AI049QOP]' starting...
