01-14 20:32:50.650  1103  1204 I RobotCore: SHOOTER batteryVoltage: 13.71964809384164
01-14 20:32:50.650  1103  1204 I RobotCore: SHOOTER RPM1: 1936.3898465620434
01-14 20:32:50.650  1103  1204 I RobotCore: SHOOTER RPM2: 2065.482502999513
01-14 20:32:50.660  1103  1204 I RobotCore: SHOOTER batteryVoltage: 13.699706744868033
01-14 20:32:50.660  1103  1204 I RobotCore: SHOOTER RPM1: 1549.474227885694
01-14 20:32:50.660  1103  1204 I RobotCore: SHOOTER RPM2: 1549.474227885694
01-14 20:32:50.671  1103  1204 I RobotCore: SHOOTER batteryVoltage: 13.71964809384164
01-14 20:32:50.671  1103  1204 I RobotCore: SHOOTER RPM1: 1027.7352496649237
01-14 20:32:50.671  1103  1204 I RobotCore: SHOOTER RPM2: 1027.7352496649237
01-14 20:32:50.681  1103  1204 I RobotCore: SHOOTER batteryVoltage: 13.71964809384164
01-14 20:32:50.681  1103  1204 I RobotCore: SHOOTER RPM1: 1670.4748911086165
01-14 20:32:50.681  1103  1204 I RobotCore: SHOOTER RPM2: 1798.9729596554332
01-14 20:32:50.692  1103  1204 I RobotCore: SHOOTER batteryVoltage: 13.71964809384164
01-14 20:32:50.692  1103  1204 I RobotCore: SHOOTER RPM1: 0.0
01-14 20:32:50.692  1103  1204 I RobotCore: SHOOTER RPM2: 0.0
01-14 20:32:50.702  1103  1204 I RobotCore: SHOOTER batteryVoltage: 13.699706744868033
01-14 20:32:50.702  1103  1204 I RobotCore: SHOOTER RPM1: 2358.662663114594
01-14 20:32:50.702  1103  1204 I RobotCore: SHOOTER RPM2: 2489.6994777320715
01-14 20:32:50.713  1103  1204 I RobotCore: SHOOTER batteryVoltage: 13.71964809384164
01-14 20:32:50.713  1103  1204 I RobotCore: SHOOTER RPM1: 875.2090152289945
01-14 20:32:50.713  1103  1204 I RobotCore: SHOOTER RPM2: 875.2090152289945
01-14 20:32:50.723  1103  1204 I RobotCore: SHOOTER batteryVoltage: 13.71964809384164
01-14 20:32:50.723  1103  1204 I RobotCore: SHOOTER RPM1: 1287.5313820645883
01-14 20:32:50.723  1103  1204 I RobotCore: SHOOTER RPM2: 1287.5313820645883
01-14 20:32:50.733  1103  1204 I RobotCore: SHOOTER batteryVoltage: 13.679765395894426
01-14 20:32:50.734  1103  1204 I RobotCore: SHOOTER RPM1: 1567.1390908449428
01-14 20:32:50.734  1103  1204 I RobotCore: SHOOTER RPM2: 1567.1390908449428
01-14 20:32:50.744  1103  1204 I RobotCore: SHOOTER batteryVoltage: 13.699706744868033
01-14 20:32:50.744  1103  1204 I RobotCore: SHOOTER RPM1: 1688.6648912147919
01-14 20:32:50.744  1103  1204 I RobotCore: SHOOTER RPM2: 1818.5621905390067
01-14 20:32:50.754  1103  1204 I RobotCore: SHOOTER batteryVoltage: 13.779472140762461
01-14 20:32:50.754  1103  1204 I RobotCore: SHOOTER RPM1: 1171.4273927122972
01-14 20:32:50.754  1103  1204 I RobotCore: SHOOTER RPM2: 1171.4273927122972
01-14 20:32:50.765  1103  1204 I RobotCore: SHOOTER batteryVoltage: 13.699706744868033
01-14 20:32:50.765  1103  1204 I RobotCore: SHOOTER RPM1: 1419.609533145712
01-14 20:32:50.765  1103  1204 I RobotCore: SHOOTER RPM2: 1419.609533145712
01-14 20:32:50.775  1103  1204 I RobotCore: SHOOTER batteryVoltage: 13.71964809384164
01-14 20:32:50.775  1103  1204 I RobotCore: SHOOTER RPM1: 391.7492612092091
01-14 20:32:50.775  1103  1204 I RobotCore: SHOOTER RPM2: 522.3323482789455
01-14 20:32:50.785  1103  1204 I RobotCore: SHOOTER batteryVoltage: 13.699706744868033
01-14 20:32:50.786  1103  1204 I RobotCore: SHOOTER RPM1: 2344.8429349558
01-14 20:32:50.786  1103  1204 I RobotCore: SHOOTER RPM2: 2344.8429349558
01-14 20:32:50.796  1103  1204 I RobotCore: SHOOTER batteryVoltage: 13.699706744868033
01-14 20:32:50.796  1103  1204 I RobotCore: SHOOTER RPM1: 901.8089796000734
01-14 20:32:50.796  1103  1204 I RobotCore: SHOOTER RPM2: 901.8089796000734
01-14 20:32:50.806  1103  1204 I RobotCore: SHOOTER batteryVoltage: 13.699706744868033
01-14 20:32:50.807  1103  1204 I RobotCore: SHOOTER RPM1: 1665.5998115504499
01-14 20:32:50.807  1103  1204 I RobotCore: SHOOTER RPM2: 1665.5998115504499
01-14 20:32:50.817  1103  1204 I RobotCore: SHOOTER batteryVoltage: 13.699706744868033
01-14 20:32:50.817  1103  1204 I RobotCore: SHOOTER RPM1: 915.007262870149
01-14 20:32:50.817  1103  1204 I RobotCore: SHOOTER RPM2: 1045.722586137313
01-14 20:32:50.827  1103  1204 I RobotCore: SHOOTER batteryVoltage: 13.71964809384164
01-14 20:32:50.827  1103  1204 I RobotCore: SHOOTER RPM1: 1042.890634619444
01-14 20:32:50.827  1103  1204 I RobotCore: SHOOTER RPM2: 1042.890634619444
01-14 20:32:50.838  1103  1204 I RobotCore: SHOOTER batteryVoltage: 13.699706744868033
01-14 20:32:50.838  1103  1204 I RobotCore: SHOOTER RPM1: 1046.9779722875558
01-14 20:32:50.838  1103  1204 I RobotCore: SHOOTER RPM2: 1046.9779722875558
01-14 20:32:50.849  1103  1204 I RobotCore: SHOOTER batteryVoltage: 13.71964809384164
01-14 20:32:50.849  1103  1204 I RobotCore: SHOOTER RPM1: 2072.320953755244
01-14 20:32:50.849  1103  1204 I RobotCore: SHOOTER RPM2: 2194.2221863290815
01-14 20:32:50.859  1103  1204 I RobotCore: SHOOTER batteryVoltage: 13.71964809384164
01-14 20:32:50.859  1103  1204 I RobotCore: SHOOTER RPM1: 1428.8058789158301
01-14 20:32:50.859  1103  1204 I RobotCore: SHOOTER RPM2: 1298.9144353780275
01-14 20:32:50.869  1103  1204 I RobotCore: SHOOTER batteryVoltage: 13.699706744868033
01-14 20:32:50.870  1103  1204 I RobotCore: SHOOTER RPM1: 772.9791253714915
01-14 20:32:50.870  1103  1204 I RobotCore: SHOOTER RPM2: 901.8089796000734
01-14 20:32:50.880  1103  1204 I RobotCore: SHOOTER batteryVoltage: 13.699706744868033
01-14 20:32:50.880  1103  1204 I RobotCore: SHOOTER RPM1: 1932.3614142857348
01-14 20:32:50.880  1103  1204 I RobotCore: SHOOTER RPM2: 1932.3614142857348
01-14 20:32:50.890  1103  1204 I RobotCore: SHOOTER batteryVoltage: 13.71964809384164
01-14 20:32:50.891  1103  1204 I RobotCore: SHOOTER RPM1: 903.437322694779
01-14 20:32:50.891  1103  1204 I RobotCore: SHOOTER RPM2: 1032.4997973654617
01-14 20:32:50.901  1103  1204 I RobotCore: SHOOTER batteryVoltage: 13.71964809384164
01-14 20:32:50.901  1103  1204 I RobotCore: SHOOTER RPM1: 1178.7004213358953
01-14 20:32:50.901  1103  1204 I RobotCore: SHOOTER RPM2: 1178.7004213358953
01-14 20:32:50.911  1103  1204 I RobotCore: SHOOTER batteryVoltage: 13.699706744868033
01-14 20:32:50.911  1103  1204 I RobotCore: SHOOTER RPM1: 1285.6684773464378
01-14 20:32:50.911  1103  1204 I RobotCore: SHOOTER RPM2: 1285.6684773464378
01-14 20:32:50.922  1103  1204 I RobotCore: SHOOTER batteryVoltage: 13.699706744868033
01-14 20:32:50.922  1103  1204 I RobotCore: SHOOTER RPM1: 1807.3869718088763
01-14 20:32:50.922  1103  1204 I RobotCore: SHOOTER RPM2: 1807.3869718088763
01-14 20:32:50.932  1103  1204 I RobotCore: SHOOTER batteryVoltage: 13.699706744868033
01-14 20:32:50.933  1103  1204 I RobotCore: SHOOTER RPM1: 1258.0035854964033
01-14 20:32:50.933  1103  1204 I RobotCore: SHOOTER RPM2: 1258.0035854964033
01-14 20:32:50.943  1103  1204 I RobotCore: SHOOTER batteryVoltage: 13.699706744868033
01-14 20:32:50.943  1103  1204 I RobotCore: SHOOTER RPM1: 0.0
01-14 20:32:50.943  1103  1204 I RobotCore: SHOOTER RPM2: 0.0
01-14 20:32:50.953  1103  1204 I RobotCore: SHOOTER batteryVoltage: 13.679765395894426
01-14 20:32:50.953  1103  1204 I RobotCore: SHOOTER RPM1: 2880.4533862958283
01-14 20:32:50.953  1103  1204 I RobotCore: SHOOTER RPM2: 3011.3830856729114
01-14 20:32:50.963  1103  1204 I RobotCore: SHOOTER batteryVoltage: 13.699706744868033
01-14 20:32:50.964  1103  1204 I RobotCore: SHOOTER RPM1: 1046.1863716052842
01-14 20:32:50.964  1103  1204 I RobotCore: SHOOTER RPM2: 1046.1863716052842
01-14 20:32:50.974  1103  1204 I RobotCore: SHOOTER batteryVoltage: 13.699706744868033
01-14 20:32:50.974  1103  1204 I RobotCore: SHOOTER RPM1: 1291.858552123122
01-14 20:32:50.974  1103  1204 I RobotCore: SHOOTER RPM2: 1421.0444073354345
01-14 20:32:50.984  1103  1204 I RobotCore: SHOOTER batteryVoltage: 13.71964809384164
01-14 20:32:50.985  1103  1204 I RobotCore: SHOOTER RPM1: 1158.7610208891626
01-14 20:32:50.985  1103  1204 I RobotCore: SHOOTER RPM2: 1158.7610208891626
01-14 20:32:50.995  1103  1204 I RobotCore: SHOOTER batteryVoltage: 13.71964809384164
01-14 20:32:50.995  1103  1204 I RobotCore: SHOOTER RPM1: 1931.1438059193265
01-14 20:32:50.995  1103  1204 I RobotCore: SHOOTER RPM2: 1931.1438059193265
01-14 20:32:51.006  1103  1204 I RobotCore: SHOOTER batteryVoltage: 13.699706744868033
01-14 20:32:51.006  1103  1204 I RobotCore: SHOOTER RPM1: 502.7723799157457
01-14 20:32:51.006  1103  1204 I RobotCore: SHOOTER RPM2: 502.7723799157457
01-14 20:32:51.016  1103  1204 I RobotCore: SHOOTER batteryVoltage: 13.699706744868033
01-14 20:32:51.016  1103  1204 I RobotCore: SHOOTER RPM1: 1801.8285718262975
01-14 20:32:51.016  1103  1204 I RobotCore: SHOOTER RPM2: 1930.5306126710332
01-14 20:32:51.027  1103  1204 I RobotCore: SHOOTER batteryVoltage: 13.699706744868033
01-14 20:32:51.027  1103  1204 I RobotCore: SHOOTER RPM1: 1293.3074541477113
01-14 20:32:51.027  1103  1204 I RobotCore: SHOOTER RPM2: 1163.97670873294
01-14 20:32:51.037  1103  1204 I RobotCore: SHOOTER batteryVoltage: 13.699706744868033
01-14 20:32:51.037  1103  1204 I RobotCore: SHOOTER RPM1: 1701.7426501872387
01-14 20:32:51.037  1103  1204 I RobotCore: SHOOTER RPM2: 1832.6459309708725
01-14 20:32:51.047  1103  1204 I RobotCore: SHOOTER batteryVoltage: 13.699706744868033
01-14 20:32:51.047  1103  1204 I RobotCore: SHOOTER RPM1: 522.5532643310631
01-14 20:32:51.047  1103  1204 I RobotCore: SHOOTER RPM2: 653.191580413829
01-14 20:32:51.058  1103  1204 I RobotCore: SHOOTER batteryVoltage: 13.699706744868033
01-14 20:32:51.058  1103  1204 I RobotCore: SHOOTER RPM1: 1437.8468591504588
01-14 20:32:51.058  1103  1204 I RobotCore: SHOOTER RPM2: 1437.8468591504588
01-14 20:32:51.069  1103  1204 I RobotCore: SHOOTER batteryVoltage: 13.699706744868033
01-14 20:32:51.069  1103  1204 I RobotCore: SHOOTER RPM1: 2079.943229784787
01-14 20:32:51.069  1103  1204 I RobotCore: SHOOTER RPM2: 2079.943229784787
01-14 20:32:51.079  1103  1204 I RobotCore: SHOOTER batteryVoltage: 13.699706744868033
01-14 20:32:51.079  1103  1204 I RobotCore: SHOOTER RPM1: 913.4609895066169
01-14 20:32:51.079  1103  1204 I RobotCore: SHOOTER RPM2: 913.4609895066169
01-14 20:32:51.089  1103  1204 I RobotCore: SHOOTER batteryVoltage: 13.699706744868033
01-14 20:32:51.089  1103  1204 I RobotCore: SHOOTER RPM1: 1432.0247245786197
01-14 20:32:51.090  1103  1204 I RobotCore: SHOOTER RPM2: 1432.0247245786197
01-14 20:32:51.100  1103  1204 I RobotCore: SHOOTER batteryVoltage: 13.699706744868033
01-14 20:32:51.100  1103  1204 I RobotCore: SHOOTER RPM1: 652.0031998960884
01-14 20:32:51.100  1103  1204 I RobotCore: SHOOTER RPM2: 652.0031998960884
01-14 20:32:51.110  1103  1204 I RobotCore: SHOOTER batteryVoltage: 13.699706744868033
01-14 20:32:51.110  1103  1204 I RobotCore: SHOOTER RPM1: 1653.3695732951246
01-14 20:32:51.111  1103  1204 I RobotCore: SHOOTER RPM2: 1780.5518481639804
01-14 20:32:51.151  1103  1204 I RobotCore: SHOOTER time: 7407029112
01-14 20:32:51.151  1103  1204 I RobotCore: SHOOTER measurements / sec: 94.36981945535521
01-14 20:32:51.151  1103  1204 V RobotCore: thread: ...terminating 'LinearOpMode main'
01-14 20:32:51.152  1103  1191 I FIRST   : auto-stopping OpMode 'ShooterData'
01-14 20:32:51.153  1103  1191 V RobotCore: executive service user linear op mode is terminated
01-14 20:32:51.154  1103  1191 V RobotCore: executive service user linear op mode is terminated
01-14 20:32:51.154  1103  1191 I RobotCore: Attempting to switch to op mode $Stop$Robot$
01-14 20:32:51.216  1103  1163 V Robocol : sending CMD_INIT_OP_MODE_RESP(418), attempt: 0
01-14 20:32:51.232  1103  1159 V Robocol : received command: CMD_INIT_OP_MODE_RESP(418) $Stop$Robot$
01-14 20:32:51.233  1103  1159 V Robocol : received command: CMD_RUN_OP_MODE(10371) $Stop$Robot$
01-14 20:32:51.336  1103  1163 V Robocol : sending CMD_RUN_OP_MODE_RESP(424), attempt: 0
01-14 20:32:51.351  1103  1159 V Robocol : received command: CMD_RUN_OP_MODE_RESP(424) $Stop$Robot$
01-14 20:33:09.079  1103  1103 V RCActivity: onPause()
01-14 20:33:09.092  1103  1103 V RCActivity: onStop()
01-14 20:33:09.093  1103  1103 V RobotCore: executive service robot setup is terminated
01-14 20:33:09.093  1103  1103 V Robocol : EventLoopManager.shutdown()
01-14 20:33:09.093  1103  1103 V RobotCore: waiting for service EventLoop
01-14 20:33:09.093  1103  1191 I FIRST   : ======= TEARDOWN =======
01-14 20:33:09.093  1103  1191 D RobotCore: disarming modern motor controller Modern Robotics USB DC Motor Controller [A104OQ1P]...
01-14 20:33:09.109  1103  1180 D ProcessRequestThread::: Device has been closed.
01-14 20:33:09.109  1103  1180 W System.err: java.lang.InterruptedException
01-14 20:33:09.109  1103  1180 W System.err: 	at java.util.concurrent.locks.AbstractQueuedSynchronizer.doAcquireSharedInterruptibly(AbstractQueuedSynchronizer.java:972)
01-14 20:33:09.109  1103  1180 W System.err: 	at java.util.concurrent.locks.AbstractQueuedSynchronizer.acquireSharedInterruptibly(AbstractQueuedSynchronizer.java:1278)
01-14 20:33:09.109  1103  1180 W System.err: 	at java.util.concurrent.Semaphore.acquire(Semaphore.java:284)
01-14 20:33:09.109  1103  1180 W System.err: 	at com.ftdi.j2xx.ProcessInCtrl.acquireReadableBuffer(FT_Device.java:2294)
01-14 20:33:09.109  1103  1180 W System.err: 	at com.ftdi.j2xx.ProcessRequestWorker.run(FT_Device.java:2764)
01-14 20:33:09.109  1103  1180 W System.err: 	at java.lang.Thread.run(Thread.java:818)
01-14 20:33:09.109  1103  1181 D UsbDeviceConnectionJNI: close
01-14 20:33:09.110  1103  1181 V RobotCore: thread: ...terminating 'r/w loop: Modern Robotics USB DC Motor Controller [A104OQ1P]'
01-14 20:33:09.111  1103  1191 V RobotCore: executive service ReadWriteRunnable for Modern Robotics USB Device is terminated
01-14 20:33:09.111  1103  1191 D RobotCore: ...disarming modern motor controller Modern Robotics USB DC Motor Controller [A104OQ1P] complete
01-14 20:33:09.111  1103  1179 D BulkIn::: Stop BulkIn thread
01-14 20:33:09.111  1103  1191 D RobotCore: disarming modern motor controller Modern Robotics USB DC Motor Controller [AL00VWH0]...
01-14 20:33:09.111  1103  1179 W System.err: java.lang.NullPointerException: Attempt to invoke virtual method 'int com.ftdi.j2xx.D2xxManager$DriverParameters.getBufferNumber()' on a null object reference
01-14 20:33:09.112  1103  1179 W System.err: 	at com.ftdi.j2xx.ProcessInCtrl.releaseWritableBuffers(FT_Device.java:2672)
01-14 20:33:09.112  1103  1179 W System.err: 	at com.ftdi.j2xx.BulkInWorker.run(FT_Device.java:2879)
01-14 20:33:09.112  1103  1179 W System.err: 	at java.lang.Thread.run(Thread.java:818)
01-14 20:33:09.132  1103  1183 D ProcessRequestThread::: Device has been closed.
01-14 20:33:09.132  1103  1183 W System.err: java.lang.InterruptedException
01-14 20:33:09.132  1103  1183 W System.err: 	at java.util.concurrent.locks.AbstractQueuedSynchronizer.doAcquireSharedInterruptibly(AbstractQueuedSynchronizer.java:972)
01-14 20:33:09.132  1103  1184 D UsbDeviceConnectionJNI: close
01-14 20:33:09.132  1103  1183 W System.err: 	at java.util.concurrent.locks.AbstractQueuedSynchronizer.acquireSharedInterruptibly(AbstractQueuedSynchronizer.java:1278)
01-14 20:33:09.132  1103  1183 W System.err: 	at java.util.concurrent.Semaphore.acquire(Semaphore.java:284)
01-14 20:33:09.132  1103  1183 W System.err: 	at com.ftdi.j2xx.ProcessInCtrl.acquireReadableBuffer(FT_Device.java:2294)
01-14 20:33:09.132  1103  1183 W System.err: 	at com.ftdi.j2xx.ProcessRequestWorker.run(FT_Device.java:2764)
01-14 20:33:09.132  1103  1183 W System.err: 	at java.lang.Thread.run(Thread.java:818)
01-14 20:33:09.132  1103  1191 V RobotCore: waiting for service ReadWriteRunnable for Modern Robotics USB Device
01-14 20:33:09.132  1103  1191 V RobotCore: awaitTerminationOrExitApplication ReadWriteRunnable for Modern Robotics USB Device; interrupt thrown
01-14 20:33:09.133  1103  1182 D BulkIn::: Stop BulkIn thread
01-14 20:33:09.133  1103  1182 W System.err: java.lang.NullPointerException: Attempt to invoke virtual method 'int com.ftdi.j2xx.D2xxManager$DriverParameters.getBufferNumber()' on a null object reference
01-14 20:33:09.133  1103  1182 W System.err: 	at com.ftdi.j2xx.ProcessInCtrl.releaseWritableBuffers(FT_Device.java:2672)
01-14 20:33:09.133  1103  1182 W System.err: 	at com.ftdi.j2xx.BulkInWorker.run(FT_Device.java:2879)
01-14 20:33:09.134  1103  1182 W System.err: 	at java.lang.Thread.run(Thread.java:818)
01-14 20:33:09.134  1103  1184 V RobotCore: thread: ...terminating 'r/w loop: Modern Robotics USB DC Motor Controller [AL00VWH0]'
01-14 20:33:09.233  1103  1191 D RobotCore: ...disarming modern motor controller Modern Robotics USB DC Motor Controller [AL00VWH0] complete
01-14 20:33:09.258  1103  1191 D RobotCore: disarming modern motor controller Modern Robotics USB DC Motor Controller [AI049QOP]...
01-14 20:33:09.274  1103  1186 D ProcessRequestThread::: Device has been closed.
01-14 20:33:09.274  1103  1186 W System.err: java.lang.InterruptedException
01-14 20:33:09.274  1103  1186 W System.err: 	at java.util.concurrent.locks.AbstractQueuedSynchronizer.doAcquireSharedInterruptibly(AbstractQueuedSynchronizer.java:972)
01-14 20:33:09.274  1103  1186 W System.err: 	at java.util.concurrent.locks.AbstractQueuedSynchronizer.acquireSharedInterruptibly(AbstractQueuedSynchronizer.java:1278)
01-14 20:33:09.274  1103  1186 W System.err: 	at java.util.concurrent.Semaphore.acquire(Semaphore.java:284)
01-14 20:33:09.274  1103  1186 W System.err: 	at com.ftdi.j2xx.ProcessInCtrl.acquireReadableBuffer(FT_Device.java:2294)
01-14 20:33:09.274  1103  1186 W System.err: 	at com.ftdi.j2xx.ProcessRequestWorker.run(FT_Device.java:2764)
01-14 20:33:09.274  1103  1186 W System.err: 	at java.lang.Thread.run(Thread.java:818)
01-14 20:33:09.275  1103  1187 D UsbDeviceConnectionJNI: close
01-14 20:33:09.275  1103  1185 W System.err: java.nio.channels.AsynchronousCloseException
01-14 20:33:09.275  1103  1187 V RobotCore: thread: ...terminating 'r/w loop: Modern Robotics USB DC Motor Controller [AI049QOP]'
01-14 20:33:09.275  1103  1185 W System.err: 	at java.nio.channels.spi.AbstractInterruptibleChannel.end(AbstractInterruptibleChannel.java:116)
01-14 20:33:09.275  1103  1185 W System.err: 	at java.nio.SocketChannelImpl.readImpl(SocketChannelImpl.java:345)
01-14 20:33:09.275  1103  1185 W System.err: 	at java.nio.SocketChannelImpl.read(SocketChannelImpl.java:304)
01-14 20:33:09.275  1103  1185 W System.err: 	at java.nio.PipeImpl$PipeSourceChannel.read(PipeImpl.java:79)
01-14 20:33:09.275  1103  1185 W System.err: 	at com.ftdi.j2xx.ProcessInCtrl.purgeINData(FT_Device.java:2592)
01-14 20:33:09.275  1103  1185 W System.err: 	at com.ftdi.j2xx.BulkInWorker.run(FT_Device.java:2880)
01-14 20:33:09.275  1103  1185 W System.err: 	at java.lang.Thread.run(Thread.java:818)
01-14 20:33:09.276  1103  1185 D BulkIn::: Stop BulkIn thread
01-14 20:33:09.276  1103  1185 W System.err: java.lang.NullPointerException: Null pointer exception during instruction 'monitor-enter v1'
01-14 20:33:09.276  1103  1185 W System.err: 	at com.ftdi.j2xx.ProcessInCtrl.resetBufCount(FT_Device.java:2562)
01-14 20:33:09.276  1103  1185 W System.err: 	at com.ftdi.j2xx.ProcessInCtrl.purgeINData(FT_Device.java:2599)
01-14 20:33:09.276  1103  1185 W System.err: 	at com.ftdi.j2xx.BulkInWorker.run(FT_Device.java:2880)
01-14 20:33:09.276  1103  1185 W System.err: 	at java.lang.Thread.run(Thread.java:818)
01-14 20:33:09.276  1103  1191 V RobotCore: executive service ReadWriteRunnable for Modern Robotics USB Device is terminated
01-14 20:33:09.276  1103  1191 D RobotCore: ...disarming modern motor controller Modern Robotics USB DC Motor Controller [AI049QOP] complete
01-14 20:33:09.316  1103  1191 D RobotCore: disarming modern motor controller Modern Robotics USB DC Motor Controller [AL00VBIF]...
01-14 20:33:09.327  1103  1189 D ProcessRequestThread::: Device has been closed.
01-14 20:33:09.328  1103  1189 W System.err: java.lang.InterruptedException
01-14 20:33:09.328  1103  1189 W System.err: 	at java.util.concurrent.locks.AbstractQueuedSynchronizer.doAcquireSharedInterruptibly(AbstractQueuedSynchronizer.java:972)
01-14 20:33:09.328  1103  1189 W System.err: 	at java.util.concurrent.locks.AbstractQueuedSynchronizer.acquireSharedInterruptibly(AbstractQueuedSynchronizer.java:1278)
01-14 20:33:09.328  1103  1189 W System.err: 	at java.util.concurrent.Semaphore.acquire(Semaphore.java:284)
01-14 20:33:09.328  1103  1189 W System.err: 	at com.ftdi.j2xx.ProcessInCtrl.acquireReadableBuffer(FT_Device.java:2294)
01-14 20:33:09.328  1103  1189 W System.err: 	at com.ftdi.j2xx.ProcessRequestWorker.run(FT_Device.java:2764)
01-14 20:33:09.328  1103  1189 W System.err: 	at java.lang.Thread.run(Thread.java:818)
01-14 20:33:09.330  1103  1190 D UsbDeviceConnectionJNI: close
01-14 20:33:09.332  1103  1190 V RobotCore: thread: ...terminating 'r/w loop: Modern Robotics USB DC Motor Controller [AL00VBIF]'
01-14 20:33:09.332  1103  1191 V RobotCore: waiting for service ReadWriteRunnable for Modern Robotics USB Device
01-14 20:33:09.332  1103  1191 V RobotCore: awaitTermination returned, isTerminated=true
01-14 20:33:09.332  1103  1191 V RobotCore: executive service ReadWriteRunnable for Modern Robotics USB Device is terminated
01-14 20:33:09.332  1103  1191 D RobotCore: ...disarming modern motor controller Modern Robotics USB DC Motor Controller [AL00VBIF] complete
01-14 20:33:09.332  1103  1191 D RobotCore: disarming modern servo controller "Modern Robotics USB Servo Controller [AL00VSDY]"...
01-14 20:33:09.342  1103  1162 D ProcessRequestThread::: Device has been closed.
01-14 20:33:09.342  1103  1162 W System.err: java.lang.InterruptedException
01-14 20:33:09.342  1103  1162 W System.err: 	at java.util.concurrent.locks.AbstractQueuedSynchronizer.doAcquireSharedInterruptibly(AbstractQueuedSynchronizer.java:972)
01-14 20:33:09.342  1103  1162 W System.err: 	at java.util.concurrent.locks.AbstractQueuedSynchronizer.acquireSharedInterruptibly(AbstractQueuedSynchronizer.java:1278)
01-14 20:33:09.342  1103  1162 W System.err: 	at java.util.concurrent.Semaphore.acquire(Semaphore.java:284)
01-14 20:33:09.342  1103  1162 W System.err: 	at com.ftdi.j2xx.ProcessInCtrl.acquireReadableBuffer(FT_Device.java:2294)
01-14 20:33:09.342  1103  1162 W System.err: 	at com.ftdi.j2xx.ProcessRequestWorker.run(FT_Device.java:2764)
01-14 20:33:09.342  1103  1162 W System.err: 	at java.lang.Thread.run(Thread.java:818)
01-14 20:33:09.343  1103  1175 D UsbDeviceConnectionJNI: close
01-14 20:33:09.343  1103  1175 V RobotCore: thread: ...terminating 'r/w loop: Modern Robotics USB Servo Controller [AL00VSDY]'
01-14 20:33:09.343  1103  1191 V RobotCore: waiting for service ReadWriteRunnable for Modern Robotics USB Device
01-14 20:33:09.343  1103  1191 V RobotCore: awaitTermination returned, isTerminated=true
01-14 20:33:09.343  1103  1191 V RobotCore: executive service ReadWriteRunnable for Modern Robotics USB Device is terminated
01-14 20:33:09.343  1103  1191 D RobotCore: ...disarming modern servo controller Modern Robotics USB Servo Controller [AL00VSDY] complete
01-14 20:33:09.348  1103  1178 D UsbDeviceConnectionJNI: close
01-14 20:33:09.349  1103  1191 V RobotCore: waiting for service ReadWriteRunnable for Modern Robotics USB Device
01-14 20:33:09.349  1103  1178 V RobotCore: thread: ...terminating 'r/w loop: Modern Robotics USB Core Device Interface Module [AL00VFK6]'
01-14 20:33:09.349  1103  1191 V RobotCore: awaitTermination returned, isTerminated=true
01-14 20:33:09.349  1103  1191 V RobotCore: executive service ReadWriteRunnable for Modern Robotics USB Device is terminated
01-14 20:33:09.349  1103  1191 I FIRST   : ======= TEARDOWN COMPLETE =======
01-14 20:33:09.349  1103  1191 V RobotCore: thread: ...terminating 'opmode loop()'
01-14 20:33:09.349  1103  1177 D ProcessRequestThread::: Device has been closed.
01-14 20:33:09.350  1103  1177 W System.err: java.lang.InterruptedException
01-14 20:33:09.350  1103  1103 V RobotCore: awaitTermination returned, isTerminated=true
01-14 20:33:09.350  1103  1103 V RobotCore: executive service EventLoop is terminated
01-14 20:33:09.351  1103  1103 V RobotCore: EventLoopManager state is STOPPED
01-14 20:33:09.351  1103  1103 V RobotCore: Robot Status: stopped
01-14 20:33:09.352  1103  1177 W System.err: 	at java.util.concurrent.locks.AbstractQueuedSynchronizer.doAcquireSharedInterruptibly(AbstractQueuedSynchronizer.java:972)
01-14 20:33:09.352  1103  1177 W System.err: 	at java.util.concurrent.locks.AbstractQueuedSynchronizer.acquireSharedInterruptibly(AbstractQueuedSynchronizer.java:1278)
01-14 20:33:09.352  1103  1177 W System.err: 	at java.util.concurrent.Semaphore.acquire(Semaphore.java:284)
01-14 20:33:09.352  1103  1177 W System.err: 	at com.ftdi.j2xx.ProcessInCtrl.acquireReadableBuffer(FT_Device.java:2294)
01-14 20:33:09.352  1103  1177 W System.err: 	at com.ftdi.j2xx.ProcessRequestWorker.run(FT_Device.java:2764)
01-14 20:33:09.352  1103  1177 W System.err: 	at java.lang.Thread.run(Thread.java:818)
01-14 20:33:09.355  1103  1176 D BulkIn::: Stop BulkIn thread
01-14 20:33:09.355  1103  1176 W System.err: java.lang.NullPointerException: Attempt to invoke virtual method 'int com.ftdi.j2xx.D2xxManager$DriverParameters.getBufferNumber()' on a null object reference
01-14 20:33:09.355  1103  1176 W System.err: 	at com.ftdi.j2xx.ProcessInCtrl.releaseWritableBuffers(FT_Device.java:2672)
01-14 20:33:09.355  1103  1176 W System.err: 	at com.ftdi.j2xx.BulkInWorker.run(FT_Device.java:2879)
01-14 20:33:09.355  1103  1176 W System.err: 	at java.lang.Thread.run(Thread.java:818)
