12-03 15:48:52.494  6506  6634 I RobotCore: SHOOTER 2: 4
12-03 15:48:52.496  6506  6634 I RobotCore: SHOOTER time: 4633331301
12-03 15:48:52.496  6506  6634 I RobotCore: SHOOTER 1: 4
12-03 15:48:52.496  6506  6634 I RobotCore: SHOOTER 2: 3
12-03 15:48:52.498  6506  6634 I RobotCore: SHOOTER time: 4635758019
12-03 15:48:52.498  6506  6634 I RobotCore: SHOOTER 1: 0
12-03 15:48:52.498  6506  6634 I RobotCore: SHOOTER 2: 0
12-03 15:48:52.501  6506  6634 I RobotCore: SHOOTER time: 4638169165
12-03 15:48:52.501  6506  6634 I RobotCore: SHOOTER 1: 4
12-03 15:48:52.501  6506  6634 I RobotCore: SHOOTER 2: 4
12-03 15:48:52.503  6506  6634 I RobotCore: SHOOTER time: 4640579374
12-03 15:48:52.503  6506  6634 I RobotCore: SHOOTER 1: 0
12-03 15:48:52.503  6506  6634 I RobotCore: SHOOTER 2: 0
12-03 15:48:52.506  6506  6634 I RobotCore: SHOOTER time: 4643070467
12-03 15:48:52.506  6506  6634 I RobotCore: SHOOTER 1: 4
12-03 15:48:52.506  6506  6634 I RobotCore: SHOOTER 2: 3
12-03 15:48:52.509  6506  6634 I RobotCore: SHOOTER time: 4646136040
12-03 15:48:52.509  6506  6634 I RobotCore: SHOOTER 1: 4
12-03 15:48:52.509  6506  6634 I RobotCore: SHOOTER 2: 4
12-03 15:48:52.511  6506  6634 I RobotCore: SHOOTER time: 4648494321
12-03 15:48:52.511  6506  6634 I RobotCore: SHOOTER 1: 0
12-03 15:48:52.511  6506  6634 I RobotCore: SHOOTER 2: 0
12-03 15:48:52.513  6506  6634 I RobotCore: SHOOTER time: 4650775155
12-03 15:48:52.513  6506  6634 I RobotCore: SHOOTER 1: 4
12-03 15:48:52.513  6506  6634 I RobotCore: SHOOTER 2: 4
12-03 15:48:52.516  6506  6634 I RobotCore: SHOOTER time: 4653169530
12-03 15:48:52.516  6506  6634 I RobotCore: SHOOTER 1: 4
12-03 15:48:52.516  6506  6634 I RobotCore: SHOOTER 2: 3
12-03 15:48:52.518  6506  6634 I RobotCore: SHOOTER time: 4655518488
12-03 15:48:52.518  6506  6634 I RobotCore: SHOOTER 1: 0
12-03 15:48:52.518  6506  6634 I RobotCore: SHOOTER 2: 0
12-03 15:48:52.520  6506  6634 I RobotCore: SHOOTER time: 4657862759
12-03 15:48:52.520  6506  6634 I RobotCore: SHOOTER 1: 4
12-03 15:48:52.520  6506  6634 I RobotCore: SHOOTER 2: 4
12-03 15:48:52.523  6506  6634 I RobotCore: SHOOTER time: 4660432551
12-03 15:48:52.523  6506  6634 I RobotCore: SHOOTER 1: 0
12-03 15:48:52.523  6506  6634 I RobotCore: SHOOTER 2: 0
12-03 15:48:52.525  6506  6634 I RobotCore: SHOOTER time: 4662877446
12-03 15:48:52.525  6506  6634 I RobotCore: SHOOTER 1: 4
12-03 15:48:52.525  6506  6634 I RobotCore: SHOOTER 2: 3
12-03 15:48:52.528  6506  6634 I RobotCore: SHOOTER time: 4665367603
12-03 15:48:52.528  6506  6634 I RobotCore: SHOOTER 1: 4
12-03 15:48:52.528  6506  6634 I RobotCore: SHOOTER 2: 4
12-03 15:48:52.530  6506  6634 I RobotCore: SHOOTER time: 4667875103
12-03 15:48:52.530  6506  6634 I RobotCore: SHOOTER 1: 0
12-03 15:48:52.531  6506  6634 I RobotCore: SHOOTER 2: 0
12-03 15:48:52.533  6506  6634 I RobotCore: SHOOTER time: 4670356821
12-03 15:48:52.533  6506  6634 I RobotCore: SHOOTER 1: 4
12-03 15:48:52.533  6506  6634 I RobotCore: SHOOTER 2: 3
12-03 15:48:52.535  6506  6634 I RobotCore: SHOOTER time: 4672702811
12-03 15:48:52.535  6506  6634 I RobotCore: SHOOTER 1: 0
12-03 15:48:52.535  6506  6634 I RobotCore: SHOOTER 2: 0
12-03 15:48:52.538  6506  6634 I RobotCore: SHOOTER time: 4675095676
12-03 15:48:52.538  6506  6634 I RobotCore: SHOOTER 1: 4
12-03 15:48:52.538  6506  6634 I RobotCore: SHOOTER 2: 4
12-03 15:48:52.540  6506  6634 I RobotCore: SHOOTER time: 4677422499
12-03 15:48:52.540  6506  6634 I RobotCore: SHOOTER 1: 4
12-03 15:48:52.540  6506  6634 I RobotCore: SHOOTER 2: 4
12-03 15:48:52.542  6506  6634 I RobotCore: SHOOTER time: 4679840988
12-03 15:48:52.542  6506  6634 I RobotCore: SHOOTER 1: 0
12-03 15:48:52.542  6506  6634 I RobotCore: SHOOTER 2: 0
12-03 15:48:52.545  6506  6634 I RobotCore: SHOOTER time: 4682174478
12-03 15:48:52.545  6506  6634 I RobotCore: SHOOTER 1: 4
12-03 15:48:52.545  6506  6634 I RobotCore: SHOOTER 2: 3
12-03 15:48:52.547  6506  6634 I RobotCore: SHOOTER time: 4684604582
12-03 15:48:52.547  6506  6634 I RobotCore: SHOOTER 1: 0
12-03 15:48:52.547  6506  6634 I RobotCore: SHOOTER 2: 0
12-03 15:48:52.550  6506  6634 I RobotCore: SHOOTER time: 4687024738
12-03 15:48:52.550  6506  6634 I RobotCore: SHOOTER 1: 4
12-03 15:48:52.550  6506  6634 I RobotCore: SHOOTER 2: 3
12-03 15:48:52.552  6506  6634 I RobotCore: SHOOTER time: 4689440676
12-03 15:48:52.552  6506  6634 I RobotCore: SHOOTER 1: 5
12-03 15:48:52.552  6506  6634 I RobotCore: SHOOTER 2: 4
12-03 15:48:52.554  6506  6634 I RobotCore: SHOOTER time: 4691911196
12-03 15:48:52.555  6506  6634 I RobotCore: SHOOTER 1: 0
12-03 15:48:52.555  6506  6634 I RobotCore: SHOOTER 2: 0
12-03 15:48:52.557  6506  6634 I RobotCore: SHOOTER time: 4694344009
12-03 15:48:52.557  6506  6634 I RobotCore: SHOOTER 1: 3
12-03 15:48:52.557  6506  6634 I RobotCore: SHOOTER 2: 4
12-03 15:48:52.559  6506  6634 I RobotCore: SHOOTER time: 4696625988
12-03 15:48:52.559  6506  6634 I RobotCore: SHOOTER 1: 4
12-03 15:48:52.559  6506  6634 I RobotCore: SHOOTER 2: 3
12-03 15:48:52.562  6506  6634 I RobotCore: SHOOTER time: 4699057759
12-03 15:48:52.562  6506  6634 I RobotCore: SHOOTER 1: 0
12-03 15:48:52.562  6506  6634 I RobotCore: SHOOTER 2: 0
12-03 15:48:52.564  6506  6634 I RobotCore: SHOOTER time: 4701339217
12-03 15:48:52.564  6506  6634 I RobotCore: SHOOTER 1: 4
12-03 15:48:52.564  6506  6634 I RobotCore: SHOOTER 2: 4
12-03 15:48:52.566  6506  6634 I RobotCore: SHOOTER time: 4703877863
12-03 15:48:52.566  6506  6634 I RobotCore: SHOOTER 1: 0
12-03 15:48:52.566  6506  6634 I RobotCore: SHOOTER 2: 0
12-03 15:48:52.569  6506  6634 I RobotCore: SHOOTER time: 4706212759
12-03 15:48:52.569  6506  6634 I RobotCore: SHOOTER 1: 4
12-03 15:48:52.569  6506  6634 I RobotCore: SHOOTER 2: 3
12-03 15:48:52.571  6506  6634 I RobotCore: SHOOTER time: 4708621717
12-03 15:48:52.571  6506  6634 I RobotCore: SHOOTER 1: 0
12-03 15:48:52.571  6506  6634 I RobotCore: SHOOTER 2: 0
12-03 15:48:52.574  6506  6634 I RobotCore: SHOOTER time: 4711021821
12-03 15:48:52.574  6506  6634 I RobotCore: SHOOTER 1: 4
12-03 15:48:52.574  6506  6634 I RobotCore: SHOOTER 2: 4
12-03 15:48:52.576  6506  6634 I RobotCore: SHOOTER time: 4713502342
12-03 15:48:52.576  6506  6634 I RobotCore: SHOOTER 1: 4
12-03 15:48:52.576  6506  6634 I RobotCore: SHOOTER 2: 3
12-03 15:48:52.579  6506  6634 I RobotCore: SHOOTER time: 4716037915
12-03 15:48:52.579  6506  6634 I RobotCore: SHOOTER 1: 0
12-03 15:48:52.579  6506  6634 I RobotCore: SHOOTER 2: 0
12-03 15:48:52.581  6506  6634 I RobotCore: SHOOTER time: 4718489217
12-03 15:48:52.581  6506  6634 I RobotCore: SHOOTER 1: 4
12-03 15:48:52.581  6506  6634 I RobotCore: SHOOTER 2: 4
12-03 15:48:52.583  6506  6634 I RobotCore: SHOOTER time: 4720765467
12-03 15:48:52.583  6506  6634 I RobotCore: SHOOTER 1: 4
12-03 15:48:52.583  6506  6634 I RobotCore: SHOOTER 2: 3
12-03 15:48:52.586  6506  6634 I RobotCore: SHOOTER time: 4723087238
12-03 15:48:52.586  6506  6634 I RobotCore: SHOOTER 1: 0
12-03 15:48:52.586  6506  6634 I RobotCore: SHOOTER 2: 0
12-03 15:48:52.588  6506  6634 I RobotCore: SHOOTER time: 4725536196
12-03 15:48:52.588  6506  6634 I RobotCore: SHOOTER 1: 4
12-03 15:48:52.588  6506  6634 I RobotCore: SHOOTER 2: 4
12-03 15:48:52.590  6506  6634 I RobotCore: SHOOTER time: 4727789686
12-03 15:48:52.590  6506  6634 I RobotCore: SHOOTER 1: 0
12-03 15:48:52.590  6506  6634 I RobotCore: SHOOTER 2: 0
12-03 15:48:52.593  6506  6634 I RobotCore: SHOOTER time: 4730183696
12-03 15:48:52.593  6506  6634 I RobotCore: SHOOTER 1: 4
12-03 15:48:52.593  6506  6634 I RobotCore: SHOOTER 2: 3
12-03 15:48:52.595  6506  6634 I RobotCore: SHOOTER time: 4732494946
12-03 15:48:52.595  6506  6634 I RobotCore: SHOOTER 1: 0
12-03 15:48:52.595  6506  6634 I RobotCore: SHOOTER 2: 0
12-03 15:48:52.597  6506  6634 I RobotCore: SHOOTER time: 4734924894
12-03 15:48:52.598  6506  6634 I RobotCore: SHOOTER 1: 4
12-03 15:48:52.598  6506  6634 I RobotCore: SHOOTER 2: 4
12-03 15:48:52.600  6506  6634 I RobotCore: SHOOTER time: 4737448853
12-03 15:48:52.600  6506  6634 I RobotCore: SHOOTER 1: 4
12-03 15:48:52.600  6506  6634 I RobotCore: SHOOTER 2: 4
12-03 15:48:52.602  6506  6634 I RobotCore: SHOOTER time: 4739733436
12-03 15:48:52.602  6506  6634 I RobotCore: SHOOTER 1: 0
12-03 15:48:52.602  6506  6634 I RobotCore: SHOOTER 2: 0
12-03 15:48:52.605  6506  6634 I RobotCore: SHOOTER time: 4742131196
12-03 15:48:52.605  6506  6634 I RobotCore: SHOOTER 1: 4
12-03 15:48:52.605  6506  6634 I RobotCore: SHOOTER 2: 3
12-03 15:48:52.607  6506  6634 I RobotCore: SHOOTER time: 4744841821
12-03 15:48:52.608  6506  6634 I RobotCore: SHOOTER 1: 0
12-03 15:48:52.608  6506  6634 I RobotCore: SHOOTER 2: 0
12-03 15:48:52.610  6506  6634 I RobotCore: SHOOTER time: 4747489634
12-03 15:48:52.610  6506  6634 I RobotCore: SHOOTER 1: 4
12-03 15:48:52.610  6506  6634 I RobotCore: SHOOTER 2: 4
12-03 15:48:52.613  6506  6634 I RobotCore: SHOOTER time: 4750129790
12-03 15:48:52.613  6506  6634 I RobotCore: SHOOTER 1: 5
12-03 15:48:52.613  6506  6634 I RobotCore: SHOOTER 2: 4
12-03 15:48:52.615  6506  6634 I RobotCore: SHOOTER time: 4752512707
12-03 15:48:52.615  6506  6634 I RobotCore: SHOOTER 1: 0
12-03 15:48:52.615  6506  6634 I RobotCore: SHOOTER 2: 0
12-03 15:48:52.618  6506  6634 I RobotCore: SHOOTER time: 4755381353
12-03 15:48:52.618  6506  6634 I RobotCore: SHOOTER 1: 4
12-03 15:48:52.618  6506  6634 I RobotCore: SHOOTER 2: 3
12-03 15:48:52.621  6506  6634 I RobotCore: SHOOTER time: 4758136457
12-03 15:48:52.621  6506  6634 I RobotCore: SHOOTER 1: 4
12-03 15:48:52.621  6506  6634 I RobotCore: SHOOTER 2: 4
12-03 15:48:52.623  6506  6634 I RobotCore: SHOOTER time: 4760553644
12-03 15:48:52.623  6506  6634 I RobotCore: SHOOTER 1: 0
12-03 15:48:52.623  6506  6634 I RobotCore: SHOOTER 2: 0
12-03 15:48:52.626  6506  6634 I RobotCore: SHOOTER time: 4763294530
12-03 15:48:52.626  6506  6634 I RobotCore: SHOOTER 1: 3
12-03 15:48:52.626  6506  6634 I RobotCore: SHOOTER 2: 3
12-03 15:48:52.629  6506  6634 I RobotCore: SHOOTER time: 4766145988
12-03 15:48:52.629  6506  6634 I RobotCore: SHOOTER 1: 5
12-03 15:48:52.629  6506  6634 I RobotCore: SHOOTER 2: 4
12-03 15:48:52.632  6506  6634 I RobotCore: SHOOTER time: 4769148228
12-03 15:48:52.632  6506  6634 I RobotCore: SHOOTER 1: 4
12-03 15:48:52.632  6506  6634 I RobotCore: SHOOTER 2: 3
12-03 15:48:52.634  6506  6634 I RobotCore: SHOOTER time: 4771713853
12-03 15:48:52.635  6506  6634 I RobotCore: SHOOTER 1: 0
12-03 15:48:52.635  6506  6634 I RobotCore: SHOOTER 2: 0
12-03 15:48:52.637  6506  6634 I RobotCore: SHOOTER time: 4774493019
12-03 15:48:52.637  6506  6634 I RobotCore: SHOOTER 1: 4
12-03 15:48:52.637  6506  6634 I RobotCore: SHOOTER 2: 4
12-03 15:48:52.640  6506  6634 I RobotCore: SHOOTER time: 4776961926
12-03 15:48:52.640  6506  6634 I RobotCore: SHOOTER 1: 4
12-03 15:48:52.640  6506  6634 I RobotCore: SHOOTER 2: 4
12-03 15:48:52.642  6506  6634 I RobotCore: SHOOTER time: 4779390311
12-03 15:48:52.642  6506  6634 I RobotCore: SHOOTER 1: 0
12-03 15:48:52.642  6506  6634 I RobotCore: SHOOTER 2: 0
12-03 15:48:52.644  6506  6634 I RobotCore: SHOOTER time: 4781736040
12-03 15:48:52.644  6506  6634 I RobotCore: SHOOTER 1: 4
12-03 15:48:52.645  6506  6634 I RobotCore: SHOOTER 2: 3
12-03 15:48:52.647  6506  6634 I RobotCore: SHOOTER time: 4784395363
12-03 15:48:52.647  6506  6634 I RobotCore: SHOOTER 1: 0
12-03 15:48:52.647  6506  6634 I RobotCore: SHOOTER 2: 0
12-03 15:48:52.650  6506  6634 I RobotCore: SHOOTER time: 4787279790
12-03 15:48:52.650  6506  6634 I RobotCore: SHOOTER 1: 4
12-03 15:48:52.650  6506  6634 I RobotCore: SHOOTER 2: 3
12-03 15:48:52.653  6506  6634 I RobotCore: SHOOTER time: 4790200207
12-03 15:48:52.653  6506  6634 I RobotCore: SHOOTER 1: 4
12-03 15:48:52.653  6506  6634 I RobotCore: SHOOTER 2: 4
12-03 15:48:52.655  6506  6634 I RobotCore: SHOOTER time: 4792582446
12-03 15:48:52.655  6506  6634 I RobotCore: SHOOTER 1: 0
12-03 15:48:52.655  6506  6634 I RobotCore: SHOOTER 2: 0
12-03 15:48:52.658  6506  6634 I RobotCore: SHOOTER time: 4795539738
12-03 15:48:52.658  6506  6634 I RobotCore: SHOOTER 1: 4
12-03 15:48:52.658  6506  6634 I RobotCore: SHOOTER 2: 3
12-03 15:48:52.661  6506  6634 I RobotCore: SHOOTER time: 4798137394
12-03 15:48:52.661  6506  6634 I RobotCore: SHOOTER 1: 4
12-03 15:48:52.661  6506  6634 I RobotCore: SHOOTER 2: 4
12-03 15:48:52.663  6506  6634 I RobotCore: SHOOTER time: 4800581665
12-03 15:48:52.663  6506  6634 I RobotCore: SHOOTER 1: 0
12-03 15:48:52.663  6506  6634 I RobotCore: SHOOTER 2: 0
12-03 15:48:52.666  6506  6634 I RobotCore: SHOOTER time: 4803218853
12-03 15:48:52.666  6506  6634 I RobotCore: SHOOTER 1: 4
12-03 15:48:52.666  6506  6634 I RobotCore: SHOOTER 2: 3
12-03 15:48:52.668  6506  6634 I RobotCore: SHOOTER time: 4805713749
12-03 15:48:52.668  6506  6634 I RobotCore: SHOOTER 1: 4
12-03 15:48:52.668  6506  6634 I RobotCore: SHOOTER 2: 4
12-03 15:48:52.671  6506  6634 I RobotCore: SHOOTER time: 4808307915
12-03 15:48:52.671  6506  6634 I RobotCore: SHOOTER 1: 0
12-03 15:48:52.671  6506  6634 I RobotCore: SHOOTER 2: 0
12-03 15:48:52.673  6506  6634 I RobotCore: SHOOTER time: 4810718592
12-03 15:48:52.673  6506  6634 I RobotCore: SHOOTER 1: 4
12-03 15:48:52.673  6506  6634 I RobotCore: SHOOTER 2: 3
12-03 15:48:52.676  6506  6634 I RobotCore: SHOOTER time: 4813219582
12-03 15:48:52.676  6506  6634 I RobotCore: SHOOTER 1: 4
12-03 15:48:52.676  6506  6634 I RobotCore: SHOOTER 2: 4
12-03 15:48:52.678  6506  6634 I RobotCore: SHOOTER time: 4815659634
12-03 15:48:52.678  6506  6634 I RobotCore: SHOOTER 1: 0
12-03 15:48:52.678  6506  6634 I RobotCore: SHOOTER 2: 0
12-03 15:48:52.681  6506  6634 I RobotCore: SHOOTER time: 4818063644
12-03 15:48:52.681  6506  6634 I RobotCore: SHOOTER 1: 4
12-03 15:48:52.681  6506  6634 I RobotCore: SHOOTER 2: 3
12-03 15:48:52.683  6506  6634 I RobotCore: SHOOTER time: 4820506561
12-03 15:48:52.683  6506  6634 I RobotCore: SHOOTER 1: 0
12-03 15:48:52.683  6506  6634 I RobotCore: SHOOTER 2: 0
12-03 15:48:52.685  6506  6634 I RobotCore: SHOOTER time: 4822831457
12-03 15:48:52.685  6506  6634 I RobotCore: SHOOTER 1: 4
12-03 15:48:52.685  6506  6634 I RobotCore: SHOOTER 2: 4
12-03 15:48:52.689  6506  6634 I RobotCore: SHOOTER time: 4826161769
12-03 15:48:52.689  6506  6634 I RobotCore: SHOOTER 1: 4
12-03 15:48:52.689  6506  6634 I RobotCore: SHOOTER 2: 4
12-03 15:48:52.691  6506  6634 I RobotCore: SHOOTER time: 4828538957
12-03 15:48:52.691  6506  6634 I RobotCore: SHOOTER 1: 0
12-03 15:48:52.691  6506  6634 I RobotCore: SHOOTER 2: 0
12-03 15:48:52.694  6506  6634 I RobotCore: SHOOTER time: 4831084009
12-03 15:48:52.694  6506  6634 I RobotCore: SHOOTER 1: 4
12-03 15:48:52.694  6506  6634 I RobotCore: SHOOTER 2: 3
12-03 15:48:52.696  6506  6634 I RobotCore: SHOOTER time: 4833321509
12-03 15:48:52.696  6506  6634 I RobotCore: SHOOTER 1: 4
12-03 15:48:52.696  6506  6634 I RobotCore: SHOOTER 2: 4
12-03 15:48:52.698  6506  6634 I RobotCore: SHOOTER time: 4835733696
12-03 15:48:52.698  6506  6634 I RobotCore: SHOOTER 1: 0
12-03 15:48:52.698  6506  6634 I RobotCore: SHOOTER 2: 0
12-03 15:48:52.701  6506  6634 I RobotCore: SHOOTER time: 4838143019
12-03 15:48:52.701  6506  6634 I RobotCore: SHOOTER 1: 4
12-03 15:48:52.701  6506  6634 I RobotCore: SHOOTER 2: 3
12-03 15:48:52.703  6506  6634 I RobotCore: SHOOTER time: 4840567707
12-03 15:48:52.703  6506  6634 I RobotCore: SHOOTER 1: 0
12-03 15:48:52.703  6506  6634 I RobotCore: SHOOTER 2: 0
12-03 15:48:52.705  6506  6634 I RobotCore: SHOOTER time: 4842853749
12-03 15:48:52.705  6506  6634 I RobotCore: SHOOTER 1: 4
12-03 15:48:52.705  6506  6634 I RobotCore: SHOOTER 2: 4
12-03 15:48:52.708  6506  6634 I RobotCore: SHOOTER time: 4845315311
12-03 15:48:52.708  6506  6634 I RobotCore: SHOOTER 1: 4
12-03 15:48:52.708  6506  6634 I RobotCore: SHOOTER 2: 3
12-03 15:48:52.710  6506  6634 I RobotCore: SHOOTER time: 4847599426
12-03 15:48:52.710  6506  6634 I RobotCore: SHOOTER 1: 0
12-03 15:48:52.710  6506  6634 I RobotCore: SHOOTER 2: 0
12-03 15:48:52.712  6506  6634 I RobotCore: SHOOTER time: 4849869321
12-03 15:48:52.712  6506  6634 I RobotCore: SHOOTER 1: 4
12-03 15:48:52.712  6506  6634 I RobotCore: SHOOTER 2: 4
12-03 15:48:52.715  6506  6634 I RobotCore: SHOOTER time: 4852628280
12-03 15:48:52.715  6506  6634 I RobotCore: SHOOTER 1: 0
12-03 15:48:52.715  6506  6634 I RobotCore: SHOOTER 2: 0
12-03 15:48:52.717  6506  6634 I RobotCore: SHOOTER time: 4854927238
12-03 15:48:52.718  6506  6634 I RobotCore: SHOOTER 1: 4
12-03 15:48:52.718  6506  6634 I RobotCore: SHOOTER 2: 3
12-03 15:48:52.720  6506  6634 I RobotCore: SHOOTER time: 4857350571
12-03 15:48:52.720  6506  6634 I RobotCore: SHOOTER 1: 4
12-03 15:48:52.720  6506  6634 I RobotCore: SHOOTER 2: 4
12-03 15:48:52.722  6506  6634 I RobotCore: SHOOTER time: 4859860467
12-03 15:48:52.722  6506  6634 I RobotCore: SHOOTER 1: 0
12-03 15:48:52.722  6506  6634 I RobotCore: SHOOTER 2: 0
12-03 15:48:52.725  6506  6634 I RobotCore: SHOOTER time: 4862302342
12-03 15:48:52.725  6506  6634 I RobotCore: SHOOTER 1: 4
12-03 15:48:52.725  6506  6634 I RobotCore: SHOOTER 2: 3
12-03 15:48:52.727  6506  6634 I RobotCore: SHOOTER time: 4864757238
12-03 15:48:52.727  6506  6634 I RobotCore: SHOOTER 1: 0
12-03 15:48:52.727  6506  6634 I RobotCore: SHOOTER 2: 0
12-03 15:48:52.730  6506  6634 I RobotCore: SHOOTER time: 4867275884
12-03 15:48:52.730  6506  6634 I RobotCore: SHOOTER 1: 4
12-03 15:48:52.730  6506  6634 I RobotCore: SHOOTER 2: 4
12-03 15:48:52.732  6506  6634 I RobotCore: SHOOTER time: 4869684946
12-03 15:48:52.732  6506  6634 I RobotCore: SHOOTER 1: 4
12-03 15:48:52.732  6506  6634 I RobotCore: SHOOTER 2: 4
12-03 15:48:52.735  6506  6634 I RobotCore: SHOOTER time: 4872319478
12-03 15:48:52.735  6506  6634 I RobotCore: SHOOTER 1: 0
12-03 15:48:52.735  6506  6634 I RobotCore: SHOOTER 2: 0
12-03 15:48:52.737  6506  6634 I RobotCore: SHOOTER time: 4874586248
12-03 15:48:52.737  6506  6634 I RobotCore: SHOOTER 1: 4
12-03 15:48:52.737  6506  6634 I RobotCore: SHOOTER 2: 3
12-03 15:48:52.739  6506  6634 I RobotCore: SHOOTER time: 4876844373
12-03 15:48:52.739  6506  6634 I RobotCore: SHOOTER 1: 4
12-03 15:48:52.739  6506  6634 I RobotCore: SHOOTER 2: 4
12-03 15:48:52.742  6506  6634 I RobotCore: SHOOTER time: 4879115623
12-03 15:48:52.742  6506  6634 I RobotCore: SHOOTER 1: 0
12-03 15:48:52.742  6506  6634 I RobotCore: SHOOTER 2: 0
12-03 15:48:52.745  6506  6634 I RobotCore: SHOOTER time: 4882041405
12-03 15:48:52.745  6506  6634 I RobotCore: SHOOTER 1: 4
12-03 15:48:52.745  6506  6634 I RobotCore: SHOOTER 2: 3
12-03 15:48:52.747  6506  6634 I RobotCore: SHOOTER time: 4884534426
12-03 15:48:52.747  6506  6634 I RobotCore: SHOOTER 1: 0
12-03 15:48:52.747  6506  6634 I RobotCore: SHOOTER 2: 0
12-03 15:48:52.749  6506  6634 I RobotCore: SHOOTER time: 4886852186
12-03 15:48:52.749  6506  6634 I RobotCore: SHOOTER 1: 4
12-03 15:48:52.749  6506  6634 I RobotCore: SHOOTER 2: 3
12-03 15:48:52.752  6506  6634 I RobotCore: SHOOTER time: 4889344686
12-03 15:48:52.752  6506  6634 I RobotCore: SHOOTER 1: 4
12-03 15:48:52.752  6506  6634 I RobotCore: SHOOTER 2: 4
12-03 15:48:52.754  6506  6634 I RobotCore: SHOOTER time: 4891636769
12-03 15:48:52.754  6506  6634 I RobotCore: SHOOTER 1: 0
12-03 15:48:52.754  6506  6634 I RobotCore: SHOOTER 2: 0
12-03 15:48:52.757  6506  6634 I RobotCore: SHOOTER time: 4894055467
12-03 15:48:52.757  6506  6634 I RobotCore: SHOOTER 1: 5
12-03 15:48:52.757  6506  6634 I RobotCore: SHOOTER 2: 4
12-03 15:48:52.759  6506  6634 I RobotCore: SHOOTER time: 4896667551
12-03 15:48:52.759  6506  6634 I RobotCore: SHOOTER 1: 0
12-03 15:48:52.759  6506  6634 I RobotCore: SHOOTER 2: 0
12-03 15:48:52.762  6506  6634 I RobotCore: SHOOTER time: 4899206821
12-03 15:48:52.762  6506  6634 I RobotCore: SHOOTER 1: 3
12-03 15:48:52.762  6506  6634 I RobotCore: SHOOTER 2: 3
12-03 15:48:52.764  6506  6634 I RobotCore: SHOOTER time: 4901494998
12-03 15:48:52.764  6506  6634 I RobotCore: SHOOTER 1: 5
12-03 15:48:52.764  6506  6634 I RobotCore: SHOOTER 2: 4
12-03 15:48:52.769  6506  6634 I RobotCore: SHOOTER time: 4906816301
12-03 15:48:52.769  6506  6634 I RobotCore: SHOOTER 1: 3
12-03 15:48:52.769  6506  6634 I RobotCore: SHOOTER 2: 3
12-03 15:48:52.772  6506  6634 I RobotCore: SHOOTER time: 4909152186
12-03 15:48:52.772  6506  6634 I RobotCore: SHOOTER 1: 0
12-03 15:48:52.772  6506  6634 I RobotCore: SHOOTER 2: 0
12-03 15:48:52.775  6506  6634 I RobotCore: SHOOTER time: 4912108696
12-03 15:48:52.775  6506  6634 I RobotCore: SHOOTER 1: 6
12-03 15:48:52.775  6506  6634 I RobotCore: SHOOTER 2: 6
12-03 15:48:52.777  6506  6634 I RobotCore: SHOOTER time: 4914549269
12-03 15:48:52.777  6506  6634 I RobotCore: SHOOTER 1: 0
12-03 15:48:52.777  6506  6634 I RobotCore: SHOOTER 2: 0
12-03 15:48:52.780  6506  6634 I RobotCore: SHOOTER time: 4917819582
12-03 15:48:52.780  6506  6634 I RobotCore: SHOOTER 1: 4
12-03 15:48:52.780  6506  6634 I RobotCore: SHOOTER 2: 3
12-03 15:48:52.783  6506  6634 I RobotCore: SHOOTER time: 4920453488
12-03 15:48:52.783  6506  6634 I RobotCore: SHOOTER 1: 5
12-03 15:48:52.783  6506  6634 I RobotCore: SHOOTER 2: 4
12-03 15:48:52.785  6506  6634 I RobotCore: SHOOTER time: 4922750780
12-03 15:48:52.785  6506  6634 I RobotCore: SHOOTER 1: 4
12-03 15:48:52.785  6506  6634 I RobotCore: SHOOTER 2: 4
12-03 15:48:52.788  6506  6634 I RobotCore: SHOOTER time: 4925013123
12-03 15:48:52.788  6506  6634 I RobotCore: SHOOTER 1: 0
12-03 15:48:52.788  6506  6634 I RobotCore: SHOOTER 2: 0
12-03 15:48:52.790  6506  6634 I RobotCore: SHOOTER time: 4927434373
12-03 15:48:52.790  6506  6634 I RobotCore: SHOOTER 1: 3
12-03 15:48:52.790  6506  6634 I RobotCore: SHOOTER 2: 3
12-03 15:48:52.792  6506  6634 I RobotCore: SHOOTER time: 4929912551
12-03 15:48:52.792  6506  6634 I RobotCore: SHOOTER 1: 0
12-03 15:48:52.793  6506  6634 I RobotCore: SHOOTER 2: 0
12-03 15:48:52.795  6506  6634 I RobotCore: SHOOTER time: 4932198332
12-03 15:48:52.795  6506  6634 I RobotCore: SHOOTER 1: 5
12-03 15:48:52.795  6506  6634 I RobotCore: SHOOTER 2: 4
12-03 15:48:52.797  6506  6634 I RobotCore: SHOOTER time: 4934620988
12-03 15:48:52.797  6506  6634 I RobotCore: SHOOTER 1: 0
12-03 15:48:52.797  6506  6634 I RobotCore: SHOOTER 2: 0
12-03 15:48:52.800  6506  6634 I RobotCore: SHOOTER time: 4937037342
12-03 15:48:52.800  6506  6634 I RobotCore: SHOOTER 1: 4
12-03 15:48:52.800  6506  6634 I RobotCore: SHOOTER 2: 3
12-03 15:48:52.802  6506  6634 I RobotCore: SHOOTER time: 4939455676
12-03 15:48:52.802  6506  6634 I RobotCore: SHOOTER 1: 4
12-03 15:48:52.802  6506  6634 I RobotCore: SHOOTER 2: 4
12-03 15:48:52.804  6506  6634 I RobotCore: SHOOTER time: 4941932290
12-03 15:48:52.805  6506  6634 I RobotCore: SHOOTER 1: 0
12-03 15:48:52.805  6506  6634 I RobotCore: SHOOTER 2: 0
12-03 15:48:52.807  6506  6634 I RobotCore: SHOOTER time: 4944350884
12-03 15:48:52.807  6506  6634 I RobotCore: SHOOTER 1: 4
12-03 15:48:52.807  6506  6634 I RobotCore: SHOOTER 2: 3
12-03 15:48:52.809  6506  6634 I RobotCore: SHOOTER time: 4946612707
12-03 15:48:52.809  6506  6634 I RobotCore: SHOOTER 1: 0
12-03 15:48:52.809  6506  6634 I RobotCore: SHOOTER 2: 0
12-03 15:48:52.812  6506  6634 I RobotCore: SHOOTER time: 4949085051
12-03 15:48:52.812  6506  6634 I RobotCore: SHOOTER 1: 4
12-03 15:48:52.812  6506  6634 I RobotCore: SHOOTER 2: 4
12-03 15:48:52.815  6506  6634 I RobotCore: SHOOTER time: 4952100051
12-03 15:48:52.815  6506  6634 I RobotCore: SHOOTER 1: 4
12-03 15:48:52.815  6506  6634 I RobotCore: SHOOTER 2: 3
12-03 15:48:52.817  6506  6634 I RobotCore: SHOOTER time: 4954536978
12-03 15:48:52.817  6506  6634 I RobotCore: SHOOTER 1: 0
12-03 15:48:52.817  6506  6634 I RobotCore: SHOOTER 2: 0
12-03 15:48:52.820  6506  6634 I RobotCore: SHOOTER time: 4957075155
12-03 15:48:52.820  6506  6634 I RobotCore: SHOOTER 1: 4
12-03 15:48:52.820  6506  6634 I RobotCore: SHOOTER 2: 4
12-03 15:48:52.822  6506  6634 I RobotCore: SHOOTER time: 4959719373
12-03 15:48:52.822  6506  6634 I RobotCore: SHOOTER 1: 4
12-03 15:48:52.822  6506  6634 I RobotCore: SHOOTER 2: 3
12-03 15:48:52.825  6506  6634 I RobotCore: SHOOTER time: 4962343384
12-03 15:48:52.825  6506  6634 I RobotCore: SHOOTER 1: 0
12-03 15:48:52.825  6506  6634 I RobotCore: SHOOTER 2: 0
12-03 15:48:52.827  6506  6634 I RobotCore: SHOOTER time: 4964754217
12-03 15:48:52.827  6506  6634 I RobotCore: SHOOTER 1: 4
12-03 15:48:52.827  6506  6634 I RobotCore: SHOOTER 2: 4
12-03 15:48:52.830  6506  6634 I RobotCore: SHOOTER time: 4967162707
12-03 15:48:52.830  6506  6634 I RobotCore: SHOOTER 1: 4
12-03 15:48:52.830  6506  6634 I RobotCore: SHOOTER 2: 4
12-03 15:48:52.832  6506  6634 I RobotCore: SHOOTER time: 4969623905
12-03 15:48:52.832  6506  6634 I RobotCore: SHOOTER 1: 0
12-03 15:48:52.832  6506  6634 I RobotCore: SHOOTER 2: 0
12-03 15:48:52.835  6506  6634 I RobotCore: SHOOTER time: 4972074321
12-03 15:48:52.835  6506  6634 I RobotCore: SHOOTER 1: 4
12-03 15:48:52.835  6506  6634 I RobotCore: SHOOTER 2: 3
12-03 15:48:52.837  6506  6634 I RobotCore: SHOOTER time: 4974502655
12-03 15:48:52.837  6506  6634 I RobotCore: SHOOTER 1: 0
12-03 15:48:52.837  6506  6634 I RobotCore: SHOOTER 2: 0
12-03 15:48:52.839  6506  6634 I RobotCore: SHOOTER time: 4976906301
12-03 15:48:52.839  6506  6634 I RobotCore: SHOOTER 1: 4
12-03 15:48:52.840  6506  6634 I RobotCore: SHOOTER 2: 4
12-03 15:48:52.842  6506  6634 I RobotCore: SHOOTER time: 4979313176
12-03 15:48:52.842  6506  6634 I RobotCore: SHOOTER 1: 4
12-03 15:48:52.842  6506  6634 I RobotCore: SHOOTER 2: 3
12-03 15:48:52.844  6506  6634 I RobotCore: SHOOTER time: 4981883071
12-03 15:48:52.844  6506  6634 I RobotCore: SHOOTER 1: 0
12-03 15:48:52.844  6506  6634 I RobotCore: SHOOTER 2: 0
12-03 15:48:52.847  6506  6634 I RobotCore: SHOOTER time: 4984167394
12-03 15:48:52.847  6506  6634 I RobotCore: SHOOTER 1: 4
12-03 15:48:52.847  6506  6634 I RobotCore: SHOOTER 2: 4
12-03 15:48:52.849  6506  6634 I RobotCore: SHOOTER time: 4986630832
12-03 15:48:52.849  6506  6634 I RobotCore: SHOOTER 1: 0
12-03 15:48:52.849  6506  6634 I RobotCore: SHOOTER 2: 0
12-03 15:48:52.851  6506  6634 I RobotCore: SHOOTER time: 4988938384
12-03 15:48:52.852  6506  6634 I RobotCore: SHOOTER 1: 4
12-03 15:48:52.852  6506  6634 I RobotCore: SHOOTER 2: 3
12-03 15:48:52.854  6506  6634 I RobotCore: SHOOTER time: 4991392915
12-03 15:48:52.854  6506  6634 I RobotCore: SHOOTER 1: 4
12-03 15:48:52.854  6506  6634 I RobotCore: SHOOTER 2: 4
12-03 15:48:52.856  6506  6634 I RobotCore: SHOOTER time: 4993800259
12-03 15:48:52.856  6506  6634 I RobotCore: SHOOTER 1: 0
12-03 15:48:52.856  6506  6634 I RobotCore: SHOOTER 2: 0
12-03 15:48:52.859  6506  6634 I RobotCore: SHOOTER time: 4996228071
12-03 15:48:52.859  6506  6634 I RobotCore: SHOOTER 1: 4
12-03 15:48:52.859  6506  6634 I RobotCore: SHOOTER 2: 4
12-03 15:48:52.861  6506  6634 I RobotCore: SHOOTER time: 4998661717
12-03 15:48:52.861  6506  6634 I RobotCore: SHOOTER 1: 0
12-03 15:48:52.861  6506  6634 I RobotCore: SHOOTER 2: 0
12-03 15:48:52.864  6506  6634 I RobotCore: SHOOTER time: 5001057030
12-03 15:48:52.864  6506  6634 I RobotCore: SHOOTER 1: 4
12-03 15:48:52.864  6506  6634 I RobotCore: SHOOTER 2: 3
12-03 15:48:52.866  6506  6634 I RobotCore: SHOOTER time: 5003498592
12-03 15:48:52.866  6506  6634 I RobotCore: SHOOTER measurements / sec: 599.5804625180956
12-03 15:48:58.590  6506  6604 V Robocol : received command: CMD_INIT_OP_MODE(10201) $Stop$Robot$
12-03 15:48:58.594  6506  6613 V RobotCore: waiting for service user linear op mode
12-03 15:48:58.595  6506  6634 V RobotCore: thread: ...terminating 'LinearOpMode main'
12-03 15:48:58.595  6506  6613 V RobotCore: awaitTermination returned, isTerminated=true
12-03 15:48:58.595  6506  6613 V RobotCore: executive service user linear op mode is terminated
12-03 15:48:58.595  6506  6613 I RobotCore: Attempting to switch to op mode $Stop$Robot$
12-03 15:48:58.638  6506  6621 V Robocol : sending CMD_INIT_OP_MODE_RESP(241), attempt: 0
12-03 15:48:58.671  6506  6604 V Robocol : received command: CMD_INIT_OP_MODE_RESP(241) $Stop$Robot$
12-03 15:48:58.671  6506  6604 V Robocol : received command: CMD_RUN_OP_MODE(10207) $Stop$Robot$
12-03 15:48:58.720  6506  6621 V Robocol : sending CMD_RUN_OP_MODE_RESP(248), attempt: 0
12-03 15:48:58.751  6506  6604 V Robocol : received command: CMD_RUN_OP_MODE_RESP(248) $Stop$Robot$
12-03 15:49:03.209  6506  6516 I art     : Background sticky concurrent mark sweep GC freed 89441(2MB) AllocSpace objects, 0(0B) LOS objects, 22% free, 10MB/13MB, paused 6.002ms total 40.768ms
12-03 15:49:04.663  6506  6506 V RCActivity: onPause()
12-03 15:49:04.765  6506  6506 V RCActivity: onStop()
12-03 15:49:04.765  6506  6506 V RobotCore: executive service robot setup is terminated
12-03 15:49:04.765  6506  6506 V Robocol : EventLoopManager.shutdown()
12-03 15:49:04.765  6506  6506 V RobotCore: waiting for service EventLoop
12-03 15:49:04.766  6506  6613 I FIRST   : ======= TEARDOWN =======
12-03 15:49:04.767  6506  6613 D RobotCore: disarming modern motor controller Modern Robotics USB DC Motor Controller [AI049QOP]...
12-03 15:49:04.784  6506  6608 D UsbDeviceConnectionJNI: close
12-03 15:49:04.785  6506  6608 V RobotCore: thread: ...terminating 'r/w loop: Modern Robotics USB DC Motor Controller [AI049QOP]'
12-03 15:49:04.785  6506  6613 V RobotCore: executive service ReadWriteRunnable for Modern Robotics USB Device is terminated
12-03 15:49:04.785  6506  6613 D RobotCore: ...disarming modern motor controller Modern Robotics USB DC Motor Controller [AI049QOP] complete
12-03 15:49:04.785  6506  6613 I FIRST   : ======= TEARDOWN COMPLETE =======
12-03 15:49:04.785  6506  6613 V RobotCore: thread: ...terminating 'opmode loop()'
12-03 15:49:04.786  6506  6506 V RobotCore: awaitTermination returned, isTerminated=true
12-03 15:49:04.786  6506  6506 V RobotCore: executive service EventLoop is terminated
12-03 15:49:04.786  6506  6606 D BulkIn::: Stop BulkIn thread
12-03 15:49:04.786  6506  6506 V RobotCore: EventLoopManager state is STOPPED
12-03 15:49:04.787  6506  6606 W System.err: java.lang.NullPointerException: Attempt to invoke virtual method 'int com.ftdi.j2xx.D2xxManager$DriverParameters.getBufferNumber()' on a null object reference
12-03 15:49:04.787  6506  6506 V RobotCore: Robot Status: stopped
12-03 15:49:04.787  6506  6606 W System.err: 	at com.ftdi.j2xx.ProcessInCtrl.releaseWritableBuffers(FT_Device.java:2672)
12-03 15:49:04.789  6506  6506 V RCActivity: onDestroy()
12-03 15:49:04.790  6506  6607 D ProcessRequestThread::: Device has been closed.
12-03 15:49:04.790  6506  6607 W System.err: 	at java.lang.InterruptedException
12-03 15:49:04.795  6506  6606 W System.err: com.ftdi.j2xx.BulkInWorker.run(FT_Device.java:2879)
12-03 15:49:04.796  6506  6606 W System.err: 	at java.lang.Thread.run(Thread.java:818)
12-03 15:49:04.803  6506  6607 W System.err: 	at java.util.concurrent.locks.AbstractQueuedSynchronizer.doAcquireSharedInterruptibly(AbstractQueuedSynchronizer.java:972)
12-03 15:49:04.803  6506  6607 W System.err: 	at java.util.concurrent.locks.AbstractQueuedSynchronizer.acquireSharedInterruptibly(AbstractQueuedSynchronizer.java:1278)
12-03 15:49:04.803  6506  6607 W System.err: 	at java.util.concurrent.Semaphore.acquire(Semaphore.java:284)
12-03 15:49:04.803  6506  6607 W System.err: 	at com.ftdi.j2xx.ProcessInCtrl.acquireReadableBuffer(FT_Device.java:2294)
12-03 15:49:04.803  6506  6607 W System.err: 	at com.ftdi.j2xx.ProcessRequestWorker.run(FT_Device.java:2764)
12-03 15:49:04.803  6506  6607 W System.err: 	at java.lang.Thread.run(Thread.java:818)
12-03 15:49:05.308  6506  6506 V RobotCore: closing logcat file /storage/emulated/0/com.qualcomm.ftcrobotcontroller.logcat
12-03 15:49:05.383  6649  6649 W ps      : type=1400 audit(0.0:40541): avc: denied { getattr } for uid=10122 path="/proc/1" dev="proc" ino=315227 scontext=u:r:untrusted_app:s0:c512,c768 tcontext=u:r:init:s0 tclass=dir permissive=0
12-03 15:49:05.383  6649  6649 W ps      : type=1400 audit(0.0:40542): avc: denied { search } for uid=10122 name="1" dev="proc" ino=315227 scontext=u:r:untrusted_app:s0:c512,c768 tcontext=u:r:init:s0 tclass=dir permissive=0
12-03 15:49:05.383  6649  6649 W ps      : type=1400 audit(0.0:40543): avc: denied { search } for uid=10122 name="1" dev="proc" ino=315227 scontext=u:r:untrusted_app:s0:c512,c768 tcontext=u:r:init:s0 tclass=dir permissive=0
12-03 15:49:05.383  6649  6649 W ps      : type=1400 audit(0.0:40544): avc: denied { getattr } for uid=10122 path="/proc/2" dev="proc" ino=315391 scontext=u:r:untrusted_app:s0:c512,c768 tcontext=u:r:kernel:s0 tclass=dir permissive=0
12-03 15:49:05.383  6649  6649 W ps      : type=1400 audit(0.0:40545): avc: denied { search } for uid=10122 name="2" dev="proc" ino=315391 scontext=u:r:untrusted_app:s0:c512,c768 tcontext=u:r:kernel:s0 tclass=dir permissive=0
12-03 15:49:05.383  6649  6649 W ps      : type=1400 audit(0.0:40546): avc: denied { search } for uid=10122 name="2" dev="proc" ino=315391 scontext=u:r:untrusted_app:s0:c512,c768 tcontext=u:r:kernel:s0 tclass=dir permissive=0
12-03 15:49:05.383  6649  6649 W ps      : type=1400 audit(0.0:40547): avc: denied { getattr } for uid=10122 path="/proc/3" dev="proc" ino=315392 scontext=u:r:untrusted_app:s0:c512,c768 tcontext=u:r:kernel:s0 tclass=dir permissive=0
12-03 15:49:05.383  6649  6649 W ps      : type=1400 audit(0.0:40548): avc: denied { search } for uid=10122 name="3" dev="proc" ino=315392 scontext=u:r:untrusted_app:s0:c512,c768 tcontext=u:r:kernel:s0 tclass=dir permissive=0
12-03 15:49:05.383  6649  6649 W ps      : type=1400 audit(0.0:40549): avc: denied { search } for uid=10122 name="3" dev="proc" ino=315392 scontext=u:r:untrusted_app:s0:c512,c768 tcontext=u:r:kernel:s0 tclass=dir permissive=0
12-03 15:49:05.383  6649  6649 W ps      : type=1400 audit(0.0:40550): avc: denied { getattr } for uid=10122 path="/proc/5" dev="proc" ino=317441 scontext=u:r:untrusted_app:s0:c512,c768 tcontext=u:r:kernel:s0 tclass=dir permissive=0
12-03 15:49:05.383  6649  6649 W ps      : type=1400 audit(0.0:40551): avc: denied { search } for uid=10122 name="5" dev="proc" ino=317441 scontext=u:r:untrusted_app:s0:c512,c768 tcontext=u:r:kernel:s0 tclass=dir permissive=0
12-03 15:49:05.383  6649  6649 W ps      : type=1400 audit(0.0:40552): avc: denied { search } for uid=10122 name="5" dev="proc" ino=317441 scontext=u:r:untrusted_app:s0:c512,c768 tcontext=u:r:kernel:s0 tclass=dir permissive=0
12-03 15:49:05.383  6649  6649 W ps      : type=1400 audit(0.0:40553): avc: denied { getattr } for uid=10122 path="/proc/6" dev="proc" ino=317442 scontext=u:r:untrusted_app:s0:c512,c768 tcontext=u:r:kernel:s0 tclass=dir permissive=0
12-03 15:49:05.383  6649  6649 W ps      : type=1400 audit(0.0:40554): avc: denied { search } for uid=10122 name="6" dev="proc" ino=317442 scontext=u:r:untrusted_app:s0:c512,c768 tcontext=u:r:kernel:s0 tclass=dir permissive=0
12-03 15:49:05.383  6649  6649 W ps      : type=1400 audit(0.0:40555): avc: denied { search } for uid=10122 name="6" dev="proc" ino=317442 scontext=u:r:untrusted_app:s0:c512,c768 tcontext=u:r:kernel:s0 tclass=dir permissive=0
12-03 15:49:05.383  6649  6649 W ps      : type=1400 audit(0.0:40556): avc: denied { getattr } for uid=10122 path="/proc/7" dev="proc" ino=317443 scontext=u:r:untrusted_app:s0:c512,c768 tcontext=u:r:kernel:s0 tclass=dir permissive=0
12-03 15:49:05.383  6649  6649 W ps      : type=1400 audit(0.0:40557): avc: denied { search } for uid=10122 name="7" dev="proc" ino=317443 scontext=u:r:untrusted_app:s0:c512,c768 tcontext=u:r:kernel:s0 tclass=dir permissive=0
12-03 15:49:05.383  6649  6649 W ps      : type=1400 audit(0.0:40558): avc: denied { search } for uid=10122 name="7" dev="proc" ino=317443 scontext=u:r:untrusted_app:s0:c512,c768 tcontext=u:r:kernel:s0 tclass=dir permissive=0
12-03 15:49:05.383  6649  6649 W ps      : type=1400 audit(0.0:40559): avc: denied { getattr } for uid=10122 path="/proc/8" dev="proc" ino=317444 scontext=u:r:untrusted_app:s0:c512,c768 tcontext=u:r:kernel:s0 tclass=dir permissive=0
12-03 15:49:05.383  6649  6649 W ps      : type=1400 audit(0.0:40560): avc: denied { search } for uid=10122 name="8" dev="proc" ino=317444 scontext=u:r:untrusted_app:s0:c512,c768 tcontext=u:r:kernel:s0 tclass=dir permissive=0
12-03 15:49:05.415  6506  6506 V RobotCore: Killing PID 6526
