cketTimeoutException
12-03 15:48:40.515  6506  6599 V RobotCore: Starting up device AI049QOP
12-03 15:48:40.517  6506  6608 V RobotCore: thread: 'r/w loop: Modern Robotics USB DC Motor Controller [AI049QOP]' starting...
12-03 15:48:40.518  6506  6599 D RobotCore: ...arming modern motor controller Modern Robotics USB DC Motor Controller [AI049QOP] complete
12-03 15:48:40.585  6506  6599 I RobotCore: Analytics has completed initialization.
12-03 15:48:40.585  6506  6599 I RobotCore: ========= Device Information ===================================================
12-03 15:48:40.585  6506  6599 I RobotCore: Type                                               Name                           Connection
12-03 15:48:40.586  6506  6599 I RobotCore: Modern Robotics USB DC Motor Controller v2.0       Shooter Module                 USB AI049QOP
12-03 15:48:40.587  6506  6599 I RobotCore: DC Motor                                           shooter2                       USB AI049QOP; port 2
12-03 15:48:40.587  6506  6599 I RobotCore: DC Motor                                           shooter1                       USB AI049QOP; port 1
12-03 15:48:40.587  6506  6599 I FIRST   : ======= INIT FINISH =======
12-03 15:48:40.587  6506  6599 V RobotCore: EventLoopManager state is RUNNING
12-03 15:48:40.603  6506  6599 V RobotCore: Robot Status: running, starting robot
12-03 15:48:40.604  6506  6599 V RobotCore: Robot Status: running
12-03 15:48:40.604  6506  6599 V RobotCore: thread: ...terminating 'RobotSetupRunnable.run()'
12-03 15:48:40.606  6506  6613 V RobotCore: thread: 'opmode loop()' starting...
12-03 15:48:40.612  6506  6613 D RobotCore: system telemetry: key=$System$None$ msg=""
12-03 15:48:40.626  6506  6612 D MediaPlayer: setSubtitleAnchor in MediaPlayer
12-03 15:48:40.626  6506  6506 D MediaPlayer: setSubtitleAnchor in MediaPlayer
12-03 15:48:40.658  6506  6610 D ExtendedUtils: extended extractor not needed, return default
12-03 15:48:40.659  6506  6610 I MediaCodec: (0xb7390a08) init name(audio/raw) isType(1) encoder(0)
12-03 15:48:40.661  6506  6617 I OMXClient: Using client-side OMX mux.
12-03 15:48:40.666  6506  6617 E OMXMaster: A component of name 'OMX.qcom.audio.decoder.aac' already exists, ignoring this one.
12-03 15:48:40.668  6506  6617 I MediaCodec: (0xb7390a08) Component Allocated (OMX.google.raw.decoder)
12-03 15:48:40.668  6506  6610 I MediaCodec: (0xb7390a08) configure surface(0x0) crypto(0x0) flags(0)
12-03 15:48:40.668  6506  6610 D MediaCodec: (0xb7390a08) configure format: AMessage(what = 0x00000000) = {
12-03 15:48:40.668  6506  6610 D MediaCodec:    string mime = "audio/raw"
12-03 15:48:40.668  6506  6610 D MediaCodec:    int64_t durationUs = 1019125
12-03 15:48:40.668  6506  6610 D MediaCodec:    int32_t channel-count = 1
12-03 15:48:40.668  6506  6610 D MediaCodec:    int32_t sample-rate = 8000
12-03 15:48:40.668  6506  6610 D MediaCodec:    int32_t channel-mask = 0
12-03 15:48:40.668  6506  6610 D MediaCodec:  }
12-03 15:48:40.670  6506  6610 I MediaCodec: (0xb7390a08) start
12-03 15:48:40.671  6506  6617 I MediaCodec: (0xb7390a08) input buffers allocated
12-03 15:48:40.671  6506  6617 I MediaCodec: (0xb7390a08) numBuffers (4)
12-03 15:48:40.671  6506  6617 I MediaCodec: (0xb7390a08) output buffers allocated
12-03 15:48:40.671  6506  6617 I MediaCodec: (0xb7390a08) numBuffers (4)
12-03 15:48:40.672  6506  6617 I MediaCodec: (0xb7390a08) codec output format changed
12-03 15:48:40.672  6506  6617 D MediaCodec: (0xb7390a08) output format: AMessage(what = 'codc', target = 2) = {
12-03 15:48:40.672  6506  6617 D MediaCodec:    string mime = "audio/raw"
12-03 15:48:40.672  6506  6617 D MediaCodec:    int32_t channel-count = 1
12-03 15:48:40.672  6506  6617 D MediaCodec:    int32_t sample-rate = 8000
12-03 15:48:40.672  6506  6617 D MediaCodec:    int32_t channel-mask = 0
12-03 15:48:40.672  6506  6617 D MediaCodec:    int32_t what = 1869968451
12-03 15:48:40.672  6506  6617 D MediaCodec:  }
12-03 15:48:40.675  6506  6610 I MediaCodec: (0xb7390a08) stop
12-03 15:48:40.676  6506  6610 I MediaCodec: (0xb7390a08) release
12-03 15:48:40.682  6506  6612 W AudioTrack: AUDIO_OUTPUT_FLAG_FAST denied by client; transfer 4, track 8000 Hz, output 48000 Hz
12-03 15:48:40.796  6506  6604 V PeerDiscovery: new remote peer discovered: 192.168.49.134
12-03 15:48:40.796  6506  6604 D Robocol : RobocolDatagramSocket connected to /192.168.49.134:20884
12-03 15:48:40.797  6506  6604 V NetworkConnectionHandler: starting sending loop
12-03 15:48:40.798  6506  6604 V Robocol : SendOnceRunnable created
12-03 15:48:40.805  6506  6604 V RobotCore: Network: active, connected
12-03 15:48:40.838  6506  6621 V Robocol : sending CMD_REQUEST_USER_SENSOR_LIST_RESP(10), attempt: 0
12-03 15:48:40.845  6506  6612 D MediaPlayer: setSubtitleAnchor in MediaPlayer
12-03 15:48:40.846  6506  6506 D MediaPlayer: setSubtitleAnchor in MediaPlayer
12-03 15:48:40.854  6506  6506 E MediaPlayer: invoke failed: wrong state 8
12-03 15:48:40.854  6506  6506 W MediaPlayer: mediaplayer went away with unhandled events
12-03 15:48:40.871  6506  6610 D ExtendedUtils: extended extractor not needed, return default
12-03 15:48:40.872  6506  6610 I MediaCodec: (0xb74fbe88) init name(audio/raw) isType(1) encoder(0)
12-03 15:48:40.875  6506  6625 I OMXClient: Using client-side OMX mux.
12-03 15:48:40.879  6506  6625 E OMXMaster: A component of name 'OMX.qcom.audio.decoder.aac' already exists, ignoring this one.
12-03 15:48:40.882  6506  6625 I MediaCodec: (0xb74fbe88) Component Allocated (OMX.google.raw.decoder)
12-03 15:48:40.882  6506  6610 I MediaCodec: (0xb74fbe88) configure surface(0x0) crypto(0x0) flags(0)
12-03 15:48:40.882  6506  6610 D MediaCodec: (0xb74fbe88) configure format: AMessage(what = 0x00000000) = {
12-03 15:48:40.882  6506  6610 D MediaCodec:    string mime = "audio/raw"
12-03 15:48:40.882  6506  6610 D MediaCodec:    int64_t durationUs = 485011
12-03 15:48:40.882  6506  6610 D MediaCodec:    int32_t channel-count = 2
12-03 15:48:40.882  6506  6610 D MediaCodec:    int32_t sample-rate = 44100
12-03 15:48:40.882  6506  6610 D MediaCodec:    int32_t channel-mask = 0
12-03 15:48:40.882  6506  6610 D MediaCodec:  }
12-03 15:48:40.883  6506  6610 I MediaCodec: (0xb74fbe88) start
12-03 15:48:40.883  6506  6625 I MediaCodec: (0xb74fbe88) input buffers allocated
12-03 15:48:40.884  6506  6625 I MediaCodec: (0xb74fbe88) numBuffers (4)
12-03 15:48:40.884  6506  6625 I MediaCodec: (0xb74fbe88) output buffers allocated
12-03 15:48:40.884  6506  6625 I MediaCodec: (0xb74fbe88) numBuffers (4)
12-03 15:48:40.886  6506  6625 I MediaCodec: (0xb74fbe88) codec output format changed
12-03 15:48:40.886  6506  6625 D MediaCodec: (0xb74fbe88) output format: AMessage(what = 'codc', target = 6) = {
12-03 15:48:40.886  6506  6625 D MediaCodec:    string mime = "audio/raw"
12-03 15:48:40.886  6506  6625 D MediaCodec:    int32_t channel-count = 2
12-03 15:48:40.886  6506  6625 D MediaCodec:    int32_t sample-rate = 44100
12-03 15:48:40.886  6506  6625 D MediaCodec:    int32_t channel-mask = 0
12-03 15:48:40.886  6506  6625 D MediaCodec:    int32_t what = 1869968451
12-03 15:48:40.886  6506  6625 D MediaCodec:  }
12-03 15:48:40.889  6506  6610 I MediaCodec: (0xb74fbe88) stop
12-03 15:48:40.890  6506  6610 I MediaCodec: (0xb74fbe88) release
12-03 15:48:40.966  6506  6604 V Robocol : received command: CMD_REQUEST_OP_MODE_LIST(10001) 
12-03 15:48:40.967  6506  6604 V Robocol : received command: CMD_REQUEST_ACTIVE_CONFIGURATION(10002) 
12-03 15:48:40.998  6506  6621 V Robocol : sending CMD_REQUEST_OP_MODE_LIST_RESP(17), attempt: 0
12-03 15:48:40.999  6506  6621 V Robocol : sending CMD_REQUEST_USER_SENSOR_LIST_RESP(18), attempt: 0
12-03 15:48:41.002  6506  6604 V Robocol : received command: CMD_REQUEST_USER_SENSOR_LIST_RESP(10) [{"description":"a MR compass sensor","flavor":"I2C","name":"MR Compass Sensor","xmlTag":"ModernRoboticsI2cCompassSensor"},{"description":"an Adafruit IMU","flavor":"I2C","name":"Adafruit IMU","xmlTag":"AdafruitBNO055IMU"},{"description":"a MR range sensor","flavor":"I2C","name":"MR Range Sensor","xmlTag":"ModernRoboticsI2cRangeSensor"}]
12-03 15:48:41.038  6506  6621 V Robocol : sending CMD_REQUEST_ACTIVE_CONFIGURATION_RESP(22), attempt: 0
12-03 15:48:41.085  6506  6604 V Robocol : received command: CMD_REQUEST_OP_MODE_LIST_RESP(17) [{"flavor":"AUTONOMOUS","group":"Autonomous","name":"TankAuto"},{"flavor":"TELEOP","group":"TeleOp","name":"NewOmniTurn"},{"flavor":"TELEOP","group":"MRI","name":"MRI_ColorExample"},{"flavor":"TELEOP","group":"Competition","name":"TankTeleOp"},{"flavor":"AUTONOMOUS","group":"Test","name":"Acceleration Test"},{"flavor":"AUTONOMOUS","group":"Test","name":"Encoder Test"},{"flavor":"TELEOP","group":"Test","name":"Shooter Test"},{"flavor":"TELEOP","group":"Test","name":"Tank"},{"flavor":"TELEOP","group":"Test","name":"WestCoastTank"},{"flavor":"AUTONOMOUS","group":"Test","name":"WestCoast_AutoTest"}]
12-03 15:48:41.086  6506  6604 V Robocol : received command: CMD_REQUEST_USER_SENSOR_LIST_RESP(18) [{"description":"a MR compass sensor","flavor":"I2C","name":"MR Compass Sensor","xmlTag":"ModernRoboticsI2cCompassSensor"},{"description":"an Adafruit IMU","flavor":"I2C","name":"Adafruit IMU","xmlTag":"AdafruitBNO055IMU"},{"description":"a MR range sensor","flavor":"I2C","name":"MR Range Sensor","xmlTag":"ModernRoboticsI2cRangeSensor"}]
12-03 15:48:41.086  6506  6604 V Robocol : received command: CMD_INIT_OP_MODE(10015) $Stop$Robot$
12-03 15:48:41.086  6506  6604 V Robocol : received command: CMD_REQUEST_ACTIVE_CONFIGURATION_RESP(22) {"isDirty":false,"location":"LOCAL_STORAGE","name":"shooter","resourceId":0}
12-03 15:48:41.114  6506  6613 I RobotCore: Attempting to switch to op mode $Stop$Robot$
12-03 15:48:41.158  6506  6621 V Robocol : sending CMD_INIT_OP_MODE_RESP(33), attempt: 0
12-03 15:48:41.205  6506  6604 V Robocol : received command: CMD_INIT_OP_MODE_RESP(33) $Stop$Robot$
12-03 15:48:41.369  6506  6613 I RobotCore: robot battery read duration: n=4, mean=0.065ms sd=0.056ms
12-03 15:48:41.702  6506  6612 W AudioTrack: AUDIO_OUTPUT_FLAG_FAST denied by client; transfer 4, track 44100 Hz, output 48000 Hz
12-03 15:48:43.152  6506  6604 V Robocol : received command: CMD_INIT_OP_MODE(10045) $Stop$Robot$
12-03 15:48:43.156  6506  6613 I RobotCore: Attempting to switch to op mode $Stop$Robot$
12-03 15:48:43.159  6506  6621 V Robocol : sending CMD_INIT_OP_MODE_RESP(67), attempt: 0
12-03 15:48:43.190  6506  6604 V Robocol : received command: CMD_INIT_OP_MODE_RESP(67) $Stop$Robot$
12-03 15:48:44.991  6506  6604 V Robocol : received command: CMD_INIT_OP_MODE(10073) Shooter Test
12-03 15:48:44.996  6506  6613 I RobotCore: Attempting to switch to op mode Shooter Test
12-03 15:48:45.012  6506  6634 V RobotCore: thread: 'LinearOpMode main' starting...
12-03 15:48:45.038  6506  6621 V Robocol : sending CMD_INIT_OP_MODE_RESP(99), attempt: 0
12-03 15:48:45.072  6506  6604 V Robocol : received command: CMD_INIT_OP_MODE_RESP(99) Shooter Test
12-03 15:48:47.831  6506  6604 V Robocol : received command: CMD_RUN_OP_MODE(10103) Shooter Test
12-03 15:48:47.863  6506  6634 I RobotCore: SHOOTER time: 14792
12-03 15:48:47.863  6506  6634 I RobotCore: SHOOTER 1: 0
12-03 15:48:47.863  6506  6634 I RobotCore: SHOOTER 2: 0
12-03 15:48:47.865  6506  6634 I RobotCore: SHOOTER time: 2654584
12-03 15:48:47.865  6506  6634 I RobotCore: SHOOTER 1: 0
12-03 15:48:47.865  6506  6634 I RobotCore: SHOOTER 2: 0
12-03 15:48:47.868  6506  6634 I RobotCore: SHOOTER time: 5231355
12-03 15:48:47.868  6506  6634 I RobotCore: SHOOTER 1: 1
12-03 15:48:47.868  6506  6634 I RobotCore: SHOOTER 2: 0
12-03 15:48:47.870  6506  6634 I RobotCore: SHOOTER time: 7913490
12-03 15:48:47.871  6506  6634 I RobotCore: SHOOTER 1: 0
12-03 15:48:47.871  6506  6634 I RobotCore: SHOOTER 2: 0
12-03 15:48:47.873  6506  6634 I RobotCore: SHOOTER time: 10600157
12-03 15:48:47.873  6506  6634 I RobotCore: SHOOTER 1: 0
12-03 15:48:47.873  6506  6634 I RobotCore: SHOOTER 2: 0
12-03 15:48:47.876  6506  6634 I RobotCore: SHOOTER time: 13200469
12-03 15:48:47.876  6506  6634 I RobotCore: SHOOTER 1: 0
12-03 15:48:47.876  6506  6634 I RobotCore: SHOOTER 2: 0
12-03 15:48:47.878  6506  6621 V Robocol : sending CMD_RUN_OP_MODE_RESP(132), attempt: 0
12-03 15:48:47.878  6506  6634 I RobotCore: SHOOTER time: 15791875
12-03 15:48:47.878  6506  6634 I RobotCore: SHOOTER 1: 0
12-03 15:48:47.878  6506  6634 I RobotCore: SHOOTER 2: 0
12-03 15:48:47.881  6506  6634 I RobotCore: SHOOTER time: 18418073
12-03 15:48:47.881  6506  6634 I RobotCore: SHOOTER 1: 1
12-03 15:48:47.881  6506  6634 I RobotCore: SHOOTER 2: 0
12-03 15:48:47.884  6506  6634 I RobotCore: SHOOTER time: 20977136
12-03 15:48:47.884  6506  6634 I RobotCore: SHOOTER 1: 0
12-03 15:48:47.884  6506  6634 I RobotCore: SHOOTER 2: 0
12-03 15:48:47.886  6506  6634 I RobotCore: SHOOTER time: 23662396
12-03 15:48:47.886  6506  6634 I RobotCore: SHOOTER 1: 0
12-03 15:48:47.886  6506  6634 I RobotCore: SHOOTER 2: 0
12-03 15:48:47.889  6506  6634 I RobotCore: SHOOTER time: 26266927
12-03 15:48:47.889  6506  6634 I RobotCore: SHOOTER 1: 0
12-03 15:48:47.889  6506  6634 I RobotCore: SHOOTER 2: 0
12-03 15:48:47.891  6506  6634 I RobotCore: SHOOTER time: 28858646
12-03 15:48:47.891  6506  6634 I RobotCore: SHOOTER 1: 0
12-03 15:48:47.892  6506  6634 I RobotCore: SHOOTER 2: 0
12-03 15:48:47.894  6506  6634 I RobotCore: SHOOTER time: 31519219
12-03 15:48:47.894  6506  6634 I RobotCore: SHOOTER 1: 0
12-03 15:48:47.894  6506  6634 I RobotCore: SHOOTER 2: 0
12-03 15:48:47.897  6506  6634 I RobotCore: SHOOTER time: 34122969
12-03 15:48:47.897  6506  6634 I RobotCore: SHOOTER 1: 1
12-03 15:48:47.897  6506  6634 I RobotCore: SHOOTER 2: 0
12-03 15:48:47.899  6506  6634 I RobotCore: SHOOTER time: 36708125
12-03 15:48:47.899  6506  6634 I RobotCore: SHOOTER 1: 0
12-03 15:48:47.899  6506  6634 I RobotCore: SHOOTER 2: 0
12-03 15:48:47.902  6506  6634 I RobotCore: SHOOTER time: 39401667
12-03 15:48:47.902  6506  6634 I RobotCore: SHOOTER 1: 0
12-03 15:48:47.902  6506  6634 I RobotCore: SHOOTER 2: 1
12-03 15:48:47.905  6506  6634 I RobotCore: SHOOTER time: 42026771
12-03 15:48:47.905  6506  6634 I RobotCore: SHOOTER 1: 0
12-03 15:48:47.905  6506  6634 I RobotCore: SHOOTER 2: 0
12-03 15:48:47.907  6506  6634 I RobotCore: SHOOTER time: 44633907
12-03 15:48:47.907  6506  6634 I RobotCore: SHOOTER 1: 1
12-03 15:48:47.907  6506  6634 I RobotCore: SHOOTER 2: 0
12-03 15:48:47.910  6506  6634 I RobotCore: SHOOTER time: 47235782
12-03 15:48:47.910  6506  6634 I RobotCore: SHOOTER 1: 0
12-03 15:48:47.910  6506  6634 I RobotCore: SHOOTER 2: 0
12-03 15:48:47.911  6506  6604 V Robocol : received command: CMD_RUN_OP_MODE_RESP(132) Shooter Test
12-03 15:48:47.912  6506  6634 I RobotCore: SHOOTER time: 49803282
12-03 15:48:47.912  6506  6634 I RobotCore: SHOOTER 1: 1
12-03 15:48:47.912  6506  6634 I RobotCore: SHOOTER 2: 0
12-03 15:48:47.915  6506  6634 I RobotCore: SHOOTER time: 52199532
12-03 15:48:47.915  6506  6634 I RobotCore: SHOOTER 1: 0
12-03 15:48:47.915  6506  6634 I RobotCore: SHOOTER 2: 0
12-03 15:48:47.918  6506  6634 I RobotCore: SHOOTER time: 55143646
12-03 15:48:47.918  6506  6634 I RobotCore: SHOOTER 1: 0
12-03 15:48:47.918  6506  6634 I RobotCore: SHOOTER 2: 1
12-03 15:48:47.920  6506  6634 I RobotCore: SHOOTER time: 57506146
12-03 15:48:47.920  6506  6634 I RobotCore: SHOOTER 1: 0
12-03 15:48:47.920  6506  6634 I RobotCore: SHOOTER 2: 0
12-03 15:48:47.923  6506  6634 I RobotCore: SHOOTER time: 60135000
12-03 15:48:47.923  6506  6634 I RobotCore: SHOOTER 1: 1
12-03 15:48:47.923  6506  6634 I RobotCore: SHOOTER 2: 0
12-03 15:48:47.925  6506  6634 I RobotCore: SHOOTER time: 62521042
12-03 15:48:47.925  6506  6634 I RobotCore: SHOOTER 1: 1
12-03 15:48:47.925  6506  6634 I RobotCore: SHOOTER 2: 0
12-03 15:48:47.928  6506  6634 I RobotCore: SHOOTER time: 65110157
12-03 15:48:47.928  6506  6634 I RobotCore: SHOOTER 1: 0
12-03 15:48:47.928  6506  6634 I RobotCore: SHOOTER 2: 0
12-03 15:48:47.930  6506  6634 I RobotCore: SHOOTER time: 67601615
12-03 15:48:47.930  6506  6634 I RobotCore: SHOOTER 1: 0
12-03 15:48:47.930  6506  6634 I RobotCore: SHOOTER 2: 1
12-03 15:48:47.932  6506  6634 I RobotCore: SHOOTER time: 69882813
12-03 15:48:47.932  6506  6634 I RobotCore: SHOOTER 1: 1
12-03 15:48:47.932  6506  6634 I RobotCore: SHOOTER 2: 0
12-03 15:48:47.935  6506  6634 I RobotCore: SHOOTER time: 72470521
12-03 15:48:47.935  6506  6634 I RobotCore: SHOOTER 1: 0
12-03 15:48:47.935  6506  6634 I RobotCore: SHOOTER 2: 0
12-03 15:48:47.937  6506  6634 I RobotCore: SHOOTER time: 74880104
12-03 15:48:47.937  6506  6634 I RobotCore: SHOOTER 1: 1
12-03 15:48:47.938  6506  6634 I RobotCore: SHOOTER 2: 1
12-03 15:48:47.940  6506  6634 I RobotCore: SHOOTER time: 77374011
12-03 15:48:47.940  6506  6634 I RobotCore: SHOOTER 1: 0
12-03 15:48:47.940  6506  6634 I RobotCore: SHOOTER 2: 0
12-03 15:48:47.942  6506  6634 I RobotCore: SHOOTER time: 79790261
12-03 15:48:47.942  6506  6634 I RobotCore: SHOOTER 1: 0
12-03 15:48:47.942  6506  6634 I RobotCore: SHOOTER 2: 0
12-03 15:48:47.945  6506  6634 I RobotCore: SHOOTER time: 82438229
12-03 15:48:47.945  6506  6634 I RobotCore: SHOOTER 1: 1
12-03 15:48:47.945  6506  6634 I RobotCore: SHOOTER 2: 1
12-03 15:48:47.948  6506  6634 I RobotCore: SHOOTER time: 84976302
12-03 15:48:47.948  6506  6634 I RobotCore: SHOOTER 1: 0
12-03 15:48:47.948  6506  6634 I RobotCore: SHOOTER 2: 0
12-03 15:48:47.950  6506  6634 I RobotCore: SHOOTER time: 87371563
12-03 15:48:47.950  6506  6634 I RobotCore: SHOOTER 1: 1
12-03 15:48:47.950  6506  6634 I RobotCore: SHOOTER 2: 0
12-03 15:48:47.952  6506  6634 I RobotCore: SHOOTER time: 89654115
12-03 15:48:47.952  6506  6634 I RobotCore: SHOOTER 1: 0
12-03 15:48:47.952  6506  6634 I RobotCore: SHOOTER 2: 0
12-03 15:48:47.955  6506  6634 I RobotCore: SHOOTER time: 92111875
12-03 15:48:47.955  6506  6634 I RobotCore: SHOOTER 1: 1
12-03 15:48:47.955  6506  6634 I RobotCore: SHOOTER 2: 1
12-03 15:48:47.958  6506  6634 I RobotCore: SHOOTER time: 95094271
12-03 15:48:47.958  6506  6634 I RobotCore: SHOOTER 1: 0
12-03 15:48:47.958  6506  6634 I RobotCore: SHOOTER 2: 1
12-03 15:48:47.960  6506  6634 I RobotCore: SHOOTER time: 97435886
12-03 15:48:47.960  6506  6634 I RobotCore: SHOOTER 1: 0
12-03 15:48:47.960  6506  6634 I RobotCore: SHOOTER 2: 0
12-03 15:48:47.962  6506  6634 I RobotCore: SHOOTER time: 99718802
12-03 15:48:47.962  6506  6634 I RobotCore: SHOOTER 1: 1
12-03 15:48:47.962  6506  6634 I RobotCore: SHOOTER 2: 0
12-03 15:48:47.965  6506  6634 I RobotCore: SHOOTER time: 102121459
12-03 15:48:47.965  6506  6634 I RobotCore: SHOOTER 1: 0
12-03 15:48:47.965  6506  6634 I RobotCore: SHOOTER 2: 0
12-03 15:48:47.969  6506  6634 I RobotCore: SHOOTER time: 106098021
12-03 15:48:47.969  6506  6634 I RobotCore: SHOOTER 1: 2
12-03 15:48:47.969  6506  6634 I RobotCore: SHOOTER 2: 2
12-03 15:48:47.972  6506  6634 I RobotCore: SHOOTER time: 109033125
12-03 15:48:47.972  6506  6634 I RobotCore: SHOOTER 1: 0
12-03 15:48:47.972  6506  6634 I RobotCore: SHOOTER 2: 0
12-03 15:48:47.974  6506  6634 I RobotCore: SHOOTER time: 111509271
12-03 15:48:47.974  6506  6634 I RobotCore: SHOOTER 1: 1
12-03 15:48:47.974  6506  6634 I RobotCore: SHOOTER 2: 0
12-03 15:48:47.976  6506  6634 I RobotCore: SHOOTER time: 113812917
12-03 15:48:47.976  6506  6634 I RobotCore: SHOOTER 1: 1
12-03 15:48:47.976  6506  6634 I RobotCore: SHOOTER 2: 1
12-03 15:48:47.979  6506  6634 I RobotCore: SHOOTER time: 116295886
12-03 15:48:47.979  6506  6634 I RobotCore: SHOOTER 1: 0
12-03 15:48:47.979  6506  6634 I RobotCore: SHOOTER 2: 0
12-03 15:48:47.981  6506  6634 I RobotCore: SHOOTER time: 118926094
12-03 15:48:47.982  6506  6634 I RobotCore: SHOOTER 1: 1
12-03 15:48:47.982  6506  6634 I RobotCore: SHOOTER 2: 1
12-03 15:48:47.984  6506  6634 I RobotCore: SHOOTER time: 121480938
12-03 15:48:47.984  6506  6634 I RobotCore: SHOOTER 1: 0
12-03 15:48:47.984  6506  6634 I RobotCore: SHOOTER 2: 0
12-03 15:48:47.986  6506  6634 I RobotCore: SHOOTER time: 123906667
12-03 15:48:47.986  6506  6634 I RobotCore: SHOOTER 1: 1
12-03 15:48:47.987  6506  6634 I RobotCore: SHOOTER 2: 1
12-03 15:48:47.989  6506  6634 I RobotCore: SHOOTER time: 126420573
12-03 15:48:47.989  6506  6634 I RobotCore: SHOOTER 1: 1
12-03 15:48:47.989  6506  6634 I RobotCore: SHOOTER 2: 1
12-03 15:48:47.991  6506  6634 I RobotCore: SHOOTER time: 128845365
12-03 15:48:47.991  6506  6634 I RobotCore: SHOOTER 1: 0
12-03 15:48:47.991  6506  6634 I RobotCore: SHOOTER 2: 0
12-03 15:48:47.994  6506  6634 I RobotCore: SHOOTER time: 131282709
12-03 15:48:47.994  6506  6634 I RobotCore: SHOOTER 1: 1
12-03 15:48:47.994  6506  6634 I RobotCore: SHOOTER 2: 0
12-03 15:48:47.996  6506  6634 I RobotCore: SHOOTER time: 133574427
12-03 15:48:47.996  6506  6634 I RobotCore: SHOOTER 1: 0
12-03 15:48:47.996  6506  6634 I RobotCore: SHOOTER 2: 0
12-03 15:48:47.999  6506  6634 I RobotCore: SHOOTER time: 136093646
12-03 15:48:47.999  6506  6634 I RobotCore: SHOOTER 1: 1
12-03 15:48:47.999  6506  6634 I RobotCore: SHOOTER 2: 1
12-03 15:48:48.001  6506  6634 I RobotCore: SHOOTER time: 138577709
12-03 15:48:48.001  6506  6634 I RobotCore: SHOOTER 1: 1
12-03 15:48:48.001  6506  6634 I RobotCore: SHOOTER 2: 1
12-03 15:48:48.003  6506  6634 I RobotCore: SHOOTER time: 140840052
12-03 15:48:48.003  6506  6634 I RobotCore: SHOOTER 1: 0
12-03 15:48:48.003  6506  6634 I RobotCore: SHOOTER 2: 0
12-03 15:48:48.006  6506  6634 I RobotCore: SHOOTER time: 143280677
12-03 15:48:48.006  6506  6634 I RobotCore: SHOOTER 1: 1
12-03 15:48:48.006  6506  6634 I RobotCore: SHOOTER 2: 1
12-03 15:48:48.008  6506  6634 I RobotCore: SHOOTER time: 145689219
12-03 15:48:48.008  6506  6634 I RobotCore: SHOOTER 1: 0
12-03 15:48:48.008  6506  6634 I RobotCore: SHOOTER 2: 0
12-03 15:48:48.011  6506  6634 I RobotCore: SHOOTER time: 148113177
12-03 15:48:48.011  6506  6634 I RobotCore: SHOOTER 1: 2
12-03 15:48:48.011  6506  6634 I RobotCore: SHOOTER 2: 1
12-03 15:48:48.013  6506  6634 I RobotCore: SHOOTER time: 150626511
12-03 15:48:48.013  6506  6634 I RobotCore: SHOOTER 1: 1
12-03 15:48:48.013  6506  6634 I RobotCore: SHOOTER 2: 1
12-03 15:48:48.016  6506  6634 I RobotCore: SHOOTER time: 153223073
12-03 15:48:48.016  6506  6634 I RobotCore: SHOOTER 1: 0
12-03 15:48:48.016  6506  6634 I RobotCore: SHOOTER 2: 0
12-03 15:48:48.018  6506  6634 I RobotCore: SHOOTER time: 155635625
12-03 15:48:48.018  6506  6634 I RobotCore: SHOOTER 1: 1
12-03 15:48:48.018  6506  6634 I RobotCore: SHOOTER 2: 1
12-03 15:48:48.021  6506  6634 I RobotCore: SHOOTER time: 158148490
12-03 15:48:48.021  6506  6634 I RobotCore: SHOOTER 1: 1
12-03 15:48:48.021  6506  6634 I RobotCore: SHOOTER 2: 1
12-03 15:48:48.023  6506  6634 I RobotCore: SHOOTER time: 160556823
12-03 15:48:48.023  6506  6634 I RobotCore: SHOOTER 1: 0
12-03 15:48:48.023  6506  6634 I RobotCore: SHOOTER 2: 0
12-03 15:48:48.025  6506  6634 I RobotCore: SHOOTER time: 162946094
12-03 15:48:48.026  6506  6634 I RobotCore: SHOOTER 1: 1
12-03 15:48:48.026  6506  6634 I RobotCore: SHOOTER 2: 1
12-03 15:48:48.028  6506  6634 I RobotCore: SHOOTER time: 165418802
12-03 15:48:48.028  6506  6634 I RobotCore: SHOOTER 1: 0
12-03 15:48:48.028  6506  6634 I RobotCore: SHOOTER 2: 0
12-03 15:48:48.031  6506  6634 I RobotCore: SHOOTER time: 168084323
12-03 15:48:48.031  6506  6634 I RobotCore: SHOOTER 1: 2
12-03 15:48:48.031  6506  6634 I RobotCore: SHOOTER 2: 1
12-03 15:48:48.033  6506  6634 I RobotCore: SHOOTER time: 170537396
12-03 15:48:48.033  6506  6634 I RobotCore: SHOOTER 1: 1
12-03 15:48:48.033  6506  6634 I RobotCore: SHOOTER 2: 1
12-03 15:48:48.035  6506  6634 I RobotCore: SHOOTER time: 172898959
12-03 15:48:48.035  6506  6634 I RobotCore: SHOOTER 1: 0
12-03 15:48:48.036  6506  6634 I RobotCore: SHOOTER 2: 0
12-03 15:48:48.038  6506  6634 I RobotCore: SHOOTER time: 175334427
12-03 15:48:48.038  6506  6634 I RobotCore: SHOOTER 1: 1
12-03 15:48:48.038  6506  6634 I RobotCore: SHOOTER 2: 1
12-03 15:48:48.040  6506  6634 I RobotCore: SHOOTER time: 177590157
12-03 15:48:48.040  6506  6634 I RobotCore: SHOOTER 1: 0
12-03 15:48:48.040  6506  6634 I RobotCore: SHOOTER 2: 0
12-03 15:48:48.042  6506  6634 I RobotCore: SHOOTER time: 179876302
12-03 15:48:48.042  6506  6634 I RobotCore: SHOOTER 1: 2
12-03 15:48:48.042  6506  6634 I RobotCore: SHOOTER 2: 1
12-03 15:48:48.045  6506  6634 I RobotCore: SHOOTER time: 182176563
12-03 15:48:48.045  6506  6634 I RobotCore: SHOOTER 1: 1
12-03 15:48:48.045  6506  6634 I RobotCore: SHOOTER 2: 1
12-03 15:48:48.047  6506  6634 I RobotCore: SHOOTER time: 184537188
12-03 15:48:48.047  6506  6634 I RobotCore: SHOOTER 1: 0
12-03 15:48:48.047  6506  6634 I RobotCore: SHOOTER 2: 0
12-03 15:48:48.050  6506  6634 I RobotCore: SHOOTER time: 187160573
12-03 15:48:48.050  6506  6634 I RobotCore: SHOOTER 1: 1
12-03 15:48:48.050  6506  6634 I RobotCore: SHOOTER 2: 2
12-03 15:48:48.052  6506  6634 I RobotCore: SHOOTER time: 189598750
12-03 15:48:48.052  6506  6634 I RobotCore: SHOOTER 1: 0
12-03 15:48:48.052  6506  6634 I RobotCore: SHOOTER 2: 0
12-03 15:48:48.055  6506  6634 I RobotCore: SHOOTER time: 192195469
12-03 15:48:48.055  6506  6634 I RobotCore: SHOOTER 1: 2
12-03 15:48:48.055  6506  6634 I RobotCore: SHOOTER 2: 1
12-03 15:48:48.057  6506  6634 I RobotCore: SHOOTER time: 194562969
12-03 15:48:48.057  6506  6634 I RobotCore: SHOOTER 1: 1
12-03 15:48:48.057  6506  6634 I RobotCore: SHOOTER 2: 1
12-03 15:48:48.059  6506  6634 I RobotCore: SHOOTER time: 196911250
12-03 15:48:48.060  6506  6634 I RobotCore: SHOOTER 1: 0
12-03 15:48:48.060  6506  6634 I RobotCore: SHOOTER 2: 0
12-03 15:48:48.062  6506  6634 I RobotCore: SHOOTER time: 199638125
12-03 15:48:48.062  6506  6634 I RobotCore: SHOOTER 1: 2
12-03 15:48:48.062  6506  6634 I RobotCore: SHOOTER 2: 1
12-03 15:48:48.065  6506  6634 I RobotCore: SHOOTER time: 202041615
12-03 15:48:48.065  6506  6634 I RobotCore: SHOOTER 1: 1
12-03 15:48:48.065  6506  6634 I RobotCore: SHOOTER 2: 2
12-03 15:48:48.067  6506  6634 I RobotCore: SHOOTER time: 204426094
12-03 15:48:48.067  6506  6634 I RobotCore: SHOOTER 1: 0
12-03 15:48:48.067  6506  6634 I RobotCore: SHOOTER 2: 0
12-03 15:48:48.069  6506  6634 I RobotCore: SHOOTER time: 206869532
12-03 15:48:48.069  6506  6634 I RobotCore: SHOOTER 1: 1
12-03 15:48:48.069  6506  6634 I RobotCore: SHOOTER 2: 1
12-03 15:48:48.072  6506  6634 I RobotCore: SHOOTER time: 209426771
12-03 15:48:48.072  6506  6634 I RobotCore: SHOOTER 1: 0
12-03 15:48:48.072  6506  6634 I RobotCore: SHOOTER 2: 0
12-03 15:48:48.074  6506  6634 I RobotCore: SHOOTER time: 211915365
12-03 15:48:48.074  6506  6634 I RobotCore: SHOOTER 1: 2
12-03 15:48:48.075  6506  6634 I RobotCore: SHOOTER 2: 1
12-03 15:48:48.077  6506  6634 I RobotCore: SHOOTER time: 214342552
12-03 15:48:48.077  6506  6634 I RobotCore: SHOOTER 1: 2
12-03 15:48:48.077  6506  6634 I RobotCore: SHOOTER 2: 1
12-03 15:48:48.079  6506  6634 I RobotCore: SHOOTER time: 216648073
12-03 15:48:48.079  6506  6634 I RobotCore: SHOOTER 1: 0
12-03 15:48:48.079  6506  6634 I RobotCore: SHOOTER 2: 0
12-03 15:48:48.082  6506  6634 I RobotCore: SHOOTER time: 219061927
12-03 15:48:48.082  6506  6634 I RobotCore: SHOOTER 1: 1
12-03 15:48:48.082  6506  6634 I RobotCore: SHOOTER 2: 2
12-03 15:48:48.084  6506  6634 I RobotCore: SHOOTER time: 221378177
12-03 15:48:48.084  6506  6634 I RobotCore: SHOOTER 1: 0
12-03 15:48:48.084  6506  6634 I RobotCore: SHOOTER 2: 0
12-03 15:48:48.086  6506  6634 I RobotCore: SHOOTER time: 223639323
12-03 15:48:48.086  6506  6634 I RobotCore: SHOOTER 1: 1
12-03 15:48:48.086  6506  6634 I RobotCore: SHOOTER 2: 1
12-03 15:48:48.089  6506  6634 I RobotCore: SHOOTER time: 226166719
12-03 15:48:48.089  6506  6634 I RobotCore: SHOOTER 1: 2
12-03 15:48:48.089  6506  6634 I RobotCore: SHOOTER 2: 1
12-03 15:48:48.091  6506  6634 I RobotCore: SHOOTER time: 228686927
12-03 15:48:48.091  6506  6634 I RobotCore: SHOOTER 1: 0
12-03 15:48:48.091  6506  6634 I RobotCore: SHOOTER 2: 0
12-03 15:48:48.094  6506  6634 I RobotCore: SHOOTER time: 231071667
12-03 15:48:48.094  6506  6634 I RobotCore: SHOOTER 1: 2
12-03 15:48:48.094  6506  6634 I RobotCore: SHOOTER 2: 2
12-03 15:48:48.096  6506  6634 I RobotCore: SHOOTER time: 233414427
12-03 15:48:48.096  6506  6634 I RobotCore: SHOOTER 1: 0
12-03 15:48:48.096  6506  6634 I RobotCore: SHOOTER 2: 0
12-03 15:48:48.099  6506  6634 I RobotCore: SHOOTER time: 236090729
12-03 15:48:48.099  6506  6634 I RobotCore: SHOOTER 1: 1
12-03 15:48:48.099  6506  6634 I RobotCore: SHOOTER 2: 1
12-03 15:48:48.102  6506  6634 I RobotCore: SHOOTER time: 239135677
12-03 15:48:48.102  6506  6634 I RobotCore: SHOOTER 1: 2
12-03 15:48:48.102  6506  6634 I RobotCore: SHOOTER 2: 1
12-03 15:48:48.104  6506  6634 I RobotCore: SHOOTER time: 241429063
12-03 15:48:48.104  6506  6634 I RobotCore: SHOOTER 1: 0
12-03 15:48:48.104  6506  6634 I RobotCore: SHOOTER 2: 0
12-03 15:48:48.107  6506  6634 I RobotCore: SHOOTER time: 244097396
12-03 15:48:48.107  6506  6634 I RobotCore: SHOOTER 1: 1
12-03 15:48:48.107  6506  6634 I RobotCore: SHOOTER 2: 2
12-03 15:48:48.110  6506  6634 I RobotCore: SHOOTER time: 247177084
12-03 15:48:48.110  6506  6634 I RobotCore: SHOOTER 1: 2
12-03 15:48:48.110  6506  6634 I RobotCore: SHOOTER 2: 1
12-03 15:48:48.112  6506  6634 I RobotCore: SHOOTER time: 249527657
12-03 15:48:48.112  6506  6634 I RobotCore: SHOOTER 1: 0
12-03 15:48:48.112  6506  6634 I RobotCore: SHOOTER 2: 0
12-03 15:48:48.115  6506  6634 I RobotCore: SHOOTER time: 252272084
12-03 15:48:48.115  6506  6634 I RobotCore: SHOOTER 1: 2
12-03 15:48:48.115  6506  6634 I RobotCore: SHOOTER 2: 2
12-03 15:48:48.118  6506  6634 I RobotCore: SHOOTER time: 255099011
12-03 15:48:48.118  6506  6634 I RobotCore: SHOOTER 1: 2
12-03 15:48:48.118  6506  6634 I RobotCore: SHOOTER 2: 1
12-03 15:48:48.120  6506  6634 I RobotCore: SHOOTER time: 257543490
12-03 15:48:48.120  6506  6634 I RobotCore: SHOOTER 1: 0
12-03 15:48:48.120  6506  6634 I RobotCore: SHOOTER 2: 0
12-03 15:48:48.123  6506  6634 I RobotCore: SHOOTER time: 260199427
12-03 15:48:48.123  6506  6634 I RobotCore: SHOOTER 1: 1
12-03 15:48:48.123  6506  6634 I RobotCore: SHOOTER 2: 2
12-03 15:48:48.126  6506  6634 I RobotCore: SHOOTER time: 263107240
12-03 15:48:48.126  6506  6634 I RobotCore: SHOOTER 1: 2
12-03 15:48:48.126  6506  6634 I RobotCore: SHOOTER 2: 1
12-03 15:48:48.128  6506  6634 I RobotCore: SHOOTER time: 265546094
12-03 15:48:48.128  6506  6634 I RobotCore: SHOOTER 1: 0
12-03 15:48:48.128  6506  6634 I RobotCore: SHOOTER 2: 0
12-03 15:48:48.131  6506  6634 I RobotCore: SHOOTER time: 268197604
12-03 15:48:48.131  6506  6634 I RobotCore: SHOOTER 1: 2
12-03 15:48:48.131  6506  6634 I RobotCore: SHOOTER 2: 2
12-03 15:48:48.134  6506  6634 I RobotCore: SHOOTER time: 271100573
12-03 15:48:48.134  6506  6634 I RobotCore: SHOOTER 1: 2
12-03 15:48:48.134  6506  6634 I RobotCore: SHOOTER 2: 1
12-03 15:48:48.136  6506  6634 I RobotCore: SHOOTER time: 273661042
12-03 15:48:48.136  6506  6634 I RobotCore: SHOOTER 1: 0
12-03 15:48:48.136  6506  6634 I RobotCore: SHOOTER 2: 0
12-03 15:48:48.139  6506  6634 I RobotCore: SHOOTER time: 276196250
12-03 15:48:48.139  6506  6634 I RobotCore: SHOOTER 1: 1
12-03 15:48:48.139  6506  6634 I RobotCore: SHOOTER 2: 2
12-03 15:48:48.142  6506  6634 I RobotCore: SHOOTER time: 279175261
12-03 15:48:48.142  6506  6634 I RobotCore: SHOOTER 1: 2
12-03 15:48:48.142  6506  6634 I RobotCore: SHOOTER 2: 2
12-03 15:48:48.144  6506  6634 I RobotCore: SHOOTER time: 281531875
12-03 15:48:48.144  6506  6634 I RobotCore: SHOOTER 1: 0
12-03 15:48:48.144  6506  6634 I RobotCore: SHOOTER 2: 0
12-03 15:48:48.147  6506  6634 I RobotCore: SHOOTER time: 284096302
12-03 15:48:48.147  6506  6634 I RobotCore: SHOOTER 1: 2
12-03 15:48:48.147  6506  6634 I RobotCore: SHOOTER 2: 1
12-03 15:48:48.150  6506  6634 I RobotCore: SHOOTER time: 287102240
12-03 15:48:48.150  6506  6634 I RobotCore: SHOOTER 1: 2
12-03 15:48:48.150  6506  6634 I RobotCore: SHOOTER 2: 2
12-03 15:48:48.152  6506  6634 I RobotCore: SHOOTER time: 289533646
12-03 15:48:48.152  6506  6634 I RobotCore: SHOOTER 1: 0
12-03 15:48:48.152  6506  6634 I RobotCore: SHOOTER 2: 0
12-03 15:48:48.155  6506  6634 I RobotCore: SHOOTER time: 292056406
12-03 15:48:48.155  6506  6634 I RobotCore: SHOOTER 1: 1
12-03 15:48:48.155  6506  6634 I RobotCore: SHOOTER 2: 1
12-03 15:48:48.157  6506  6634 I RobotCore: SHOOTER time: 294450156
12-03 15:48:48.157  6506  6634 I RobotCore: SHOOTER 1: 2
12-03 15:48:48.157  6506  6634 I RobotCore: SHOOTER 2: 2
12-03 15:48:48.160  6506  6634 I RobotCore: SHOOTER time: 296970000
12-03 15:48:48.160  6506  6634 I RobotCore: SHOOTER 1: 0
12-03 15:48:48.160  6506  6634 I RobotCore: SHOOTER 2: 0
12-03 15:48:48.162  6506  6634 I RobotCore: SHOOTER time: 299273698
12-03 15:48:48.162  6506  6634 I RobotCore: SHOOTER 1: 2
12-03 15:48:48.162  6506  6634 I RobotCore: SHOOTER 2: 1
12-03 15:48:48.164  6506  6634 I RobotCore: SHOOTER time: 301674011
12-03 15:48:48.164  6506  6634 I RobotCore: SHOOTER 1: 0
12-03 15:48:48.164  6506  6634 I RobotCore: SHOOTER 2: 0
12-03 15:48:48.167  6506  6634 I RobotCore: SHOOTER time: 304160625
12-03 15:48:48.167  6506  6634 I RobotCore: SHOOTER 1: 2
12-03 15:48:48.167  6506  6634 I RobotCore: SHOOTER 2: 2
12-03 15:48:48.169  6506  6634 I RobotCore: SHOOTER time: 306581615
12-03 15:48:48.169  6506  6634 I RobotCore: SHOOTER 1: 2
12-03 15:48:48.169  6506  6634 I RobotCore: SHOOTER 2: 2
12-03 15:48:48.172  6506  6634 I RobotCore: SHOOTER time: 309147604
12-03 15:48:48.172  6506  6634 I RobotCore: SHOOTER 1: 0
12-03 15:48:48.172  6506  6634 I RobotCore: SHOOTER 2: 0
12-03 15:48:48.174  6506  6634 I RobotCore: SHOOTER time: 311566771
12-03 15:48:48.174  6506  6634 I RobotCore: SHOOTER 1: 2
12-03 15:48:48.174  6506  6634 I RobotCore: SHOOTER 2: 2
12-03 15:48:48.177  6506  6634 I RobotCore: SHOOTER time: 314085938
12-03 15:48:48.177  6506  6634 I RobotCore: SHOOTER 1: 2
12-03 15:48:48.177  6506  6634 I RobotCore: SHOOTER 2: 1
12-03 15:48:48.179  6506  6634 I RobotCore: SHOOTER time: 316513177
12-03 15:48:48.179  6506  6634 I RobotCore: SHOOTER 1: 0
12-03 15:48:48.179  6506  6634 I RobotCore: SHOOTER 2: 0
12-03 15:48:48.181  6506  6634 I RobotCore: SHOOTER time: 318934479
12-03 15:48:48.182  6506  6634 I RobotCore: SHOOTER 1: 2
12-03 15:48:48.182  6506  6634 I RobotCore: SHOOTER 2: 2
12-03 15:48:48.184  6506  6634 I RobotCore: SHOOTER time: 321457136
12-03 15:48:48.184  6506  6634 I RobotCore: SHOOTER 1: 0
12-03 15:48:48.184  6506  6634 I RobotCore: SHOOTER 2: 0
12-03 15:48:48.186  6506  6634 I RobotCore: SHOOTER time: 323877552
12-03 15:48:48.186  6506  6634 I RobotCore: SHOOTER 1: 1
12-03 15:48:48.186  6506  6634 I RobotCore: SHOOTER 2: 2
12-03 15:48:48.189  6506  6634 I RobotCore: SHOOTER time: 326160000
12-03 15:48:48.189  6506  6634 I RobotCore: SHOOTER 1: 3
12-03 15:48:48.189  6506  6634 I RobotCore: SHOOTER 2: 2
12-03 15:48:48.191  6506  6634 I RobotCore: SHOOTER time: 328566094
12-03 15:48:48.191  6506  6634 I RobotCore: SHOOTER 1: 0
12-03 15:48:48.191  6506  6634 I RobotCore: SHOOTER 2: 0
12-03 15:48:48.194  6506  6634 I RobotCore: SHOOTER time: 331060209
12-03 15:48:48.194  6506  6634 I RobotCore: SHOOTER 1: 2
12-03 15:48:48.194  6506  6634 I RobotCore: SHOOTER 2: 1
12-03 15:48:48.196  6506  6634 I RobotCore: SHOOTER time: 333427552
12-03 15:48:48.196  6506  6634 I RobotCore: SHOOTER 1: 0
12-03 15:48:48.196  6506  6634 I RobotCore: SHOOTER 2: 0
12-03 15:48:48.198  6506  6634 I RobotCore: SHOOTER time: 335835834
12-03 15:48:48.198  6506  6634 I RobotCore: SHOOTER 1: 1
12-03 15:48:48.198  6506  6634 I RobotCore: SHOOTER 2: 2
12-03 15:48:48.201  6506  6634 I RobotCore: SHOOTER time: 338136302
12-03 15:48:48.201  6506  6634 I RobotCore: SHOOTER 1: 0
12-03 15:48:48.201  6506  6634 I RobotCore: SHOOTER 2: 0
12-03 15:48:48.203  6506  6634 I RobotCore: SHOOTER time: 340571042
12-03 15:48:48.203  6506  6634 I RobotCore: SHOOTER 1: 3
12-03 15:48:48.203  6506  6634 I RobotCore: SHOOTER 2: 2
12-03 15:48:48.205  6506  6634 I RobotCore: SHOOTER time: 342914688
12-03 15:48:48.205  6506  6634 I RobotCore: SHOOTER 1: 2
12-03 15:48:48.206  6506  6634 I RobotCore: SHOOTER 2: 2
12-03 15:48:48.208  6506  6634 I RobotCore: SHOOTER time: 345511823
12-03 15:48:48.208  6506  6634 I RobotCore: SHOOTER 1: 0
12-03 15:48:48.208  6506  6634 I RobotCore: SHOOTER 2: 0
12-03 15:48:48.210  6506  6634 I RobotCore: SHOOTER time: 347744896
12-03 15:48:48.210  6506  6634 I RobotCore: SHOOTER 1: 2
12-03 15:48:48.210  6506  6634 I RobotCore: SHOOTER 2: 2
12-03 15:48:48.213  6506  6634 I RobotCore: SHOOTER time: 349979688
12-03 15:48:48.213  6506  6634 I RobotCore: SHOOTER 1: 2
12-03 15:48:48.213  6506  6634 I RobotCore: SHOOTER 2: 1
12-03 15:48:48.215  6506  6634 I RobotCore: SHOOTER time: 352246406
12-03 15:48:48.215  6506  6634 I RobotCore: SHOOTER 1: 0
12-03 15:48:48.215  6506  6634 I RobotCore: SHOOTER 2: 0
12-03 15:48:48.217  6506  6634 I RobotCore: SHOOTER time: 354863177
12-03 15:48:48.217  6506  6634 I RobotCore: SHOOTER 1: 0
12-03 15:48:48.217  6506  6634 I RobotCore: SHOOTER 2: 0
12-03 15:48:48.220  6506  6634 I RobotCore: SHOOTER time: 357230313
12-03 15:48:48.220  6506  6634 I RobotCore: SHOOTER 1: 0
12-03 15:48:48.220  6506  6634 I RobotCore: SHOOTER 2: 2
12-03 15:48:48.223  6506  6634 I RobotCore: SHOOTER time: 360078490
12-03 15:48:48.223  6506  6634 I RobotCore: SHOOTER 1: 2
12-03 15:48:48.223  6506  6634 I RobotCore: SHOOTER 2: 0
12-03 15:48:48.225  6506  6634 I RobotCore: SHOOTER time: 362332448
12-03 15:48:48.225  6506  6634 I RobotCore: SHOOTER 1: 4
12-03 15:48:48.225  6506  6634 I RobotCore: SHOOTER 2: 4
12-03 15:48:48.227  6506  6634 I RobotCore: SHOOTER time: 364556823
12-03 15:48:48.227  6506  6634 I RobotCore: SHOOTER 1: 0
12-03 15:48:48.227  6506  6634 I RobotCore: SHOOTER 2: 0
12-03 15:48:48.230  6506  6634 I RobotCore: SHOOTER time: 367429844
12-03 15:48:48.230  6506  6634 I RobotCore: SHOOTER 1: 2
12-03 15:48:48.230  6506  6634 I RobotCore: SHOOTER 2: 2
12-03 15:48:48.232  6506  6634 I RobotCore: SHOOTER time: 369880938
12-03 15:48:48.232  6506  6634 I RobotCore: SHOOTER 1: 2
12-03 15:48:48.232  6506  6634 I RobotCore: SHOOTER 2: 2
12-03 15:48:48.235  6506  6634 I RobotCore: SHOOTER time: 372258646
12-03 15:48:48.235  6506  6634 I RobotCore: SHOOTER 1: 0
12-03 15:48:48.235  6506  6634 I RobotCore: SHOOTER 2: 0
12-03 15:48:48.237  6506  6634 I RobotCore: SHOOTER time: 374713125
12-03 15:48:48.237  6506  6634 I RobotCore: SHOOTER 1: 2
12-03 15:48:48.237  6506  6634 I RobotCore: SHOOTER 2: 2
12-03 15:48:48.240  6506  6634 I RobotCore: SHOOTER time: 376988854
12-03 15:48:48.240  6506  6634 I RobotCore: SHOOTER 1: 0
12-03 15:48:48.240  6506  6634 I RobotCore: SHOOTER 2: 0
12-03 15:48:48.242  6506  6634 I RobotCore: SHOOTER time: 379249271
12-03 15:48:48.242  6506  6634 I RobotCore: SHOOTER 1: 2
12-03 15:48:48.242  6506  6634 I RobotCore: SHOOTER 2: 2
12-03 15:48:48.244  6506  6634 I RobotCore: SHOOTER time: 381621406
12-03 15:48:48.244  6506  6634 I RobotCore: SHOOTER 1: 0
12-03 15:48:48.244  6506  6634 I RobotCore: SHOOTER 2: 1
12-03 15:48:48.246  6506  6634 I RobotCore: SHOOTER time: 383957969
12-03 15:48:48.247  6506  6634 I RobotCore: SHOOTER 1: 2
12-03 15:48:48.247  6506  6634 I RobotCore: SHOOTER 2: 0
12-03 15:48:48.250  6506  6634 I RobotCore: SHOOTER time: 387270677
12-03 15:48:48.250  6506  6634 I RobotCore: SHOOTER 1: 3
12-03 15:48:48.250  6506  6634 I RobotCore: SHOOTER 2: 2
12-03 15:48:48.252  6506  6634 I RobotCore: SHOOTER time: 389629479
12-03 15:48:48.252  6506  6634 I RobotCore: SHOOTER 1: 0
12-03 15:48:48.252  6506  6634 I RobotCore: SHOOTER 2: 0
12-03 15:48:48.255  6506  6634 I RobotCore: SHOOTER time: 392067604
12-03 15:48:48.255  6506  6634 I RobotCore: SHOOTER 1: 2
12-03 15:48:48.255  6506  6634 I RobotCore: SHOOTER 2: 2
12-03 15:48:48.257  6506  6634 I RobotCore: SHOOTER time: 394446511
12-03 15:48:48.257  6506  6634 I RobotCore: SHOOTER 1: 2
12-03 15:48:48.257  6506  6634 I RobotCore: SHOOTER 2: 2
12-03 15:48:48.259  6506  6634 I RobotCore: SHOOTER time: 396933125
12-03 15:48:48.259  6506  6634 I RobotCore: SHOOTER 1: 0
12-03 15:48:48.260  6506  6634 I RobotCore: SHOOTER 2: 0
12-03 15:48:48.262  6506  6634 I RobotCore: SHOOTER time: 399305677
12-03 15:48:48.262  6506  6634 I RobotCore: SHOOTER 1: 2
12-03 15:48:48.262  6506  6634 I RobotCore: SHOOTER 2: 2
12-03 15:48:48.264  6506  6634 I RobotCore: SHOOTER time: 401650573
12-03 15:48:48.264  6506  6634 I RobotCore: SHOOTER 1: 2
12-03 15:48:48.264  6506  6634 I RobotCore: SHOOTER 2: 2
12-03 15:48:48.266  6506  6634 I RobotCore: SHOOTER time: 403900156
12-03 15:48:48.266  6506  6634 I RobotCore: SHOOTER 1: 0
12-03 15:48:48.266  6506  6634 I RobotCore: SHOOTER 2: 0
12-03 15:48:48.269  6506  6634 I RobotCore: SHOOTER time: 406331615
12-03 15:48:48.269  6506  6634 I RobotCore: SHOOTER 1: 3
12-03 15:48:48.269  6506  6634 I RobotCore: SHOOTER 2: 2
12-03 15:48:48.271  6506  6634 I RobotCore: SHOOTER time: 408817604
12-03 15:48:48.271  6506  6634 I RobotCore: SHOOTER 1: 0
12-03 15:48:48.271  6506  6634 I RobotCore: SHOOTER 2: 0
12-03 15:48:48.274  6506  6634 I RobotCore: SHOOTER time: 411185469
12-03 15:48:48.274  6506  6634 I RobotCore: SHOOTER 1: 2
12-03 15:48:48.274  6506  6634 I RobotCore: SHOOTER 2: 2
12-03 15:48:48.276  6506  6634 I RobotCore: SHOOTER time: 413610261
12-03 15:48:48.276  6506  6634 I RobotCore: SHOOTER 1: 0
12-03 15:48:48.276  6506  6634 I RobotCore: SHOOTER 2: 0
12-03 15:48:48.279  6506  6634 I RobotCore: SHOOTER time: 416089479
12-03 15:48:48.279  6506  6634 I RobotCore: SHOOTER 1: 2
12-03 15:48:48.279  6506  6634 I RobotCore: SHOOTER 2: 2
12-03 15:48:48.281  6506  6634 I RobotCore: SHOOTER time: 418479792
12-03 15:48:48.281  6506  6634 I RobotCore: SHOOTER 1: 2
12-03 15:48:48.281  6506  6634 I RobotCore: SHOOTER 2: 2
12-03 15:48:48.283  6506  6634 I RobotCore: SHOOTER time: 420970834
12-03 15:48:48.284  6506  6634 I RobotCore: SHOOTER 1: 0
12-03 15:48:48.284  6506  6634 I RobotCore: SHOOTER 2: 0
12-03 15:48:48.286  6506  6634 I RobotCore: SHOOTER time: 423378177
12-03 15:48:48.286  6506  6634 I RobotCore: SHOOTER 1: 3
12-03 15:48:48.286  6506  6634 I RobotCore: SHOOTER 2: 2
12-03 15:48:48.288  6506  6634 I RobotCore: SHOOTER time: 425735729
12-03 15:48:48.288  6506  6634 I RobotCore: SHOOTER 1: 2
12-03 15:48:48.288  6506  6634 I RobotCore: SHOOTER 2: 2
12-03 15:48:48.290  6506  6634 I RobotCore: SHOOTER time: 427963438
12-03 15:48:48.291  6506  6634 I RobotCore: SHOOTER 1: 0
12-03 15:48:48.291  6506  6634 I RobotCore: SHOOTER 2: 0
12-03 15:48:48.293  6506  6634 I RobotCore: SHOOTER time: 430320625
12-03 15:48:48.293  6506  6634 I RobotCore: SHOOTER 1: 2
12-03 15:48:48.293  6506  6634 I RobotCore: SHOOTER 2: 2
12-03 15:48:48.295  6506  6634 I RobotCore: SHOOTER time: 432574636
12-03 15:48:48.295  6506  6634 I RobotCore: SHOOTER 1: 0
12-03 15:48:48.295  6506  6634 I RobotCore: SHOOTER 2: 0
12-03 15:48:48.299  6506  6634 I RobotCore: SHOOTER time: 436084427
12-03 15:48:48.299  6506  6634 I RobotCore: SHOOTER 1: 3
12-03 15:48:48.299  6506  6634 I RobotCore: SHOOTER 2: 3
12-03 15:48:48.301  6506  6634 I RobotCore: SHOOTER time: 438519375
12-03 15:48:48.301  6506  6634 I RobotCore: SHOOTER 1: 2
12-03 15:48:48.301  6506  6634 I RobotCore: SHOOTER 2: 2
12-03 15:48:48.303  6506  6634 I RobotCore: SHOOTER time: 440757709
12-03 15:48:48.303  6506  6634 I RobotCore: SHOOTER 1: 0
12-03 15:48:48.303  6506  6634 I RobotCore: SHOOTER 2: 0
12-03 15:48:48.306  6506  6634 I RobotCore: SHOOTER time: 443093073
12-03 15:48:48.306  6506  6634 I RobotCore: SHOOTER 1: 2
12-03 15:48:48.306  6506  6634 I RobotCore: SHOOTER 2: 2
12-03 15:48:48.308  6506  6634 I RobotCore: SHOOTER time: 445461511
12-03 15:48:48.308  6506  6634 I RobotCore: SHOOTER 1: 2
12-03 15:48:48.308  6506  6634 I RobotCore: SHOOTER 2: 2
12-03 15:48:48.310  6506  6634 I RobotCore: SHOOTER time: 447851459
12-03 15:48:48.310  6506  6634 I RobotCore: SHOOTER 1: 0
12-03 15:48:48.310  6506  6634 I RobotCore: SHOOTER 2: 0
12-03 15:48:48.313  6506  6634 I RobotCore: SHOOTER time: 450221511
12-03 15:48:48.313  6506  6634 I RobotCore: SHOOTER 1: 3
12-03 15:48:48.313  6506  6634 I RobotCore: SHOOTER 2: 2
12-03 15:48:48.315  6506  6634 I RobotCore: SHOOTER time: 452473125
12-03 15:48:48.315  6506  6634 I RobotCore: SHOOTER 1: 0
12-03 15:48:48.315  6506  6634 I RobotCore: SHOOTER 2: 0
12-03 15:48:48.318  6506  6634 I RobotCore: SHOOTER time: 455086615
12-03 15:48:48.318  6506  6634 I RobotCore: SHOOTER 1: 3
12-03 15:48:48.318  6506  6634 I RobotCore: SHOOTER 2: 2
12-03 15:48:48.320  6506  6634 I RobotCore: SHOOTER time: 457391146
12-03 15:48:48.320  6506  6634 I RobotCore: SHOOTER 1: 0
12-03 15:48:48.320  6506  6634 I RobotCore: SHOOTER 2: 0
12-03 15:48:48.323  6506  6634 I RobotCore: SHOOTER time: 460071719
12-03 15:48:48.323  6506  6634 I RobotCore: SHOOTER 1: 2
12-03 15:48:48.323  6506  6634 I RobotCore: SHOOTER 2: 2
12-03 15:48:48.325  6506  6634 I RobotCore: SHOOTER time: 462641042
12-03 15:48:48.325  6506  6634 I RobotCore: SHOOTER 1: 2
12-03 15:48:48.325  6506  6634 I RobotCore: SHOOTER 2: 2
12-03 15:48:48.328  6506  6634 I RobotCore: SHOOTER time: 465247084
12-03 15:48:48.328  6506  6634 I RobotCore: SHOOTER 1: 0
12-03 15:48:48.328  6506  6634 I RobotCore: SHOOTER 2: 0
12-03 15:48:48.331  6506  6634 I RobotCore: SHOOTER time: 468088021
12-03 15:48:48.331  6506  6634 I RobotCore: SHOOTER 1: 2
12-03 15:48:48.331  6506  6634 I RobotCore: SHOOTER 2: 2
12-03 15:48:48.334  6506  6634 I RobotCore: SHOOTER time: 471091927
12-03 15:48:48.334  6506  6634 I RobotCore: SHOOTER 1: 3
12-03 15:48:48.334  6506  6634 I RobotCore: SHOOTER 2: 3
12-03 15:48:48.336  6506  6634 I RobotCore: SHOOTER time: 473461459
12-03 15:48:48.336  6506  6634 I RobotCore: SHOOTER 1: 0
12-03 15:48:48.336  6506  6634 I RobotCore: SHOOTER 2: 0
12-03 15:48:48.339  6506  6634 I RobotCore: SHOOTER time: 476080209
12-03 15:48:48.339  6506  6634 I RobotCore: SHOOTER 1: 2
12-03 15:48:48.339  6506  6634 I RobotCore: SHOOTER 2: 2
12-03 15:48:48.341  6506  6634 I RobotCore: SHOOTER time: 478353229
12-03 15:48:48.341  6506  6634 I RobotCore: SHOOTER 1: 3
12-03 15:48:48.341  6506  6634 I RobotCore: SHOOTER 2: 2
12-03 15:48:48.343  6506  6634 I RobotCore: SHOOTER time: 480615469
12-03 15:48:48.343  6506  6634 I RobotCore: SHOOTER 1: 0
12-03 15:48:48.343  6506  6634 I RobotCore: SHOOTER 2: 0
12-03 15:48:48.346  6506  6634 I RobotCore: SHOOTER time: 483146823
12-03 15:48:48.346  6506  6634 I RobotCore: SHOOTER 1: 2
12-03 15:48:48.346  6506  6634 I RobotCore: SHOOTER 2: 2
12-03 15:48:48.348  6506  6634 I RobotCore: SHOOTER time: 485572031
12-03 15:48:48.348  6506  6634 I RobotCore: SHOOTER 1: 0
12-03 15:48:48.348  6506  6634 I RobotCore: SHOOTER 2: 0
12-03 15:48:48.351  6506  6634 I RobotCore: SHOOTER time: 488246927
12-03 15:48:48.351  6506  6634 I RobotCore: SHOOTER 1: 2
12-03 15:48:48.351  6506  6634 I RobotCore: SHOOTER 2: 2
12-03 15:48:48.354  6506  6634 I RobotCore: SHOOTER time: 491089688
12-03 15:48:48.354  6506  6634 I RobotCore: SHOOTER 1: 3
12-03 15:48:48.354  6506  6634 I RobotCore: SHOOTER 2: 3
12-03 15:48:48.356  6506  6634 I RobotCore: SHOOTER time: 493510573
12-03 15:48:48.356  6506  6634 I RobotCore: SHOOTER 1: 2
12-03 15:48:48.356  6506  6634 I RobotCore: SHOOTER 2: 2
12-03 15:48:48.359  6506  6634 I RobotCore: SHOOTER time: 496162083
12-03 15:48:48.359  6506  6634 I RobotCore: SHOOTER 1: 0
12-03 15:48:48.359  6506  6634 I RobotCore: SHOOTER 2: 0
12-03 15:48:48.362  6506  6634 I RobotCore: SHOOTER time: 499091927
12-03 15:48:48.362  6506  6634 I RobotCore: SHOOTER 1: 3
12-03 15:48:48.362  6506  6634 I RobotCore: SHOOTER 2: 2
12-03 15:48:48.364  6506  6634 I RobotCore: SHOOTER time: 501407188
12-03 15:48:48.364  6506  6634 I RobotCore: SHOOTER 1: 0
12-03 15:48:48.364  6506  6634 I RobotCore: SHOOTER 2: 0
12-03 15:48:48.367  6506  6634 I RobotCore: SHOOTER time: 504094531
12-03 15:48:48.367  6506  6634 I RobotCore: SHOOTER 1: 2
12-03 15:48:48.367  6506  6634 I RobotCore: SHOOTER 2: 2
12-03 15:48:48.369  6506  6634 I RobotCore: SHOOTER time: 506603646
12-03 15:48:48.369  6506  6634 I RobotCore: SHOOTER 1: 3
12-03 15:48:48.369  6506  6634 I RobotCore: SHOOTER 2: 3
12-03 15:48:48.372  6506  6634 I RobotCore: SHOOTER time: 509074479
12-03 15:48:48.372  6506  6634 I RobotCore: SHOOTER 1: 0
12-03 15:48:48.372  6506  6634 I RobotCore: SHOOTER 2: 0
12-03 15:48:48.374  6506  6634 I RobotCore: SHOOTER time: 511336667
12-03 15:48:48.374  6506  6634 I RobotCore: SHOOTER 1: 3
12-03 15:48:48.374  6506  6634 I RobotCore: SHOOTER 2: 2
12-03 15:48:48.376  6506  6634 I RobotCore: SHOOTER time: 513713906
12-03 15:48:48.376  6506  6634 I RobotCore: SHOOTER 1: 0
12-03 15:48:48.376  6506  6634 I RobotCore: SHOOTER 2: 2
12-03 15:48:48.379  6506  6634 I RobotCore: SHOOTER time: 516110886
12-03 15:48:48.379  6506  6634 I RobotCore: SHOOTER 1: 2
12-03 15:48:48.379  6506  6634 I RobotCore: SHOOTER 2: 0
12-03 15:48:48.381  6506  6634 I RobotCore: SHOOTER time: 518508542
12-03 15:48:48.381  6506  6634 I RobotCore: SHOOTER 1: 3
12-03 15:48:48.381  6506  6634 I RobotCore: SHOOTER 2: 3
12-03 15:48:48.384  6506  6634 I RobotCore: SHOOTER time: 521017500
12-03 15:48:48.384  6506  6634 I RobotCore: SHOOTER 1: 0
12-03 15:48:48.384  6506  6634 I RobotCore: SHOOTER 2: 0
12-03 15:48:48.386  6506  6634 I RobotCore: SHOOTER time: 523461146
12-03 15:48:48.386  6506  6634 I RobotCore: SHOOTER 1: 2
12-03 15:48:48.386  6506  6634 I RobotCore: SHOOTER 2: 2
12-03 15:48:48.388  6506  6634 I RobotCore: SHOOTER time: 525876406
12-03 15:48:48.388  6506  6634 I RobotCore: SHOOTER 1: 3
12-03 15:48:48.388  6506  6634 I RobotCore: SHOOTER 2: 2
12-03 15:48:48.391  6506  6634 I RobotCore: SHOOTER time: 528302240
12-03 15:48:48.391  6506  6634 I RobotCore: SHOOTER 1: 0
12-03 15:48:48.391  6506  6634 I RobotCore: SHOOTER 2: 0
12-03 15:48:48.393  6506  6634 I RobotCore: SHOOTER time: 530661354
12-03 15:48:48.393  6506  6634 I RobotCore: SHOOTER 1: 2
