04-16 20:46:51.043  9922 10176 V RobotCore: EventLoopManager state is STOPPED
04-16 20:46:51.044  9922 10176 V Robocol : eventLoop=FtcEventLoop
04-16 20:46:51.044  9922 10176 V RobotCore: EventLoopManager state is INIT
04-16 20:46:51.044  9922 10176 V RobotCore: Robot Status: initializing, starting robot
04-16 20:46:51.045  9922 10176 I FIRST   : ======= INIT START =======
04-16 20:46:51.047  9922 10241 V RobotCore: thread: 'SetupRunnable.run()' starting...
04-16 20:46:51.062  9922 10176 D OpmodeRegistration: registered {MenusTest} as {MenusTest}
04-16 20:46:51.063  9922 10176 D OpmodeRegistration: registered {BlueAlternateCenter} as {BlueAlternateCenter}
04-16 20:46:51.063  9922 10176 D OpmodeRegistration: registered {BlueAlternateCorner} as {BlueAlternateCorner}
04-16 20:46:51.064  9922 10176 D OpmodeRegistration: registered {BlueStandardCenter} as {BlueStandardCenter}
04-16 20:46:51.064  9922 10176 D OpmodeRegistration: registered {BlueStandardCorner} as {BlueStandardCorner}
04-16 20:46:51.065  9922 10176 D OpmodeRegistration: registered {FinalTeleOp} as {FinalTeleOp}
04-16 20:46:51.065  9922 10176 D OpmodeRegistration: registered {RedAlternateCenter} as {RedAlternateCenter}
04-16 20:46:51.066  9922 10176 D OpmodeRegistration: registered {RedAlternateCorner} as {RedAlternateCorner}
04-16 20:46:51.067  9922 10176 D OpmodeRegistration: registered {RedStandardCenter} as {RedStandardCenter}
04-16 20:46:51.068  9922 10176 D OpmodeRegistration: registered {RedStandardCorner} as {RedStandardCorner}
04-16 20:46:51.085  9922 10176 V D2xx::  : Start constructor
04-16 20:46:51.090  9922 10176 V D2xx::  : End constructor
04-16 20:46:51.093  9922 10176 V RobotCore: Creating Modern Robotics USB Servo Controller [AL00VST0]
04-16 20:46:51.096  9922 10241 D Robocol : RobocolDatagramSocket listening addr=/192.168.49.1:20884 cbRec=65520 cbSend=163840 msRecTO=300
04-16 20:46:51.097  9922 10241 V Robocol : RecvLoopRunnable created
04-16 20:46:51.099  9922 10241 V PeerDiscovery: Starting peer discovery
04-16 20:46:51.100  9922 10241 V RobotCore: Setup complete
04-16 20:46:51.100  9922 10241 V RobotCore: thread: ...terminating 'SetupRunnable.run()'
04-16 20:46:51.101  9922 10243 V RobotCore: thread: 'RecvLoopRunnable.run()' starting...
04-16 20:46:51.102  9922 10176 D RobotCore: arming modern servo controller Modern Robotics USB Servo Controller [AL00VST0]...
04-16 20:46:51.104  9922 10176 W System.err: unable to find USB device with serial number AL00VST0
04-16 20:46:51.105  9922 10176 D RobotCore: arming modern servo controller Modern Robotics USB Servo Controller [AL00VST0] (pretend)...
04-16 20:46:51.108  9922 10176 V RobotCore: Starting up pretend device AL00VST0
04-16 20:46:51.112  9922 10245 V RobotCore: thread: 'r/w loop: Modern Robotics USB Servo Controller [AL00VST0]' starting...
04-16 20:46:51.112  9922 10176 D RobotCore: ...arming modern servo controller Modern Robotics USB Servo Controller [AL00VST0] complete
04-16 20:46:51.113  9922 10176 V RobotCore: Creating Modern Robotics USB Core Device Interface Module [AI02RHDJ]
04-16 20:46:51.120  9922 10176 W System.err: unable to find USB device with serial number AI02RHDJ
04-16 20:46:51.120  9922 10176 V RobotCore: Starting up pretend device AI02RHDJ
04-16 20:46:51.121  9922 10246 V RobotCore: thread: 'r/w loop: Modern Robotics USB Core Device Interface Module [AI02RHDJ]' starting...
04-16 20:46:51.122  9922 10176 V RobotCore: Creating I2C Device - Port: 2
04-16 20:46:51.122  9922 10176 V RobotCore: Creating Modern Robotics I2C Gyro Sensor - Port: 3
04-16 20:46:51.124  9922 10176 V RobotCore: Creating I2C Device - Port: 4
04-16 20:46:51.125  9922 10176 V RobotCore: Creating Modern Robotics Analog Optical Distance Sensor - Port: 6
04-16 20:46:51.125  9922 10176 V RobotCore: Creating Modern Robotics Analog Optical Distance Sensor - Port: 7
04-16 20:46:51.125  9922 10176 V RobotCore: Creating Modern Robotics USB DC Motor Controller [A104OQ1P]
04-16 20:46:51.131  9922 10176 D RobotCore: arming modern motor controller Modern Robotics USB DC Motor Controller [A104OQ1P]...
04-16 20:46:51.131  9922 10176 W System.err: unable to find USB device with serial number A104OQ1P
04-16 20:46:51.132  9922 10176 D RobotCore: arming modern motor controller Modern Robotics USB DC Motor Controller [A104OQ1P] (pretend)...
04-16 20:46:51.132  9922 10176 V RobotCore: Starting up pretend device A104OQ1P
04-16 20:46:51.133  9922 10247 V RobotCore: thread: 'r/w loop: Modern Robotics USB DC Motor Controller [A104OQ1P]' starting...
04-16 20:46:51.133  9922 10176 D RobotCore: ...arming modern motor controller Modern Robotics USB DC Motor Controller [A104OQ1P] complete
04-16 20:46:51.134  9922 10176 V RobotCore: Creating Modern Robotics USB DC Motor Controller [AL00VWH0]
04-16 20:46:51.134  9922 10176 D RobotCore: arming modern motor controller Modern Robotics USB DC Motor Controller [AL00VWH0]...
04-16 20:46:51.134  9922 10176 W System.err: unable to find USB device with serial number AL00VWH0
04-16 20:46:51.135  9922 10176 D RobotCore: arming modern motor controller Modern Robotics USB DC Motor Controller [AL00VWH0] (pretend)...
04-16 20:46:51.135  9922 10176 V RobotCore: Starting up pretend device AL00VWH0
04-16 20:46:51.136  9922 10248 V RobotCore: thread: 'r/w loop: Modern Robotics USB DC Motor Controller [AL00VWH0]' starting...
04-16 20:46:51.136  9922 10176 D RobotCore: ...arming modern motor controller Modern Robotics USB DC Motor Controller [AL00VWH0] complete
04-16 20:46:51.136  9922 10176 V RobotCore: Creating Modern Robotics USB DC Motor Controller [AI049QOP]
04-16 20:46:51.137  9922 10176 D RobotCore: arming modern motor controller Modern Robotics USB DC Motor Controller [AI049QOP]...
04-16 20:46:51.137  9922 10176 W System.err: unable to find USB device with serial number AI049QOP
04-16 20:46:51.137  9922 10176 D RobotCore: arming modern motor controller Modern Robotics USB DC Motor Controller [AI049QOP] (pretend)...
04-16 20:46:51.138  9922 10176 V RobotCore: Starting up pretend device AI049QOP
04-16 20:46:51.138  9922 10249 V RobotCore: thread: 'r/w loop: Modern Robotics USB DC Motor Controller [AI049QOP]' starting...
04-16 20:46:51.139  9922 10176 D RobotCore: ...arming modern motor controller Modern Robotics USB DC Motor Controller [AI049QOP] complete
04-16 20:46:51.139  9922 10176 V RobotCore: Creating Modern Robotics USB DC Motor Controller [AL00VBIF]
04-16 20:46:51.139  9922 10176 D RobotCore: arming modern motor controller Modern Robotics USB DC Motor Controller [AL00VBIF]...
04-16 20:46:51.140  9922 10176 W System.err: unable to find USB device with serial number AL00VBIF
04-16 20:46:51.140  9922 10176 D RobotCore: arming modern motor controller Modern Robotics USB DC Motor Controller [AL00VBIF] (pretend)...
04-16 20:46:51.140  9922 10176 V RobotCore: Starting up pretend device AL00VBIF
04-16 20:46:51.141  9922 10250 V RobotCore: thread: 'r/w loop: Modern Robotics USB DC Motor Controller [AL00VBIF]' starting...
04-16 20:46:51.142  9922 10176 D RobotCore: ...arming modern motor controller Modern Robotics USB DC Motor Controller [AL00VBIF] complete
04-16 20:46:51.175  9922 10176 I RobotCore: Analytics has completed initialization.
04-16 20:46:51.175  9922 10176 I RobotCore: ========= Device Information ===================================================
04-16 20:46:51.175  9922 10176 I RobotCore: Type                                               Name                           Connection
04-16 20:46:51.176  9922 10176 I RobotCore: I2cDevice                                          colorBack                      USB AI02RHDJ; port 4
04-16 20:46:51.176  9922 10176 I RobotCore: Modern Robotics USB DC Motor Controller            Shooter                        USB AI049QOP
04-16 20:46:51.176  9922 10176 I RobotCore: DC Motor                                           rightFront                     USB AL00VWH0; port 1
04-16 20:46:51.176  9922 10176 I RobotCore: Modern Robotics Analog Optical Distance Sensor     ods2                           USB AI02RHDJ; analog port 6
04-16 20:46:51.177  9922 10176 I RobotCore: Modern Robotics USB DC Motor Controller            Front Motors                   USB AL00VWH0
04-16 20:46:51.178  9922 10176 I RobotCore: Modern Robotics USB DC Motor Controller            Back Motors                    USB A104OQ1P
04-16 20:46:51.178  9922 10176 I RobotCore: DC Motor                                           leftBack                       USB A104OQ1P; port 2
04-16 20:46:51.178  9922 10176 I RobotCore: DC Motor                                           led                            USB AL00VBIF; port 2
04-16 20:46:51.178  9922 10176 I RobotCore: Servo                                              upDown                         USB AL00VST0; port 1
04-16 20:46:51.179  9922 10176 I RobotCore: DC Motor                                           shooter2                       USB AI049QOP; port 2
04-16 20:46:51.179  9922 10176 I RobotCore: DC Motor                                           shooter1                       USB AI049QOP; port 1
04-16 20:46:51.179  9922 10176 I RobotCore: DC Motor                                           leftFront                      USB AL00VWH0; port 2
04-16 20:46:51.179  9922 10176 I RobotCore: DC Motor                                           rightBack                      USB A104OQ1P; port 1
04-16 20:46:51.179  9922 10176 I RobotCore: Servo                                              ballFeeder                     USB AL00VST0; port 2
04-16 20:46:51.180  9922 10176 I RobotCore: Modern Robotics USB DC Motor Controller            Intake                         USB AL00VBIF
04-16 20:46:51.180  9922 10176 I RobotCore: Modern Robotics USB Core Device Interface Module   Sensors                        USB AI02RHDJ
04-16 20:46:51.180  9922 10176 I RobotCore: I2cDevice                                          colorFront                     USB AI02RHDJ; port 2
04-16 20:46:51.180  9922 10176 I RobotCore: Modern Robotics USB Servo Controller               Servos                         USB AL00VST0
04-16 20:46:51.180  9922 10176 I RobotCore: DC Motor                                           intake                         USB AL00VBIF; port 1
04-16 20:46:51.180  9922 10176 I RobotCore: Modern Robotics Gyro                               gyro                           USB AI02RHDJ; I2C port: 3
04-16 20:46:51.180  9922 10176 I RobotCore: Modern Robotics Analog Optical Distance Sensor     ods                            USB AI02RHDJ; analog port 7
04-16 20:46:51.181  9922 10176 I FIRST   : ======= INIT FINISH =======
04-16 20:46:51.181  9922 10176 V RobotCore: EventLoopManager state is RUNNING
04-16 20:46:51.198  9922 10176 V RobotCore: Robot Status: running, starting robot
04-16 20:46:51.198  9922 10176 V RobotCore: Robot Status: running
04-16 20:46:51.199  9922 10176 V RobotCore: thread: ...terminating 'RobotSetupRunnable.run()'
04-16 20:46:51.201  9922 10255 V RobotCore: thread: 'opmode loop()' starting...
04-16 20:46:51.207  9922 10255 D RobotCore: system telemetry: key=$System$Warning$ msg="unable to open Modern Robotics USB DC Motor Controller [AL00VWH0]; unable to open Modern Robotics USB Core Device Interface Module [AI02RHDJ]; unable to open Modern Robotics USB DC Motor Controller [AI049QOP]; unable to open Modern Robotics USB DC Motor Controller [A104OQ1P]; unable to open Modern Robotics USB DC Motor Controller [AL00VBIF]; unable to open Modern Robotics USB Servo Controller [AL00VST0]"
04-16 20:46:51.232  9922 10254 D MediaPlayer: setSubtitleAnchor in MediaPlayer
04-16 20:46:51.238  9922  9922 D MediaPlayer: setSubtitleAnchor in MediaPlayer
04-16 20:46:51.286  9922 10252 D ExtendedUtils: extended extractor not needed, return default
04-16 20:46:51.286  9922 10252 I MediaCodec: (0xb7f329a0) init name(audio/raw) isType(1) encoder(0)
04-16 20:46:51.288  9922 10259 I OMXClient: Using client-side OMX mux.
04-16 20:46:51.294  9922 10259 E OMXMaster: A component of name 'OMX.qcom.audio.decoder.aac' already exists, ignoring this one.
04-16 20:46:51.297  9922 10259 I MediaCodec: (0xb7f329a0) Component Allocated (OMX.google.raw.decoder)
04-16 20:46:51.297  9922 10252 I MediaCodec: (0xb7f329a0) configure surface(0x0) crypto(0x0) flags(0)
04-16 20:46:51.297  9922 10252 D MediaCodec: (0xb7f329a0) configure format: AMessage(what = 0x00000000) = {
04-16 20:46:51.297  9922 10252 D MediaCodec:    string mime = "audio/raw"
04-16 20:46:51.297  9922 10252 D MediaCodec:    int64_t durationUs = 1019125
04-16 20:46:51.297  9922 10252 D MediaCodec:    int32_t channel-count = 1
04-16 20:46:51.297  9922 10252 D MediaCodec:    int32_t sample-rate = 8000
04-16 20:46:51.297  9922 10252 D MediaCodec:    int32_t channel-mask = 0
04-16 20:46:51.297  9922 10252 D MediaCodec:  }
04-16 20:46:51.298  9922 10252 I MediaCodec: (0xb7f329a0) start
04-16 20:46:51.299  9922 10259 I MediaCodec: (0xb7f329a0) input buffers allocated
04-16 20:46:51.299  9922 10259 I MediaCodec: (0xb7f329a0) numBuffers (4)
04-16 20:46:51.299  9922 10259 I MediaCodec: (0xb7f329a0) output buffers allocated
04-16 20:46:51.299  9922 10259 I MediaCodec: (0xb7f329a0) numBuffers (4)
04-16 20:46:51.300  9922 10259 I MediaCodec: (0xb7f329a0) codec output format changed
04-16 20:46:51.301  9922 10259 D MediaCodec: (0xb7f329a0) output format: AMessage(what = 'codc', target = 2) = {
04-16 20:46:51.301  9922 10259 D MediaCodec:    string mime = "audio/raw"
04-16 20:46:51.301  9922 10259 D MediaCodec:    int32_t channel-count = 1
04-16 20:46:51.301  9922 10259 D MediaCodec:    int32_t sample-rate = 8000
04-16 20:46:51.301  9922 10259 D MediaCodec:    int32_t channel-mask = 0
04-16 20:46:51.301  9922 10259 D MediaCodec:    int32_t what = 1869968451
04-16 20:46:51.301  9922 10259 D MediaCodec:  }
04-16 20:46:51.301  9922 10252 I MediaCodec: (0xb7f329a0) stop
04-16 20:46:51.303  9922 10252 I MediaCodec: (0xb7f329a0) release
04-16 20:46:51.307  9922 10254 W AudioTrack: AUDIO_OUTPUT_FLAG_FAST denied by client; transfer 4, track 8000 Hz, output 48000 Hz
04-16 20:46:51.334  9922 10254 D MediaPlayer: setSubtitleAnchor in MediaPlayer
04-16 20:46:51.334  9922  9922 D MediaPlayer: setSubtitleAnchor in MediaPlayer
04-16 20:46:51.354  9922 10252 D ExtendedUtils: extended extractor not needed, return default
04-16 20:46:51.356  9922 10252 I MediaCodec: (0xb7f4a1a8) init name(audio/raw) isType(1) encoder(0)
04-16 20:46:51.357  9922 10266 I OMXClient: Using client-side OMX mux.
04-16 20:46:51.360  9922 10266 E OMXMaster: A component of name 'OMX.qcom.audio.decoder.aac' already exists, ignoring this one.
04-16 20:46:51.362  9922 10266 I MediaCodec: (0xb7f4a1a8) Component Allocated (OMX.google.raw.decoder)
04-16 20:46:51.362  9922 10252 I MediaCodec: (0xb7f4a1a8) configure surface(0x0) crypto(0x0) flags(0)
04-16 20:46:51.362  9922 10252 D MediaCodec: (0xb7f4a1a8) configure format: AMessage(what = 0x00000000) = {
04-16 20:46:51.362  9922 10252 D MediaCodec:    string mime = "audio/raw"
04-16 20:46:51.362  9922 10252 D MediaCodec:    int64_t durationUs = 1043650
04-16 20:46:51.362  9922 10252 D MediaCodec:    int32_t channel-count = 2
04-16 20:46:51.362  9922 10252 D MediaCodec:    int32_t sample-rate = 44100
04-16 20:46:51.362  9922 10252 D MediaCodec:    int32_t channel-mask = 0
04-16 20:46:51.362  9922 10252 D MediaCodec:  }
04-16 20:46:51.363  9922 10252 I MediaCodec: (0xb7f4a1a8) start
04-16 20:46:51.363  9922 10266 I MediaCodec: (0xb7f4a1a8) input buffers allocated
04-16 20:46:51.363  9922 10266 I MediaCodec: (0xb7f4a1a8) numBuffers (4)
04-16 20:46:51.363  9922 10266 I MediaCodec: (0xb7f4a1a8) output buffers allocated
04-16 20:46:51.363  9922 10266 I MediaCodec: (0xb7f4a1a8) numBuffers (4)
04-16 20:46:51.365  9922 10266 I MediaCodec: (0xb7f4a1a8) codec output format changed
04-16 20:46:51.365  9922 10266 D MediaCodec: (0xb7f4a1a8) output format: AMessage(what = 'codc', target = 6) = {
04-16 20:46:51.365  9922 10266 D MediaCodec:    string mime = "audio/raw"
04-16 20:46:51.365  9922 10266 D MediaCodec:    int32_t channel-count = 2
04-16 20:46:51.365  9922 10266 D MediaCodec:    int32_t sample-rate = 44100
04-16 20:46:51.365  9922 10266 D MediaCodec:    int32_t channel-mask = 0
04-16 20:46:51.365  9922 10266 D MediaCodec:    int32_t what = 1869968451
04-16 20:46:51.365  9922 10266 D MediaCodec:  }
04-16 20:46:51.370  9922 10252 I MediaCodec: (0xb7f4a1a8) stop
04-16 20:46:51.371  9922 10252 I MediaCodec: (0xb7f4a1a8) release
04-16 20:46:51.396  9922 10243 D Robocol : no packet received: SocketTimeoutException
04-16 20:46:51.428  9922  9927 I art     : Debugger is no longer active
04-16 20:46:51.710  9922 10255 I RobotCore: Attempting to switch to op mode $Stop$Robot$
04-16 20:46:51.767  9922 10243 V PeerDiscovery: new remote peer discovered: 192.168.49.134
04-16 20:46:51.767  9922 10243 D Robocol : RobocolDatagramSocket connected to /192.168.49.134:20884
04-16 20:46:51.768  9922 10243 V NetworkConnectionHandler: starting sending loop
04-16 20:46:51.768  9922 10243 V Robocol : SendOnceRunnable created
04-16 20:46:51.769  9922 10243 V RobotCore: Network: active, connected
04-16 20:46:51.802  9922 10243 V Robocol : received command: CMD_REQUEST_OP_MODE_LIST(10001) 
04-16 20:46:51.802  9922 10243 V Robocol : received command: CMD_REQUEST_ACTIVE_CONFIGURATION(10002) 
04-16 20:46:51.809  9922 10290 V Robocol : sending CMD_REQUEST_USER_SENSOR_LIST_RESP(13), attempt: 0
04-16 20:46:51.847  9922 10243 V Robocol : received command: CMD_REQUEST_USER_SENSOR_LIST_RESP(13) [{"description":"a MR compass sensor","flavor":"I2C","name":"MR Compass Sensor","xmlTag":"ModernRoboticsI2cCompassSensor"},{"description":"an Adafruit IMU","flavor":"I2C","name":"Adafruit IMU","xmlTag":"AdafruitBNO055IMU"},{"description":"a MR range sensor","flavor":"I2C","name":"MR Range Sensor","xmlTag":"ModernRoboticsI2cRangeSensor"}]
04-16 20:46:51.849  9922 10290 V Robocol : sending CMD_REQUEST_OP_MODE_LIST_RESP(20), attempt: 0
04-16 20:46:51.849  9922 10290 V Robocol : sending CMD_REQUEST_USER_SENSOR_LIST_RESP(21), attempt: 0
04-16 20:46:51.849  9922 10290 V Robocol : sending CMD_REQUEST_ACTIVE_CONFIGURATION_RESP(25), attempt: 0
04-16 20:46:51.881  9922 10243 V Robocol : received command: CMD_REQUEST_OP_MODE_LIST_RESP(20) [{"flavor":"TELEOP","group":"Test","name":"MenusTest"},{"flavor":"AUTONOMOUS","group":"Competition","name":"BlueAlternateCenter"},{"flavor":"AUTONOMOUS","group":"Competition","name":"BlueAlternateCorner"},{"flavor":"AUTONOMOUS","group":"Competition","name":"BlueStandardCenter"},{"flavor":"AUTONOMOUS","group":"Competition","name":"BlueStandardCorner"},{"flavor":"TELEOP","group":"Competition","name":"FinalTeleOp"},{"flavor":"AUTONOMOUS","group":"Competition","name":"RedAlternateCenter"},{"flavor":"AUTONOMOUS","group":"Competition","name":"RedAlternateCorner"},{"flavor":"AUTONOMOUS","group":"Competition","name":"RedStandardCenter"},{"flavor":"AUTONOMOUS","group":"Competition","name":"RedStandardCorner"}]
04-16 20:46:51.881  9922 10243 V Robocol : received command: CMD_REQUEST_USER_SENSOR_LIST_RESP(21) [{"description":"a MR compass sensor","flavor":"I2C","name":"MR Compass Sensor","xmlTag":"ModernRoboticsI2cCompassSensor"},{"description":"an Adafruit IMU","flavor":"I2C","name":"Adafruit IMU","xmlTag":"AdafruitBNO055IMU"},{"description":"a MR range sensor","flavor":"I2C","name":"MR Range Sensor","xmlTag":"ModernRoboticsI2cRangeSensor"}]
04-16 20:46:51.882  9922 10243 V Robocol : received command: CMD_REQUEST_ACTIVE_CONFIGURATION_RESP(25) {"isDirty":false,"location":"LOCAL_STORAGE","name":"FINAL_CONFIG_2017","resourceId":0}
04-16 20:46:51.882  9922 10243 V Robocol : received command: CMD_INIT_OP_MODE(10015) $Stop$Robot$
04-16 20:46:52.219  9922 10255 I RobotCore: Attempting to switch to op mode $Stop$Robot$
04-16 20:46:52.249  9922 10290 V Robocol : sending CMD_INIT_OP_MODE_RESP(38), attempt: 0
04-16 20:46:52.281  9922 10243 V Robocol : received command: CMD_INIT_OP_MODE_RESP(38) $Stop$Robot$
04-16 20:46:52.328  9922 10254 W AudioTrack: AUDIO_OUTPUT_FLAG_FAST denied by client; transfer 4, track 44100 Hz, output 48000 Hz
04-16 20:46:52.348  9922 10254 D MediaPlayer: setSubtitleAnchor in MediaPlayer
04-16 20:46:52.348  9922  9922 D MediaPlayer: setSubtitleAnchor in MediaPlayer
04-16 20:46:52.351  9922  9922 E MediaPlayer: invoke failed: wrong state 8
04-16 20:46:52.352  9922  9922 W MediaPlayer: mediaplayer went away with unhandled events
04-16 20:46:52.366  9922 10252 D ExtendedUtils: extended extractor not needed, return default
04-16 20:46:52.367  9922 10252 I MediaCodec: (0xb7f21db0) init name(audio/raw) isType(1) encoder(0)
04-16 20:46:52.369  9922 10330 I OMXClient: Using client-side OMX mux.
04-16 20:46:52.373  9922 10330 E OMXMaster: A component of name 'OMX.qcom.audio.decoder.aac' already exists, ignoring this one.
04-16 20:46:52.375  9922 10330 I MediaCodec: (0xb7f21db0) Component Allocated (OMX.google.raw.decoder)
04-16 20:46:52.375  9922 10252 I MediaCodec: (0xb7f21db0) configure surface(0x0) crypto(0x0) flags(0)
04-16 20:46:52.375  9922 10252 D MediaCodec: (0xb7f21db0) configure format: AMessage(what = 0x00000000) = {
04-16 20:46:52.375  9922 10252 D MediaCodec:    string mime = "audio/raw"
04-16 20:46:52.375  9922 10252 D MediaCodec:    int64_t durationUs = 485011
04-16 20:46:52.375  9922 10252 D MediaCodec:    int32_t channel-count = 2
04-16 20:46:52.375  9922 10252 D MediaCodec:    int32_t sample-rate = 44100
04-16 20:46:52.375  9922 10252 D MediaCodec:    int32_t channel-mask = 0
04-16 20:46:52.375  9922 10252 D MediaCodec:  }
04-16 20:46:52.376  9922 10252 I MediaCodec: (0xb7f21db0) start
04-16 20:46:52.376  9922 10330 I MediaCodec: (0xb7f21db0) input buffers allocated
04-16 20:46:52.376  9922 10330 I MediaCodec: (0xb7f21db0) numBuffers (4)
04-16 20:46:52.376  9922 10330 I MediaCodec: (0xb7f21db0) output buffers allocated
04-16 20:46:52.376  9922 10330 I MediaCodec: (0xb7f21db0) numBuffers (4)
04-16 20:46:52.378  9922 10330 I MediaCodec: (0xb7f21db0) codec output format changed
04-16 20:46:52.378  9922 10330 D MediaCodec: (0xb7f21db0) output format: AMessage(what = 'codc', target = 10) = {
04-16 20:46:52.378  9922 10330 D MediaCodec:    string mime = "audio/raw"
04-16 20:46:52.378  9922 10330 D MediaCodec:    int32_t channel-count = 2
04-16 20:46:52.378  9922 10330 D MediaCodec:    int32_t sample-rate = 44100
04-16 20:46:52.378  9922 10330 D MediaCodec:    int32_t channel-mask = 0
04-16 20:46:52.378  9922 10330 D MediaCodec:    int32_t what = 1869968451
04-16 20:46:52.378  9922 10330 D MediaCodec:  }
04-16 20:46:52.382  9922 10252 I MediaCodec: (0xb7f21db0) stop
04-16 20:46:52.383  9922 10252 I MediaCodec: (0xb7f21db0) release
04-16 20:46:52.475  9922 10255 I RobotCore: robot battery read duration: n=0, mean=0.000ms sd=-0.000ms
04-16 20:46:53.373  9922 10254 W AudioTrack: AUDIO_OUTPUT_FLAG_FAST denied by client; transfer 4, track 44100 Hz, output 48000 Hz
04-16 20:46:53.734  9922  9922 V RCActivity: onPause()
04-16 20:46:53.765  9922  9922 V RCActivity: onStop()
04-16 20:46:53.765  9922  9922 V RobotCore: executive service robot setup is terminated
04-16 20:46:53.765  9922  9922 V Robocol : EventLoopManager.shutdown()
04-16 20:46:53.766  9922  9922 V RobotCore: waiting for service EventLoop
04-16 20:46:53.766  9922 10255 I FIRST   : ======= TEARDOWN =======
04-16 20:46:53.767  9922 10255 D RobotCore: disarming modern motor controller Modern Robotics USB DC Motor Controller [AL00VWH0]...
04-16 20:46:53.772  9922 10255 V RobotCore: waiting for service ReadWriteRunnable for Modern Robotics USB Device
04-16 20:46:53.772  9922 10248 V RobotCore: thread: ...terminating 'r/w loop: Modern Robotics USB DC Motor Controller [AL00VWH0]'
04-16 20:46:53.772  9922 10255 V RobotCore: awaitTerminationOrExitApplication ReadWriteRunnable for Modern Robotics USB Device; interrupt thrown
04-16 20:46:53.873  9922 10255 D RobotCore: ...disarming modern motor controller Modern Robotics USB DC Motor Controller [AL00VWH0] complete
04-16 20:46:53.873  9922 10255 D RobotCore: disarming modern motor controller Modern Robotics USB DC Motor Controller [AI049QOP]...
04-16 20:46:53.877  9922 10255 V RobotCore: waiting for service ReadWriteRunnable for Modern Robotics USB Device
04-16 20:46:53.877  9922 10249 V RobotCore: thread: ...terminating 'r/w loop: Modern Robotics USB DC Motor Controller [AI049QOP]'
04-16 20:46:53.878  9922 10255 V RobotCore: awaitTermination returned, isTerminated=true
04-16 20:46:53.878  9922 10255 V RobotCore: executive service ReadWriteRunnable for Modern Robotics USB Device is terminated
04-16 20:46:53.878  9922 10255 D RobotCore: ...disarming modern motor controller Modern Robotics USB DC Motor Controller [AI049QOP] complete
04-16 20:46:53.878  9922 10255 D RobotCore: disarming modern motor controller Modern Robotics USB DC Motor Controller [A104OQ1P]...
04-16 20:46:53.882  9922 10255 V RobotCore: waiting for service ReadWriteRunnable for Modern Robotics USB Device
04-16 20:46:53.882  9922 10247 V RobotCore: thread: ...terminating 'r/w loop: Modern Robotics USB DC Motor Controller [A104OQ1P]'
04-16 20:46:53.882  9922 10255 V RobotCore: awaitTermination returned, isTerminated=true
04-16 20:46:53.883  9922 10255 V RobotCore: executive service ReadWriteRunnable for Modern Robotics USB Device is terminated
04-16 20:46:53.883  9922 10255 D RobotCore: ...disarming modern motor controller Modern Robotics USB DC Motor Controller [A104OQ1P] complete
04-16 20:46:53.883  9922 10255 D RobotCore: disarming modern motor controller Modern Robotics USB DC Motor Controller [AL00VBIF]...
04-16 20:46:53.886  9922 10250 V RobotCore: thread: ...terminating 'r/w loop: Modern Robotics USB DC Motor Controller [AL00VBIF]'
04-16 20:46:53.886  9922 10255 V RobotCore: waiting for service ReadWriteRunnable for Modern Robotics USB Device
04-16 20:46:53.886  9922 10255 V RobotCore: awaitTermination returned, isTerminated=true
04-16 20:46:53.886  9922 10255 V RobotCore: executive service ReadWriteRunnable for Modern Robotics USB Device is terminated
04-16 20:46:53.886  9922 10255 D RobotCore: ...disarming modern motor controller Modern Robotics USB DC Motor Controller [AL00VBIF] complete
04-16 20:46:53.886  9922 10255 D RobotCore: disarming modern servo controller "Modern Robotics USB Servo Controller [AL00VST0]"...
04-16 20:46:53.892  9922 10245 V RobotCore: thread: ...terminating 'r/w loop: Modern Robotics USB Servo Controller [AL00VST0]'
04-16 20:46:53.892  9922 10255 V RobotCore: waiting for service ReadWriteRunnable for Modern Robotics USB Device
04-16 20:46:53.892  9922 10255 V RobotCore: awaitTermination returned, isTerminated=true
04-16 20:46:53.892  9922 10255 V RobotCore: executive service ReadWriteRunnable for Modern Robotics USB Device is terminated
04-16 20:46:53.893  9922 10255 D RobotCore: ...disarming modern servo controller Modern Robotics USB Servo Controller [AL00VST0] complete
04-16 20:46:53.893  9922 10255 V RobotCore: waiting for service ReadWriteRunnable for Modern Robotics USB Device
04-16 20:46:53.893  9922 10246 V RobotCore: thread: ...terminating 'r/w loop: Modern Robotics USB Core Device Interface Module [AI02RHDJ]'
04-16 20:46:53.894  9922 10255 V RobotCore: awaitTermination returned, isTerminated=true
04-16 20:46:53.894  9922 10255 V RobotCore: executive service ReadWriteRunnable for Modern Robotics USB Device is terminated
04-16 20:46:53.894  9922 10255 I FIRST   : ======= TEARDOWN COMPLETE =======
04-16 20:46:53.894  9922 10255 V RobotCore: thread: ...terminating 'opmode loop()'
04-16 20:46:53.894  9922  9922 V RobotCore: awaitTermination returned, isTerminated=true
04-16 20:46:53.894  9922  9922 V RobotCore: executive service EventLoop is terminated
04-16 20:46:53.894  9922  9922 V RobotCore: EventLoopManager state is STOPPED
04-16 20:46:53.894  9922  9922 V RobotCore: Robot Status: stopped
04-16 20:46:53.960  9922 10243 D RobotCore: system telemetry: key=$System$None$ msg=""
--------- beginning of crash
04-04 19:46:48.591  6092  6092 E AndroidRuntime: FATAL EXCEPTION: main
04-04 19:46:48.591  6092  6092 E AndroidRuntime: Process: com.qualcomm.ftcrobotcontroller, PID: 6092
04-04 19:46:48.591  6092  6092 E AndroidRuntime: java.lang.RuntimeException: Unable to stop activity {com.qualcomm.ftcrobotcontroller/org.firstinspires.ftc.robotcontroller.internal.FtcRobotControllerActivity}: java.lang.NullPointerException: Attempt to invoke virtual method 'void com.qualcomm.ftccommon.FtcRobotControllerService.shutdownRobot()' on a null object reference
04-04 19:46:48.591  6092  6092 E AndroidRuntime: 	at android.app.ActivityThread.handleSleeping(ActivityThread.java:3645)
04-04 19:46:48.591  6092  6092 E AndroidRuntime: 	at android.app.ActivityThread.-wrap19(ActivityThread.java)
04-04 19:46:48.591  6092  6092 E AndroidRuntime: 	at android.app.ActivityThread$H.handleMessage(ActivityThread.java:1529)
04-04 19:46:48.591  6092  6092 E AndroidRuntime: 	at android.os.Handler.dispatchMessage(Handler.java:102)
04-04 19:46:48.591  6092  6092 E AndroidRuntime: 	at android.os.Looper.loop(Looper.java:148)
04-04 19:46:48.591  6092  6092 E AndroidRuntime: 	at android.app.ActivityThread.main(ActivityThread.java:5456)
04-04 19:46:48.591  6092  6092 E AndroidRuntime: 	at java.lang.reflect.Method.invoke(Native Method)
04-04 19:46:48.591  6092  6092 E AndroidRuntime: 	at com.android.internal.os.ZygoteInit$MethodAndArgsCaller.run(ZygoteInit.java:728)
04-04 19:46:48.591  6092  6092 E AndroidRuntime: 	at com.android.internal.os.ZygoteInit.main(ZygoteInit.java:618)
04-04 19:46:48.591  6092  6092 E AndroidRuntime: Caused by: java.lang.NullPointerException: Attempt to invoke virtual method 'void com.qualcomm.ftccommon.FtcRobotControllerService.shutdownRobot()' on a null object reference
04-04 19:46:48.591  6092  6092 E AndroidRuntime: 	at org.firstinspires.ftc.robotcontroller.internal.FtcRobotControllerActivity.onStop(FtcRobotControllerActivity.java:318)
04-04 19:46:48.591  6092  6092 E AndroidRuntime: 	at android.app.Instrumentation.callActivityOnStop(Instrumentation.java:1301)
04-04 19:46:48.591  6092  6092 E AndroidRuntime: 	at android.app.Activity.performStop(Activity.java:6403)
04-04 19:46:48.591  6092  6092 E AndroidRuntime: 	at android.app.ActivityThread.handleSleeping(ActivityThread.java:3642)
04-04 19:46:48.591  6092  6092 E AndroidRuntime: 	... 8 more
04-08 09:27:08.162 25322 25322 E AndroidRuntime: FATAL EXCEPTION: main
04-08 09:27:08.162 25322 25322 E AndroidRuntime: Process: com.qualcomm.ftcrobotcontroller, PID: 25322
04-08 09:27:08.162 25322 25322 E AndroidRuntime: java.lang.RuntimeException: Unable to stop activity {com.qualcomm.ftcrobotcontroller/org.firstinspires.ftc.robotcontroller.internal.FtcRobotControllerActivity}: java.lang.NullPointerException: Attempt to invoke virtual method 'void com.qualcomm.ftccommon.FtcRobotControllerService.shutdownRobot()' on a null object reference
04-08 09:27:08.162 25322 25322 E AndroidRuntime: 	at android.app.ActivityThread.handleSleeping(ActivityThread.java:3645)
04-08 09:27:08.162 25322 25322 E AndroidRuntime: 	at android.app.ActivityThread.-wrap19(ActivityThread.java)
04-08 09:27:08.162 25322 25322 E AndroidRuntime: 	at android.app.ActivityThread$H.handleMessage(ActivityThread.java:1529)
04-08 09:27:08.162 25322 25322 E AndroidRuntime: 	at android.os.Handler.dispatchMessage(Handler.java:102)
04-08 09:27:08.162 25322 25322 E AndroidRuntime: 	at android.os.Looper.loop(Looper.java:148)
04-08 09:27:08.162 25322 25322 E AndroidRuntime: 	at android.app.ActivityThread.main(ActivityThread.java:5456)
04-08 09:27:08.162 25322 25322 E AndroidRuntime: 	at java.lang.reflect.Method.invoke(Native Method)
04-08 09:27:08.162 25322 25322 E AndroidRuntime: 	at com.android.internal.os.ZygoteInit$MethodAndArgsCaller.run(ZygoteInit.java:728)
04-08 09:27:08.162 25322 25322 E AndroidRuntime: 	at com.android.internal.os.ZygoteInit.main(ZygoteInit.java:618)
04-08 09:27:08.162 25322 25322 E AndroidRuntime: Caused by: java.lang.NullPointerException: Attempt to invoke virtual method 'void com.qualcomm.ftccommon.FtcRobotControllerService.shutdownRobot()' on a null object reference
04-08 09:27:08.162 25322 25322 E AndroidRuntime: 	at org.firstinspires.ftc.robotcontroller.internal.FtcRobotControllerActivity.onStop(FtcRobotControllerActivity.java:318)
04-08 09:27:08.162 25322 25322 E AndroidRuntime: 	at android.app.Instrumentation.callActivityOnStop(Instrumentation.java:1301)
04-08 09:27:08.162 25322 25322 E AndroidRuntime: 	at android.app.Activity.performStop(Activity.java:6403)
04-08 09:27:08.162 25322 25322 E AndroidRuntime: 	at android.app.ActivityThread.handleSleeping(ActivityThread.java:3642)
04-08 09:27:08.162 25322 25322 E AndroidRuntime: 	... 8 more
04-09 15:26:32.289 19503 19503 E AndroidRuntime: FATAL EXCEPTION: main
04-09 15:26:32.289 19503 19503 E AndroidRuntime: Process: com.qualcomm.ftcrobotcontroller, PID: 19503
04-09 15:26:32.289 19503 19503 E AndroidRuntime: java.lang.RuntimeException: Unable to stop activity {com.qualcomm.ftcrobotcontroller/org.firstinspires.ftc.robotcontroller.internal.FtcRobotControllerActivity}: java.lang.NullPointerException: Attempt to invoke virtual method 'void com.qualcomm.ftccommon.FtcRobotControllerService.shutdownRobot()' on a null object reference
04-09 15:26:32.289 19503 19503 E AndroidRuntime: 	at android.app.ActivityThread.handleSleeping(ActivityThread.java:3645)
04-09 15:26:32.289 19503 19503 E AndroidRuntime: 	at android.app.ActivityThread.-wrap19(ActivityThread.java)
04-09 15:26:32.289 19503 19503 E AndroidRuntime: 	at android.app.ActivityThread$H.handleMessage(ActivityThread.java:1529)
04-09 15:26:32.289 19503 19503 E AndroidRuntime: 	at android.os.Handler.dispatchMessage(Handler.java:102)
04-09 15:26:32.289 19503 19503 E AndroidRuntime: 	at android.os.Looper.loop(Looper.java:148)
04-09 15:26:32.289 19503 19503 E AndroidRuntime: 	at android.app.ActivityThread.main(ActivityThread.java:5456)
04-09 15:26:32.289 19503 19503 E AndroidRuntime: 	at java.lang.reflect.Method.invoke(Native Method)
04-09 15:26:32.289 19503 19503 E AndroidRuntime: 	at com.android.internal.os.ZygoteInit$MethodAndArgsCaller.run(ZygoteInit.java:728)
04-09 15:26:32.289 19503 19503 E AndroidRuntime: 	at com.android.internal.os.ZygoteInit.main(ZygoteInit.java:618)
04-09 15:26:32.289 19503 19503 E AndroidRuntime: Caused by: java.lang.NullPointerException: Attempt to invoke virtual method 'void com.qualcomm.ftccommon.FtcRobotControllerService.shutdownRobot()' on a null object reference
04-09 15:26:32.289 19503 19503 E AndroidRuntime: 	at org.firstinspires.ftc.robotcontroller.internal.FtcRobotControllerActivity.onStop(FtcRobotControllerActivity.java:318)
04-09 15:26:32.289 19503 19503 E AndroidRuntime: 	at android.app.Instrumentation.callActivityOnStop(Instrumentation.java:1301)
04-09 15:26:32.289 19503 19503 E AndroidRuntime: 	at android.app.Activity.performStop(Activity.java:6403)
04-09 15:26:32.289 19503 19503 E AndroidRuntime: 	at android.app.ActivityThread.handleSleeping(ActivityThread.java:3642)
04-09 15:26:32.289 19503 19503 E AndroidRuntime: 	... 8 more
04-10 19:19:50.578 17127 17127 E AndroidRuntime: FATAL EXCEPTION: main
04-10 19:19:50.578 17127 17127 E AndroidRuntime: Process: com.qualcomm.ftcrobotcontroller, PID: 17127
04-10 19:19:50.578 17127 17127 E AndroidRuntime: java.lang.RuntimeException: Unable to stop activity {com.qualcomm.ftcrobotcontroller/org.firstinspires.ftc.robotcontroller.internal.FtcRobotControllerActivity}: java.lang.NullPointerException: Attempt to invoke virtual method 'void com.qualcomm.ftccommon.FtcRobotControllerService.shutdownRobot()' on a null object reference
04-10 19:19:50.578 17127 17127 E AndroidRuntime: 	at android.app.ActivityThread.handleSleeping(ActivityThread.java:3645)
04-10 19:19:50.578 17127 17127 E AndroidRuntime: 	at android.app.ActivityThread.-wrap19(ActivityThread.java)
04-10 19:19:50.578 17127 17127 E AndroidRuntime: 	at android.app.ActivityThread$H.handleMessage(ActivityThread.java:1529)
04-10 19:19:50.578 17127 17127 E AndroidRuntime: 	at android.os.Handler.dispatchMessage(Handler.java:102)
04-10 19:19:50.578 17127 17127 E AndroidRuntime: 	at android.os.Looper.loop(Looper.java:148)
04-10 19:19:50.578 17127 17127 E AndroidRuntime: 	at android.app.ActivityThread.main(ActivityThread.java:5456)
04-10 19:19:50.578 17127 17127 E AndroidRuntime: 	at java.lang.reflect.Method.invoke(Native Method)
04-10 19:19:50.578 17127 17127 E AndroidRuntime: 	at com.android.internal.os.ZygoteInit$MethodAndArgsCaller.run(ZygoteInit.java:728)
04-10 19:19:50.578 17127 17127 E AndroidRuntime: 	at com.android.internal.os.ZygoteInit.main(ZygoteInit.java:618)
04-10 19:19:50.578 17127 17127 E AndroidRuntime: Caused by: java.lang.NullPointerException: Attempt to invoke virtual method 'void com.qualcomm.ftccommon.FtcRobotControllerService.shutdownRobot()' on a null object reference
04-10 19:19:50.578 17127 17127 E AndroidRuntime: 	at org.firstinspires.ftc.robotcontroller.internal.FtcRobotControllerActivity.onStop(FtcRobotControllerActivity.java:318)
04-10 19:19:50.578 17127 17127 E AndroidRuntime: 	at android.app.Instrumentation.callActivityOnStop(Instrumentation.java:1301)
04-10 19:19:50.578 17127 17127 E AndroidRuntime: 	at android.app.Activity.performStop(Activity.java:6403)
04-10 19:19:50.578 17127 17127 E AndroidRuntime: 	at android.app.ActivityThread.handleSleeping(ActivityThread.java:3642)
04-10 19:19:50.578 17127 17127 E AndroidRuntime: 	... 8 more
04-10 19:22:23.335 17444 17444 E AndroidRuntime: FATAL EXCEPTION: main
04-10 19:22:23.335 17444 17444 E AndroidRuntime: Process: com.qualcomm.ftcrobotcontroller, PID: 17444
04-10 19:22:23.335 17444 17444 E AndroidRuntime: java.lang.RuntimeException: Unable to stop activity {com.qualcomm.ftcrobotcontroller/org.firstinspires.ftc.robotcontroller.internal.FtcRobotControllerActivity}: java.lang.NullPointerException: Attempt to invoke virtual method 'void com.qualcomm.ftccommon.FtcRobotControllerService.shutdownRobot()' on a null object reference
04-10 19:22:23.335 17444 17444 E AndroidRuntime: 	at android.app.ActivityThread.handleSleeping(ActivityThread.java:3645)
04-10 19:22:23.335 17444 17444 E AndroidRuntime: 	at android.app.ActivityThread.-wrap19(ActivityThread.java)
04-10 19:22:23.335 17444 17444 E AndroidRuntime: 	at android.app.ActivityThread$H.handleMessage(ActivityThread.java:1529)
04-10 19:22:23.335 17444 17444 E AndroidRuntime: 	at android.os.Handler.dispatchMessage(Handler.java:102)
04-10 19:22:23.335 17444 17444 E AndroidRuntime: 	at android.os.Looper.loop(Looper.java:148)
04-10 19:22:23.335 17444 17444 E AndroidRuntime: 	at android.app.ActivityThread.main(ActivityThread.java:5456)
04-10 19:22:23.335 17444 17444 E AndroidRuntime: 	at java.lang.reflect.Method.invoke(Native Method)
04-10 19:22:23.335 17444 17444 E AndroidRuntime: 	at com.android.internal.os.ZygoteInit$MethodAndArgsCaller.run(ZygoteInit.java:728)
04-10 19:22:23.335 17444 17444 E AndroidRuntime: 	at com.android.internal.os.ZygoteInit.main(ZygoteInit.java:618)
04-10 19:22:23.335 17444 17444 E AndroidRuntime: Caused by: java.lang.NullPointerException: Attempt to invoke virtual method 'void com.qualcomm.ftccommon.FtcRobotControllerService.shutdownRobot()' on a null object reference
04-10 19:22:23.335 17444 17444 E AndroidRuntime: 	at org.firstinspires.ftc.robotcontroller.internal.FtcRobotControllerActivity.onStop(FtcRobotControllerActivity.java:318)
04-10 19:22:23.335 17444 17444 E AndroidRuntime: 	at android.app.Instrumentation.callActivityOnStop(Instrumentation.java:1301)
04-10 19:22:23.335 17444 17444 E AndroidRuntime: 	at android.app.Activity.performStop(Activity.java:6403)
04-10 19:22:23.335 17444 17444 E AndroidRuntime: 	at android.app.ActivityThread.handleSleeping(ActivityThread.java:3642)
04-10 19:22:23.335 17444 17444 E AndroidRuntime: 	... 8 more
04-11 23:10:00.561 15108 15108 E AndroidRuntime: FATAL EXCEPTION: main
04-11 23:10:00.561 15108 15108 E AndroidRuntime: Process: com.qualcomm.ftcrobotcontroller, PID: 15108
04-11 23:10:00.561 15108 15108 E AndroidRuntime: java.lang.RuntimeException: Unable to stop activity {com.qualcomm.ftcrobotcontroller/org.firstinspires.ftc.robotcontroller.internal.FtcRobotControllerActivity}: java.lang.NullPointerException: Attempt to invoke virtual method 'void com.qualcomm.ftccommon.FtcRobotControllerService.shutdownRobot()' on a null object reference
04-11 23:10:00.561 15108 15108 E AndroidRuntime: 	at android.app.ActivityThread.handleSleeping(ActivityThread.java:3645)
04-11 23:10:00.561 15108 15108 E AndroidRuntime: 	at android.app.ActivityThread.-wrap19(ActivityThread.java)
04-11 23:10:00.561 15108 15108 E AndroidRuntime: 	at android.app.ActivityThread$H.handleMessage(ActivityThread.java:1529)
04-11 23:10:00.561 15108 15108 E AndroidRuntime: 	at android.os.Handler.dispatchMessage(Handler.java:102)
04-11 23:10:00.561 15108 15108 E AndroidRuntime: 	at android.os.Looper.loop(Looper.java:148)
04-11 23:10:00.561 15108 15108 E AndroidRuntime: 	at android.app.ActivityThread.main(ActivityThread.java:5456)
04-11 23:10:00.561 15108 15108 E AndroidRuntime: 	at java.lang.reflect.Method.invoke(Native Method)
04-11 23:10:00.561 15108 15108 E AndroidRuntime: 	at com.android.internal.os.ZygoteInit$MethodAndArgsCaller.run(ZygoteInit.java:728)
04-11 23:10:00.561 15108 15108 E AndroidRuntime: 	at com.android.internal.os.ZygoteInit.main(ZygoteInit.java:618)
04-11 23:10:00.561 15108 15108 E AndroidRuntime: Caused by: java.lang.NullPointerException: Attempt to invoke virtual method 'void com.qualcomm.ftccommon.FtcRobotControllerService.shutdownRobot()' on a null object reference
04-11 23:10:00.561 15108 15108 E AndroidRuntime: 	at org.firstinspires.ftc.robotcontroller.internal.FtcRobotControllerActivity.onStop(FtcRobotControllerActivity.java:318)
04-11 23:10:00.561 15108 15108 E AndroidRuntime: 	at android.app.Instrumentation.callActivityOnStop(Instrumentation.java:1301)
04-11 23:10:00.561 15108 15108 E AndroidRuntime: 	at android.app.Activity.performStop(Activity.java:6403)
04-11 23:10:00.561 15108 15108 E AndroidRuntime: 	at android.app.ActivityThread.handleSleeping(ActivityThread.java:3642)
04-11 23:10:00.561 15108 15108 E AndroidRuntime: 	... 8 more
04-14 11:07:13.808 22121 22121 E AndroidRuntime: FATAL EXCEPTION: main
04-14 11:07:13.808 22121 22121 E AndroidRuntime: Process: com.qualcomm.ftcrobotcontroller, PID: 22121
04-14 11:07:13.808 22121 22121 E AndroidRuntime: java.lang.RuntimeException: Unable to stop activity {com.qualcomm.ftcrobotcontroller/org.firstinspires.ftc.robotcontroller.internal.FtcRobotControllerActivity}: java.lang.NullPointerException: Attempt to invoke virtual method 'void com.qualcomm.ftccommon.FtcRobotControllerService.shutdownRobot()' on a null object reference
04-14 11:07:13.808 22121 22121 E AndroidRuntime: 	at android.app.ActivityThread.handleSleeping(ActivityThread.java:3645)
04-14 11:07:13.808 22121 22121 E AndroidRuntime: 	at android.app.ActivityThread.-wrap19(ActivityThread.java)
04-14 11:07:13.808 22121 22121 E AndroidRuntime: 	at android.app.ActivityThread$H.handleMessage(ActivityThread.java:1529)
04-14 11:07:13.808 22121 22121 E AndroidRuntime: 	at android.os.Handler.dispatchMessage(Handler.java:102)
04-14 11:07:13.808 22121 22121 E AndroidRuntime: 	at android.os.Looper.loop(Looper.java:148)
04-14 11:07:13.808 22121 22121 E AndroidRuntime: 	at android.app.ActivityThread.main(ActivityThread.java:5456)
04-14 11:07:13.808 22121 22121 E AndroidRuntime: 	at java.lang.reflect.Method.invoke(Native Method)
04-14 11:07:13.808 22121 22121 E AndroidRuntime: 	at com.android.internal.os.ZygoteInit$MethodAndArgsCaller.run(ZygoteInit.java:728)
04-14 11:07:13.808 22121 22121 E AndroidRuntime: 	at com.android.internal.os.ZygoteInit.main(ZygoteInit.java:618)
04-14 11:07:13.808 22121 22121 E AndroidRuntime: Caused by: java.lang.NullPointerException: Attempt to invoke virtual method 'void com.qualcomm.ftccommon.FtcRobotControllerService.shutdownRobot()' on a null object reference
04-14 11:07:13.808 22121 22121 E AndroidRuntime: 	at org.firstinspires.ftc.robotcontroller.internal.FtcRobotControllerActivity.onStop(FtcRobotControllerActivity.java:318)
04-14 11:07:13.808 22121 22121 E AndroidRuntime: 	at android.app.Instrumentation.callActivityOnStop(Instrumentation.java:1301)
04-14 11:07:13.808 22121 22121 E AndroidRuntime: 	at android.app.Activity.performStop(Activity.java:6403)
04-14 11:07:13.808 22121 22121 E AndroidRuntime: 	at android.app.ActivityThread.handleSleeping(ActivityThread.java:3642)
04-14 11:07:13.808 22121 22121 E AndroidRuntime: 	... 8 more
04-14 13:54:13.135 27373 27373 E AndroidRuntime: FATAL EXCEPTION: main
04-14 13:54:13.135 27373 27373 E AndroidRuntime: Process: com.qualcomm.ftcrobotcontroller, PID: 27373
04-14 13:54:13.135 27373 27373 E AndroidRuntime: java.lang.RuntimeException: Unable to stop activity {com.qualcomm.ftcrobotcontroller/org.firstinspires.ftc.robotcontroller.internal.FtcRobotControllerActivity}: java.lang.NullPointerException: Attempt to invoke virtual method 'void com.qualcomm.ftccommon.FtcRobotControllerService.shutdownRobot()' on a null object reference
04-14 13:54:13.135 27373 27373 E AndroidRuntime: 	at android.app.ActivityThread.handleSleeping(ActivityThread.java:3645)
04-14 13:54:13.135 27373 27373 E AndroidRuntime: 	at android.app.ActivityThread.-wrap19(ActivityThread.java)
04-14 13:54:13.135 27373 27373 E AndroidRuntime: 	at android.app.ActivityThread$H.handleMessage(ActivityThread.java:1529)
04-14 13:54:13.135 27373 27373 E AndroidRuntime: 	at android.os.Handler.dispatchMessage(Handler.java:102)
04-14 13:54:13.135 27373 27373 E AndroidRuntime: 	at android.os.Looper.loop(Looper.java:148)
04-14 13:54:13.135 27373 27373 E AndroidRuntime: 	at android.app.ActivityThread.main(ActivityThread.java:5456)
04-14 13:54:13.135 27373 27373 E AndroidRuntime: 	at java.lang.reflect.Method.invoke(Native Method)
04-14 13:54:13.135 27373 27373 E AndroidRuntime: 	at com.android.internal.os.ZygoteInit$MethodAndArgsCaller.run(ZygoteInit.java:728)
04-14 13:54:13.135 27373 27373 E AndroidRuntime: 	at com.android.internal.os.ZygoteInit.main(ZygoteInit.java:618)
04-14 13:54:13.135 27373 27373 E AndroidRuntime: Caused by: java.lang.NullPointerException: Attempt to invoke virtual method 'void com.qualcomm.ftccommon.FtcRobotControllerService.shutdownRobot()' on a null object reference
04-14 13:54:13.135 27373 27373 E AndroidRuntime: 	at org.firstinspires.ftc.robotcontroller.internal.FtcRobotControllerActivity.onStop(FtcRobotControllerActivity.java:318)
04-14 13:54:13.135 27373 27373 E AndroidRuntime: 	at android.app.Instrumentation.callActivityOnStop(Instrumentation.java:1301)
04-14 13:54:13.135 27373 27373 E AndroidRuntime: 	at android.app.Activity.performStop(Activity.java:6403)
04-14 13:54:13.135 27373 27373 E AndroidRuntime: 	at android.app.ActivityThread.handleSleeping(ActivityThread.java:3642)
04-14 13:54:13.135 27373 27373 E AndroidRuntime: 	... 8 more
04-14 13:58:50.762 27946 27946 E AndroidRuntime: FATAL EXCEPTION: main
04-14 13:58:50.762 27946 27946 E AndroidRuntime: Process: com.qualcomm.ftcrobotcontroller, PID: 27946
04-14 13:58:50.762 27946 27946 E AndroidRuntime: java.lang.RuntimeException: Unable to stop activity {com.qualcomm.ftcrobotcontroller/org.firstinspires.ftc.robotcontroller.internal.FtcRobotControllerActivity}: java.lang.NullPointerException: Attempt to invoke virtual method 'void com.qualcomm.ftccommon.FtcRobotControllerService.shutdownRobot()' on a null object reference
04-14 13:58:50.762 27946 27946 E AndroidRuntime: 	at android.app.ActivityThread.handleSleeping(ActivityThread.java:3645)
04-14 13:58:50.762 27946 27946 E AndroidRuntime: 	at android.app.ActivityThread.-wrap19(ActivityThread.java)
04-14 13:58:50.762 27946 27946 E AndroidRuntime: 	at android.app.ActivityThread$H.handleMessage(ActivityThread.java:1529)
04-14 13:58:50.762 27946 27946 E AndroidRuntime: 	at android.os.Handler.dispatchMessage(Handler.java:102)
04-14 13:58:50.762 27946 27946 E AndroidRuntime: 	at android.os.Looper.loop(Looper.java:148)
04-14 13:58:50.762 27946 27946 E AndroidRuntime: 	at android.app.ActivityThread.main(ActivityThread.java:5456)
04-14 13:58:50.762 27946 27946 E AndroidRuntime: 	at java.lang.reflect.Method.invoke(Native Method)
04-14 13:58:50.762 27946 27946 E AndroidRuntime: 	at com.android.internal.os.ZygoteInit$MethodAndArgsCaller.run(ZygoteInit.java:728)
04-14 13:58:50.762 27946 27946 E AndroidRuntime: 	at com.android.internal.os.ZygoteInit.main(ZygoteInit.java:618)
04-14 13:58:50.762 27946 27946 E AndroidRuntime: Caused by: java.lang.NullPointerException: Attempt to invoke virtual method 'void com.qualcomm.ftccommon.FtcRobotControllerService.shutdownRobot()' on a null object reference
04-14 13:58:50.762 27946 27946 E AndroidRuntime: 	at org.firstinspires.ftc.robotcontroller.internal.FtcRobotControllerActivity.onStop(FtcRobotControllerActivity.java:318)
04-14 13:58:50.762 27946 27946 E AndroidRuntime: 	at android.app.Instrumentation.callActivityOnStop(Instrumentation.java:1301)
04-14 13:58:50.762 27946 27946 E AndroidRuntime: 	at android.app.Activity.performStop(Activity.java:6403)
04-14 13:58:50.762 27946 27946 E AndroidRuntime: 	at android.app.ActivityThread.handleSleeping(ActivityThread.java:3642)
04-14 13:58:50.762 27946 27946 E AndroidRuntime: 	... 8 more
04-14 13:58:53.183 28006 28006 E AndroidRuntime: FATAL EXCEPTION: main
04-14 13:58:53.183 28006 28006 E AndroidRuntime: Process: com.qualcomm.ftcrobotcontroller, PID: 28006
04-14 13:58:53.183 28006 28006 E AndroidRuntime: java.lang.RuntimeException: Unable to stop activity {com.qualcomm.ftcrobotcontroller/org.firstinspires.ftc.robotcontroller.internal.FtcRobotControllerActivity}: java.lang.NullPointerException: Attempt to invoke virtual method 'void com.qualcomm.ftccommon.FtcRobotControllerService.shutdownRobot()' on a null object reference
04-14 13:58:53.183 28006 28006 E AndroidRuntime: 	at android.app.ActivityThread.handleSleeping(ActivityThread.java:3645)
04-14 13:58:53.183 28006 28006 E AndroidRuntime: 	at android.app.ActivityThread.-wrap19(ActivityThread.java)
