04-16 20:43:57.322  9256  9306 V RobotCore: Robot Status: running, starting robot
04-16 20:43:57.322  9256  9306 V RobotCore: Robot Status: running
04-16 20:43:57.322  9256  9306 V RobotCore: thread: ...terminating 'RobotSetupRunnable.run()'
04-16 20:43:57.337  9256  9335 V RobotCore: thread: 'opmode loop()' starting...
04-16 20:43:57.342  9256  9335 D RobotCore: system telemetry: key=$System$None$ msg=""
04-16 20:43:57.355  9256  9256 D MediaPlayer: setSubtitleAnchor in MediaPlayer
04-16 20:43:57.355  9256  9334 D MediaPlayer: setSubtitleAnchor in MediaPlayer
04-16 20:43:57.420  9256  9332 D ExtendedUtils: extended extractor not needed, return default
04-16 20:43:57.421  9256  9332 I MediaCodec: (0xb7f20040) init name(audio/raw) isType(1) encoder(0)
04-16 20:43:57.429  9256  9339 I OMXClient: Using client-side OMX mux.
04-16 20:43:57.448  9256  9339 E OMXMaster: A component of name 'OMX.qcom.audio.decoder.aac' already exists, ignoring this one.
04-16 20:43:57.451  9256  9339 I MediaCodec: (0xb7f20040) Component Allocated (OMX.google.raw.decoder)
04-16 20:43:57.452  9256  9332 I MediaCodec: (0xb7f20040) configure surface(0x0) crypto(0x0) flags(0)
04-16 20:43:57.452  9256  9332 D MediaCodec: (0xb7f20040) configure format: AMessage(what = 0x00000000) = {
04-16 20:43:57.452  9256  9332 D MediaCodec:    string mime = "audio/raw"
04-16 20:43:57.452  9256  9332 D MediaCodec:    int64_t durationUs = 1019125
04-16 20:43:57.452  9256  9332 D MediaCodec:    int32_t channel-count = 1
04-16 20:43:57.452  9256  9332 D MediaCodec:    int32_t sample-rate = 8000
04-16 20:43:57.452  9256  9332 D MediaCodec:    int32_t channel-mask = 0
04-16 20:43:57.452  9256  9332 D MediaCodec:  }
04-16 20:43:57.455  9256  9332 I MediaCodec: (0xb7f20040) start
04-16 20:43:57.457  9256  9339 I MediaCodec: (0xb7f20040) input buffers allocated
04-16 20:43:57.457  9256  9339 I MediaCodec: (0xb7f20040) numBuffers (4)
04-16 20:43:57.457  9256  9339 I MediaCodec: (0xb7f20040) output buffers allocated
04-16 20:43:57.457  9256  9339 I MediaCodec: (0xb7f20040) numBuffers (4)
04-16 20:43:57.463  9256  9339 I MediaCodec: (0xb7f20040) codec output format changed
04-16 20:43:57.463  9256  9339 D MediaCodec: (0xb7f20040) output format: AMessage(what = 'codc', target = 2) = {
04-16 20:43:57.463  9256  9339 D MediaCodec:    string mime = "audio/raw"
04-16 20:43:57.463  9256  9339 D MediaCodec:    int32_t channel-count = 1
04-16 20:43:57.463  9256  9339 D MediaCodec:    int32_t sample-rate = 8000
04-16 20:43:57.463  9256  9339 D MediaCodec:    int32_t channel-mask = 0
04-16 20:43:57.463  9256  9339 D MediaCodec:    int32_t what = 1869968451
04-16 20:43:57.463  9256  9339 D MediaCodec:  }
04-16 20:43:57.467  9256  9332 I MediaCodec: (0xb7f20040) stop
04-16 20:43:57.470  9256  9332 I MediaCodec: (0xb7f20040) release
04-16 20:43:57.490  9256  9334 W AudioTrack: AUDIO_OUTPUT_FLAG_FAST denied by client; transfer 4, track 8000 Hz, output 48000 Hz
04-16 20:43:57.844  9256  9335 I RobotCore: Attempting to switch to op mode $Stop$Robot$
04-16 20:43:58.510  9256  9335 I RobotCore: robot battery read duration: n=4, mean=8.634ms sd=17.245ms
04-16 20:44:08.767  9256  9311 V PeerDiscovery: new remote peer discovered: 192.168.49.134
04-16 20:44:08.768  9256  9311 D Robocol : RobocolDatagramSocket connected to /192.168.49.134:20884
04-16 20:44:08.768  9256  9311 V NetworkConnectionHandler: starting sending loop
04-16 20:44:08.769  9256  9311 V Robocol : SendOnceRunnable created
04-16 20:44:08.770  9256  9311 V RobotCore: Network: active, connected
04-16 20:44:08.797  9256  9334 D MediaPlayer: setSubtitleAnchor in MediaPlayer
04-16 20:44:08.797  9256  9256 D MediaPlayer: setSubtitleAnchor in MediaPlayer
04-16 20:44:08.805  9256  9311 V Robocol : received command: CMD_REQUEST_OP_MODE_LIST(10005) 
04-16 20:44:08.809  9256  9348 V Robocol : sending CMD_REQUEST_USER_SENSOR_LIST_RESP(34), attempt: 0
04-16 20:44:08.821  9256  9332 D ExtendedUtils: extended extractor not needed, return default
04-16 20:44:08.821  9256  9332 I MediaCodec: (0xb7f334e8) init name(audio/raw) isType(1) encoder(0)
04-16 20:44:08.825  9256  9352 I OMXClient: Using client-side OMX mux.
04-16 20:44:08.832  9256  9311 V Robocol : received command: CMD_REQUEST_ACTIVE_CONFIGURATION(10006) 
04-16 20:44:08.836  9256  9352 E OMXMaster: A component of name 'OMX.qcom.audio.decoder.aac' already exists, ignoring this one.
04-16 20:44:08.849  9256  9348 V Robocol : sending CMD_REQUEST_OP_MODE_LIST_RESP(40), attempt: 0
04-16 20:44:08.849  9256  9348 V Robocol : sending CMD_REQUEST_USER_SENSOR_LIST_RESP(41), attempt: 0
04-16 20:44:08.855  9256  9352 I MediaCodec: (0xb7f334e8) Component Allocated (OMX.google.raw.decoder)
04-16 20:44:08.856  9256  9332 I MediaCodec: (0xb7f334e8) configure surface(0x0) crypto(0x0) flags(0)
04-16 20:44:08.856  9256  9332 D MediaCodec: (0xb7f334e8) configure format: AMessage(what = 0x00000000) = {
04-16 20:44:08.856  9256  9332 D MediaCodec:    string mime = "audio/raw"
04-16 20:44:08.856  9256  9332 D MediaCodec:    int64_t durationUs = 485011
04-16 20:44:08.856  9256  9332 D MediaCodec:    int32_t channel-count = 2
04-16 20:44:08.856  9256  9332 D MediaCodec:    int32_t sample-rate = 44100
04-16 20:44:08.856  9256  9332 D MediaCodec:    int32_t channel-mask = 0
04-16 20:44:08.856  9256  9332 D MediaCodec:  }
04-16 20:44:08.857  9256  9311 V Robocol : received command: CMD_REQUEST_USER_SENSOR_LIST_RESP(34) [{"description":"a MR compass sensor","flavor":"I2C","name":"MR Compass Sensor","xmlTag":"ModernRoboticsI2cCompassSensor"},{"description":"an Adafruit IMU","flavor":"I2C","name":"Adafruit IMU","xmlTag":"AdafruitBNO055IMU"},{"description":"a MR range sensor","flavor":"I2C","name":"MR Range Sensor","xmlTag":"ModernRoboticsI2cRangeSensor"}]
04-16 20:44:08.857  9256  9332 I MediaCodec: (0xb7f334e8) start
04-16 20:44:08.858  9256  9352 I MediaCodec: (0xb7f334e8) input buffers allocated
04-16 20:44:08.858  9256  9352 I MediaCodec: (0xb7f334e8) numBuffers (4)
04-16 20:44:08.858  9256  9352 I MediaCodec: (0xb7f334e8) output buffers allocated
04-16 20:44:08.858  9256  9352 I MediaCodec: (0xb7f334e8) numBuffers (4)
04-16 20:44:08.864  9256  9352 I MediaCodec: (0xb7f334e8) codec output format changed
04-16 20:44:08.864  9256  9352 D MediaCodec: (0xb7f334e8) output format: AMessage(what = 'codc', target = 6) = {
04-16 20:44:08.864  9256  9352 D MediaCodec:    string mime = "audio/raw"
04-16 20:44:08.864  9256  9352 D MediaCodec:    int32_t channel-count = 2
04-16 20:44:08.864  9256  9352 D MediaCodec:    int32_t sample-rate = 44100
04-16 20:44:08.864  9256  9352 D MediaCodec:    int32_t channel-mask = 0
04-16 20:44:08.864  9256  9352 D MediaCodec:    int32_t what = 1869968451
04-16 20:44:08.864  9256  9352 D MediaCodec:  }
04-16 20:44:08.870  9256  9332 I MediaCodec: (0xb7f334e8) stop
04-16 20:44:08.874  9256  9332 I MediaCodec: (0xb7f334e8) release
04-16 20:44:08.880  9256  9311 V Robocol : received command: CMD_REQUEST_OP_MODE_LIST_RESP(40) [{"flavor":"TELEOP","group":"Test","name":"MenusTest"},{"flavor":"AUTONOMOUS","group":"Competition","name":"BlueAlternateCenter"},{"flavor":"AUTONOMOUS","group":"Competition","name":"BlueAlternateCorner"},{"flavor":"AUTONOMOUS","group":"Competition","name":"BlueStandardCenter"},{"flavor":"AUTONOMOUS","group":"Competition","name":"BlueStandardCorner"},{"flavor":"TELEOP","group":"Competition","name":"FinalTeleOp"},{"flavor":"AUTONOMOUS","group":"Competition","name":"RedAlternateCenter"},{"flavor":"AUTONOMOUS","group":"Competition","name":"RedAlternateCorner"},{"flavor":"AUTONOMOUS","group":"Competition","name":"RedStandardCenter"},{"flavor":"AUTONOMOUS","group":"Competition","name":"RedStandardCorner"}]
04-16 20:44:08.880  9256  9311 V Robocol : received command: CMD_INIT_OP_MODE(10017) $Stop$Robot$
04-16 20:44:08.889  9256  9348 V Robocol : sending CMD_REQUEST_ACTIVE_CONFIGURATION_RESP(46), attempt: 0
04-16 20:44:08.892  9256  9334 W AudioTrack: AUDIO_OUTPUT_FLAG_FAST denied by client; transfer 4, track 44100 Hz, output 48000 Hz
04-16 20:44:08.990  9256  9311 V Robocol : received command: CMD_REQUEST_USER_SENSOR_LIST_RESP(41) [{"description":"a MR compass sensor","flavor":"I2C","name":"MR Compass Sensor","xmlTag":"ModernRoboticsI2cCompassSensor"},{"description":"an Adafruit IMU","flavor":"I2C","name":"Adafruit IMU","xmlTag":"AdafruitBNO055IMU"},{"description":"a MR range sensor","flavor":"I2C","name":"MR Range Sensor","xmlTag":"ModernRoboticsI2cRangeSensor"}]
04-16 20:44:08.991  9256  9311 V Robocol : received command: CMD_REQUEST_ACTIVE_CONFIGURATION_RESP(46) {"isDirty":false,"location":"LOCAL_STORAGE","name":"FINAL_CONFIG_2017","resourceId":0}
04-16 20:44:08.995  9256  9335 I RobotCore: Attempting to switch to op mode $Stop$Robot$
04-16 20:44:09.009  9256  9348 V Robocol : sending CMD_INIT_OP_MODE_RESP(57), attempt: 0
04-16 20:44:09.041  9256  9311 V Robocol : received command: CMD_INIT_OP_MODE_RESP(57) $Stop$Robot$
04-16 20:44:11.361  9256  9311 V Robocol : received command: CMD_INIT_OP_MODE(10089) $Stop$Robot$
04-16 20:44:11.369  9256  9335 I RobotCore: Attempting to switch to op mode $Stop$Robot$
04-16 20:44:11.409  9256  9348 V Robocol : sending CMD_INIT_OP_MODE_RESP(127), attempt: 0
04-16 20:44:11.446  9256  9311 V Robocol : received command: CMD_INIT_OP_MODE_RESP(127) $Stop$Robot$
04-16 20:44:13.827  9256  9311 V Robocol : received command: CMD_INIT_OP_MODE(10122) $Stop$Robot$
04-16 20:44:13.921  9256  9335 I RobotCore: Attempting to switch to op mode $Stop$Robot$
04-16 20:44:13.929  9256  9348 V Robocol : sending CMD_INIT_OP_MODE_RESP(168), attempt: 0
04-16 20:44:13.961  9256  9311 V Robocol : received command: CMD_INIT_OP_MODE_RESP(168) $Stop$Robot$
04-16 20:44:15.282  9256  9311 V Robocol : received command: CMD_INIT_OP_MODE(10145) FinalTeleOp
04-16 20:44:15.284  9256  9335 I RobotCore: Attempting to switch to op mode FinalTeleOp
04-16 20:44:15.351  9256  9357 V RobotCore: thread: 'LinearOpMode main' starting...
04-16 20:44:15.369  9256  9348 V Robocol : sending CMD_INIT_OP_MODE_RESP(193), attempt: 0
04-16 20:44:15.401  9256  9311 V Robocol : received command: CMD_INIT_OP_MODE_RESP(193) FinalTeleOp
04-16 20:44:15.884  9256  9266 I art     : Background sticky concurrent mark sweep GC freed 41699(1348KB) AllocSpace objects, 0(0B) LOS objects, 8% free, 13MB/15MB, paused 5.163ms total 24.624ms
04-16 20:44:16.681  9256  9311 V Robocol : received command: CMD_RUN_OP_MODE(10176) FinalTeleOp
04-16 20:44:16.689  9256  9348 V Robocol : sending CMD_RUN_OP_MODE_RESP(224), attempt: 0
04-16 20:44:16.722  9256  9311 V Robocol : received command: CMD_RUN_OP_MODE_RESP(224) FinalTeleOp
04-16 20:44:44.924  9256  9311 V Robocol : received command: CMD_INIT_OP_MODE(10648) $Stop$Robot$
04-16 20:44:44.931  9256  9335 V RobotCore: waiting for service user linear op mode
04-16 20:44:44.931  9256  9357 D RobotCore: LinearOpMode received an InterruptedException; shutting down this linear op mode
04-16 20:44:44.931  9256  9357 V RobotCore: thread: ...terminating 'LinearOpMode main'
04-16 20:44:44.931  9256  9335 V RobotCore: awaitTermination returned, isTerminated=true
04-16 20:44:44.931  9256  9335 V RobotCore: executive service user linear op mode is terminated
04-16 20:44:44.932  9256  9335 I RobotCore: Attempting to switch to op mode $Stop$Robot$
04-16 20:44:45.009  9256  9348 V Robocol : sending CMD_INIT_OP_MODE_RESP(727), attempt: 0
04-16 20:44:45.081  9256  9311 V Robocol : received command: CMD_INIT_OP_MODE_RESP(727) $Stop$Robot$
04-16 20:44:45.082  9256  9311 V Robocol : received command: CMD_RUN_OP_MODE(10655) $Stop$Robot$
04-16 20:44:45.169  9256  9348 V Robocol : sending CMD_RUN_OP_MODE_RESP(733), attempt: 0
04-16 20:44:45.201  9256  9311 V Robocol : received command: CMD_RUN_OP_MODE_RESP(733) $Stop$Robot$
04-16 20:44:50.806  9256  9324 E FTDI_Device::: UsbConnection.requestWait() == null
04-16 20:44:50.806  9256  9318 E FTDI_Device::: UsbConnection.requestWait() == null
04-16 20:44:50.806  9256  9327 E FTDI_Device::: UsbConnection.requestWait() == null
04-16 20:44:50.818  9256  9256 D UsbDeviceConnectionJNI: close
04-16 20:44:50.819  9256  9314 D ProcessRequestThread::: Device has been closed.
04-16 20:44:50.819  9256  9314 W System.err: java.lang.InterruptedException
04-16 20:44:50.819  9256  9314 W System.err: 	at java.util.concurrent.locks.AbstractQueuedSynchronizer.doAcquireSharedInterruptibly(AbstractQueuedSynchronizer.java:972)
04-16 20:44:50.819  9256  9314 W System.err: 	at java.util.concurrent.locks.AbstractQueuedSynchronizer.acquireSharedInterruptibly(AbstractQueuedSynchronizer.java:1278)
04-16 20:44:50.819  9256  9314 W System.err: 	at java.util.concurrent.Semaphore.acquire(Semaphore.java:284)
04-16 20:44:50.819  9256  9314 W System.err: 	at com.ftdi.j2xx.ProcessInCtrl.acquireReadableBuffer(FT_Device.java:2294)
04-16 20:44:50.819  9256  9314 W System.err: 	at com.ftdi.j2xx.ProcessRequestWorker.run(FT_Device.java:2764)
04-16 20:44:50.819  9256  9314 W System.err: 	at java.lang.Thread.run(Thread.java:818)
04-16 20:44:50.820  9256  9313 D BulkIn::: Stop BulkIn thread
04-16 20:44:50.820  9256  9313 W System.err: java.lang.NullPointerException: Attempt to invoke virtual method 'int com.ftdi.j2xx.D2xxManager$DriverParameters.getBufferNumber()' on a null object reference
04-16 20:44:50.820  9256  9313 W System.err: 	at com.ftdi.j2xx.ProcessInCtrl.releaseWritableBuffers(FT_Device.java:2672)
04-16 20:44:50.820  9256  9313 W System.err: 	at com.ftdi.j2xx.BulkInWorker.run(FT_Device.java:2879)
04-16 20:44:50.820  9256  9313 W System.err: 	at java.lang.Thread.run(Thread.java:818)
04-16 20:44:50.821  9256  9315 W RobotCore: could not write to Modern Robotics USB Servo Controller [AL00VST0]: FTDI Null Pointer Exception
04-16 20:44:50.821  9256  9315 E RobotCore: java.lang.NullPointerException: Attempt to invoke interface method 'void java.util.concurrent.locks.Lock.unlock()' on a null object reference
04-16 20:44:50.821  9256  9315 E RobotCore: com.ftdi.j2xx.ProcessInCtrl.readBulkInData(FT_Device.java:2520)
04-16 20:44:50.821  9256  9315 E RobotCore: com.ftdi.j2xx.FT_Device.read(FT_Device.java:666)
04-16 20:44:50.821  9256  9315 E RobotCore: com.qualcomm.robotcore.hardware.usb.ftdi.RobotUsbDeviceFtdi.read(RobotUsbDeviceFtdi.java:199)
04-16 20:44:50.821  9256  9315 E RobotCore: com.qualcomm.robotcore.hardware.usb.ftdi.RobotUsbDeviceFtdi.read(RobotUsbDeviceFtdi.java:176)
04-16 20:44:50.821  9256  9315 E RobotCore: com.qualcomm.modernrobotics.ReadWriteRunnableUsbHandler.a(SourceFile:77)
04-16 20:44:50.821  9256  9315 E RobotCore: com.qualcomm.modernrobotics.ReadWriteRunnableUsbHandler.read(SourceFile:66)
04-16 20:44:50.821  9256  9315 E RobotCore: com.qualcomm.hardware.modernrobotics.ReadWriteRunnableStandard$1.run(ReadWriteRunnableStandard.java:343)
04-16 20:44:50.821  9256  9315 E RobotCore: com.qualcomm.robotcore.util.ThreadPool.logThreadLifeCycle(ThreadPool.java:513)
04-16 20:44:50.821  9256  9315 E RobotCore: com.qualcomm.hardware.modernrobotics.ReadWriteRunnableStandard.run(ReadWriteRunnableStandard.java:302)
04-16 20:44:50.821  9256  9315 E RobotCore: java.util.concurrent.ThreadPoolExecutor.runWorker(ThreadPoolExecutor.java:1113)
04-16 20:44:50.821  9256  9315 E RobotCore: java.util.concurrent.ThreadPoolExecutor$Worker.run(ThreadPoolExecutor.java:588)
04-16 20:44:50.821  9256  9315 E RobotCore: java.lang.Thread.run(Thread.java:818)
04-16 20:44:50.822  9256  9315 V RobotCore: thread: ...terminating 'r/w loop: Modern Robotics USB Servo Controller [AL00VST0]'
04-16 20:44:50.831  9256  9256 D UsbDeviceConnectionJNI: close
04-16 20:44:50.831  9256  9329 D ProcessRequestThread::: Device has been closed.
04-16 20:44:50.831  9256  9329 W System.err: java.lang.InterruptedException
04-16 20:44:50.831  9256  9329 W System.err: 	at java.util.concurrent.locks.AbstractQueuedSynchronizer.doAcquireSharedInterruptibly(AbstractQueuedSynchronizer.java:972)
04-16 20:44:50.831  9256  9329 W System.err: 	at java.util.concurrent.locks.AbstractQueuedSynchronizer.acquireSharedInterruptibly(AbstractQueuedSynchronizer.java:1278)
04-16 20:44:50.831  9256  9329 W System.err: 	at java.util.concurrent.Semaphore.acquire(Semaphore.java:284)
04-16 20:44:50.832  9256  9329 W System.err: 	at com.ftdi.j2xx.ProcessInCtrl.acquireReadableBuffer(FT_Device.java:2294)
04-16 20:44:50.832  9256  9329 W System.err: 	at com.ftdi.j2xx.ProcessRequestWorker.run(FT_Device.java:2764)
04-16 20:44:50.832  9256  9329 W System.err: 	at java.lang.Thread.run(Thread.java:818)
04-16 20:44:50.832  9256  9330 W RobotCore: could not write to Modern Robotics USB DC Motor Controller [AL00VBIF]: FTDI Null Pointer Exception
04-16 20:44:50.833  9256  9330 E RobotCore: java.lang.NullPointerException: Attempt to invoke interface method 'void java.util.concurrent.locks.Lock.unlock()' on a null object reference
04-16 20:44:50.833  9256  9330 E RobotCore: com.ftdi.j2xx.ProcessInCtrl.readBulkInData(FT_Device.java:2520)
04-16 20:44:50.833  9256  9330 E RobotCore: com.ftdi.j2xx.FT_Device.read(FT_Device.java:666)
04-16 20:44:50.833  9256  9330 E RobotCore: com.qualcomm.robotcore.hardware.usb.ftdi.RobotUsbDeviceFtdi.read(RobotUsbDeviceFtdi.java:199)
04-16 20:44:50.833  9256  9330 E RobotCore: com.qualcomm.robotcore.hardware.usb.ftdi.RobotUsbDeviceFtdi.read(RobotUsbDeviceFtdi.java:176)
04-16 20:44:50.833  9256  9330 E RobotCore: com.qualcomm.modernrobotics.ReadWriteRunnableUsbHandler.a(SourceFile:77)
04-16 20:44:50.833  9256  9330 E RobotCore: com.qualcomm.modernrobotics.ReadWriteRunnableUsbHandler.read(SourceFile:66)
04-16 20:44:50.833  9256  9330 E RobotCore: com.qualcomm.hardware.modernrobotics.ReadWriteRunnableStandard$1.run(ReadWriteRunnableStandard.java:343)
04-16 20:44:50.833  9256  9330 E RobotCore: com.qualcomm.robotcore.util.ThreadPool.logThreadLifeCycle(ThreadPool.java:513)
04-16 20:44:50.833  9256  9330 E RobotCore: com.qualcomm.hardware.modernrobotics.ReadWriteRunnableStandard.run(ReadWriteRunnableStandard.java:302)
04-16 20:44:50.833  9256  9330 E RobotCore: java.util.concurrent.ThreadPoolExecutor.runWorker(ThreadPoolExecutor.java:1113)
04-16 20:44:50.833  9256  9330 E RobotCore: java.util.concurrent.ThreadPoolExecutor$Worker.run(ThreadPoolExecutor.java:588)
04-16 20:44:50.833  9256  9330 E RobotCore: java.lang.Thread.run(Thread.java:818)
04-16 20:44:50.833  9256  9330 V RobotCore: thread: ...terminating 'r/w loop: Modern Robotics USB DC Motor Controller [AL00VBIF]'
04-16 20:44:50.834  9256  9328 D BulkIn::: Stop BulkIn thread
04-16 20:44:50.834  9256  9328 W System.err: java.lang.NullPointerException: Attempt to invoke virtual method 'int com.ftdi.j2xx.D2xxManager$DriverParameters.getBufferNumber()' on a null object reference
04-16 20:44:50.835  9256  9328 W System.err: 	at com.ftdi.j2xx.ProcessInCtrl.releaseWritableBuffers(FT_Device.java:2672)
04-16 20:44:50.835  9256  9328 W System.err: 	at com.ftdi.j2xx.BulkInWorker.run(FT_Device.java:2879)
04-16 20:44:50.835  9256  9328 W System.err: 	at java.lang.Thread.run(Thread.java:818)
04-16 20:44:50.839  9256  9311 D RobotCore: system telemetry: key=$System$Warning$ msg="problem communicating with Modern Robotics USB DC Motor Controller [AL00VBIF]; problem communicating with Modern Robotics USB Servo Controller [AL00VST0]"
04-16 20:44:50.852  9256  9256 D UsbDeviceConnectionJNI: close
04-16 20:44:50.852  9256  9256 D UsbDeviceConnectionJNI: close
04-16 20:44:50.853  9256  9327 W RobotCore: could not write to Modern Robotics USB DC Motor Controller [AI049QOP]: FTDI Null Pointer Exception
04-16 20:44:50.853  9256  9327 E RobotCore: java.lang.NullPointerException: Attempt to invoke interface method 'void java.util.concurrent.locks.Lock.unlock()' on a null object reference
04-16 20:44:50.853  9256  9256 D UsbDeviceConnectionJNI: close
04-16 20:44:50.853  9256  9327 E RobotCore: com.ftdi.j2xx.ProcessInCtrl.readBulkInData(FT_Device.java:2520)
04-16 20:44:50.853  9256  9327 E RobotCore: com.ftdi.j2xx.FT_Device.read(FT_Device.java:666)
04-16 20:44:50.853  9256  9327 E RobotCore: com.qualcomm.robotcore.hardware.usb.ftdi.RobotUsbDeviceFtdi.read(RobotUsbDeviceFtdi.java:199)
04-16 20:44:50.853  9256  9327 E RobotCore: com.qualcomm.robotcore.hardware.usb.ftdi.RobotUsbDeviceFtdi.read(RobotUsbDeviceFtdi.java:176)
04-16 20:44:50.853  9256  9327 E RobotCore: com.qualcomm.modernrobotics.ReadWriteRunnableUsbHandler.a(SourceFile:77)
04-16 20:44:50.853  9256  9327 E RobotCore: com.qualcomm.modernrobotics.ReadWriteRunnableUsbHandler.read(SourceFile:66)
04-16 20:44:50.853  9256  9327 E RobotCore: com.qualcomm.hardware.modernrobotics.ReadWriteRunnableStandard$1.run(ReadWriteRunnableStandard.java:343)
04-16 20:44:50.853  9256  9327 E RobotCore: com.qualcomm.robotcore.util.ThreadPool.logThreadLifeCycle(ThreadPool.java:513)
04-16 20:44:50.853  9256  9327 E RobotCore: com.qualcomm.hardware.modernrobotics.ReadWriteRunnableStandard.run(ReadWriteRunnableStandard.java:302)
04-16 20:44:50.853  9256  9327 E RobotCore: java.util.concurrent.ThreadPoolExecutor.runWorker(ThreadPoolExecutor.java:1113)
04-16 20:44:50.853  9256  9327 E RobotCore: java.util.concurrent.ThreadPoolExecutor$Worker.run(ThreadPoolExecutor.java:588)
04-16 20:44:50.853  9256  9327 E RobotCore: java.lang.Thread.run(Thread.java:818)
04-16 20:44:50.853  9256  9256 D UsbDeviceConnectionJNI: close
04-16 20:44:50.853  9256  9327 V RobotCore: thread: ...terminating 'r/w loop: Modern Robotics USB DC Motor Controller [AI049QOP]'
04-16 20:44:50.853  9256  9317 D ProcessRequestThread::: Device has been closed.
04-16 20:44:50.854  9256  9326 D ProcessRequestThread::: Device has been closed.
04-16 20:44:50.854  9256  9320 D ProcessRequestThread::: Device has been closed.
04-16 20:44:50.854  9256  9323 D ProcessRequestThread::: Device has been closed.
04-16 20:44:50.855  9256  9317 W System.err: java.lang.InterruptedException
04-16 20:44:50.855  9256  9323 W System.err: java.lang.InterruptedException
04-16 20:44:50.855  9256  9317 W System.err: 	at java.util.concurrent.locks.AbstractQueuedSynchronizer.doAcquireSharedInterruptibly(AbstractQueuedSynchronizer.java:972)
04-16 20:44:50.855  9256  9317 W System.err: 	at 	at java.util.concurrent.locks.AbstractQueuedSynchronizer.acquireSharedInterruptibly(AbstractQueuedSynchronizer.java:1278)
04-16 20:44:50.855  9256  9323 W System.err: 	at java.util.concurrent.locks.AbstractQueuedSynchronizer.doAcquireSharedInterruptibly(AbstractQueuedSynchronizer.java:972)
04-16 20:44:50.855  9256  9323 W System.err: 	at java.util.concurrent.locks.AbstractQueuedSynchronizer.acquireSharedInterruptibly(AbstractQueuedSynchronizer.java:1278)
04-16 20:44:50.855  9256  9323 W System.err: 	at java.util.concurrent.Semaphore.acquire(Semaphore.java:284)
04-16 20:44:50.855  9256  9323 W System.err: 	at com.ftdi.j2xx.ProcessInCtrl.acquireReadableBuffer(FT_Device.java:2294)
04-16 20:44:50.855  9256  9323 W System.err: 	at com.ftdi.j2xx.ProcessRequestWorker.run(FT_Device.java:2764)
04-16 20:44:50.855  9256  9323 W System.err: 	at java.lang.Thread.run(Thread.java:818)
04-16 20:44:50.855  9256  9325 D BulkIn::: Stop BulkIn thread
04-16 20:44:50.855  9256  9325 W System.err: java.lang.NullPointerException: Attempt to invoke virtual method 'int com.ftdi.j2xx.D2xxManager$DriverParameters.getBufferNumber()' on a null object reference
04-16 20:44:50.855  9256  9325 W System.err: 	at com.ftdi.j2xx.ProcessInCtrl.releaseWritableBuffers(FT_Device.java:2672)
04-16 20:44:50.855  9256  9324 W RobotCore: could not write to Modern Robotics USB DC Motor Controller [AL00VWH0]: FTDI Null Pointer Exception
04-16 20:44:50.855  9256  9325 W System.err: 	at com.ftdi.j2xx.BulkInWorker.run(FT_Device.java:2879)
04-16 20:44:50.855  9256  9324 E RobotCore: java.lang.NullPointerException: Attempt to invoke interface method 'void java.util.concurrent.locks.Lock.unlock()' on a null object reference
04-16 20:44:50.855  9256  9325 W System.err: 	at java.lang.Thread.run(Thread.java:818)
04-16 20:44:50.855  9256  9324 E RobotCore: com.ftdi.j2xx.ProcessInCtrl.readBulkInData(FT_Device.java:2520)
04-16 20:44:50.855  9256  9317 W System.err: java.util.concurrent.Semaphore.acquire(Semaphore.java:284)
04-16 20:44:50.855  9256  9324 E RobotCore: com.ftdi.j2xx.FT_Device.read(FT_Device.java:666)
04-16 20:44:50.855  9256  9324 E RobotCore: com.qualcomm.robotcore.hardware.usb.ftdi.RobotUsbDeviceFtdi.read(RobotUsbDeviceFtdi.java:199)
04-16 20:44:50.855  9256  9317 W System.err: 	at com.ftdi.j2xx.ProcessInCtrl.acquireReadableBuffer(FT_Device.java:2294)
04-16 20:44:50.855  9256  9324 E RobotCore: com.qualcomm.robotcore.hardware.usb.ftdi.RobotUsbDeviceFtdi.read(RobotUsbDeviceFtdi.java:176)
04-16 20:44:50.855  9256  9317 W System.err: 	at com.ftdi.j2xx.ProcessRequestWorker.run(FT_Device.java:2764)
04-16 20:44:50.855  9256  9324 E RobotCore: com.qualcomm.modernrobotics.ReadWriteRunnableUsbHandler.a(SourceFile:77)
04-16 20:44:50.856  9256  9317 W System.err: 	at java.lang.Thread.run(Thread.java:818)
04-16 20:44:50.856  9256  9324 E RobotCore: com.qualcomm.modernrobotics.ReadWriteRunnableUsbHandler.read(SourceFile:66)
04-16 20:44:50.856  9256  9324 E RobotCore: com.qualcomm.hardware.modernrobotics.ReadWriteRunnableStandard$1.run(ReadWriteRunnableStandard.java:343)
04-16 20:44:50.856  9256  9324 E RobotCore: com.qualcomm.robotcore.util.ThreadPool.logThreadLifeCycle(ThreadPool.java:513)
04-16 20:44:50.856  9256  9324 E RobotCore: com.qualcomm.hardware.modernrobotics.ReadWriteRunnableStandard.run(ReadWriteRunnableStandard.java:302)
04-16 20:44:50.856  9256  9324 E RobotCore: java.util.concurrent.ThreadPoolExecutor.runWorker(ThreadPoolExecutor.java:1113)
04-16 20:44:50.856  9256  9324 E RobotCore: java.util.concurrent.ThreadPoolExecutor$Worker.run(ThreadPoolExecutor.java:588)
04-16 20:44:50.856  9256  9324 E RobotCore: java.lang.Thread.run(Thread.java:818)
04-16 20:44:50.856  9256  9316 D BulkIn::: Stop BulkIn thread
04-16 20:44:50.856  9256  9316 W System.err: java.lang.NullPointerException: Attempt to invoke virtual method 'int com.ftdi.j2xx.D2xxManager$DriverParameters.getBufferNumber()' on a null object reference
04-16 20:44:50.856  9256  9321 W RobotCore: could not write to Modern Robotics USB DC Motor Controller [A104OQ1P]: FTDI Null Pointer Exception
04-16 20:44:50.856  9256  9316 W System.err: 	at com.ftdi.j2xx.ProcessInCtrl.releaseWritableBuffers(FT_Device.java:2672)
04-16 20:44:50.856  9256  9321 E RobotCore: java.lang.NullPointerException: Attempt to invoke interface method 'void java.util.concurrent.locks.Lock.unlock()' on a null object reference
04-16 20:44:50.856  9256  9316 W System.err: 	at com.ftdi.j2xx.BulkInWorker.run(FT_Device.java:2879)
04-16 20:44:50.856  9256  9316 W System.err: 	at java.lang.Thread.run(Thread.java:818)
04-16 20:44:50.856  9256  9324 V RobotCore: thread: ...terminating 'r/w loop: Modern Robotics USB DC Motor Controller [AL00VWH0]'
04-16 20:44:50.856  9256  9319 D BulkIn::: Stop BulkIn thread
04-16 20:44:50.856  9256  9320 W System.err: java.lang.InterruptedException
04-16 20:44:50.856  9256  9326 W System.err: java.lang.InterruptedException
04-16 20:44:50.857  9256  9320 W System.err: 	at java.util.concurrent.locks.AbstractQueuedSynchronizer.doAcquireSharedInterruptibly(AbstractQueuedSynchronizer.java:972)
04-16 20:44:50.857  9256  9320 W System.err: 	at 	at java.util.concurrent.locks.AbstractQueuedSynchronizer.acquireSharedInterruptibly(AbstractQueuedSynchronizer.java:1278)
04-16 20:44:50.857  9256  9318 W RobotCore: could not write to Modern Robotics USB Core Device Interface Module [AI02RHDJ]: FTDI Null Pointer Exception
04-16 20:44:50.857  9256  9318 E RobotCore: java.lang.NullPointerException: Attempt to invoke interface method 'void java.util.concurrent.locks.Lock.unlock()' on a null object reference
04-16 20:44:50.857  9256  9326 W System.err: 	at java.util.concurrent.locks.AbstractQueuedSynchronizer.doAcquireSharedInterruptibly(AbstractQueuedSynchronizer.java:972)
04-16 20:44:50.857  9256  9319 W System.err: java.lang.NullPointerException: Attempt to invoke virtual method 'int com.ftdi.j2xx.D2xxManager$DriverParameters.getBufferNumber()' on a null object reference
04-16 20:44:50.857  9256  9322 D BulkIn::: Stop BulkIn thread
04-16 20:44:50.857  9256  9322 W System.err: 	at java.lang.NullPointerException: Attempt to invoke virtual method 'int com.ftdi.j2xx.D2xxManager$DriverParameters.getBufferNumber()' on a null object reference
04-16 20:44:50.857  9256  9319 W System.err: com.ftdi.j2xx.ProcessInCtrl.releaseWritableBuffers(FT_Device.java:2672)
04-16 20:44:50.857  9256  9320 W System.err: 	at java.util.concurrent.Semaphore.acquire(Semaphore.java:284)
04-16 20:44:50.857  9256  9319 W System.err: com.ftdi.j2xx.BulkInWorker.run(FT_Device.java:2879)
04-16 20:44:50.857  9256  9319 W System.err: 	at 	at 	at java.lang.Thread.run(Thread.java:818)
04-16 20:44:50.857  9256  9320 W System.err: com.ftdi.j2xx.ProcessInCtrl.acquireReadableBuffer(FT_Device.java:2294)
04-16 20:44:50.857  9256  9320 W System.err: 	at com.ftdi.j2xx.ProcessRequestWorker.run(FT_Device.java:2764)
04-16 20:44:50.857  9256  9326 W System.err: java.util.concurrent.locks.AbstractQueuedSynchronizer.acquireSharedInterruptibly(AbstractQueuedSynchronizer.java:1278)
04-16 20:44:50.857  9256  9326 W System.err: 	at java.util.concurrent.Semaphore.acquire(Semaphore.java:284)
04-16 20:44:50.858  9256  9326 W System.err: 	at com.ftdi.j2xx.ProcessInCtrl.acquireReadableBuffer(FT_Device.java:2294)
04-16 20:44:50.858  9256  9326 W System.err: 	at com.ftdi.j2xx.ProcessRequestWorker.run(FT_Device.java:2764)
04-16 20:44:50.858  9256  9326 W System.err: 	at java.lang.Thread.run(Thread.java:818)
04-16 20:44:50.858  9256  9321 E RobotCore: com.ftdi.j2xx.ProcessInCtrl.readBulkInData(FT_Device.java:2520)
04-16 20:44:50.858  9256  9321 E RobotCore: com.ftdi.j2xx.FT_Device.read(FT_Device.java:666)
04-16 20:44:50.858  9256  9321 E RobotCore: com.qualcomm.robotcore.hardware.usb.ftdi.RobotUsbDeviceFtdi.read(RobotUsbDeviceFtdi.java:199)
04-16 20:44:50.858  9256  9321 E RobotCore: com.qualcomm.robotcore.hardware.usb.ftdi.RobotUsbDeviceFtdi.read(RobotUsbDeviceFtdi.java:176)
04-16 20:44:50.858  9256  9321 E RobotCore: com.qualcomm.modernrobotics.ReadWriteRunnableUsbHandler.b(SourceFile:109)
04-16 20:44:50.858  9256  9321 E RobotCore: com.qualcomm.modernrobotics.ReadWriteRunnableUsbHandler.write(SourceFile:98)
04-16 20:44:50.858  9256  9321 E RobotCore: com.qualcomm.hardware.modernrobotics.ReadWriteRunnableStandard$1.run(ReadWriteRunnableStandard.java:394)
04-16 20:44:50.858  9256  9321 E RobotCore: com.qualcomm.robotcore.util.ThreadPool.logThreadLifeCycle(ThreadPool.java:513)
04-16 20:44:50.858  9256  9321 E RobotCore: com.qualcomm.hardware.modernrobotics.ReadWriteRunnableStandard.run(ReadWriteRunnableStandard.java:302)
04-16 20:44:50.858  9256  9321 E RobotCore: java.util.concurrent.ThreadPoolExecutor.runWorker(ThreadPoolExecutor.java:1113)
04-16 20:44:50.858  9256  9321 E RobotCore: java.util.concurrent.ThreadPoolExecutor$Worker.run(ThreadPoolExecutor.java:588)
04-16 20:44:50.858  9256  9321 E RobotCore: java.lang.Thread.run(Thread.java:818)
04-16 20:44:50.858  9256  9322 W System.err: 	at com.ftdi.j2xx.ProcessInCtrl.releaseWritableBuffers(FT_Device.java:2672)
04-16 20:44:50.858  9256  9322 W System.err: 	at com.ftdi.j2xx.BulkInWorker.run(FT_Device.java:2879)
04-16 20:44:50.858  9256  9322 W System.err: 	at java.lang.Thread.run(Thread.java:818)
04-16 20:44:50.858  9256  9318 E RobotCore: com.ftdi.j2xx.ProcessInCtrl.readBulkInData(FT_Device.java:2520)
04-16 20:44:50.859  9256  9318 E RobotCore: com.ftdi.j2xx.FT_Device.read(FT_Device.java:666)
04-16 20:44:50.859  9256  9318 E RobotCore: com.qualcomm.robotcore.hardware.usb.ftdi.RobotUsbDeviceFtdi.read(RobotUsbDeviceFtdi.java:199)
04-16 20:44:50.859  9256  9318 E RobotCore: com.qualcomm.robotcore.hardware.usb.ftdi.RobotUsbDeviceFtdi.read(RobotUsbDeviceFtdi.java:176)
04-16 20:44:50.859  9256  9318 E RobotCore: com.qualcomm.modernrobotics.ReadWriteRunnableUsbHandler.a(SourceFile:77)
04-16 20:44:50.859  9256  9318 E RobotCore: com.qualcomm.modernrobotics.ReadWriteRunnableUsbHandler.read(SourceFile:66)
04-16 20:44:50.859  9256  9320 W System.err: 	at java.lang.Thread.run(Thread.java:818)
04-16 20:44:50.859  9256  9318 E RobotCore: com.qualcomm.hardware.modernrobotics.ReadWriteRunnableStandard$1.run(ReadWriteRunnableStandard.java:343)
04-16 20:44:50.859  9256  9318 E RobotCore: com.qualcomm.robotcore.util.ThreadPool.logThreadLifeCycle(ThreadPool.java:513)
04-16 20:44:50.859  9256  9318 E RobotCore: com.qualcomm.hardware.modernrobotics.ReadWriteRunnableStandard.run(ReadWriteRunnableStandard.java:302)
04-16 20:44:50.859  9256  9318 E RobotCore: java.util.concurrent.ThreadPoolExecutor.runWorker(ThreadPoolExecutor.java:1113)
04-16 20:44:50.859  9256  9318 E RobotCore: java.util.concurrent.ThreadPoolExecutor$Worker.run(ThreadPoolExecutor.java:588)
04-16 20:44:50.859  9256  9318 E RobotCore: java.lang.Thread.run(Thread.java:818)
04-16 20:44:50.859  9256  9335 D RobotCore: system telemetry: key=$System$Warning$ msg="problem communicating with Modern Robotics USB DC Motor Controller [AL00VBIF]; problem communicating with Modern Robotics USB DC Motor Controller [A104OQ1P]; problem communicating with Modern Robotics USB DC Motor Controller [AI049QOP]; problem communicating with Modern Robotics USB Servo Controller [AL00VST0]; problem communicating with Modern Robotics USB DC Motor Controller [AL00VWH0]"
04-16 20:44:50.859  9256  9321 V RobotCore: thread: ...terminating 'r/w loop: Modern Robotics USB DC Motor Controller [A104OQ1P]'
04-16 20:44:50.859  9256  9318 V RobotCore: thread: ...terminating 'r/w loop: Modern Robotics USB Core Device Interface Module [AI02RHDJ]'
04-16 20:44:50.859  9256  9335 V RobotCore: event loop: device has shutdown abnormally
04-16 20:44:50.860  9256  9335 V RobotCore: event loop: detaching device owner
04-16 20:44:50.860  9256  9335 I FIRST   : ======= MODULE DETACH RECOVERY: disarm Modern Robotics USB Servo Controller [AL00VST0]=======
04-16 20:44:50.860  9256  9335 D RobotCore: disarming modern servo controller "Modern Robotics USB Servo Controller [AL00VST0]"...
04-16 20:44:50.860  9256  9335 V RobotCore: waiting for service ReadWriteRunnable for Modern Robotics USB Device
04-16 20:44:50.861  9256  9335 V RobotCore: awaitTermination returned, isTerminated=true
04-16 20:44:50.861  9256  9335 V RobotCore: executive service ReadWriteRunnable for Modern Robotics USB Device is terminated
04-16 20:44:50.861  9256  9335 D RobotCore: ...disarming modern servo controller Modern Robotics USB Servo Controller [AL00VST0] complete
04-16 20:44:50.861  9256  9335 I FIRST   : ======= MODULE DETACH RECOVERY: pretend Modern Robotics USB Servo Controller [AL00VST0]=======
04-16 20:44:50.861  9256  9335 D RobotCore: arming modern servo controller Modern Robotics USB Servo Controller [AL00VST0] (pretend)...
04-16 20:44:50.862  9256  9335 V RobotCore: Starting up pretend device AL00VST0
04-16 20:44:50.863  9256  9376 V RobotCore: thread: 'r/w loop: Modern Robotics USB Servo Controller [AL00VST0]' starting...
04-16 20:44:50.864  9256  9335 D RobotCore: ...arming modern servo controller Modern Robotics USB Servo Controller [AL00VST0] complete
04-16 20:44:50.864  9256  9335 I FIRST   : ======= MODULE DETACH RECOVERY: complete Modern Robotics USB Servo Controller [AL00VST0]=======
04-16 20:44:50.865  9256  9335 V RobotCore: event loop: device has shutdown abnormally
04-16 20:44:50.865  9256  9335 V RobotCore: event loop: detaching device owner
04-16 20:44:50.865  9256  9335 I FIRST   : ======= MODULE DETACH RECOVERY: disarm Modern Robotics USB Core Device Interface Module [AI02RHDJ]=======
04-16 20:44:50.865  9256  9335 V RobotCore: waiting for service ReadWriteRunnable for Modern Robotics USB Device
04-16 20:44:50.866  9256  9335 V RobotCore: awaitTermination returned, isTerminated=true
04-16 20:44:50.866  9256  9335 V RobotCore: executive service ReadWriteRunnable for Modern Robotics USB Device is terminated
04-16 20:44:50.866  9256  9335 I FIRST   : ======= MODULE DETACH RECOVERY: pretend Modern Robotics USB Core Device Interface Module [AI02RHDJ]=======
04-16 20:44:50.866  9256  9335 V RobotCore: Starting up pretend device AI02RHDJ
04-16 20:44:50.867  9256  9379 V RobotCore: thread: 'r/w loop: Modern Robotics USB Core Device Interface Module [AI02RHDJ]' starting...
04-16 20:44:50.868  9256  9335 I FIRST   : ======= MODULE DETACH RECOVERY: complete Modern Robotics USB Core Device Interface Module [AI02RHDJ]=======
04-16 20:44:50.868  9256  9335 V RobotCore: event loop: device has shutdown abnormally
04-16 20:44:50.868  9256  9335 V RobotCore: event loop: detaching device owner
04-16 20:44:50.868  9256  9335 I FIRST   : ======= MODULE DETACH RECOVERY: disarm Modern Robotics USB DC Motor Controller [A104OQ1P]=======
04-16 20:44:50.868  9256  9335 D RobotCore: disarming modern motor controller Modern Robotics USB DC Motor Controller [A104OQ1P]...
04-16 20:44:50.869  9256  9335 V RobotCore: executive service ReadWriteRunnable for Modern Robotics USB Device is terminated
04-16 20:44:50.869  9256  9335 D RobotCore: ...disarming modern motor controller Modern Robotics USB DC Motor Controller [A104OQ1P] complete
04-16 20:44:50.869  9256  9335 I FIRST   : ======= MODULE DETACH RECOVERY: pretend Modern Robotics USB DC Motor Controller [A104OQ1P]=======
04-16 20:44:50.869  9256  9335 D RobotCore: arming modern motor controller Modern Robotics USB DC Motor Controller [A104OQ1P] (pretend)...
04-16 20:44:50.870  9256  9335 V RobotCore: Starting up pretend device A104OQ1P
04-16 20:44:50.871  9256  9380 V RobotCore: thread: 'r/w loop: Modern Robotics USB DC Motor Controller [A104OQ1P]' starting...
04-16 20:44:50.877  9256  9335 D RobotCore: ...arming modern motor controller Modern Robotics USB DC Motor Controller [A104OQ1P] complete
04-16 20:44:50.877  9256  9335 I FIRST   : ======= MODULE DETACH RECOVERY: complete Modern Robotics USB DC Motor Controller [A104OQ1P]=======
04-16 20:44:50.877  9256  9335 V RobotCore: event loop: device has shutdown abnormally
04-16 20:44:50.877  9256  9335 V RobotCore: event loop: detaching device owner
04-16 20:44:50.877  9256  9335 I FIRST   : ======= MODULE DETACH RECOVERY: disarm Modern Robotics USB DC Motor Controller [AL00VWH0]=======
04-16 20:44:50.877  9256  9335 D RobotCore: disarming modern motor controller Modern Robotics USB DC Motor Controller [AL00VWH0]...
04-16 20:44:50.877  9256  9335 V RobotCore: waiting for service ReadWriteRunnable for Modern Robotics USB Device
04-16 20:44:50.877  9256  9335 V RobotCore: awaitTermination returned, isTerminated=true
04-16 20:44:50.877  9256  9335 V RobotCore: executive service ReadWriteRunnable for Modern Robotics USB Device is terminated
04-16 20:44:50.878  9256  9335 D RobotCore: ...disarming modern motor controller Modern Robotics USB DC Motor Controller [AL00VWH0] complete
04-16 20:44:50.878  9256  9335 I FIRST   : ======= MODULE DETACH RECOVERY: pretend Modern Robotics USB DC Motor Controller [AL00VWH0]=======
04-16 20:44:50.878  9256  9335 D RobotCore: arming modern motor controller Modern Robotics USB DC Motor Controller [AL00VWH0] (pretend)...
04-16 20:44:50.878  9256  9335 V RobotCore: Starting up pretend device AL00VWH0
04-16 20:44:50.882  9256  9381 V RobotCore: thread: 'r/w loop: Modern Robotics USB DC Motor Controller [AL00VWH0]' starting...
04-16 20:44:50.883  9256  9335 D RobotCore: ...arming modern motor controller Modern Robotics USB DC Motor Controller [AL00VWH0] complete
04-16 20:44:50.883  9256  9335 I FIRST   : ======= MODULE DETACH RECOVERY: complete Modern Robotics USB DC Motor Controller [AL00VWH0]=======
04-16 20:44:50.883  9256  9335 V RobotCore: event loop: device has shutdown abnormally
04-16 20:44:50.883  9256  9335 V RobotCore: event loop: detaching device owner
04-16 20:44:50.883  9256  9335 I FIRST   : ======= MODULE DETACH RECOVERY: disarm Modern Robotics USB DC Motor Controller [AI049QOP]=======
04-16 20:44:50.884  9256  9334 D MediaPlayer: setSubtitleAnchor in MediaPlayer
04-16 20:44:50.886  9256  9335 D RobotCore: disarming modern motor controller Modern Robotics USB DC Motor Controller [AI049QOP]...
04-16 20:44:50.886  9256  9335 V RobotCore: waiting for service ReadWriteRunnable for Modern Robotics USB Device
04-16 20:44:50.886  9256  9335 V RobotCore: awaitTermination returned, isTerminated=true
04-16 20:44:50.886  9256  9335 V RobotCore: executive service ReadWriteRunnable for Modern Robotics USB Device is terminated
04-16 20:44:50.886  9256  9335 D RobotCore: ...disarming modern motor controller Modern Robotics USB DC Motor Controller [AI049QOP] complete
04-16 20:44:50.887  9256  9335 I FIRST   : ======= MODULE DETACH RECOVERY: pretend Modern Robotics USB DC Motor Controller [AI049QOP]=======
04-16 20:44:50.887  9256  9335 D RobotCore: arming modern motor controller Modern Robotics USB DC Motor Controller [AI049QOP] (pretend)...
04-16 20:44:50.887  9256  9335 V RobotCore: Starting up pretend device AI049QOP
04-16 20:44:50.889  9256  9383 V RobotCore: thread: 'r/w loop: Modern Robotics USB DC Motor Controller [AI049QOP]' starting...
04-16 20:44:50.890  9256  9335 D RobotCore: ...arming modern motor controller Modern Robotics USB DC Motor Controller [AI049QOP] complete
04-16 20:44:50.890  9256  9335 I FIRST   : ======= MODULE DETACH RECOVERY: complete Modern Robotics USB DC Motor Controller [AI049QOP]=======
04-16 20:44:50.890  9256  9335 V RobotCore: event loop: device has shutdown abnormally
04-16 20:44:50.890  9256  9335 V RobotCore: event loop: detaching device owner
04-16 20:44:50.890  9256  9335 I FIRST   : ======= MODULE DETACH RECOVERY: disarm Modern Robotics USB DC Motor Controller [AL00VBIF]=======
04-16 20:44:50.890  9256  9335 D RobotCore: disarming modern motor controller Modern Robotics USB DC Motor Controller [AL00VBIF]...
04-16 20:44:50.891  9256  9335 V RobotCore: waiting for service ReadWriteRunnable for Modern Robotics USB Device
04-16 20:44:50.891  9256  9335 V RobotCore: awaitTermination returned, isTerminated=true
04-16 20:44:50.891  9256  9335 V RobotCore: executive service ReadWriteRunnable for Modern Robotics USB Device is terminated
04-16 20:44:50.894  9256  9335 D RobotCore: ...disarming modern motor controller Modern Robotics USB DC Motor Controller [AL00VBIF] complete
04-16 20:44:50.894  9256  9335 I FIRST   : ======= MODULE DETACH RECOVERY: pretend Modern Robotics USB DC Motor Controller [AL00VBIF]=======
04-16 20:44:50.894  9256  9335 D RobotCore: arming modern motor controller Modern Robotics USB DC Motor Controller [AL00VBIF] (pretend)...
04-16 20:44:50.894  9256  9256 W MediaPlayer: mediaplayer went away with unhandled events
04-16 20:44:50.894  9256  9335 V RobotCore: Starting up pretend device AL00VBIF
04-16 20:44:50.898  9256  9384 V RobotCore: thread: 'r/w loop: Modern Robotics USB DC Motor Controller [AL00VBIF]' starting...
04-16 20:44:50.901  9256  9335 D RobotCore: ...arming modern motor controller Modern Robotics USB DC Motor Controller [AL00VBIF] complete
04-16 20:44:50.902  9256  9335 I FIRST   : ======= MODULE DETACH RECOVERY: complete Modern Robotics USB DC Motor Controller [AL00VBIF]=======
04-16 20:44:50.903  9256  9335 D RobotCore: system telemetry: key=$System$Warning$ msg="problem communicating with Modern Robotics USB DC Motor Controller [AL00VBIF]; problem communicating with Modern Robotics USB DC Motor Controller [A104OQ1P]; problem communicating with Modern Robotics USB Core Device Interface Module [AI02RHDJ]; problem communicating with Modern Robotics USB DC Motor Controller [AI049QOP]; problem communicating with Modern Robotics USB Servo Controller [AL00VST0]; problem communicating with Modern Robotics USB DC Motor Controller [AL00VWH0]"
04-16 20:44:50.908  9256  9332 D ExtendedUtils: extended extractor not needed, return default
04-16 20:44:50.909  9256  9332 I MediaCodec: (0xb7e0d9e0) init name(audio/raw) isType(1) encoder(0)
04-16 20:44:50.910  9256  9385 I OMXClient: Using client-side OMX mux.
04-16 20:44:50.913  9256  9385 E OMXMaster: A component of name 'OMX.qcom.audio.decoder.aac' already exists, ignoring this one.
04-16 20:44:50.915  9256  9385 I MediaCodec: (0xb7e0d9e0) Component Allocated (OMX.google.raw.decoder)
04-16 20:44:50.915  9256  9332 I MediaCodec: (0xb7e0d9e0) configure surface(0x0) crypto(0x0) flags(0)
04-16 20:44:50.915  9256  9332 D MediaCodec: (0xb7e0d9e0) configure format: AMessage(what = 0x00000000) = {
04-16 20:44:50.915  9256  9332 D MediaCodec:    string mime = "audio/raw"
04-16 20:44:50.915  9256  9332 D MediaCodec:    int64_t durationUs = 1043650
04-16 20:44:50.915  9256  9332 D MediaCodec:    int32_t channel-count = 2
04-16 20:44:50.915  9256  9332 D MediaCodec:    int32_t sample-rate = 44100
04-16 20:44:50.915  9256  9332 D MediaCodec:    int32_t channel-mask = 0
04-16 20:44:50.915  9256  9332 D MediaCodec:  }
04-16 20:44:50.916  9256  9332 I MediaCodec: (0xb7e0d9e0) start
04-16 20:44:50.916  9256  9385 I MediaCodec: (0xb7e0d9e0) input buffers allocated
04-16 20:44:50.916  9256  9385 I MediaCodec: (0xb7e0d9e0) numBuffers (4)
04-16 20:44:50.916  9256  9385 I MediaCodec: (0xb7e0d9e0) output buffers allocated
04-16 20:44:50.916  9256  9385 I MediaCodec: (0xb7e0d9e0) numBuffers (4)
04-16 20:44:50.921  9256  9385 I MediaCodec: (0xb7e0d9e0) codec output format changed
04-16 20:44:50.921  9256  9385 D MediaCodec: (0xb7e0d9e0) output format: AMessage(what = 'codc', target = 10) = {
04-16 20:44:50.921  9256  9385 D MediaCodec:    string mime = "audio/raw"
04-16 20:44:50.921  9256  9385 D MediaCodec:    int32_t channel-count = 2
04-16 20:44:50.921  9256  9385 D MediaCodec:    int32_t sample-rate = 44100
04-16 20:44:50.921  9256  9385 D MediaCodec:    int32_t channel-mask = 0
04-16 20:44:50.921  9256  9385 D MediaCodec:    int32_t what = 1869968451
04-16 20:44:50.921  9256  9385 D MediaCodec:  }
04-16 20:44:50.938  9256  9332 I MediaCodec: (0xb7e0d9e0) stop
04-16 20:44:50.943  9256  9332 I MediaCodec: (0xb7e0d9e0) release
04-16 20:44:50.948  9256  9334 W AudioTrack: AUDIO_OUTPUT_FLAG_FAST denied by client; transfer 4, track 44100 Hz, output 48000 Hz
04-16 20:44:51.992  9256  9334 W AudioTrack: AUDIO_OUTPUT_FLAG_FAST denied by client; transfer 4, track 44100 Hz, output 48000 Hz
04-16 20:45:06.579  9256  9256 V RCActivity: onPause()
04-16 20:45:06.589  9256  9256 V RCActivity: onStop()
04-16 20:45:06.589  9256  9256 V RobotCore: executive service robot setup is terminated
04-16 20:45:06.590  9256  9256 V Robocol : EventLoopManager.shutdown()
04-16 20:45:06.590  9256  9256 V RobotCore: waiting for service EventLoop
04-16 20:45:06.590  9256  9335 I FIRST   : ======= TEARDOWN =======
04-16 20:45:06.590  9256  9335 D RobotCore: disarming modern motor controller Modern Robotics USB DC Motor Controller [A104OQ1P]...
04-16 20:45:06.595  9256  9380 V RobotCore: thread: ...terminating 'r/w loop: Modern Robotics USB DC Motor Controller [A104OQ1P]'
04-16 20:45:06.596  9256  9335 V RobotCore: executive service ReadWriteRunnable for Modern Robotics USB Device is terminated
04-16 20:45:06.596  9256  9335 D RobotCore: ...disarming modern motor controller Modern Robotics USB DC Motor Controller [A104OQ1P] complete
04-16 20:45:06.596  9256  9335 D RobotCore: disarming modern motor controller Modern Robotics USB DC Motor Controller [AI049QOP]...
04-16 20:45:06.597  9256  9335 V RobotCore: waiting for service ReadWriteRunnable for Modern Robotics USB Device
04-16 20:45:06.597  9256  9383 V RobotCore: thread: ...terminating 'r/w loop: Modern Robotics USB DC Motor Controller [AI049QOP]'
04-16 20:45:06.598  9256  9335 V RobotCore: awaitTerminationOrExitApplication ReadWriteRunnable for Modern Robotics USB Device; interrupt thrown
04-16 20:45:06.651  9256  9311 D RobotCore: system telemetry: key=$System$Warning$ msg="problem communicating with Modern Robotics USB DC Motor Controller [AL00VBIF]; problem communicating with Modern Robotics USB Core Device Interface Module [AI02RHDJ]; problem communicating with Modern Robotics USB DC Motor Controller [AI049QOP]; problem communicating with Modern Robotics USB Servo Controller [AL00VST0]; problem communicating with Modern Robotics USB DC Motor Controller [AL00VWH0]"
04-16 20:45:06.698  9256  9335 D RobotCore: ...disarming modern motor controller Modern Robotics USB DC Motor Controller [AI049QOP] complete
04-16 20:45:06.698  9256  9335 D RobotCore: disarming modern motor controller Modern Robotics USB DC Motor Controller [AL00VWH0]...
04-16 20:45:06.703  9256  9381 V RobotCore: thread: ...terminating 'r/w loop: Modern Robotics USB DC Motor Controller [AL00VWH0]'
04-16 20:45:06.703  9256  9335 V RobotCore: waiting for service ReadWriteRunnable for Modern Robotics USB Device
04-16 20:45:06.703  9256  9335 V RobotCore: awaitTermination returned, isTerminated=true
04-16 20:45:06.703  9256  9335 V RobotCore: executive service ReadWriteRunnable for Modern Robotics USB Device is terminated
04-16 20:45:06.703  9256  9335 D RobotCore: ...disarming modern motor controller Modern Robotics USB DC Motor Controller [AL00VWH0] complete
04-16 20:45:06.704  9256  9335 D RobotCore: disarming modern motor controller Modern Robotics USB DC Motor Controller [AL00VBIF]...
04-16 20:45:06.704  9256  9335 V RobotCore: waiting for service ReadWriteRunnable for Modern Robotics USB Device
04-16 20:45:06.704  9256  9384 V RobotCore: thread: ...terminating 'r/w loop: Modern Robotics USB DC Motor Controller [AL00VBIF]'
04-16 20:45:06.704  9256  9335 V RobotCore: awaitTermination returned, isTerminated=true
04-16 20:45:06.704  9256  9335 V RobotCore: executive service ReadWriteRunnable for Modern Robotics USB Device is terminated
04-16 20:45:06.704  9256  9335 D RobotCore: ...disarming modern motor controller Modern Robotics USB DC Motor Controller [AL00VBIF] complete
04-16 20:45:06.704  9256  9335 D RobotCore: disarming modern servo controller "Modern Robotics USB Servo Controller [AL00VST0]"...
04-16 20:45:06.709  9256  9335 V RobotCore: waiting for service ReadWriteRunnable for Modern Robotics USB Device
