04-16 20:40:49.743  8754  8754 I RobotCore: Battery Checker, Level Remaining: 72.0
04-16 20:40:49.748  8754  8925 V RobotCore: EventLoopManager state is NOT_STARTED
04-16 20:40:49.749  8754  8925 V RobotCore: Robot Status: stopped, waiting on network
04-16 20:40:49.751  8754  8925 V RobotCore: Robot Status: stopped, starting robot
04-16 20:40:49.751  8754  8925 V Robocol : EventLoopManager.start()
04-16 20:40:49.752  8754  8925 V RobotCore: Starting network of type: WIFIDIRECT
04-16 20:40:49.752  8754  8925 V Robocol : Spoofing a Network Connection event...
04-16 20:40:49.753  8754  8925 V RobotCore: executive service EventLoop is terminated
04-16 20:40:49.753  8754  8925 V RobotCore: EventLoopManager state is STOPPED
04-16 20:40:49.754  8754  8930 V RobotCore: thread: 'SetupRunnable.run()' starting...
04-16 20:40:49.754  8754  8925 V Robocol : eventLoop=FtcEventLoop
04-16 20:40:49.754  8754  8925 V RobotCore: EventLoopManager state is INIT
04-16 20:40:49.755  8754  8925 V RobotCore: Robot Status: initializing, starting robot
04-16 20:40:49.755  8754  8925 I FIRST   : ======= INIT START =======
04-16 20:40:49.782  8754  8925 D OpmodeRegistration: registered {MenusTest} as {MenusTest}
04-16 20:40:49.783  8754  8925 D OpmodeRegistration: registered {BlueAlternateCenter} as {BlueAlternateCenter}
04-16 20:40:49.784  8754  8925 D OpmodeRegistration: registered {BlueAlternateCorner} as {BlueAlternateCorner}
04-16 20:40:49.784  8754  8925 D OpmodeRegistration: registered {BlueStandardCenter} as {BlueStandardCenter}
04-16 20:40:49.785  8754  8925 D OpmodeRegistration: registered {BlueStandardCorner} as {BlueStandardCorner}
04-16 20:40:49.786  8754  8925 D OpmodeRegistration: registered {FinalTeleOp} as {FinalTeleOp}
04-16 20:40:49.787  8754  8925 D OpmodeRegistration: registered {RedAlternateCenter} as {RedAlternateCenter}
04-16 20:40:49.788  8754  8925 D OpmodeRegistration: registered {RedAlternateCorner} as {RedAlternateCorner}
04-16 20:40:49.788  8754  8925 D OpmodeRegistration: registered {RedStandardCenter} as {RedStandardCenter}
04-16 20:40:49.789  8754  8925 D OpmodeRegistration: registered {RedStandardCorner} as {RedStandardCorner}
04-16 20:40:49.795  8754  8930 D Robocol : RobocolDatagramSocket listening addr=/192.168.49.1:20884 cbRec=65520 cbSend=163840 msRecTO=300
04-16 20:40:49.796  8754  8930 V Robocol : RecvLoopRunnable created
04-16 20:40:49.798  8754  8930 V PeerDiscovery: Starting peer discovery
04-16 20:40:49.798  8754  8925 V D2xx::  : Start constructor
04-16 20:40:49.800  8754  8930 V RobotCore: Setup complete
04-16 20:40:49.800  8754  8930 V RobotCore: thread: ...terminating 'SetupRunnable.run()'
04-16 20:40:49.801  8754  8932 V RobotCore: thread: 'RecvLoopRunnable.run()' starting...
04-16 20:40:49.802  8754  8925 V D2xx::  : End constructor
04-16 20:40:49.805  8754  8925 V RobotCore: Creating Modern Robotics USB Servo Controller [AL00VST0]
04-16 20:40:49.813  8754  8925 D RobotCore: arming modern servo controller Modern Robotics USB Servo Controller [AL00VST0]...
04-16 20:40:49.815  8754  8925 W System.err: unable to find USB device with serial number AL00VST0
04-16 20:40:49.816  8754  8925 D RobotCore: arming modern servo controller Modern Robotics USB Servo Controller [AL00VST0] (pretend)...
04-16 20:40:49.819  8754  8925 V RobotCore: Starting up pretend device AL00VST0
04-16 20:40:49.824  8754  8934 V RobotCore: thread: 'r/w loop: Modern Robotics USB Servo Controller [AL00VST0]' starting...
04-16 20:40:49.824  8754  8925 D RobotCore: ...arming modern servo controller Modern Robotics USB Servo Controller [AL00VST0] complete
04-16 20:40:49.825  8754  8925 V RobotCore: Creating Modern Robotics USB Core Device Interface Module [AI02RHDJ]
04-16 20:40:49.831  8754  8925 W System.err: unable to find USB device with serial number AI02RHDJ
04-16 20:40:49.832  8754  8925 V RobotCore: Starting up pretend device AI02RHDJ
04-16 20:40:49.833  8754  8935 V RobotCore: thread: 'r/w loop: Modern Robotics USB Core Device Interface Module [AI02RHDJ]' starting...
04-16 20:40:49.834  8754  8925 V RobotCore: Creating I2C Device - Port: 2
04-16 20:40:49.834  8754  8925 V RobotCore: Creating Modern Robotics I2C Gyro Sensor - Port: 3
04-16 20:40:49.837  8754  8925 V RobotCore: Creating I2C Device - Port: 4
04-16 20:40:49.837  8754  8925 V RobotCore: Creating Modern Robotics Analog Optical Distance Sensor - Port: 6
04-16 20:40:49.837  8754  8925 V RobotCore: Creating Modern Robotics Analog Optical Distance Sensor - Port: 7
04-16 20:40:49.838  8754  8925 V RobotCore: Creating Modern Robotics USB DC Motor Controller [A104OQ1P]
04-16 20:40:49.844  8754  8925 D RobotCore: arming modern motor controller Modern Robotics USB DC Motor Controller [A104OQ1P]...
04-16 20:40:49.844  8754  8925 W System.err: unable to find USB device with serial number A104OQ1P
04-16 20:40:49.845  8754  8925 D RobotCore: arming modern motor controller Modern Robotics USB DC Motor Controller [A104OQ1P] (pretend)...
04-16 20:40:49.845  8754  8925 V RobotCore: Starting up pretend device A104OQ1P
04-16 20:40:49.846  8754  8936 V RobotCore: thread: 'r/w loop: Modern Robotics USB DC Motor Controller [A104OQ1P]' starting...
04-16 20:40:49.846  8754  8925 D RobotCore: ...arming modern motor controller Modern Robotics USB DC Motor Controller [A104OQ1P] complete
04-16 20:40:49.847  8754  8925 V RobotCore: Creating Modern Robotics USB DC Motor Controller [AL00VWH0]
04-16 20:40:49.847  8754  8925 D RobotCore: arming modern motor controller Modern Robotics USB DC Motor Controller [AL00VWH0]...
04-16 20:40:49.848  8754  8925 W System.err: unable to find USB device with serial number AL00VWH0
04-16 20:40:49.848  8754  8925 D RobotCore: arming modern motor controller Modern Robotics USB DC Motor Controller [AL00VWH0] (pretend)...
04-16 20:40:49.848  8754  8925 V RobotCore: Starting up pretend device AL00VWH0
04-16 20:40:49.849  8754  8937 V RobotCore: thread: 'r/w loop: Modern Robotics USB DC Motor Controller [AL00VWH0]' starting...
04-16 20:40:49.850  8754  8925 D RobotCore: ...arming modern motor controller Modern Robotics USB DC Motor Controller [AL00VWH0] complete
04-16 20:40:49.850  8754  8925 V RobotCore: Creating Modern Robotics USB DC Motor Controller [AI049QOP]
04-16 20:40:49.850  8754  8925 D RobotCore: arming modern motor controller Modern Robotics USB DC Motor Controller [AI049QOP]...
04-16 20:40:49.851  8754  8925 W System.err: unable to find USB device with serial number AI049QOP
04-16 20:40:49.851  8754  8925 D RobotCore: arming modern motor controller Modern Robotics USB DC Motor Controller [AI049QOP] (pretend)...
04-16 20:40:49.851  8754  8925 V RobotCore: Starting up pretend device AI049QOP
04-16 20:40:49.852  8754  8938 V RobotCore: thread: 'r/w loop: Modern Robotics USB DC Motor Controller [AI049QOP]' starting...
04-16 20:40:49.852  8754  8925 D RobotCore: ...arming modern motor controller Modern Robotics USB DC Motor Controller [AI049QOP] complete
04-16 20:40:49.852  8754  8925 V RobotCore: Creating Modern Robotics USB DC Motor Controller [AL00VBIF]
04-16 20:40:49.853  8754  8925 D RobotCore: arming modern motor controller Modern Robotics USB DC Motor Controller [AL00VBIF]...
04-16 20:40:49.853  8754  8925 W System.err: unable to find USB device with serial number AL00VBIF
04-16 20:40:49.853  8754  8925 D RobotCore: arming modern motor controller Modern Robotics USB DC Motor Controller [AL00VBIF] (pretend)...
04-16 20:40:49.854  8754  8925 V RobotCore: Starting up pretend device AL00VBIF
04-16 20:40:49.854  8754  8939 V RobotCore: thread: 'r/w loop: Modern Robotics USB DC Motor Controller [AL00VBIF]' starting...
04-16 20:40:49.855  8754  8925 D RobotCore: ...arming modern motor controller Modern Robotics USB DC Motor Controller [AL00VBIF] complete
04-16 20:40:49.885  8754  8925 I RobotCore: Analytics has completed initialization.
04-16 20:40:49.885  8754  8925 I RobotCore: ========= Device Information ===================================================
04-16 20:40:49.885  8754  8925 I RobotCore: Type                                               Name                           Connection
04-16 20:40:49.886  8754  8925 I RobotCore: I2cDevice                                          colorBack                      USB AI02RHDJ; port 4
04-16 20:40:49.886  8754  8925 I RobotCore: Modern Robotics USB DC Motor Controller            Shooter                        USB AI049QOP
04-16 20:40:49.886  8754  8925 I RobotCore: DC Motor                                           rightFront                     USB AL00VWH0; port 1
04-16 20:40:49.887  8754  8925 I RobotCore: Modern Robotics Analog Optical Distance Sensor     ods2                           USB AI02RHDJ; analog port 6
04-16 20:40:49.887  8754  8925 I RobotCore: Modern Robotics USB DC Motor Controller            Front Motors                   USB AL00VWH0
04-16 20:40:49.887  8754  8925 I RobotCore: Modern Robotics USB DC Motor Controller            Back Motors                    USB A104OQ1P
04-16 20:40:49.887  8754  8925 I RobotCore: DC Motor                                           leftBack                       USB A104OQ1P; port 2
04-16 20:40:49.887  8754  8925 I RobotCore: DC Motor                                           led                            USB AL00VBIF; port 2
04-16 20:40:49.887  8754  8925 I RobotCore: Servo                                              upDown                         USB AL00VST0; port 1
04-16 20:40:49.887  8754  8925 I RobotCore: DC Motor                                           shooter2                       USB AI049QOP; port 2
04-16 20:40:49.887  8754  8925 I RobotCore: DC Motor                                           shooter1                       USB AI049QOP; port 1
04-16 20:40:49.887  8754  8925 I RobotCore: DC Motor                                           leftFront                      USB AL00VWH0; port 2
04-16 20:40:49.887  8754  8925 I RobotCore: DC Motor                                           rightBack                      USB A104OQ1P; port 1
04-16 20:40:49.887  8754  8925 I RobotCore: Servo                                              ballFeeder                     USB AL00VST0; port 2
04-16 20:40:49.887  8754  8925 I RobotCore: Modern Robotics USB DC Motor Controller            Intake                         USB AL00VBIF
04-16 20:40:49.887  8754  8925 I RobotCore: Modern Robotics USB Core Device Interface Module   Sensors                        USB AI02RHDJ
04-16 20:40:49.888  8754  8925 I RobotCore: I2cDevice                                          colorFront                     USB AI02RHDJ; port 2
04-16 20:40:49.888  8754  8925 I RobotCore: Modern Robotics USB Servo Controller               Servos                         USB AL00VST0
04-16 20:40:49.888  8754  8925 I RobotCore: DC Motor                                           intake                         USB AL00VBIF; port 1
04-16 20:40:49.888  8754  8925 I RobotCore: Modern Robotics Gyro                               gyro                           USB AI02RHDJ; I2C port: 3
04-16 20:40:49.888  8754  8925 I RobotCore: Modern Robotics Analog Optical Distance Sensor     ods                            USB AI02RHDJ; analog port 7
04-16 20:40:49.888  8754  8925 I FIRST   : ======= INIT FINISH =======
04-16 20:40:49.888  8754  8925 V RobotCore: EventLoopManager state is RUNNING
04-16 20:40:49.900  8754  8925 V RobotCore: Robot Status: running, starting robot
04-16 20:40:49.900  8754  8925 V RobotCore: Robot Status: running
04-16 20:40:49.901  8754  8925 V RobotCore: thread: ...terminating 'RobotSetupRunnable.run()'
04-16 20:40:49.907  8754  8944 V RobotCore: thread: 'opmode loop()' starting...
04-16 20:40:49.913  8754  8944 D RobotCore: system telemetry: key=$System$Warning$ msg="unable to open Modern Robotics USB DC Motor Controller [AL00VWH0]; unable to open Modern Robotics USB Core Device Interface Module [AI02RHDJ]; unable to open Modern Robotics USB DC Motor Controller [AI049QOP]; unable to open Modern Robotics USB DC Motor Controller [A104OQ1P]; unable to open Modern Robotics USB DC Motor Controller [AL00VBIF]; unable to open Modern Robotics USB Servo Controller [AL00VST0]"
04-16 20:40:49.938  8754  8943 D MediaPlayer: setSubtitleAnchor in MediaPlayer
04-16 20:40:49.951  8754  8754 W MediaPlayer: mediaplayer went away with unhandled events
04-16 20:40:49.982  8754  8941 D ExtendedUtils: extended extractor not needed, return default
04-16 20:40:49.982  8754  8941 I MediaCodec: (0xb7f610c0) init name(audio/raw) isType(1) encoder(0)
04-16 20:40:49.984  8754  8948 I OMXClient: Using client-side OMX mux.
04-16 20:40:49.988  8754  8948 E OMXMaster: A component of name 'OMX.qcom.audio.decoder.aac' already exists, ignoring this one.
04-16 20:40:49.989  8754  8948 I MediaCodec: (0xb7f610c0) Component Allocated (OMX.google.raw.decoder)
04-16 20:40:49.989  8754  8941 I MediaCodec: (0xb7f610c0) configure surface(0x0) crypto(0x0) flags(0)
04-16 20:40:49.989  8754  8941 D MediaCodec: (0xb7f610c0) configure format: AMessage(what = 0x00000000) = {
04-16 20:40:49.989  8754  8941 D MediaCodec:    string mime = "audio/raw"
04-16 20:40:49.989  8754  8941 D MediaCodec:    int64_t durationUs = 1019125
04-16 20:40:49.989  8754  8941 D MediaCodec:    int32_t channel-count = 1
04-16 20:40:49.989  8754  8941 D MediaCodec:    int32_t sample-rate = 8000
04-16 20:40:49.989  8754  8941 D MediaCodec:    int32_t channel-mask = 0
04-16 20:40:49.989  8754  8941 D MediaCodec:  }
04-16 20:40:49.991  8754  8941 I MediaCodec: (0xb7f610c0) start
04-16 20:40:49.992  8754  8948 I MediaCodec: (0xb7f610c0) input buffers allocated
04-16 20:40:49.992  8754  8948 I MediaCodec: (0xb7f610c0) numBuffers (4)
04-16 20:40:49.992  8754  8948 I MediaCodec: (0xb7f610c0) output buffers allocated
04-16 20:40:49.992  8754  8948 I MediaCodec: (0xb7f610c0) numBuffers (4)
04-16 20:40:49.993  8754  8948 I MediaCodec: (0xb7f610c0) codec output format changed
04-16 20:40:49.994  8754  8948 D MediaCodec: (0xb7f610c0) output format: AMessage(what = 'codc', target = 2) = {
04-16 20:40:49.994  8754  8948 D MediaCodec:    string mime = "audio/raw"
04-16 20:40:49.994  8754  8948 D MediaCodec:    int32_t channel-count = 1
04-16 20:40:49.994  8754  8948 D MediaCodec:    int32_t sample-rate = 8000
04-16 20:40:49.994  8754  8948 D MediaCodec:    int32_t channel-mask = 0
04-16 20:40:49.994  8754  8948 D MediaCodec:    int32_t what = 1869968451
04-16 20:40:49.994  8754  8948 D MediaCodec:  }
04-16 20:40:49.995  8754  8941 I MediaCodec: (0xb7f610c0) stop
04-16 20:40:49.996  8754  8941 I MediaCodec: (0xb7f610c0) release
04-16 20:40:50.001  8754  8943 W AudioTrack: AUDIO_OUTPUT_FLAG_FAST denied by client; transfer 4, track 8000 Hz, output 48000 Hz
04-16 20:40:50.031  8754  8754 D MediaPlayer: setSubtitleAnchor in MediaPlayer
04-16 20:40:50.031  8754  8943 D MediaPlayer: setSubtitleAnchor in MediaPlayer
04-16 20:40:50.052  8754  8941 D ExtendedUtils: extended extractor not needed, return default
04-16 20:40:50.053  8754  8941 I MediaCodec: (0xb7d88dd0) init name(audio/raw) isType(1) encoder(0)
04-16 20:40:50.055  8754  8955 I OMXClient: Using client-side OMX mux.
04-16 20:40:50.058  8754  8955 E OMXMaster: A component of name 'OMX.qcom.audio.decoder.aac' already exists, ignoring this one.
04-16 20:40:50.060  8754  8955 I MediaCodec: (0xb7d88dd0) Component Allocated (OMX.google.raw.decoder)
04-16 20:40:50.060  8754  8941 I MediaCodec: (0xb7d88dd0) configure surface(0x0) crypto(0x0) flags(0)
04-16 20:40:50.060  8754  8941 D MediaCodec: (0xb7d88dd0) configure format: AMessage(what = 0x00000000) = {
04-16 20:40:50.060  8754  8941 D MediaCodec:    string mime = "audio/raw"
04-16 20:40:50.060  8754  8941 D MediaCodec:    int64_t durationUs = 1043650
04-16 20:40:50.060  8754  8941 D MediaCodec:    int32_t channel-count = 2
04-16 20:40:50.060  8754  8941 D MediaCodec:    int32_t sample-rate = 44100
04-16 20:40:50.060  8754  8941 D MediaCodec:    int32_t channel-mask = 0
04-16 20:40:50.060  8754  8941 D MediaCodec:  }
04-16 20:40:50.061  8754  8941 I MediaCodec: (0xb7d88dd0) start
04-16 20:40:50.061  8754  8955 I MediaCodec: (0xb7d88dd0) input buffers allocated
04-16 20:40:50.061  8754  8955 I MediaCodec: (0xb7d88dd0) numBuffers (4)
04-16 20:40:50.061  8754  8955 I MediaCodec: (0xb7d88dd0) output buffers allocated
04-16 20:40:50.061  8754  8955 I MediaCodec: (0xb7d88dd0) numBuffers (4)
04-16 20:40:50.063  8754  8955 I MediaCodec: (0xb7d88dd0) codec output format changed
04-16 20:40:50.063  8754  8955 D MediaCodec: (0xb7d88dd0) output format: AMessage(what = 'codc', target = 6) = {
04-16 20:40:50.063  8754  8955 D MediaCodec:    string mime = "audio/raw"
04-16 20:40:50.063  8754  8955 D MediaCodec:    int32_t channel-count = 2
04-16 20:40:50.063  8754  8955 D MediaCodec:    int32_t sample-rate = 44100
04-16 20:40:50.063  8754  8955 D MediaCodec:    int32_t channel-mask = 0
04-16 20:40:50.063  8754  8955 D MediaCodec:    int32_t what = 1869968451
04-16 20:40:50.063  8754  8955 D MediaCodec:  }
04-16 20:40:50.068  8754  8941 I MediaCodec: (0xb7d88dd0) stop
04-16 20:40:50.069  8754  8941 I MediaCodec: (0xb7d88dd0) release
04-16 20:40:50.095  8754  8932 D Robocol : no packet received: SocketTimeoutException
04-16 20:40:50.415  8754  8944 I RobotCore: Attempting to switch to op mode $Stop$Robot$
04-16 20:40:50.925  8754  8944 I RobotCore: robot battery read duration: n=0, mean=0.000ms sd=-0.000ms
04-16 20:40:51.021  8754  8943 W AudioTrack: AUDIO_OUTPUT_FLAG_FAST denied by client; transfer 4, track 44100 Hz, output 48000 Hz
04-16 20:40:58.519  8754  8754 V RCActivity: onPause()
04-16 20:40:58.527  8754  8754 V RCActivity: onStop()
04-16 20:40:58.527  8754  8754 V RobotCore: executive service robot setup is terminated
04-16 20:40:58.527  8754  8754 V Robocol : EventLoopManager.shutdown()
04-16 20:40:58.527  8754  8754 V RobotCore: waiting for service EventLoop
04-16 20:40:58.528  8754  8944 V RobotCore: EventLoopRunnable interrupted
04-16 20:40:58.528  8754  8944 V RobotCore: EventLoopManager state is STOPPED
04-16 20:40:58.528  8754  8944 V RobotCore: Robot Status: stopped
04-16 20:40:58.528  8754  8944 I FIRST   : ======= TEARDOWN =======
04-16 20:40:58.528  8754  8944 D RobotCore: disarming modern motor controller Modern Robotics USB DC Motor Controller [AL00VWH0]...
04-16 20:40:58.535  8754  8937 V RobotCore: thread: ...terminating 'r/w loop: Modern Robotics USB DC Motor Controller [AL00VWH0]'
04-16 20:40:58.536  8754  8944 V RobotCore: executive service ReadWriteRunnable for Modern Robotics USB Device is terminated
04-16 20:40:58.536  8754  8944 D RobotCore: ...disarming modern motor controller Modern Robotics USB DC Motor Controller [AL00VWH0] complete
04-16 20:40:58.536  8754  8944 D RobotCore: disarming modern motor controller Modern Robotics USB DC Motor Controller [AI049QOP]...
04-16 20:40:58.541  8754  8944 V RobotCore: waiting for service ReadWriteRunnable for Modern Robotics USB Device
04-16 20:40:58.541  8754  8938 V RobotCore: thread: ...terminating 'r/w loop: Modern Robotics USB DC Motor Controller [AI049QOP]'
04-16 20:40:58.541  8754  8944 V RobotCore: awaitTermination returned, isTerminated=true
04-16 20:40:58.541  8754  8944 V RobotCore: executive service ReadWriteRunnable for Modern Robotics USB Device is terminated
04-16 20:40:58.542  8754  8944 D RobotCore: ...disarming modern motor controller Modern Robotics USB DC Motor Controller [AI049QOP] complete
04-16 20:40:58.542  8754  8944 D RobotCore: disarming modern motor controller Modern Robotics USB DC Motor Controller [A104OQ1P]...
04-16 20:40:58.544  8754  8936 V RobotCore: thread: ...terminating 'r/w loop: Modern Robotics USB DC Motor Controller [A104OQ1P]'
04-16 20:40:58.544  8754  8944 V RobotCore: executive service ReadWriteRunnable for Modern Robotics USB Device is terminated
04-16 20:40:58.544  8754  8944 D RobotCore: ...disarming modern motor controller Modern Robotics USB DC Motor Controller [A104OQ1P] complete
04-16 20:40:58.545  8754  8944 D RobotCore: disarming modern motor controller Modern Robotics USB DC Motor Controller [AL00VBIF]...
04-16 20:40:58.548  8754  8939 V RobotCore: thread: ...terminating 'r/w loop: Modern Robotics USB DC Motor Controller [AL00VBIF]'
04-16 20:40:58.549  8754  8944 V RobotCore: executive service ReadWriteRunnable for Modern Robotics USB Device is terminated
04-16 20:40:58.549  8754  8944 D RobotCore: ...disarming modern motor controller Modern Robotics USB DC Motor Controller [AL00VBIF] complete
04-16 20:40:58.549  8754  8944 D RobotCore: disarming modern servo controller "Modern Robotics USB Servo Controller [AL00VST0]"...
04-16 20:40:58.557  8754  8934 V RobotCore: thread: ...terminating 'r/w loop: Modern Robotics USB Servo Controller [AL00VST0]'
04-16 20:40:58.557  8754  8944 V RobotCore: waiting for service ReadWriteRunnable for Modern Robotics USB Device
04-16 20:40:58.557  8754  8944 V RobotCore: awaitTermination returned, isTerminated=true
04-16 20:40:58.557  8754  8944 V RobotCore: executive service ReadWriteRunnable for Modern Robotics USB Device is terminated
04-16 20:40:58.557  8754  8944 D RobotCore: ...disarming modern servo controller Modern Robotics USB Servo Controller [AL00VST0] complete
04-16 20:40:58.569  8754  8935 V RobotCore: thread: ...terminating 'r/w loop: Modern Robotics USB Core Device Interface Module [AI02RHDJ]'
04-16 20:40:58.569  8754  8944 V RobotCore: executive service ReadWriteRunnable for Modern Robotics USB Device is terminated
04-16 20:40:58.570  8754  8944 I FIRST   : ======= TEARDOWN COMPLETE =======
04-16 20:40:58.570  8754  8944 V RobotCore: thread: ...terminating 'opmode loop()'
04-16 20:40:58.570  8754  8754 V RobotCore: awaitTermination returned, isTerminated=true
04-16 20:40:58.570  8754  8754 V RobotCore: executive service EventLoop is terminated
04-16 20:40:58.570  8754  8754 V RobotCore: EventLoopManager state is STOPPED
04-16 20:43:46.866  9256  9256 I art     : Late-enabling -Xcheck:jni
04-16 20:43:46.927  9256  9256 I InstantRun: Instant Run Runtime started. Android package is com.qualcomm.ftcrobotcontroller, real application class is org.firstinspires.ftc.robotcore.internal.RobotApplication.
04-16 20:43:47.310  9256  9256 V RCActivity: onCreate()
04-16 20:43:47.316  9256  9270 V RobotCore: saving logcat to /storage/emulated/0/com.qualcomm.ftcrobotcontroller.logcat
04-16 20:43:47.316  9256  9270 V RobotCore: logging command line: logcat -f /storage/emulated/0/com.qualcomm.ftcrobotcontroller.logcat -r4096 -n4 -v threadtime UsbRequestJNI:S UsbRequest:S *:V
04-16 20:43:47.346  9272  9272 W ps      : type=1400 audit(0.0:305596): avc: denied { getattr } for uid=10109 path="/proc/1" dev="proc" ino=2103804 scontext=u:r:untrusted_app:s0:c512,c768 tcontext=u:r:init:s0 tclass=dir permissive=0
04-16 20:43:47.346  9272  9272 W ps      : type=1400 audit(0.0:305597): avc: denied { search } for uid=10109 name="1" dev="proc" ino=2103804 scontext=u:r:untrusted_app:s0:c512,c768 tcontext=u:r:init:s0 tclass=dir permissive=0
04-16 20:43:47.346  9272  9272 W ps      : type=1400 audit(0.0:305598): avc: denied { search } for uid=10109 name="1" dev="proc" ino=2103804 scontext=u:r:untrusted_app:s0:c512,c768 tcontext=u:r:init:s0 tclass=dir permissive=0
04-16 20:43:47.346  9272  9272 W ps      : type=1400 audit(0.0:305599): avc: denied { getattr } for uid=10109 path="/proc/2" dev="proc" ino=2105253 scontext=u:r:untrusted_app:s0:c512,c768 tcontext=u:r:kernel:s0 tclass=dir permissive=0
04-16 20:43:47.346  9272  9272 W ps      : type=1400 audit(0.0:305600): avc: denied { search } for uid=10109 name="2" dev="proc" ino=2105253 scontext=u:r:untrusted_app:s0:c512,c768 tcontext=u:r:kernel:s0 tclass=dir permissive=0
04-16 20:43:47.346  9272  9272 W ps      : type=1400 audit(0.0:305601): avc: denied { search } for uid=10109 name="2" dev="proc" ino=2105253 scontext=u:r:untrusted_app:s0:c512,c768 tcontext=u:r:kernel:s0 tclass=dir permissive=0
04-16 20:43:47.346  9272  9272 W ps      : type=1400 audit(0.0:305602): avc: denied { getattr } for uid=10109 path="/proc/3" dev="proc" ino=2105254 scontext=u:r:untrusted_app:s0:c512,c768 tcontext=u:r:kernel:s0 tclass=dir permissive=0
04-16 20:43:47.346  9272  9272 W ps      : type=1400 audit(0.0:305603): avc: denied { search } for uid=10109 name="3" dev="proc" ino=2105254 scontext=u:r:untrusted_app:s0:c512,c768 tcontext=u:r:kernel:s0 tclass=dir permissive=0
04-16 20:43:47.346  9272  9272 W ps      : type=1400 audit(0.0:305604): avc: denied { search } for uid=10109 name="3" dev="proc" ino=2105254 scontext=u:r:untrusted_app:s0:c512,c768 tcontext=u:r:kernel:s0 tclass=dir permissive=0
04-16 20:43:47.346  9272  9272 W ps      : type=1400 audit(0.0:305605): avc: denied { getattr } for uid=10109 path="/proc/5" dev="proc" ino=2105255 scontext=u:r:untrusted_app:s0:c512,c768 tcontext=u:r:kernel:s0 tclass=dir permissive=0
04-16 20:43:47.346  9272  9272 W ps      : type=1400 audit(0.0:305606): avc: denied { search } for uid=10109 name="5" dev="proc" ino=2105255 scontext=u:r:untrusted_app:s0:c512,c768 tcontext=u:r:kernel:s0 tclass=dir permissive=0
04-16 20:43:47.346  9272  9272 W ps      : type=1400 audit(0.0:305607): avc: denied { search } for uid=10109 name="5" dev="proc" ino=2105255 scontext=u:r:untrusted_app:s0:c512,c768 tcontext=u:r:kernel:s0 tclass=dir permissive=0
04-16 20:43:47.346  9272  9272 W ps      : type=1400 audit(0.0:305608): avc: denied { getattr } for uid=10109 path="/proc/6" dev="proc" ino=2105256 scontext=u:r:untrusted_app:s0:c512,c768 tcontext=u:r:kernel:s0 tclass=dir permissive=0
04-16 20:43:47.346  9272  9272 W ps      : type=1400 audit(0.0:305609): avc: denied { search } for uid=10109 name="6" dev="proc" ino=2105256 scontext=u:r:untrusted_app:s0:c512,c768 tcontext=u:r:kernel:s0 tclass=dir permissive=0
04-16 20:43:47.346  9272  9272 W ps      : type=1400 audit(0.0:305610): avc: denied { search } for uid=10109 name="6" dev="proc" ino=2105256 scontext=u:r:untrusted_app:s0:c512,c768 tcontext=u:r:kernel:s0 tclass=dir permissive=0
04-16 20:43:47.346  9272  9272 W ps      : type=1400 audit(0.0:305611): avc: denied { getattr } for uid=10109 path="/proc/7" dev="proc" ino=2105257 scontext=u:r:untrusted_app:s0:c512,c768 tcontext=u:r:kernel:s0 tclass=dir permissive=0
04-16 20:43:47.346  9272  9272 W ps      : type=1400 audit(0.0:305612): avc: denied { search } for uid=10109 name="7" dev="proc" ino=2105257 scontext=u:r:untrusted_app:s0:c512,c768 tcontext=u:r:kernel:s0 tclass=dir permissive=0
04-16 20:43:47.346  9272  9272 W ps      : type=1400 audit(0.0:305613): avc: denied { search } for uid=10109 name="7" dev="proc" ino=2105257 scontext=u:r:untrusted_app:s0:c512,c768 tcontext=u:r:kernel:s0 tclass=dir permissive=0
04-16 20:43:47.346  9272  9272 W ps      : type=1400 audit(0.0:305614): avc: denied { getattr } for uid=10109 path="/proc/8" dev="proc" ino=2105258 scontext=u:r:untrusted_app:s0:c512,c768 tcontext=u:r:kernel:s0 tclass=dir permissive=0
04-16 20:43:47.346  9272  9272 W ps      : type=1400 audit(0.0:305615): avc: denied { search } for uid=10109 name="8" dev="proc" ino=2105258 scontext=u:r:untrusted_app:s0:c512,c768 tcontext=u:r:kernel:s0 tclass=dir permissive=0
04-16 20:43:47.351  9256  9256 I WebViewFactory: Loading com.google.android.webview version 46.0.2490.76 (code 249007600)
04-16 20:43:47.403  9256  9256 W System  : ClassLoader referenced unknown path: /system/app/WebViewGoogle/lib/arm
04-16 20:43:47.411  9256  9256 I cr.library_loader: Time to load native libraries: 3 ms (timestamps 7642-7645)
04-16 20:43:47.412  9256  9256 I cr.library_loader: Expected native library version number "46.0.2490.76", actual native library version number "46.0.2490.76"
04-16 20:43:47.436  9256  9256 V WebViewChromiumFactoryProvider: Binding Chromium to main looper Looper (main, tid 1) {e802d8c}
04-16 20:43:47.438  9256  9256 I cr.library_loader: Expected native library version number "46.0.2490.76", actual native library version number "46.0.2490.76"
04-16 20:43:47.439  9256  9256 I chromium: [INFO:library_loader_hooks.cc(118)] Chromium logging enabled: level = 0, default verbosity = 0
04-16 20:43:47.446  9256  9256 I cr.BrowserStartup: Initializing chromium process, singleProcess=true
04-16 20:43:47.452  9256  9256 E SysUtils: ApplicationContext is null in ApplicationStatus
04-16 20:43:47.462  9256  9278 W chromium: [WARNING:dns_config_service_posix.cc(298)] Failed to read DnsConfig.
04-16 20:43:47.472  9256  9256 I Adreno-EGL: <qeglDrvAPI_eglInitialize:379>: EGL 1.4 QUALCOMM build:  (Ifd751822f5)
04-16 20:43:47.472  9256  9256 I Adreno-EGL: OpenGL ES Shader Compiler Version: XE031.06.00.05
04-16 20:43:47.472  9256  9256 I Adreno-EGL: Build Date: 01/26/16 Tue
04-16 20:43:47.472  9256  9256 I Adreno-EGL: Local Branch: AU12_SBA
04-16 20:43:47.472  9256  9256 I Adreno-EGL: Remote Branch: 
04-16 20:43:47.472  9256  9256 I Adreno-EGL: Local Patches: 
04-16 20:43:47.472  9256  9256 I Adreno-EGL: Reconstruct Branch: 
04-16 20:43:47.500  9256  9256 E chromium: [ERROR:browser_gpu_channel_host_factory.cc(258)] Failed to init browser shader disk cache.
04-16 20:43:47.513  9256  9256 E libEGL  : validate_display:255 error 3008 (EGL_BAD_DISPLAY)
04-16 20:43:47.546  9256  9256 W art     : Attempt to remove non-JNI local reference, dumping thread
04-16 20:43:47.554  9256  9256 W AwContents: onDetachedFromWindow called when already detached. Ignoring
04-16 20:43:49.096  9256  9256 V RobotCore: Network: inactive, disconnected
04-16 20:43:49.105  9256  9256 V RCActivity: onStart()
04-16 20:43:49.108  9256  9256 V RCActivity: onResume()
04-16 20:43:49.111  9256  9301 D OpenGLRenderer: Use EGL_SWAP_BEHAVIOR_PRESERVED: true
04-16 20:43:49.136  9256  9256 V RCActivity: onPause()
04-16 20:43:49.137  9256  9256 V RCActivity: onResume()
04-16 20:43:49.138  9256  9256 V RCActivity: onPause()
04-16 20:43:49.138  9256  9256 V RCActivity: onResume()
04-16 20:43:49.138  9256  9256 V RCActivity: onPause()
04-16 20:43:49.138  9256  9256 V RCActivity: onResume()
04-16 20:43:49.141  9256  9256 V RCActivity: onPause()
04-16 20:43:49.141  9256  9256 V RCActivity: onResume()
04-16 20:43:49.141  9256  9256 V RCActivity: onPause()
04-16 20:43:49.141  9256  9256 V RCActivity: onResume()
04-16 20:43:49.144  9256  9256 V FTCService: onCreate()
04-16 20:43:49.144  9256  9256 V FTCService: onBind()
04-16 20:43:49.144  9256  9256 V FTCService: Android device is motorola, MotoG3
04-16 20:43:49.145  9256  9256 V RobotCore: Starting network of type: WIFIDIRECT
04-16 20:43:49.148  9256  9256 V WifiDirect: There are 1 Wifi Direct Assistant Clients (+)
04-16 20:43:49.148  9256  9256 V WifiDirect: Enabling Wifi Direct Assistant
04-16 20:43:49.185  9256  9301 I OpenGLRenderer: Initialized EGL, version 1.4
04-16 20:43:49.200  9256  9256 D WifiDirect: broadcast: state - enabled: true
04-16 20:43:49.202  9256  9256 D WifiDirect: broadcast: connection changed: connectStatus=NOT_CONNECTED networkInfo.state=CONNECTED
04-16 20:43:49.203  9256  9256 V WifiDirect: NetworkInfo: [type: WIFI_P2P[], state: CONNECTED/CONNECTED, reason: (unspecified), extra: (none), roaming: false, failover: false, isAvailable: true]
04-16 20:43:49.203  9256  9256 V WifiDirect: WifiP2pInfo: groupFormed: true isGroupOwner: true operatingChannel: 2427 groupOwnerAddress: /192.168.49.1 mccMode: false
04-16 20:43:49.203  9256  9256 V WifiDirect: WifiP2pGroup: network: DIRECT-9r-9899-E-RC, isGO: true, Operating Channel: 2427, GO: Device: , deviceAddress: 24:da:9b:6a:a2:ba, primary type: null, secondary type: null, wps: 0, grpcapab: 0, devcapab: 0, status: 4, wfdInfo: WFD enabled: falseWFD DeviceInfo: 0, WFD CtrlPort: 0, WFD MaxThroughput: 0, level: 0, Client: Device: 9899-E-DS, deviceAddress: a4:70:d6:d3:3d:55, primary type: 10-0050F204-5, secondary type: null, wps: 392, grpcapab: 0, devcapab: 37, status: 0, wfdInfo: null, level: 60, interface: p2p0, networkId: 0, mGoOperFreq: 2427
04-16 20:43:49.204  9256  9256 D WifiDirect: broadcast: this device changed
04-16 20:43:49.204  9256  9256 V WifiDirect: device information: 9899-E-RC 24:da:9b:6a:a2:ba
04-16 20:43:49.204  9256  9256 V FTCService: RCActivity.controllerService=bound
04-16 20:43:49.204  9256  9256 V RobotCore: Network: unknown, disconnected
04-16 20:43:49.205  9256  9256 V RobotCore: Robot Status: stopped
04-16 20:43:49.222  9256  9256 D OpmodeRegistration: registered {DefaultOpMode} as {$Stop$Robot$}
04-16 20:43:49.222  9256  9256 V FTCService: Processing robot setup
04-16 20:43:49.223  9256  9256 V D2xx::  : Start constructor
04-16 20:43:49.229  9256  9306 V RobotCore: thread: 'RobotSetupRunnable.run()' starting...
04-16 20:43:49.229  9256  9306 V RobotCore: Robot Status: stopped, scanning for USB devices
04-16 20:43:49.232  9256  9256 V D2xx::  : End constructor
04-16 20:43:49.232  9256  9256 V D2xx::  : Vendor: 0403, Product: 6001
04-16 20:43:49.232  9256  9256 V D2xx::  : Vendor: 0403, Product: 6001
04-16 20:43:49.233  9256  9256 I FIRST   : ignoring: unable get serial number of attached UsbDevice vendor=0x0403, product=0x6001 device=0x03ec name=/dev/bus/usb/001/004
04-16 20:43:49.233  9256  9256 V D2xx::  : Vendor: 0403, Product: 6001
04-16 20:43:49.233  9256  9256 V D2xx::  : Vendor: 0403, Product: 6001
04-16 20:43:49.233  9256  9256 I FIRST   : ignoring: unable get serial number of attached UsbDevice vendor=0x0403, product=0x6001 device=0x03ed name=/dev/bus/usb/001/005
04-16 20:43:49.233  9256  9256 V D2xx::  : Vendor: 0403, Product: 6001
04-16 20:43:49.233  9256  9256 V D2xx::  : Vendor: 0403, Product: 6001
04-16 20:43:49.233  9256  9256 I FIRST   : ignoring: unable get serial number of attached UsbDevice vendor=0x0403, product=0x6001 device=0x03ee name=/dev/bus/usb/001/006
04-16 20:43:49.233  9256  9256 V D2xx::  : Vendor: 0403, Product: 6001
04-16 20:43:49.233  9256  9256 V D2xx::  : Vendor: 0403, Product: 6001
04-16 20:43:49.233  9256  9256 I FIRST   : ignoring: unable get serial number of attached UsbDevice vendor=0x0403, product=0x6001 device=0x03ef name=/dev/bus/usb/001/007
04-16 20:43:49.233  9256  9256 V D2xx::  : Vendor: 0403, Product: 6001
04-16 20:43:49.233  9256  9256 V D2xx::  : Vendor: 0403, Product: 6001
04-16 20:43:49.233  9256  9256 I FIRST   : ignoring: unable get serial number of attached UsbDevice vendor=0x0403, product=0x6001 device=0x03f0 name=/dev/bus/usb/001/008
04-16 20:43:49.233  9256  9256 D WifiDirect: cannot create group, does group already exist?
04-16 20:43:49.272  9256  9256 D WifiDirect: group owners address: /192.168.49.1
04-16 20:43:49.272  9256  9256 D WifiDirect: group formed, this device is the group owner (GO)
04-16 20:43:49.272  9256  9256 I FTCService: Wifi Direct - connected as group owner
04-16 20:43:49.272  9256  9256 D WifiDirect: stop discovering peers
04-16 20:43:49.278  9256  9256 V RobotCore: Network: enabled, disconnected
04-16 20:43:49.313  9256  9256 V WifiDirect: connection information available
04-16 20:43:49.314  9256  9256 V WifiDirect: connection information - groupOwnerName = 9899-E-RC
04-16 20:43:49.314  9256  9256 V WifiDirect: connection information - groupOwnerMacAddress = 24:da:9b:6a:a2:ba
04-16 20:43:49.314  9256  9256 V WifiDirect: connection information - groupInterface = p2p0
04-16 20:43:49.314  9256  9256 V WifiDirect: connection information - groupNetworkName = DIRECT-9r-9899-E-RC
04-16 20:43:49.314  9256  9256 I FTCService: Network Connection Passphrase: qzyGStT1
04-16 20:43:49.314  9256  9256 V RobotCore: Network: active, disconnected
04-16 20:43:54.228  9256  9256 I RobotCore: Battery Checker, Level Remaining: 72.0
04-16 20:43:54.230  9256  9256 I RobotCore: Battery Checker, Level Remaining: 72.0
04-16 20:43:54.231  9256  9306 V RobotCore: EventLoopManager state is NOT_STARTED
04-16 20:43:54.232  9256  9306 V RobotCore: Robot Status: stopped, waiting on network
04-16 20:43:54.235  9256  9306 V RobotCore: Robot Status: stopped, starting robot
04-16 20:43:54.236  9256  9306 V Robocol : EventLoopManager.start()
04-16 20:43:54.236  9256  9306 V RobotCore: Starting network of type: WIFIDIRECT
04-16 20:43:54.236  9256  9306 V Robocol : Spoofing a Network Connection event...
04-16 20:43:54.238  9256  9306 V RobotCore: executive service EventLoop is terminated
04-16 20:43:54.238  9256  9306 V RobotCore: EventLoopManager state is STOPPED
04-16 20:43:54.239  9256  9306 V Robocol : eventLoop=FtcEventLoop
04-16 20:43:54.239  9256  9306 V RobotCore: EventLoopManager state is INIT
04-16 20:43:54.239  9256  9306 V RobotCore: Robot Status: initializing, starting robot
04-16 20:43:54.239  9256  9306 I FIRST   : ======= INIT START =======
04-16 20:43:54.248  9256  9309 V RobotCore: thread: 'SetupRunnable.run()' starting...
04-16 20:43:54.255  9256  9306 D OpmodeRegistration: registered {MenusTest} as {MenusTest}
04-16 20:43:54.256  9256  9306 D OpmodeRegistration: registered {BlueAlternateCenter} as {BlueAlternateCenter}
04-16 20:43:54.257  9256  9306 D OpmodeRegistration: registered {BlueAlternateCorner} as {BlueAlternateCorner}
04-16 20:43:54.258  9256  9306 D OpmodeRegistration: registered {BlueStandardCenter} as {BlueStandardCenter}
04-16 20:43:54.258  9256  9306 D OpmodeRegistration: registered {BlueStandardCorner} as {BlueStandardCorner}
04-16 20:43:54.259  9256  9306 D OpmodeRegistration: registered {FinalTeleOp} as {FinalTeleOp}
04-16 20:43:54.259  9256  9306 D OpmodeRegistration: registered {RedAlternateCenter} as {RedAlternateCenter}
04-16 20:43:54.260  9256  9306 D OpmodeRegistration: registered {RedAlternateCorner} as {RedAlternateCorner}
04-16 20:43:54.261  9256  9306 D OpmodeRegistration: registered {RedStandardCenter} as {RedStandardCenter}
04-16 20:43:54.262  9256  9306 D OpmodeRegistration: registered {RedStandardCorner} as {RedStandardCorner}
04-16 20:43:54.276  9256  9306 V RobotCore: Creating Modern Robotics USB Servo Controller [AL00VST0]
04-16 20:43:54.286  9256  9306 D RobotCore: arming modern servo controller Modern Robotics USB Servo Controller [AL00VST0]...
04-16 20:43:54.289  9256  9306 V D2xx::  : Vendor: 0403, Product: 6001
04-16 20:43:54.289  9256  9309 D Robocol : RobocolDatagramSocket listening addr=/192.168.49.1:20884 cbRec=65520 cbSend=163840 msRecTO=300
04-16 20:43:54.291  9256  9309 V Robocol : RecvLoopRunnable created
04-16 20:43:54.292  9256  9309 V PeerDiscovery: Starting peer discovery
04-16 20:43:54.292  9256  9311 V RobotCore: thread: 'RecvLoopRunnable.run()' starting...
04-16 20:43:54.293  9256  9309 V RobotCore: Setup complete
04-16 20:43:54.293  9256  9309 V RobotCore: thread: ...terminating 'SetupRunnable.run()'
04-16 20:43:54.300  9256  9306 D UsbDeviceConnectionJNI: close
04-16 20:43:54.300  9256  9306 V D2xx::  : Vendor: 0403, Product: 6001
04-16 20:43:54.309  9256  9306 D UsbDeviceConnectionJNI: close
04-16 20:43:54.309  9256  9306 V D2xx::  : Vendor: 0403, Product: 6001
04-16 20:43:54.318  9256  9306 D UsbDeviceConnectionJNI: close
04-16 20:43:54.318  9256  9306 V D2xx::  : Vendor: 0403, Product: 6001
04-16 20:43:54.327  9256  9306 D UsbDeviceConnectionJNI: close
04-16 20:43:54.328  9256  9306 V D2xx::  : Vendor: 0403, Product: 6001
04-16 20:43:54.337  9256  9306 D UsbDeviceConnectionJNI: close
04-16 20:43:54.337  9256  9306 V D2xx::  : Vendor: 0403, Product: 6001
04-16 20:43:54.346  9256  9306 D UsbDeviceConnectionJNI: close
04-16 20:43:54.347  9256  9306 D FTDI_Device::: open SUCCESS
04-16 20:43:54.347  9256  9306 I FTDI_Device::: EP: 0x81
04-16 20:43:54.347  9256  9306 I FTDI_Device::: EP: 0x02
04-16 20:43:54.347  9256  9306 D D2XX::  : **********************Device Opened**********************
04-16 20:43:54.586  9256  9311 D Robocol : no packet received: SocketTimeoutException
04-16 20:43:54.780  9256  9306 V RobotCore: Starting up device AL00VST0
04-16 20:43:54.787  9256  9315 V RobotCore: thread: 'r/w loop: Modern Robotics USB Servo Controller [AL00VST0]' starting...
04-16 20:43:54.788  9256  9306 D RobotCore: ...arming modern servo controller Modern Robotics USB Servo Controller [AL00VST0] complete
04-16 20:43:54.789  9256  9306 V RobotCore: Creating Modern Robotics USB Core Device Interface Module [AI02RHDJ]
04-16 20:43:54.806  9256  9306 V D2xx::  : Vendor: 0403, Product: 6001
04-16 20:43:54.809  9256  9306 V D2xx::  : Vendor: 0403, Product: 6001
04-16 20:43:54.810  9256  9306 V D2xx::  : Vendor: 0403, Product: 6001
04-16 20:43:54.812  9256  9306 V D2xx::  : Vendor: 0403, Product: 6001
04-16 20:43:54.814  9256  9306 V D2xx::  : Vendor: 0403, Product: 6001
04-16 20:43:54.816  9256  9306 V D2xx::  : Vendor: 0403, Product: 6001
04-16 20:43:54.819  9256  9306 D FTDI_Device::: open SUCCESS
04-16 20:43:54.819  9256  9306 I FTDI_Device::: EP: 0x81
04-16 20:43:54.819  9256  9306 I FTDI_Device::: EP: 0x02
04-16 20:43:54.819  9256  9306 D D2XX::  : **********************Device Opened**********************
04-16 20:43:55.238  9256  9306 V RobotCore: Starting up device AI02RHDJ
04-16 20:43:55.246  9256  9318 V RobotCore: thread: 'r/w loop: Modern Robotics USB Core Device Interface Module [AI02RHDJ]' starting...
04-16 20:43:55.247  9256  9306 V RobotCore: Creating I2C Device - Port: 2
04-16 20:43:55.248  9256  9306 V RobotCore: Creating Modern Robotics I2C Gyro Sensor - Port: 3
04-16 20:43:55.257  9256  9306 V RobotCore: Creating I2C Device - Port: 4
04-16 20:43:55.257  9256  9306 V RobotCore: Creating Modern Robotics Analog Optical Distance Sensor - Port: 6
04-16 20:43:55.259  9256  9306 V RobotCore: Creating Modern Robotics Analog Optical Distance Sensor - Port: 7
04-16 20:43:55.260  9256  9306 V RobotCore: Creating Modern Robotics USB DC Motor Controller [A104OQ1P]
04-16 20:43:55.273  9256  9306 D RobotCore: arming modern motor controller Modern Robotics USB DC Motor Controller [A104OQ1P]...
04-16 20:43:55.275  9256  9306 V D2xx::  : Vendor: 0403, Product: 6001
04-16 20:43:55.279  9256  9306 V D2xx::  : Vendor: 0403, Product: 6001
04-16 20:43:55.282  9256  9306 V D2xx::  : Vendor: 0403, Product: 6001
04-16 20:43:55.283  9256  9306 V D2xx::  : Vendor: 0403, Product: 6001
04-16 20:43:55.284  9256  9306 V D2xx::  : Vendor: 0403, Product: 6001
04-16 20:43:55.285  9256  9306 V D2xx::  : Vendor: 0403, Product: 6001
04-16 20:43:55.287  9256  9306 D FTDI_Device::: open SUCCESS
04-16 20:43:55.287  9256  9306 I FTDI_Device::: EP: 0x81
04-16 20:43:55.287  9256  9306 I FTDI_Device::: EP: 0x02
04-16 20:43:55.287  9256  9306 D D2XX::  : **********************Device Opened**********************
04-16 20:43:55.703  9256  9306 V RobotCore: Starting up device A104OQ1P
04-16 20:43:55.709  9256  9321 V RobotCore: thread: 'r/w loop: Modern Robotics USB DC Motor Controller [A104OQ1P]' starting...
04-16 20:43:55.709  9256  9306 D RobotCore: ...arming modern motor controller Modern Robotics USB DC Motor Controller [A104OQ1P] complete
04-16 20:43:55.749  9256  9306 V RobotCore: Creating Modern Robotics USB DC Motor Controller [AL00VWH0]
04-16 20:43:55.749  9256  9306 D RobotCore: arming modern motor controller Modern Robotics USB DC Motor Controller [AL00VWH0]...
04-16 20:43:55.751  9256  9306 V D2xx::  : Vendor: 0403, Product: 6001
04-16 20:43:55.753  9256  9306 V D2xx::  : Vendor: 0403, Product: 6001
04-16 20:43:55.756  9256  9306 V D2xx::  : Vendor: 0403, Product: 6001
04-16 20:43:55.757  9256  9306 V D2xx::  : Vendor: 0403, Product: 6001
04-16 20:43:55.758  9256  9306 V D2xx::  : Vendor: 0403, Product: 6001
04-16 20:43:55.759  9256  9306 V D2xx::  : Vendor: 0403, Product: 6001
04-16 20:43:55.762  9256  9306 D FTDI_Device::: open SUCCESS
04-16 20:43:55.762  9256  9306 I FTDI_Device::: EP: 0x81
04-16 20:43:55.762  9256  9306 I FTDI_Device::: EP: 0x02
04-16 20:43:55.762  9256  9306 D D2XX::  : **********************Device Opened**********************
04-16 20:43:56.191  9256  9306 V RobotCore: Starting up device AL00VWH0
04-16 20:43:56.194  9256  9324 V RobotCore: thread: 'r/w loop: Modern Robotics USB DC Motor Controller [AL00VWH0]' starting...
04-16 20:43:56.195  9256  9306 D RobotCore: ...arming modern motor controller Modern Robotics USB DC Motor Controller [AL00VWH0] complete
04-16 20:43:56.243  9256  9306 V RobotCore: Creating Modern Robotics USB DC Motor Controller [AI049QOP]
04-16 20:43:56.243  9256  9306 D RobotCore: arming modern motor controller Modern Robotics USB DC Motor Controller [AI049QOP]...
04-16 20:43:56.245  9256  9306 V D2xx::  : Vendor: 0403, Product: 6001
04-16 20:43:56.247  9256  9306 V D2xx::  : Vendor: 0403, Product: 6001
04-16 20:43:56.247  9256  9306 V D2xx::  : Vendor: 0403, Product: 6001
04-16 20:43:56.248  9256  9306 V D2xx::  : Vendor: 0403, Product: 6001
04-16 20:43:56.249  9256  9306 V D2xx::  : Vendor: 0403, Product: 6001
04-16 20:43:56.252  9256  9306 V D2xx::  : Vendor: 0403, Product: 6001
04-16 20:43:56.254  9256  9306 D FTDI_Device::: open SUCCESS
04-16 20:43:56.254  9256  9306 I FTDI_Device::: EP: 0x81
04-16 20:43:56.254  9256  9306 I FTDI_Device::: EP: 0x02
04-16 20:43:56.254  9256  9306 D D2XX::  : **********************Device Opened**********************
04-16 20:43:56.681  9256  9306 V RobotCore: Starting up device AI049QOP
04-16 20:43:56.682  9256  9327 V RobotCore: thread: 'r/w loop: Modern Robotics USB DC Motor Controller [AI049QOP]' starting...
04-16 20:43:56.683  9256  9306 D RobotCore: ...arming modern motor controller Modern Robotics USB DC Motor Controller [AI049QOP] complete
04-16 20:43:56.740  9256  9306 V RobotCore: Creating Modern Robotics USB DC Motor Controller [AL00VBIF]
04-16 20:43:56.740  9256  9306 D RobotCore: arming modern motor controller Modern Robotics USB DC Motor Controller [AL00VBIF]...
04-16 20:43:56.742  9256  9306 V D2xx::  : Vendor: 0403, Product: 6001
04-16 20:43:56.743  9256  9306 V D2xx::  : Vendor: 0403, Product: 6001
04-16 20:43:56.744  9256  9306 V D2xx::  : Vendor: 0403, Product: 6001
04-16 20:43:56.746  9256  9306 V D2xx::  : Vendor: 0403, Product: 6001
04-16 20:43:56.747  9256  9306 V D2xx::  : Vendor: 0403, Product: 6001
04-16 20:43:56.748  9256  9306 V D2xx::  : Vendor: 0403, Product: 6001
04-16 20:43:56.754  9256  9306 D FTDI_Device::: open SUCCESS
04-16 20:43:56.754  9256  9306 I FTDI_Device::: EP: 0x81
04-16 20:43:56.754  9256  9306 I FTDI_Device::: EP: 0x02
04-16 20:43:56.754  9256  9306 D D2XX::  : **********************Device Opened**********************
04-16 20:43:57.171  9256  9306 V RobotCore: Starting up device AL00VBIF
04-16 20:43:57.173  9256  9330 V RobotCore: thread: 'r/w loop: Modern Robotics USB DC Motor Controller [AL00VBIF]' starting...
04-16 20:43:57.173  9256  9306 D RobotCore: ...arming modern motor controller Modern Robotics USB DC Motor Controller [AL00VBIF] complete
04-16 20:43:57.284  9256  9306 I RobotCore: Analytics has completed initialization.
04-16 20:43:57.284  9256  9306 I RobotCore: ========= Device Information ===================================================
04-16 20:43:57.284  9256  9306 I RobotCore: Type                                               Name                           Connection
04-16 20:43:57.285  9256  9306 I RobotCore: I2cDevice                                          colorBack                      USB AI02RHDJ; port 4
04-16 20:43:57.285  9256  9306 I RobotCore: Modern Robotics USB DC Motor Controller v2.0       Shooter                        USB AI049QOP
04-16 20:43:57.285  9256  9306 I RobotCore: DC Motor                                           rightFront                     USB AL00VWH0; port 1
04-16 20:43:57.285  9256  9306 I RobotCore: Modern Robotics Analog Optical Distance Sensor     ods2                           USB AI02RHDJ; analog port 6
04-16 20:43:57.285  9256  9306 I RobotCore: Modern Robotics USB DC Motor Controller v2.0       Front Motors                   USB AL00VWH0
04-16 20:43:57.285  9256  9306 I RobotCore: Modern Robotics USB DC Motor Controller v2.0       Back Motors                    USB A104OQ1P
04-16 20:43:57.285  9256  9306 I RobotCore: DC Motor                                           leftBack                       USB A104OQ1P; port 2
04-16 20:43:57.285  9256  9306 I RobotCore: DC Motor                                           led                            USB AL00VBIF; port 2
04-16 20:43:57.286  9256  9306 I RobotCore: Servo                                              upDown                         USB AL00VST0; port 1
04-16 20:43:57.286  9256  9306 I RobotCore: DC Motor                                           shooter2                       USB AI049QOP; port 2
04-16 20:43:57.286  9256  9306 I RobotCore: DC Motor                                           shooter1                       USB AI049QOP; port 1
04-16 20:43:57.286  9256  9306 I RobotCore: DC Motor                                           leftFront                      USB AL00VWH0; port 2
04-16 20:43:57.286  9256  9306 I RobotCore: DC Motor                                           rightBack                      USB A104OQ1P; port 1
04-16 20:43:57.286  9256  9306 I RobotCore: Servo                                              ballFeeder                     USB AL00VST0; port 2
04-16 20:43:57.286  9256  9306 I RobotCore: Modern Robotics USB DC Motor Controller v2.0       Intake                         USB AL00VBIF
04-16 20:43:57.287  9256  9306 I RobotCore: Modern Robotics USB Core Device Interface Module v2.0 Sensors                        USB AI02RHDJ
04-16 20:43:57.287  9256  9306 I RobotCore: I2cDevice                                          colorFront                     USB AI02RHDJ; port 2
04-16 20:43:57.287  9256  9306 I RobotCore: Modern Robotics USB Servo Controller v2.0          Servos                         USB AL00VST0
04-16 20:43:57.287  9256  9306 I RobotCore: DC Motor                                           intake                         USB AL00VBIF; port 1
04-16 20:43:57.287  9256  9306 I RobotCore: Modern Robotics Gyro                               gyro                           USB AI02RHDJ; I2C port: 3
04-16 20:43:57.287  9256  9306 I RobotCore: Modern Robotics Analog Optical Distance Sensor     ods                            USB AI02RHDJ; analog port 7
04-16 20:43:57.287  9256  9306 I FIRST   : ======= INIT FINISH =======
04-16 20:43:57.287  9256  9306 V RobotCore: EventLoopManager state is RUNNING
