04-16 20:44:50.821  9256  9315 E RobotCore: com.qualcomm.modernrobotics.ReadWriteRunnableUsbHandler.a(SourceFile:77)
04-16 20:44:50.821  9256  9315 E RobotCore: com.qualcomm.modernrobotics.ReadWriteRunnableUsbHandler.read(SourceFile:66)
04-16 20:44:50.821  9256  9315 E RobotCore: com.qualcomm.hardware.modernrobotics.ReadWriteRunnableStandard$1.run(ReadWriteRunnableStandard.java:343)
04-16 20:44:50.821  9256  9315 E RobotCore: com.qualcomm.robotcore.util.ThreadPool.logThreadLifeCycle(ThreadPool.java:513)
04-16 20:44:50.821  9256  9315 E RobotCore: com.qualcomm.hardware.modernrobotics.ReadWriteRunnableStandard.run(ReadWriteRunnableStandard.java:302)
04-16 20:44:50.821  9256  9315 E RobotCore: java.util.concurrent.ThreadPoolExecutor.runWorker(ThreadPoolExecutor.java:1113)
04-16 20:44:50.821  9256  9315 E RobotCore: java.util.concurrent.ThreadPoolExecutor$Worker.run(ThreadPoolExecutor.java:588)
04-16 20:44:50.821  9256  9315 E RobotCore: java.lang.Thread.run(Thread.java:818)
04-16 20:44:50.822  9256  9315 V RobotCore: thread: ...terminating 'r/w loop: Modern Robotics USB Servo Controller [AL00VST0]'
04-16 20:44:50.831  9256  9256 D UsbDeviceConnectionJNI: close
04-16 20:44:50.831  9256  9329 D ProcessRequestThread::: Device has been closed.
04-16 20:44:50.831  9256  9329 W System.err: java.lang.InterruptedException
04-16 20:44:50.831  9256  9329 W System.err: 	at java.util.concurrent.locks.AbstractQueuedSynchronizer.doAcquireSharedInterruptibly(AbstractQueuedSynchronizer.java:972)
04-16 20:44:50.831  9256  9329 W System.err: 	at java.util.concurrent.locks.AbstractQueuedSynchronizer.acquireSharedInterruptibly(AbstractQueuedSynchronizer.java:1278)
04-16 20:44:50.831  9256  9329 W System.err: 	at java.util.concurrent.Semaphore.acquire(Semaphore.java:284)
04-16 20:44:50.832  9256  9329 W System.err: 	at com.ftdi.j2xx.ProcessInCtrl.acquireReadableBuffer(FT_Device.java:2294)
04-16 20:44:50.832  9256  9329 W System.err: 	at com.ftdi.j2xx.ProcessRequestWorker.run(FT_Device.java:2764)
04-16 20:44:50.832  9256  9329 W System.err: 	at java.lang.Thread.run(Thread.java:818)
04-16 20:44:50.832  9256  9330 W RobotCore: could not write to Modern Robotics USB DC Motor Controller [AL00VBIF]: FTDI Null Pointer Exception
04-16 20:44:50.833  9256  9330 E RobotCore: java.lang.NullPointerException: Attempt to invoke interface method 'void java.util.concurrent.locks.Lock.unlock()' on a null object reference
04-16 20:44:50.833  9256  9330 E RobotCore: com.ftdi.j2xx.ProcessInCtrl.readBulkInData(FT_Device.java:2520)
04-16 20:44:50.833  9256  9330 E RobotCore: com.ftdi.j2xx.FT_Device.read(FT_Device.java:666)
04-16 20:44:50.833  9256  9330 E RobotCore: com.qualcomm.robotcore.hardware.usb.ftdi.RobotUsbDeviceFtdi.read(RobotUsbDeviceFtdi.java:199)
04-16 20:44:50.833  9256  9330 E RobotCore: com.qualcomm.robotcore.hardware.usb.ftdi.RobotUsbDeviceFtdi.read(RobotUsbDeviceFtdi.java:176)
04-16 20:44:50.833  9256  9330 E RobotCore: com.qualcomm.modernrobotics.ReadWriteRunnableUsbHandler.a(SourceFile:77)
04-16 20:44:50.833  9256  9330 E RobotCore: com.qualcomm.modernrobotics.ReadWriteRunnableUsbHandler.read(SourceFile:66)
04-16 20:44:50.833  9256  9330 E RobotCore: com.qualcomm.hardware.modernrobotics.ReadWriteRunnableStandard$1.run(ReadWriteRunnableStandard.java:343)
04-16 20:44:50.833  9256  9330 E RobotCore: com.qualcomm.robotcore.util.ThreadPool.logThreadLifeCycle(ThreadPool.java:513)
04-16 20:44:50.833  9256  9330 E RobotCore: com.qualcomm.hardware.modernrobotics.ReadWriteRunnableStandard.run(ReadWriteRunnableStandard.java:302)
04-16 20:44:50.833  9256  9330 E RobotCore: java.util.concurrent.ThreadPoolExecutor.runWorker(ThreadPoolExecutor.java:1113)
04-16 20:44:50.833  9256  9330 E RobotCore: java.util.concurrent.ThreadPoolExecutor$Worker.run(ThreadPoolExecutor.java:588)
04-16 20:44:50.833  9256  9330 E RobotCore: java.lang.Thread.run(Thread.java:818)
04-16 20:44:50.833  9256  9330 V RobotCore: thread: ...terminating 'r/w loop: Modern Robotics USB DC Motor Controller [AL00VBIF]'
04-16 20:44:50.834  9256  9328 D BulkIn::: Stop BulkIn thread
04-16 20:44:50.834  9256  9328 W System.err: java.lang.NullPointerException: Attempt to invoke virtual method 'int com.ftdi.j2xx.D2xxManager$DriverParameters.getBufferNumber()' on a null object reference
04-16 20:44:50.835  9256  9328 W System.err: 	at com.ftdi.j2xx.ProcessInCtrl.releaseWritableBuffers(FT_Device.java:2672)
04-16 20:44:50.835  9256  9328 W System.err: 	at com.ftdi.j2xx.BulkInWorker.run(FT_Device.java:2879)
04-16 20:44:50.835  9256  9328 W System.err: 	at java.lang.Thread.run(Thread.java:818)
04-16 20:44:50.839  9256  9311 D RobotCore: system telemetry: key=$System$Warning$ msg="problem communicating with Modern Robotics USB DC Motor Controller [AL00VBIF]; problem communicating with Modern Robotics USB Servo Controller [AL00VST0]"
04-16 20:44:50.852  9256  9256 D UsbDeviceConnectionJNI: close
04-16 20:44:50.852  9256  9256 D UsbDeviceConnectionJNI: close
04-16 20:44:50.853  9256  9327 W RobotCore: could not write to Modern Robotics USB DC Motor Controller [AI049QOP]: FTDI Null Pointer Exception
04-16 20:44:50.853  9256  9327 E RobotCore: java.lang.NullPointerException: Attempt to invoke interface method 'void java.util.concurrent.locks.Lock.unlock()' on a null object reference
04-16 20:44:50.853  9256  9256 D UsbDeviceConnectionJNI: close
04-16 20:44:50.853  9256  9327 E RobotCore: com.ftdi.j2xx.ProcessInCtrl.readBulkInData(FT_Device.java:2520)
04-16 20:44:50.853  9256  9327 E RobotCore: com.ftdi.j2xx.FT_Device.read(FT_Device.java:666)
04-16 20:44:50.853  9256  9327 E RobotCore: com.qualcomm.robotcore.hardware.usb.ftdi.RobotUsbDeviceFtdi.read(RobotUsbDeviceFtdi.java:199)
04-16 20:44:50.853  9256  9327 E RobotCore: com.qualcomm.robotcore.hardware.usb.ftdi.RobotUsbDeviceFtdi.read(RobotUsbDeviceFtdi.java:176)
04-16 20:44:50.853  9256  9327 E RobotCore: com.qualcomm.modernrobotics.ReadWriteRunnableUsbHandler.a(SourceFile:77)
04-16 20:44:50.853  9256  9327 E RobotCore: com.qualcomm.modernrobotics.ReadWriteRunnableUsbHandler.read(SourceFile:66)
04-16 20:44:50.853  9256  9327 E RobotCore: com.qualcomm.hardware.modernrobotics.ReadWriteRunnableStandard$1.run(ReadWriteRunnableStandard.java:343)
04-16 20:44:50.853  9256  9327 E RobotCore: com.qualcomm.robotcore.util.ThreadPool.logThreadLifeCycle(ThreadPool.java:513)
04-16 20:44:50.853  9256  9327 E RobotCore: com.qualcomm.hardware.modernrobotics.ReadWriteRunnableStandard.run(ReadWriteRunnableStandard.java:302)
04-16 20:44:50.853  9256  9327 E RobotCore: java.util.concurrent.ThreadPoolExecutor.runWorker(ThreadPoolExecutor.java:1113)
04-16 20:44:50.853  9256  9327 E RobotCore: java.util.concurrent.ThreadPoolExecutor$Worker.run(ThreadPoolExecutor.java:588)
04-16 20:44:50.853  9256  9327 E RobotCore: java.lang.Thread.run(Thread.java:818)
04-16 20:44:50.853  9256  9256 D UsbDeviceConnectionJNI: close
04-16 20:44:50.853  9256  9327 V RobotCore: thread: ...terminating 'r/w loop: Modern Robotics USB DC Motor Controller [AI049QOP]'
04-16 20:44:50.853  9256  9317 D ProcessRequestThread::: Device has been closed.
04-16 20:44:50.854  9256  9326 D ProcessRequestThread::: Device has been closed.
04-16 20:44:50.854  9256  9320 D ProcessRequestThread::: Device has been closed.
04-16 20:44:50.854  9256  9323 D ProcessRequestThread::: Device has been closed.
04-16 20:44:50.855  9256  9317 W System.err: java.lang.InterruptedException
04-16 20:44:50.855  9256  9323 W System.err: java.lang.InterruptedException
04-16 20:44:50.855  9256  9317 W System.err: 	at java.util.concurrent.locks.AbstractQueuedSynchronizer.doAcquireSharedInterruptibly(AbstractQueuedSynchronizer.java:972)
04-16 20:44:50.855  9256  9317 W System.err: 	at 	at java.util.concurrent.locks.AbstractQueuedSynchronizer.acquireSharedInterruptibly(AbstractQueuedSynchronizer.java:1278)
04-16 20:44:50.855  9256  9323 W System.err: 	at java.util.concurrent.locks.AbstractQueuedSynchronizer.doAcquireSharedInterruptibly(AbstractQueuedSynchronizer.java:972)
04-16 20:44:50.855  9256  9323 W System.err: 	at java.util.concurrent.locks.AbstractQueuedSynchronizer.acquireSharedInterruptibly(AbstractQueuedSynchronizer.java:1278)
04-16 20:44:50.855  9256  9323 W System.err: 	at java.util.concurrent.Semaphore.acquire(Semaphore.java:284)
04-16 20:44:50.855  9256  9323 W System.err: 	at com.ftdi.j2xx.ProcessInCtrl.acquireReadableBuffer(FT_Device.java:2294)
04-16 20:44:50.855  9256  9323 W System.err: 	at com.ftdi.j2xx.ProcessRequestWorker.run(FT_Device.java:2764)
04-16 20:44:50.855  9256  9323 W System.err: 	at java.lang.Thread.run(Thread.java:818)
04-16 20:44:50.855  9256  9325 D BulkIn::: Stop BulkIn thread
04-16 20:44:50.855  9256  9325 W System.err: java.lang.NullPointerException: Attempt to invoke virtual method 'int com.ftdi.j2xx.D2xxManager$DriverParameters.getBufferNumber()' on a null object reference
04-16 20:44:50.855  9256  9325 W System.err: 	at com.ftdi.j2xx.ProcessInCtrl.releaseWritableBuffers(FT_Device.java:2672)
04-16 20:44:50.855  9256  9324 W RobotCore: could not write to Modern Robotics USB DC Motor Controller [AL00VWH0]: FTDI Null Pointer Exception
04-16 20:44:50.855  9256  9325 W System.err: 	at com.ftdi.j2xx.BulkInWorker.run(FT_Device.java:2879)
04-16 20:44:50.855  9256  9324 E RobotCore: java.lang.NullPointerException: Attempt to invoke interface method 'void java.util.concurrent.locks.Lock.unlock()' on a null object reference
04-16 20:44:50.855  9256  9325 W System.err: 	at java.lang.Thread.run(Thread.java:818)
04-16 20:44:50.855  9256  9324 E RobotCore: com.ftdi.j2xx.ProcessInCtrl.readBulkInData(FT_Device.java:2520)
04-16 20:44:50.855  9256  9317 W System.err: java.util.concurrent.Semaphore.acquire(Semaphore.java:284)
04-16 20:44:50.855  9256  9324 E RobotCore: com.ftdi.j2xx.FT_Device.read(FT_Device.java:666)
04-16 20:44:50.855  9256  9324 E RobotCore: com.qualcomm.robotcore.hardware.usb.ftdi.RobotUsbDeviceFtdi.read(RobotUsbDeviceFtdi.java:199)
04-16 20:44:50.855  9256  9317 W System.err: 	at com.ftdi.j2xx.ProcessInCtrl.acquireReadableBuffer(FT_Device.java:2294)
04-16 20:44:50.855  9256  9324 E RobotCore: com.qualcomm.robotcore.hardware.usb.ftdi.RobotUsbDeviceFtdi.read(RobotUsbDeviceFtdi.java:176)
04-16 20:44:50.855  9256  9317 W System.err: 	at com.ftdi.j2xx.ProcessRequestWorker.run(FT_Device.java:2764)
04-16 20:44:50.855  9256  9324 E RobotCore: com.qualcomm.modernrobotics.ReadWriteRunnableUsbHandler.a(SourceFile:77)
04-16 20:44:50.856  9256  9317 W System.err: 	at java.lang.Thread.run(Thread.java:818)
04-16 20:44:50.856  9256  9324 E RobotCore: com.qualcomm.modernrobotics.ReadWriteRunnableUsbHandler.read(SourceFile:66)
04-16 20:44:50.856  9256  9324 E RobotCore: com.qualcomm.hardware.modernrobotics.ReadWriteRunnableStandard$1.run(ReadWriteRunnableStandard.java:343)
04-16 20:44:50.856  9256  9324 E RobotCore: com.qualcomm.robotcore.util.ThreadPool.logThreadLifeCycle(ThreadPool.java:513)
04-16 20:44:50.856  9256  9324 E RobotCore: com.qualcomm.hardware.modernrobotics.ReadWriteRunnableStandard.run(ReadWriteRunnableStandard.java:302)
04-16 20:44:50.856  9256  9324 E RobotCore: java.util.concurrent.ThreadPoolExecutor.runWorker(ThreadPoolExecutor.java:1113)
04-16 20:44:50.856  9256  9324 E RobotCore: java.util.concurrent.ThreadPoolExecutor$Worker.run(ThreadPoolExecutor.java:588)
04-16 20:44:50.856  9256  9324 E RobotCore: java.lang.Thread.run(Thread.java:818)
04-16 20:44:50.856  9256  9316 D BulkIn::: Stop BulkIn thread
04-16 20:44:50.856  9256  9316 W System.err: java.lang.NullPointerException: Attempt to invoke virtual method 'int com.ftdi.j2xx.D2xxManager$DriverParameters.getBufferNumber()' on a null object reference
04-16 20:44:50.856  9256  9321 W RobotCore: could not write to Modern Robotics USB DC Motor Controller [A104OQ1P]: FTDI Null Pointer Exception
04-16 20:44:50.856  9256  9316 W System.err: 	at com.ftdi.j2xx.ProcessInCtrl.releaseWritableBuffers(FT_Device.java:2672)
04-16 20:44:50.856  9256  9321 E RobotCore: java.lang.NullPointerException: Attempt to invoke interface method 'void java.util.concurrent.locks.Lock.unlock()' on a null object reference
04-16 20:44:50.856  9256  9316 W System.err: 	at com.ftdi.j2xx.BulkInWorker.run(FT_Device.java:2879)
04-16 20:44:50.856  9256  9316 W System.err: 	at java.lang.Thread.run(Thread.java:818)
04-16 20:44:50.856  9256  9324 V RobotCore: thread: ...terminating 'r/w loop: Modern Robotics USB DC Motor Controller [AL00VWH0]'
04-16 20:44:50.856  9256  9319 D BulkIn::: Stop BulkIn thread
04-16 20:44:50.856  9256  9320 W System.err: java.lang.InterruptedException
04-16 20:44:50.856  9256  9326 W System.err: java.lang.InterruptedException
04-16 20:44:50.857  9256  9320 W System.err: 	at java.util.concurrent.locks.AbstractQueuedSynchronizer.doAcquireSharedInterruptibly(AbstractQueuedSynchronizer.java:972)
04-16 20:44:50.857  9256  9320 W System.err: 	at 	at java.util.concurrent.locks.AbstractQueuedSynchronizer.acquireSharedInterruptibly(AbstractQueuedSynchronizer.java:1278)
04-16 20:44:50.857  9256  9318 W RobotCore: could not write to Modern Robotics USB Core Device Interface Module [AI02RHDJ]: FTDI Null Pointer Exception
04-16 20:44:50.857  9256  9318 E RobotCore: java.lang.NullPointerException: Attempt to invoke interface method 'void java.util.concurrent.locks.Lock.unlock()' on a null object reference
04-16 20:44:50.857  9256  9326 W System.err: 	at java.util.concurrent.locks.AbstractQueuedSynchronizer.doAcquireSharedInterruptibly(AbstractQueuedSynchronizer.java:972)
04-16 20:44:50.857  9256  9319 W System.err: java.lang.NullPointerException: Attempt to invoke virtual method 'int com.ftdi.j2xx.D2xxManager$DriverParameters.getBufferNumber()' on a null object reference
04-16 20:44:50.857  9256  9322 D BulkIn::: Stop BulkIn thread
04-16 20:44:50.857  9256  9322 W System.err: 	at java.lang.NullPointerException: Attempt to invoke virtual method 'int com.ftdi.j2xx.D2xxManager$DriverParameters.getBufferNumber()' on a null object reference
04-16 20:44:50.857  9256  9319 W System.err: com.ftdi.j2xx.ProcessInCtrl.releaseWritableBuffers(FT_Device.java:2672)
04-16 20:44:50.857  9256  9320 W System.err: 	at java.util.concurrent.Semaphore.acquire(Semaphore.java:284)
04-16 20:44:50.857  9256  9319 W System.err: com.ftdi.j2xx.BulkInWorker.run(FT_Device.java:2879)
04-16 20:44:50.857  9256  9319 W System.err: 	at 	at 	at java.lang.Thread.run(Thread.java:818)
04-16 20:44:50.857  9256  9320 W System.err: com.ftdi.j2xx.ProcessInCtrl.acquireReadableBuffer(FT_Device.java:2294)
04-16 20:44:50.857  9256  9320 W System.err: 	at com.ftdi.j2xx.ProcessRequestWorker.run(FT_Device.java:2764)
04-16 20:44:50.857  9256  9326 W System.err: java.util.concurrent.locks.AbstractQueuedSynchronizer.acquireSharedInterruptibly(AbstractQueuedSynchronizer.java:1278)
04-16 20:44:50.857  9256  9326 W System.err: 	at java.util.concurrent.Semaphore.acquire(Semaphore.java:284)
04-16 20:44:50.858  9256  9326 W System.err: 	at com.ftdi.j2xx.ProcessInCtrl.acquireReadableBuffer(FT_Device.java:2294)
04-16 20:44:50.858  9256  9326 W System.err: 	at com.ftdi.j2xx.ProcessRequestWorker.run(FT_Device.java:2764)
04-16 20:44:50.858  9256  9326 W System.err: 	at java.lang.Thread.run(Thread.java:818)
04-16 20:44:50.858  9256  9321 E RobotCore: com.ftdi.j2xx.ProcessInCtrl.readBulkInData(FT_Device.java:2520)
04-16 20:44:50.858  9256  9321 E RobotCore: com.ftdi.j2xx.FT_Device.read(FT_Device.java:666)
04-16 20:44:50.858  9256  9321 E RobotCore: com.qualcomm.robotcore.hardware.usb.ftdi.RobotUsbDeviceFtdi.read(RobotUsbDeviceFtdi.java:199)
04-16 20:44:50.858  9256  9321 E RobotCore: com.qualcomm.robotcore.hardware.usb.ftdi.RobotUsbDeviceFtdi.read(RobotUsbDeviceFtdi.java:176)
04-16 20:44:50.858  9256  9321 E RobotCore: com.qualcomm.modernrobotics.ReadWriteRunnableUsbHandler.b(SourceFile:109)
04-16 20:44:50.858  9256  9321 E RobotCore: com.qualcomm.modernrobotics.ReadWriteRunnableUsbHandler.write(SourceFile:98)
04-16 20:44:50.858  9256  9321 E RobotCore: com.qualcomm.hardware.modernrobotics.ReadWriteRunnableStandard$1.run(ReadWriteRunnableStandard.java:394)
04-16 20:44:50.858  9256  9321 E RobotCore: com.qualcomm.robotcore.util.ThreadPool.logThreadLifeCycle(ThreadPool.java:513)
04-16 20:44:50.858  9256  9321 E RobotCore: com.qualcomm.hardware.modernrobotics.ReadWriteRunnableStandard.run(ReadWriteRunnableStandard.java:302)
04-16 20:44:50.858  9256  9321 E RobotCore: java.util.concurrent.ThreadPoolExecutor.runWorker(ThreadPoolExecutor.java:1113)
04-16 20:44:50.858  9256  9321 E RobotCore: java.util.concurrent.ThreadPoolExecutor$Worker.run(ThreadPoolExecutor.java:588)
04-16 20:44:50.858  9256  9321 E RobotCore: java.lang.Thread.run(Thread.java:818)
04-16 20:44:50.858  9256  9322 W System.err: 	at com.ftdi.j2xx.ProcessInCtrl.releaseWritableBuffers(FT_Device.java:2672)
04-16 20:44:50.858  9256  9322 W System.err: 	at com.ftdi.j2xx.BulkInWorker.run(FT_Device.java:2879)
04-16 20:44:50.858  9256  9322 W System.err: 	at java.lang.Thread.run(Thread.java:818)
04-16 20:44:50.858  9256  9318 E RobotCore: com.ftdi.j2xx.ProcessInCtrl.readBulkInData(FT_Device.java:2520)
04-16 20:44:50.859  9256  9318 E RobotCore: com.ftdi.j2xx.FT_Device.read(FT_Device.java:666)
04-16 20:44:50.859  9256  9318 E RobotCore: com.qualcomm.robotcore.hardware.usb.ftdi.RobotUsbDeviceFtdi.read(RobotUsbDeviceFtdi.java:199)
04-16 20:44:50.859  9256  9318 E RobotCore: com.qualcomm.robotcore.hardware.usb.ftdi.RobotUsbDeviceFtdi.read(RobotUsbDeviceFtdi.java:176)
04-16 20:44:50.859  9256  9318 E RobotCore: com.qualcomm.modernrobotics.ReadWriteRunnableUsbHandler.a(SourceFile:77)
04-16 20:44:50.859  9256  9318 E RobotCore: com.qualcomm.modernrobotics.ReadWriteRunnableUsbHandler.read(SourceFile:66)
04-16 20:44:50.859  9256  9320 W System.err: 	at java.lang.Thread.run(Thread.java:818)
04-16 20:44:50.859  9256  9318 E RobotCore: com.qualcomm.hardware.modernrobotics.ReadWriteRunnableStandard$1.run(ReadWriteRunnableStandard.java:343)
04-16 20:44:50.859  9256  9318 E RobotCore: com.qualcomm.robotcore.util.ThreadPool.logThreadLifeCycle(ThreadPool.java:513)
04-16 20:44:50.859  9256  9318 E RobotCore: com.qualcomm.hardware.modernrobotics.ReadWriteRunnableStandard.run(ReadWriteRunnableStandard.java:302)
04-16 20:44:50.859  9256  9318 E RobotCore: java.util.concurrent.ThreadPoolExecutor.runWorker(ThreadPoolExecutor.java:1113)
04-16 20:44:50.859  9256  9318 E RobotCore: java.util.concurrent.ThreadPoolExecutor$Worker.run(ThreadPoolExecutor.java:588)
04-16 20:44:50.859  9256  9318 E RobotCore: java.lang.Thread.run(Thread.java:818)
04-16 20:44:50.859  9256  9335 D RobotCore: system telemetry: key=$System$Warning$ msg="problem communicating with Modern Robotics USB DC Motor Controller [AL00VBIF]; problem communicating with Modern Robotics USB DC Motor Controller [A104OQ1P]; problem communicating with Modern Robotics USB DC Motor Controller [AI049QOP]; problem communicating with Modern Robotics USB Servo Controller [AL00VST0]; problem communicating with Modern Robotics USB DC Motor Controller [AL00VWH0]"
04-16 20:44:50.859  9256  9321 V RobotCore: thread: ...terminating 'r/w loop: Modern Robotics USB DC Motor Controller [A104OQ1P]'
04-16 20:44:50.859  9256  9318 V RobotCore: thread: ...terminating 'r/w loop: Modern Robotics USB Core Device Interface Module [AI02RHDJ]'
04-16 20:44:50.859  9256  9335 V RobotCore: event loop: device has shutdown abnormally
04-16 20:44:50.860  9256  9335 V RobotCore: event loop: detaching device owner
04-16 20:44:50.860  9256  9335 I FIRST   : ======= MODULE DETACH RECOVERY: disarm Modern Robotics USB Servo Controller [AL00VST0]=======
04-16 20:44:50.860  9256  9335 D RobotCore: disarming modern servo controller "Modern Robotics USB Servo Controller [AL00VST0]"...
04-16 20:44:50.860  9256  9335 V RobotCore: waiting for service ReadWriteRunnable for Modern Robotics USB Device
04-16 20:44:50.861  9256  9335 V RobotCore: awaitTermination returned, isTerminated=true
04-16 20:44:50.861  9256  9335 V RobotCore: executive service ReadWriteRunnable for Modern Robotics USB Device is terminated
04-16 20:44:50.861  9256  9335 D RobotCore: ...disarming modern servo controller Modern Robotics USB Servo Controller [AL00VST0] complete
04-16 20:44:50.861  9256  9335 I FIRST   : ======= MODULE DETACH RECOVERY: pretend Modern Robotics USB Servo Controller [AL00VST0]=======
04-16 20:44:50.861  9256  9335 D RobotCore: arming modern servo controller Modern Robotics USB Servo Controller [AL00VST0] (pretend)...
04-16 20:44:50.862  9256  9335 V RobotCore: Starting up pretend device AL00VST0
04-16 20:44:50.863  9256  9376 V RobotCore: thread: 'r/w loop: Modern Robotics USB Servo Controller [AL00VST0]' starting...
04-16 20:44:50.864  9256  9335 D RobotCore: ...arming modern servo controller Modern Robotics USB Servo Controller [AL00VST0] complete
04-16 20:44:50.864  9256  9335 I FIRST   : ======= MODULE DETACH RECOVERY: complete Modern Robotics USB Servo Controller [AL00VST0]=======
04-16 20:44:50.865  9256  9335 V RobotCore: event loop: device has shutdown abnormally
04-16 20:44:50.865  9256  9335 V RobotCore: event loop: detaching device owner
04-16 20:44:50.865  9256  9335 I FIRST   : ======= MODULE DETACH RECOVERY: disarm Modern Robotics USB Core Device Interface Module [AI02RHDJ]=======
04-16 20:44:50.865  9256  9335 V RobotCore: waiting for service ReadWriteRunnable for Modern Robotics USB Device
04-16 20:44:50.866  9256  9335 V RobotCore: awaitTermination returned, isTerminated=true
04-16 20:44:50.866  9256  9335 V RobotCore: executive service ReadWriteRunnable for Modern Robotics USB Device is terminated
04-16 20:44:50.866  9256  9335 I FIRST   : ======= MODULE DETACH RECOVERY: pretend Modern Robotics USB Core Device Interface Module [AI02RHDJ]=======
04-16 20:44:50.866  9256  9335 V RobotCore: Starting up pretend device AI02RHDJ
04-16 20:44:50.867  9256  9379 V RobotCore: thread: 'r/w loop: Modern Robotics USB Core Device Interface Module [AI02RHDJ]' starting...
04-16 20:44:50.868  9256  9335 I FIRST   : ======= MODULE DETACH RECOVERY: complete Modern Robotics USB Core Device Interface Module [AI02RHDJ]=======
04-16 20:44:50.868  9256  9335 V RobotCore: event loop: device has shutdown abnormally
04-16 20:44:50.868  9256  9335 V RobotCore: event loop: detaching device owner
04-16 20:44:50.868  9256  9335 I FIRST   : ======= MODULE DETACH RECOVERY: disarm Modern Robotics USB DC Motor Controller [A104OQ1P]=======
04-16 20:44:50.868  9256  9335 D RobotCore: disarming modern motor controller Modern Robotics USB DC Motor Controller [A104OQ1P]...
04-16 20:44:50.869  9256  9335 V RobotCore: executive service ReadWriteRunnable for Modern Robotics USB Device is terminated
04-16 20:44:50.869  9256  9335 D RobotCore: ...disarming modern motor controller Modern Robotics USB DC Motor Controller [A104OQ1P] complete
04-16 20:44:50.869  9256  9335 I FIRST   : ======= MODULE DETACH RECOVERY: pretend Modern Robotics USB DC Motor Controller [A104OQ1P]=======
04-16 20:44:50.869  9256  9335 D RobotCore: arming modern motor controller Modern Robotics USB DC Motor Controller [A104OQ1P] (pretend)...
04-16 20:44:50.870  9256  9335 V RobotCore: Starting up pretend device A104OQ1P
04-16 20:44:50.871  9256  9380 V RobotCore: thread: 'r/w loop: Modern Robotics USB DC Motor Controller [A104OQ1P]' starting...
04-16 20:44:50.877  9256  9335 D RobotCore: ...arming modern motor controller Modern Robotics USB DC Motor Controller [A104OQ1P] complete
04-16 20:44:50.877  9256  9335 I FIRST   : ======= MODULE DETACH RECOVERY: complete Modern Robotics USB DC Motor Controller [A104OQ1P]=======
04-16 20:44:50.877  9256  9335 V RobotCore: event loop: device has shutdown abnormally
04-16 20:44:50.877  9256  9335 V RobotCore: event loop: detaching device owner
04-16 20:44:50.877  9256  9335 I FIRST   : ======= MODULE DETACH RECOVERY: disarm Modern Robotics USB DC Motor Controller [AL00VWH0]=======
04-16 20:44:50.877  9256  9335 D RobotCore: disarming modern motor controller Modern Robotics USB DC Motor Controller [AL00VWH0]...
04-16 20:44:50.877  9256  9335 V RobotCore: waiting for service ReadWriteRunnable for Modern Robotics USB Device
04-16 20:44:50.877  9256  9335 V RobotCore: awaitTermination returned, isTerminated=true
04-16 20:44:50.877  9256  9335 V RobotCore: executive service ReadWriteRunnable for Modern Robotics USB Device is terminated
04-16 20:44:50.878  9256  9335 D RobotCore: ...disarming modern motor controller Modern Robotics USB DC Motor Controller [AL00VWH0] complete
04-16 20:44:50.878  9256  9335 I FIRST   : ======= MODULE DETACH RECOVERY: pretend Modern Robotics USB DC Motor Controller [AL00VWH0]=======
04-16 20:44:50.878  9256  9335 D RobotCore: arming modern motor controller Modern Robotics USB DC Motor Controller [AL00VWH0] (pretend)...
04-16 20:44:50.878  9256  9335 V RobotCore: Starting up pretend device AL00VWH0
04-16 20:44:50.882  9256  9381 V RobotCore: thread: 'r/w loop: Modern Robotics USB DC Motor Controller [AL00VWH0]' starting...
04-16 20:44:50.883  9256  9335 D RobotCore: ...arming modern motor controller Modern Robotics USB DC Motor Controller [AL00VWH0] complete
04-16 20:44:50.883  9256  9335 I FIRST   : ======= MODULE DETACH RECOVERY: complete Modern Robotics USB DC Motor Controller [AL00VWH0]=======
04-16 20:44:50.883  9256  9335 V RobotCore: event loop: device has shutdown abnormally
04-16 20:44:50.883  9256  9335 V RobotCore: event loop: detaching device owner
04-16 20:44:50.883  9256  9335 I FIRST   : ======= MODULE DETACH RECOVERY: disarm Modern Robotics USB DC Motor Controller [AI049QOP]=======
04-16 20:44:50.884  9256  9334 D MediaPlayer: setSubtitleAnchor in MediaPlayer
04-16 20:44:50.886  9256  9335 D RobotCore: disarming modern motor controller Modern Robotics USB DC Motor Controller [AI049QOP]...
04-16 20:44:50.886  9256  9335 V RobotCore: waiting for service ReadWriteRunnable for Modern Robotics USB Device
04-16 20:44:50.886  9256  9335 V RobotCore: awaitTermination returned, isTerminated=true
04-16 20:44:50.886  9256  9335 V RobotCore: executive service ReadWriteRunnable for Modern Robotics USB Device is terminated
04-16 20:44:50.886  9256  9335 D RobotCore: ...disarming modern motor controller Modern Robotics USB DC Motor Controller [AI049QOP] complete
04-16 20:44:50.887  9256  9335 I FIRST   : ======= MODULE DETACH RECOVERY: pretend Modern Robotics USB DC Motor Controller [AI049QOP]=======
04-16 20:44:50.887  9256  9335 D RobotCore: arming modern motor controller Modern Robotics USB DC Motor Controller [AI049QOP] (pretend)...
04-16 20:44:50.887  9256  9335 V RobotCore: Starting up pretend device AI049QOP
04-16 20:44:50.889  9256  9383 V RobotCore: thread: 'r/w loop: Modern Robotics USB DC Motor Controller [AI049QOP]' starting...
04-16 20:44:50.890  9256  9335 D RobotCore: ...arming modern motor controller Modern Robotics USB DC Motor Controller [AI049QOP] complete
04-16 20:44:50.890  9256  9335 I FIRST   : ======= MODULE DETACH RECOVERY: complete Modern Robotics USB DC Motor Controller [AI049QOP]=======
04-16 20:44:50.890  9256  9335 V RobotCore: event loop: device has shutdown abnormally
04-16 20:44:50.890  9256  9335 V RobotCore: event loop: detaching device owner
04-16 20:44:50.890  9256  9335 I FIRST   : ======= MODULE DETACH RECOVERY: disarm Modern Robotics USB DC Motor Controller [AL00VBIF]=======
04-16 20:44:50.890  9256  9335 D RobotCore: disarming modern motor controller Modern Robotics USB DC Motor Controller [AL00VBIF]...
04-16 20:44:50.891  9256  9335 V RobotCore: waiting for service ReadWriteRunnable for Modern Robotics USB Device
04-16 20:44:50.891  9256  9335 V RobotCore: awaitTermination returned, isTerminated=true
04-16 20:44:50.891  9256  9335 V RobotCore: executive service ReadWriteRunnable for Modern Robotics USB Device is terminated
04-16 20:44:50.894  9256  9335 D RobotCore: ...disarming modern motor controller Modern Robotics USB DC Motor Controller [AL00VBIF] complete
04-16 20:44:50.894  9256  9335 I FIRST   : ======= MODULE DETACH RECOVERY: pretend Modern Robotics USB DC Motor Controller [AL00VBIF]=======
04-16 20:44:50.894  9256  9335 D RobotCore: arming modern motor controller Modern Robotics USB DC Motor Controller [AL00VBIF] (pretend)...
04-16 20:44:50.894  9256  9256 W MediaPlayer: mediaplayer went away with unhandled events
04-16 20:44:50.894  9256  9335 V RobotCore: Starting up pretend device AL00VBIF
04-16 20:44:50.898  9256  9384 V RobotCore: thread: 'r/w loop: Modern Robotics USB DC Motor Controller [AL00VBIF]' starting...
04-16 20:44:50.901  9256  9335 D RobotCore: ...arming modern motor controller Modern Robotics USB DC Motor Controller [AL00VBIF] complete
04-16 20:44:50.902  9256  9335 I FIRST   : ======= MODULE DETACH RECOVERY: complete Modern Robotics USB DC Motor Controller [AL00VBIF]=======
04-16 20:44:50.903  9256  9335 D RobotCore: system telemetry: key=$System$Warning$ msg="problem communicating with Modern Robotics USB DC Motor Controller [AL00VBIF]; problem communicating with Modern Robotics USB DC Motor Controller [A104OQ1P]; problem communicating with Modern Robotics USB Core Device Interface Module [AI02RHDJ]; problem communicating with Modern Robotics USB DC Motor Controller [AI049QOP]; problem communicating with Modern Robotics USB Servo Controller [AL00VST0]; problem communicating with Modern Robotics USB DC Motor Controller [AL00VWH0]"
04-16 20:44:50.908  9256  9332 D ExtendedUtils: extended extractor not needed, return default
04-16 20:44:50.909  9256  9332 I MediaCodec: (0xb7e0d9e0) init name(audio/raw) isType(1) encoder(0)
04-16 20:44:50.910  9256  9385 I OMXClient: Using client-side OMX mux.
04-16 20:44:50.913  9256  9385 E OMXMaster: A component of name 'OMX.qcom.audio.decoder.aac' already exists, ignoring this one.
04-16 20:44:50.915  9256  9385 I MediaCodec: (0xb7e0d9e0) Component Allocated (OMX.google.raw.decoder)
04-16 20:44:50.915  9256  9332 I MediaCodec: (0xb7e0d9e0) configure surface(0x0) crypto(0x0) flags(0)
04-16 20:44:50.915  9256  9332 D MediaCodec: (0xb7e0d9e0) configure format: AMessage(what = 0x00000000) = {
04-16 20:44:50.915  9256  9332 D MediaCodec:    string mime = "audio/raw"
04-16 20:44:50.915  9256  9332 D MediaCodec:    int64_t durationUs = 1043650
04-16 20:44:50.915  9256  9332 D MediaCodec:    int32_t channel-count = 2
04-16 20:44:50.915  9256  9332 D MediaCodec:    int32_t sample-rate = 44100
04-16 20:44:50.915  9256  9332 D MediaCodec:    int32_t channel-mask = 0
04-16 20:44:50.915  9256  9332 D MediaCodec:  }
04-16 20:44:50.916  9256  9332 I MediaCodec: (0xb7e0d9e0) start
04-16 20:44:50.916  9256  9385 I MediaCodec: (0xb7e0d9e0) input buffers allocated
04-16 20:44:50.916  9256  9385 I MediaCodec: (0xb7e0d9e0) numBuffers (4)
04-16 20:44:50.916  9256  9385 I MediaCodec: (0xb7e0d9e0) output buffers allocated
04-16 20:44:50.916  9256  9385 I MediaCodec: (0xb7e0d9e0) numBuffers (4)
04-16 20:44:50.921  9256  9385 I MediaCodec: (0xb7e0d9e0) codec output format changed
04-16 20:44:50.921  9256  9385 D MediaCodec: (0xb7e0d9e0) output format: AMessage(what = 'codc', target = 10) = {
04-16 20:44:50.921  9256  9385 D MediaCodec:    string mime = "audio/raw"
04-16 20:44:50.921  9256  9385 D MediaCodec:    int32_t channel-count = 2
04-16 20:44:50.921  9256  9385 D MediaCodec:    int32_t sample-rate = 44100
04-16 20:44:50.921  9256  9385 D MediaCodec:    int32_t channel-mask = 0
04-16 20:44:50.921  9256  9385 D MediaCodec:    int32_t what = 1869968451
04-16 20:44:50.921  9256  9385 D MediaCodec:  }
04-16 20:44:50.938  9256  9332 I MediaCodec: (0xb7e0d9e0) stop
04-16 20:44:50.943  9256  9332 I MediaCodec: (0xb7e0d9e0) release
04-16 20:44:50.948  9256  9334 W AudioTrack: AUDIO_OUTPUT_FLAG_FAST denied by client; transfer 4, track 44100 Hz, output 48000 Hz
04-16 20:44:51.992  9256  9334 W AudioTrack: AUDIO_OUTPUT_FLAG_FAST denied by client; transfer 4, track 44100 Hz, output 48000 Hz
04-16 20:45:06.579  9256  9256 V RCActivity: onPause()
04-16 20:45:06.589  9256  9256 V RCActivity: onStop()
04-16 20:45:06.589  9256  9256 V RobotCore: executive service robot setup is terminated
04-16 20:45:06.590  9256  9256 V Robocol : EventLoopManager.shutdown()
04-16 20:45:06.590  9256  9256 V RobotCore: waiting for service EventLoop
04-16 20:45:06.590  9256  9335 I FIRST   : ======= TEARDOWN =======
04-16 20:45:06.590  9256  9335 D RobotCore: disarming modern motor controller Modern Robotics USB DC Motor Controller [A104OQ1P]...
04-16 20:45:06.595  9256  9380 V RobotCore: thread: ...terminating 'r/w loop: Modern Robotics USB DC Motor Controller [A104OQ1P]'
04-16 20:45:06.596  9256  9335 V RobotCore: executive service ReadWriteRunnable for Modern Robotics USB Device is terminated
04-16 20:45:06.596  9256  9335 D RobotCore: ...disarming modern motor controller Modern Robotics USB DC Motor Controller [A104OQ1P] complete
04-16 20:45:06.596  9256  9335 D RobotCore: disarming modern motor controller Modern Robotics USB DC Motor Controller [AI049QOP]...
04-16 20:45:06.597  9256  9335 V RobotCore: waiting for service ReadWriteRunnable for Modern Robotics USB Device
04-16 20:45:06.597  9256  9383 V RobotCore: thread: ...terminating 'r/w loop: Modern Robotics USB DC Motor Controller [AI049QOP]'
04-16 20:45:06.598  9256  9335 V RobotCore: awaitTerminationOrExitApplication ReadWriteRunnable for Modern Robotics USB Device; interrupt thrown
04-16 20:45:06.651  9256  9311 D RobotCore: system telemetry: key=$System$Warning$ msg="problem communicating with Modern Robotics USB DC Motor Controller [AL00VBIF]; problem communicating with Modern Robotics USB Core Device Interface Module [AI02RHDJ]; problem communicating with Modern Robotics USB DC Motor Controller [AI049QOP]; problem communicating with Modern Robotics USB Servo Controller [AL00VST0]; problem communicating with Modern Robotics USB DC Motor Controller [AL00VWH0]"
04-16 20:45:06.698  9256  9335 D RobotCore: ...disarming modern motor controller Modern Robotics USB DC Motor Controller [AI049QOP] complete
04-16 20:45:06.698  9256  9335 D RobotCore: disarming modern motor controller Modern Robotics USB DC Motor Controller [AL00VWH0]...
04-16 20:45:06.703  9256  9381 V RobotCore: thread: ...terminating 'r/w loop: Modern Robotics USB DC Motor Controller [AL00VWH0]'
04-16 20:45:06.703  9256  9335 V RobotCore: waiting for service ReadWriteRunnable for Modern Robotics USB Device
04-16 20:45:06.703  9256  9335 V RobotCore: awaitTermination returned, isTerminated=true
04-16 20:45:06.703  9256  9335 V RobotCore: executive service ReadWriteRunnable for Modern Robotics USB Device is terminated
04-16 20:45:06.703  9256  9335 D RobotCore: ...disarming modern motor controller Modern Robotics USB DC Motor Controller [AL00VWH0] complete
04-16 20:45:06.704  9256  9335 D RobotCore: disarming modern motor controller Modern Robotics USB DC Motor Controller [AL00VBIF]...
04-16 20:45:06.704  9256  9335 V RobotCore: waiting for service ReadWriteRunnable for Modern Robotics USB Device
04-16 20:45:06.704  9256  9384 V RobotCore: thread: ...terminating 'r/w loop: Modern Robotics USB DC Motor Controller [AL00VBIF]'
04-16 20:45:06.704  9256  9335 V RobotCore: awaitTermination returned, isTerminated=true
04-16 20:45:06.704  9256  9335 V RobotCore: executive service ReadWriteRunnable for Modern Robotics USB Device is terminated
04-16 20:45:06.704  9256  9335 D RobotCore: ...disarming modern motor controller Modern Robotics USB DC Motor Controller [AL00VBIF] complete
04-16 20:45:06.704  9256  9335 D RobotCore: disarming modern servo controller "Modern Robotics USB Servo Controller [AL00VST0]"...
04-16 20:45:06.709  9256  9335 V RobotCore: waiting for service ReadWriteRunnable for Modern Robotics USB Device
04-16 20:45:06.709  9256  9376 V RobotCore: thread: ...terminating 'r/w loop: Modern Robotics USB Servo Controller [AL00VST0]'
04-16 20:45:06.710  9256  9335 V RobotCore: awaitTermination returned, isTerminated=true
04-16 20:45:06.710  9256  9335 V RobotCore: executive service ReadWriteRunnable for Modern Robotics USB Device is terminated
04-16 20:45:06.710  9256  9335 D RobotCore: ...disarming modern servo controller Modern Robotics USB Servo Controller [AL00VST0] complete
04-16 20:45:06.713  9256  9379 V RobotCore: thread: ...terminating 'r/w loop: Modern Robotics USB Core Device Interface Module [AI02RHDJ]'
04-16 20:45:06.713  9256  9335 V RobotCore: executive service ReadWriteRunnable for Modern Robotics USB Device is terminated
04-16 20:45:06.713  9256  9335 I FIRST   : ======= TEARDOWN COMPLETE =======
04-16 20:45:06.714  9256  9335 V RobotCore: thread: ...terminating 'opmode loop()'
04-16 20:45:06.714  9256  9256 V RobotCore: awaitTermination returned, isTerminated=true
04-16 20:45:06.714  9256  9256 V RobotCore: executive service EventLoop is terminated
04-16 20:45:06.714  9256  9256 V RobotCore: EventLoopManager state is STOPPED
04-16 20:45:06.714  9256  9256 V RobotCore: Robot Status: stopped
04-16 20:45:06.790  9256  9311 D RobotCore: system telemetry: key=$System$None$ msg=""
04-16 20:46:41.824  9922  9922 I art     : Late-enabling -Xcheck:jni
04-16 20:46:41.877  9922  9922 I InstantRun: Instant Run Runtime started. Android package is com.qualcomm.ftcrobotcontroller, real application class is org.firstinspires.ftc.robotcore.internal.RobotApplication.
04-16 20:46:42.531  9974  9974 I dex2oat : /system/bin/dex2oat --dex-file=/data/data/com.qualcomm.ftcrobotcontroller/files/instant-run/dex/slice-slice_8-classes.dex --oat-file=/data/user/0/com.qualcomm.ftcrobotcontroller/cache/slice-slice_8-classes.dex
04-16 20:46:42.725  9974  9974 I dex2oat : dex2oat took 195.300ms (threads: 4) arena alloc=1821KB java alloc=87KB native alloc=2MB free=42KB
04-16 20:46:42.876 10004 10004 I dex2oat : /system/bin/dex2oat --dex-file=/data/data/com.qualcomm.ftcrobotcontroller/files/instant-run/dex/slice-slice_2-classes.dex --oat-file=/data/user/0/com.qualcomm.ftcrobotcontroller/cache/slice-slice_2-classes.dex
04-16 20:46:43.383 10004 10004 I dex2oat : dex2oat took 507.625ms (threads: 4) arena alloc=662KB java alloc=116KB native alloc=2MB free=104KB
04-16 20:46:43.785  9922  9922 V RCActivity: onCreate()
04-16 20:46:43.790  9922 10061 V RobotCore: saving logcat to /storage/emulated/0/com.qualcomm.ftcrobotcontroller.logcat
04-16 20:46:43.790  9922 10061 V RobotCore: logging command line: logcat -f /storage/emulated/0/com.qualcomm.ftcrobotcontroller.logcat -r4096 -n4 -v threadtime UsbRequestJNI:S UsbRequest:S *:V
04-16 20:46:43.816 10064 10064 W ps      : type=1400 audit(0.0:306274): avc: denied { getattr } for uid=10109 path="/proc/1" dev="proc" ino=2110267 scontext=u:r:untrusted_app:s0:c512,c768 tcontext=u:r:init:s0 tclass=dir permissive=0
04-16 20:46:43.816 10064 10064 W ps      : type=1400 audit(0.0:306275): avc: denied { search } for uid=10109 name="1" dev="proc" ino=2110267 scontext=u:r:untrusted_app:s0:c512,c768 tcontext=u:r:init:s0 tclass=dir permissive=0
04-16 20:46:43.816 10064 10064 W ps      : type=1400 audit(0.0:306276): avc: denied { search } for uid=10109 name="1" dev="proc" ino=2110267 scontext=u:r:untrusted_app:s0:c512,c768 tcontext=u:r:init:s0 tclass=dir permissive=0
04-16 20:46:43.816 10064 10064 W ps      : type=1400 audit(0.0:306277): avc: denied { getattr } for uid=10109 path="/proc/2" dev="proc" ino=2111699 scontext=u:r:untrusted_app:s0:c512,c768 tcontext=u:r:kernel:s0 tclass=dir permissive=0
04-16 20:46:43.816 10064 10064 W ps      : type=1400 audit(0.0:306278): avc: denied { search } for uid=10109 name="2" dev="proc" ino=2111699 scontext=u:r:untrusted_app:s0:c512,c768 tcontext=u:r:kernel:s0 tclass=dir permissive=0
04-16 20:46:43.816 10064 10064 W ps      : type=1400 audit(0.0:306279): avc: denied { search } for uid=10109 name="2" dev="proc" ino=2111699 scontext=u:r:untrusted_app:s0:c512,c768 tcontext=u:r:kernel:s0 tclass=dir permissive=0
04-16 20:46:43.816 10064 10064 W ps      : type=1400 audit(0.0:306280): avc: denied { getattr } for uid=10109 path="/proc/3" dev="proc" ino=2111700 scontext=u:r:untrusted_app:s0:c512,c768 tcontext=u:r:kernel:s0 tclass=dir permissive=0
04-16 20:46:43.816 10064 10064 W ps      : type=1400 audit(0.0:306281): avc: denied { search } for uid=10109 name="3" dev="proc" ino=2111700 scontext=u:r:untrusted_app:s0:c512,c768 tcontext=u:r:kernel:s0 tclass=dir permissive=0
04-16 20:46:43.816 10064 10064 W ps      : type=1400 audit(0.0:306282): avc: denied { search } for uid=10109 name="3" dev="proc" ino=2111700 scontext=u:r:untrusted_app:s0:c512,c768 tcontext=u:r:kernel:s0 tclass=dir permissive=0
04-16 20:46:43.816 10064 10064 W ps      : type=1400 audit(0.0:306283): avc: denied { getattr } for uid=10109 path="/proc/5" dev="proc" ino=2111701 scontext=u:r:untrusted_app:s0:c512,c768 tcontext=u:r:kernel:s0 tclass=dir permissive=0
04-16 20:46:43.816 10064 10064 W ps      : type=1400 audit(0.0:306284): avc: denied { search } for uid=10109 name="5" dev="proc" ino=2111701 scontext=u:r:untrusted_app:s0:c512,c768 tcontext=u:r:kernel:s0 tclass=dir permissive=0
04-16 20:46:43.816 10064 10064 W ps      : type=1400 audit(0.0:306285): avc: denied { search } for uid=10109 name="5" dev="proc" ino=2111701 scontext=u:r:untrusted_app:s0:c512,c768 tcontext=u:r:kernel:s0 tclass=dir permissive=0
04-16 20:46:43.816 10064 10064 W ps      : type=1400 audit(0.0:306286): avc: denied { getattr } for uid=10109 path="/proc/6" dev="proc" ino=2111702 scontext=u:r:untrusted_app:s0:c512,c768 tcontext=u:r:kernel:s0 tclass=dir permissive=0
04-16 20:46:43.816 10064 10064 W ps      : type=1400 audit(0.0:306287): avc: denied { search } for uid=10109 name="6" dev="proc" ino=2111702 scontext=u:r:untrusted_app:s0:c512,c768 tcontext=u:r:kernel:s0 tclass=dir permissive=0
04-16 20:46:43.816 10064 10064 W ps      : type=1400 audit(0.0:306288): avc: denied { search } for uid=10109 name="6" dev="proc" ino=2111702 scontext=u:r:untrusted_app:s0:c512,c768 tcontext=u:r:kernel:s0 tclass=dir permissive=0
04-16 20:46:43.816 10064 10064 W ps      : type=1400 audit(0.0:306289): avc: denied { getattr } for uid=10109 path="/proc/7" dev="proc" ino=2111703 scontext=u:r:untrusted_app:s0:c512,c768 tcontext=u:r:kernel:s0 tclass=dir permissive=0
04-16 20:46:43.816 10064 10064 W ps      : type=1400 audit(0.0:306290): avc: denied { search } for uid=10109 name="7" dev="proc" ino=2111703 scontext=u:r:untrusted_app:s0:c512,c768 tcontext=u:r:kernel:s0 tclass=dir permissive=0
04-16 20:46:43.826 10064 10064 W ps      : type=1400 audit(0.0:306291): avc: denied { search } for uid=10109 name="7" dev="proc" ino=2111703 scontext=u:r:untrusted_app:s0:c512,c768 tcontext=u:r:kernel:s0 tclass=dir permissive=0
04-16 20:46:43.826 10064 10064 W ps      : type=1400 audit(0.0:306292): avc: denied { getattr } for uid=10109 path="/proc/8" dev="proc" ino=2111704 scontext=u:r:untrusted_app:s0:c512,c768 tcontext=u:r:kernel:s0 tclass=dir permissive=0
04-16 20:46:43.857  9922  9922 I WebViewFactory: Loading com.google.android.webview version 46.0.2490.76 (code 249007600)
04-16 20:46:43.826 10064 10064 W ps      : type=1400 audit(0.0:306293): avc: denied { search } for uid=10109 name="8" dev="proc" ino=2111704 scontext=u:r:untrusted_app:s0:c512,c768 tcontext=u:r:kernel:s0 tclass=dir permissive=0
04-16 20:46:43.900  9922  9922 W System  : ClassLoader referenced unknown path: /system/app/WebViewGoogle/lib/arm
04-16 20:46:43.912  9922  9922 I cr.library_loader: Time to load native libraries: 4 ms (timestamps 4141-4145)
04-16 20:46:43.912  9922  9922 I cr.library_loader: Expected native library version number "46.0.2490.76", actual native library version number "46.0.2490.76"
04-16 20:46:43.926  9922  9922 V WebViewChromiumFactoryProvider: Binding Chromium to main looper Looper (main, tid 1) {4468f16}
04-16 20:46:43.926  9922  9922 I cr.library_loader: Expected native library version number "46.0.2490.76", actual native library version number "46.0.2490.76"
04-16 20:46:43.927  9922  9922 I chromium: [INFO:library_loader_hooks.cc(118)] Chromium logging enabled: level = 0, default verbosity = 0
04-16 20:46:43.938  9922  9922 I cr.BrowserStartup: Initializing chromium process, singleProcess=true
04-16 20:46:43.947  9922  9922 E SysUtils: ApplicationContext is null in ApplicationStatus
04-16 20:46:43.959  9922 10085 W chromium: [WARNING:dns_config_service_posix.cc(298)] Failed to read DnsConfig.
04-16 20:46:43.978  9922  9922 I Adreno-EGL: <qeglDrvAPI_eglInitialize:379>: EGL 1.4 QUALCOMM build:  (Ifd751822f5)
04-16 20:46:43.978  9922  9922 I Adreno-EGL: OpenGL ES Shader Compiler Version: XE031.06.00.05
04-16 20:46:43.978  9922  9922 I Adreno-EGL: Build Date: 01/26/16 Tue
04-16 20:46:43.978  9922  9922 I Adreno-EGL: Local Branch: AU12_SBA
04-16 20:46:43.978  9922  9922 I Adreno-EGL: Remote Branch: 
04-16 20:46:43.978  9922  9922 I Adreno-EGL: Local Patches: 
04-16 20:46:43.978  9922  9922 I Adreno-EGL: Reconstruct Branch: 
04-16 20:46:44.013  9922  9922 E chromium: [ERROR:browser_gpu_channel_host_factory.cc(258)] Failed to init browser shader disk cache.
04-16 20:46:44.037  9922  9922 E libEGL  : validate_display:255 error 3008 (EGL_BAD_DISPLAY)
04-16 20:46:44.086  9922  9922 W art     : Attempt to remove non-JNI local reference, dumping thread
04-16 20:46:44.099  9922  9922 W AwContents: onDetachedFromWindow called when already detached. Ignoring
04-16 20:46:45.776  9922  9932 W art     : Suspending all threads took: 8.753ms
04-16 20:46:45.789  9922  9932 I art     : Background sticky concurrent mark sweep GC freed 57904(2MB) AllocSpace objects, 1(20KB) LOS objects, 21% free, 9MB/12MB, paused 9.576ms total 31.445ms
04-16 20:46:45.850  9922  9922 V RobotCore: Network: inactive, disconnected
04-16 20:46:45.860  9922  9922 V RCActivity: onStart()
04-16 20:46:45.863  9922  9922 V RCActivity: onResume()
04-16 20:46:45.869  9922 10169 D OpenGLRenderer: Use EGL_SWAP_BEHAVIOR_PRESERVED: true
04-16 20:46:45.927  9922  9922 V FTCService: onCreate()
04-16 20:46:45.927  9922  9922 V FTCService: onBind()
04-16 20:46:45.927  9922  9922 V FTCService: Android device is motorola, MotoG3
04-16 20:46:45.928  9922  9922 V RobotCore: Starting network of type: WIFIDIRECT
04-16 20:46:45.933  9922  9922 V WifiDirect: There are 1 Wifi Direct Assistant Clients (+)
04-16 20:46:45.933  9922  9922 V WifiDirect: Enabling Wifi Direct Assistant
04-16 20:46:45.987  9922 10169 I OpenGLRenderer: Initialized EGL, version 1.4
04-16 20:46:46.007  9922  9922 D WifiDirect: broadcast: state - enabled: true
04-16 20:46:46.007  9922  9922 D WifiDirect: cannot create group, does group already exist?
04-16 20:46:46.010  9922  9922 D WifiDirect: broadcast: connection changed: connectStatus=NOT_CONNECTED networkInfo.state=CONNECTED
04-16 20:46:46.010  9922  9922 V WifiDirect: NetworkInfo: [type: WIFI_P2P[], state: CONNECTED/CONNECTED, reason: (unspecified), extra: (none), roaming: false, failover: false, isAvailable: true]
04-16 20:46:46.010  9922  9922 V WifiDirect: WifiP2pInfo: groupFormed: true isGroupOwner: true operatingChannel: 2427 groupOwnerAddress: /192.168.49.1 mccMode: false
04-16 20:46:46.011  9922  9922 V WifiDirect: WifiP2pGroup: network: DIRECT-9r-9899-E-RC, isGO: true, Operating Channel: 2427, GO: Device: , deviceAddress: 24:da:9b:6a:a2:ba, primary type: null, secondary type: null, wps: 0, grpcapab: 0, devcapab: 0, status: 4, wfdInfo: WFD enabled: falseWFD DeviceInfo: 0, WFD CtrlPort: 0, WFD MaxThroughput: 0, level: 0, Client: Device: 9899-E-DS, deviceAddress: a4:70:d6:d3:3d:55, primary type: 10-0050F204-5, secondary type: null, wps: 392, grpcapab: 0, devcapab: 37, status: 0, wfdInfo: null, level: 60, interface: p2p0, networkId: 0, mGoOperFreq: 2427
04-16 20:46:46.011  9922  9922 D WifiDirect: broadcast: this device changed
04-16 20:46:46.011  9922  9922 V WifiDirect: device information: 9899-E-RC 24:da:9b:6a:a2:ba
04-16 20:46:46.011  9922  9922 V FTCService: RCActivity.controllerService=bound
04-16 20:46:46.012  9922  9922 V RobotCore: Network: unknown, disconnected
04-16 20:46:46.012  9922  9922 V RobotCore: Robot Status: stopped
04-16 20:46:46.030  9922  9922 D OpmodeRegistration: registered {DefaultOpMode} as {$Stop$Robot$}
04-16 20:46:46.030  9922  9922 V FTCService: Processing robot setup
04-16 20:46:46.035  9922 10176 V RobotCore: thread: 'RobotSetupRunnable.run()' starting...
04-16 20:46:46.035  9922 10176 V RobotCore: Robot Status: stopped, scanning for USB devices
04-16 20:46:46.132  9922  9922 D WifiDirect: group owners address: /192.168.49.1
04-16 20:46:46.132  9922  9922 D WifiDirect: group formed, this device is the group owner (GO)
04-16 20:46:46.133  9922  9922 I FTCService: Wifi Direct - connected as group owner
04-16 20:46:46.133  9922  9922 D WifiDirect: stop discovering peers
04-16 20:46:46.138  9922  9922 V RobotCore: Network: enabled, disconnected
04-16 20:46:46.164  9922  9922 V WifiDirect: connection information available
04-16 20:46:46.164  9922  9922 V WifiDirect: connection information - groupOwnerName = 9899-E-RC
04-16 20:46:46.164  9922  9922 V WifiDirect: connection information - groupOwnerMacAddress = 24:da:9b:6a:a2:ba
04-16 20:46:46.164  9922  9922 V WifiDirect: connection information - groupInterface = p2p0
04-16 20:46:46.164  9922  9922 V WifiDirect: connection information - groupNetworkName = DIRECT-9r-9899-E-RC
04-16 20:46:46.165  9922  9922 I FTCService: Network Connection Passphrase: qzyGStT1
04-16 20:46:46.165  9922  9922 V RobotCore: Network: active, disconnected
04-16 20:46:51.036  9922  9922 I RobotCore: Battery Checker, Level Remaining: 71.0
04-16 20:46:51.037  9922  9922 I RobotCore: Battery Checker, Level Remaining: 71.0
04-16 20:46:51.038  9922 10176 V RobotCore: EventLoopManager state is NOT_STARTED
04-16 20:46:51.038  9922 10176 V RobotCore: Robot Status: stopped, waiting on network
04-16 20:46:51.039  9922 10176 V RobotCore: Robot Status: stopped, starting robot
04-16 20:46:51.040  9922 10176 V Robocol : EventLoopManager.start()
04-16 20:46:51.041  9922 10176 V RobotCore: Starting network of type: WIFIDIRECT
04-16 20:46:51.041  9922 10176 V Robocol : Spoofing a Network Connection event...
04-16 20:46:51.043  9922 10176 V RobotCore: executive service EventLoop is terminated
