--------- beginning of crash
01-04 00:01:01.430 25100 25100 E AndroidRuntime: FATAL EXCEPTION: main
01-04 00:01:01.430 25100 25100 E AndroidRuntime: Process: com.qualcomm.ftcrobotcontroller, PID: 25100
01-04 00:01:01.430 25100 25100 E AndroidRuntime: java.lang.RuntimeException: Unable to stop activity {com.qualcomm.ftcrobotcontroller/org.firstinspires.ftc.robotcontroller.internal.FtcRobotControllerActivity}: java.lang.NullPointerException: Attempt to invoke virtual method 'void com.qualcomm.ftccommon.FtcRobotControllerService.shutdownRobot()' on a null object reference
01-04 00:01:01.430 25100 25100 E AndroidRuntime: 	at android.app.ActivityThread.handleSleeping(ActivityThread.java:3645)
01-04 00:01:01.430 25100 25100 E AndroidRuntime: 	at android.app.ActivityThread.-wrap19(ActivityThread.java)
01-04 00:01:01.430 25100 25100 E AndroidRuntime: 	at android.app.ActivityThread$H.handleMessage(ActivityThread.java:1529)
01-04 00:01:01.430 25100 25100 E AndroidRuntime: 	at android.os.Handler.dispatchMessage(Handler.java:102)
01-04 00:01:01.430 25100 25100 E AndroidRuntime: 	at android.os.Looper.loop(Looper.java:148)
01-04 00:01:01.430 25100 25100 E AndroidRuntime: 	at android.app.ActivityThread.main(ActivityThread.java:5456)
01-04 00:01:01.430 25100 25100 E AndroidRuntime: 	at java.lang.reflect.Method.invoke(Native Method)
01-04 00:01:01.430 25100 25100 E AndroidRuntime: 	at com.android.internal.os.ZygoteInit$MethodAndArgsCaller.run(ZygoteInit.java:728)
01-04 00:01:01.430 25100 25100 E AndroidRuntime: 	at com.android.internal.os.ZygoteInit.main(ZygoteInit.java:618)
01-04 00:01:01.430 25100 25100 E AndroidRuntime: Caused by: java.lang.NullPointerException: Attempt to invoke virtual method 'void com.qualcomm.ftccommon.FtcRobotControllerService.shutdownRobot()' on a null object reference
01-04 00:01:01.430 25100 25100 E AndroidRuntime: 	at org.firstinspires.ftc.robotcontroller.internal.FtcRobotControllerActivity.onStop(FtcRobotControllerActivity.java:319)
01-04 00:01:01.430 25100 25100 E AndroidRuntime: 	at android.app.Instrumentation.callActivityOnStop(Instrumentation.java:1301)
01-04 00:01:01.430 25100 25100 E AndroidRuntime: 	at android.app.Activity.performStop(Activity.java:6403)
01-04 00:01:01.430 25100 25100 E AndroidRuntime: 	at android.app.ActivityThread.handleSleeping(ActivityThread.java:3642)
01-04 00:01:01.430 25100 25100 E AndroidRuntime: 	... 8 more
01-04 15:09:49.388  6954  6954 E AndroidRuntime: FATAL EXCEPTION: main
01-04 15:09:49.388  6954  6954 E AndroidRuntime: Process: com.qualcomm.ftcrobotcontroller, PID: 6954
01-04 15:09:49.388  6954  6954 E AndroidRuntime: java.lang.RuntimeException: Unable to stop activity {com.qualcomm.ftcrobotcontroller/org.firstinspires.ftc.robotcontroller.internal.FtcRobotControllerActivity}: java.lang.NullPointerException: Attempt to invoke virtual method 'void com.qualcomm.ftccommon.FtcRobotControllerService.shutdownRobot()' on a null object reference
01-04 15:09:49.388  6954  6954 E AndroidRuntime: 	at android.app.ActivityThread.handleSleeping(ActivityThread.java:3645)
01-04 15:09:49.388  6954  6954 E AndroidRuntime: 	at android.app.ActivityThread.-wrap19(ActivityThread.java)
01-04 15:09:49.388  6954  6954 E AndroidRuntime: 	at android.app.ActivityThread$H.handleMessage(ActivityThread.java:1529)
01-04 15:09:49.388  6954  6954 E AndroidRuntime: 	at android.os.Handler.dispatchMessage(Handler.java:102)
01-04 15:09:49.388  6954  6954 E AndroidRuntime: 	at android.os.Looper.loop(Looper.java:148)
01-04 15:09:49.388  6954  6954 E AndroidRuntime: 	at android.app.ActivityThread.main(ActivityThread.java:5456)
01-04 15:09:49.388  6954  6954 E AndroidRuntime: 	at java.lang.reflect.Method.invoke(Native Method)
01-04 15:09:49.388  6954  6954 E AndroidRuntime: 	at com.android.internal.os.ZygoteInit$MethodAndArgsCaller.run(ZygoteInit.java:728)
01-04 15:09:49.388  6954  6954 E AndroidRuntime: 	at com.android.internal.os.ZygoteInit.main(ZygoteInit.java:618)
01-04 15:09:49.388  6954  6954 E AndroidRuntime: Caused by: java.lang.NullPointerException: Attempt to invoke virtual method 'void com.qualcomm.ftccommon.FtcRobotControllerService.shutdownRobot()' on a null object reference
01-04 15:09:49.388  6954  6954 E AndroidRuntime: 	at org.firstinspires.ftc.robotcontroller.internal.FtcRobotControllerActivity.onStop(FtcRobotControllerActivity.java:319)
01-04 15:09:49.388  6954  6954 E AndroidRuntime: 	at android.app.Instrumentation.callActivityOnStop(Instrumentation.java:1301)
01-04 15:09:49.388  6954  6954 E AndroidRuntime: 	at android.app.Activity.performStop(Activity.java:6403)
01-04 15:09:49.388  6954  6954 E AndroidRuntime: 	at android.app.ActivityThread.handleSleeping(ActivityThread.java:3642)
01-04 15:09:49.388  6954  6954 E AndroidRuntime: 	... 8 more
--------- beginning of system
01-04 15:15:11.628  7439  7439 W ViewRootImpl: Dropping event due to no window focus: MotionEvent { action=ACTION_MOVE, actionButton=0, id[0]=1, x[0]=381.54883, y[0]=1104.2948, toolType[0]=TOOL_TYPE_FINGER, buttonState=0, metaState=0, flags=0x0, edgeFlags=0x0, pointerCount=1, historySize=4, eventTime=331201718, downTime=331201661, deviceId=6, source=0x1002 }
01-04 15:15:11.662  7439  7439 W ViewRootImpl: Dropping event due to no window focus: MotionEvent { action=ACTION_MOVE, actionButton=0, id[0]=1, x[0]=373.98755, y[0]=1086.503, toolType[0]=TOOL_TYPE_FINGER, buttonState=0, metaState=0, flags=0x0, edgeFlags=0x0, pointerCount=1, historySize=2, eventTime=331201751, downTime=331201661, deviceId=6, source=0x1002 }
01-04 15:15:11.678  7439  7439 W ViewRootImpl: Dropping event due to no window focus: MotionEvent { action=ACTION_MOVE, actionButton=0, id[0]=1, x[0]=370.16318, y[0]=1073.3865, toolType[0]=TOOL_TYPE_FINGER, buttonState=0, metaState=0, flags=0x0, edgeFlags=0x0, pointerCount=1, historySize=2, eventTime=331201768, downTime=331201661, deviceId=6, source=0x1002 }
01-04 15:15:11.686  7439  7439 W ViewRootImpl: Dropping event due to no window focus: MotionEvent { action=ACTION_MOVE, actionButton=0, id[0]=1, x[0]=365.4573, y[0]=1044.2133, toolType[0]=TOOL_TYPE_FINGER, buttonState=0, metaState=0, flags=0x0, edgeFlags=0x0, pointerCount=1, historySize=1, eventTime=331201785, downTime=331201661, deviceId=6, source=0x1002 }
01-04 15:15:11.699  7439  7439 W ViewRootImpl: Dropping event due to no window focus: MotionEvent { action=ACTION_MOVE, actionButton=0, id[0]=1, x[0]=361.99722, y[0]=1014.20764, toolType[0]=TOOL_TYPE_FINGER, buttonState=0, metaState=0, flags=0x0, edgeFlags=0x0, pointerCount=1, historySize=1, eventTime=331201800, downTime=331201661, deviceId=6, source=0x1002 }
01-04 15:15:11.715  7439  7439 W ViewRootImpl: Dropping event due to no window focus: MotionEvent { action=ACTION_MOVE, actionButton=0, id[0]=1, x[0]=360.63943, y[0]=991.4702, toolType[0]=TOOL_TYPE_FINGER, buttonState=0, metaState=0, flags=0x0, edgeFlags=0x0, pointerCount=1, historySize=1, eventTime=331201818, downTime=331201661, deviceId=6, source=0x1002 }
01-04 15:15:11.732  7439  7439 W ViewRootImpl: Dropping event due to no window focus: MotionEvent { action=ACTION_MOVE, actionButton=0, id[0]=1, x[0]=359.3652, y[0]=977.87915, toolType[0]=TOOL_TYPE_FINGER, buttonState=0, metaState=0, flags=0x0, edgeFlags=0x0, pointerCount=1, historySize=2, eventTime=331201835, downTime=331201661, deviceId=6, source=0x1002 }
01-04 15:15:11.738  7439  7439 W ViewRootImpl: Cancelling event due to no window focus: MotionEvent { action=ACTION_CANCEL, actionButton=0, id[0]=1, x[0]=359.3652, y[0]=977.87915, toolType[0]=TOOL_TYPE_FINGER, buttonState=0, metaState=0, flags=0x0, edgeFlags=0x0, pointerCount=1, historySize=0, eventTime=331201846, downTime=331201661, deviceId=6, source=0x1002 }
01-04 15:15:11.738  7439  7439 W ViewRootImpl: Cancelling event due to no window focus: MotionEvent { action=ACTION_CANCEL, actionButton=0, id[0]=1, x[0]=359.3652, y[0]=977.87915, toolType[0]=TOOL_TYPE_FINGER, buttonState=0, metaState=0, flags=0x0, edgeFlags=0x0, pointerCount=1, historySize=0, eventTime=331201846, downTime=331201661, deviceId=6, source=0x1002 }
01-04 15:15:11.738  7439  7439 W ViewRootImpl: Cancelling event due to no window focus: MotionEvent { action=ACTION_CANCEL, actionButton=0, id[0]=1, x[0]=359.3652, y[0]=977.87915, toolType[0]=TOOL_TYPE_FINGER, buttonState=0, metaState=0, flags=0x0, edgeFlags=0x0, pointerCount=1, historySize=0, eventTime=331201846, downTime=331201661, deviceId=6, source=0x1002 }
01-04 15:15:11.738  7439  7439 W ViewRootImpl: Cancelling event due to no window focus: MotionEvent { action=ACTION_CANCEL, actionButton=0, id[0]=1, x[0]=359.3652, y[0]=977.87915, toolType[0]=TOOL_TYPE_FINGER, buttonState=0, metaState=0, flags=0x0, edgeFlags=0x0, pointerCount=1, historySize=0, eventTime=331201846, downTime=331201661, deviceId=6, source=0x1002 }
01-04 15:15:52.819  8019  8019 E AndroidRuntime: FATAL EXCEPTION: main
01-04 15:15:52.819  8019  8019 E AndroidRuntime: Process: com.qualcomm.ftcrobotcontroller, PID: 8019
01-04 15:15:52.819  8019  8019 E AndroidRuntime: java.lang.RuntimeException: Unable to stop activity {com.qualcomm.ftcrobotcontroller/org.firstinspires.ftc.robotcontroller.internal.FtcRobotControllerActivity}: java.lang.NullPointerException: Attempt to invoke virtual method 'void com.qualcomm.ftccommon.FtcRobotControllerService.shutdownRobot()' on a null object reference
01-04 15:15:52.819  8019  8019 E AndroidRuntime: 	at android.app.ActivityThread.handleSleeping(ActivityThread.java:3645)
01-04 15:15:52.819  8019  8019 E AndroidRuntime: 	at android.app.ActivityThread.-wrap19(ActivityThread.java)
01-04 15:15:52.819  8019  8019 E AndroidRuntime: 	at android.app.ActivityThread$H.handleMessage(ActivityThread.java:1529)
01-04 15:15:52.819  8019  8019 E AndroidRuntime: 	at android.os.Handler.dispatchMessage(Handler.java:102)
01-04 15:15:52.819  8019  8019 E AndroidRuntime: 	at android.os.Looper.loop(Looper.java:148)
01-04 15:15:52.819  8019  8019 E AndroidRuntime: 	at android.app.ActivityThread.main(ActivityThread.java:5456)
01-04 15:15:52.819  8019  8019 E AndroidRuntime: 	at java.lang.reflect.Method.invoke(Native Method)
01-04 15:15:52.819  8019  8019 E AndroidRuntime: 	at com.android.internal.os.ZygoteInit$MethodAndArgsCaller.run(ZygoteInit.java:728)
01-04 15:15:52.819  8019  8019 E AndroidRuntime: 	at com.android.internal.os.ZygoteInit.main(ZygoteInit.java:618)
01-04 15:15:52.819  8019  8019 E AndroidRuntime: Caused by: java.lang.NullPointerException: Attempt to invoke virtual method 'void com.qualcomm.ftccommon.FtcRobotControllerService.shutdownRobot()' on a null object reference
01-04 15:15:52.819  8019  8019 E AndroidRuntime: 	at org.firstinspires.ftc.robotcontroller.internal.FtcRobotControllerActivity.onStop(FtcRobotControllerActivity.java:319)
01-04 15:15:52.819  8019  8019 E AndroidRuntime: 	at android.app.Instrumentation.callActivityOnStop(Instrumentation.java:1301)
01-04 15:15:52.819  8019  8019 E AndroidRuntime: 	at android.app.Activity.performStop(Activity.java:6403)
01-04 15:15:52.819  8019  8019 E AndroidRuntime: 	at android.app.ActivityThread.handleSleeping(ActivityThread.java:3642)
01-04 15:15:52.819  8019  8019 E AndroidRuntime: 	... 8 more
01-04 15:30:12.084 10922 10922 E ActivityThread: Activity org.firstinspires.ftc.robotcontroller.internal.FtcRobotControllerActivity has leaked IntentReceiver com.qualcomm.analytics.Analytics@6e4c80c that was originally registered here. Are you missing a call to unregisterReceiver()?
01-04 15:30:12.084 10922 10922 E ActivityThread: android.app.IntentReceiverLeaked: Activity org.firstinspires.ftc.robotcontroller.internal.FtcRobotControllerActivity has leaked IntentReceiver com.qualcomm.analytics.Analytics@6e4c80c that was originally registered here. Are you missing a call to unregisterReceiver()?
01-04 15:30:12.084 10922 10922 E ActivityThread: 	at android.app.LoadedApk$ReceiverDispatcher.<init>(LoadedApk.java:918)
01-04 15:30:12.084 10922 10922 E ActivityThread: 	at android.app.LoadedApk.getReceiverDispatcher(LoadedApk.java:719)
01-04 15:30:12.084 10922 10922 E ActivityThread: 	at android.app.ContextImpl.registerReceiverInternal(ContextImpl.java:1172)
01-04 15:30:12.084 10922 10922 E ActivityThread: 	at android.app.ContextImpl.registerReceiver(ContextImpl.java:1152)
01-04 15:30:12.084 10922 10922 E ActivityThread: 	at android.app.ContextImpl.registerReceiver(ContextImpl.java:1146)
01-04 15:30:12.084 10922 10922 E ActivityThread: 	at android.content.ContextWrapper.registerReceiver(ContextWrapper.java:554)
01-04 15:30:12.084 10922 10922 E ActivityThread: 	at com.qualcomm.analytics.Analytics.register(SourceFile:209)
01-04 15:30:12.084 10922 10922 E ActivityThread: 	at com.qualcomm.analytics.Analytics.<init>(SourceFile:235)
01-04 15:30:12.084 10922 10922 E ActivityThread: 	at com.qualcomm.modernrobotics.ModernRoboticsUsbUtil.init(SourceFile:85)
01-04 15:30:12.084 10922 10922 E ActivityThread: 	at com.qualcomm.ftccommon.FtcEventLoop.init(FtcEventLoop.java:191)
01-04 15:30:12.084 10922 10922 E ActivityThread: 	at com.qualcomm.robotcore.eventloop.EventLoopManager.startEventLoop(EventLoopManager.java:571)
01-04 15:30:12.084 10922 10922 E ActivityThread: 	at com.qualcomm.robotcore.eventloop.EventLoopManager.setEventLoop(EventLoopManager.java:545)
01-04 15:30:12.084 10922 10922 E ActivityThread: 	at com.qualcomm.robotcore.eventloop.EventLoopManager.start(EventLoopManager.java:489)
01-04 15:30:12.084 10922 10922 E ActivityThread: 	at com.qualcomm.robotcore.robot.Robot.start(Robot.java:59)
01-04 15:30:12.084 10922 10922 E ActivityThread: 	at com.qualcomm.ftccommon.FtcRobotControllerService$RobotSetupRunnable$1.run(FtcRobotControllerService.java:186)
01-04 15:30:12.084 10922 10922 E ActivityThread: 	at com.qualcomm.robotcore.util.ThreadPool.logThreadLifeCycle(ThreadPool.java:513)
01-04 15:30:12.084 10922 10922 E ActivityThread: 	at com.qualcomm.ftccommon.FtcRobotControllerService$RobotSetupRunnable.run(FtcRobotControllerService.java:128)
01-04 15:30:12.084 10922 10922 E ActivityThread: 	at java.util.concurrent.ThreadPoolExecutor.runWorker(ThreadPoolExecutor.java:1113)
01-04 15:30:12.084 10922 10922 E ActivityThread: 	at java.util.concurrent.ThreadPoolExecutor$Worker.run(ThreadPoolExecutor.java:588)
01-04 15:30:12.084 10922 10922 E ActivityThread: 	at java.lang.Thread.run(Thread.java:818)
01-04 23:39:09.687 26156 26156 E ActivityThread: Activity org.firstinspires.ftc.robotcontroller.internal.FtcRobotControllerActivity has leaked IntentReceiver com.qualcomm.analytics.Analytics@9a50555 that was originally registered here. Are you missing a call to unregisterReceiver()?
01-04 23:39:09.687 26156 26156 E ActivityThread: android.app.IntentReceiverLeaked: Activity org.firstinspires.ftc.robotcontroller.internal.FtcRobotControllerActivity has leaked IntentReceiver com.qualcomm.analytics.Analytics@9a50555 that was originally registered here. Are you missing a call to unregisterReceiver()?
01-04 23:39:09.687 26156 26156 E ActivityThread: 	at android.app.LoadedApk$ReceiverDispatcher.<init>(LoadedApk.java:918)
01-04 23:39:09.687 26156 26156 E ActivityThread: 	at android.app.LoadedApk.getReceiverDispatcher(LoadedApk.java:719)
01-04 23:39:09.687 26156 26156 E ActivityThread: 	at android.app.ContextImpl.registerReceiverInternal(ContextImpl.java:1172)
01-04 23:39:09.687 26156 26156 E ActivityThread: 	at android.app.ContextImpl.registerReceiver(ContextImpl.java:1152)
01-04 23:39:09.687 26156 26156 E ActivityThread: 	at android.app.ContextImpl.registerReceiver(ContextImpl.java:1146)
01-04 23:39:09.687 26156 26156 E ActivityThread: 	at android.content.ContextWrapper.registerReceiver(ContextWrapper.java:554)
01-04 23:39:09.687 26156 26156 E ActivityThread: 	at com.qualcomm.analytics.Analytics.register(SourceFile:209)
01-04 23:39:09.687 26156 26156 E ActivityThread: 	at com.qualcomm.analytics.Analytics.<init>(SourceFile:235)
01-04 23:39:09.687 26156 26156 E ActivityThread: 	at com.qualcomm.modernrobotics.ModernRoboticsUsbUtil.init(SourceFile:85)
01-04 23:39:09.687 26156 26156 E ActivityThread: 	at com.qualcomm.ftccommon.FtcEventLoop.init(FtcEventLoop.java:191)
01-04 23:39:09.687 26156 26156 E ActivityThread: 	at com.qualcomm.robotcore.eventloop.EventLoopManager.startEventLoop(EventLoopManager.java:571)
01-04 23:39:09.687 26156 26156 E ActivityThread: 	at com.qualcomm.robotcore.eventloop.EventLoopManager.setEventLoop(EventLoopManager.java:545)
01-04 23:39:09.687 26156 26156 E ActivityThread: 	at com.qualcomm.robotcore.eventloop.EventLoopManager.start(EventLoopManager.java:489)
01-04 23:39:09.687 26156 26156 E ActivityThread: 	at com.qualcomm.robotcore.robot.Robot.start(Robot.java:59)
01-04 23:39:09.687 26156 26156 E ActivityThread: 	at com.qualcomm.ftccommon.FtcRobotControllerService$RobotSetupRunnable$1.run(FtcRobotControllerService.java:186)
01-04 23:39:09.687 26156 26156 E ActivityThread: 	at com.qualcomm.robotcore.util.ThreadPool.logThreadLifeCycle(ThreadPool.java:513)
01-04 23:39:09.687 26156 26156 E ActivityThread: 	at com.qualcomm.ftccommon.FtcRobotControllerService$RobotSetupRunnable.run(FtcRobotControllerService.java:128)
01-04 23:39:09.687 26156 26156 E ActivityThread: 	at java.util.concurrent.ThreadPoolExecutor.runWorker(ThreadPoolExecutor.java:1113)
01-04 23:39:09.687 26156 26156 E ActivityThread: 	at java.util.concurrent.ThreadPoolExecutor$Worker.run(ThreadPoolExecutor.java:588)
01-04 23:39:09.687 26156 26156 E ActivityThread: 	at java.lang.Thread.run(Thread.java:818)
01-04 23:39:09.727 26156 26156 E ActivityThread: Service com.qualcomm.ftccommon.FtcRobotControllerService has leaked IntentReceiver com.qualcomm.robotcore.wifi.WifiDirectAssistant$WifiP2pBroadcastReceiver@a8b1131 that was originally registered here. Are you missing a call to unregisterReceiver()?
01-04 23:39:09.727 26156 26156 E ActivityThread: android.app.IntentReceiverLeaked: Service com.qualcomm.ftccommon.FtcRobotControllerService has leaked IntentReceiver com.qualcomm.robotcore.wifi.WifiDirectAssistant$WifiP2pBroadcastReceiver@a8b1131 that was originally registered here. Are you missing a call to unregisterReceiver()?
01-04 23:39:09.727 26156 26156 E ActivityThread: 	at android.app.LoadedApk$ReceiverDispatcher.<init>(LoadedApk.java:918)
01-04 23:39:09.727 26156 26156 E ActivityThread: 	at android.app.LoadedApk.getReceiverDispatcher(LoadedApk.java:719)
01-04 23:39:09.727 26156 26156 E ActivityThread: 	at android.app.ContextImpl.registerReceiverInternal(ContextImpl.java:1172)
01-04 23:39:09.727 26156 26156 E ActivityThread: 	at android.app.ContextImpl.registerReceiver(ContextImpl.java:1152)
01-04 23:39:09.727 26156 26156 E ActivityThread: 	at android.app.ContextImpl.registerReceiver(ContextImpl.java:1146)
01-04 23:39:09.727 26156 26156 E ActivityThread: 	at com.qualcomm.robotcore.wifi.WifiDirectAssistant.enable(WifiDirectAssistant.java:284)
01-04 23:39:09.727 26156 26156 E ActivityThread: 	at com.qualcomm.ftccommon.FtcRobotControllerService.onBind(FtcRobotControllerService.java:234)
01-04 23:39:09.727 26156 26156 E ActivityThread: 	at android.app.ActivityThread.handleBindService(ActivityThread.java:2922)
01-04 23:39:09.727 26156 26156 E ActivityThread: 	at android.app.ActivityThread.-wrap2(ActivityThread.java)
01-04 23:39:09.727 26156 26156 E ActivityThread: 	at android.app.ActivityThread$H.handleMessage(ActivityThread.java:1442)
01-04 23:39:09.727 26156 26156 E ActivityThread: 	at android.os.Handler.dispatchMessage(Handler.java:102)
01-04 23:39:09.727 26156 26156 E ActivityThread: 	at android.os.Looper.loop(Looper.java:148)
01-04 23:39:09.727 26156 26156 E ActivityThread: 	at android.app.ActivityThread.main(ActivityThread.java:5456)
01-04 23:39:09.727 26156 26156 E ActivityThread: 	at java.lang.reflect.Method.invoke(Native Method)
01-04 23:39:09.727 26156 26156 E ActivityThread: 	at com.android.internal.os.ZygoteInit$MethodAndArgsCaller.run(ZygoteInit.java:728)
01-04 23:39:09.727 26156 26156 E ActivityThread: 	at com.android.internal.os.ZygoteInit.main(ZygoteInit.java:618)
01-05 16:32:07.489 14270 14270 E AndroidRuntime: FATAL EXCEPTION: main
01-05 16:32:07.489 14270 14270 E AndroidRuntime: Process: com.qualcomm.ftcrobotcontroller, PID: 14270
01-05 16:32:07.489 14270 14270 E AndroidRuntime: java.lang.RuntimeException: Unable to stop activity {com.qualcomm.ftcrobotcontroller/org.firstinspires.ftc.robotcontroller.internal.FtcRobotControllerActivity}: java.lang.NullPointerException: Attempt to invoke virtual method 'void com.qualcomm.ftccommon.FtcRobotControllerService.shutdownRobot()' on a null object reference
01-05 16:32:07.489 14270 14270 E AndroidRuntime: 	at android.app.ActivityThread.handleSleeping(ActivityThread.java:3645)
01-05 16:32:07.489 14270 14270 E AndroidRuntime: 	at android.app.ActivityThread.-wrap19(ActivityThread.java)
01-05 16:32:07.489 14270 14270 E AndroidRuntime: 	at android.app.ActivityThread$H.handleMessage(ActivityThread.java:1529)
01-05 16:32:07.489 14270 14270 E AndroidRuntime: 	at android.os.Handler.dispatchMessage(Handler.java:102)
01-05 16:32:07.489 14270 14270 E AndroidRuntime: 	at android.os.Looper.loop(Looper.java:148)
01-05 16:32:07.489 14270 14270 E AndroidRuntime: 	at android.app.ActivityThread.main(ActivityThread.java:5456)
01-05 16:32:07.489 14270 14270 E AndroidRuntime: 	at java.lang.reflect.Method.invoke(Native Method)
01-05 16:32:07.489 14270 14270 E AndroidRuntime: 	at com.android.internal.os.ZygoteInit$MethodAndArgsCaller.run(ZygoteInit.java:728)
01-05 16:32:07.489 14270 14270 E AndroidRuntime: 	at com.android.internal.os.ZygoteInit.main(ZygoteInit.java:618)
01-05 16:32:07.489 14270 14270 E AndroidRuntime: Caused by: java.lang.NullPointerException: Attempt to invoke virtual method 'void com.qualcomm.ftccommon.FtcRobotControllerService.shutdownRobot()' on a null object reference
01-05 16:32:07.489 14270 14270 E AndroidRuntime: 	at org.firstinspires.ftc.robotcontroller.internal.FtcRobotControllerActivity.onStop(FtcRobotControllerActivity.java:319)
01-05 16:32:07.489 14270 14270 E AndroidRuntime: 	at android.app.Instrumentation.callActivityOnStop(Instrumentation.java:1301)
01-05 16:32:07.489 14270 14270 E AndroidRuntime: 	at android.app.Activity.performStop(Activity.java:6403)
01-05 16:32:07.489 14270 14270 E AndroidRuntime: 	at android.app.ActivityThread.handleSleeping(ActivityThread.java:3642)
01-05 16:32:07.489 14270 14270 E AndroidRuntime: 	... 8 more
--------- beginning of main
01-05 20:09:29.112 28085 28085 I chatty  : uid=10108(com.qualcomm.ftcrobotcontroller) expire 2 lines
01-05 20:09:29.815 28126 28126 I chatty  : uid=10108(com.qualcomm.ftcrobotcontroller) expire 2 lines
01-05 20:09:30.510 28085 28085 I chatty  : uid=10108(com.qualcomm.ftcrobotcontroller) expire 2 lines
01-05 20:09:30.515 28085 28148 I chatty  : uid=10108(com.qualcomm.ftcrobotcontroller) expire 2 lines
01-05 20:09:30.565 28155 28155 I chatty  : uid=10108(com.qualcomm.ftcrobotcontroller) ps expire 20 lines
01-05 20:09:30.619 28085 28085 I chatty  : uid=10108(com.qualcomm.ftcrobotcontroller) expire 10 lines
01-05 20:09:30.679 28085 28179 I chatty  : uid=10108(com.qualcomm.ftcrobotcontroller) expire 1 line
01-05 20:09:30.764 28085 28085 I chatty  : uid=10108(com.qualcomm.ftcrobotcontroller) expire 9 lines
01-05 20:09:32.427 28085 28223 I chatty  : uid=10108(com.qualcomm.ftcrobotcontroller) expire 1 line
01-05 20:09:32.459 28085 28085 E AndroidRuntime: FATAL EXCEPTION: main
01-05 20:09:32.459 28085 28085 E AndroidRuntime: Process: com.qualcomm.ftcrobotcontroller, PID: 28085
01-05 20:09:32.459 28085 28085 E AndroidRuntime: java.lang.RuntimeException: Unable to stop activity {com.qualcomm.ftcrobotcontroller/org.firstinspires.ftc.robotcontroller.internal.FtcRobotControllerActivity}: java.lang.NullPointerException: Attempt to invoke virtual method 'void com.qualcomm.ftccommon.FtcRobotControllerService.shutdownRobot()' on a null object reference
01-05 20:09:32.459 28085 28085 E AndroidRuntime: 	at android.app.ActivityThread.handleSleeping(ActivityThread.java:3645)
01-05 20:09:32.459 28085 28085 E AndroidRuntime: 	at android.app.ActivityThread.-wrap19(ActivityThread.java)
01-05 20:09:32.459 28085 28085 E AndroidRuntime: 	at android.app.ActivityThread$H.handleMessage(ActivityThread.java:1529)
01-05 20:09:32.459 28085 28085 E AndroidRuntime: 	at android.os.Handler.dispatchMessage(Handler.java:102)
01-05 20:09:32.459 28085 28085 E AndroidRuntime: 	at android.os.Looper.loop(Looper.java:148)
01-05 20:09:32.459 28085 28085 E AndroidRuntime: 	at android.app.ActivityThread.main(ActivityThread.java:5456)
01-05 20:09:32.459 28085 28085 E AndroidRuntime: 	at java.lang.reflect.Method.invoke(Native Method)
01-05 20:09:32.459 28085 28085 E AndroidRuntime: 	at com.android.internal.os.ZygoteInit$MethodAndArgsCaller.run(ZygoteInit.java:728)
01-05 20:09:32.459 28085 28085 E AndroidRuntime: 	at com.android.internal.os.ZygoteInit.main(ZygoteInit.java:618)
01-05 20:09:32.459 28085 28085 E AndroidRuntime: Caused by: java.lang.NullPointerException: Attempt to invoke virtual method 'void com.qualcomm.ftccommon.FtcRobotControllerService.shutdownRobot()' on a null object reference
01-05 20:09:32.459 28085 28085 E AndroidRuntime: 	at org.firstinspires.ftc.robotcontroller.internal.FtcRobotControllerActivity.onStop(FtcRobotControllerActivity.java:319)
01-05 20:09:32.459 28085 28085 E AndroidRuntime: 	at android.app.Instrumentation.callActivityOnStop(Instrumentation.java:1301)
01-05 20:09:32.459 28085 28085 E AndroidRuntime: 	at android.app.Activity.performStop(Activity.java:6403)
01-05 20:09:32.459 28085 28085 E AndroidRuntime: 	at android.app.ActivityThread.handleSleeping(ActivityThread.java:3642)
01-05 20:09:32.459 28085 28085 E AndroidRuntime: 	... 8 more
01-05 20:09:34.458 28085 28085 I chatty  : uid=10108(com.qualcomm.ftcrobotcontroller) expire 1 line
01-05 20:09:54.319 28352 28352 I chatty  : uid=10108(com.qualcomm.ftcrobotcontroller) expire 4 lines
01-05 20:09:54.787 28352 28370 I chatty  : uid=10108(com.qualcomm.ftcrobotcontroller) expire 2 lines
01-05 20:09:54.825 28372 28372 I chatty  : uid=10108(com.qualcomm.ftcrobotcontroller) ps expire 20 lines
01-05 20:09:54.854 28352 28352 I chatty  : uid=10108(com.qualcomm.ftcrobotcontroller) expire 10 lines
01-05 20:09:54.924 28352 28378 I chatty  : uid=10108(com.qualcomm.ftcrobotcontroller) expire 1 line
01-05 20:09:54.986 28352 28352 I chatty  : uid=10108(com.qualcomm.ftcrobotcontroller) expire 40 lines
01-05 20:09:56.568 28352 28400 I chatty  : uid=10108(com.qualcomm.ftcrobotcontroller) expire 2 lines
01-05 20:09:56.708 28352 28404 I chatty  : uid=10108(com.qualcomm.ftcrobotcontroller) expire 85 lines
01-05 20:10:01.715 28352 28408 I chatty  : uid=10108(com.qualcomm.ftcrobotcontroller) expire 6 lines
01-05 20:10:01.771 28352 28410 I chatty  : uid=10108(com.qualcomm.ftcrobotcontroller) expire 2 lines
01-05 20:10:01.780 28352 28412 I chatty  : uid=10108(com.qualcomm.ftcrobotcontroller) expire 1 line
01-05 20:10:01.788 28352 28413 I chatty  : uid=10108(com.qualcomm.ftcrobotcontroller) expire 1 line
01-05 20:10:01.800 28352 28414 I chatty  : uid=10108(com.qualcomm.ftcrobotcontroller) expire 2 lines
01-05 20:10:01.803 28352 28415 I chatty  : uid=10108(com.qualcomm.ftcrobotcontroller) expire 2 lines
01-05 20:10:01.805 28352 28416 I chatty  : uid=10108(com.qualcomm.ftcrobotcontroller) expire 2 lines
01-05 20:10:01.808 28352 28417 I chatty  : uid=10108(com.qualcomm.ftcrobotcontroller) expire 1 line
01-05 20:10:01.844 28352 28422 I chatty  : uid=10108(com.qualcomm.ftcrobotcontroller) expire 19 lines
01-05 20:10:01.871 28352 28421 I chatty  : uid=10108(com.qualcomm.ftcrobotcontroller) expire 4 lines
01-05 20:10:01.918 28352 28419 I chatty  : uid=10108(com.qualcomm.ftcrobotcontroller) expire 14 lines
01-05 20:10:01.921 28352 28426 I chatty  : uid=10108(com.qualcomm.ftcrobotcontroller) expire 9 lines
01-05 20:10:01.993 28352 28433 I chatty  : uid=10108(com.qualcomm.ftcrobotcontroller) expire 9 lines
01-05 20:10:09.181 28352 28352 I chatty  : uid=10108(com.qualcomm.ftcrobotcontroller) expire 8 lines
01-05 20:10:09.206 28352 28422 I chatty  : uid=10108(com.qualcomm.ftcrobotcontroller) expire 19 lines
01-05 20:10:09.214 28352 28417 I chatty  : uid=10108(com.qualcomm.ftcrobotcontroller) expire 1 line
01-05 20:10:09.220 28352 28412 I chatty  : uid=10108(com.qualcomm.ftcrobotcontroller) expire 1 line
01-05 20:10:09.227 28352 28413 I chatty  : uid=10108(com.qualcomm.ftcrobotcontroller) expire 1 line
01-05 20:10:33.251 28510 28510 I chatty  : uid=10108(com.qualcomm.ftcrobotcontroller) expire 4 lines
01-05 20:10:33.683 28510 28527 I chatty  : uid=10108(com.qualcomm.ftcrobotcontroller) expire 2 lines
01-05 20:10:33.715 28529 28529 I chatty  : uid=10108(com.qualcomm.ftcrobotcontroller) ps expire 20 lines
01-05 20:10:33.749 28510 28510 I chatty  : uid=10108(com.qualcomm.ftcrobotcontroller) expire 8 lines
01-05 20:10:33.812 28510 28535 I chatty  : uid=10108(com.qualcomm.ftcrobotcontroller) expire 1 line
01-05 20:10:33.820 28510 28510 I chatty  : uid=10108(com.qualcomm.ftcrobotcontroller) expire 41 lines
01-05 20:10:35.474 28510 28558 I chatty  : uid=10108(com.qualcomm.ftcrobotcontroller) expire 2 lines
01-05 20:10:35.588 28510 28562 I chatty  : uid=10108(com.qualcomm.ftcrobotcontroller) expire 69 lines
01-05 20:10:40.598 28510 28565 I chatty  : uid=10108(com.qualcomm.ftcrobotcontroller) expire 6 lines
01-05 20:10:40.630 28510 28567 I chatty  : uid=10108(com.qualcomm.ftcrobotcontroller) expire 1 line
01-05 20:10:40.638 28510 28569 I chatty  : uid=10108(com.qualcomm.ftcrobotcontroller) expire 1 line
01-05 20:10:40.646 28510 28570 I chatty  : uid=10108(com.qualcomm.ftcrobotcontroller) expire 1 line
01-05 20:10:40.657 28510 28571 I chatty  : uid=10108(com.qualcomm.ftcrobotcontroller) expire 1 line
01-05 20:10:40.659 28510 28572 I chatty  : uid=10108(com.qualcomm.ftcrobotcontroller) expire 1 line
01-05 20:10:40.662 28510 28573 I chatty  : uid=10108(com.qualcomm.ftcrobotcontroller) expire 1 line
01-05 20:10:40.665 28510 28574 I chatty  : uid=10108(com.qualcomm.ftcrobotcontroller) expire 1 line
01-05 20:10:40.693 28510 28562 I RobotCore: DC Motor                                           shooter1                       USB AI049QOP; port 1
01-05 20:10:40.693 28510 28562 I RobotCore: DC Motor                                           leftFront                      USB AL00VWH0; port 2
01-05 20:10:40.693 28510 28562 I RobotCore: DC Motor                                           rightBack                      USB A104OQ1P; port 1
01-05 20:10:40.693 28510 28562 I RobotCore: DC Motor                                           intake2                        USB AL00VBIF; port 2
01-05 20:10:40.693 28510 28562 I RobotCore: DC Motor                                           intake1                        USB AL00VBIF; port 1
01-05 20:10:40.693 28510 28562 I RobotCore: Servo                                              ballFeeder                     USB AL00VSDY; port 2
01-05 20:10:40.693 28510 28562 I RobotCore: Modern Robotics USB DC Motor Controller            Intake                         USB AL00VBIF
01-05 20:10:40.693 28510 28562 I RobotCore: Modern Robotics USB Core Device Interface Module   Sensors                        USB AL00VFK6
01-05 20:10:40.693 28510 28562 I RobotCore: Modern Robotics USB Servo Controller               Servos                         USB AL00VSDY
01-05 20:10:40.693 28510 28562 I RobotCore: Modern Robotics Gyro                               gyro                           USB AL00VFK6; I2C port: 3
01-05 20:10:40.693 28510 28562 I RobotCore: Modern Robotics Analog Optical Distance Sensor     ods                            USB AL00VFK6; analog port 7
01-05 20:10:40.693 28510 28562 I FIRST   : ======= INIT FINISH =======
01-05 20:10:40.694 28510 28562 V RobotCore: EventLoopManager state is RUNNING
01-05 20:10:40.709 28510 28562 V RobotCore: Robot Status: running, starting robot
01-05 20:10:40.709 28510 28562 V RobotCore: Robot Status: running
01-05 20:10:40.709 28510 28562 V RobotCore: thread: ...terminating 'RobotSetupRunnable.run()'
01-05 20:10:40.717 28510 28579 V RobotCore: thread: 'opmode loop()' starting...
01-05 20:10:40.723 28510 28579 D RobotCore: system telemetry: key=$System$Warning$ msg="unable to open Modern Robotics USB Core Device Interface Module [AL00VFK6]; unable to open Modern Robotics USB DC Motor Controller [AL00VWH0]; unable to open Modern Robotics USB DC Motor Controller [A104OQ1P]; unable to open Modern Robotics USB DC Motor Controller [AL00VBIF]; unable to open Modern Robotics USB DC Motor Controller [AI049QOP]; unable to open Modern Robotics USB Servo Controller [AL00VSDY]"
01-05 20:10:40.738 28510 28578 D MediaPlayer: setSubtitleAnchor in MediaPlayer
01-05 20:10:40.747 28510 28510 W MediaPlayer: mediaplayer went away with unhandled events
01-05 20:10:40.769 28510 28576 D ExtendedUtils: extended extractor not needed, return default
01-05 20:10:40.770 28510 28576 I MediaCodec: (0xb7601fa8) init name(audio/raw) isType(1) encoder(0)
01-05 20:10:40.772 28510 28583 I OMXClient: Using client-side OMX mux.
01-05 20:10:40.774 28510 28583 E OMXMaster: A component of name 'OMX.qcom.audio.decoder.aac' already exists, ignoring this one.
01-05 20:10:40.776 28510 28583 I MediaCodec: (0xb7601fa8) Component Allocated (OMX.google.raw.decoder)
01-05 20:10:40.777 28510 28576 I MediaCodec: (0xb7601fa8) configure surface(0x0) crypto(0x0) flags(0)
01-05 20:10:40.777 28510 28576 D MediaCodec: (0xb7601fa8) configure format: AMessage(what = 0x00000000) = {
01-05 20:10:40.777 28510 28576 D MediaCodec:    string mime = "audio/raw"
01-05 20:10:40.777 28510 28576 D MediaCodec:    int64_t durationUs = 1019125
01-05 20:10:40.777 28510 28576 D MediaCodec:    int32_t channel-count = 1
01-05 20:10:40.777 28510 28576 D MediaCodec:    int32_t sample-rate = 8000
01-05 20:10:40.777 28510 28576 D MediaCodec:    int32_t channel-mask = 0
01-05 20:10:40.777 28510 28576 D MediaCodec:  }
01-05 20:10:40.778 28510 28576 I MediaCodec: (0xb7601fa8) start
01-05 20:10:40.779 28510 28583 I MediaCodec: (0xb7601fa8) input buffers allocated
01-05 20:10:40.779 28510 28583 I MediaCodec: (0xb7601fa8) numBuffers (4)
01-05 20:10:40.779 28510 28583 I MediaCodec: (0xb7601fa8) output buffers allocated
01-05 20:10:40.779 28510 28583 I MediaCodec: (0xb7601fa8) numBuffers (4)
01-05 20:10:40.780 28510 28583 I MediaCodec: (0xb7601fa8) codec output format changed
01-05 20:10:40.780 28510 28583 D MediaCodec: (0xb7601fa8) output format: AMessage(what = 'codc', target = 2) = {
01-05 20:10:40.780 28510 28583 D MediaCodec:    string mime = "audio/raw"
01-05 20:10:40.780 28510 28583 D MediaCodec:    int32_t channel-count = 1
01-05 20:10:40.780 28510 28583 D MediaCodec:    int32_t sample-rate = 8000
01-05 20:10:40.780 28510 28583 D MediaCodec:    int32_t channel-mask = 0
01-05 20:10:40.780 28510 28583 D MediaCodec:    int32_t what = 1869968451
01-05 20:10:40.780 28510 28583 D MediaCodec:  }
01-05 20:10:40.781 28510 28576 I MediaCodec: (0xb7601fa8) stop
01-05 20:10:40.782 28510 28576 I MediaCodec: (0xb7601fa8) release
01-05 20:10:40.786 28510 28578 W AudioTrack: AUDIO_OUTPUT_FLAG_FAST denied by client; transfer 4, track 8000 Hz, output 48000 Hz
01-05 20:10:40.816 28510 28510 D MediaPlayer: setSubtitleAnchor in MediaPlayer
01-05 20:10:40.816 28510 28578 D MediaPlayer: setSubtitleAnchor in MediaPlayer
01-05 20:10:40.835 28510 28576 D ExtendedUtils: extended extractor not needed, return default
01-05 20:10:40.836 28510 28576 I MediaCodec: (0xb760b020) init name(audio/raw) isType(1) encoder(0)
01-05 20:10:40.837 28510 28590 I OMXClient: Using client-side OMX mux.
01-05 20:10:40.840 28510 28590 E OMXMaster: A component of name 'OMX.qcom.audio.decoder.aac' already exists, ignoring this one.
01-05 20:10:40.842 28510 28590 I MediaCodec: (0xb760b020) Component Allocated (OMX.google.raw.decoder)
01-05 20:10:40.842 28510 28576 I MediaCodec: (0xb760b020) configure surface(0x0) crypto(0x0) flags(0)
01-05 20:10:40.842 28510 28576 D MediaCodec: (0xb760b020) configure format: AMessage(what = 0x00000000) = {
01-05 20:10:40.842 28510 28576 D MediaCodec:    string mime = "audio/raw"
01-05 20:10:40.842 28510 28576 D MediaCodec:    int64_t durationUs = 1043650
01-05 20:10:40.842 28510 28576 D MediaCodec:    int32_t channel-count = 2
01-05 20:10:40.842 28510 28576 D MediaCodec:    int32_t sample-rate = 44100
01-05 20:10:40.842 28510 28576 D MediaCodec:    int32_t channel-mask = 0
01-05 20:10:40.842 28510 28576 D MediaCodec:  }
01-05 20:10:40.843 28510 28576 I MediaCodec: (0xb760b020) start
01-05 20:10:40.843 28510 28590 I MediaCodec: (0xb760b020) input buffers allocated
01-05 20:10:40.843 28510 28590 I MediaCodec: (0xb760b020) numBuffers (4)
01-05 20:10:40.843 28510 28590 I MediaCodec: (0xb760b020) output buffers allocated
01-05 20:10:40.843 28510 28590 I MediaCodec: (0xb760b020) numBuffers (4)
01-05 20:10:40.845 28510 28590 I MediaCodec: (0xb760b020) codec output format changed
01-05 20:10:40.845 28510 28590 D MediaCodec: (0xb760b020) output format: AMessage(what = 'codc', target = 6) = {
01-05 20:10:40.845 28510 28590 D MediaCodec:    string mime = "audio/raw"
01-05 20:10:40.845 28510 28590 D MediaCodec:    int32_t channel-count = 2
01-05 20:10:40.845 28510 28590 D MediaCodec:    int32_t sample-rate = 44100
01-05 20:10:40.845 28510 28590 D MediaCodec:    int32_t channel-mask = 0
01-05 20:10:40.845 28510 28590 D MediaCodec:    int32_t what = 1869968451
01-05 20:10:40.845 28510 28590 D MediaCodec:  }
01-05 20:10:40.849 28510 28576 I MediaCodec: (0xb760b020) stop
01-05 20:10:40.851 28510 28576 I MediaCodec: (0xb760b020) release
01-05 20:10:40.928 28510 28567 D Robocol : no packet received: SocketTimeoutException
01-05 20:10:41.225 28510 28579 I RobotCore: Attempting to switch to op mode $Stop$Robot$
01-05 20:10:41.736 28510 28579 I RobotCore: robot battery read duration: n=0, mean=0.000ms sd=-0.000ms
01-05 20:10:41.806 28510 28578 W AudioTrack: AUDIO_OUTPUT_FLAG_FAST denied by client; transfer 4, track 44100 Hz, output 48000 Hz
01-05 20:11:15.409 28510 28567 V PeerDiscovery: new remote peer discovered: 192.168.49.134
01-05 20:11:15.409 28510 28567 D Robocol : RobocolDatagramSocket connected to /192.168.49.134:20884
01-05 20:11:15.410 28510 28567 V NetworkConnectionHandler: starting sending loop
01-05 20:11:15.410 28510 28567 V Robocol : SendOnceRunnable created
01-05 20:11:15.412 28510 28567 V RobotCore: Network: active, connected
01-05 20:11:15.451 28510 28636 V Robocol : sending CMD_REQUEST_USER_SENSOR_LIST_RESP(87), attempt: 0
01-05 20:11:15.452 28510 28578 D MediaPlayer: setSubtitleAnchor in MediaPlayer
01-05 20:11:15.452 28510 28510 D MediaPlayer: setSubtitleAnchor in MediaPlayer
01-05 20:11:15.455 28510 28510 E MediaPlayer: invoke failed: wrong state 8
01-05 20:11:15.455 28510 28510 W MediaPlayer: mediaplayer went away with unhandled events
01-05 20:11:15.469 28510 28576 D ExtendedUtils: extended extractor not needed, return default
01-05 20:11:15.470 28510 28576 I MediaCodec: (0xb7606ad0) init name(audio/raw) isType(1) encoder(0)
01-05 20:11:15.473 28510 28640 I OMXClient: Using client-side OMX mux.
01-05 20:11:15.476 28510 28640 E OMXMaster: A component of name 'OMX.qcom.audio.decoder.aac' already exists, ignoring this one.
01-05 20:11:15.479 28510 28640 I MediaCodec: (0xb7606ad0) Component Allocated (OMX.google.raw.decoder)
01-05 20:11:15.479 28510 28576 I MediaCodec: (0xb7606ad0) configure surface(0x0) crypto(0x0) flags(0)
01-05 20:11:15.479 28510 28576 D MediaCodec: (0xb7606ad0) configure format: AMessage(what = 0x00000000) = {
01-05 20:11:15.479 28510 28576 D MediaCodec:    string mime = "audio/raw"
01-05 20:11:15.479 28510 28576 D MediaCodec:    int64_t durationUs = 485011
01-05 20:11:15.479 28510 28576 D MediaCodec:    int32_t channel-count = 2
01-05 20:11:15.479 28510 28576 D MediaCodec:    int32_t sample-rate = 44100
01-05 20:11:15.479 28510 28576 D MediaCodec:    int32_t channel-mask = 0
01-05 20:11:15.479 28510 28576 D MediaCodec:  }
01-05 20:11:15.480 28510 28576 I MediaCodec: (0xb7606ad0) start
01-05 20:11:15.480 28510 28640 I MediaCodec: (0xb7606ad0) input buffers allocated
01-05 20:11:15.480 28510 28640 I MediaCodec: (0xb7606ad0) numBuffers (4)
01-05 20:11:15.480 28510 28640 I MediaCodec: (0xb7606ad0) output buffers allocated
01-05 20:11:15.480 28510 28640 I MediaCodec: (0xb7606ad0) numBuffers (4)
01-05 20:11:15.482 28510 28640 I MediaCodec: (0xb7606ad0) codec output format changed
01-05 20:11:15.482 28510 28640 D MediaCodec: (0xb7606ad0) output format: AMessage(what = 'codc', target = 10) = {
01-05 20:11:15.482 28510 28640 D MediaCodec:    string mime = "audio/raw"
01-05 20:11:15.482 28510 28640 D MediaCodec:    int32_t channel-count = 2
01-05 20:11:15.482 28510 28640 D MediaCodec:    int32_t sample-rate = 44100
01-05 20:11:15.482 28510 28640 D MediaCodec:    int32_t channel-mask = 0
01-05 20:11:15.482 28510 28640 D MediaCodec:    int32_t what = 1869968451
01-05 20:11:15.482 28510 28640 D MediaCodec:  }
01-05 20:11:15.486 28510 28576 I MediaCodec: (0xb7606ad0) stop
01-05 20:11:15.488 28510 28576 I MediaCodec: (0xb7606ad0) release
01-05 20:11:15.492 28510 28578 W AudioTrack: AUDIO_OUTPUT_FLAG_FAST denied by client; transfer 4, track 44100 Hz, output 48000 Hz
01-05 20:11:15.659 28510 28567 V Robocol : received command: CMD_REQUEST_OP_MODE_LIST(10001) 
01-05 20:11:15.660 28510 28567 V Robocol : received command: CMD_REQUEST_ACTIVE_CONFIGURATION(10002) 
01-05 20:11:15.685 28510 28567 V Robocol : received command: CMD_REQUEST_USER_SENSOR_LIST_RESP(87) [{"description":"a MR compass sensor","flavor":"I2C","name":"MR Compass Sensor","xmlTag":"ModernRoboticsI2cCompassSensor"},{"description":"an Adafruit IMU","flavor":"I2C","name":"Adafruit IMU","xmlTag":"AdafruitBNO055IMU"},{"description":"a MR range sensor","flavor":"I2C","name":"MR Range Sensor","xmlTag":"ModernRoboticsI2cRangeSensor"}]
01-05 20:11:15.691 28510 28636 V Robocol : sending CMD_REQUEST_OP_MODE_LIST_RESP(94), attempt: 0
01-05 20:11:15.694 28510 28636 V Robocol : sending CMD_REQUEST_USER_SENSOR_LIST_RESP(95), attempt: 0
01-05 20:11:15.731 28510 28636 V Robocol : sending CMD_REQUEST_ACTIVE_CONFIGURATION_RESP(100), attempt: 0
01-05 20:11:15.779 28510 28567 V Robocol : received command: CMD_REQUEST_OP_MODE_LIST_RESP(94) [{"flavor":"TELEOP","group":"Test","name":"RunAMotorOrTwo"},{"flavor":"TELEOP","group":"Test","name":"ShooterControl"},{"flavor":"TELEOP","group":"Test","name":"ShooterData"},{"flavor":"AUTONOMOUS","group":"Test","name":"WestCoastBluePID_AutoTest"},{"flavor":"AUTONOMOUS","group":"Test","name":"WestCoastRedPID_AutoTest"},{"flavor":"TELEOP","group":"Competition","name":"FinalTeleOp"}]
01-05 20:11:15.779 28510 28567 V Robocol : received command: CMD_INIT_OP_MODE(10014) $Stop$Robot$
01-05 20:11:15.779 28510 28567 V Robocol : received command: CMD_REQUEST_USER_SENSOR_LIST_RESP(95) [{"description":"a MR compass sensor","flavor":"I2C","name":"MR Compass Sensor","xmlTag":"ModernRoboticsI2cCompassSensor"},{"description":"an Adafruit IMU","flavor":"I2C","name":"Adafruit IMU","xmlTag":"AdafruitBNO055IMU"},{"description":"a MR range sensor","flavor":"I2C","name":"MR Range Sensor","xmlTag":"ModernRoboticsI2cRangeSensor"}]
01-05 20:11:15.780 28510 28567 V Robocol : received command: CMD_REQUEST_ACTIVE_CONFIGURATION_RESP(100) {"isDirty":false,"location":"LOCAL_STORAGE","name":"WestCoastTank_all+intake","resourceId":0}
01-05 20:11:15.902 28510 28579 I RobotCore: Attempting to switch to op mode $Stop$Robot$
01-05 20:11:15.931 28510 28636 V Robocol : sending CMD_INIT_OP_MODE_RESP(111), attempt: 0
01-05 20:11:16.099 28510 28567 V Robocol : received command: CMD_INIT_OP_MODE_RESP(111) $Stop$Robot$
01-05 20:11:26.073 28510 28520 I art     : Background sticky concurrent mark sweep GC freed 24406(2MB) AllocSpace objects, 2(128KB) LOS objects, 23% free, 10MB/13MB, paused 5.019ms total 34.509ms
01-05 20:12:09.633 28692 28692 I dex2oat : /system/bin/dex2oat --dex-file=/data/data/com.qualcomm.ftcrobotcontroller/files/instant-run/dex-temp/reload0x0000.dex --oat-file=/data/user/0/com.qualcomm.ftcrobotcontroller/cache/reload0x0000.dex
01-05 20:12:09.726 28692 28692 I dex2oat : dex2oat took 93.697ms (threads: 4) arena alloc=63KB java alloc=17KB native alloc=737KB free=50KB
01-05 20:12:09.785 28510 28510 V RCActivity: onPause()
01-05 20:12:09.785 28510 28510 V RCActivity: onStop()
01-05 20:12:09.786 28510 28510 V RobotCore: executive service robot setup is terminated
01-05 20:12:09.786 28510 28510 V Robocol : EventLoopManager.shutdown()
01-05 20:12:09.786 28510 28510 V RobotCore: waiting for service EventLoop
01-05 20:12:09.786 28510 28579 V RobotCore: EventLoopRunnable interrupted
01-05 20:12:09.786 28510 28579 V RobotCore: EventLoopManager state is STOPPED
01-05 20:12:09.786 28510 28579 V RobotCore: Robot Status: stopped
01-05 20:12:09.786 28510 28579 I FIRST   : ======= TEARDOWN =======
01-05 20:12:09.787 28510 28579 D RobotCore: disarming modern motor controller Modern Robotics USB DC Motor Controller [AL00VWH0]...
01-05 20:12:09.791 28510 28572 V RobotCore: thread: ...terminating 'r/w loop: Modern Robotics USB DC Motor Controller [AL00VWH0]'
01-05 20:12:09.791 28510 28579 V RobotCore: waiting for service ReadWriteRunnable for Modern Robotics USB Device
01-05 20:12:09.792 28510 28579 V RobotCore: awaitTermination returned, isTerminated=true
01-05 20:12:09.792 28510 28579 V RobotCore: executive service ReadWriteRunnable for Modern Robotics USB Device is terminated
01-05 20:12:09.792 28510 28579 D RobotCore: ...disarming modern motor controller Modern Robotics USB DC Motor Controller [AL00VWH0] complete
01-05 20:12:09.792 28510 28579 D RobotCore: disarming modern motor controller Modern Robotics USB DC Motor Controller [AL00VBIF]...
01-05 20:12:09.799 28510 28574 V RobotCore: thread: ...terminating 'r/w loop: Modern Robotics USB DC Motor Controller [AL00VBIF]'
01-05 20:12:09.799 28510 28579 V RobotCore: waiting for service ReadWriteRunnable for Modern Robotics USB Device
01-05 20:12:09.799 28510 28579 V RobotCore: awaitTermination returned, isTerminated=true
01-05 20:12:09.799 28510 28579 V RobotCore: executive service ReadWriteRunnable for Modern Robotics USB Device is terminated
01-05 20:12:09.799 28510 28579 D RobotCore: ...disarming modern motor controller Modern Robotics USB DC Motor Controller [AL00VBIF] complete
01-05 20:12:09.799 28510 28579 D RobotCore: disarming modern motor controller Modern Robotics USB DC Motor Controller [AI049QOP]...
01-05 20:12:09.800 28510 28579 V RobotCore: waiting for service ReadWriteRunnable for Modern Robotics USB Device
01-05 20:12:09.800 28510 28573 V RobotCore: thread: ...terminating 'r/w loop: Modern Robotics USB DC Motor Controller [AI049QOP]'
01-05 20:12:09.800 28510 28579 V RobotCore: awaitTermination returned, isTerminated=true
01-05 20:12:09.800 28510 28579 V RobotCore: executive service ReadWriteRunnable for Modern Robotics USB Device is terminated
01-05 20:12:09.800 28510 28579 D RobotCore: ...disarming modern motor controller Modern Robotics USB DC Motor Controller [AI049QOP] complete
01-05 20:12:09.801 28510 28579 D RobotCore: disarming modern motor controller Modern Robotics USB DC Motor Controller [A104OQ1P]...
01-05 20:12:09.806 28510 28579 V RobotCore: waiting for service ReadWriteRunnable for Modern Robotics USB Device
01-05 20:12:09.806 28510 28571 V RobotCore: thread: ...terminating 'r/w loop: Modern Robotics USB DC Motor Controller [A104OQ1P]'
01-05 20:12:09.807 28510 28579 V RobotCore: awaitTermination returned, isTerminated=true
01-05 20:12:09.807 28510 28579 V RobotCore: executive service ReadWriteRunnable for Modern Robotics USB Device is terminated
01-05 20:12:09.808 28510 28579 D RobotCore: ...disarming modern motor controller Modern Robotics USB DC Motor Controller [A104OQ1P] complete
01-05 20:12:09.808 28510 28579 D RobotCore: disarming modern servo controller "Modern Robotics USB Servo Controller [AL00VSDY]"...
01-05 20:12:09.814 28510 28579 V RobotCore: waiting for service ReadWriteRunnable for Modern Robotics USB Device
01-05 20:12:09.814 28510 28569 V RobotCore: thread: ...terminating 'r/w loop: Modern Robotics USB Servo Controller [AL00VSDY]'
01-05 20:12:09.814 28510 28579 V RobotCore: awaitTermination returned, isTerminated=true
01-05 20:12:09.815 28510 28579 V RobotCore: executive service ReadWriteRunnable for Modern Robotics USB Device is terminated
01-05 20:12:09.815 28510 28579 D RobotCore: ...disarming modern servo controller Modern Robotics USB Servo Controller [AL00VSDY] complete
01-05 20:12:09.818 28510 28579 V RobotCore: waiting for service ReadWriteRunnable for Modern Robotics USB Device
01-05 20:12:09.818 28510 28570 V RobotCore: thread: ...terminating 'r/w loop: Modern Robotics USB Core Device Interface Module [AL00VFK6]'
01-05 20:12:09.819 28510 28579 V RobotCore: awaitTermination returned, isTerminated=true
01-05 20:12:09.819 28510 28579 V RobotCore: executive service ReadWriteRunnable for Modern Robotics USB Device is terminated
01-05 20:12:09.819 28510 28579 I FIRST   : ======= TEARDOWN COMPLETE =======
01-05 20:12:09.819 28510 28579 V RobotCore: thread: ...terminating 'opmode loop()'
01-05 20:12:09.819 28510 28510 V RobotCore: awaitTermination returned, isTerminated=true
01-05 20:12:09.819 28510 28510 V RobotCore: executive service EventLoop is terminated
01-05 20:12:09.819 28510 28510 V RobotCore: EventLoopManager state is STOPPED
01-05 20:12:09.820 28510 28510 V RCActivity: onDestroy()
01-05 20:12:10.324 28510 28510 V RobotCore: closing logcat file /storage/emulated/0/com.qualcomm.ftcrobotcontroller.logcat
01-05 20:12:10.365 28700 28700 W ps      : type=1400 audit(0.0:61340): avc: denied { getattr } for uid=10108 path="/proc/1" dev="proc" ino=1411378 scontext=u:r:untrusted_app:s0:c512,c768 tcontext=u:r:init:s0 tclass=dir permissive=0
01-05 20:12:10.365 28700 28700 W ps      : type=1400 audit(0.0:61341): avc: denied { search } for uid=10108 name="1" dev="proc" ino=1411378 scontext=u:r:untrusted_app:s0:c512,c768 tcontext=u:r:init:s0 tclass=dir permissive=0
