01-05 21:37:43.248  2331  2445 I RobotCore: SHOOTER RPM2: 2062.1070770958117
01-05 21:37:43.259  2331  2445 I RobotCore: SHOOTER power: 0.3500000000000001
01-05 21:37:43.259  2331  2445 I RobotCore: SHOOTER RPM1: 1166.2496494836678
01-05 21:37:43.259  2331  2445 I RobotCore: SHOOTER RPM2: 1166.2496494836678
01-05 21:37:43.269  2331  2445 I RobotCore: SHOOTER power: 0.3500000000000001
01-05 21:37:43.269  2331  2445 I RobotCore: SHOOTER RPM1: 0.0
01-05 21:37:43.269  2331  2445 I RobotCore: SHOOTER RPM2: 1432.9595713618778
01-05 21:37:43.279  2331  2445 I RobotCore: SHOOTER power: 0.3500000000000001
01-05 21:37:43.279  2331  2445 I RobotCore: SHOOTER RPM1: 1444.3957823128426
01-05 21:37:43.279  2331  2445 I RobotCore: SHOOTER RPM2: 0.0
01-05 21:37:43.290  2331  2445 I RobotCore: SHOOTER power: 0.3500000000000001
01-05 21:37:43.290  2331  2445 I RobotCore: SHOOTER RPM1: 1963.3114831337396
01-05 21:37:43.290  2331  2445 I RobotCore: SHOOTER RPM2: 1963.3114831337396
01-05 21:37:43.300  2331  2445 I RobotCore: SHOOTER power: 0.3500000000000001
01-05 21:37:43.300  2331  2445 I RobotCore: SHOOTER RPM1: 1037.718558315871
01-05 21:37:43.300  2331  2445 I RobotCore: SHOOTER RPM2: 1037.718558315871
01-05 21:37:43.311  2331  2445 I RobotCore: SHOOTER power: 0.3500000000000001
01-05 21:37:43.311  2331  2445 I RobotCore: SHOOTER RPM1: 2188.8684169605317
01-05 21:37:43.311  2331  2445 I RobotCore: SHOOTER RPM2: 2188.8684169605317
01-05 21:37:43.321  2331  2445 I RobotCore: SHOOTER power: 0.3500000000000001
01-05 21:37:43.321  2331  2445 I RobotCore: SHOOTER RPM1: 1412.5273993718179
01-05 21:37:43.321  2331  2445 I RobotCore: SHOOTER RPM2: 1540.9389811328922
01-05 21:37:43.332  2331  2445 I RobotCore: SHOOTER power: 0.3500000000000001
01-05 21:37:43.332  2331  2445 I RobotCore: SHOOTER RPM1: 1030.874306637485
01-05 21:37:43.332  2331  2445 I RobotCore: SHOOTER RPM2: 1030.874306637485
01-05 21:37:43.342  2331  2445 I RobotCore: SHOOTER power: 0.3500000000000001
01-05 21:37:43.342  2331  2445 I RobotCore: SHOOTER RPM1: 904.0354069031597
01-05 21:37:43.342  2331  2445 I RobotCore: SHOOTER RPM2: 904.0354069031597
01-05 21:37:43.352  2331  2445 I RobotCore: SHOOTER power: 0.3500000000000001
01-05 21:37:43.353  2331  2445 I RobotCore: SHOOTER RPM1: 0.0
01-05 21:37:43.353  2331  2445 I RobotCore: SHOOTER RPM2: 0.0
01-05 21:37:43.363  2331  2445 I RobotCore: SHOOTER power: 0.3500000000000001
01-05 21:37:43.363  2331  2445 I RobotCore: SHOOTER RPM1: 2919.782158861539
01-05 21:37:43.363  2331  2445 I RobotCore: SHOOTER RPM2: 2792.8351084762544
01-05 21:37:43.374  2331  2445 I RobotCore: SHOOTER power: 0.3500000000000001
01-05 21:37:43.374  2331  2445 I RobotCore: SHOOTER RPM1: 1412.960944308003
01-05 21:37:43.374  2331  2445 I RobotCore: SHOOTER RPM2: 1412.960944308003
01-05 21:37:43.384  2331  2445 I RobotCore: SHOOTER power: 0.3500000000000001
01-05 21:37:43.384  2331  2445 I RobotCore: SHOOTER RPM1: 1680.4201428839533
01-05 21:37:43.384  2331  2445 I RobotCore: SHOOTER RPM2: 1680.4201428839533
01-05 21:37:43.395  2331  2445 I RobotCore: SHOOTER power: 0.3500000000000001
01-05 21:37:43.395  2331  2445 I RobotCore: SHOOTER RPM1: 1293.8491995313398
01-05 21:37:43.395  2331  2445 I RobotCore: SHOOTER RPM2: 1293.8491995313398
01-05 21:37:43.405  2331  2445 I RobotCore: SHOOTER power: 0.3500000000000001
01-05 21:37:43.405  2331  2445 I RobotCore: SHOOTER RPM1: 1159.9697471641266
01-05 21:37:43.405  2331  2445 I RobotCore: SHOOTER RPM2: 1159.9697471641266
01-05 21:37:43.415  2331  2445 I RobotCore: SHOOTER power: 0.3500000000000001
01-05 21:37:43.416  2331  2445 I RobotCore: SHOOTER RPM1: 1423.7879890839884
01-05 21:37:43.416  2331  2445 I RobotCore: SHOOTER RPM2: 1423.7879890839884
01-05 21:37:43.426  2331  2445 I RobotCore: SHOOTER power: 0.3500000000000001
01-05 21:37:43.426  2331  2445 I RobotCore: SHOOTER RPM1: 1417.093136122339
01-05 21:37:43.426  2331  2445 I RobotCore: SHOOTER RPM2: 1417.093136122339
01-05 21:37:43.436  2331  2445 I RobotCore: SHOOTER power: 0.3500000000000001
01-05 21:37:43.436  2331  2445 I RobotCore: SHOOTER RPM1: 1423.6104530507741
01-05 21:37:43.436  2331  2445 I RobotCore: SHOOTER RPM2: 1423.6104530507741
01-05 21:37:43.447  2331  2445 I RobotCore: SHOOTER power: 0.3500000000000001
01-05 21:37:43.447  2331  2445 I RobotCore: SHOOTER RPM1: 1787.4911476735276
01-05 21:37:43.447  2331  2445 I RobotCore: SHOOTER RPM2: 1787.4911476735276
01-05 21:37:43.457  2331  2445 I RobotCore: SHOOTER power: 0.3500000000000001
01-05 21:37:43.458  2331  2445 I RobotCore: SHOOTER RPM1: 1034.6872565291967
01-05 21:37:43.458  2331  2445 I RobotCore: SHOOTER RPM2: 1034.6872565291967
01-05 21:37:43.468  2331  2445 I RobotCore: SHOOTER power: 0.3500000000000001
01-05 21:37:43.468  2331  2445 I RobotCore: SHOOTER RPM1: 1292.3025582480889
01-05 21:37:43.468  2331  2445 I RobotCore: SHOOTER RPM2: 1292.3025582480889
01-05 21:37:43.478  2331  2445 I RobotCore: SHOOTER power: 0.3500000000000001
01-05 21:37:43.478  2331  2445 I RobotCore: SHOOTER RPM1: 1164.7720773093188
01-05 21:37:43.478  2331  2445 I RobotCore: SHOOTER RPM2: 1164.7720773093188
01-05 21:37:43.489  2331  2445 I RobotCore: SHOOTER power: 0.3500000000000001
01-05 21:37:43.489  2331  2445 I RobotCore: SHOOTER RPM1: 2073.0842208915187
01-05 21:37:43.489  2331  2445 I RobotCore: SHOOTER RPM2: 2073.0842208915187
01-05 21:37:43.499  2331  2445 I RobotCore: SHOOTER power: 0.3500000000000001
01-05 21:37:43.499  2331  2445 I RobotCore: SHOOTER RPM1: 0.0
01-05 21:37:43.499  2331  2445 I RobotCore: SHOOTER RPM2: 0.0
01-05 21:37:43.510  2331  2445 I RobotCore: SHOOTER power: 0.3500000000000001
01-05 21:37:43.510  2331  2445 I RobotCore: SHOOTER RPM1: 1811.506299836641
01-05 21:37:43.510  2331  2445 I RobotCore: SHOOTER RPM2: 1811.506299836641
01-05 21:37:43.520  2331  2445 I RobotCore: SHOOTER power: 0.3500000000000001
01-05 21:37:43.520  2331  2445 I RobotCore: SHOOTER RPM1: 0.0
01-05 21:37:43.520  2331  2445 I RobotCore: SHOOTER RPM2: 0.0
01-05 21:37:43.531  2331  2445 I RobotCore: SHOOTER power: 0.3500000000000001
01-05 21:37:43.531  2331  2445 I RobotCore: SHOOTER RPM1: 3885.79113763315
01-05 21:37:43.531  2331  2445 I RobotCore: SHOOTER RPM2: 4015.3175088875882
01-05 21:37:43.541  2331  2445 I RobotCore: SHOOTER power: 0.3500000000000001
01-05 21:37:43.541  2331  2445 I RobotCore: SHOOTER RPM1: 1032.2019819857323
01-05 21:37:43.541  2331  2445 I RobotCore: SHOOTER RPM2: 903.1767342375158
01-05 21:37:43.552  2331  2445 I RobotCore: SHOOTER power: 0.3500000000000001
01-05 21:37:43.552  2331  2445 I RobotCore: SHOOTER RPM1: 0.0
01-05 21:37:43.552  2331  2445 I RobotCore: SHOOTER RPM2: 0.0
01-05 21:37:43.562  2331  2445 I RobotCore: SHOOTER power: 0.3500000000000001
01-05 21:37:43.562  2331  2445 I RobotCore: SHOOTER RPM1: 2590.2299948876894
01-05 21:37:43.562  2331  2445 I RobotCore: SHOOTER RPM2: 2719.7414946320737
01-05 21:37:43.572  2331  2445 I RobotCore: SHOOTER power: 0.3500000000000001
01-05 21:37:43.573  2331  2445 I RobotCore: SHOOTER RPM1: 1158.4161173101334
01-05 21:37:43.573  2331  2445 I RobotCore: SHOOTER RPM2: 1029.7032153867851
01-05 21:37:43.583  2331  2445 I RobotCore: SHOOTER power: 0.3500000000000001
01-05 21:37:43.583  2331  2445 I RobotCore: SHOOTER RPM1: 1660.3770180289332
01-05 21:37:43.583  2331  2445 I RobotCore: SHOOTER RPM2: 1660.3770180289332
01-05 21:37:43.593  2331  2445 I RobotCore: SHOOTER power: 0.3500000000000001
01-05 21:37:43.593  2331  2445 I RobotCore: SHOOTER RPM1: 1043.3624839247186
01-05 21:37:43.593  2331  2445 I RobotCore: SHOOTER RPM2: 1173.7827944153084
01-05 21:37:43.604  2331  2445 I RobotCore: SHOOTER power: 0.3500000000000001
01-05 21:37:43.604  2331  2445 I RobotCore: SHOOTER RPM1: 2321.4616886456256
01-05 21:37:43.604  2331  2445 I RobotCore: SHOOTER RPM2: 2321.4616886456256
01-05 21:37:43.614  2331  2445 I RobotCore: SHOOTER power: 0.3500000000000001
01-05 21:37:43.614  2331  2445 I RobotCore: SHOOTER RPM1: 1047.5274161559646
01-05 21:37:43.614  2331  2445 I RobotCore: SHOOTER RPM2: 916.586489136469
01-05 21:37:43.625  2331  2445 I RobotCore: SHOOTER power: 0.3500000000000001
01-05 21:37:43.625  2331  2445 I RobotCore: SHOOTER RPM1: 1047.3583419236575
01-05 21:37:43.625  2331  2445 I RobotCore: SHOOTER RPM2: 1178.2781346641145
01-05 21:37:43.635  2331  2445 I RobotCore: SHOOTER power: 0.3500000000000001
01-05 21:37:43.635  2331  2445 I RobotCore: SHOOTER RPM1: 0.0
01-05 21:37:43.635  2331  2445 I RobotCore: SHOOTER RPM2: 0.0
01-05 21:37:43.645  2331  2445 I RobotCore: SHOOTER power: 0.3500000000000001
01-05 21:37:43.645  2331  2445 I RobotCore: SHOOTER RPM1: 2615.980338501054
01-05 21:37:43.645  2331  2445 I RobotCore: SHOOTER RPM2: 2485.1813215760017
01-05 21:37:43.656  2331  2445 I RobotCore: SHOOTER power: 0.3500000000000001
01-05 21:37:43.656  2331  2445 I RobotCore: SHOOTER RPM1: 2092.288310958232
01-05 21:37:43.656  2331  2445 I RobotCore: SHOOTER RPM2: 2092.288310958232
01-05 21:37:43.666  2331  2445 I RobotCore: SHOOTER power: 0.3500000000000001
01-05 21:37:43.666  2331  2445 I RobotCore: SHOOTER RPM1: 1697.9990285721435
01-05 21:37:43.666  2331  2445 I RobotCore: SHOOTER RPM2: 1697.9990285721435
01-05 21:37:43.676  2331  2445 I RobotCore: SHOOTER power: 0.3500000000000001
01-05 21:37:43.676  2331  2445 I RobotCore: SHOOTER RPM1: 1046.5450930116951
01-05 21:37:43.676  2331  2445 I RobotCore: SHOOTER RPM2: 1046.5450930116951
01-05 21:37:43.686  2331  2445 I RobotCore: SHOOTER power: 0.3500000000000001
01-05 21:37:43.687  2331  2445 I RobotCore: SHOOTER RPM1: 1310.493950410023
01-05 21:37:43.687  2331  2445 I RobotCore: SHOOTER RPM2: 1310.493950410023
01-05 21:37:43.697  2331  2445 I RobotCore: SHOOTER power: 0.3500000000000001
01-05 21:37:43.697  2331  2445 I RobotCore: SHOOTER RPM1: 1407.192591166827
01-05 21:37:43.697  2331  2445 I RobotCore: SHOOTER RPM2: 1407.192591166827
01-05 21:37:43.707  2331  2445 I RobotCore: SHOOTER power: 0.3500000000000001
01-05 21:37:43.708  2331  2445 I RobotCore: SHOOTER RPM1: 1424.5555030044227
01-05 21:37:43.708  2331  2445 I RobotCore: SHOOTER RPM2: 1424.5555030044227
01-05 21:37:43.718  2331  2445 I RobotCore: SHOOTER power: 0.3500000000000001
01-05 21:37:43.718  2331  2445 I RobotCore: SHOOTER RPM1: 517.4622420091735
01-05 21:37:43.718  2331  2445 I RobotCore: SHOOTER RPM2: 517.4622420091735
01-05 21:37:43.728  2331  2445 I RobotCore: SHOOTER power: 0.3500000000000001
01-05 21:37:43.728  2331  2445 I RobotCore: SHOOTER RPM1: 1425.779504179578
01-05 21:37:43.728  2331  2445 I RobotCore: SHOOTER RPM2: 1555.395822741358
01-05 21:37:43.739  2331  2445 I RobotCore: SHOOTER power: 0.3500000000000001
01-05 21:37:43.739  2331  2445 I RobotCore: SHOOTER RPM1: 1431.6225583452765
01-05 21:37:43.739  2331  2445 I RobotCore: SHOOTER RPM2: 1301.4750530411604
01-05 21:37:43.749  2331  2445 I RobotCore: SHOOTER power: 0.3500000000000001
01-05 21:37:43.749  2331  2445 I RobotCore: SHOOTER RPM1: 1799.0798796144156
01-05 21:37:43.749  2331  2445 I RobotCore: SHOOTER RPM2: 1799.0798796144156
01-05 21:37:43.760  2331  2445 I RobotCore: SHOOTER power: 0.3500000000000001
01-05 21:37:43.760  2331  2445 I RobotCore: SHOOTER RPM1: 1418.7839603192026
01-05 21:37:43.760  2331  2445 I RobotCore: SHOOTER RPM2: 1418.7839603192026
01-05 21:37:43.770  2331  2445 I RobotCore: SHOOTER power: 0.3500000000000001
01-05 21:37:43.770  2331  2445 I RobotCore: SHOOTER RPM1: 1548.4338135218422
01-05 21:37:43.770  2331  2445 I RobotCore: SHOOTER RPM2: 1548.4338135218422
01-05 21:37:43.781  2331  2445 I RobotCore: SHOOTER power: 0.3500000000000001
01-05 21:37:43.781  2331  2445 I RobotCore: SHOOTER RPM1: 1165.9586192942932
01-05 21:37:43.781  2331  2445 I RobotCore: SHOOTER RPM2: 1165.9586192942932
01-05 21:37:43.791  2331  2445 I RobotCore: SHOOTER power: 0.3500000000000001
01-05 21:37:43.791  2331  2445 I RobotCore: SHOOTER RPM1: 1289.5215032649537
01-05 21:37:43.791  2331  2445 I RobotCore: SHOOTER RPM2: 1289.5215032649537
01-05 21:37:43.802  2331  2445 I RobotCore: SHOOTER power: 0.3500000000000001
01-05 21:37:43.802  2331  2445 I RobotCore: SHOOTER RPM1: 1805.6261179195556
01-05 21:37:43.802  2331  2445 I RobotCore: SHOOTER RPM2: 1805.6261179195556
01-05 21:37:43.812  2331  2445 I RobotCore: SHOOTER power: 0.3500000000000001
01-05 21:37:43.812  2331  2445 I RobotCore: SHOOTER RPM1: 1552.309452268386
01-05 21:37:43.812  2331  2445 I RobotCore: SHOOTER RPM2: 1552.309452268386
01-05 21:37:43.822  2331  2445 I RobotCore: SHOOTER power: 0.3500000000000001
01-05 21:37:43.823  2331  2445 I RobotCore: SHOOTER RPM1: 0.0
01-05 21:37:43.823  2331  2445 I RobotCore: SHOOTER RPM2: 0.0
01-05 21:37:43.833  2331  2445 I RobotCore: SHOOTER power: 0.3500000000000001
01-05 21:37:43.833  2331  2445 I RobotCore: SHOOTER RPM1: 1553.292888762131
01-05 21:37:43.833  2331  2445 I RobotCore: SHOOTER RPM2: 1553.292888762131
01-05 21:37:43.843  2331  2445 I RobotCore: SHOOTER power: 0.3500000000000001
01-05 21:37:43.843  2331  2445 I RobotCore: SHOOTER RPM1: 2463.1898957357644
01-05 21:37:43.843  2331  2445 I RobotCore: SHOOTER RPM2: 2463.1898957357644
01-05 21:37:43.854  2331  2445 I RobotCore: SHOOTER power: 0.3500000000000001
01-05 21:37:43.854  2331  2445 I RobotCore: SHOOTER RPM1: 1309.3960751308318
01-05 21:37:43.854  2331  2445 I RobotCore: SHOOTER RPM2: 1309.3960751308318
01-05 21:37:43.864  2331  2445 I RobotCore: SHOOTER power: 0.3500000000000001
01-05 21:37:43.864  2331  2445 I RobotCore: SHOOTER RPM1: 1169.6730539237058
01-05 21:37:43.864  2331  2445 I RobotCore: SHOOTER RPM2: 1169.6730539237058
01-05 21:37:43.874  2331  2445 I RobotCore: SHOOTER power: 0.3500000000000001
01-05 21:37:43.875  2331  2445 I RobotCore: SHOOTER RPM1: 1695.0890771135503
01-05 21:37:43.875  2331  2445 I RobotCore: SHOOTER RPM2: 1564.6976096432772
01-05 21:37:43.885  2331  2445 I RobotCore: SHOOTER power: 0.3500000000000001
01-05 21:37:43.885  2331  2445 I RobotCore: SHOOTER RPM1: 1142.6240301435798
01-05 21:37:43.885  2331  2445 I RobotCore: SHOOTER RPM2: 1269.5822557150886
01-05 21:37:43.895  2331  2445 I RobotCore: SHOOTER power: 0.3500000000000001
01-05 21:37:43.896  2331  2445 I RobotCore: SHOOTER RPM1: 1303.0306739597015
01-05 21:37:43.896  2331  2445 I RobotCore: SHOOTER RPM2: 1303.0306739597015
01-05 21:37:43.906  2331  2445 I RobotCore: SHOOTER power: 0.3500000000000001
01-05 21:37:43.906  2331  2445 I RobotCore: SHOOTER RPM1: 1033.1370148297856
01-05 21:37:43.906  2331  2445 I RobotCore: SHOOTER RPM2: 903.9948879760624
01-05 21:37:43.916  2331  2445 I RobotCore: SHOOTER power: 0.3500000000000001
01-05 21:37:43.916  2331  2445 I RobotCore: SHOOTER RPM1: 2226.2656211362014
01-05 21:37:43.916  2331  2445 I RobotCore: SHOOTER RPM2: 2357.2224223795074
01-05 21:37:43.927  2331  2445 I RobotCore: SHOOTER power: 0.3500000000000001
01-05 21:37:43.927  2331  2445 I RobotCore: SHOOTER RPM1: 0.0
01-05 21:37:43.927  2331  2445 I RobotCore: SHOOTER RPM2: 0.0
01-05 21:37:43.937  2331  2445 I RobotCore: SHOOTER power: 0.3500000000000001
01-05 21:37:43.937  2331  2445 I RobotCore: SHOOTER RPM1: 2736.474182125789
01-05 21:37:43.937  2331  2445 I RobotCore: SHOOTER RPM2: 2736.474182125789
01-05 21:37:44.003  2331  2445 I RobotCore: SHOOTER power: 0.3600000000000001
01-05 21:37:44.004  2331  2445 I RobotCore: SHOOTER RPM1: 1403.9859926588308
01-05 21:37:44.004  2331  2445 I RobotCore: SHOOTER RPM2: 1403.9859926588308
01-05 21:37:44.014  2331  2445 I RobotCore: SHOOTER power: 0.3600000000000001
01-05 21:37:44.014  2331  2445 I RobotCore: SHOOTER RPM1: 1427.826655644641
01-05 21:37:44.014  2331  2445 I RobotCore: SHOOTER RPM2: 1427.826655644641
01-05 21:37:44.024  2331  2445 I RobotCore: SHOOTER power: 0.3600000000000001
01-05 21:37:44.024  2331  2445 I RobotCore: SHOOTER RPM1: 0.0
01-05 21:37:44.024  2331  2445 I RobotCore: SHOOTER RPM2: 0.0
01-05 21:37:44.035  2331  2445 I RobotCore: SHOOTER power: 0.3600000000000001
01-05 21:37:44.035  2331  2445 I RobotCore: SHOOTER RPM1: 2222.283667639396
01-05 21:37:44.035  2331  2445 I RobotCore: SHOOTER RPM2: 2222.283667639396
01-05 21:37:44.045  2331  2445 I RobotCore: SHOOTER power: 0.3600000000000001
01-05 21:37:44.045  2331  2445 I RobotCore: SHOOTER RPM1: 1176.0646629831729
01-05 21:37:44.045  2331  2445 I RobotCore: SHOOTER RPM2: 1176.0646629831729
01-05 21:37:44.055  2331  2445 I RobotCore: SHOOTER power: 0.3600000000000001
01-05 21:37:44.055  2331  2445 I RobotCore: SHOOTER RPM1: 1035.1877902208817
01-05 21:37:44.055  2331  2445 I RobotCore: SHOOTER RPM2: 1035.1877902208817
01-05 21:37:44.066  2331  2445 I RobotCore: SHOOTER power: 0.3600000000000001
01-05 21:37:44.066  2331  2445 I RobotCore: SHOOTER RPM1: 1423.2624636523674
01-05 21:37:44.066  2331  2445 I RobotCore: SHOOTER RPM2: 1423.2624636523674
01-05 21:37:44.077  2331  2445 I RobotCore: SHOOTER power: 0.3600000000000001
01-05 21:37:44.077  2331  2445 I RobotCore: SHOOTER RPM1: 1245.772160729524
01-05 21:37:44.077  2331  2445 I RobotCore: SHOOTER RPM2: 1121.1949446565718
01-05 21:37:44.087  2331  2445 I RobotCore: SHOOTER power: 0.3600000000000001
01-05 21:37:44.087  2331  2445 I RobotCore: SHOOTER RPM1: 1301.1943431262964
01-05 21:37:44.087  2331  2445 I RobotCore: SHOOTER RPM2: 1301.1943431262964
01-05 21:37:44.097  2331  2445 I RobotCore: SHOOTER power: 0.3600000000000001
01-05 21:37:44.097  2331  2445 I RobotCore: SHOOTER RPM1: 2358.579414515418
01-05 21:37:44.097  2331  2445 I RobotCore: SHOOTER RPM2: 2489.6116042107196
01-05 21:37:44.108  2331  2445 I RobotCore: SHOOTER power: 0.3600000000000001
01-05 21:37:44.108  2331  2445 I RobotCore: SHOOTER RPM1: 1702.0432159456122
01-05 21:37:44.108  2331  2445 I RobotCore: SHOOTER RPM2: 1571.1168147190267
01-05 21:37:44.118  2331  2445 I RobotCore: SHOOTER power: 0.3600000000000001
01-05 21:37:44.118  2331  2445 I RobotCore: SHOOTER RPM1: 523.5100771671915
01-05 21:37:44.118  2331  2445 I RobotCore: SHOOTER RPM2: 654.3875964589894
01-05 21:37:44.128  2331  2445 I RobotCore: SHOOTER power: 0.3600000000000001
01-05 21:37:44.128  2331  2445 I RobotCore: SHOOTER RPM1: 2204.4244541587004
01-05 21:37:44.129  2331  2445 I RobotCore: SHOOTER RPM2: 2074.7524274434827
01-05 21:37:44.139  2331  2445 I RobotCore: SHOOTER power: 0.3600000000000001
01-05 21:37:44.139  2331  2445 I RobotCore: SHOOTER RPM1: 1156.1277482418682
01-05 21:37:44.139  2331  2445 I RobotCore: SHOOTER RPM2: 1156.1277482418682
01-05 21:37:44.149  2331  2445 I RobotCore: SHOOTER power: 0.3600000000000001
01-05 21:37:44.149  2331  2445 I RobotCore: SHOOTER RPM1: 1683.053004499611
01-05 21:37:44.149  2331  2445 I RobotCore: SHOOTER RPM2: 1812.5186202303505
01-05 21:37:44.160  2331  2445 I RobotCore: SHOOTER power: 0.3600000000000001
01-05 21:37:44.160  2331  2445 I RobotCore: SHOOTER RPM1: 518.1365244767746
01-05 21:37:44.160  2331  2445 I RobotCore: SHOOTER RPM2: 388.602393357581
01-05 21:37:44.170  2331  2445 I RobotCore: SHOOTER power: 0.3600000000000001
01-05 21:37:44.170  2331  2445 I RobotCore: SHOOTER RPM1: 1681.2996903920246
01-05 21:37:44.170  2331  2445 I RobotCore: SHOOTER RPM2: 1810.6304358067957
01-05 21:37:44.181  2331  2445 I RobotCore: SHOOTER power: 0.3600000000000001
01-05 21:37:44.181  2331  2445 I RobotCore: SHOOTER RPM1: 2076.1844571340034
01-05 21:37:44.181  2331  2445 I RobotCore: SHOOTER RPM2: 2076.1844571340034
01-05 21:37:44.191  2331  2445 I RobotCore: SHOOTER power: 0.3600000000000001
01-05 21:37:44.191  2331  2445 I RobotCore: SHOOTER RPM1: 906.6891178780901
01-05 21:37:44.191  2331  2445 I RobotCore: SHOOTER RPM2: 906.6891178780901
01-05 21:37:44.201  2331  2445 I RobotCore: SHOOTER power: 0.3600000000000001
01-05 21:37:44.201  2331  2445 I RobotCore: SHOOTER RPM1: 0.0
01-05 21:37:44.201  2331  2445 I RobotCore: SHOOTER RPM2: 0.0
01-05 21:37:44.212  2331  2445 I RobotCore: SHOOTER power: 0.3600000000000001
01-05 21:37:44.212  2331  2445 I RobotCore: SHOOTER RPM1: 3020.6661660013187
01-05 21:37:44.212  2331  2445 I RobotCore: SHOOTER RPM2: 3020.6661660013187
01-05 21:37:44.222  2331  2445 I RobotCore: SHOOTER power: 0.3600000000000001
01-05 21:37:44.222  2331  2445 I RobotCore: SHOOTER RPM1: 1169.245406664241
01-05 21:37:44.222  2331  2445 I RobotCore: SHOOTER RPM2: 1169.245406664241
01-05 21:37:44.233  2331  2445 I RobotCore: SHOOTER power: 0.3600000000000001
01-05 21:37:44.233  2331  2445 I RobotCore: SHOOTER RPM1: 1035.1102808434043
01-05 21:37:44.233  2331  2445 I RobotCore: SHOOTER RPM2: 1035.1102808434043
01-05 21:37:44.243  2331  2445 I RobotCore: SHOOTER power: 0.3600000000000001
01-05 21:37:44.243  2331  2445 I RobotCore: SHOOTER RPM1: 1406.7002755667013
01-05 21:37:44.243  2331  2445 I RobotCore: SHOOTER RPM2: 1406.7002755667013
01-05 21:37:44.254  2331  2445 I RobotCore: SHOOTER power: 0.3600000000000001
01-05 21:37:44.254  2331  2445 I RobotCore: SHOOTER RPM1: 2190.357683167766
01-05 21:37:44.254  2331  2445 I RobotCore: SHOOTER RPM2: 2190.357683167766
01-05 21:37:44.264  2331  2445 I RobotCore: SHOOTER power: 0.3600000000000001
01-05 21:37:44.264  2331  2445 I RobotCore: SHOOTER RPM1: 1048.2786597439706
01-05 21:37:44.264  2331  2445 I RobotCore: SHOOTER RPM2: 1048.2786597439706
01-05 21:37:44.274  2331  2445 I RobotCore: SHOOTER power: 0.3600000000000001
01-05 21:37:44.274  2331  2445 I RobotCore: SHOOTER RPM1: 775.9999199995816
01-05 21:37:44.274  2331  2445 I RobotCore: SHOOTER RPM2: 775.9999199995816
01-05 21:37:44.285  2331  2445 I RobotCore: SHOOTER power: 0.3600000000000001
01-05 21:37:44.285  2331  2445 I RobotCore: SHOOTER RPM1: 2056.2238637240102
01-05 21:37:44.285  2331  2445 I RobotCore: SHOOTER RPM2: 2056.2238637240102
01-05 21:37:44.295  2331  2445 I RobotCore: SHOOTER power: 0.3600000000000001
01-05 21:37:44.295  2331  2445 I RobotCore: SHOOTER RPM1: 899.9946491460988
01-05 21:37:44.295  2331  2445 I RobotCore: SHOOTER RPM2: 899.9946491460988
01-05 21:37:44.306  2331  2445 I RobotCore: SHOOTER power: 0.3600000000000001
01-05 21:37:44.306  2331  2445 I RobotCore: SHOOTER RPM1: 2054.870197124597
01-05 21:37:44.306  2331  2445 I RobotCore: SHOOTER RPM2: 2054.870197124597
01-05 21:37:44.316  2331  2445 I RobotCore: SHOOTER power: 0.3600000000000001
01-05 21:37:44.316  2331  2445 I RobotCore: SHOOTER RPM1: 0.0
01-05 21:37:44.316  2331  2445 I RobotCore: SHOOTER RPM2: 0.0
01-05 21:37:44.327  2331  2445 I RobotCore: SHOOTER power: 0.3600000000000001
01-05 21:37:44.327  2331  2445 I RobotCore: SHOOTER RPM1: 1559.6732709090397
01-05 21:37:44.327  2331  2445 I RobotCore: SHOOTER RPM2: 1559.6732709090397
01-05 21:37:44.337  2331  2445 I RobotCore: SHOOTER power: 0.3600000000000001
01-05 21:37:44.337  2331  2445 I RobotCore: SHOOTER RPM1: 2719.809527542509
01-05 21:37:44.337  2331  2445 I RobotCore: SHOOTER RPM2: 2719.809527542509
01-05 21:37:44.348  2331  2445 I RobotCore: SHOOTER power: 0.3600000000000001
01-05 21:37:44.348  2331  2445 I RobotCore: SHOOTER RPM1: 1033.7029598414827
01-05 21:37:44.348  2331  2445 I RobotCore: SHOOTER RPM2: 1033.7029598414827
01-05 21:37:44.358  2331  2445 I RobotCore: SHOOTER power: 0.3600000000000001
01-05 21:37:44.358  2331  2445 I RobotCore: SHOOTER RPM1: 1556.655686216362
01-05 21:37:44.358  2331  2445 I RobotCore: SHOOTER RPM2: 1556.655686216362
01-05 21:37:44.368  2331  2445 I RobotCore: SHOOTER power: 0.3600000000000001
01-05 21:37:44.368  2331  2445 I RobotCore: SHOOTER RPM1: 1552.2087107283048
01-05 21:37:44.369  2331  2445 I RobotCore: SHOOTER RPM2: 1552.2087107283048
01-05 21:37:44.379  2331  2445 I RobotCore: SHOOTER power: 0.3600000000000001
01-05 21:37:44.379  2331  2445 I RobotCore: SHOOTER RPM1: 520.9898745096899
01-05 21:37:44.379  2331  2445 I RobotCore: SHOOTER RPM2: 520.9898745096899
01-05 21:37:44.389  2331  2445 I RobotCore: SHOOTER power: 0.3600000000000001
01-05 21:37:44.389  2331  2445 I RobotCore: SHOOTER RPM1: 1043.6929721104652
01-05 21:37:44.389  2331  2445 I RobotCore: SHOOTER RPM2: 1043.6929721104652
01-05 21:37:44.400  2331  2445 I RobotCore: SHOOTER power: 0.3600000000000001
01-05 21:37:44.400  2331  2445 I RobotCore: SHOOTER RPM1: 2330.67180540092
01-05 21:37:44.400  2331  2445 I RobotCore: SHOOTER RPM2: 2330.67180540092
01-05 21:37:44.410  2331  2445 I RobotCore: SHOOTER power: 0.3600000000000001
01-05 21:37:44.410  2331  2445 I RobotCore: SHOOTER RPM1: 1159.1061299106163
01-05 21:37:44.410  2331  2445 I RobotCore: SHOOTER RPM2: 1287.8956999006848
01-05 21:37:44.420  2331  2445 I RobotCore: SHOOTER power: 0.3600000000000001
01-05 21:37:44.420  2331  2445 I RobotCore: SHOOTER RPM1: 1310.2490991605061
01-05 21:37:44.420  2331  2445 I RobotCore: SHOOTER RPM2: 1179.2241892444556
01-05 21:37:44.431  2331  2445 I RobotCore: SHOOTER power: 0.3600000000000001
01-05 21:37:44.431  2331  2445 I RobotCore: SHOOTER RPM1: 1178.992019096485
01-05 21:37:44.431  2331  2445 I RobotCore: SHOOTER RPM2: 1178.992019096485
01-05 21:37:44.441  2331  2445 I RobotCore: SHOOTER power: 0.3600000000000001
01-05 21:37:44.441  2331  2445 I RobotCore: SHOOTER RPM1: 1046.4184692859828
01-05 21:37:44.441  2331  2445 I RobotCore: SHOOTER RPM2: 1046.4184692859828
01-05 21:37:44.452  2331  2445 I RobotCore: SHOOTER power: 0.3600000000000001
01-05 21:37:44.452  2331  2445 I RobotCore: SHOOTER RPM1: 2166.2822781411433
01-05 21:37:44.452  2331  2445 I RobotCore: SHOOTER RPM2: 2166.2822781411433
01-05 21:37:44.462  2331  2445 I RobotCore: SHOOTER power: 0.3600000000000001
01-05 21:37:44.462  2331  2445 I RobotCore: SHOOTER RPM1: 1166.8790529161524
01-05 21:37:44.462  2331  2445 I RobotCore: SHOOTER RPM2: 1166.8790529161524
01-05 21:37:44.472  2331  2445 I RobotCore: SHOOTER power: 0.3600000000000001
01-05 21:37:44.472  2331  2445 I RobotCore: SHOOTER RPM1: 1310.2292812670719
01-05 21:37:44.472  2331  2445 I RobotCore: SHOOTER RPM2: 1310.2292812670719
01-05 21:37:44.485  2331  2445 I RobotCore: SHOOTER power: 0.3600000000000001
01-05 21:37:44.485  2331  2445 I RobotCore: SHOOTER RPM1: 1387.2498561480593
01-05 21:37:44.485  2331  2445 I RobotCore: SHOOTER RPM2: 1387.2498561480593
01-05 21:37:44.495  2331  2445 I RobotCore: SHOOTER power: 0.3600000000000001
01-05 21:37:44.495  2331  2445 I RobotCore: SHOOTER RPM1: 1175.0999393773775
01-05 21:37:44.496  2331  2445 I RobotCore: SHOOTER RPM2: 1305.6665993081974
01-05 21:37:44.506  2331  2445 I RobotCore: SHOOTER power: 0.3600000000000001
01-05 21:37:44.506  2331  2445 I RobotCore: SHOOTER RPM1: 2191.9031417702995
01-05 21:37:44.506  2331  2445 I RobotCore: SHOOTER RPM2: 2062.9676628426346
01-05 21:37:44.516  2331  2445 I RobotCore: SHOOTER power: 0.3600000000000001
01-05 21:37:44.516  2331  2445 I RobotCore: SHOOTER RPM1: 391.25307734239186
01-05 21:37:44.516  2331  2445 I RobotCore: SHOOTER RPM2: 391.25307734239186
01-05 21:37:44.527  2331  2445 I RobotCore: SHOOTER power: 0.3600000000000001
01-05 21:37:44.527  2331  2445 I RobotCore: SHOOTER RPM1: 1688.6056460457385
01-05 21:37:44.527  2331  2445 I RobotCore: SHOOTER RPM2: 1688.6056460457385
01-05 21:37:44.537  2331  2445 I RobotCore: SHOOTER power: 0.3600000000000001
01-05 21:37:44.537  2331  2445 I RobotCore: SHOOTER RPM1: 1832.294675283617
01-05 21:37:44.537  2331  2445 I RobotCore: SHOOTER RPM2: 1832.294675283617
01-05 21:37:44.547  2331  2445 I RobotCore: SHOOTER power: 0.3600000000000001
01-05 21:37:44.547  2331  2445 I RobotCore: SHOOTER RPM1: 1703.530293444153
01-05 21:37:44.547  2331  2445 I RobotCore: SHOOTER RPM2: 1703.530293444153
01-05 21:37:44.558  2331  2445 I RobotCore: SHOOTER power: 0.3600000000000001
01-05 21:37:44.558  2331  2445 I RobotCore: SHOOTER RPM1: 911.000512872466
01-05 21:37:44.558  2331  2445 I RobotCore: SHOOTER RPM2: 1041.1434432828182
01-05 21:37:44.568  2331  2445 I RobotCore: SHOOTER power: 0.3600000000000001
01-05 21:37:44.568  2331  2445 I RobotCore: SHOOTER RPM1: 883.7476122465139
01-05 21:37:44.568  2331  2445 I RobotCore: SHOOTER RPM2: 757.4979533541547
01-05 21:37:44.579  2331  2445 I RobotCore: SHOOTER power: 0.3600000000000001
01-05 21:37:44.579  2331  2445 I RobotCore: SHOOTER RPM1: 1688.9438051421153
01-05 21:37:44.579  2331  2445 I RobotCore: SHOOTER RPM2: 1688.9438051421153
01-05 21:37:44.590  2331  2445 I RobotCore: SHOOTER power: 0.3600000000000001
01-05 21:37:44.590  2331  2445 I RobotCore: SHOOTER RPM1: 868.9364528151989
01-05 21:37:44.590  2331  2445 I RobotCore: SHOOTER RPM2: 868.9364528151989
01-05 21:37:44.600  2331  2445 I RobotCore: SHOOTER power: 0.3600000000000001
01-05 21:37:44.600  2331  2445 I RobotCore: SHOOTER RPM1: 2450.298019560038
01-05 21:37:44.600  2331  2445 I RobotCore: SHOOTER RPM2: 2579.2610732210924
01-05 21:37:44.610  2331  2445 I RobotCore: SHOOTER power: 0.3600000000000001
01-05 21:37:44.610  2331  2445 I RobotCore: SHOOTER RPM1: 1575.569000200948
01-05 21:37:44.611  2331  2445 I RobotCore: SHOOTER RPM2: 1444.2715835175356
01-05 21:37:44.621  2331  2445 I RobotCore: SHOOTER power: 0.3600000000000001
01-05 21:37:44.621  2331  2445 I RobotCore: SHOOTER RPM1: 1294.5399479208652
01-05 21:37:44.621  2331  2445 I RobotCore: SHOOTER RPM2: 1423.9939427129516
01-05 21:37:44.632  2331  2445 I RobotCore: SHOOTER power: 0.3600000000000001
01-05 21:37:44.632  2331  2445 I RobotCore: SHOOTER RPM1: 1379.7432053053224
01-05 21:37:44.632  2331  2445 I RobotCore: SHOOTER RPM2: 1254.3120048230203
01-05 21:37:44.642  2331  2445 I RobotCore: SHOOTER power: 0.3600000000000001
01-05 21:37:44.642  2331  2445 I RobotCore: SHOOTER RPM1: 0.0
01-05 21:37:44.642  2331  2445 I RobotCore: SHOOTER RPM2: 0.0
01-05 21:37:44.653  2331  2445 I RobotCore: SHOOTER power: 0.3600000000000001
01-05 21:37:44.653  2331  2445 I RobotCore: SHOOTER RPM1: 2815.6347405444035
01-05 21:37:44.653  2331  2445 I RobotCore: SHOOTER RPM2: 2815.6347405444035
01-05 21:37:44.663  2331  2445 I RobotCore: SHOOTER power: 0.3600000000000001
01-05 21:37:44.663  2331  2445 I RobotCore: SHOOTER RPM1: 1293.275149505129
01-05 21:37:44.663  2331  2445 I RobotCore: SHOOTER RPM2: 1293.275149505129
01-05 21:37:44.673  2331  2445 I RobotCore: SHOOTER power: 0.3600000000000001
01-05 21:37:44.673  2331  2445 I RobotCore: SHOOTER RPM1: 1568.828958344375
01-05 21:37:44.674  2331  2445 I RobotCore: SHOOTER RPM2: 1568.828958344375
01-05 21:37:44.684  2331  2445 I RobotCore: SHOOTER power: 0.3600000000000001
01-05 21:37:44.684  2331  2445 I RobotCore: SHOOTER RPM1: 1171.985935793735
01-05 21:37:44.684  2331  2445 I RobotCore: SHOOTER RPM2: 1171.985935793735
01-05 21:37:44.694  2331  2445 I RobotCore: SHOOTER power: 0.3600000000000001
01-05 21:37:44.694  2331  2445 I RobotCore: SHOOTER RPM1: 1292.1030018824338
01-05 21:37:44.694  2331  2445 I RobotCore: SHOOTER RPM2: 1292.1030018824338
01-05 21:37:44.705  2331  2445 I RobotCore: SHOOTER power: 0.3600000000000001
01-05 21:37:44.705  2331  2445 I RobotCore: SHOOTER RPM1: 902.9432725888996
01-05 21:37:44.705  2331  2445 I RobotCore: SHOOTER RPM2: 1031.935168673028
01-05 21:37:44.715  2331  2445 I RobotCore: SHOOTER power: 0.3600000000000001
01-05 21:37:44.715  2331  2445 I RobotCore: SHOOTER RPM1: 1154.464378401283
01-05 21:37:44.715  2331  2445 I RobotCore: SHOOTER RPM2: 1026.1905585789182
01-05 21:37:44.726  2331  2445 I RobotCore: SHOOTER power: 0.3600000000000001
01-05 21:37:44.726  2331  2445 I RobotCore: SHOOTER RPM1: 2328.661679218429
01-05 21:37:44.726  2331  2445 I RobotCore: SHOOTER RPM2: 2458.031772508342
01-05 21:37:44.736  2331  2445 I RobotCore: SHOOTER power: 0.3600000000000001
01-05 21:37:44.736  2331  2445 I RobotCore: SHOOTER RPM1: 0.0
01-05 21:37:44.736  2331  2445 I RobotCore: SHOOTER RPM2: 0.0
01-05 21:37:44.747  2331  2445 I RobotCore: SHOOTER power: 0.3600000000000001
01-05 21:37:44.747  2331  2445 I RobotCore: SHOOTER RPM1: 2066.4387276262064
01-05 21:37:44.747  2331  2445 I RobotCore: SHOOTER RPM2: 2066.4387276262064
01-05 21:37:44.757  2331  2445 I RobotCore: SHOOTER power: 0.3600000000000001
01-05 21:37:44.757  2331  2445 I RobotCore: SHOOTER RPM1: 1288.82331493337
01-05 21:37:44.757  2331  2445 I RobotCore: SHOOTER RPM2: 1288.82331493337
01-05 21:37:44.768  2331  2445 I RobotCore: SHOOTER power: 0.3600000000000001
01-05 21:37:44.768  2331  2445 I RobotCore: SHOOTER RPM1: 1815.598970665357
01-05 21:37:44.768  2331  2445 I RobotCore: SHOOTER RPM2: 1815.598970665357
01-05 21:37:44.778  2331  2445 I RobotCore: SHOOTER power: 0.3600000000000001
01-05 21:37:44.778  2331  2445 I RobotCore: SHOOTER RPM1: 1300.5290182696078
01-05 21:37:44.778  2331  2445 I RobotCore: SHOOTER RPM2: 1300.5290182696078
01-05 21:37:44.788  2331  2445 I RobotCore: SHOOTER power: 0.3600000000000001
01-05 21:37:44.788  2331  2445 I RobotCore: SHOOTER RPM1: 1295.296116608981
01-05 21:37:44.788  2331  2445 I RobotCore: SHOOTER RPM2: 1295.296116608981
01-05 21:37:44.799  2331  2445 I RobotCore: SHOOTER power: 0.3600000000000001
01-05 21:37:44.799  2331  2445 I RobotCore: SHOOTER RPM1: 1552.8978181019559
01-05 21:37:44.799  2331  2445 I RobotCore: SHOOTER RPM2: 1552.8978181019559
01-05 21:37:44.809  2331  2445 I RobotCore: SHOOTER power: 0.3600000000000001
01-05 21:37:44.809  2331  2445 I RobotCore: SHOOTER RPM1: 1702.9453855197191
01-05 21:37:44.809  2331  2445 I RobotCore: SHOOTER RPM2: 1702.9453855197191
01-05 21:37:44.819  2331  2445 I RobotCore: SHOOTER power: 0.3600000000000001
01-05 21:37:44.820  2331  2445 I RobotCore: SHOOTER RPM1: 0.0
01-05 21:37:44.820  2331  2445 I RobotCore: SHOOTER RPM2: 0.0
01-05 21:37:44.830  2331  2445 I RobotCore: SHOOTER power: 0.3600000000000001
01-05 21:37:44.830  2331  2445 I RobotCore: SHOOTER RPM1: 1545.3213785554465
01-05 21:37:44.830  2331  2445 I RobotCore: SHOOTER RPM2: 1545.3213785554465
01-05 21:37:44.840  2331  2445 I RobotCore: SHOOTER power: 0.3600000000000001
01-05 21:37:44.840  2331  2445 I RobotCore: SHOOTER RPM1: 1440.2921406874327
01-05 21:37:44.840  2331  2445 I RobotCore: SHOOTER RPM2: 1440.2921406874327
01-05 21:37:44.851  2331  2445 I RobotCore: SHOOTER power: 0.3600000000000001
01-05 21:37:44.851  2331  2445 I RobotCore: SHOOTER RPM1: 2474.6024452838765
01-05 21:37:44.851  2331  2445 I RobotCore: SHOOTER RPM2: 2474.6024452838765
01-05 21:37:44.861  2331  2445 I RobotCore: SHOOTER power: 0.3600000000000001
01-05 21:37:44.861  2331  2445 I RobotCore: SHOOTER RPM1: 1165.7781261226444
01-05 21:37:44.861  2331  2445 I RobotCore: SHOOTER RPM2: 1165.7781261226444
01-05 21:37:44.872  2331  2445 I RobotCore: SHOOTER power: 0.3600000000000001
01-05 21:37:44.872  2331  2445 I RobotCore: SHOOTER RPM1: 1035.1154345594057
01-05 21:37:44.872  2331  2445 I RobotCore: SHOOTER RPM2: 1164.5048638793314
01-05 21:37:44.882  2331  2445 I RobotCore: SHOOTER power: 0.3600000000000001
01-05 21:37:44.882  2331  2445 I RobotCore: SHOOTER RPM1: 1811.6599927873158
01-05 21:37:44.882  2331  2445 I RobotCore: SHOOTER RPM2: 1682.2557075882219
01-05 21:37:44.892  2331  2445 I RobotCore: SHOOTER power: 0.3600000000000001
01-05 21:37:44.892  2331  2445 I RobotCore: SHOOTER RPM1: 1034.883171870559
01-05 21:37:44.893  2331  2445 I RobotCore: SHOOTER RPM2: 1034.883171870559
01-05 21:37:44.903  2331  2445 I RobotCore: SHOOTER power: 0.3600000000000001
01-05 21:37:44.903  2331  2445 I RobotCore: SHOOTER RPM1: 1915.612331943905
01-05 21:37:44.903  2331  2445 I RobotCore: SHOOTER RPM2: 1915.612331943905
01-05 21:37:44.913  2331  2445 I RobotCore: SHOOTER power: 0.3600000000000001
01-05 21:37:44.913  2331  2445 I RobotCore: SHOOTER RPM1: 1047.649029089298
01-05 21:37:44.913  2331  2445 I RobotCore: SHOOTER RPM2: 1178.6051577254602
01-05 21:37:44.924  2331  2445 I RobotCore: SHOOTER power: 0.3600000000000001
01-05 21:37:44.924  2331  2445 I RobotCore: SHOOTER RPM1: 1672.0732684190589
01-05 21:37:44.924  2331  2445 I RobotCore: SHOOTER RPM2: 1543.452247771439
01-05 21:37:44.934  2331  2445 I RobotCore: SHOOTER power: 0.3600000000000001
01-05 21:37:44.934  2331  2445 I RobotCore: SHOOTER RPM1: 1421.638992499231
01-05 21:37:44.934  2331  2445 I RobotCore: SHOOTER RPM2: 1421.638992499231
01-05 21:37:44.945  2331  2445 I RobotCore: SHOOTER power: 0.3600000000000001
01-05 21:37:44.945  2331  2445 I RobotCore: SHOOTER RPM1: 1293.558891404197
01-05 21:37:44.945  2331  2445 I RobotCore: SHOOTER RPM2: 1293.558891404197
01-05 21:37:44.955  2331  2445 I RobotCore: SHOOTER power: 0.3600000000000001
01-05 21:37:44.955  2331  2445 I RobotCore: SHOOTER RPM1: 1289.3805010210283
01-05 21:37:44.955  2331  2445 I RobotCore: SHOOTER RPM2: 1418.318551123131
01-05 21:37:44.966  2331  2445 I RobotCore: SHOOTER power: 0.3600000000000001
01-05 21:37:44.966  2331  2445 I RobotCore: SHOOTER RPM1: 1423.8234470523346
01-05 21:37:44.966  2331  2445 I RobotCore: SHOOTER RPM2: 1294.3849518657587
01-05 21:37:44.976  2331  2445 I RobotCore: SHOOTER power: 0.3600000000000001
01-05 21:37:44.976  2331  2445 I RobotCore: SHOOTER RPM1: 1417.7337708174484
01-05 21:37:44.976  2331  2445 I RobotCore: SHOOTER RPM2: 1417.7337708174484
01-05 21:37:44.987  2331  2445 I RobotCore: SHOOTER power: 0.3600000000000001
01-05 21:37:44.987  2331  2445 I RobotCore: SHOOTER RPM1: 1553.3085112734746
01-05 21:37:44.987  2331  2445 I RobotCore: SHOOTER RPM2: 1682.7508872129306
01-05 21:37:44.997  2331  2445 I RobotCore: SHOOTER power: 0.3600000000000001
01-05 21:37:44.997  2331  2445 I RobotCore: SHOOTER RPM1: 1545.7585732137238
01-05 21:37:44.997  2331  2445 I RobotCore: SHOOTER RPM2: 1416.9453587792468
01-05 21:37:45.007  2331  2445 I RobotCore: SHOOTER power: 0.3600000000000001
01-05 21:37:45.007  2331  2445 I RobotCore: SHOOTER RPM1: 1441.7618795726396
01-05 21:37:45.007  2331  2445 I RobotCore: SHOOTER RPM2: 1441.7618795726396
01-05 21:37:45.018  2331  2445 I RobotCore: SHOOTER power: 0.3600000000000001
01-05 21:37:45.018  2331  2445 I RobotCore: SHOOTER RPM1: 1423.021165525227
01-05 21:37:45.018  2331  2445 I RobotCore: SHOOTER RPM2: 1423.021165525227
01-05 21:37:45.028  2331  2445 I RobotCore: SHOOTER power: 0.3600000000000001
01-05 21:37:45.028  2331  2445 I RobotCore: SHOOTER RPM1: 518.1753662861189
01-05 21:37:45.028  2331  2445 I RobotCore: SHOOTER RPM2: 647.7192078576486
01-05 21:37:45.039  2331  2445 I RobotCore: SHOOTER power: 0.3600000000000001
01-05 21:37:45.039  2331  2445 I RobotCore: SHOOTER RPM1: 1955.1547561297934
01-05 21:37:45.039  2331  2445 I RobotCore: SHOOTER RPM2: 1955.1547561297934
01-05 21:37:45.062  2331  2445 I RobotCore: SHOOTER time: 13951084162
01-05 21:37:45.062  2331  2445 I RobotCore: SHOOTER measurements / sec: 93.25440122737322
01-05 21:37:45.089  2331  2445 V RobotCore: thread: ...terminating 'LinearOpMode main'
01-05 21:37:45.089  2331  2429 I FIRST   : auto-stopping OpMode 'ShooterData'
01-05 21:37:45.089  2331  2429 V RobotCore: waiting for service user linear op mode
01-05 21:37:45.089  2331  2429 V RobotCore: awaitTermination returned, isTerminated=true
01-05 21:37:45.089  2331  2429 V RobotCore: executive service user linear op mode is terminated
01-05 21:37:45.090  2331  2429 V RobotCore: executive service user linear op mode is terminated
01-05 21:37:45.090  2331  2429 I RobotCore: Attempting to switch to op mode $Stop$Robot$
01-05 21:37:45.181  2331  2389 V Robocol : sending CMD_INIT_OP_MODE_RESP(653), attempt: 0
01-05 21:37:45.205  2331  2385 V Robocol : received command: CMD_INIT_OP_MODE_RESP(653) $Stop$Robot$
01-05 21:37:45.208  2331  2385 V Robocol : received command: CMD_RUN_OP_MODE(10587) $Stop$Robot$
01-05 21:37:45.261  2331  2389 V Robocol : sending CMD_RUN_OP_MODE_RESP(659), attempt: 0
01-05 21:37:45.285  2331  2385 V Robocol : received command: CMD_RUN_OP_MODE_RESP(659) $Stop$Robot$
01-05 21:37:59.786  2331  2331 D UsbDeviceConnectionJNI: close
01-05 21:37:59.787  2331  2388 D ProcessRequestThread::: Device has been closed.
01-05 21:37:59.787  2331  2388 W System.err: java.lang.InterruptedException
01-05 21:37:59.787  2331  2388 W System.err: 	at java.util.concurrent.locks.AbstractQueuedSynchronizer.doAcquireSharedInterruptibly(AbstractQueuedSynchronizer.java:972)
01-05 21:37:59.787  2331  2388 W System.err: 	at java.util.concurrent.locks.AbstractQueuedSynchronizer.acquireSharedInterruptibly(AbstractQueuedSynchronizer.java:1278)
01-05 21:37:59.787  2331  2388 W System.err: 	at java.util.concurrent.Semaphore.acquire(Semaphore.java:284)
01-05 21:37:59.787  2331  2388 W System.err: 	at com.ftdi.j2xx.ProcessInCtrl.acquireReadableBuffer(FT_Device.java:2294)
01-05 21:37:59.787  2331  2388 W System.err: 	at com.ftdi.j2xx.ProcessRequestWorker.run(FT_Device.java:2764)
01-05 21:37:59.787  2331  2388 W System.err: 	at java.lang.Thread.run(Thread.java:818)
01-05 21:37:59.788  2331  2387 D BulkIn::: Stop BulkIn thread
01-05 21:37:59.788  2331  2387 W System.err: java.lang.NullPointerException: Attempt to invoke virtual method 'int com.ftdi.j2xx.D2xxManager$DriverParameters.getBufferNumber()' on a null object reference
01-05 21:37:59.788  2331  2387 W System.err: 	at com.ftdi.j2xx.ProcessInCtrl.releaseWritableBuffers(FT_Device.java:2672)
01-05 21:37:59.788  2331  2387 W System.err: 	at com.ftdi.j2xx.BulkInWorker.run(FT_Device.java:2879)
01-05 21:37:59.788  2331  2387 W System.err: 	at java.lang.Thread.run(Thread.java:818)
01-05 21:37:59.796  2331  2331 D UsbDeviceConnectionJNI: close
01-05 21:37:59.797  2331  2409 D ProcessRequestThread::: Device has been closed.
01-05 21:37:59.797  2331  2409 W System.err: java.lang.InterruptedException
01-05 21:37:59.797  2331  2409 W System.err: 	at java.util.concurrent.locks.AbstractQueuedSynchronizer.doAcquireSharedInterruptibly(AbstractQueuedSynchronizer.java:972)
01-05 21:37:59.797  2331  2409 W System.err: 	at java.util.concurrent.locks.AbstractQueuedSynchronizer.acquireSharedInterruptibly(AbstractQueuedSynchronizer.java:1278)
01-05 21:37:59.797  2331  2409 W System.err: 	at java.util.concurrent.Semaphore.acquire(Semaphore.java:284)
01-05 21:37:59.797  2331  2409 W System.err: 	at com.ftdi.j2xx.ProcessInCtrl.acquireReadableBuffer(FT_Device.java:2294)
01-05 21:37:59.797  2331  2409 W System.err: 	at com.ftdi.j2xx.ProcessRequestWorker.run(FT_Device.java:2764)
01-05 21:37:59.797  2331  2409 W System.err: 	at java.lang.Thread.run(Thread.java:818)
01-05 21:37:59.798  2331  2408 D BulkIn::: Stop BulkIn thread
01-05 21:37:59.798  2331  2408 W System.err: java.lang.NullPointerException: Attempt to invoke virtual method 'int com.ftdi.j2xx.D2xxManager$DriverParameters.getBufferNumber()' on a null object reference
01-05 21:37:59.798  2331  2408 W System.err: 	at com.ftdi.j2xx.ProcessInCtrl.releaseWritableBuffers(FT_Device.java:2672)
01-05 21:37:59.798  2331  2408 W System.err: 	at com.ftdi.j2xx.BulkInWorker.run(FT_Device.java:2879)
01-05 21:37:59.798  2331  2408 W System.err: 	at java.lang.Thread.run(Thread.java:818)
01-05 21:37:59.799  2331  2331 D UsbDeviceConnectionJNI: close
01-05 21:37:59.799  2331  2399 D ProcessRequestThread::: Device has been closed.
01-05 21:37:59.799  2331  2399 W System.err: java.lang.InterruptedException
01-05 21:37:59.799  2331  2399 W System.err: 	at java.util.concurrent.locks.AbstractQueuedSynchronizer.doAcquireSharedInterruptibly(AbstractQueuedSynchronizer.java:972)
01-05 21:37:59.800  2331  2399 W System.err: 	at java.util.concurrent.locks.AbstractQueuedSynchronizer.acquireSharedInterruptibly(AbstractQueuedSynchronizer.java:1278)
01-05 21:37:59.800  2331  2399 W System.err: 	at java.util.concurrent.Semaphore.acquire(Semaphore.java:284)
01-05 21:37:59.800  2331  2399 W System.err: 	at com.ftdi.j2xx.ProcessInCtrl.acquireReadableBuffer(FT_Device.java:2294)
01-05 21:37:59.800  2331  2399 W System.err: 	at com.ftdi.j2xx.ProcessRequestWorker.run(FT_Device.java:2764)
01-05 21:37:59.800  2331  2399 W System.err: 	at java.lang.Thread.run(Thread.java:818)
01-05 21:37:59.800  2331  2398 D BulkIn::: Stop BulkIn thread
01-05 21:37:59.800  2331  2398 W System.err: java.lang.NullPointerException: Attempt to invoke virtual method 'int com.ftdi.j2xx.D2xxManager$DriverParameters.getBufferNumber()' on a null object reference
01-05 21:37:59.800  2331  2398 W System.err: 	at com.ftdi.j2xx.ProcessInCtrl.releaseWritableBuffers(FT_Device.java:2672)
01-05 21:37:59.800  2331  2398 W System.err: 	at com.ftdi.j2xx.BulkInWorker.run(FT_Device.java:2879)
01-05 21:37:59.800  2331  2398 W System.err: 	at java.lang.Thread.run(Thread.java:818)
01-05 21:37:59.802  2331  2331 D UsbDeviceConnectionJNI: close
01-05 21:37:59.802  2331  2416 D ProcessRequestThread::: Device has been closed.
01-05 21:37:59.802  2331  2416 W System.err: java.lang.InterruptedException
01-05 21:37:59.802  2331  2416 W System.err: 	at java.util.concurrent.locks.AbstractQueuedSynchronizer.doAcquireSharedInterruptibly(AbstractQueuedSynchronizer.java:972)
01-05 21:37:59.802  2331  2428 W RobotCore: could not write to Modern Robotics USB DC Motor Controller [AL00VBIF]: FTDI Null Pointer Exception
01-05 21:37:59.802  2331  2416 W System.err: 	at java.util.concurrent.locks.AbstractQueuedSynchronizer.acquireSharedInterruptibly(AbstractQueuedSynchronizer.java:1278)
01-05 21:37:59.802  2331  2428 E RobotCore: java.lang.NullPointerException: Attempt to invoke interface method 'void java.util.concurrent.locks.Lock.unlock()' on a null object reference
01-05 21:37:59.802  2331  2416 W System.err: 	at java.util.concurrent.Semaphore.acquire(Semaphore.java:284)
01-05 21:37:59.802  2331  2416 W System.err: 	at com.ftdi.j2xx.ProcessInCtrl.acquireReadableBuffer(FT_Device.java:2294)
01-05 21:37:59.802  2331  2416 W System.err: 	at com.ftdi.j2xx.ProcessRequestWorker.run(FT_Device.java:2764)
01-05 21:37:59.802  2331  2416 W System.err: 	at java.lang.Thread.run(Thread.java:818)
01-05 21:37:59.802  2331  2428 E RobotCore: com.ftdi.j2xx.ProcessInCtrl.readBulkInData(FT_Device.java:2520)
01-05 21:37:59.802  2331  2428 E RobotCore: com.ftdi.j2xx.FT_Device.read(FT_Device.java:666)
01-05 21:37:59.802  2331  2428 E RobotCore: com.qualcomm.robotcore.hardware.usb.ftdi.RobotUsbDeviceFtdi.read(RobotUsbDeviceFtdi.java:199)
01-05 21:37:59.802  2331  2428 E RobotCore: com.qualcomm.robotcore.hardware.usb.ftdi.RobotUsbDeviceFtdi.read(RobotUsbDeviceFtdi.java:176)
01-05 21:37:59.803  2331  2428 E RobotCore: com.qualcomm.modernrobotics.ReadWriteRunnableUsbHandler.a(SourceFile:77)
01-05 21:37:59.803  2331  2428 E RobotCore: com.qualcomm.modernrobotics.ReadWriteRunnableUsbHandler.read(SourceFile:66)
01-05 21:37:59.803  2331  2428 E RobotCore: com.qualcomm.hardware.modernrobotics.ReadWriteRunnableStandard$1.run(ReadWriteRunnableStandard.java:343)
01-05 21:37:59.803  2331  2428 E RobotCore: com.qualcomm.robotcore.util.ThreadPool.logThreadLifeCycle(ThreadPool.java:513)
01-05 21:37:59.803  2331  2428 E RobotCore: com.qualcomm.hardware.modernrobotics.ReadWriteRunnableStandard.run(ReadWriteRunnableStandard.java:302)
01-05 21:37:59.803  2331  2428 E RobotCore: java.util.concurrent.ThreadPoolExecutor.runWorker(ThreadPoolExecutor.java:1113)
01-05 21:37:59.803  2331  2428 E RobotCore: java.util.concurrent.ThreadPoolExecutor$Worker.run(ThreadPoolExecutor.java:588)
01-05 21:37:59.803  2331  2428 E RobotCore: java.lang.Thread.run(Thread.java:818)
01-05 21:37:59.803  2331  2415 D BulkIn::: Stop BulkIn thread
01-05 21:37:59.803  2331  2428 V RobotCore: thread: ...terminating 'r/w loop: Modern Robotics USB DC Motor Controller [AL00VBIF]'
01-05 21:37:59.803  2331  2415 W System.err: java.lang.NullPointerException: Attempt to invoke virtual method 'int com.ftdi.j2xx.D2xxManager$DriverParameters.getBufferNumber()' on a null object reference
01-05 21:37:59.803  2331  2415 W System.err: 	at com.ftdi.j2xx.ProcessInCtrl.releaseWritableBuffers(FT_Device.java:2672)
01-05 21:37:59.803  2331  2415 W System.err: 	at com.ftdi.j2xx.BulkInWorker.run(FT_Device.java:2879)
01-05 21:37:59.803  2331  2415 W System.err: 	at java.lang.Thread.run(Thread.java:818)
01-05 21:37:59.804  2331  2407 E FTDI_Device::: UsbConnection.requestWait() == null
01-05 21:37:59.805  2331  2385 D RobotCore: system telemetry: key=$System$Warning$ msg="problem communicating with Modern Robotics USB DC Motor Controller [AL00VBIF]"
01-05 21:37:59.805  2331  2404 W RobotCore: error: closed: FT_Device.read()=-1
01-05 21:37:59.805  2331  2395 W RobotCore: error: closed: FT_Device.read()=-1
01-05 21:37:59.805  2331  2404 V RobotCore: thread: ...terminating 'r/w loop: Modern Robotics USB Core Device Interface Module [AL00VFK6]'
01-05 21:37:59.805  2331  2395 V RobotCore: thread: ...terminating 'r/w loop: Modern Robotics USB Servo Controller [AL00VSDY]'
01-05 21:37:59.805  2331  2410 W RobotCore: error: closed: FT_Device.read()=-1
01-05 21:37:59.806  2331  2410 V RobotCore: thread: ...terminating 'r/w loop: Modern Robotics USB DC Motor Controller [AL00VWH0]'
01-05 21:37:59.815  2331  2412 D ProcessRequestThread::: Device has been closed.
01-05 21:37:59.815  2331  2412 W System.err: java.lang.InterruptedException
01-05 21:37:59.816  2331  2412 W System.err: 	at java.util.concurrent.locks.AbstractQueuedSynchronizer.doAcquireSharedInterruptibly(AbstractQueuedSynchronizer.java:972)
01-05 21:37:59.816  2331  2412 W System.err: 	at java.util.concurrent.locks.AbstractQueuedSynchronizer.acquireSharedInterruptibly(AbstractQueuedSynchronizer.java:1278)
01-05 21:37:59.816  2331  2412 W System.err: 	at java.util.concurrent.Semaphore.acquire(Semaphore.java:284)
01-05 21:37:59.816  2331  2412 W System.err: 	at com.ftdi.j2xx.ProcessInCtrl.acquireReadableBuffer(FT_Device.java:2294)
01-05 21:37:59.816  2331  2412 W System.err: 	at com.ftdi.j2xx.ProcessRequestWorker.run(FT_Device.java:2764)
01-05 21:37:59.816  2331  2412 W System.err: 	at java.lang.Thread.run(Thread.java:818)
01-05 21:37:59.817  2331  2331 D UsbDeviceConnectionJNI: close
01-05 21:37:59.817  2331  2414 W RobotCore: could not write to Modern Robotics USB DC Motor Controller [AI049QOP]: FTDI Null Pointer Exception
01-05 21:37:59.817  2331  2414 E RobotCore: java.lang.NullPointerException: Attempt to invoke interface method 'void java.util.concurrent.locks.Lock.unlock()' on a null object reference
01-05 21:37:59.817  2331  2414 E RobotCore: com.ftdi.j2xx.ProcessInCtrl.readBulkInData(FT_Device.java:2520)
01-05 21:37:59.817  2331  2414 E RobotCore: com.ftdi.j2xx.FT_Device.read(FT_Device.java:666)
01-05 21:37:59.817  2331  2414 E RobotCore: com.qualcomm.robotcore.hardware.usb.ftdi.RobotUsbDeviceFtdi.read(RobotUsbDeviceFtdi.java:199)
