01-15 23:24:10.801 13565 13614 D OpmodeRegistration: registered {TestOpMode} as {Test}
01-15 23:24:10.802 13565 13614 D OpmodeRegistration: registered {BlueAuto} as {BlueAuto}
01-15 23:24:10.802 13565 13614 D OpmodeRegistration: registered {FinalTeleOp} as {FinalTeleOp}
01-15 23:24:10.803 13565 13614 D OpmodeRegistration: registered {RedAuto} as {RedAuto}
01-15 23:24:10.829 13565 13614 V RobotCore: Creating Modern Robotics USB Servo Controller [AL00VST0]
01-15 23:24:10.841 13565 13617 D Robocol : RobocolDatagramSocket listening addr=/192.168.49.1:20884 cbRec=65520 cbSend=163840 msRecTO=300
01-15 23:24:10.842 13565 13617 V Robocol : RecvLoopRunnable created
01-15 23:24:10.845 13565 13614 D RobotCore: arming modern servo controller Modern Robotics USB Servo Controller [AL00VST0]...
01-15 23:24:10.845 13565 13617 V PeerDiscovery: Starting peer discovery
01-15 23:24:10.846 13565 13619 V RobotCore: thread: 'RecvLoopRunnable.run()' starting...
01-15 23:24:10.846 13565 13617 V RobotCore: Setup complete
01-15 23:24:10.846 13565 13617 V RobotCore: thread: ...terminating 'SetupRunnable.run()'
01-15 23:24:10.848 13565 13614 V D2xx::  : Vendor: 0403, Product: 6001
01-15 23:24:10.858 13565 13614 D UsbDeviceConnectionJNI: close
01-15 23:24:10.858 13565 13614 V D2xx::  : Vendor: 0403, Product: 6001
01-15 23:24:10.869 13565 13614 D UsbDeviceConnectionJNI: close
01-15 23:24:10.869 13565 13614 V D2xx::  : Vendor: 0403, Product: 6001
01-15 23:24:10.880 13565 13614 D UsbDeviceConnectionJNI: close
01-15 23:24:10.880 13565 13614 V D2xx::  : Vendor: 0403, Product: 6001
01-15 23:24:10.889 13565 13614 D UsbDeviceConnectionJNI: close
01-15 23:24:10.889 13565 13614 V D2xx::  : Vendor: 0403, Product: 6001
01-15 23:24:10.899 13565 13614 D UsbDeviceConnectionJNI: close
01-15 23:24:10.899 13565 13614 V D2xx::  : Vendor: 0403, Product: 6001
01-15 23:24:10.909 13565 13614 D UsbDeviceConnectionJNI: close
01-15 23:24:10.910 13565 13614 D FTDI_Device::: open SUCCESS
01-15 23:24:10.910 13565 13614 I FTDI_Device::: EP: 0x81
01-15 23:24:10.911 13565 13614 I FTDI_Device::: EP: 0x02
01-15 23:24:10.911 13565 13614 D D2XX::  : **********************Device Opened**********************
01-15 23:24:10.997 13565 13619 D RobotCore: system telemetry: key=$System$None$ msg=""
01-15 23:24:10.999 13565 13619 V PeerDiscovery: new remote peer discovered: 192.168.49.134
01-15 23:24:10.999 13565 13619 D Robocol : RobocolDatagramSocket connected to /192.168.49.134:20884
01-15 23:24:11.001 13565 13619 V NetworkConnectionHandler: starting sending loop
01-15 23:24:11.001 13565 13619 V Robocol : SendOnceRunnable created
01-15 23:24:11.023 13565 13619 V RobotCore: Network: active, connected
01-15 23:24:11.057 13565 13627 D MediaPlayer: setSubtitleAnchor in MediaPlayer
01-15 23:24:11.058 13565 13565 D MediaPlayer: setSubtitleAnchor in MediaPlayer
01-15 23:24:11.072 13565 13619 V Robocol : received command: CMD_REQUEST_OP_MODE_LIST(10005) 
01-15 23:24:11.082 13565 13623 V Robocol : sending CMD_REQUEST_USER_SENSOR_LIST_RESP(10), attempt: 0
01-15 23:24:11.082 13565 13623 V Robocol : sending CMD_REQUEST_OP_MODE_LIST_RESP(14), attempt: 0
01-15 23:24:11.087 13565 13619 V Robocol : received command: CMD_REQUEST_ACTIVE_CONFIGURATION(10006) 
01-15 23:24:11.096 13565 13625 D ExtendedUtils: extended extractor not needed, return default
01-15 23:24:11.097 13565 13625 I MediaCodec: (0xb7e4f488) init name(audio/raw) isType(1) encoder(0)
01-15 23:24:11.099 13565 13631 I OMXClient: Using client-side OMX mux.
01-15 23:24:11.102 13565 13631 E OMXMaster: A component of name 'OMX.qcom.audio.decoder.aac' already exists, ignoring this one.
01-15 23:24:11.104 13565 13631 I MediaCodec: (0xb7e4f488) Component Allocated (OMX.google.raw.decoder)
01-15 23:24:11.104 13565 13625 I MediaCodec: (0xb7e4f488) configure surface(0x0) crypto(0x0) flags(0)
01-15 23:24:11.104 13565 13625 D MediaCodec: (0xb7e4f488) configure format: AMessage(what = 0x00000000) = {
01-15 23:24:11.104 13565 13625 D MediaCodec:    string mime = "audio/raw"
01-15 23:24:11.104 13565 13625 D MediaCodec:    int64_t durationUs = 485011
01-15 23:24:11.104 13565 13625 D MediaCodec:    int32_t channel-count = 2
01-15 23:24:11.104 13565 13625 D MediaCodec:    int32_t sample-rate = 44100
01-15 23:24:11.104 13565 13625 D MediaCodec:    int32_t channel-mask = 0
01-15 23:24:11.104 13565 13625 D MediaCodec:  }
01-15 23:24:11.105 13565 13625 I MediaCodec: (0xb7e4f488) start
01-15 23:24:11.106 13565 13631 I MediaCodec: (0xb7e4f488) input buffers allocated
01-15 23:24:11.106 13565 13631 I MediaCodec: (0xb7e4f488) numBuffers (4)
01-15 23:24:11.106 13565 13631 I MediaCodec: (0xb7e4f488) output buffers allocated
01-15 23:24:11.106 13565 13631 I MediaCodec: (0xb7e4f488) numBuffers (4)
01-15 23:24:11.108 13565 13631 I MediaCodec: (0xb7e4f488) codec output format changed
01-15 23:24:11.108 13565 13631 D MediaCodec: (0xb7e4f488) output format: AMessage(what = 'codc', target = 2) = {
01-15 23:24:11.108 13565 13631 D MediaCodec:    string mime = "audio/raw"
01-15 23:24:11.108 13565 13631 D MediaCodec:    int32_t channel-count = 2
01-15 23:24:11.108 13565 13631 D MediaCodec:    int32_t sample-rate = 44100
01-15 23:24:11.108 13565 13631 D MediaCodec:    int32_t channel-mask = 0
01-15 23:24:11.108 13565 13631 D MediaCodec:    int32_t what = 1869968451
01-15 23:24:11.108 13565 13631 D MediaCodec:  }
01-15 23:24:11.111 13565 13625 I MediaCodec: (0xb7e4f488) stop
01-15 23:24:11.113 13565 13625 I MediaCodec: (0xb7e4f488) release
01-15 23:24:11.117 13565 13627 W AudioTrack: AUDIO_OUTPUT_FLAG_FAST denied by client; transfer 4, track 44100 Hz, output 48000 Hz
01-15 23:24:11.122 13565 13623 V Robocol : sending CMD_REQUEST_USER_SENSOR_LIST_RESP(15), attempt: 0
01-15 23:24:11.122 13565 13623 V Robocol : sending CMD_REQUEST_ACTIVE_CONFIGURATION_RESP(18), attempt: 0
01-15 23:24:11.124 13565 13619 V Robocol : received command: CMD_REQUEST_USER_SENSOR_LIST_RESP(10) [{"description":"a MR compass sensor","flavor":"I2C","name":"MR Compass Sensor","xmlTag":"ModernRoboticsI2cCompassSensor"},{"description":"an Adafruit IMU","flavor":"I2C","name":"Adafruit IMU","xmlTag":"AdafruitBNO055IMU"},{"description":"a MR range sensor","flavor":"I2C","name":"MR Range Sensor","xmlTag":"ModernRoboticsI2cRangeSensor"}]
01-15 23:24:11.148 13565 13619 V Robocol : received command: CMD_REQUEST_OP_MODE_LIST_RESP(14) [{"flavor":"TELEOP","group":"Test","name":"ShooterControl"},{"flavor":"AUTONOMOUS","group":"Test","name":"TestWithData"},{"flavor":"AUTONOMOUS","group":"Test","name":"Test"},{"flavor":"AUTONOMOUS","group":"Competition","name":"BlueAuto"},{"flavor":"TELEOP","group":"Competition","name":"FinalTeleOp"},{"flavor":"AUTONOMOUS","group":"Competition","name":"RedAuto"}]
01-15 23:24:11.149 13565 13619 V Robocol : received command: CMD_REQUEST_USER_SENSOR_LIST_RESP(15) [{"description":"a MR compass sensor","flavor":"I2C","name":"MR Compass Sensor","xmlTag":"ModernRoboticsI2cCompassSensor"},{"description":"an Adafruit IMU","flavor":"I2C","name":"Adafruit IMU","xmlTag":"AdafruitBNO055IMU"},{"description":"a MR range sensor","flavor":"I2C","name":"MR Range Sensor","xmlTag":"ModernRoboticsI2cRangeSensor"}]
01-15 23:24:11.149 13565 13619 V Robocol : received command: CMD_REQUEST_ACTIVE_CONFIGURATION_RESP(18) {"isDirty":false,"location":"LOCAL_STORAGE","name":"FINAL_CONFIG_2017","resourceId":0}
01-15 23:24:11.188 13565 13619 V Robocol : received command: CMD_INIT_OP_MODE(10015) $Stop$Robot$
01-15 23:24:11.352 13565 13614 V RobotCore: Starting up device AL00VST0
01-15 23:24:11.361 13565 13635 V RobotCore: thread: 'r/w loop: Modern Robotics USB Servo Controller [AL00VST0]' starting...
01-15 23:24:11.362 13565 13614 D RobotCore: ...arming modern servo controller Modern Robotics USB Servo Controller [AL00VST0] complete
01-15 23:24:11.362 13565 13614 V RobotCore: Creating Modern Robotics USB Core Device Interface Module [AI02RHDJ]
01-15 23:24:11.371 13565 13614 V D2xx::  : Vendor: 0403, Product: 6001
01-15 23:24:11.373 13565 13614 V D2xx::  : Vendor: 0403, Product: 6001
01-15 23:24:11.374 13565 13614 V D2xx::  : Vendor: 0403, Product: 6001
01-15 23:24:11.375 13565 13614 V D2xx::  : Vendor: 0403, Product: 6001
01-15 23:24:11.376 13565 13614 V D2xx::  : Vendor: 0403, Product: 6001
01-15 23:24:11.378 13565 13614 V D2xx::  : Vendor: 0403, Product: 6001
01-15 23:24:11.380 13565 13614 D FTDI_Device::: open SUCCESS
01-15 23:24:11.380 13565 13614 I FTDI_Device::: EP: 0x81
01-15 23:24:11.380 13565 13614 I FTDI_Device::: EP: 0x02
01-15 23:24:11.380 13565 13614 D D2XX::  : **********************Device Opened**********************
01-15 23:24:11.796 13565 13614 V RobotCore: Starting up device AI02RHDJ
01-15 23:24:11.800 13565 13638 V RobotCore: thread: 'r/w loop: Modern Robotics USB Core Device Interface Module [AI02RHDJ]' starting...
01-15 23:24:11.802 13565 13614 V RobotCore: Creating I2C Device - Port: 2
01-15 23:24:11.802 13565 13614 V RobotCore: Creating Modern Robotics I2C Gyro Sensor - Port: 3
01-15 23:24:11.807 13565 13614 V RobotCore: Creating I2C Device - Port: 4
01-15 23:24:11.807 13565 13614 V RobotCore: Creating Modern Robotics Analog Optical Distance Sensor - Port: 7
01-15 23:24:11.809 13565 13614 V RobotCore: Creating Modern Robotics USB DC Motor Controller [A104OQ1P]
01-15 23:24:11.819 13565 13614 D RobotCore: arming modern motor controller Modern Robotics USB DC Motor Controller [A104OQ1P]...
01-15 23:24:11.821 13565 13614 V D2xx::  : Vendor: 0403, Product: 6001
01-15 23:24:11.822 13565 13614 V D2xx::  : Vendor: 0403, Product: 6001
01-15 23:24:11.823 13565 13614 V D2xx::  : Vendor: 0403, Product: 6001
01-15 23:24:11.824 13565 13614 V D2xx::  : Vendor: 0403, Product: 6001
01-15 23:24:11.826 13565 13614 V D2xx::  : Vendor: 0403, Product: 6001
01-15 23:24:11.827 13565 13614 V D2xx::  : Vendor: 0403, Product: 6001
01-15 23:24:11.828 13565 13614 D FTDI_Device::: open SUCCESS
01-15 23:24:11.829 13565 13614 I FTDI_Device::: EP: 0x81
01-15 23:24:11.829 13565 13614 I FTDI_Device::: EP: 0x02
01-15 23:24:11.829 13565 13614 D D2XX::  : **********************Device Opened**********************
01-15 23:24:12.245 13565 13614 V RobotCore: Starting up device A104OQ1P
01-15 23:24:12.248 13565 13641 V RobotCore: thread: 'r/w loop: Modern Robotics USB DC Motor Controller [A104OQ1P]' starting...
01-15 23:24:12.248 13565 13614 D RobotCore: ...arming modern motor controller Modern Robotics USB DC Motor Controller [A104OQ1P] complete
01-15 23:24:12.286 13565 13614 V RobotCore: Creating Modern Robotics USB DC Motor Controller [AL00VWH0]
01-15 23:24:12.286 13565 13614 D RobotCore: arming modern motor controller Modern Robotics USB DC Motor Controller [AL00VWH0]...
01-15 23:24:12.288 13565 13614 V D2xx::  : Vendor: 0403, Product: 6001
01-15 23:24:12.289 13565 13614 V D2xx::  : Vendor: 0403, Product: 6001
01-15 23:24:12.291 13565 13614 V D2xx::  : Vendor: 0403, Product: 6001
01-15 23:24:12.293 13565 13614 V D2xx::  : Vendor: 0403, Product: 6001
01-15 23:24:12.294 13565 13614 V D2xx::  : Vendor: 0403, Product: 6001
01-15 23:24:12.295 13565 13614 V D2xx::  : Vendor: 0403, Product: 6001
01-15 23:24:12.297 13565 13614 D FTDI_Device::: open SUCCESS
01-15 23:24:12.297 13565 13614 I FTDI_Device::: EP: 0x81
01-15 23:24:12.297 13565 13614 I FTDI_Device::: EP: 0x02
01-15 23:24:12.297 13565 13614 D D2XX::  : **********************Device Opened**********************
01-15 23:24:12.717 13565 13614 V RobotCore: Starting up device AL00VWH0
01-15 23:24:12.719 13565 13644 V RobotCore: thread: 'r/w loop: Modern Robotics USB DC Motor Controller [AL00VWH0]' starting...
01-15 23:24:12.719 13565 13614 D RobotCore: ...arming modern motor controller Modern Robotics USB DC Motor Controller [AL00VWH0] complete
01-15 23:24:12.755 13565 13614 V RobotCore: Creating Modern Robotics USB DC Motor Controller [AI049QOP]
01-15 23:24:12.755 13565 13614 D RobotCore: arming modern motor controller Modern Robotics USB DC Motor Controller [AI049QOP]...
01-15 23:24:12.757 13565 13614 V D2xx::  : Vendor: 0403, Product: 6001
01-15 23:24:12.759 13565 13614 V D2xx::  : Vendor: 0403, Product: 6001
01-15 23:24:12.761 13565 13614 V D2xx::  : Vendor: 0403, Product: 6001
01-15 23:24:12.762 13565 13614 V D2xx::  : Vendor: 0403, Product: 6001
01-15 23:24:12.764 13565 13614 V D2xx::  : Vendor: 0403, Product: 6001
01-15 23:24:12.765 13565 13614 V D2xx::  : Vendor: 0403, Product: 6001
01-15 23:24:12.767 13565 13614 D FTDI_Device::: open SUCCESS
01-15 23:24:12.767 13565 13614 I FTDI_Device::: EP: 0x81
01-15 23:24:12.767 13565 13614 I FTDI_Device::: EP: 0x02
01-15 23:24:12.768 13565 13614 D D2XX::  : **********************Device Opened**********************
01-15 23:24:13.183 13565 13614 V RobotCore: Starting up device AI049QOP
01-15 23:24:13.184 13565 13647 V RobotCore: thread: 'r/w loop: Modern Robotics USB DC Motor Controller [AI049QOP]' starting...
01-15 23:24:13.185 13565 13614 D RobotCore: ...arming modern motor controller Modern Robotics USB DC Motor Controller [AI049QOP] complete
01-15 23:24:13.229 13565 13614 V RobotCore: Creating Modern Robotics USB DC Motor Controller [AL00VBIF]
01-15 23:24:13.229 13565 13614 D RobotCore: arming modern motor controller Modern Robotics USB DC Motor Controller [AL00VBIF]...
01-15 23:24:13.230 13565 13614 V D2xx::  : Vendor: 0403, Product: 6001
01-15 23:24:13.232 13565 13614 V D2xx::  : Vendor: 0403, Product: 6001
01-15 23:24:13.234 13565 13614 V D2xx::  : Vendor: 0403, Product: 6001
01-15 23:24:13.235 13565 13614 V D2xx::  : Vendor: 0403, Product: 6001
01-15 23:24:13.236 13565 13614 V D2xx::  : Vendor: 0403, Product: 6001
01-15 23:24:13.238 13565 13614 V D2xx::  : Vendor: 0403, Product: 6001
01-15 23:24:13.241 13565 13614 D FTDI_Device::: open SUCCESS
01-15 23:24:13.241 13565 13614 I FTDI_Device::: EP: 0x81
01-15 23:24:13.241 13565 13614 I FTDI_Device::: EP: 0x02
01-15 23:24:13.241 13565 13614 D D2XX::  : **********************Device Opened**********************
01-15 23:24:13.661 13565 13614 V RobotCore: Starting up device AL00VBIF
01-15 23:24:13.664 13565 13653 V RobotCore: thread: 'r/w loop: Modern Robotics USB DC Motor Controller [AL00VBIF]' starting...
01-15 23:24:13.665 13565 13614 D RobotCore: ...arming modern motor controller Modern Robotics USB DC Motor Controller [AL00VBIF] complete
01-15 23:24:13.761 13565 13614 I RobotCore: Analytics has completed initialization.
01-15 23:24:13.761 13565 13614 I RobotCore: ========= Device Information ===================================================
01-15 23:24:13.761 13565 13614 I RobotCore: Type                                               Name                           Connection
01-15 23:24:13.762 13565 13614 I RobotCore: I2cDevice                                          colorBack                      USB AI02RHDJ; port 4
01-15 23:24:13.762 13565 13614 I RobotCore: Modern Robotics USB DC Motor Controller v2.0       Shooter                        USB AI049QOP
01-15 23:24:13.763 13565 13614 I RobotCore: DC Motor                                           rightFront                     USB AL00VWH0; port 1
01-15 23:24:13.763 13565 13614 I RobotCore: Modern Robotics USB DC Motor Controller v2.0       Front Motors                   USB AL00VWH0
01-15 23:24:13.763 13565 13614 I RobotCore: Modern Robotics USB DC Motor Controller v2.0       Back Motors                    USB A104OQ1P
01-15 23:24:13.763 13565 13614 I RobotCore: DC Motor                                           leftBack                       USB A104OQ1P; port 2
01-15 23:24:13.763 13565 13614 I RobotCore: Servo                                              upDown                         USB AL00VST0; port 1
01-15 23:24:13.763 13565 13614 I RobotCore: DC Motor                                           shooter2                       USB AI049QOP; port 2
01-15 23:24:13.763 13565 13614 I RobotCore: DC Motor                                           shooter1                       USB AI049QOP; port 1
01-15 23:24:13.763 13565 13614 I RobotCore: DC Motor                                           leftFront                      USB AL00VWH0; port 2
01-15 23:24:13.763 13565 13614 I RobotCore: DC Motor                                           rightBack                      USB A104OQ1P; port 1
01-15 23:24:13.763 13565 13614 I RobotCore: Servo                                              ballFeeder                     USB AL00VST0; port 2
01-15 23:24:13.763 13565 13614 I RobotCore: Modern Robotics USB DC Motor Controller v2.0       Intake                         USB AL00VBIF
01-15 23:24:13.764 13565 13614 I RobotCore: Modern Robotics USB Core Device Interface Module v2.0 Sensors                        USB AI02RHDJ
01-15 23:24:13.764 13565 13614 I RobotCore: I2cDevice                                          colorFront                     USB AI02RHDJ; port 2
01-15 23:24:13.764 13565 13614 I RobotCore: Modern Robotics USB Servo Controller v2.0          Servos                         USB AL00VST0
01-15 23:24:13.764 13565 13614 I RobotCore: DC Motor                                           intake                         USB AL00VBIF; port 1
01-15 23:24:13.764 13565 13614 I RobotCore: Modern Robotics Gyro                               gyro                           USB AI02RHDJ; I2C port: 3
01-15 23:24:13.764 13565 13614 I RobotCore: Modern Robotics Analog Optical Distance Sensor     ods                            USB AI02RHDJ; analog port 7
01-15 23:24:13.764 13565 13614 I FIRST   : ======= INIT FINISH =======
01-15 23:24:13.764 13565 13614 V RobotCore: EventLoopManager state is RUNNING
01-15 23:24:13.764 13565 13614 V RobotCore: Robot Status: running, starting robot
01-15 23:24:13.765 13565 13614 V RobotCore: Robot Status: running
01-15 23:24:13.768 13565 13614 V RobotCore: thread: ...terminating 'RobotSetupRunnable.run()'
01-15 23:24:13.774 13565 13656 V RobotCore: thread: 'opmode loop()' starting...
01-15 23:24:13.785 13565 13565 D MediaPlayer: setSubtitleAnchor in MediaPlayer
01-15 23:24:13.800 13565 13625 D ExtendedUtils: extended extractor not needed, return default
01-15 23:24:13.801 13565 13625 I MediaCodec: (0xb7fd7820) init name(audio/raw) isType(1) encoder(0)
01-15 23:24:13.804 13565 13659 I OMXClient: Using client-side OMX mux.
01-15 23:24:13.849 13565 13659 E OMXMaster: A component of name 'OMX.qcom.audio.decoder.aac' already exists, ignoring this one.
01-15 23:24:13.874 13565 13659 I MediaCodec: (0xb7fd7820) Component Allocated (OMX.google.raw.decoder)
01-15 23:24:13.874 13565 13625 I MediaCodec: (0xb7fd7820) configure surface(0x0) crypto(0x0) flags(0)
01-15 23:24:13.874 13565 13625 D MediaCodec: (0xb7fd7820) configure format: AMessage(what = 0x00000000) = {
01-15 23:24:13.874 13565 13625 D MediaCodec:    string mime = "audio/raw"
01-15 23:24:13.874 13565 13625 D MediaCodec:    int64_t durationUs = 1019125
01-15 23:24:13.874 13565 13625 D MediaCodec:    int32_t channel-count = 1
01-15 23:24:13.874 13565 13625 D MediaCodec:    int32_t sample-rate = 8000
01-15 23:24:13.874 13565 13625 D MediaCodec:    int32_t channel-mask = 0
01-15 23:24:13.874 13565 13625 D MediaCodec:  }
01-15 23:24:13.875 13565 13625 I MediaCodec: (0xb7fd7820) start
01-15 23:24:13.876 13565 13659 I MediaCodec: (0xb7fd7820) input buffers allocated
01-15 23:24:13.876 13565 13659 I MediaCodec: (0xb7fd7820) numBuffers (4)
01-15 23:24:13.876 13565 13659 I MediaCodec: (0xb7fd7820) output buffers allocated
01-15 23:24:13.876 13565 13659 I MediaCodec: (0xb7fd7820) numBuffers (4)
01-15 23:24:13.882 13565 13659 I MediaCodec: (0xb7fd7820) codec output format changed
01-15 23:24:13.882 13565 13659 D MediaCodec: (0xb7fd7820) output format: AMessage(what = 'codc', target = 6) = {
01-15 23:24:13.882 13565 13659 D MediaCodec:    string mime = "audio/raw"
01-15 23:24:13.882 13565 13659 D MediaCodec:    int32_t channel-count = 1
01-15 23:24:13.882 13565 13659 D MediaCodec:    int32_t sample-rate = 8000
01-15 23:24:13.882 13565 13659 D MediaCodec:    int32_t channel-mask = 0
01-15 23:24:13.882 13565 13659 D MediaCodec:    int32_t what = 1869968451
01-15 23:24:13.882 13565 13659 D MediaCodec:  }
01-15 23:24:13.883 13565 13625 I MediaCodec: (0xb7fd7820) stop
01-15 23:24:13.885 13565 13625 I MediaCodec: (0xb7fd7820) release
01-15 23:24:13.918 13565 13627 W AudioTrack: AUDIO_OUTPUT_FLAG_FAST denied by client; transfer 4, track 8000 Hz, output 48000 Hz
01-15 23:24:14.284 13565 13656 I RobotCore: Attempting to switch to op mode $Stop$Robot$
01-15 23:24:14.321 13565 13623 V Robocol : sending CMD_INIT_OP_MODE_RESP(56), attempt: 0
01-15 23:24:14.348 13565 13619 V Robocol : received command: CMD_INIT_OP_MODE_RESP(56) $Stop$Robot$
01-15 23:24:14.539 13565 13656 I RobotCore: robot battery read duration: n=4, mean=0.016ms sd=0.010ms
01-15 23:24:15.565 13565 13619 D Robocol : no packet received: SocketTimeoutException
01-15 23:24:20.322 13565 13619 V Robocol : received command: CMD_INIT_OP_MODE(10117) $Stop$Robot$
01-15 23:24:20.329 13565 13656 I RobotCore: Attempting to switch to op mode $Stop$Robot$
01-15 23:24:20.361 13565 13623 V Robocol : sending CMD_INIT_OP_MODE_RESP(142), attempt: 0
01-15 23:24:20.387 13565 13619 V Robocol : received command: CMD_INIT_OP_MODE_RESP(142) $Stop$Robot$
01-15 23:24:30.991 13565 13619 V Robocol : received command: CMD_INIT_OP_MODE(10252) TestWithData
01-15 23:24:30.993 13565 13656 I RobotCore: Attempting to switch to op mode TestWithData
01-15 23:24:31.060 13565 13667 V RobotCore: thread: 'LinearOpMode main' starting...
01-15 23:24:31.082 13565 13623 V Robocol : sending CMD_INIT_OP_MODE_RESP(291), attempt: 0
01-15 23:24:31.148 13565 13619 V Robocol : received command: CMD_INIT_OP_MODE_RESP(291) TestWithData
01-15 23:24:34.352 13565 13619 V Robocol : received command: CMD_RUN_OP_MODE(10287) TestWithData
01-15 23:24:34.360 13565 13667 I RobotCore: SHOOTER batteryVoltage: 13.420527859237534
01-15 23:24:34.362 13565 13623 V Robocol : sending CMD_RUN_OP_MODE_RESP(328), attempt: 0
01-15 23:24:34.453 13565 13619 V Robocol : received command: CMD_RUN_OP_MODE_RESP(328) TestWithData
01-15 23:24:37.381 13565 13667 I RobotCore: SHOOTER power: 0.18
01-15 23:24:37.381 13565 13667 I RobotCore: SHOOTER RPM1: 779.0054216544198
01-15 23:24:37.381 13565 13667 I RobotCore: SHOOTER RPM2: 1038.6738955392264
01-15 23:24:37.391 13565 13667 I RobotCore: SHOOTER power: 0.18
01-15 23:24:37.391 13565 13667 I RobotCore: SHOOTER RPM1: 910.0419691335242
01-15 23:24:37.391 13565 13667 I RobotCore: SHOOTER RPM2: 910.0419691335242
01-15 23:24:37.401 13565 13667 I RobotCore: SHOOTER power: 0.18
01-15 23:24:37.401 13565 13667 I RobotCore: SHOOTER RPM1: 1438.187407329904
01-15 23:24:37.401 13565 13667 I RobotCore: SHOOTER RPM2: 1699.6760268444323
01-15 23:24:37.412 13565 13667 I RobotCore: SHOOTER power: 0.18
01-15 23:24:37.412 13565 13667 I RobotCore: SHOOTER RPM1: 392.02352555130153
01-15 23:24:37.412 13565 13667 I RobotCore: SHOOTER RPM2: 261.34901703420104
01-15 23:24:37.422 13565 13667 I RobotCore: SHOOTER power: 0.18
01-15 23:24:37.422 13565 13667 I RobotCore: SHOOTER RPM1: 524.1896500436247
01-15 23:24:37.422 13565 13667 I RobotCore: SHOOTER RPM2: 655.2370625545309
01-15 23:24:37.432 13565 13667 I RobotCore: SHOOTER power: 0.18
01-15 23:24:37.432 13565 13667 I RobotCore: SHOOTER RPM1: 1680.0852273634137
01-15 23:24:37.432 13565 13667 I RobotCore: SHOOTER RPM2: 1938.5598777270159
01-15 23:24:37.443 13565 13667 I RobotCore: SHOOTER power: 0.18
01-15 23:24:37.443 13565 13667 I RobotCore: SHOOTER RPM1: 773.6590827308111
01-15 23:24:37.443 13565 13667 I RobotCore: SHOOTER RPM2: 773.6590827308111
01-15 23:24:37.453 13565 13667 I RobotCore: SHOOTER power: 0.18
01-15 23:24:37.453 13565 13667 I RobotCore: SHOOTER RPM1: 1047.887057957457
01-15 23:24:37.453 13565 13667 I RobotCore: SHOOTER RPM2: 1178.872940202139
01-15 23:24:37.464 13565 13667 I RobotCore: SHOOTER power: 0.18
01-15 23:24:37.464 13565 13667 I RobotCore: SHOOTER RPM1: 388.38910762747656
01-15 23:24:37.464 13565 13667 I RobotCore: SHOOTER RPM2: 388.38910762747656
01-15 23:24:37.511 13565 13667 I RobotCore: SHOOTER power: 0.181
01-15 23:24:37.511 13565 13667 I RobotCore: SHOOTER RPM1: 1078.8523991512554
01-15 23:24:37.511 13565 13667 I RobotCore: SHOOTER RPM2: 1192.4158095882296
01-15 23:24:37.522 13565 13667 I RobotCore: SHOOTER power: 0.181
01-15 23:24:37.522 13565 13667 I RobotCore: SHOOTER RPM1: 0.0
01-15 23:24:37.522 13565 13667 I RobotCore: SHOOTER RPM2: 0.0
01-15 23:24:37.532 13565 13667 I RobotCore: SHOOTER power: 0.181
01-15 23:24:37.532 13565 13667 I RobotCore: SHOOTER RPM1: 1051.4594700371417
01-15 23:24:37.532 13565 13667 I RobotCore: SHOOTER RPM2: 1182.8919037917844
01-15 23:24:37.542 13565 13667 I RobotCore: SHOOTER power: 0.181
01-15 23:24:37.542 13565 13667 I RobotCore: SHOOTER RPM1: 787.011886177556
01-15 23:24:37.542 13565 13667 I RobotCore: SHOOTER RPM2: 918.1805338738154
01-15 23:24:37.553 13565 13667 I RobotCore: SHOOTER power: 0.181
01-15 23:24:37.553 13565 13667 I RobotCore: SHOOTER RPM1: 1650.9579247759614
01-15 23:24:37.553 13565 13667 I RobotCore: SHOOTER RPM2: 1777.9546882202662
01-15 23:24:37.563 13565 13667 I RobotCore: SHOOTER power: 0.181
01-15 23:24:37.563 13565 13667 I RobotCore: SHOOTER RPM1: 916.1473376418085
01-15 23:24:37.563 13565 13667 I RobotCore: SHOOTER RPM2: 916.1473376418085
01-15 23:24:37.573 13565 13667 I RobotCore: SHOOTER power: 0.181
01-15 23:24:37.574 13565 13667 I RobotCore: SHOOTER RPM1: 1048.8188876864035
01-15 23:24:37.574 13565 13667 I RobotCore: SHOOTER RPM2: 1179.9212486472038
01-15 23:24:37.584 13565 13667 I RobotCore: SHOOTER power: 0.181
01-15 23:24:37.584 13565 13667 I RobotCore: SHOOTER RPM1: 257.0776372073544
01-15 23:24:37.584 13565 13667 I RobotCore: SHOOTER RPM2: 385.61645581103164
01-15 23:24:37.594 13565 13667 I RobotCore: SHOOTER power: 0.181
01-15 23:24:37.594 13565 13667 I RobotCore: SHOOTER RPM1: 775.2888584796478
01-15 23:24:37.594 13565 13667 I RobotCore: SHOOTER RPM2: 775.2888584796478
01-15 23:24:37.605 13565 13667 I RobotCore: SHOOTER power: 0.181
01-15 23:24:37.605 13565 13667 I RobotCore: SHOOTER RPM1: 1400.6322138034209
01-15 23:24:37.605 13565 13667 I RobotCore: SHOOTER RPM2: 1527.9624150582774
01-15 23:24:37.615 13565 13667 I RobotCore: SHOOTER power: 0.182
01-15 23:24:37.615 13565 13667 I RobotCore: SHOOTER RPM1: 520.6500428245073
01-15 23:24:37.616 13565 13667 I RobotCore: SHOOTER RPM2: 520.6500428245073
01-15 23:24:37.626 13565 13667 I RobotCore: SHOOTER power: 0.182
01-15 23:24:37.626 13565 13667 I RobotCore: SHOOTER RPM1: 1695.8732125528952
01-15 23:24:37.626 13565 13667 I RobotCore: SHOOTER RPM2: 1826.3249981338872
01-15 23:24:37.636 13565 13667 I RobotCore: SHOOTER power: 0.182
01-15 23:24:37.636 13565 13667 I RobotCore: SHOOTER RPM1: 0.0
01-15 23:24:37.636 13565 13667 I RobotCore: SHOOTER RPM2: 0.0
01-15 23:24:37.647 13565 13667 I RobotCore: SHOOTER power: 0.182
01-15 23:24:37.647 13565 13667 I RobotCore: SHOOTER RPM1: 912.7769989689141
01-15 23:24:37.647 13565 13667 I RobotCore: SHOOTER RPM2: 1173.5704272457467
01-15 23:24:37.657 13565 13667 I RobotCore: SHOOTER power: 0.182
01-15 23:24:37.657 13565 13667 I RobotCore: SHOOTER RPM1: 1430.3309771577833
01-15 23:24:37.657 13565 13667 I RobotCore: SHOOTER RPM2: 1560.361065990309
01-15 23:24:37.667 13565 13667 I RobotCore: SHOOTER power: 0.182
01-15 23:24:37.667 13565 13667 I RobotCore: SHOOTER RPM1: 904.9499053344832
01-15 23:24:37.667 13565 13667 I RobotCore: SHOOTER RPM2: 904.9499053344832
01-15 23:24:37.678 13565 13667 I RobotCore: SHOOTER power: 0.182
01-15 23:24:37.678 13565 13667 I RobotCore: SHOOTER RPM1: 777.6939579229929
01-15 23:24:37.678 13565 13667 I RobotCore: SHOOTER RPM2: 907.3096175768251
01-15 23:24:37.688 13565 13667 I RobotCore: SHOOTER power: 0.182
01-15 23:24:37.688 13565 13667 I RobotCore: SHOOTER RPM1: 907.2235578813853
01-15 23:24:37.688 13565 13667 I RobotCore: SHOOTER RPM2: 907.2235578813853
01-15 23:24:37.699 13565 13667 I RobotCore: SHOOTER power: 0.182
01-15 23:24:37.699 13565 13667 I RobotCore: SHOOTER RPM1: 641.2391457097125
01-15 23:24:37.699 13565 13667 I RobotCore: SHOOTER RPM2: 769.486974851655
01-15 23:24:37.709 13565 13667 I RobotCore: SHOOTER power: 0.182
01-15 23:24:37.709 13565 13667 I RobotCore: SHOOTER RPM1: 1299.7538528752934
01-15 23:24:37.709 13565 13667 I RobotCore: SHOOTER RPM2: 1429.7292381628226
01-15 23:24:37.720 13565 13667 I RobotCore: SHOOTER power: 0.183
01-15 23:24:37.720 13565 13667 I RobotCore: SHOOTER RPM1: 648.7102813150558
01-15 23:24:37.720 13565 13667 I RobotCore: SHOOTER RPM2: 778.4523375780669
01-15 23:24:37.731 13565 13667 I RobotCore: SHOOTER power: 0.183
01-15 23:24:37.731 13565 13667 I RobotCore: SHOOTER RPM1: 1219.8662389831898
01-15 23:24:37.731 13565 13667 I RobotCore: SHOOTER RPM2: 1341.8528628815088
01-15 23:24:37.741 13565 13667 I RobotCore: SHOOTER power: 0.183
01-15 23:24:37.741 13565 13667 I RobotCore: SHOOTER RPM1: 914.7353584622845
01-15 23:24:37.741 13565 13667 I RobotCore: SHOOTER RPM2: 914.7353584622845
01-15 23:24:37.751 13565 13667 I RobotCore: SHOOTER power: 0.183
01-15 23:24:37.752 13565 13667 I RobotCore: SHOOTER RPM1: 1297.6412033595766
01-15 23:24:37.752 13565 13667 I RobotCore: SHOOTER RPM2: 1427.4053236955342
01-15 23:24:37.762 13565 13667 I RobotCore: SHOOTER power: 0.183
01-15 23:24:37.762 13565 13667 I RobotCore: SHOOTER RPM1: 912.6943901168904
01-15 23:24:37.762 13565 13667 I RobotCore: SHOOTER RPM2: 912.6943901168904
01-15 23:24:37.772 13565 13667 I RobotCore: SHOOTER power: 0.183
01-15 23:24:37.772 13565 13667 I RobotCore: SHOOTER RPM1: 787.0278522519643
01-15 23:24:37.772 13565 13667 I RobotCore: SHOOTER RPM2: 918.1991609606251
01-15 23:24:37.782 13565 13667 I RobotCore: SHOOTER power: 0.183
01-15 23:24:37.782 13565 13667 I RobotCore: SHOOTER RPM1: 918.4126688635517
01-15 23:24:37.782 13565 13667 I RobotCore: SHOOTER RPM2: 1049.614478701202
01-15 23:24:37.793 13565 13667 I RobotCore: SHOOTER power: 0.183
01-15 23:24:37.793 13565 13667 I RobotCore: SHOOTER RPM1: 776.4295774077048
01-15 23:24:37.793 13565 13667 I RobotCore: SHOOTER RPM2: 905.8345069756555
01-15 23:24:37.803 13565 13667 I RobotCore: SHOOTER power: 0.183
01-15 23:24:37.803 13565 13667 I RobotCore: SHOOTER RPM1: 647.5058060809622
01-15 23:24:37.803 13565 13667 I RobotCore: SHOOTER RPM2: 647.5058060809622
01-15 23:24:37.814 13565 13667 I RobotCore: SHOOTER power: 0.183
01-15 23:24:37.814 13565 13667 I RobotCore: SHOOTER RPM1: 655.8962709597328
01-15 23:24:37.814 13565 13667 I RobotCore: SHOOTER RPM2: 787.0755251516792
01-15 23:24:37.824 13565 13667 I RobotCore: SHOOTER power: 0.184
01-15 23:24:37.824 13565 13667 I RobotCore: SHOOTER RPM1: 896.9633173627564
01-15 23:24:37.824 13565 13667 I RobotCore: SHOOTER RPM2: 896.9633173627564
01-15 23:24:37.835 13565 13667 I RobotCore: SHOOTER power: 0.184
01-15 23:24:37.835 13565 13667 I RobotCore: SHOOTER RPM1: 1547.0490610279837
01-15 23:24:37.835 13565 13667 I RobotCore: SHOOTER RPM2: 1675.969816113649
01-15 23:24:37.845 13565 13667 I RobotCore: SHOOTER power: 0.184
01-15 23:24:37.845 13565 13667 I RobotCore: SHOOTER RPM1: 522.1431402787045
01-15 23:24:37.845 13565 13667 I RobotCore: SHOOTER RPM2: 652.6789253483807
01-15 23:24:37.856 13565 13667 I RobotCore: SHOOTER power: 0.184
01-15 23:24:37.856 13565 13667 I RobotCore: SHOOTER RPM1: 1134.221527256407
01-15 23:24:37.856 13565 13667 I RobotCore: SHOOTER RPM2: 1260.2461413960077
01-15 23:24:37.866 13565 13667 I RobotCore: SHOOTER power: 0.184
01-15 23:24:37.866 13565 13667 I RobotCore: SHOOTER RPM1: 1291.852130233546
01-15 23:24:37.866 13565 13667 I RobotCore: SHOOTER RPM2: 1291.852130233546
01-15 23:24:37.876 13565 13667 I RobotCore: SHOOTER power: 0.184
01-15 23:24:37.877 13565 13667 I RobotCore: SHOOTER RPM1: 655.4687538385889
01-15 23:24:37.877 13565 13667 I RobotCore: SHOOTER RPM2: 655.4687538385889
01-15 23:24:37.887 13565 13667 I RobotCore: SHOOTER power: 0.184
01-15 23:24:37.887 13565 13667 I RobotCore: SHOOTER RPM1: 773.6091091647421
01-15 23:24:37.887 13565 13667 I RobotCore: SHOOTER RPM2: 902.5439606921991
01-15 23:24:37.898 13565 13667 I RobotCore: SHOOTER power: 0.184
01-15 23:24:37.898 13565 13667 I RobotCore: SHOOTER RPM1: 1150.9024993765945
01-15 23:24:37.898 13565 13667 I RobotCore: SHOOTER RPM2: 1278.7805548628828
01-15 23:24:37.908 13565 13667 I RobotCore: SHOOTER power: 0.184
01-15 23:24:37.908 13565 13667 I RobotCore: SHOOTER RPM1: 768.2224772294056
01-15 23:24:37.908 13565 13667 I RobotCore: SHOOTER RPM2: 768.2224772294056
01-15 23:24:37.919 13565 13667 I RobotCore: SHOOTER power: 0.184
01-15 23:24:37.919 13565 13667 I RobotCore: SHOOTER RPM1: 1034.171674431857
01-15 23:24:37.919 13565 13667 I RobotCore: SHOOTER RPM2: 1292.714593039821
01-15 23:24:37.929 13565 13667 I RobotCore: SHOOTER power: 0.185
01-15 23:24:37.929 13565 13667 I RobotCore: SHOOTER RPM1: 1156.8264799740675
01-15 23:24:37.929 13565 13667 I RobotCore: SHOOTER RPM2: 1028.2902044213934
01-15 23:24:37.939 13565 13667 I RobotCore: SHOOTER power: 0.185
01-15 23:24:37.939 13565 13667 I RobotCore: SHOOTER RPM1: 0.0
01-15 23:24:37.939 13565 13667 I RobotCore: SHOOTER RPM2: 0.0
01-15 23:24:37.950 13565 13667 I RobotCore: SHOOTER power: 0.185
01-15 23:24:37.950 13565 13667 I RobotCore: SHOOTER RPM1: 1968.3059646906224
01-15 23:24:37.950 13565 13667 I RobotCore: SHOOTER RPM2: 2361.967157628747
01-15 23:24:37.960 13565 13667 I RobotCore: SHOOTER power: 0.185
01-15 23:24:37.960 13565 13667 I RobotCore: SHOOTER RPM1: 914.3715974404116
01-15 23:24:37.960 13565 13667 I RobotCore: SHOOTER RPM2: 914.3715974404116
01-15 23:24:37.970 13565 13667 I RobotCore: SHOOTER power: 0.185
01-15 23:24:37.970 13565 13667 I RobotCore: SHOOTER RPM1: 911.0233244408261
01-15 23:24:37.970 13565 13667 I RobotCore: SHOOTER RPM2: 911.0233244408261
01-15 23:24:37.981 13565 13667 I RobotCore: SHOOTER power: 0.185
01-15 23:24:37.981 13565 13667 I RobotCore: SHOOTER RPM1: 1045.606678731103
01-15 23:24:37.981 13565 13667 I RobotCore: SHOOTER RPM2: 1176.307513572491
01-15 23:24:37.991 13565 13667 I RobotCore: SHOOTER power: 0.185
01-15 23:24:37.991 13565 13667 I RobotCore: SHOOTER RPM1: 0.0
01-15 23:24:37.991 13565 13667 I RobotCore: SHOOTER RPM2: 0.0
01-15 23:24:38.001 13565 13667 I RobotCore: SHOOTER power: 0.185
01-15 23:24:38.001 13565 13667 I RobotCore: SHOOTER RPM1: 1311.7395709614157
01-15 23:24:38.001 13565 13667 I RobotCore: SHOOTER RPM2: 1442.9135280575572
01-15 23:24:38.012 13565 13667 I RobotCore: SHOOTER power: 0.185
01-15 23:24:38.012 13565 13667 I RobotCore: SHOOTER RPM1: 652.590294024557
01-15 23:24:38.012 13565 13667 I RobotCore: SHOOTER RPM2: 652.590294024557
01-15 23:24:38.022 13565 13667 I RobotCore: SHOOTER power: 0.185
01-15 23:24:38.022 13565 13667 I RobotCore: SHOOTER RPM1: 1149.6672666209556
01-15 23:24:38.022 13565 13667 I RobotCore: SHOOTER RPM2: 1277.4080740232841
01-15 23:24:38.060 13565 13667 I RobotCore: SHOOTER power: 0.186
01-15 23:24:38.060 13565 13667 I RobotCore: SHOOTER RPM1: 1067.505963577586
01-15 23:24:38.060 13565 13667 I RobotCore: SHOOTER RPM2: 1209.8400920545976
01-15 23:24:38.071 13565 13667 I RobotCore: SHOOTER power: 0.186
01-15 23:24:38.071 13565 13667 I RobotCore: SHOOTER RPM1: 0.0
01-15 23:24:38.071 13565 13667 I RobotCore: SHOOTER RPM2: 0.0
01-15 23:24:38.081 13565 13667 I RobotCore: SHOOTER power: 0.186
01-15 23:24:38.081 13565 13667 I RobotCore: SHOOTER RPM1: 1441.1138806233876
01-15 23:24:38.081 13565 13667 I RobotCore: SHOOTER RPM2: 1572.124233407332
01-15 23:24:38.092 13565 13667 I RobotCore: SHOOTER power: 0.186
01-15 23:24:38.092 13565 13667 I RobotCore: SHOOTER RPM1: 1267.8762789591026
01-15 23:24:38.092 13565 13667 I RobotCore: SHOOTER RPM2: 1394.6639068550128
01-15 23:24:38.102 13565 13667 I RobotCore: SHOOTER power: 0.186
01-15 23:24:38.102 13565 13667 I RobotCore: SHOOTER RPM1: 778.3511547683893
01-15 23:24:38.102 13565 13667 I RobotCore: SHOOTER RPM2: 778.3511547683893
01-15 23:24:38.112 13565 13667 I RobotCore: SHOOTER power: 0.186
01-15 23:24:38.113 13565 13667 I RobotCore: SHOOTER RPM1: 652.0457968173342
01-15 23:24:38.113 13565 13667 I RobotCore: SHOOTER RPM2: 652.0457968173342
01-15 23:24:38.123 13565 13667 I RobotCore: SHOOTER power: 0.186
01-15 23:24:38.123 13565 13667 I RobotCore: SHOOTER RPM1: 1039.646789983712
01-15 23:24:38.123 13565 13667 I RobotCore: SHOOTER RPM2: 1169.6026387316763
01-15 23:24:38.133 13565 13667 I RobotCore: SHOOTER power: 0.186
01-15 23:24:38.133 13565 13667 I RobotCore: SHOOTER RPM1: 1028.5908554199734
01-15 23:24:38.133 13565 13667 I RobotCore: SHOOTER RPM2: 1157.16471234747
01-15 23:24:38.144 13565 13667 I RobotCore: SHOOTER power: 0.186
01-15 23:24:38.144 13565 13667 I RobotCore: SHOOTER RPM1: 894.9698928036771
01-15 23:24:38.144 13565 13667 I RobotCore: SHOOTER RPM2: 894.9698928036771
01-15 23:24:38.154 13565 13667 I RobotCore: SHOOTER power: 0.186
01-15 23:24:38.154 13565 13667 I RobotCore: SHOOTER RPM1: 262.0895384615022
01-15 23:24:38.154 13565 13667 I RobotCore: SHOOTER RPM2: 262.0895384615022
01-15 23:24:38.165 13565 13667 I RobotCore: SHOOTER power: 0.187
01-15 23:24:38.165 13565 13667 I RobotCore: SHOOTER RPM1: 1829.6180955816278
01-15 23:24:38.165 13565 13667 I RobotCore: SHOOTER RPM2: 1960.305102408887
01-15 23:24:38.175 13565 13667 I RobotCore: SHOOTER power: 0.187
01-15 23:24:38.175 13565 13667 I RobotCore: SHOOTER RPM1: 390.5777085662506
01-15 23:24:38.175 13565 13667 I RobotCore: SHOOTER RPM2: 520.7702780883341
01-15 23:24:38.185 13565 13667 I RobotCore: SHOOTER power: 0.187
01-15 23:24:38.185 13565 13667 I RobotCore: SHOOTER RPM1: 1423.9939427129516
01-15 23:24:38.185 13565 13667 I RobotCore: SHOOTER RPM2: 1553.4479375050382
01-15 23:24:38.196 13565 13667 I RobotCore: SHOOTER power: 0.187
01-15 23:24:38.196 13565 13667 I RobotCore: SHOOTER RPM1: 766.8979286567537
01-15 23:24:38.196 13565 13667 I RobotCore: SHOOTER RPM2: 894.714250099546
01-15 23:24:38.206 13565 13667 I RobotCore: SHOOTER power: 0.187
01-15 23:24:38.207 13565 13667 I RobotCore: SHOOTER RPM1: 1031.376273733905
01-15 23:24:38.207 13565 13667 I RobotCore: SHOOTER RPM2: 1031.376273733905
01-15 23:24:38.217 13565 13667 I RobotCore: SHOOTER power: 0.187
01-15 23:24:38.217 13565 13667 I RobotCore: SHOOTER RPM1: 776.3598427871318
01-15 23:24:38.217 13565 13667 I RobotCore: SHOOTER RPM2: 905.7531499183204
01-15 23:24:38.227 13565 13667 I RobotCore: SHOOTER power: 0.187
01-15 23:24:38.227 13565 13667 I RobotCore: SHOOTER RPM1: 1036.376464113321
01-15 23:24:38.227 13565 13667 I RobotCore: SHOOTER RPM2: 1165.923522127486
01-15 23:24:38.238 13565 13667 I RobotCore: SHOOTER power: 0.187
01-15 23:24:38.238 13565 13667 I RobotCore: SHOOTER RPM1: 775.5476666214979
01-15 23:24:38.238 13565 13667 I RobotCore: SHOOTER RPM2: 904.8056110584142
01-15 23:24:38.248 13565 13667 I RobotCore: SHOOTER power: 0.187
01-15 23:24:38.248 13565 13667 I RobotCore: SHOOTER RPM1: 0.0
01-15 23:24:38.248 13565 13667 I RobotCore: SHOOTER RPM2: 0.0
01-15 23:24:38.259 13565 13667 I RobotCore: SHOOTER power: 0.187
01-15 23:24:38.259 13565 13667 I RobotCore: SHOOTER RPM1: 2223.8409400540886
01-15 23:24:38.259 13565 13667 I RobotCore: SHOOTER RPM2: 2354.655112998447
01-15 23:24:38.269 13565 13667 I RobotCore: SHOOTER power: 0.188
01-15 23:24:38.269 13565 13667 I RobotCore: SHOOTER RPM1: 1040.9972728890343
01-15 23:24:38.269 13565 13667 I RobotCore: SHOOTER RPM2: 1040.9972728890343
01-15 23:24:38.280 13565 13667 I RobotCore: SHOOTER power: 0.188
01-15 23:24:38.280 13565 13667 I RobotCore: SHOOTER RPM1: 624.2317969419908
01-15 23:24:38.280 13565 13667 I RobotCore: SHOOTER RPM2: 624.2317969419908
01-15 23:24:38.290 13565 13667 I RobotCore: SHOOTER power: 0.188
01-15 23:24:38.290 13565 13667 I RobotCore: SHOOTER RPM1: 785.1265726755879
01-15 23:24:38.290 13565 13667 I RobotCore: SHOOTER RPM2: 915.9810014548526
01-15 23:24:38.300 13565 13667 I RobotCore: SHOOTER power: 0.188
01-15 23:24:38.301 13565 13667 I RobotCore: SHOOTER RPM1: 912.4330113842129
01-15 23:24:38.301 13565 13667 I RobotCore: SHOOTER RPM2: 1042.7805844391005
01-15 23:24:38.311 13565 13667 I RobotCore: SHOOTER power: 0.188
01-15 23:24:38.311 13565 13667 I RobotCore: SHOOTER RPM1: 1311.1959746283578
01-15 23:24:38.311 13565 13667 I RobotCore: SHOOTER RPM2: 1442.3155720911936
01-15 23:24:38.321 13565 13667 I RobotCore: SHOOTER power: 0.188
01-15 23:24:38.321 13565 13667 I RobotCore: SHOOTER RPM1: 765.7737425755843
01-15 23:24:38.321 13565 13667 I RobotCore: SHOOTER RPM2: 893.4026996715149
01-15 23:24:38.332 13565 13667 I RobotCore: SHOOTER power: 0.188
01-15 23:24:38.332 13565 13667 I RobotCore: SHOOTER RPM1: 902.7997036299452
01-15 23:24:38.332 13565 13667 I RobotCore: SHOOTER RPM2: 902.7997036299452
01-15 23:24:38.342 13565 13667 I RobotCore: SHOOTER power: 0.188
01-15 23:24:38.342 13565 13667 I RobotCore: SHOOTER RPM1: 781.2181124669406
01-15 23:24:38.342 13565 13667 I RobotCore: SHOOTER RPM2: 911.4211312114306
01-15 23:24:38.353 13565 13667 I RobotCore: SHOOTER power: 0.188
01-15 23:24:38.353 13565 13667 I RobotCore: SHOOTER RPM1: 1166.1564995446147
01-15 23:24:38.353 13565 13667 I RobotCore: SHOOTER RPM2: 1166.1564995446147
01-15 23:24:38.363 13565 13667 I RobotCore: SHOOTER power: 0.188
01-15 23:24:38.363 13565 13667 I RobotCore: SHOOTER RPM1: 1035.9369184549591
01-15 23:24:38.363 13565 13667 I RobotCore: SHOOTER RPM2: 1165.4290332618289
01-15 23:24:38.374 13565 13667 I RobotCore: SHOOTER power: 0.189
01-15 23:24:38.374 13565 13667 I RobotCore: SHOOTER RPM1: 762.7944272069855
01-15 23:24:38.374 13565 13667 I RobotCore: SHOOTER RPM2: 762.7944272069855
01-15 23:24:38.384 13565 13667 I RobotCore: SHOOTER power: 0.189
01-15 23:24:38.384 13565 13667 I RobotCore: SHOOTER RPM1: 905.2024228141137
01-15 23:24:38.384 13565 13667 I RobotCore: SHOOTER RPM2: 1034.5170546447014
01-15 23:24:38.394 13565 13667 I RobotCore: SHOOTER power: 0.189
01-15 23:24:38.395 13565 13667 I RobotCore: SHOOTER RPM1: 653.6194191019638
01-15 23:24:38.395 13565 13667 I RobotCore: SHOOTER RPM2: 653.6194191019638
01-15 23:24:38.405 13565 13667 I RobotCore: SHOOTER power: 0.189
01-15 23:24:38.405 13565 13667 I RobotCore: SHOOTER RPM1: 1562.671556106226
01-15 23:24:38.405 13565 13667 I RobotCore: SHOOTER RPM2: 1823.1168154572638
01-15 23:24:38.415 13565 13667 I RobotCore: SHOOTER power: 0.189
01-15 23:24:38.416 13565 13667 I RobotCore: SHOOTER RPM1: 894.4277991431024
01-15 23:24:38.416 13565 13667 I RobotCore: SHOOTER RPM2: 1022.2031990206884
01-15 23:24:38.426 13565 13667 I RobotCore: SHOOTER power: 0.189
01-15 23:24:38.426 13565 13667 I RobotCore: SHOOTER RPM1: 771.7452220211449
01-15 23:24:38.426 13565 13667 I RobotCore: SHOOTER RPM2: 771.7452220211449
01-15 23:24:38.436 13565 13667 I RobotCore: SHOOTER power: 0.189
01-15 23:24:38.436 13565 13667 I RobotCore: SHOOTER RPM1: 261.7101753421274
01-15 23:24:38.436 13565 13667 I RobotCore: SHOOTER RPM2: 392.56526301319104
01-15 23:24:38.447 13565 13667 I RobotCore: SHOOTER power: 0.189
01-15 23:24:38.447 13565 13667 I RobotCore: SHOOTER RPM1: 1801.98955195131
01-15 23:24:38.447 13565 13667 I RobotCore: SHOOTER RPM2: 1930.7030913764036
01-15 23:24:38.457 13565 13667 I RobotCore: SHOOTER power: 0.189
01-15 23:24:38.457 13565 13667 I RobotCore: SHOOTER RPM1: 767.1964592962768
01-15 23:24:38.457 13565 13667 I RobotCore: SHOOTER RPM2: 767.1964592962768
01-15 23:24:38.468 13565 13667 I RobotCore: SHOOTER power: 0.189
01-15 23:24:38.468 13565 13667 I RobotCore: SHOOTER RPM1: 765.4913498750248
01-15 23:24:38.468 13565 13667 I RobotCore: SHOOTER RPM2: 765.4913498750248
01-15 23:24:38.514 13565 13667 I RobotCore: SHOOTER power: 0.19
01-15 23:24:38.514 13565 13667 I RobotCore: SHOOTER RPM1: 1051.4766621924603
01-15 23:24:38.514 13565 13667 I RobotCore: SHOOTER RPM2: 1139.0997173751653
01-15 23:24:38.524 13565 13667 I RobotCore: SHOOTER power: 0.19
01-15 23:24:38.525 13565 13667 I RobotCore: SHOOTER RPM1: 393.20576404943137
01-15 23:24:38.525 13565 13667 I RobotCore: SHOOTER RPM2: 524.2743520659085
01-15 23:24:38.535 13565 13667 I RobotCore: SHOOTER power: 0.19
01-15 23:24:38.535 13565 13667 I RobotCore: SHOOTER RPM1: 771.5922431183662
01-15 23:24:38.535 13565 13667 I RobotCore: SHOOTER RPM2: 771.5922431183662
01-15 23:24:38.545 13565 13667 I RobotCore: SHOOTER power: 0.19
01-15 23:24:38.545 13565 13667 I RobotCore: SHOOTER RPM1: 1046.6084163669932
01-15 23:24:38.545 13565 13667 I RobotCore: SHOOTER RPM2: 1177.4344684128673
01-15 23:24:38.556 13565 13667 I RobotCore: SHOOTER power: 0.19
01-15 23:24:38.556 13565 13667 I RobotCore: SHOOTER RPM1: 1031.637678881557
01-15 23:24:38.556 13565 13667 I RobotCore: SHOOTER RPM2: 1031.637678881557
01-15 23:24:38.566 13565 13667 I RobotCore: SHOOTER power: 0.19
01-15 23:24:38.566 13565 13667 I RobotCore: SHOOTER RPM1: 786.2010664099403
01-15 23:24:38.566 13565 13667 I RobotCore: SHOOTER RPM2: 917.2345774782636
01-15 23:24:38.576 13565 13667 I RobotCore: SHOOTER power: 0.19
01-15 23:24:38.577 13565 13667 I RobotCore: SHOOTER RPM1: 1310.235887164938
01-15 23:24:38.577 13565 13667 I RobotCore: SHOOTER RPM2: 1441.2594758814319
01-15 23:24:38.587 13565 13667 I RobotCore: SHOOTER power: 0.19
01-15 23:24:38.587 13565 13667 I RobotCore: SHOOTER RPM1: 1173.0103732357134
01-15 23:24:38.587 13565 13667 I RobotCore: SHOOTER RPM2: 1173.0103732357134
01-15 23:24:38.597 13565 13667 I RobotCore: SHOOTER power: 0.19
01-15 23:24:38.597 13565 13667 I RobotCore: SHOOTER RPM1: 259.24947153550727
01-15 23:24:38.597 13565 13667 I RobotCore: SHOOTER RPM2: 388.8742073032609
01-15 23:24:38.608 13565 13667 I RobotCore: SHOOTER power: 0.19
01-15 23:24:38.608 13565 13667 I RobotCore: SHOOTER RPM1: 1019.391964701963
01-15 23:24:38.608 13565 13667 I RobotCore: SHOOTER RPM2: 1019.391964701963
01-15 23:24:38.618 13565 13667 I RobotCore: SHOOTER power: 0.191
01-15 23:24:38.618 13565 13667 I RobotCore: SHOOTER RPM1: 1430.7182342885078
01-15 23:24:38.618 13565 13667 I RobotCore: SHOOTER RPM2: 1690.8488223409638
01-15 23:24:38.629 13565 13667 I RobotCore: SHOOTER power: 0.191
01-15 23:24:38.629 13565 13667 I RobotCore: SHOOTER RPM1: 907.2553171421647
01-15 23:24:38.629 13565 13667 I RobotCore: SHOOTER RPM2: 1036.8632195910452
01-15 23:24:38.639 13565 13667 I RobotCore: SHOOTER power: 0.191
01-15 23:24:38.639 13565 13667 I RobotCore: SHOOTER RPM1: 916.3969108354394
01-15 23:24:38.639 13565 13667 I RobotCore: SHOOTER RPM2: 785.4830664303767
01-15 23:24:38.650 13565 13667 I RobotCore: SHOOTER power: 0.191
01-15 23:24:38.650 13565 13667 I RobotCore: SHOOTER RPM1: 758.180427527278
01-15 23:24:38.650 13565 13667 I RobotCore: SHOOTER RPM2: 884.5438321151577
01-15 23:24:38.660 13565 13667 I RobotCore: SHOOTER power: 0.191
01-15 23:24:38.660 13565 13667 I RobotCore: SHOOTER RPM1: 649.4702024759727
01-15 23:24:38.660 13565 13667 I RobotCore: SHOOTER RPM2: 779.3642429711672
01-15 23:24:38.670 13565 13667 I RobotCore: SHOOTER power: 0.191
01-15 23:24:38.670 13565 13667 I RobotCore: SHOOTER RPM1: 1572.5451604895168
01-15 23:24:38.670 13565 13667 I RobotCore: SHOOTER RPM2: 1703.5905905303098
01-15 23:24:38.681 13565 13667 I RobotCore: SHOOTER power: 0.191
01-15 23:24:38.681 13565 13667 I RobotCore: SHOOTER RPM1: 0.0
01-15 23:24:38.681 13565 13667 I RobotCore: SHOOTER RPM2: 0.0
01-15 23:24:38.691 13565 13667 I RobotCore: SHOOTER power: 0.191
01-15 23:24:38.691 13565 13667 I RobotCore: SHOOTER RPM1: 906.1869916857344
01-15 23:24:38.691 13565 13667 I RobotCore: SHOOTER RPM2: 906.1869916857344
01-15 23:24:38.702 13565 13667 I RobotCore: SHOOTER power: 0.191
01-15 23:24:38.702 13565 13667 I RobotCore: SHOOTER RPM1: 1942.8181020569032
01-15 23:24:38.702 13565 13667 I RobotCore: SHOOTER RPM2: 2072.3393088606967
01-15 23:24:38.712 13565 13667 I RobotCore: SHOOTER power: 0.191
01-15 23:24:38.712 13565 13667 I RobotCore: SHOOTER RPM1: 651.692040048603
01-15 23:24:38.712 13565 13667 I RobotCore: SHOOTER RPM2: 782.0304480583236
01-15 23:24:38.722 13565 13667 I RobotCore: SHOOTER power: 0.192
01-15 23:24:38.723 13565 13667 I RobotCore: SHOOTER RPM1: 1039.646789983712
01-15 23:24:38.723 13565 13667 I RobotCore: SHOOTER RPM2: 1169.6026387316763
01-15 23:24:38.733 13565 13667 I RobotCore: SHOOTER power: 0.192
01-15 23:24:38.733 13565 13667 I RobotCore: SHOOTER RPM1: 650.8746190177013
01-15 23:24:38.733 13565 13667 I RobotCore: SHOOTER RPM2: 650.8746190177013
01-15 23:24:38.743 13565 13667 I RobotCore: SHOOTER power: 0.192
01-15 23:24:38.743 13565 13667 I RobotCore: SHOOTER RPM1: 1286.643967590859
01-15 23:24:38.743 13565 13667 I RobotCore: SHOOTER RPM2: 1415.308364349945
01-15 23:24:38.754 13565 13667 I RobotCore: SHOOTER power: 0.192
01-15 23:24:38.754 13565 13667 I RobotCore: SHOOTER RPM1: 1046.2338561636805
01-15 23:24:38.754 13565 13667 I RobotCore: SHOOTER RPM2: 1046.2338561636805
01-15 23:24:38.764 13565 13667 I RobotCore: SHOOTER power: 0.192
01-15 23:24:38.764 13565 13667 I RobotCore: SHOOTER RPM1: 388.5849240888341
01-15 23:24:38.764 13565 13667 I RobotCore: SHOOTER RPM2: 388.5849240888341
01-15 23:24:38.774 13565 13667 I RobotCore: SHOOTER power: 0.192
01-15 23:24:38.775 13565 13667 I RobotCore: SHOOTER RPM1: 1308.702693620306
01-15 23:24:38.775 13565 13667 I RobotCore: SHOOTER RPM2: 1439.5729629823365
01-15 23:24:38.785 13565 13667 I RobotCore: SHOOTER power: 0.192
01-15 23:24:38.785 13565 13667 I RobotCore: SHOOTER RPM1: 901.7731302257174
01-15 23:24:38.785 13565 13667 I RobotCore: SHOOTER RPM2: 1030.5978631151056
01-15 23:24:38.795 13565 13667 I RobotCore: SHOOTER power: 0.192
01-15 23:24:38.795 13565 13667 I RobotCore: SHOOTER RPM1: 785.0830124271628
01-15 23:24:38.795 13565 13667 I RobotCore: SHOOTER RPM2: 915.9301811650232
01-15 23:24:38.806 13565 13667 I RobotCore: SHOOTER power: 0.192
01-15 23:24:38.806 13565 13667 I RobotCore: SHOOTER RPM1: 1034.475775017419
01-15 23:24:38.806 13565 13667 I RobotCore: SHOOTER RPM2: 1034.475775017419
01-15 23:24:38.816 13565 13667 I RobotCore: SHOOTER power: 0.192
01-15 23:24:38.816 13565 13667 I RobotCore: SHOOTER RPM1: 1031.9198025363671
01-15 23:24:38.816 13565 13667 I RobotCore: SHOOTER RPM2: 1289.8997531704588
01-15 23:24:38.827 13565 13667 I RobotCore: SHOOTER power: 0.193
01-15 23:24:38.827 13565 13667 I RobotCore: SHOOTER RPM1: 1419.3059120300056
