01-14 23:58:57.244 19559 19559 E ActivityThread: android.app.IntentReceiverLeaked: Activity org.firstinspires.ftc.robotcontroller.internal.FtcRobotControllerActivity has leaked IntentReceiver com.qualcomm.analytics.Analytics@481c447 that was originally registered here. Are you missing a call to unregisterReceiver()?
01-14 23:58:57.244 19559 19559 E ActivityThread: 	at android.app.LoadedApk$ReceiverDispatcher.<init>(LoadedApk.java:918)
01-14 23:58:57.244 19559 19559 E ActivityThread: 	at android.app.LoadedApk.getReceiverDispatcher(LoadedApk.java:719)
01-14 23:58:57.244 19559 19559 E ActivityThread: 	at android.app.ContextImpl.registerReceiverInternal(ContextImpl.java:1172)
01-14 23:58:57.244 19559 19559 E ActivityThread: 	at android.app.ContextImpl.registerReceiver(ContextImpl.java:1152)
01-14 23:58:57.244 19559 19559 E ActivityThread: 	at android.app.ContextImpl.registerReceiver(ContextImpl.java:1146)
01-14 23:58:57.244 19559 19559 E ActivityThread: 	at android.content.ContextWrapper.registerReceiver(ContextWrapper.java:554)
01-14 23:58:57.244 19559 19559 E ActivityThread: 	at com.qualcomm.analytics.Analytics.register(SourceFile:209)
01-14 23:58:57.244 19559 19559 E ActivityThread: 	at com.qualcomm.analytics.Analytics.<init>(SourceFile:235)
01-14 23:58:57.244 19559 19559 E ActivityThread: 	at com.qualcomm.modernrobotics.ModernRoboticsUsbUtil.init(SourceFile:85)
01-14 23:58:57.244 19559 19559 E ActivityThread: 	at com.qualcomm.ftccommon.FtcEventLoop.init(FtcEventLoop.java:191)
01-14 23:58:57.244 19559 19559 E ActivityThread: 	at com.qualcomm.robotcore.eventloop.EventLoopManager.startEventLoop(EventLoopManager.java:571)
01-14 23:58:57.244 19559 19559 E ActivityThread: 	at com.qualcomm.robotcore.eventloop.EventLoopManager.setEventLoop(EventLoopManager.java:545)
01-14 23:58:57.244 19559 19559 E ActivityThread: 	at com.qualcomm.robotcore.eventloop.EventLoopManager.start(EventLoopManager.java:489)
01-14 23:58:57.244 19559 19559 E ActivityThread: 	at com.qualcomm.robotcore.robot.Robot.start(Robot.java:59)
01-14 23:58:57.244 19559 19559 E ActivityThread: 	at com.qualcomm.ftccommon.FtcRobotControllerService$RobotSetupRunnable$1.run(FtcRobotControllerService.java:186)
01-14 23:58:57.244 19559 19559 E ActivityThread: 	at com.qualcomm.robotcore.util.ThreadPool.logThreadLifeCycle(ThreadPool.java:513)
01-14 23:58:57.244 19559 19559 E ActivityThread: 	at com.qualcomm.ftccommon.FtcRobotControllerService$RobotSetupRunnable.run(FtcRobotControllerService.java:128)
01-14 23:58:57.244 19559 19559 E ActivityThread: 	at java.util.concurrent.ThreadPoolExecutor.runWorker(ThreadPoolExecutor.java:1113)
01-14 23:58:57.244 19559 19559 E ActivityThread: 	at java.util.concurrent.ThreadPoolExecutor$Worker.run(ThreadPoolExecutor.java:588)
01-14 23:58:57.244 19559 19559 E ActivityThread: 	at java.lang.Thread.run(Thread.java:818)
01-14 23:58:57.276 19559 19559 E ActivityThread: Service com.qualcomm.ftccommon.FtcRobotControllerService has leaked IntentReceiver com.qualcomm.robotcore.wifi.WifiDirectAssistant$WifiP2pBroadcastReceiver@ab8893d that was originally registered here. Are you missing a call to unregisterReceiver()?
01-14 23:58:57.276 19559 19559 E ActivityThread: android.app.IntentReceiverLeaked: Service com.qualcomm.ftccommon.FtcRobotControllerService has leaked IntentReceiver com.qualcomm.robotcore.wifi.WifiDirectAssistant$WifiP2pBroadcastReceiver@ab8893d that was originally registered here. Are you missing a call to unregisterReceiver()?
01-14 23:58:57.276 19559 19559 E ActivityThread: 	at android.app.LoadedApk$ReceiverDispatcher.<init>(LoadedApk.java:918)
01-14 23:58:57.276 19559 19559 E ActivityThread: 	at android.app.LoadedApk.getReceiverDispatcher(LoadedApk.java:719)
01-14 23:58:57.276 19559 19559 E ActivityThread: 	at android.app.ContextImpl.registerReceiverInternal(ContextImpl.java:1172)
01-14 23:58:57.276 19559 19559 E ActivityThread: 	at android.app.ContextImpl.registerReceiver(ContextImpl.java:1152)
01-14 23:58:57.276 19559 19559 E ActivityThread: 	at android.app.ContextImpl.registerReceiver(ContextImpl.java:1146)
01-14 23:58:57.276 19559 19559 E ActivityThread: 	at com.qualcomm.robotcore.wifi.WifiDirectAssistant.enable(WifiDirectAssistant.java:284)
01-14 23:58:57.276 19559 19559 E ActivityThread: 	at com.qualcomm.ftccommon.FtcRobotControllerService.onBind(FtcRobotControllerService.java:234)
01-14 23:58:57.276 19559 19559 E ActivityThread: 	at android.app.ActivityThread.handleBindService(ActivityThread.java:2922)
01-14 23:58:57.276 19559 19559 E ActivityThread: 	at android.app.ActivityThread.-wrap2(ActivityThread.java)
01-14 23:58:57.276 19559 19559 E ActivityThread: 	at android.app.ActivityThread$H.handleMessage(ActivityThread.java:1442)
01-14 23:58:57.276 19559 19559 E ActivityThread: 	at android.os.Handler.dispatchMessage(Handler.java:102)
01-14 23:58:57.276 19559 19559 E ActivityThread: 	at android.os.Looper.loop(Looper.java:148)
01-14 23:58:57.276 19559 19559 E ActivityThread: 	at android.app.ActivityThread.main(ActivityThread.java:5456)
01-14 23:58:57.276 19559 19559 E ActivityThread: 	at java.lang.reflect.Method.invoke(Native Method)
01-14 23:58:57.276 19559 19559 E ActivityThread: 	at com.android.internal.os.ZygoteInit$MethodAndArgsCaller.run(ZygoteInit.java:728)
01-14 23:58:57.276 19559 19559 E ActivityThread: 	at com.android.internal.os.ZygoteInit.main(ZygoteInit.java:618)
01-15 22:40:26.737  6421  6421 E AndroidRuntime: FATAL EXCEPTION: main
01-15 22:40:26.737  6421  6421 E AndroidRuntime: Process: com.qualcomm.ftcrobotcontroller, PID: 6421
01-15 22:40:26.737  6421  6421 E AndroidRuntime: java.lang.RuntimeException: Unable to stop activity {com.qualcomm.ftcrobotcontroller/org.firstinspires.ftc.robotcontroller.internal.FtcRobotControllerActivity}: java.lang.NullPointerException: Attempt to invoke virtual method 'void com.qualcomm.ftccommon.FtcRobotControllerService.shutdownRobot()' on a null object reference
01-15 22:40:26.737  6421  6421 E AndroidRuntime: 	at android.app.ActivityThread.handleSleeping(ActivityThread.java:3645)
01-15 22:40:26.737  6421  6421 E AndroidRuntime: 	at android.app.ActivityThread.-wrap19(ActivityThread.java)
01-15 22:40:26.737  6421  6421 E AndroidRuntime: 	at android.app.ActivityThread$H.handleMessage(ActivityThread.java:1529)
01-15 22:40:26.737  6421  6421 E AndroidRuntime: 	at android.os.Handler.dispatchMessage(Handler.java:102)
01-15 22:40:26.737  6421  6421 E AndroidRuntime: 	at android.os.Looper.loop(Looper.java:148)
01-15 22:40:26.737  6421  6421 E AndroidRuntime: 	at android.app.ActivityThread.main(ActivityThread.java:5456)
01-15 22:40:26.737  6421  6421 E AndroidRuntime: 	at java.lang.reflect.Method.invoke(Native Method)
01-15 22:40:26.737  6421  6421 E AndroidRuntime: 	at com.android.internal.os.ZygoteInit$MethodAndArgsCaller.run(ZygoteInit.java:728)
01-15 22:40:26.737  6421  6421 E AndroidRuntime: 	at com.android.internal.os.ZygoteInit.main(ZygoteInit.java:618)
01-15 22:40:26.737  6421  6421 E AndroidRuntime: Caused by: java.lang.NullPointerException: Attempt to invoke virtual method 'void com.qualcomm.ftccommon.FtcRobotControllerService.shutdownRobot()' on a null object reference
01-15 22:40:26.737  6421  6421 E AndroidRuntime: 	at org.firstinspires.ftc.robotcontroller.internal.FtcRobotControllerActivity.onStop(FtcRobotControllerActivity.java:319)
01-15 22:40:26.737  6421  6421 E AndroidRuntime: 	at android.app.Instrumentation.callActivityOnStop(Instrumentation.java:1301)
01-15 22:40:26.737  6421  6421 E AndroidRuntime: 	at android.app.Activity.performStop(Activity.java:6403)
01-15 22:40:26.737  6421  6421 E AndroidRuntime: 	at android.app.ActivityThread.handleSleeping(ActivityThread.java:3642)
01-15 22:40:26.737  6421  6421 E AndroidRuntime: 	... 8 more
01-15 23:20:27.578 12131 12131 E AndroidRuntime: FATAL EXCEPTION: main
01-15 23:20:27.578 12131 12131 E AndroidRuntime: Process: com.qualcomm.ftcrobotcontroller, PID: 12131
01-15 23:20:27.578 12131 12131 E AndroidRuntime: java.lang.RuntimeException: Unable to stop activity {com.qualcomm.ftcrobotcontroller/org.firstinspires.ftc.robotcontroller.internal.FtcRobotControllerActivity}: java.lang.NullPointerException: Attempt to invoke virtual method 'void com.qualcomm.ftccommon.FtcRobotControllerService.shutdownRobot()' on a null object reference
01-15 23:20:27.578 12131 12131 E AndroidRuntime: 	at android.app.ActivityThread.handleSleeping(ActivityThread.java:3645)
01-15 23:20:27.578 12131 12131 E AndroidRuntime: 	at android.app.ActivityThread.-wrap19(ActivityThread.java)
01-15 23:20:27.578 12131 12131 E AndroidRuntime: 	at android.app.ActivityThread$H.handleMessage(ActivityThread.java:1529)
01-15 23:20:27.578 12131 12131 E AndroidRuntime: 	at android.os.Handler.dispatchMessage(Handler.java:102)
01-15 23:20:27.578 12131 12131 E AndroidRuntime: 	at android.os.Looper.loop(Looper.java:148)
01-15 23:20:27.578 12131 12131 E AndroidRuntime: 	at android.app.ActivityThread.main(ActivityThread.java:5456)
01-15 23:20:27.578 12131 12131 E AndroidRuntime: 	at java.lang.reflect.Method.invoke(Native Method)
01-15 23:20:27.578 12131 12131 E AndroidRuntime: 	at com.android.internal.os.ZygoteInit$MethodAndArgsCaller.run(ZygoteInit.java:728)
01-15 23:20:27.578 12131 12131 E AndroidRuntime: 	at com.android.internal.os.ZygoteInit.main(ZygoteInit.java:618)
01-15 23:20:27.578 12131 12131 E AndroidRuntime: Caused by: java.lang.NullPointerException: Attempt to invoke virtual method 'void com.qualcomm.ftccommon.FtcRobotControllerService.shutdownRobot()' on a null object reference
01-15 23:20:27.578 12131 12131 E AndroidRuntime: 	at org.firstinspires.ftc.robotcontroller.internal.FtcRobotControllerActivity.onStop(FtcRobotControllerActivity.java:319)
01-15 23:20:27.578 12131 12131 E AndroidRuntime: 	at android.app.Instrumentation.callActivityOnStop(Instrumentation.java:1301)
01-15 23:20:27.578 12131 12131 E AndroidRuntime: 	at android.app.Activity.performStop(Activity.java:6403)
01-15 23:20:27.578 12131 12131 E AndroidRuntime: 	at android.app.ActivityThread.handleSleeping(ActivityThread.java:3642)
01-15 23:20:27.578 12131 12131 E AndroidRuntime: 	... 8 more
--------- beginning of main
01-15 23:25:26.588 13565 13619 V Robocol : received command: CMD_INIT_OP_MODE(10865) $Stop$Robot$
01-15 23:25:26.591 13565 13656 I RobotCore: Attempting to switch to op mode $Stop$Robot$
01-15 23:25:26.602 13565 13623 V Robocol : sending CMD_INIT_OP_MODE_RESP(962), attempt: 0
01-15 23:25:26.629 13565 13619 V Robocol : received command: CMD_INIT_OP_MODE_RESP(962) $Stop$Robot$
01-15 23:25:26.630 13565 13619 V Robocol : received command: CMD_RUN_OP_MODE(10870) $Stop$Robot$
01-15 23:25:26.642 13565 13623 V Robocol : sending CMD_RUN_OP_MODE_RESP(967), attempt: 0
01-15 23:25:26.669 13565 13619 V Robocol : received command: CMD_RUN_OP_MODE_RESP(967) $Stop$Robot$
01-15 23:25:29.642 13565 13623 V Robocol : issuing peerDisconnected(): lastRecvPacket=2.014 s
01-15 23:25:29.642 13565 13623 V RobotCore: Network: active, disconnected
01-15 23:25:29.645 13565 13623 I RobotCore: Lost connection while running op mode: $Stop$Robot$
01-15 23:25:29.679 13565 13627 D MediaPlayer: setSubtitleAnchor in MediaPlayer
01-15 23:25:29.680 13565 13565 D MediaPlayer: setSubtitleAnchor in MediaPlayer
01-15 23:25:29.683 13565 13565 E MediaPlayer: invoke failed: wrong state 8
01-15 23:25:29.683 13565 13565 W MediaPlayer: mediaplayer went away with unhandled events
01-15 23:25:29.696 13565 13625 D ExtendedUtils: extended extractor not needed, return default
01-15 23:25:29.697 13565 13625 I MediaCodec: (0xb80140d0) init name(audio/raw) isType(1) encoder(0)
01-15 23:25:29.698 13565 13704 I OMXClient: Using client-side OMX mux.
01-15 23:25:29.702 13565 13704 E OMXMaster: A component of name 'OMX.qcom.audio.decoder.aac' already exists, ignoring this one.
01-15 23:25:29.705 13565 13704 I MediaCodec: (0xb80140d0) Component Allocated (OMX.google.raw.decoder)
01-15 23:25:29.705 13565 13625 I MediaCodec: (0xb80140d0) configure surface(0x0) crypto(0x0) flags(0)
01-15 23:25:29.705 13565 13625 D MediaCodec: (0xb80140d0) configure format: AMessage(what = 0x00000000) = {
01-15 23:25:29.705 13565 13625 D MediaCodec:    string mime = "audio/raw"
01-15 23:25:29.705 13565 13625 D MediaCodec:    int64_t durationUs = 516598
01-15 23:25:29.705 13565 13625 D MediaCodec:    int32_t channel-count = 2
01-15 23:25:29.705 13565 13625 D MediaCodec:    int32_t sample-rate = 44100
01-15 23:25:29.705 13565 13625 D MediaCodec:    int32_t channel-mask = 0
01-15 23:25:29.705 13565 13625 D MediaCodec:  }
01-15 23:25:29.706 13565 13625 I MediaCodec: (0xb80140d0) start
01-15 23:25:29.706 13565 13704 I MediaCodec: (0xb80140d0) input buffers allocated
01-15 23:25:29.706 13565 13704 I MediaCodec: (0xb80140d0) numBuffers (4)
01-15 23:25:29.706 13565 13704 I MediaCodec: (0xb80140d0) output buffers allocated
01-15 23:25:29.706 13565 13704 I MediaCodec: (0xb80140d0) numBuffers (4)
01-15 23:25:29.708 13565 13704 I MediaCodec: (0xb80140d0) codec output format changed
01-15 23:25:29.709 13565 13704 D MediaCodec: (0xb80140d0) output format: AMessage(what = 'codc', target = 14) = {
01-15 23:25:29.709 13565 13704 D MediaCodec:    string mime = "audio/raw"
01-15 23:25:29.709 13565 13704 D MediaCodec:    int32_t channel-count = 2
01-15 23:25:29.709 13565 13704 D MediaCodec:    int32_t sample-rate = 44100
01-15 23:25:29.709 13565 13704 D MediaCodec:    int32_t channel-mask = 0
01-15 23:25:29.709 13565 13704 D MediaCodec:    int32_t what = 1869968451
01-15 23:25:29.709 13565 13704 D MediaCodec:  }
01-15 23:25:29.712 13565 13625 I MediaCodec: (0xb80140d0) stop
01-15 23:25:29.713 13565 13625 I MediaCodec: (0xb80140d0) release
01-15 23:25:29.718 13565 13627 W AudioTrack: AUDIO_OUTPUT_FLAG_FAST denied by client; transfer 4, track 44100 Hz, output 48000 Hz
01-15 23:25:30.150 13565 13656 I RobotCore: Attempting to switch to op mode $Stop$Robot$
01-15 23:25:34.507 13565 13565 V RCActivity: onPause()
01-15 23:25:34.516 13565 13565 V RCActivity: onStop()
01-15 23:25:34.516 13565 13565 V RobotCore: executive service robot setup is terminated
01-15 23:25:34.516 13565 13565 V Robocol : EventLoopManager.shutdown()
01-15 23:25:34.516 13565 13565 V RobotCore: waiting for service EventLoop
01-15 23:25:34.517 13565 13656 V RobotCore: EventLoopRunnable interrupted
01-15 23:25:34.517 13565 13656 V RobotCore: EventLoopManager state is STOPPED
01-15 23:25:34.517 13565 13656 V RobotCore: Robot Status: stopped
01-15 23:25:34.517 13565 13656 I FIRST   : ======= TEARDOWN =======
01-15 23:25:34.517 13565 13656 D RobotCore: disarming modern motor controller Modern Robotics USB DC Motor Controller [A104OQ1P]...
01-15 23:25:34.519 13565 13656 V RobotCore: waiting for service ReadWriteRunnable for Modern Robotics USB Device
01-15 23:25:34.519 13565 13692 V RobotCore: thread: ...terminating 'r/w loop: Modern Robotics USB DC Motor Controller [A104OQ1P]'
01-15 23:25:34.519 13565 13656 V RobotCore: awaitTermination returned, isTerminated=true
01-15 23:25:34.519 13565 13656 V RobotCore: executive service ReadWriteRunnable for Modern Robotics USB Device is terminated
01-15 23:25:34.520 13565 13656 D RobotCore: ...disarming modern motor controller Modern Robotics USB DC Motor Controller [A104OQ1P] complete
01-15 23:25:34.520 13565 13656 D RobotCore: disarming modern motor controller Modern Robotics USB DC Motor Controller [AL00VWH0]...
01-15 23:25:34.523 13565 13693 V RobotCore: thread: ...terminating 'r/w loop: Modern Robotics USB DC Motor Controller [AL00VWH0]'
01-15 23:25:34.523 13565 13656 V RobotCore: executive service ReadWriteRunnable for Modern Robotics USB Device is terminated
01-15 23:25:34.523 13565 13656 D RobotCore: ...disarming modern motor controller Modern Robotics USB DC Motor Controller [AL00VWH0] complete
01-15 23:25:34.524 13565 13656 D RobotCore: disarming modern motor controller Modern Robotics USB DC Motor Controller [AI049QOP]...
01-15 23:25:34.528 13565 13694 V RobotCore: thread: ...terminating 'r/w loop: Modern Robotics USB DC Motor Controller [AI049QOP]'
01-15 23:25:34.529 13565 13656 V RobotCore: executive service ReadWriteRunnable for Modern Robotics USB Device is terminated
01-15 23:25:34.529 13565 13656 D RobotCore: ...disarming modern motor controller Modern Robotics USB DC Motor Controller [AI049QOP] complete
01-15 23:25:34.529 13565 13656 D RobotCore: disarming modern motor controller Modern Robotics USB DC Motor Controller [AL00VBIF]...
01-15 23:25:34.536 13565 13695 V RobotCore: thread: ...terminating 'r/w loop: Modern Robotics USB DC Motor Controller [AL00VBIF]'
01-15 23:25:34.536 13565 13656 V RobotCore: waiting for service ReadWriteRunnable for Modern Robotics USB Device
01-15 23:25:34.536 13565 13656 V RobotCore: awaitTermination returned, isTerminated=true
01-15 23:25:34.536 13565 13656 V RobotCore: executive service ReadWriteRunnable for Modern Robotics USB Device is terminated
01-15 23:25:34.536 13565 13656 D RobotCore: ...disarming modern motor controller Modern Robotics USB DC Motor Controller [AL00VBIF] complete
01-15 23:25:34.536 13565 13656 D RobotCore: disarming modern servo controller "Modern Robotics USB Servo Controller [AL00VST0]"...
01-15 23:25:34.544 13565 13690 V RobotCore: thread: ...terminating 'r/w loop: Modern Robotics USB Servo Controller [AL00VST0]'
01-15 23:25:34.544 13565 13656 V RobotCore: executive service ReadWriteRunnable for Modern Robotics USB Device is terminated
01-15 23:25:34.544 13565 13656 D RobotCore: ...disarming modern servo controller Modern Robotics USB Servo Controller [AL00VST0] complete
01-15 23:25:34.548 13565 13691 V RobotCore: thread: ...terminating 'r/w loop: Modern Robotics USB Core Device Interface Module [AI02RHDJ]'
01-15 23:25:34.548 13565 13656 V RobotCore: waiting for service ReadWriteRunnable for Modern Robotics USB Device
01-15 23:25:34.548 13565 13656 V RobotCore: awaitTermination returned, isTerminated=true
01-15 23:25:34.548 13565 13656 V RobotCore: executive service ReadWriteRunnable for Modern Robotics USB Device is terminated
01-15 23:25:34.548 13565 13656 I FIRST   : ======= TEARDOWN COMPLETE =======
01-15 23:25:34.549 13565 13656 V RobotCore: thread: ...terminating 'opmode loop()'
01-15 23:25:34.549 13565 13565 V RobotCore: awaitTermination returned, isTerminated=true
01-15 23:25:34.550 13565 13565 V RobotCore: executive service EventLoop is terminated
01-15 23:25:34.550 13565 13565 V RobotCore: EventLoopManager state is STOPPED
01-15 23:40:41.318 14882 14882 I art     : Late-enabling -Xcheck:jni
01-15 23:40:41.401 14882 14882 I InstantRun: Instant Run Runtime started. Android package is com.qualcomm.ftcrobotcontroller, real application class is org.firstinspires.ftc.robotcore.internal.RobotApplication.
01-15 23:40:42.042 14931 14931 I dex2oat : /system/bin/dex2oat --dex-file=/data/data/com.qualcomm.ftcrobotcontroller/files/instant-run/dex/slice-slice_2-classes.dex --oat-file=/data/user/0/com.qualcomm.ftcrobotcontroller/cache/slice-slice_2-classes.dex
01-15 23:40:42.422 14931 14931 I dex2oat : dex2oat took 380.476ms (threads: 4) arena alloc=130KB java alloc=110KB native alloc=2MB free=93KB
01-15 23:40:42.650 14882 14882 V RCActivity: onCreate()
01-15 23:40:42.655 14882 14945 V RobotCore: saving logcat to /storage/emulated/0/com.qualcomm.ftcrobotcontroller.logcat
01-15 23:40:42.655 14882 14945 V RobotCore: logging command line: logcat -f /storage/emulated/0/com.qualcomm.ftcrobotcontroller.logcat -r4096 -n4 -v threadtime UsbRequestJNI:S UsbRequest:S *:V
01-15 23:40:42.682 14882 14882 I WebViewFactory: Loading com.google.android.webview version 46.0.2490.76 (code 249007600)
01-15 23:40:42.682 14947 14947 W ps      : type=1400 audit(0.0:54248): avc: denied { getattr } for uid=10109 path="/proc/1" dev="proc" ino=483348 scontext=u:r:untrusted_app:s0:c512,c768 tcontext=u:r:init:s0 tclass=dir permissive=0
01-15 23:40:42.682 14947 14947 W ps      : type=1400 audit(0.0:54249): avc: denied { search } for uid=10109 name="1" dev="proc" ino=483348 scontext=u:r:untrusted_app:s0:c512,c768 tcontext=u:r:init:s0 tclass=dir permissive=0
01-15 23:40:42.682 14947 14947 W ps      : type=1400 audit(0.0:54250): avc: denied { search } for uid=10109 name="1" dev="proc" ino=483348 scontext=u:r:untrusted_app:s0:c512,c768 tcontext=u:r:init:s0 tclass=dir permissive=0
01-15 23:40:42.682 14947 14947 W ps      : type=1400 audit(0.0:54251): avc: denied { getattr } for uid=10109 path="/proc/2" dev="proc" ino=480609 scontext=u:r:untrusted_app:s0:c512,c768 tcontext=u:r:kernel:s0 tclass=dir permissive=0
01-15 23:40:42.682 14947 14947 W ps      : type=1400 audit(0.0:54252): avc: denied { search } for uid=10109 name="2" dev="proc" ino=480609 scontext=u:r:untrusted_app:s0:c512,c768 tcontext=u:r:kernel:s0 tclass=dir permissive=0
01-15 23:40:42.682 14947 14947 W ps      : type=1400 audit(0.0:54253): avc: denied { search } for uid=10109 name="2" dev="proc" ino=480609 scontext=u:r:untrusted_app:s0:c512,c768 tcontext=u:r:kernel:s0 tclass=dir permissive=0
01-15 23:40:42.682 14947 14947 W ps      : type=1400 audit(0.0:54254): avc: denied { getattr } for uid=10109 path="/proc/3" dev="proc" ino=480610 scontext=u:r:untrusted_app:s0:c512,c768 tcontext=u:r:kernel:s0 tclass=dir permissive=0
01-15 23:40:42.682 14947 14947 W ps      : type=1400 audit(0.0:54255): avc: denied { search } for uid=10109 name="3" dev="proc" ino=480610 scontext=u:r:untrusted_app:s0:c512,c768 tcontext=u:r:kernel:s0 tclass=dir permissive=0
01-15 23:40:42.682 14947 14947 W ps      : type=1400 audit(0.0:54256): avc: denied { search } for uid=10109 name="3" dev="proc" ino=480610 scontext=u:r:untrusted_app:s0:c512,c768 tcontext=u:r:kernel:s0 tclass=dir permissive=0
01-15 23:40:42.682 14947 14947 W ps      : type=1400 audit(0.0:54257): avc: denied { getattr } for uid=10109 path="/proc/5" dev="proc" ino=480611 scontext=u:r:untrusted_app:s0:c512,c768 tcontext=u:r:kernel:s0 tclass=dir permissive=0
01-15 23:40:42.682 14947 14947 W ps      : type=1400 audit(0.0:54258): avc: denied { search } for uid=10109 name="5" dev="proc" ino=480611 scontext=u:r:untrusted_app:s0:c512,c768 tcontext=u:r:kernel:s0 tclass=dir permissive=0
01-15 23:40:42.682 14947 14947 W ps      : type=1400 audit(0.0:54259): avc: denied { search } for uid=10109 name="5" dev="proc" ino=480611 scontext=u:r:untrusted_app:s0:c512,c768 tcontext=u:r:kernel:s0 tclass=dir permissive=0
01-15 23:40:42.682 14947 14947 W ps      : type=1400 audit(0.0:54260): avc: denied { getattr } for uid=10109 path="/proc/6" dev="proc" ino=480612 scontext=u:r:untrusted_app:s0:c512,c768 tcontext=u:r:kernel:s0 tclass=dir permissive=0
01-15 23:40:42.682 14947 14947 W ps      : type=1400 audit(0.0:54261): avc: denied { search } for uid=10109 name="6" dev="proc" ino=480612 scontext=u:r:untrusted_app:s0:c512,c768 tcontext=u:r:kernel:s0 tclass=dir permissive=0
01-15 23:40:42.682 14947 14947 W ps      : type=1400 audit(0.0:54262): avc: denied { search } for uid=10109 name="6" dev="proc" ino=480612 scontext=u:r:untrusted_app:s0:c512,c768 tcontext=u:r:kernel:s0 tclass=dir permissive=0
01-15 23:40:42.682 14947 14947 W ps      : type=1400 audit(0.0:54263): avc: denied { getattr } for uid=10109 path="/proc/7" dev="proc" ino=480613 scontext=u:r:untrusted_app:s0:c512,c768 tcontext=u:r:kernel:s0 tclass=dir permissive=0
01-15 23:40:42.682 14947 14947 W ps      : type=1400 audit(0.0:54264): avc: denied { search } for uid=10109 name="7" dev="proc" ino=480613 scontext=u:r:untrusted_app:s0:c512,c768 tcontext=u:r:kernel:s0 tclass=dir permissive=0
01-15 23:40:42.682 14947 14947 W ps      : type=1400 audit(0.0:54265): avc: denied { search } for uid=10109 name="7" dev="proc" ino=480613 scontext=u:r:untrusted_app:s0:c512,c768 tcontext=u:r:kernel:s0 tclass=dir permissive=0
01-15 23:40:42.682 14947 14947 W ps      : type=1400 audit(0.0:54266): avc: denied { getattr } for uid=10109 path="/proc/8" dev="proc" ino=480614 scontext=u:r:untrusted_app:s0:c512,c768 tcontext=u:r:kernel:s0 tclass=dir permissive=0
01-15 23:40:42.682 14947 14947 W ps      : type=1400 audit(0.0:54267): avc: denied { search } for uid=10109 name="8" dev="proc" ino=480614 scontext=u:r:untrusted_app:s0:c512,c768 tcontext=u:r:kernel:s0 tclass=dir permissive=0
01-15 23:40:42.710 14882 14882 W System  : ClassLoader referenced unknown path: /system/app/WebViewGoogle/lib/arm
01-15 23:40:42.724 14882 14882 I cr.library_loader: Time to load native libraries: 9 ms (timestamps 7359-7368)
01-15 23:40:42.724 14882 14882 I cr.library_loader: Expected native library version number "46.0.2490.76", actual native library version number "46.0.2490.76"
01-15 23:40:42.740 14882 14882 V WebViewChromiumFactoryProvider: Binding Chromium to main looper Looper (main, tid 1) {917b2}
01-15 23:40:42.741 14882 14882 I cr.library_loader: Expected native library version number "46.0.2490.76", actual native library version number "46.0.2490.76"
01-15 23:40:42.741 14882 14882 I chromium: [INFO:library_loader_hooks.cc(118)] Chromium logging enabled: level = 0, default verbosity = 0
01-15 23:40:42.748 14882 14882 I cr.BrowserStartup: Initializing chromium process, singleProcess=true
01-15 23:40:42.753 14882 14882 E SysUtils: ApplicationContext is null in ApplicationStatus
01-15 23:40:42.774 14882 14882 I Adreno-EGL: <qeglDrvAPI_eglInitialize:379>: EGL 1.4 QUALCOMM build:  (Ifd751822f5)
01-15 23:40:42.774 14882 14882 I Adreno-EGL: OpenGL ES Shader Compiler Version: XE031.06.00.05
01-15 23:40:42.774 14882 14882 I Adreno-EGL: Build Date: 01/26/16 Tue
01-15 23:40:42.774 14882 14882 I Adreno-EGL: Local Branch: AU12_SBA
01-15 23:40:42.774 14882 14882 I Adreno-EGL: Remote Branch: 
01-15 23:40:42.774 14882 14882 I Adreno-EGL: Local Patches: 
01-15 23:40:42.774 14882 14882 I Adreno-EGL: Reconstruct Branch: 
01-15 23:40:42.804 14882 14882 E chromium: [ERROR:browser_gpu_channel_host_factory.cc(258)] Failed to init browser shader disk cache.
01-15 23:40:42.830 14882 14882 E libEGL  : validate_display:255 error 3008 (EGL_BAD_DISPLAY)
01-15 23:40:42.872 14882 14882 W art     : Attempt to remove non-JNI local reference, dumping thread
01-15 23:40:42.882 14882 14882 W AwContents: onDetachedFromWindow called when already detached. Ignoring
01-15 23:40:44.400 14882 14882 V RobotCore: Network: inactive, disconnected
01-15 23:40:44.408 14882 14882 V RCActivity: onStart()
01-15 23:40:44.411 14882 14882 V RCActivity: onResume()
01-15 23:40:44.416 14882 15013 D OpenGLRenderer: Use EGL_SWAP_BEHAVIOR_PRESERVED: true
01-15 23:40:44.447 14882 14882 V FTCService: onCreate()
01-15 23:40:44.447 14882 14882 V FTCService: onBind()
01-15 23:40:44.447 14882 14882 V FTCService: Android device is motorola, MotoG3
01-15 23:40:44.448 14882 14882 V RobotCore: Starting network of type: WIFIDIRECT
01-15 23:40:44.451 14882 14882 V WifiDirect: There are 1 Wifi Direct Assistant Clients (+)
01-15 23:40:44.451 14882 14882 V WifiDirect: Enabling Wifi Direct Assistant
01-15 23:40:44.491 14882 15013 I OpenGLRenderer: Initialized EGL, version 1.4
01-15 23:40:44.507 14882 14882 D WifiDirect: broadcast: state - enabled: true
01-15 23:40:44.507 14882 14882 D WifiDirect: cannot create group, does group already exist?
01-15 23:40:44.510 14882 14882 D WifiDirect: broadcast: connection changed: connectStatus=NOT_CONNECTED networkInfo.state=CONNECTED
01-15 23:40:44.510 14882 14882 V WifiDirect: NetworkInfo: [type: WIFI_P2P[], state: CONNECTED/CONNECTED, reason: (unspecified), extra: (none), roaming: false, failover: false, isAvailable: true]
01-15 23:40:44.510 14882 14882 V WifiDirect: WifiP2pInfo: groupFormed: true isGroupOwner: true operatingChannel: 2447 groupOwnerAddress: /192.168.49.1 mccMode: false
01-15 23:40:44.511 14882 14882 V WifiDirect: WifiP2pGroup: network: DIRECT-u3-9899-E-RC, isGO: true, Operating Channel: 2447, GO: Device: , deviceAddress: 24:da:9b:6a:a2:ba, primary type: null, secondary type: null, wps: 0, grpcapab: 0, devcapab: 0, status: 4, wfdInfo: WFD enabled: falseWFD DeviceInfo: 0, WFD CtrlPort: 0, WFD MaxThroughput: 0, level: 0, Client: Device: 9899-E-DS, deviceAddress: a4:70:d6:d3:3d:55, primary type: 10-0050F204-5, secondary type: null, wps: 392, grpcapab: 0, devcapab: 37, status: 0, wfdInfo: null, level: 60, interface: p2p0, networkId: 1, mGoOperFreq: 2447
01-15 23:40:44.511 14882 14882 D WifiDirect: broadcast: this device changed
01-15 23:40:44.511 14882 14882 V WifiDirect: device information: 9899-E-RC 24:da:9b:6a:a2:ba
01-15 23:40:44.511 14882 14882 V FTCService: RCActivity.controllerService=bound
01-15 23:40:44.512 14882 14882 V RobotCore: Network: unknown, disconnected
01-15 23:40:44.512 14882 14882 V RobotCore: Robot Status: stopped
01-15 23:40:44.530 14882 14882 D OpmodeRegistration: registered {DefaultOpMode} as {$Stop$Robot$}
01-15 23:40:44.531 14882 14882 V FTCService: Processing robot setup
01-15 23:40:44.546 14882 15018 V RobotCore: thread: 'RobotSetupRunnable.run()' starting...
01-15 23:40:44.546 14882 15018 V RobotCore: Robot Status: stopped, scanning for USB devices
01-15 23:40:44.620 14882 14882 D WifiDirect: group owners address: /192.168.49.1
01-15 23:40:44.620 14882 14882 D WifiDirect: group formed, this device is the group owner (GO)
01-15 23:40:44.620 14882 14882 I FTCService: Wifi Direct - connected as group owner
01-15 23:40:44.620 14882 14882 D WifiDirect: stop discovering peers
01-15 23:40:44.626 14882 14882 V RobotCore: Network: enabled, disconnected
01-15 23:40:44.652 14882 14882 V WifiDirect: connection information available
01-15 23:40:44.652 14882 14882 V WifiDirect: connection information - groupOwnerName = 9899-E-RC
01-15 23:40:44.652 14882 14882 V WifiDirect: connection information - groupOwnerMacAddress = 24:da:9b:6a:a2:ba
01-15 23:40:44.652 14882 14882 V WifiDirect: connection information - groupInterface = p2p0
01-15 23:40:44.653 14882 14882 V WifiDirect: connection information - groupNetworkName = DIRECT-u3-9899-E-RC
01-15 23:40:44.653 14882 14882 I FTCService: Network Connection Passphrase: ZY55bu2t
01-15 23:40:44.653 14882 14882 V RobotCore: Network: active, disconnected
01-15 23:40:49.535 14882 14882 I RobotCore: Battery Checker, Level Remaining: 100.0
01-15 23:40:49.537 14882 14882 I RobotCore: Battery Checker, Level Remaining: 100.0
01-15 23:40:49.547 14882 15018 V RobotCore: EventLoopManager state is NOT_STARTED
01-15 23:40:49.547 14882 15018 V RobotCore: Robot Status: stopped, waiting on network
01-15 23:40:49.550 14882 15018 V RobotCore: Robot Status: stopped, starting robot
01-15 23:40:49.550 14882 15018 V Robocol : EventLoopManager.start()
01-15 23:40:49.550 14882 15018 V RobotCore: Starting network of type: WIFIDIRECT
01-15 23:40:49.550 14882 15018 V Robocol : Spoofing a Network Connection event...
01-15 23:40:49.551 14882 15018 V RobotCore: executive service EventLoop is terminated
01-15 23:40:49.551 14882 15018 V RobotCore: EventLoopManager state is STOPPED
01-15 23:40:49.552 14882 15018 V Robocol : eventLoop=FtcEventLoop
01-15 23:40:49.552 14882 15018 V RobotCore: EventLoopManager state is INIT
01-15 23:40:49.552 14882 15095 V RobotCore: thread: 'SetupRunnable.run()' starting...
01-15 23:40:49.552 14882 15018 V RobotCore: Robot Status: initializing, starting robot
01-15 23:40:49.552 14882 15018 I FIRST   : ======= INIT START =======
01-15 23:40:49.559 14882 15018 D OpmodeRegistration: registered {ShooterControl} as {ShooterControl}
01-15 23:40:49.559 14882 15018 D OpmodeRegistration: registered {ShooterData} as {TestWithData}
01-15 23:40:49.560 14882 15018 D OpmodeRegistration: registered {TestOpMode} as {Test}
01-15 23:40:49.561 14882 15018 D OpmodeRegistration: registered {BlueAuto} as {BlueAuto}
01-15 23:40:49.561 14882 15018 D OpmodeRegistration: registered {FinalTeleOp} as {FinalTeleOp}
01-15 23:40:49.562 14882 15018 D OpmodeRegistration: registered {RedAuto} as {RedAuto}
01-15 23:40:49.576 14882 15018 V D2xx::  : Start constructor
01-15 23:40:49.580 14882 15018 V D2xx::  : End constructor
01-15 23:40:49.583 14882 15018 V RobotCore: Creating Modern Robotics USB Servo Controller [AL00VST0]
01-15 23:40:49.592 14882 15018 D RobotCore: arming modern servo controller Modern Robotics USB Servo Controller [AL00VST0]...
01-15 23:40:49.592 14882 15095 D Robocol : RobocolDatagramSocket listening addr=/192.168.49.1:20884 cbRec=65520 cbSend=163840 msRecTO=300
01-15 23:40:49.593 14882 15095 V Robocol : RecvLoopRunnable created
01-15 23:40:49.594 14882 15018 W System.err: unable to find USB device with serial number AL00VST0
01-15 23:40:49.594 14882 15018 D RobotCore: arming modern servo controller Modern Robotics USB Servo Controller [AL00VST0] (pretend)...
01-15 23:40:49.595 14882 15095 V PeerDiscovery: Starting peer discovery
01-15 23:40:49.596 14882 15095 V RobotCore: Setup complete
01-15 23:40:49.596 14882 15095 V RobotCore: thread: ...terminating 'SetupRunnable.run()'
01-15 23:40:49.598 14882 15018 V RobotCore: Starting up pretend device AL00VST0
01-15 23:40:49.596 14882 15099 V RobotCore: thread: 'RecvLoopRunnable.run()' starting...
01-15 23:40:49.603 14882 15101 V RobotCore: thread: 'r/w loop: Modern Robotics USB Servo Controller [AL00VST0]' starting...
01-15 23:40:49.605 14882 15018 D RobotCore: ...arming modern servo controller Modern Robotics USB Servo Controller [AL00VST0] complete
01-15 23:40:49.606 14882 15018 V RobotCore: Creating Modern Robotics USB Core Device Interface Module [AI02RHDJ]
01-15 23:40:49.612 14882 15018 W System.err: unable to find USB device with serial number AI02RHDJ
01-15 23:40:49.613 14882 15018 V RobotCore: Starting up pretend device AI02RHDJ
01-15 23:40:49.615 14882 15104 V RobotCore: thread: 'r/w loop: Modern Robotics USB Core Device Interface Module [AI02RHDJ]' starting...
01-15 23:40:49.616 14882 15018 V RobotCore: Creating I2C Device - Port: 2
01-15 23:40:49.616 14882 15018 V RobotCore: Creating Modern Robotics I2C Gyro Sensor - Port: 3
01-15 23:40:49.619 14882 15018 V RobotCore: Creating I2C Device - Port: 4
01-15 23:40:49.619 14882 15018 V RobotCore: Creating Modern Robotics Analog Optical Distance Sensor - Port: 7
01-15 23:40:49.620 14882 15018 V RobotCore: Creating Modern Robotics USB DC Motor Controller [A104OQ1P]
01-15 23:40:49.628 14882 15018 D RobotCore: arming modern motor controller Modern Robotics USB DC Motor Controller [A104OQ1P]...
01-15 23:40:49.628 14882 15018 W System.err: unable to find USB device with serial number A104OQ1P
01-15 23:40:49.629 14882 15018 D RobotCore: arming modern motor controller Modern Robotics USB DC Motor Controller [A104OQ1P] (pretend)...
01-15 23:40:49.629 14882 15018 V RobotCore: Starting up pretend device A104OQ1P
01-15 23:40:49.630 14882 15105 V RobotCore: thread: 'r/w loop: Modern Robotics USB DC Motor Controller [A104OQ1P]' starting...
01-15 23:40:49.630 14882 15018 D RobotCore: ...arming modern motor controller Modern Robotics USB DC Motor Controller [A104OQ1P] complete
01-15 23:40:49.631 14882 15018 V RobotCore: Creating Modern Robotics USB DC Motor Controller [AL00VWH0]
01-15 23:40:49.631 14882 15018 D RobotCore: arming modern motor controller Modern Robotics USB DC Motor Controller [AL00VWH0]...
01-15 23:40:49.631 14882 15018 W System.err: unable to find USB device with serial number AL00VWH0
01-15 23:40:49.632 14882 15018 D RobotCore: arming modern motor controller Modern Robotics USB DC Motor Controller [AL00VWH0] (pretend)...
01-15 23:40:49.632 14882 15018 V RobotCore: Starting up pretend device AL00VWH0
01-15 23:40:49.633 14882 15106 V RobotCore: thread: 'r/w loop: Modern Robotics USB DC Motor Controller [AL00VWH0]' starting...
01-15 23:40:49.633 14882 15018 D RobotCore: ...arming modern motor controller Modern Robotics USB DC Motor Controller [AL00VWH0] complete
01-15 23:40:49.634 14882 15018 V RobotCore: Creating Modern Robotics USB DC Motor Controller [AI049QOP]
01-15 23:40:49.634 14882 15018 D RobotCore: arming modern motor controller Modern Robotics USB DC Motor Controller [AI049QOP]...
01-15 23:40:49.634 14882 15018 W System.err: unable to find USB device with serial number AI049QOP
01-15 23:40:49.635 14882 15018 D RobotCore: arming modern motor controller Modern Robotics USB DC Motor Controller [AI049QOP] (pretend)...
01-15 23:40:49.635 14882 15018 V RobotCore: Starting up pretend device AI049QOP
01-15 23:40:49.636 14882 15107 V RobotCore: thread: 'r/w loop: Modern Robotics USB DC Motor Controller [AI049QOP]' starting...
01-15 23:40:49.636 14882 15018 D RobotCore: ...arming modern motor controller Modern Robotics USB DC Motor Controller [AI049QOP] complete
01-15 23:40:49.636 14882 15018 V RobotCore: Creating Modern Robotics USB DC Motor Controller [AL00VBIF]
01-15 23:40:49.637 14882 15018 D RobotCore: arming modern motor controller Modern Robotics USB DC Motor Controller [AL00VBIF]...
01-15 23:40:49.637 14882 15018 W System.err: unable to find USB device with serial number AL00VBIF
01-15 23:40:49.638 14882 15018 D RobotCore: arming modern motor controller Modern Robotics USB DC Motor Controller [AL00VBIF] (pretend)...
01-15 23:40:49.638 14882 15018 V RobotCore: Starting up pretend device AL00VBIF
01-15 23:40:49.639 14882 15108 V RobotCore: thread: 'r/w loop: Modern Robotics USB DC Motor Controller [AL00VBIF]' starting...
01-15 23:40:49.639 14882 15018 D RobotCore: ...arming modern motor controller Modern Robotics USB DC Motor Controller [AL00VBIF] complete
01-15 23:40:49.658 14882 15018 I RobotCore: Analytics has completed initialization.
01-15 23:40:49.658 14882 15018 I RobotCore: ========= Device Information ===================================================
01-15 23:40:49.658 14882 15018 I RobotCore: Type                                               Name                           Connection
01-15 23:40:49.659 14882 15018 I RobotCore: I2cDevice                                          colorBack                      USB AI02RHDJ; port 4
01-15 23:40:49.659 14882 15018 I RobotCore: Modern Robotics USB DC Motor Controller            Shooter                        USB AI049QOP
01-15 23:40:49.659 14882 15018 I RobotCore: DC Motor                                           rightFront                     USB AL00VWH0; port 1
01-15 23:40:49.659 14882 15018 I RobotCore: Modern Robotics USB DC Motor Controller            Front Motors                   USB AL00VWH0
01-15 23:40:49.660 14882 15018 I RobotCore: Modern Robotics USB DC Motor Controller            Back Motors                    USB A104OQ1P
01-15 23:40:49.660 14882 15018 I RobotCore: DC Motor                                           leftBack                       USB A104OQ1P; port 2
01-15 23:40:49.660 14882 15018 I RobotCore: Servo                                              upDown                         USB AL00VST0; port 1
01-15 23:40:49.660 14882 15018 I RobotCore: DC Motor                                           shooter2                       USB AI049QOP; port 2
01-15 23:40:49.660 14882 15018 I RobotCore: DC Motor                                           shooter1                       USB AI049QOP; port 1
01-15 23:40:49.660 14882 15018 I RobotCore: DC Motor                                           leftFront                      USB AL00VWH0; port 2
01-15 23:40:49.660 14882 15018 I RobotCore: DC Motor                                           rightBack                      USB A104OQ1P; port 1
01-15 23:40:49.660 14882 15018 I RobotCore: Servo                                              ballFeeder                     USB AL00VST0; port 2
01-15 23:40:49.660 14882 15018 I RobotCore: Modern Robotics USB DC Motor Controller            Intake                         USB AL00VBIF
01-15 23:40:49.660 14882 15018 I RobotCore: Modern Robotics USB Core Device Interface Module   Sensors                        USB AI02RHDJ
01-15 23:40:49.660 14882 15018 I RobotCore: I2cDevice                                          colorFront                     USB AI02RHDJ; port 2
01-15 23:40:49.660 14882 15018 I RobotCore: Modern Robotics USB Servo Controller               Servos                         USB AL00VST0
01-15 23:40:49.661 14882 15018 I RobotCore: DC Motor                                           intake                         USB AL00VBIF; port 1
01-15 23:40:49.661 14882 15018 I RobotCore: Modern Robotics Gyro                               gyro                           USB AI02RHDJ; I2C port: 3
01-15 23:40:49.661 14882 15018 I RobotCore: Modern Robotics Analog Optical Distance Sensor     ods                            USB AI02RHDJ; analog port 7
01-15 23:40:49.661 14882 15018 I FIRST   : ======= INIT FINISH =======
01-15 23:40:49.661 14882 15018 V RobotCore: EventLoopManager state is RUNNING
01-15 23:40:49.672 14882 15018 V RobotCore: Robot Status: running, starting robot
01-15 23:40:49.673 14882 15018 V RobotCore: Robot Status: running
01-15 23:40:49.673 14882 15018 V RobotCore: thread: ...terminating 'RobotSetupRunnable.run()'
01-15 23:40:49.675 14882 15113 V RobotCore: thread: 'opmode loop()' starting...
01-15 23:40:49.681 14882 15113 D RobotCore: system telemetry: key=$System$Warning$ msg="unable to open Modern Robotics USB DC Motor Controller [AL00VBIF]; unable to open Modern Robotics USB Servo Controller [AL00VST0]; unable to open Modern Robotics USB DC Motor Controller [AL00VWH0]; unable to open Modern Robotics USB Core Device Interface Module [AI02RHDJ]; unable to open Modern Robotics USB DC Motor Controller [AI049QOP]; unable to open Modern Robotics USB DC Motor Controller [A104OQ1P]"
01-15 23:40:49.694 14882 15112 D MediaPlayer: setSubtitleAnchor in MediaPlayer
01-15 23:40:49.703 14882 14882 E MediaPlayer: invoke failed: wrong state 8
01-15 23:40:49.719 14882 14882 W MediaPlayer: mediaplayer went away with unhandled events
01-15 23:40:49.749 14882 15110 D ExtendedUtils: extended extractor not needed, return default
01-15 23:40:49.750 14882 15110 I MediaCodec: (0xb8065e08) init name(audio/raw) isType(1) encoder(0)
01-15 23:40:49.752 14882 15117 I OMXClient: Using client-side OMX mux.
01-15 23:40:49.756 14882 15117 E OMXMaster: A component of name 'OMX.qcom.audio.decoder.aac' already exists, ignoring this one.
01-15 23:40:49.759 14882 15117 I MediaCodec: (0xb8065e08) Component Allocated (OMX.google.raw.decoder)
01-15 23:40:49.760 14882 15110 I MediaCodec: (0xb8065e08) configure surface(0x0) crypto(0x0) flags(0)
01-15 23:40:49.760 14882 15110 D MediaCodec: (0xb8065e08) configure format: AMessage(what = 0x00000000) = {
01-15 23:40:49.760 14882 15110 D MediaCodec:    string mime = "audio/raw"
01-15 23:40:49.760 14882 15110 D MediaCodec:    int64_t durationUs = 1019125
01-15 23:40:49.760 14882 15110 D MediaCodec:    int32_t channel-count = 1
01-15 23:40:49.760 14882 15110 D MediaCodec:    int32_t sample-rate = 8000
01-15 23:40:49.760 14882 15110 D MediaCodec:    int32_t channel-mask = 0
01-15 23:40:49.760 14882 15110 D MediaCodec:  }
01-15 23:40:49.761 14882 15110 I MediaCodec: (0xb8065e08) start
01-15 23:40:49.762 14882 15117 I MediaCodec: (0xb8065e08) input buffers allocated
01-15 23:40:49.762 14882 15117 I MediaCodec: (0xb8065e08) numBuffers (4)
01-15 23:40:49.762 14882 15117 I MediaCodec: (0xb8065e08) output buffers allocated
01-15 23:40:49.762 14882 15117 I MediaCodec: (0xb8065e08) numBuffers (4)
01-15 23:40:49.763 14882 15117 I MediaCodec: (0xb8065e08) codec output format changed
01-15 23:40:49.763 14882 15117 D MediaCodec: (0xb8065e08) output format: AMessage(what = 'codc', target = 2) = {
01-15 23:40:49.763 14882 15117 D MediaCodec:    string mime = "audio/raw"
01-15 23:40:49.763 14882 15117 D MediaCodec:    int32_t channel-count = 1
01-15 23:40:49.763 14882 15117 D MediaCodec:    int32_t sample-rate = 8000
01-15 23:40:49.763 14882 15117 D MediaCodec:    int32_t channel-mask = 0
01-15 23:40:49.763 14882 15117 D MediaCodec:    int32_t what = 1869968451
01-15 23:40:49.763 14882 15117 D MediaCodec:  }
01-15 23:40:49.765 14882 15110 I MediaCodec: (0xb8065e08) stop
01-15 23:40:49.767 14882 15110 I MediaCodec: (0xb8065e08) release
01-15 23:40:49.774 14882 15112 W AudioTrack: AUDIO_OUTPUT_FLAG_FAST denied by client; transfer 4, track 8000 Hz, output 48000 Hz
01-15 23:40:49.800 14882 15112 D MediaPlayer: setSubtitleAnchor in MediaPlayer
01-15 23:40:49.800 14882 14882 D MediaPlayer: setSubtitleAnchor in MediaPlayer
01-15 23:40:49.817 14882 15110 D ExtendedUtils: extended extractor not needed, return default
01-15 23:40:49.818 14882 15110 I MediaCodec: (0xb7eff3a8) init name(audio/raw) isType(1) encoder(0)
01-15 23:40:49.819 14882 15124 I OMXClient: Using client-side OMX mux.
01-15 23:40:49.822 14882 15124 E OMXMaster: A component of name 'OMX.qcom.audio.decoder.aac' already exists, ignoring this one.
01-15 23:40:49.824 14882 15124 I MediaCodec: (0xb7eff3a8) Component Allocated (OMX.google.raw.decoder)
01-15 23:40:49.824 14882 15110 I MediaCodec: (0xb7eff3a8) configure surface(0x0) crypto(0x0) flags(0)
01-15 23:40:49.824 14882 15110 D MediaCodec: (0xb7eff3a8) configure format: AMessage(what = 0x00000000) = {
01-15 23:40:49.824 14882 15110 D MediaCodec:    string mime = "audio/raw"
01-15 23:40:49.824 14882 15110 D MediaCodec:    int64_t durationUs = 1043650
01-15 23:40:49.824 14882 15110 D MediaCodec:    int32_t channel-count = 2
01-15 23:40:49.824 14882 15110 D MediaCodec:    int32_t sample-rate = 44100
01-15 23:40:49.824 14882 15110 D MediaCodec:    int32_t channel-mask = 0
01-15 23:40:49.824 14882 15110 D MediaCodec:  }
01-15 23:40:49.825 14882 15110 I MediaCodec: (0xb7eff3a8) start
01-15 23:40:49.825 14882 15124 I MediaCodec: (0xb7eff3a8) input buffers allocated
01-15 23:40:49.825 14882 15124 I MediaCodec: (0xb7eff3a8) numBuffers (4)
01-15 23:40:49.825 14882 15124 I MediaCodec: (0xb7eff3a8) output buffers allocated
01-15 23:40:49.825 14882 15124 I MediaCodec: (0xb7eff3a8) numBuffers (4)
01-15 23:40:49.827 14882 15124 I MediaCodec: (0xb7eff3a8) codec output format changed
01-15 23:40:49.827 14882 15124 D MediaCodec: (0xb7eff3a8) output format: AMessage(what = 'codc', target = 6) = {
01-15 23:40:49.827 14882 15124 D MediaCodec:    string mime = "audio/raw"
01-15 23:40:49.827 14882 15124 D MediaCodec:    int32_t channel-count = 2
01-15 23:40:49.827 14882 15124 D MediaCodec:    int32_t sample-rate = 44100
01-15 23:40:49.827 14882 15124 D MediaCodec:    int32_t channel-mask = 0
01-15 23:40:49.827 14882 15124 D MediaCodec:    int32_t what = 1869968451
01-15 23:40:49.827 14882 15124 D MediaCodec:  }
01-15 23:40:49.833 14882 15110 I MediaCodec: (0xb7eff3a8) stop
01-15 23:40:49.834 14882 15110 I MediaCodec: (0xb7eff3a8) release
01-15 23:40:49.895 14882 15099 D Robocol : no packet received: SocketTimeoutException
01-15 23:40:50.182 14882 15113 I RobotCore: Attempting to switch to op mode $Stop$Robot$
01-15 23:40:50.690 14882 15113 I RobotCore: robot battery read duration: n=0, mean=0.000ms sd=-0.000ms
01-15 23:40:50.791 14882 15112 W AudioTrack: AUDIO_OUTPUT_FLAG_FAST denied by client; transfer 4, track 44100 Hz, output 48000 Hz
01-15 23:40:52.768 14882 14882 V RCActivity: onPause()
01-15 23:40:52.776 14882 14882 V RCActivity: onStop()
01-15 23:40:52.776 14882 14882 V RobotCore: executive service robot setup is terminated
01-15 23:40:52.776 14882 14882 V Robocol : EventLoopManager.shutdown()
01-15 23:40:52.776 14882 14882 V RobotCore: waiting for service EventLoop
01-15 23:40:52.776 14882 15113 V RobotCore: EventLoopRunnable interrupted
01-15 23:40:52.776 14882 15113 V RobotCore: EventLoopManager state is STOPPED
01-15 23:40:52.777 14882 15113 V RobotCore: Robot Status: stopped
01-15 23:40:52.777 14882 15113 I FIRST   : ======= TEARDOWN =======
01-15 23:40:52.779 14882 15113 D RobotCore: disarming modern motor controller Modern Robotics USB DC Motor Controller [AI049QOP]...
01-15 23:40:52.783 14882 15107 V RobotCore: thread: ...terminating 'r/w loop: Modern Robotics USB DC Motor Controller [AI049QOP]'
01-15 23:40:52.783 14882 15113 V RobotCore: waiting for service ReadWriteRunnable for Modern Robotics USB Device
01-15 23:40:52.783 14882 15113 V RobotCore: awaitTermination returned, isTerminated=true
01-15 23:40:52.783 14882 15113 V RobotCore: executive service ReadWriteRunnable for Modern Robotics USB Device is terminated
01-15 23:40:52.786 14882 15113 D RobotCore: ...disarming modern motor controller Modern Robotics USB DC Motor Controller [AI049QOP] complete
01-15 23:40:52.786 14882 15113 D RobotCore: disarming modern motor controller Modern Robotics USB DC Motor Controller [AL00VBIF]...
01-15 23:40:52.790 14882 15108 V RobotCore: thread: ...terminating 'r/w loop: Modern Robotics USB DC Motor Controller [AL00VBIF]'
01-15 23:40:52.795 14882 15113 V RobotCore: executive service ReadWriteRunnable for Modern Robotics USB Device is terminated
01-15 23:40:52.795 14882 15113 D RobotCore: ...disarming modern motor controller Modern Robotics USB DC Motor Controller [AL00VBIF] complete
01-15 23:40:52.795 14882 15113 D RobotCore: disarming modern motor controller Modern Robotics USB DC Motor Controller [AL00VWH0]...
01-15 23:40:52.797 14882 15113 V RobotCore: waiting for service ReadWriteRunnable for Modern Robotics USB Device
01-15 23:40:52.797 14882 15106 V RobotCore: thread: ...terminating 'r/w loop: Modern Robotics USB DC Motor Controller [AL00VWH0]'
01-15 23:40:52.797 14882 15113 V RobotCore: awaitTermination returned, isTerminated=true
01-15 23:40:52.798 14882 15113 V RobotCore: executive service ReadWriteRunnable for Modern Robotics USB Device is terminated
01-15 23:40:52.798 14882 15113 D RobotCore: ...disarming modern motor controller Modern Robotics USB DC Motor Controller [AL00VWH0] complete
01-15 23:40:52.798 14882 15113 D RobotCore: disarming modern motor controller Modern Robotics USB DC Motor Controller [A104OQ1P]...
01-15 23:40:52.801 14882 15113 V RobotCore: waiting for service ReadWriteRunnable for Modern Robotics USB Device
01-15 23:40:52.801 14882 15105 V RobotCore: thread: ...terminating 'r/w loop: Modern Robotics USB DC Motor Controller [A104OQ1P]'
01-15 23:40:52.801 14882 15113 V RobotCore: awaitTermination returned, isTerminated=true
01-15 23:40:52.801 14882 15113 V RobotCore: executive service ReadWriteRunnable for Modern Robotics USB Device is terminated
