01-05 20:14:52.390 29194 29256 W System.err: 	at java.lang.Thread.run(Thread.java:818)
01-05 20:14:52.391 29194 29270 E RobotCore: com.qualcomm.hardware.modernrobotics.ReadWriteRunnableStandard.run(ReadWriteRunnableStandard.java:302)
01-05 20:14:52.391 29194 29270 E RobotCore: java.util.concurrent.ThreadPoolExecutor.runWorker(ThreadPoolExecutor.java:1113)
01-05 20:14:52.391 29194 29270 E RobotCore: java.util.concurrent.ThreadPoolExecutor$Worker.run(ThreadPoolExecutor.java:588)
01-05 20:14:52.391 29194 29270 E RobotCore: java.lang.Thread.run(Thread.java:818)
01-05 20:14:52.391 29194 29270 V RobotCore: thread: ...terminating 'r/w loop: Modern Robotics USB Servo Controller [AL00VSDY]'
01-05 20:14:52.391 29194 29255 D BulkIn::: Stop BulkIn thread
01-05 20:14:52.391 29194 29255 W System.err: java.lang.NullPointerException: Attempt to invoke virtual method 'int com.ftdi.j2xx.D2xxManager$DriverParameters.getBufferNumber()' on a null object reference
01-05 20:14:52.391 29194 29255 W System.err: 	at com.ftdi.j2xx.ProcessInCtrl.releaseWritableBuffers(FT_Device.java:2672)
01-05 20:14:52.391 29194 29255 W System.err: 	at com.ftdi.j2xx.BulkInWorker.run(FT_Device.java:2879)
01-05 20:14:52.391 29194 29255 W System.err: 	at java.lang.Thread.run(Thread.java:818)
01-05 20:14:52.397 29194 29253 D RobotCore: system telemetry: key=$System$Warning$ msg="problem communicating with Modern Robotics USB Servo Controller [AL00VSDY]"
01-05 20:14:52.402 29194 29279 E FTDI_Device::: UsbConnection.requestWait() == null
01-05 20:14:52.412 29194 29194 D UsbDeviceConnectionJNI: close
01-05 20:14:52.413 29194 29194 D UsbDeviceConnectionJNI: close
01-05 20:14:52.413 29194 29194 D UsbDeviceConnectionJNI: close
01-05 20:14:52.413 29194 29278 D ProcessRequestThread::: Device has been closed.
01-05 20:14:52.413 29194 29278 W System.err: java.lang.InterruptedException
01-05 20:14:52.413 29194 29194 D UsbDeviceConnectionJNI: close
01-05 20:14:52.413 29194 29278 W System.err: 	at java.util.concurrent.locks.AbstractQueuedSynchronizer.doAcquireSharedInterruptibly(AbstractQueuedSynchronizer.java:972)
01-05 20:14:52.413 29194 29284 D BulkIn::: Stop BulkIn thread
01-05 20:14:52.413 29194 29278 W System.err: 	at java.util.concurrent.locks.AbstractQueuedSynchronizer.acquireSharedInterruptibly(AbstractQueuedSynchronizer.java:1278)
01-05 20:14:52.413 29194 29278 W System.err: 	at java.util.concurrent.Semaphore.acquire(Semaphore.java:284)
01-05 20:14:52.414 29194 29278 W System.err: 	at com.ftdi.j2xx.ProcessInCtrl.acquireReadableBuffer(FT_Device.java:2294)
01-05 20:14:52.414 29194 29278 W System.err: 	at com.ftdi.j2xx.ProcessRequestWorker.run(FT_Device.java:2764)
01-05 20:14:52.414 29194 29278 W System.err: 	at java.lang.Thread.run(Thread.java:818)
01-05 20:14:52.414 29194 29287 W RobotCore: could not write to Modern Robotics USB DC Motor Controller [AL00VBIF]: FTDI Null Pointer Exception
01-05 20:14:52.414 29194 29287 E RobotCore: java.lang.NullPointerException: Attempt to invoke interface method 'void java.util.concurrent.locks.Lock.unlock()' on a null object reference
01-05 20:14:52.414 29194 29285 D ProcessRequestThread::: Device has been closed.
01-05 20:14:52.414 29194 29287 E RobotCore: com.ftdi.j2xx.ProcessInCtrl.readBulkInData(FT_Device.java:2520)
01-05 20:14:52.414 29194 29287 E RobotCore: com.ftdi.j2xx.FT_Device.read(FT_Device.java:666)
01-05 20:14:52.414 29194 29285 W System.err: java.lang.InterruptedException
01-05 20:14:52.414 29194 29287 E RobotCore: com.qualcomm.robotcore.hardware.usb.ftdi.RobotUsbDeviceFtdi.read(RobotUsbDeviceFtdi.java:199)
01-05 20:14:52.414 29194 29287 E RobotCore: com.qualcomm.robotcore.hardware.usb.ftdi.RobotUsbDeviceFtdi.read(RobotUsbDeviceFtdi.java:176)
01-05 20:14:52.414 29194 29287 E RobotCore: com.qualcomm.modernrobotics.ReadWriteRunnableUsbHandler.a(SourceFile:89)
01-05 20:14:52.414 29194 29287 E RobotCore: com.qualcomm.modernrobotics.ReadWriteRunnableUsbHandler.read(SourceFile:66)
01-05 20:14:52.414 29194 29272 D ProcessRequestThread::: Device has been closed.
01-05 20:14:52.414 29194 29272 W System.err: 	at java.lang.InterruptedException
01-05 20:14:52.415 29194 29285 W System.err: 	at java.util.concurrent.locks.AbstractQueuedSynchronizer.doAcquireSharedInterruptibly(AbstractQueuedSynchronizer.java:972)
01-05 20:14:52.415 29194 29285 W System.err: 	at java.util.concurrent.locks.AbstractQueuedSynchronizer.acquireSharedInterruptibly(AbstractQueuedSynchronizer.java:1278)
01-05 20:14:52.415 29194 29281 D ProcessRequestThread::: Device has been closed.
01-05 20:14:52.415 29194 29285 W System.err: 	at java.util.concurrent.Semaphore.acquire(Semaphore.java:284)
01-05 20:14:52.415 29194 29285 W System.err: 	at com.ftdi.j2xx.ProcessInCtrl.acquireReadableBuffer(FT_Device.java:2294)
01-05 20:14:52.415 29194 29285 W System.err: 	at com.ftdi.j2xx.ProcessRequestWorker.run(FT_Device.java:2764)
01-05 20:14:52.415 29194 29285 W System.err: 	at java.lang.Thread.run(Thread.java:818)
01-05 20:14:52.415 29194 29272 W System.err: java.util.concurrent.locks.AbstractQueuedSynchronizer.doAcquireSharedInterruptibly(AbstractQueuedSynchronizer.java:972)
01-05 20:14:52.415 29194 29272 W System.err: 	at java.util.concurrent.locks.AbstractQueuedSynchronizer.acquireSharedInterruptibly(AbstractQueuedSynchronizer.java:1278)
01-05 20:14:52.415 29194 29272 W System.err: 	at java.util.concurrent.Semaphore.acquire(Semaphore.java:284)
01-05 20:14:52.415 29194 29272 W System.err: 	at com.ftdi.j2xx.ProcessInCtrl.acquireReadableBuffer(FT_Device.java:2294)
01-05 20:14:52.415 29194 29272 W System.err: 	at com.ftdi.j2xx.ProcessRequestWorker.run(FT_Device.java:2764)
01-05 20:14:52.415 29194 29272 W System.err: 	at java.lang.Thread.run(Thread.java:818)
01-05 20:14:52.415 29194 29279 W RobotCore: could not write to Modern Robotics USB DC Motor Controller [AL00VWH0]: FTDI Null Pointer Exception
01-05 20:14:52.415 29194 29279 E RobotCore: java.lang.NullPointerException: Attempt to invoke interface method 'void java.util.concurrent.locks.Lock.unlock()' on a null object reference
01-05 20:14:52.415 29194 29279 E RobotCore: com.ftdi.j2xx.ProcessInCtrl.readBulkInData(FT_Device.java:2520)
01-05 20:14:52.415 29194 29279 E RobotCore: com.ftdi.j2xx.FT_Device.read(FT_Device.java:666)
01-05 20:14:52.415 29194 29279 E RobotCore: com.qualcomm.robotcore.hardware.usb.ftdi.RobotUsbDeviceFtdi.read(RobotUsbDeviceFtdi.java:199)
01-05 20:14:52.415 29194 29279 E RobotCore: com.qualcomm.robotcore.hardware.usb.ftdi.RobotUsbDeviceFtdi.read(RobotUsbDeviceFtdi.java:176)
01-05 20:14:52.415 29194 29279 E RobotCore: com.qualcomm.modernrobotics.ReadWriteRunnableUsbHandler.a(SourceFile:77)
01-05 20:14:52.415 29194 29279 E RobotCore: com.qualcomm.modernrobotics.ReadWriteRunnableUsbHandler.read(SourceFile:66)
01-05 20:14:52.415 29194 29279 E RobotCore: com.qualcomm.hardware.modernrobotics.ReadWriteRunnableStandard$1.run(ReadWriteRunnableStandard.java:343)
01-05 20:14:52.415 29194 29279 E RobotCore: com.qualcomm.robotcore.util.ThreadPool.logThreadLifeCycle(ThreadPool.java:513)
01-05 20:14:52.415 29194 29279 E RobotCore: com.qualcomm.hardware.modernrobotics.ReadWriteRunnableStandard.run(ReadWriteRunnableStandard.java:302)
01-05 20:14:52.415 29194 29279 E RobotCore: java.util.concurrent.ThreadPoolExecutor.runWorker(ThreadPoolExecutor.java:1113)
01-05 20:14:52.415 29194 29279 E RobotCore: java.util.concurrent.ThreadPoolExecutor$Worker.run(ThreadPoolExecutor.java:588)
01-05 20:14:52.415 29194 29279 E RobotCore: java.lang.Thread.run(Thread.java:818)
01-05 20:14:52.416 29194 29287 E RobotCore: com.qualcomm.hardware.modernrobotics.ReadWriteRunnableStandard$1.run(ReadWriteRunnableStandard.java:343)
01-05 20:14:52.416 29194 29287 E RobotCore: com.qualcomm.robotcore.util.ThreadPool.logThreadLifeCycle(ThreadPool.java:513)
01-05 20:14:52.416 29194 29287 E RobotCore: com.qualcomm.hardware.modernrobotics.ReadWriteRunnableStandard.run(ReadWriteRunnableStandard.java:302)
01-05 20:14:52.416 29194 29287 E RobotCore: java.util.concurrent.ThreadPoolExecutor.runWorker(ThreadPoolExecutor.java:1113)
01-05 20:14:52.416 29194 29287 E RobotCore: java.util.concurrent.ThreadPoolExecutor$Worker.run(ThreadPoolExecutor.java:588)
01-05 20:14:52.416 29194 29287 E RobotCore: java.lang.Thread.run(Thread.java:818)
01-05 20:14:52.416 29194 29281 W System.err: java.lang.InterruptedException
01-05 20:14:52.416 29194 29287 V RobotCore: thread: ...terminating 'r/w loop: Modern Robotics USB DC Motor Controller [AL00VBIF]'
01-05 20:14:52.416 29194 29277 D BulkIn::: Stop BulkIn thread
01-05 20:14:52.416 29194 29277 W System.err: java.lang.NullPointerException: Attempt to invoke virtual method 'int com.ftdi.j2xx.D2xxManager$DriverParameters.getBufferNumber()' on a null object reference
01-05 20:14:52.416 29194 29281 W System.err: 	at 	at java.util.concurrent.locks.AbstractQueuedSynchronizer.doAcquireSharedInterruptibly(AbstractQueuedSynchronizer.java:972)
01-05 20:14:52.416 29194 29271 D BulkIn::: Stop BulkIn thread
01-05 20:14:52.416 29194 29271 W System.err: 	at java.lang.NullPointerException: Attempt to invoke virtual method 'int com.ftdi.j2xx.D2xxManager$DriverParameters.getBufferNumber()' on a null object reference
01-05 20:14:52.416 29194 29271 W System.err: 	at com.ftdi.j2xx.ProcessInCtrl.releaseWritableBuffers(FT_Device.java:2672)
01-05 20:14:52.416 29194 29271 W System.err: 	at com.ftdi.j2xx.BulkInWorker.run(FT_Device.java:2879)
01-05 20:14:52.416 29194 29281 W System.err: 	at java.util.concurrent.locks.AbstractQueuedSynchronizer.acquireSharedInterruptibly(AbstractQueuedSynchronizer.java:1278)
01-05 20:14:52.416 29194 29281 W System.err: 	at java.util.concurrent.Semaphore.acquire(Semaphore.java:284)
01-05 20:14:52.416 29194 29281 W System.err: 	at com.ftdi.j2xx.ProcessInCtrl.acquireReadableBuffer(FT_Device.java:2294)
01-05 20:14:52.416 29194 29281 W System.err: 	at com.ftdi.j2xx.ProcessRequestWorker.run(FT_Device.java:2764)
01-05 20:14:52.416 29194 29281 W System.err: 	at java.lang.Thread.run(Thread.java:818)
01-05 20:14:52.416 29194 29284 W System.err: java.lang.NullPointerException: Attempt to invoke virtual method 'int com.ftdi.j2xx.D2xxManager$DriverParameters.getBufferNumber()' on a null object reference
01-05 20:14:52.417 29194 29283 W RobotCore: could not write to Modern Robotics USB DC Motor Controller [AI049QOP]: FTDI Null Pointer Exception
01-05 20:14:52.417 29194 29283 E RobotCore: java.lang.NullPointerException: Attempt to invoke interface method 'void java.util.concurrent.locks.Lock.unlock()' on a null object reference
01-05 20:14:52.417 29194 29284 W System.err: 	at com.ftdi.j2xx.ProcessInCtrl.releaseWritableBuffers(FT_Device.java:2672)
01-05 20:14:52.417 29194 29284 W System.err: 	at com.ftdi.j2xx.BulkInWorker.run(FT_Device.java:2879)
01-05 20:14:52.417 29194 29284 W System.err: 	at java.lang.Thread.run(Thread.java:818)
01-05 20:14:52.417 29194 29280 D BulkIn::: Stop BulkIn thread
01-05 20:14:52.417 29194 29283 E RobotCore: com.ftdi.j2xx.ProcessInCtrl.readBulkInData(FT_Device.java:2520)
01-05 20:14:52.417 29194 29283 E RobotCore: com.ftdi.j2xx.FT_Device.read(FT_Device.java:666)
01-05 20:14:52.417 29194 29280 W System.err: java.lang.NullPointerException: Attempt to invoke virtual method 'int com.ftdi.j2xx.D2xxManager$DriverParameters.getBufferNumber()' on a null object reference
01-05 20:14:52.417 29194 29283 E RobotCore: com.qualcomm.robotcore.hardware.usb.ftdi.RobotUsbDeviceFtdi.read(RobotUsbDeviceFtdi.java:199)
01-05 20:14:52.417 29194 29283 E RobotCore: com.qualcomm.robotcore.hardware.usb.ftdi.RobotUsbDeviceFtdi.read(RobotUsbDeviceFtdi.java:176)
01-05 20:14:52.417 29194 29283 E RobotCore: com.qualcomm.modernrobotics.ReadWriteRunnableUsbHandler.a(SourceFile:77)
01-05 20:14:52.417 29194 29271 W System.err: 	at java.lang.Thread.run(Thread.java:818)
01-05 20:14:52.417 29194 29283 E RobotCore: com.qualcomm.modernrobotics.ReadWriteRunnableUsbHandler.read(SourceFile:66)
01-05 20:14:52.417 29194 29283 E RobotCore: com.qualcomm.hardware.modernrobotics.ReadWriteRunnableStandard$1.run(ReadWriteRunnableStandard.java:343)
01-05 20:14:52.417 29194 29280 W System.err: com.ftdi.j2xx.ProcessInCtrl.releaseWritableBuffers(FT_Device.java:2672)
01-05 20:14:52.417 29194 29283 E RobotCore: com.qualcomm.robotcore.util.ThreadPool.logThreadLifeCycle(ThreadPool.java:513)
01-05 20:14:52.417 29194 29280 W System.err: 	at com.ftdi.j2xx.BulkInWorker.run(FT_Device.java:2879)
01-05 20:14:52.417 29194 29283 E RobotCore: com.qualcomm.hardware.modernrobotics.ReadWriteRunnableStandard.run(ReadWriteRunnableStandard.java:302)
01-05 20:14:52.417 29194 29283 E RobotCore: java.util.concurrent.ThreadPoolExecutor.runWorker(ThreadPoolExecutor.java:1113)
01-05 20:14:52.417 29194 29280 W System.err: 	at java.lang.Thread.run(Thread.java:818)
01-05 20:14:52.417 29194 29283 E RobotCore: java.util.concurrent.ThreadPoolExecutor$Worker.run(ThreadPoolExecutor.java:588)
01-05 20:14:52.417 29194 29283 E RobotCore: java.lang.Thread.run(Thread.java:818)
01-05 20:14:52.417 29194 29273 W RobotCore: could not write to Modern Robotics USB Core Device Interface Module [AL00VFK6]: FTDI Null Pointer Exception
01-05 20:14:52.417 29194 29273 E RobotCore: java.lang.NullPointerException: Attempt to invoke interface method 'void java.util.concurrent.locks.Lock.unlock()' on a null object reference
01-05 20:14:52.417 29194 29283 V RobotCore: thread: ...terminating 'r/w loop: Modern Robotics USB DC Motor Controller [AI049QOP]'
01-05 20:14:52.417 29194 29273 E RobotCore: com.ftdi.j2xx.ProcessInCtrl.readBulkInData(FT_Device.java:2520)
01-05 20:14:52.417 29194 29273 E RobotCore: com.ftdi.j2xx.FT_Device.read(FT_Device.java:666)
01-05 20:14:52.417 29194 29277 W System.err: com.ftdi.j2xx.ProcessInCtrl.releaseWritableBuffers(FT_Device.java:2672)
01-05 20:14:52.417 29194 29273 E RobotCore: com.qualcomm.robotcore.hardware.usb.ftdi.RobotUsbDeviceFtdi.read(RobotUsbDeviceFtdi.java:199)
01-05 20:14:52.417 29194 29273 E RobotCore: com.qualcomm.robotcore.hardware.usb.ftdi.RobotUsbDeviceFtdi.read(RobotUsbDeviceFtdi.java:176)
01-05 20:14:52.417 29194 29277 W System.err: 	at com.ftdi.j2xx.BulkInWorker.run(FT_Device.java:2879)
01-05 20:14:52.417 29194 29273 E RobotCore: com.qualcomm.modernrobotics.ReadWriteRunnableUsbHandler.a(SourceFile:77)
01-05 20:14:52.417 29194 29273 E RobotCore: com.qualcomm.modernrobotics.ReadWriteRunnableUsbHandler.read(SourceFile:66)
01-05 20:14:52.417 29194 29277 W System.err: 	at java.lang.Thread.run(Thread.java:818)
01-05 20:14:52.417 29194 29273 E RobotCore: com.qualcomm.hardware.modernrobotics.ReadWriteRunnableStandard$1.run(ReadWriteRunnableStandard.java:349)
01-05 20:14:52.417 29194 29273 E RobotCore: com.qualcomm.robotcore.util.ThreadPool.logThreadLifeCycle(ThreadPool.java:513)
01-05 20:14:52.417 29194 29273 E RobotCore: com.qualcomm.hardware.modernrobotics.ReadWriteRunnableStandard.run(ReadWriteRunnableStandard.java:302)
01-05 20:14:52.418 29194 29194 D UsbDeviceConnectionJNI: close
01-05 20:14:52.418 29194 29279 V RobotCore: thread: ...terminating 'r/w loop: Modern Robotics USB DC Motor Controller [AL00VWH0]'
01-05 20:14:52.418 29194 29275 D ProcessRequestThread::: Device has been closed.
01-05 20:14:52.418 29194 29275 W System.err: java.lang.InterruptedException
01-05 20:14:52.418 29194 29275 W System.err: 	at java.util.concurrent.locks.AbstractQueuedSynchronizer.doAcquireSharedInterruptibly(AbstractQueuedSynchronizer.java:972)
01-05 20:14:52.418 29194 29275 W System.err: 	at java.util.concurrent.locks.AbstractQueuedSynchronizer.acquireSharedInterruptibly(AbstractQueuedSynchronizer.java:1278)
01-05 20:14:52.418 29194 29275 W System.err: 	at java.util.concurrent.Semaphore.acquire(Semaphore.java:284)
01-05 20:14:52.418 29194 29275 W System.err: 	at com.ftdi.j2xx.ProcessInCtrl.acquireReadableBuffer(FT_Device.java:2294)
01-05 20:14:52.418 29194 29275 W System.err: 	at com.ftdi.j2xx.ProcessRequestWorker.run(FT_Device.java:2764)
01-05 20:14:52.418 29194 29275 W System.err: 	at java.lang.Thread.run(Thread.java:818)
01-05 20:14:52.419 29194 29276 W RobotCore: could not write to Modern Robotics USB DC Motor Controller [A104OQ1P]: FTDI Null Pointer Exception
01-05 20:14:52.419 29194 29276 E RobotCore: java.lang.NullPointerException: Attempt to invoke interface method 'void java.util.concurrent.locks.Lock.unlock()' on a null object reference
01-05 20:14:52.419 29194 29276 E RobotCore: com.ftdi.j2xx.ProcessInCtrl.readBulkInData(FT_Device.java:2520)
01-05 20:14:52.419 29194 29276 E RobotCore: com.ftdi.j2xx.FT_Device.read(FT_Device.java:666)
01-05 20:14:52.419 29194 29276 E RobotCore: com.qualcomm.robotcore.hardware.usb.ftdi.RobotUsbDeviceFtdi.read(RobotUsbDeviceFtdi.java:199)
01-05 20:14:52.419 29194 29276 E RobotCore: com.qualcomm.robotcore.hardware.usb.ftdi.RobotUsbDeviceFtdi.read(RobotUsbDeviceFtdi.java:176)
01-05 20:14:52.419 29194 29276 E RobotCore: com.qualcomm.modernrobotics.ReadWriteRunnableUsbHandler.a(SourceFile:89)
01-05 20:14:52.419 29194 29276 E RobotCore: com.qualcomm.modernrobotics.ReadWriteRunnableUsbHandler.read(SourceFile:66)
01-05 20:14:52.419 29194 29276 E RobotCore: com.qualcomm.hardware.modernrobotics.ReadWriteRunnableStandard$1.run(ReadWriteRunnableStandard.java:343)
01-05 20:14:52.419 29194 29276 E RobotCore: com.qualcomm.robotcore.util.ThreadPool.logThreadLifeCycle(ThreadPool.java:513)
01-05 20:14:52.419 29194 29276 E RobotCore: com.qualcomm.hardware.modernrobotics.ReadWriteRunnableStandard.run(ReadWriteRunnableStandard.java:302)
01-05 20:14:52.420 29194 29276 E RobotCore: java.util.concurrent.ThreadPoolExecutor.runWorker(ThreadPoolExecutor.java:1113)
01-05 20:14:52.420 29194 29276 E RobotCore: java.util.concurrent.ThreadPoolExecutor$Worker.run(ThreadPoolExecutor.java:588)
01-05 20:14:52.420 29194 29276 E RobotCore: java.lang.Thread.run(Thread.java:818)
01-05 20:14:52.420 29194 29273 E RobotCore: java.util.concurrent.ThreadPoolExecutor.runWorker(ThreadPoolExecutor.java:1113)
01-05 20:14:52.421 29194 29273 E RobotCore: java.util.concurrent.ThreadPoolExecutor$Worker.run(ThreadPoolExecutor.java:588)
01-05 20:14:52.421 29194 29273 E RobotCore: java.lang.Thread.run(Thread.java:818)
01-05 20:14:52.421 29194 29276 V RobotCore: thread: ...terminating 'r/w loop: Modern Robotics USB DC Motor Controller [A104OQ1P]'
01-05 20:14:52.421 29194 29273 V RobotCore: thread: ...terminating 'r/w loop: Modern Robotics USB Core Device Interface Module [AL00VFK6]'
01-05 20:14:52.422 29194 29288 D RobotCore: system telemetry: key=$System$Warning$ msg="problem communicating with Modern Robotics USB DC Motor Controller [AL00VWH0]; problem communicating with Modern Robotics USB DC Motor Controller [AL00VBIF]; problem communicating with Modern Robotics USB DC Motor Controller [A104OQ1P]; problem communicating with Modern Robotics USB Servo Controller [AL00VSDY]; problem communicating with Modern Robotics USB DC Motor Controller [AI049QOP]; problem communicating with Modern Robotics USB Core Device Interface Module [AL00VFK6]"
01-05 20:14:52.424 29194 29288 V RobotCore: event loop: device has shutdown abnormally
01-05 20:14:52.424 29194 29288 V RobotCore: event loop: detaching device owner
01-05 20:14:52.424 29194 29288 I FIRST   : ======= MODULE DETACH RECOVERY: disarm Modern Robotics USB Servo Controller [AL00VSDY]=======
01-05 20:14:52.424 29194 29288 D RobotCore: disarming modern servo controller "Modern Robotics USB Servo Controller [AL00VSDY]"...
01-05 20:14:52.425 29194 29288 V RobotCore: waiting for service ReadWriteRunnable for Modern Robotics USB Device
01-05 20:14:52.427 29194 29288 V RobotCore: awaitTermination returned, isTerminated=true
01-05 20:14:52.428 29194 29288 V RobotCore: executive service ReadWriteRunnable for Modern Robotics USB Device is terminated
01-05 20:14:52.428 29194 29288 D RobotCore: ...disarming modern servo controller Modern Robotics USB Servo Controller [AL00VSDY] complete
01-05 20:14:52.428 29194 29288 I FIRST   : ======= MODULE DETACH RECOVERY: pretend Modern Robotics USB Servo Controller [AL00VSDY]=======
01-05 20:14:52.428 29194 29288 D RobotCore: arming modern servo controller Modern Robotics USB Servo Controller [AL00VSDY] (pretend)...
01-05 20:14:52.429 29194 29288 V RobotCore: Starting up pretend device AL00VSDY
01-05 20:14:52.431 29194 29261 D MediaPlayer: setSubtitleAnchor in MediaPlayer
01-05 20:14:52.432 29194 29312 V RobotCore: thread: 'r/w loop: Modern Robotics USB Servo Controller [AL00VSDY]' starting...
01-05 20:14:52.432 29194 29288 D RobotCore: ...arming modern servo controller Modern Robotics USB Servo Controller [AL00VSDY] complete
01-05 20:14:52.432 29194 29288 I FIRST   : ======= MODULE DETACH RECOVERY: complete Modern Robotics USB Servo Controller [AL00VSDY]=======
01-05 20:14:52.432 29194 29288 V RobotCore: event loop: device has shutdown abnormally
01-05 20:14:52.432 29194 29288 V RobotCore: event loop: detaching device owner
01-05 20:14:52.432 29194 29288 I FIRST   : ======= MODULE DETACH RECOVERY: disarm Modern Robotics USB Core Device Interface Module [AL00VFK6]=======
01-05 20:14:52.433 29194 29288 V RobotCore: executive service ReadWriteRunnable for Modern Robotics USB Device is terminated
01-05 20:14:52.433 29194 29288 I FIRST   : ======= MODULE DETACH RECOVERY: pretend Modern Robotics USB Core Device Interface Module [AL00VFK6]=======
01-05 20:14:52.433 29194 29288 V RobotCore: Starting up pretend device AL00VFK6
01-05 20:14:52.434 29194 29314 V RobotCore: thread: 'r/w loop: Modern Robotics USB Core Device Interface Module [AL00VFK6]' starting...
01-05 20:14:52.435 29194 29288 I FIRST   : ======= MODULE DETACH RECOVERY: complete Modern Robotics USB Core Device Interface Module [AL00VFK6]=======
01-05 20:14:52.435 29194 29288 V RobotCore: event loop: device has shutdown abnormally
01-05 20:14:52.435 29194 29288 V RobotCore: event loop: detaching device owner
01-05 20:14:52.435 29194 29288 I FIRST   : ======= MODULE DETACH RECOVERY: disarm Modern Robotics USB DC Motor Controller [A104OQ1P]=======
01-05 20:14:52.435 29194 29288 D RobotCore: disarming modern motor controller Modern Robotics USB DC Motor Controller [A104OQ1P]...
01-05 20:14:52.435 29194 29288 V RobotCore: waiting for service ReadWriteRunnable for Modern Robotics USB Device
01-05 20:14:52.435 29194 29288 V RobotCore: awaitTermination returned, isTerminated=true
01-05 20:14:52.436 29194 29288 V RobotCore: executive service ReadWriteRunnable for Modern Robotics USB Device is terminated
01-05 20:14:52.436 29194 29288 D RobotCore: ...disarming modern motor controller Modern Robotics USB DC Motor Controller [A104OQ1P] complete
01-05 20:14:52.436 29194 29288 I FIRST   : ======= MODULE DETACH RECOVERY: pretend Modern Robotics USB DC Motor Controller [A104OQ1P]=======
01-05 20:14:52.436 29194 29288 D RobotCore: arming modern motor controller Modern Robotics USB DC Motor Controller [A104OQ1P] (pretend)...
01-05 20:14:52.436 29194 29288 V RobotCore: Starting up pretend device A104OQ1P
01-05 20:14:52.441 29194 29315 V RobotCore: thread: 'r/w loop: Modern Robotics USB DC Motor Controller [A104OQ1P]' starting...
01-05 20:14:52.441 29194 29288 D RobotCore: ...arming modern motor controller Modern Robotics USB DC Motor Controller [A104OQ1P] complete
01-05 20:14:52.441 29194 29288 I FIRST   : ======= MODULE DETACH RECOVERY: complete Modern Robotics USB DC Motor Controller [A104OQ1P]=======
01-05 20:14:52.442 29194 29288 V RobotCore: event loop: device has shutdown abnormally
01-05 20:14:52.442 29194 29288 V RobotCore: event loop: detaching device owner
01-05 20:14:52.442 29194 29288 I FIRST   : ======= MODULE DETACH RECOVERY: disarm Modern Robotics USB DC Motor Controller [AL00VWH0]=======
01-05 20:14:52.442 29194 29288 D RobotCore: disarming modern motor controller Modern Robotics USB DC Motor Controller [AL00VWH0]...
01-05 20:14:52.442 29194 29288 V RobotCore: waiting for service ReadWriteRunnable for Modern Robotics USB Device
01-05 20:14:52.442 29194 29288 V RobotCore: awaitTermination returned, isTerminated=true
01-05 20:14:52.443 29194 29288 V RobotCore: executive service ReadWriteRunnable for Modern Robotics USB Device is terminated
01-05 20:14:52.443 29194 29288 D RobotCore: ...disarming modern motor controller Modern Robotics USB DC Motor Controller [AL00VWH0] complete
01-05 20:14:52.443 29194 29288 I FIRST   : ======= MODULE DETACH RECOVERY: pretend Modern Robotics USB DC Motor Controller [AL00VWH0]=======
01-05 20:14:52.443 29194 29288 D RobotCore: arming modern motor controller Modern Robotics USB DC Motor Controller [AL00VWH0] (pretend)...
01-05 20:14:52.443 29194 29288 V RobotCore: Starting up pretend device AL00VWH0
01-05 20:14:52.444 29194 29194 W MediaPlayer: mediaplayer went away with unhandled events
01-05 20:14:52.448 29194 29316 V RobotCore: thread: 'r/w loop: Modern Robotics USB DC Motor Controller [AL00VWH0]' starting...
01-05 20:14:52.448 29194 29288 D RobotCore: ...arming modern motor controller Modern Robotics USB DC Motor Controller [AL00VWH0] complete
01-05 20:14:52.448 29194 29288 I FIRST   : ======= MODULE DETACH RECOVERY: complete Modern Robotics USB DC Motor Controller [AL00VWH0]=======
01-05 20:14:52.449 29194 29288 V RobotCore: event loop: device has shutdown abnormally
01-05 20:14:52.449 29194 29288 V RobotCore: event loop: detaching device owner
01-05 20:14:52.449 29194 29288 I FIRST   : ======= MODULE DETACH RECOVERY: disarm Modern Robotics USB DC Motor Controller [AI049QOP]=======
01-05 20:14:52.449 29194 29288 D RobotCore: disarming modern motor controller Modern Robotics USB DC Motor Controller [AI049QOP]...
01-05 20:14:52.449 29194 29288 V RobotCore: waiting for service ReadWriteRunnable for Modern Robotics USB Device
01-05 20:14:52.450 29194 29288 V RobotCore: awaitTermination returned, isTerminated=true
01-05 20:14:52.450 29194 29288 V RobotCore: executive service ReadWriteRunnable for Modern Robotics USB Device is terminated
01-05 20:14:52.451 29194 29288 D RobotCore: ...disarming modern motor controller Modern Robotics USB DC Motor Controller [AI049QOP] complete
01-05 20:14:52.451 29194 29288 I FIRST   : ======= MODULE DETACH RECOVERY: pretend Modern Robotics USB DC Motor Controller [AI049QOP]=======
01-05 20:14:52.452 29194 29288 D RobotCore: arming modern motor controller Modern Robotics USB DC Motor Controller [AI049QOP] (pretend)...
01-05 20:14:52.452 29194 29288 V RobotCore: Starting up pretend device AI049QOP
01-05 20:14:52.453 29194 29317 V RobotCore: thread: 'r/w loop: Modern Robotics USB DC Motor Controller [AI049QOP]' starting...
01-05 20:14:52.454 29194 29259 D ExtendedUtils: extended extractor not needed, return default
01-05 20:14:52.454 29194 29288 D RobotCore: ...arming modern motor controller Modern Robotics USB DC Motor Controller [AI049QOP] complete
01-05 20:14:52.454 29194 29288 I FIRST   : ======= MODULE DETACH RECOVERY: complete Modern Robotics USB DC Motor Controller [AI049QOP]=======
01-05 20:14:52.454 29194 29288 V RobotCore: event loop: device has shutdown abnormally
01-05 20:14:52.454 29194 29288 V RobotCore: event loop: detaching device owner
01-05 20:14:52.454 29194 29288 I FIRST   : ======= MODULE DETACH RECOVERY: disarm Modern Robotics USB DC Motor Controller [AL00VBIF]=======
01-05 20:14:52.454 29194 29288 D RobotCore: disarming modern motor controller Modern Robotics USB DC Motor Controller [AL00VBIF]...
01-05 20:14:52.455 29194 29288 V RobotCore: waiting for service ReadWriteRunnable for Modern Robotics USB Device
01-05 20:14:52.455 29194 29259 I MediaCodec: (0xb7559d40) init name(audio/raw) isType(1) encoder(0)
01-05 20:14:52.455 29194 29288 V RobotCore: awaitTermination returned, isTerminated=true
01-05 20:14:52.455 29194 29288 V RobotCore: executive service ReadWriteRunnable for Modern Robotics USB Device is terminated
01-05 20:14:52.455 29194 29288 D RobotCore: ...disarming modern motor controller Modern Robotics USB DC Motor Controller [AL00VBIF] complete
01-05 20:14:52.455 29194 29288 I FIRST   : ======= MODULE DETACH RECOVERY: pretend Modern Robotics USB DC Motor Controller [AL00VBIF]=======
01-05 20:14:52.455 29194 29288 D RobotCore: arming modern motor controller Modern Robotics USB DC Motor Controller [AL00VBIF] (pretend)...
01-05 20:14:52.455 29194 29288 V RobotCore: Starting up pretend device AL00VBIF
01-05 20:14:52.456 29194 29318 I OMXClient: Using client-side OMX mux.
01-05 20:14:52.457 29194 29319 V RobotCore: thread: 'r/w loop: Modern Robotics USB DC Motor Controller [AL00VBIF]' starting...
01-05 20:14:52.457 29194 29288 D RobotCore: ...arming modern motor controller Modern Robotics USB DC Motor Controller [AL00VBIF] complete
01-05 20:14:52.457 29194 29288 I FIRST   : ======= MODULE DETACH RECOVERY: complete Modern Robotics USB DC Motor Controller [AL00VBIF]=======
01-05 20:14:52.462 29194 29318 E OMXMaster: A component of name 'OMX.qcom.audio.decoder.aac' already exists, ignoring this one.
01-05 20:14:52.464 29194 29318 I MediaCodec: (0xb7559d40) Component Allocated (OMX.google.raw.decoder)
01-05 20:14:52.464 29194 29259 I MediaCodec: (0xb7559d40) configure surface(0x0) crypto(0x0) flags(0)
01-05 20:14:52.464 29194 29259 D MediaCodec: (0xb7559d40) configure format: AMessage(what = 0x00000000) = {
01-05 20:14:52.464 29194 29259 D MediaCodec:    string mime = "audio/raw"
01-05 20:14:52.464 29194 29259 D MediaCodec:    int64_t durationUs = 1043650
01-05 20:14:52.464 29194 29259 D MediaCodec:    int32_t channel-count = 2
01-05 20:14:52.464 29194 29259 D MediaCodec:    int32_t sample-rate = 44100
01-05 20:14:52.464 29194 29259 D MediaCodec:    int32_t channel-mask = 0
01-05 20:14:52.464 29194 29259 D MediaCodec:  }
01-05 20:14:52.466 29194 29259 I MediaCodec: (0xb7559d40) start
01-05 20:14:52.467 29194 29318 I MediaCodec: (0xb7559d40) input buffers allocated
01-05 20:14:52.467 29194 29318 I MediaCodec: (0xb7559d40) numBuffers (4)
01-05 20:14:52.467 29194 29318 I MediaCodec: (0xb7559d40) output buffers allocated
01-05 20:14:52.467 29194 29318 I MediaCodec: (0xb7559d40) numBuffers (4)
01-05 20:14:52.468 29194 29318 I MediaCodec: (0xb7559d40) codec output format changed
01-05 20:14:52.468 29194 29318 D MediaCodec: (0xb7559d40) output format: AMessage(what = 'codc', target = 10) = {
01-05 20:14:52.468 29194 29318 D MediaCodec:    string mime = "audio/raw"
01-05 20:14:52.468 29194 29318 D MediaCodec:    int32_t channel-count = 2
01-05 20:14:52.468 29194 29318 D MediaCodec:    int32_t sample-rate = 44100
01-05 20:14:52.468 29194 29318 D MediaCodec:    int32_t channel-mask = 0
01-05 20:14:52.468 29194 29318 D MediaCodec:    int32_t what = 1869968451
01-05 20:14:52.468 29194 29318 D MediaCodec:  }
01-05 20:14:52.476 29194 29259 I MediaCodec: (0xb7559d40) stop
01-05 20:14:52.478 29194 29259 I MediaCodec: (0xb7559d40) release
01-05 20:14:52.482 29194 29261 W AudioTrack: AUDIO_OUTPUT_FLAG_FAST denied by client; transfer 4, track 44100 Hz, output 48000 Hz
01-05 20:14:53.526 29194 29261 W AudioTrack: AUDIO_OUTPUT_FLAG_FAST denied by client; transfer 4, track 44100 Hz, output 48000 Hz
01-05 20:15:07.474 29194 29194 V RCActivity: onPause()
01-05 20:15:10.846 29194 29200 I art     : Debugger is no longer active
01-05 20:15:10.897 29194 29194 V RCActivity: onResume()
