01-05 21:37:59.817  2331  2414 E RobotCore: com.qualcomm.robotcore.hardware.usb.ftdi.RobotUsbDeviceFtdi.read(RobotUsbDeviceFtdi.java:176)
01-05 21:37:59.817  2331  2414 E RobotCore: com.qualcomm.modernrobotics.ReadWriteRunnableUsbHandler.a(SourceFile:77)
01-05 21:37:59.817  2331  2414 E RobotCore: com.qualcomm.modernrobotics.ReadWriteRunnableUsbHandler.read(SourceFile:66)
01-05 21:37:59.817  2331  2414 E RobotCore: com.qualcomm.hardware.modernrobotics.ReadWriteRunnableStandard$1.run(ReadWriteRunnableStandard.java:343)
01-05 21:37:59.818  2331  2414 E RobotCore: com.qualcomm.robotcore.util.ThreadPool.logThreadLifeCycle(ThreadPool.java:513)
01-05 21:37:59.818  2331  2414 E RobotCore: com.qualcomm.hardware.modernrobotics.ReadWriteRunnableStandard.run(ReadWriteRunnableStandard.java:302)
01-05 21:37:59.818  2331  2414 E RobotCore: java.util.concurrent.ThreadPoolExecutor.runWorker(ThreadPoolExecutor.java:1113)
01-05 21:37:59.818  2331  2414 E RobotCore: java.util.concurrent.ThreadPoolExecutor$Worker.run(ThreadPoolExecutor.java:588)
01-05 21:37:59.818  2331  2414 E RobotCore: java.lang.Thread.run(Thread.java:818)
01-05 21:37:59.818  2331  2414 V RobotCore: thread: ...terminating 'r/w loop: Modern Robotics USB DC Motor Controller [AI049QOP]'
01-05 21:37:59.823  2331  2331 D UsbDeviceConnectionJNI: close
01-05 21:37:59.823  2331  2406 D ProcessRequestThread::: Device has been closed.
01-05 21:37:59.823  2331  2406 W System.err: java.lang.InterruptedException
01-05 21:37:59.823  2331  2406 W System.err: 	at java.util.concurrent.locks.AbstractQueuedSynchronizer.doAcquireSharedInterruptibly(AbstractQueuedSynchronizer.java:972)
01-05 21:37:59.823  2331  2406 W System.err: 	at java.util.concurrent.locks.AbstractQueuedSynchronizer.acquireSharedInterruptibly(AbstractQueuedSynchronizer.java:1278)
01-05 21:37:59.823  2331  2405 D BulkIn::: Stop BulkIn thread
01-05 21:37:59.823  2331  2406 W System.err: 	at java.util.concurrent.Semaphore.acquire(Semaphore.java:284)
01-05 21:37:59.823  2331  2406 W System.err: 	at com.ftdi.j2xx.ProcessInCtrl.acquireReadableBuffer(FT_Device.java:2294)
01-05 21:37:59.823  2331  2406 W System.err: 	at com.ftdi.j2xx.ProcessRequestWorker.run(FT_Device.java:2764)
01-05 21:37:59.823  2331  2406 W System.err: 	at java.lang.Thread.run(Thread.java:818)
01-05 21:37:59.824  2331  2407 W RobotCore: could not write to Modern Robotics USB DC Motor Controller [A104OQ1P]: FTDI Null Pointer Exception
01-05 21:37:59.824  2331  2407 E RobotCore: java.lang.NullPointerException: Attempt to invoke interface method 'void java.util.concurrent.locks.Lock.unlock()' on a null object reference
01-05 21:37:59.824  2331  2407 E RobotCore: com.ftdi.j2xx.ProcessInCtrl.readBulkInData(FT_Device.java:2520)
01-05 21:37:59.824  2331  2407 E RobotCore: com.ftdi.j2xx.FT_Device.read(FT_Device.java:666)
01-05 21:37:59.824  2331  2407 E RobotCore: com.qualcomm.robotcore.hardware.usb.ftdi.RobotUsbDeviceFtdi.read(RobotUsbDeviceFtdi.java:199)
01-05 21:37:59.824  2331  2407 E RobotCore: com.qualcomm.robotcore.hardware.usb.ftdi.RobotUsbDeviceFtdi.read(RobotUsbDeviceFtdi.java:176)
01-05 21:37:59.824  2331  2407 E RobotCore: com.qualcomm.modernrobotics.ReadWriteRunnableUsbHandler.a(SourceFile:77)
01-05 21:37:59.824  2331  2407 E RobotCore: com.qualcomm.modernrobotics.ReadWriteRunnableUsbHandler.read(SourceFile:66)
01-05 21:37:59.824  2331  2407 E RobotCore: com.qualcomm.hardware.modernrobotics.ReadWriteRunnableStandard$1.run(ReadWriteRunnableStandard.java:343)
01-05 21:37:59.824  2331  2407 E RobotCore: com.qualcomm.robotcore.util.ThreadPool.logThreadLifeCycle(ThreadPool.java:513)
01-05 21:37:59.824  2331  2407 E RobotCore: com.qualcomm.hardware.modernrobotics.ReadWriteRunnableStandard.run(ReadWriteRunnableStandard.java:302)
01-05 21:37:59.824  2331  2407 E RobotCore: java.util.concurrent.ThreadPoolExecutor.runWorker(ThreadPoolExecutor.java:1113)
01-05 21:37:59.824  2331  2407 E RobotCore: java.util.concurrent.ThreadPoolExecutor$Worker.run(ThreadPoolExecutor.java:588)
01-05 21:37:59.824  2331  2407 E RobotCore: java.lang.Thread.run(Thread.java:818)
01-05 21:37:59.825  2331  2429 D RobotCore: system telemetry: key=$System$Warning$ msg="problem communicating with Modern Robotics USB DC Motor Controller [AL00VWH0]; problem communicating with Modern Robotics USB DC Motor Controller [A104OQ1P]; problem communicating with Modern Robotics USB DC Motor Controller [AL00VBIF]; problem communicating with Modern Robotics USB DC Motor Controller [AI049QOP]; problem communicating with Modern Robotics USB Servo Controller [AL00VSDY]; problem communicating with Modern Robotics USB Core Device Interface Module [AL00VFK6]"
01-05 21:37:59.826  2331  2429 V RobotCore: event loop: device has shutdown abnormally
01-05 21:37:59.826  2331  2429 V RobotCore: event loop: detaching device owner
01-05 21:37:59.826  2331  2429 I FIRST   : ======= MODULE DETACH RECOVERY: disarm Modern Robotics USB Servo Controller [AL00VSDY]=======
01-05 21:37:59.826  2331  2429 D RobotCore: disarming modern servo controller "Modern Robotics USB Servo Controller [AL00VSDY]"...
01-05 21:37:59.826  2331  2429 V RobotCore: waiting for service ReadWriteRunnable for Modern Robotics USB Device
01-05 21:37:59.827  2331  2405 W System.err: java.lang.NullPointerException: Attempt to invoke virtual method 'int com.ftdi.j2xx.D2xxManager$DriverParameters.getBufferNumber()' on a null object reference
01-05 21:37:59.827  2331  2405 W System.err: 	at com.ftdi.j2xx.ProcessInCtrl.releaseWritableBuffers(FT_Device.java:2672)
01-05 21:37:59.827  2331  2405 W System.err: 	at com.ftdi.j2xx.BulkInWorker.run(FT_Device.java:2879)
01-05 21:37:59.827  2331  2405 W System.err: 	at java.lang.Thread.run(Thread.java:818)
01-05 21:37:59.827  2331  2429 V RobotCore: awaitTermination returned, isTerminated=true
01-05 21:37:59.827  2331  2429 V RobotCore: executive service ReadWriteRunnable for Modern Robotics USB Device is terminated
01-05 21:37:59.827  2331  2429 D RobotCore: ...disarming modern servo controller Modern Robotics USB Servo Controller [AL00VSDY] complete
01-05 21:37:59.827  2331  2429 I FIRST   : ======= MODULE DETACH RECOVERY: pretend Modern Robotics USB Servo Controller [AL00VSDY]=======
01-05 21:37:59.827  2331  2429 D RobotCore: arming modern servo controller Modern Robotics USB Servo Controller [AL00VSDY] (pretend)...
01-05 21:37:59.828  2331  2407 V RobotCore: thread: ...terminating 'r/w loop: Modern Robotics USB DC Motor Controller [A104OQ1P]'
01-05 21:37:59.828  2331  2429 V RobotCore: Starting up pretend device AL00VSDY
01-05 21:37:59.831  2331  2456 V RobotCore: thread: 'r/w loop: Modern Robotics USB Servo Controller [AL00VSDY]' starting...
01-05 21:37:59.832  2331  2429 D RobotCore: ...arming modern servo controller Modern Robotics USB Servo Controller [AL00VSDY] complete
01-05 21:37:59.832  2331  2429 I FIRST   : ======= MODULE DETACH RECOVERY: complete Modern Robotics USB Servo Controller [AL00VSDY]=======
01-05 21:37:59.832  2331  2429 V RobotCore: event loop: device has shutdown abnormally
01-05 21:37:59.832  2331  2429 V RobotCore: event loop: detaching device owner
01-05 21:37:59.832  2331  2429 I FIRST   : ======= MODULE DETACH RECOVERY: disarm Modern Robotics USB Core Device Interface Module [AL00VFK6]=======
01-05 21:37:59.833  2331  2429 V RobotCore: waiting for service ReadWriteRunnable for Modern Robotics USB Device
01-05 21:37:59.839  2331  2393 D MediaPlayer: setSubtitleAnchor in MediaPlayer
01-05 21:37:59.860  2331  2391 D ExtendedUtils: extended extractor not needed, return default
01-05 21:37:59.860  2331  2391 I MediaCodec: (0xb767ce78) init name(audio/raw) isType(1) encoder(0)
01-05 21:37:59.861  2331  2458 I OMXClient: Using client-side OMX mux.
01-05 21:37:59.864  2331  2458 E OMXMaster: A component of name 'OMX.qcom.audio.decoder.aac' already exists, ignoring this one.
01-05 21:37:59.866  2331  2458 I MediaCodec: (0xb767ce78) Component Allocated (OMX.google.raw.decoder)
01-05 21:37:59.866  2331  2391 I MediaCodec: (0xb767ce78) configure surface(0x0) crypto(0x0) flags(0)
01-05 21:37:59.866  2331  2391 D MediaCodec: (0xb767ce78) configure format: AMessage(what = 0x00000000) = {
01-05 21:37:59.866  2331  2391 D MediaCodec:    string mime = "audio/raw"
01-05 21:37:59.866  2331  2391 D MediaCodec:    int64_t durationUs = 1043650
01-05 21:37:59.866  2331  2391 D MediaCodec:    int32_t channel-count = 2
01-05 21:37:59.866  2331  2391 D MediaCodec:    int32_t sample-rate = 44100
01-05 21:37:59.866  2331  2391 D MediaCodec:    int32_t channel-mask = 0
01-05 21:37:59.866  2331  2391 D MediaCodec:  }
01-05 21:37:59.867  2331  2391 I MediaCodec: (0xb767ce78) start
01-05 21:37:59.868  2331  2458 I MediaCodec: (0xb767ce78) input buffers allocated
01-05 21:37:59.868  2331  2458 I MediaCodec: (0xb767ce78) numBuffers (4)
01-05 21:37:59.868  2331  2458 I MediaCodec: (0xb767ce78) output buffers allocated
01-05 21:37:59.868  2331  2458 I MediaCodec: (0xb767ce78) numBuffers (4)
01-05 21:37:59.869  2331  2458 I MediaCodec: (0xb767ce78) codec output format changed
01-05 21:37:59.869  2331  2458 D MediaCodec: (0xb767ce78) output format: AMessage(what = 'codc', target = 10) = {
01-05 21:37:59.869  2331  2458 D MediaCodec:    string mime = "audio/raw"
01-05 21:37:59.869  2331  2458 D MediaCodec:    int32_t channel-count = 2
01-05 21:37:59.869  2331  2458 D MediaCodec:    int32_t sample-rate = 44100
01-05 21:37:59.869  2331  2458 D MediaCodec:    int32_t channel-mask = 0
01-05 21:37:59.869  2331  2458 D MediaCodec:    int32_t what = 1869968451
01-05 21:37:59.869  2331  2458 D MediaCodec:  }
01-05 21:37:59.877  2331  2391 I MediaCodec: (0xb767ce78) stop
01-05 21:37:59.878  2331  2391 I MediaCodec: (0xb767ce78) release
01-05 21:37:59.882  2331  2393 W AudioTrack: AUDIO_OUTPUT_FLAG_FAST denied by client; transfer 4, track 44100 Hz, output 48000 Hz
01-05 21:37:59.913  2331  2429 V RobotCore: awaitTermination returned, isTerminated=true
01-05 21:37:59.913  2331  2429 V RobotCore: executive service ReadWriteRunnable for Modern Robotics USB Device is terminated
01-05 21:37:59.913  2331  2429 I FIRST   : ======= MODULE DETACH RECOVERY: pretend Modern Robotics USB Core Device Interface Module [AL00VFK6]=======
01-05 21:37:59.913  2331  2429 V RobotCore: Starting up pretend device AL00VFK6
01-05 21:37:59.920  2331  2462 V RobotCore: thread: 'r/w loop: Modern Robotics USB Core Device Interface Module [AL00VFK6]' starting...
01-05 21:37:59.920  2331  2429 I FIRST   : ======= MODULE DETACH RECOVERY: complete Modern Robotics USB Core Device Interface Module [AL00VFK6]=======
01-05 21:37:59.920  2331  2429 V RobotCore: event loop: device has shutdown abnormally
01-05 21:37:59.920  2331  2429 V RobotCore: event loop: detaching device owner
01-05 21:37:59.921  2331  2429 I FIRST   : ======= MODULE DETACH RECOVERY: disarm Modern Robotics USB DC Motor Controller [A104OQ1P]=======
01-05 21:37:59.921  2331  2429 D RobotCore: disarming modern motor controller Modern Robotics USB DC Motor Controller [A104OQ1P]...
01-05 21:37:59.921  2331  2429 V RobotCore: waiting for service ReadWriteRunnable for Modern Robotics USB Device
01-05 21:37:59.922  2331  2429 V RobotCore: awaitTermination returned, isTerminated=true
01-05 21:37:59.922  2331  2429 V RobotCore: executive service ReadWriteRunnable for Modern Robotics USB Device is terminated
01-05 21:37:59.922  2331  2429 D RobotCore: ...disarming modern motor controller Modern Robotics USB DC Motor Controller [A104OQ1P] complete
01-05 21:37:59.922  2331  2429 I FIRST   : ======= MODULE DETACH RECOVERY: pretend Modern Robotics USB DC Motor Controller [A104OQ1P]=======
01-05 21:37:59.922  2331  2429 D RobotCore: arming modern motor controller Modern Robotics USB DC Motor Controller [A104OQ1P] (pretend)...
01-05 21:37:59.922  2331  2429 V RobotCore: Starting up pretend device A104OQ1P
01-05 21:37:59.925  2331  2463 V RobotCore: thread: 'r/w loop: Modern Robotics USB DC Motor Controller [A104OQ1P]' starting...
01-05 21:37:59.925  2331  2429 D RobotCore: ...arming modern motor controller Modern Robotics USB DC Motor Controller [A104OQ1P] complete
01-05 21:37:59.925  2331  2429 I FIRST   : ======= MODULE DETACH RECOVERY: complete Modern Robotics USB DC Motor Controller [A104OQ1P]=======
01-05 21:37:59.925  2331  2429 V RobotCore: event loop: device has shutdown abnormally
01-05 21:37:59.925  2331  2429 V RobotCore: event loop: detaching device owner
01-05 21:37:59.926  2331  2429 I FIRST   : ======= MODULE DETACH RECOVERY: disarm Modern Robotics USB DC Motor Controller [AL00VWH0]=======
01-05 21:37:59.926  2331  2429 D RobotCore: disarming modern motor controller Modern Robotics USB DC Motor Controller [AL00VWH0]...
01-05 21:37:59.926  2331  2429 V RobotCore: waiting for service ReadWriteRunnable for Modern Robotics USB Device
01-05 21:37:59.926  2331  2429 V RobotCore: awaitTermination returned, isTerminated=true
01-05 21:37:59.926  2331  2429 V RobotCore: executive service ReadWriteRunnable for Modern Robotics USB Device is terminated
01-05 21:37:59.926  2331  2429 D RobotCore: ...disarming modern motor controller Modern Robotics USB DC Motor Controller [AL00VWH0] complete
01-05 21:37:59.926  2331  2429 I FIRST   : ======= MODULE DETACH RECOVERY: pretend Modern Robotics USB DC Motor Controller [AL00VWH0]=======
01-05 21:37:59.926  2331  2429 D RobotCore: arming modern motor controller Modern Robotics USB DC Motor Controller [AL00VWH0] (pretend)...
01-05 21:37:59.926  2331  2429 V RobotCore: Starting up pretend device AL00VWH0
01-05 21:37:59.928  2331  2464 V RobotCore: thread: 'r/w loop: Modern Robotics USB DC Motor Controller [AL00VWH0]' starting...
01-05 21:37:59.928  2331  2429 D RobotCore: ...arming modern motor controller Modern Robotics USB DC Motor Controller [AL00VWH0] complete
01-05 21:37:59.929  2331  2429 I FIRST   : ======= MODULE DETACH RECOVERY: complete Modern Robotics USB DC Motor Controller [AL00VWH0]=======
01-05 21:37:59.929  2331  2429 V RobotCore: event loop: device has shutdown abnormally
01-05 21:37:59.929  2331  2429 V RobotCore: event loop: detaching device owner
01-05 21:37:59.929  2331  2429 I FIRST   : ======= MODULE DETACH RECOVERY: disarm Modern Robotics USB DC Motor Controller [AI049QOP]=======
01-05 21:37:59.929  2331  2429 D RobotCore: disarming modern motor controller Modern Robotics USB DC Motor Controller [AI049QOP]...
01-05 21:37:59.929  2331  2429 V RobotCore: waiting for service ReadWriteRunnable for Modern Robotics USB Device
01-05 21:37:59.929  2331  2429 V RobotCore: awaitTermination returned, isTerminated=true
01-05 21:37:59.929  2331  2429 V RobotCore: executive service ReadWriteRunnable for Modern Robotics USB Device is terminated
01-05 21:37:59.929  2331  2429 D RobotCore: ...disarming modern motor controller Modern Robotics USB DC Motor Controller [AI049QOP] complete
01-05 21:37:59.929  2331  2429 I FIRST   : ======= MODULE DETACH RECOVERY: pretend Modern Robotics USB DC Motor Controller [AI049QOP]=======
01-05 21:37:59.930  2331  2429 D RobotCore: arming modern motor controller Modern Robotics USB DC Motor Controller [AI049QOP] (pretend)...
01-05 21:37:59.930  2331  2429 V RobotCore: Starting up pretend device AI049QOP
01-05 21:37:59.931  2331  2465 V RobotCore: thread: 'r/w loop: Modern Robotics USB DC Motor Controller [AI049QOP]' starting...
01-05 21:37:59.932  2331  2429 D RobotCore: ...arming modern motor controller Modern Robotics USB DC Motor Controller [AI049QOP] complete
01-05 21:37:59.932  2331  2429 I FIRST   : ======= MODULE DETACH RECOVERY: complete Modern Robotics USB DC Motor Controller [AI049QOP]=======
01-05 21:37:59.932  2331  2429 V RobotCore: event loop: device has shutdown abnormally
01-05 21:37:59.932  2331  2429 V RobotCore: event loop: detaching device owner
01-05 21:37:59.932  2331  2429 I FIRST   : ======= MODULE DETACH RECOVERY: disarm Modern Robotics USB DC Motor Controller [AL00VBIF]=======
01-05 21:37:59.932  2331  2429 D RobotCore: disarming modern motor controller Modern Robotics USB DC Motor Controller [AL00VBIF]...
01-05 21:37:59.932  2331  2429 V RobotCore: waiting for service ReadWriteRunnable for Modern Robotics USB Device
01-05 21:37:59.932  2331  2429 V RobotCore: awaitTermination returned, isTerminated=true
01-05 21:37:59.932  2331  2429 V RobotCore: executive service ReadWriteRunnable for Modern Robotics USB Device is terminated
01-05 21:37:59.933  2331  2429 D RobotCore: ...disarming modern motor controller Modern Robotics USB DC Motor Controller [AL00VBIF] complete
01-05 21:37:59.933  2331  2429 I FIRST   : ======= MODULE DETACH RECOVERY: pretend Modern Robotics USB DC Motor Controller [AL00VBIF]=======
01-05 21:37:59.933  2331  2429 D RobotCore: arming modern motor controller Modern Robotics USB DC Motor Controller [AL00VBIF] (pretend)...
01-05 21:37:59.933  2331  2429 V RobotCore: Starting up pretend device AL00VBIF
01-05 21:37:59.935  2331  2466 V RobotCore: thread: 'r/w loop: Modern Robotics USB DC Motor Controller [AL00VBIF]' starting...
01-05 21:37:59.936  2331  2429 D RobotCore: ...arming modern motor controller Modern Robotics USB DC Motor Controller [AL00VBIF] complete
01-05 21:37:59.936  2331  2429 I FIRST   : ======= MODULE DETACH RECOVERY: complete Modern Robotics USB DC Motor Controller [AL00VBIF]=======
01-05 21:37:59.939  2331  2341 I art     : Background sticky concurrent mark sweep GC freed 96200(3MB) AllocSpace objects, 0(0B) LOS objects, 21% free, 12MB/15MB, paused 1.321ms total 107.856ms
01-05 21:38:00.927  2331  2393 W AudioTrack: AUDIO_OUTPUT_FLAG_FAST denied by client; transfer 4, track 44100 Hz, output 48000 Hz
01-05 21:38:05.160  2331  2331 V RCActivity: onPause()
01-05 21:38:05.169  2331  2331 V RCActivity: onStop()
01-05 21:38:05.169  2331  2331 V RobotCore: executive service robot setup is terminated
01-05 21:38:05.169  2331  2331 V Robocol : EventLoopManager.shutdown()
01-05 21:38:05.170  2331  2331 V RobotCore: waiting for service EventLoop
01-05 21:38:05.170  2331  2429 V RobotCore: EventLoopRunnable interrupted
01-05 21:38:05.170  2331  2429 V RobotCore: EventLoopManager state is STOPPED
01-05 21:38:05.170  2331  2429 V RobotCore: Robot Status: stopped
01-05 21:38:05.170  2331  2429 I FIRST   : ======= TEARDOWN =======
01-05 21:38:05.171  2331  2429 D RobotCore: disarming modern motor controller Modern Robotics USB DC Motor Controller [A104OQ1P]...
01-05 21:38:05.173  2331  2463 V RobotCore: thread: ...terminating 'r/w loop: Modern Robotics USB DC Motor Controller [A104OQ1P]'
01-05 21:38:05.174  2331  2429 V RobotCore: executive service ReadWriteRunnable for Modern Robotics USB Device is terminated
01-05 21:38:05.175  2331  2429 D RobotCore: ...disarming modern motor controller Modern Robotics USB DC Motor Controller [A104OQ1P] complete
01-05 21:38:05.175  2331  2429 D RobotCore: disarming modern motor controller Modern Robotics USB DC Motor Controller [AL00VWH0]...
01-05 21:38:05.178  2331  2464 V RobotCore: thread: ...terminating 'r/w loop: Modern Robotics USB DC Motor Controller [AL00VWH0]'
01-05 21:38:05.179  2331  2429 V RobotCore: executive service ReadWriteRunnable for Modern Robotics USB Device is terminated
01-05 21:38:05.179  2331  2429 D RobotCore: ...disarming modern motor controller Modern Robotics USB DC Motor Controller [AL00VWH0] complete
01-05 21:38:05.179  2331  2429 D RobotCore: disarming modern motor controller Modern Robotics USB DC Motor Controller [AL00VBIF]...
01-05 21:38:05.181  2331  2466 V RobotCore: thread: ...terminating 'r/w loop: Modern Robotics USB DC Motor Controller [AL00VBIF]'
01-05 21:38:05.181  2331  2429 V RobotCore: executive service ReadWriteRunnable for Modern Robotics USB Device is terminated
01-05 21:38:05.181  2331  2429 D RobotCore: ...disarming modern motor controller Modern Robotics USB DC Motor Controller [AL00VBIF] complete
01-05 21:38:05.181  2331  2429 D RobotCore: disarming modern motor controller Modern Robotics USB DC Motor Controller [AI049QOP]...
01-05 21:38:05.184  2331  2429 V RobotCore: waiting for service ReadWriteRunnable for Modern Robotics USB Device
01-05 21:38:05.184  2331  2465 V RobotCore: thread: ...terminating 'r/w loop: Modern Robotics USB DC Motor Controller [AI049QOP]'
01-05 21:38:05.187  2331  2429 V RobotCore: awaitTermination returned, isTerminated=true
01-05 21:38:05.187  2331  2429 V RobotCore: executive service ReadWriteRunnable for Modern Robotics USB Device is terminated
01-05 21:38:05.187  2331  2429 D RobotCore: ...disarming modern motor controller Modern Robotics USB DC Motor Controller [AI049QOP] complete
01-05 21:38:05.187  2331  2429 D RobotCore: disarming modern servo controller "Modern Robotics USB Servo Controller [AL00VSDY]"...
01-05 21:38:05.189  2331  2429 V RobotCore: waiting for service ReadWriteRunnable for Modern Robotics USB Device
01-05 21:38:05.189  2331  2456 V RobotCore: thread: ...terminating 'r/w loop: Modern Robotics USB Servo Controller [AL00VSDY]'
01-05 21:38:05.189  2331  2429 V RobotCore: awaitTermination returned, isTerminated=true
01-05 21:38:05.189  2331  2429 V RobotCore: executive service ReadWriteRunnable for Modern Robotics USB Device is terminated
01-05 21:38:05.189  2331  2429 D RobotCore: ...disarming modern servo controller Modern Robotics USB Servo Controller [AL00VSDY] complete
01-05 21:38:05.196  2331  2429 V RobotCore: waiting for service ReadWriteRunnable for Modern Robotics USB Device
01-05 21:38:05.196  2331  2462 V RobotCore: thread: ...terminating 'r/w loop: Modern Robotics USB Core Device Interface Module [AL00VFK6]'
01-05 21:38:05.196  2331  2429 V RobotCore: awaitTermination returned, isTerminated=true
01-05 21:38:05.196  2331  2429 V RobotCore: executive service ReadWriteRunnable for Modern Robotics USB Device is terminated
01-05 21:38:05.197  2331  2429 I FIRST   : ======= TEARDOWN COMPLETE =======
01-05 21:38:05.197  2331  2429 V RobotCore: thread: ...terminating 'opmode loop()'
01-05 21:38:05.198  2331  2331 V RobotCore: awaitTermination returned, isTerminated=true
01-05 21:38:05.198  2331  2331 V RobotCore: executive service EventLoop is terminated
01-05 21:38:05.198  2331  2331 V RobotCore: EventLoopManager state is STOPPED
01-05 21:38:05.207  2331  2385 D RobotCore: system telemetry: key=$System$None$ msg=""
