01-05 21:32:39.307  1249  1436 D MediaCodec:    string mime = "audio/raw"
01-05 21:32:39.307  1249  1436 D MediaCodec:    int64_t durationUs = 1019125
01-05 21:32:39.307  1249  1436 D MediaCodec:    int32_t channel-count = 1
01-05 21:32:39.307  1249  1436 D MediaCodec:    int32_t sample-rate = 8000
01-05 21:32:39.307  1249  1436 D MediaCodec:    int32_t channel-mask = 0
01-05 21:32:39.307  1249  1436 D MediaCodec:  }
01-05 21:32:39.309  1249  1436 I MediaCodec: (0xb761ea50) start
01-05 21:32:39.309  1249  1446 I MediaCodec: (0xb761ea50) input buffers allocated
01-05 21:32:39.309  1249  1446 I MediaCodec: (0xb761ea50) numBuffers (4)
01-05 21:32:39.309  1249  1446 I MediaCodec: (0xb761ea50) output buffers allocated
01-05 21:32:39.309  1249  1446 I MediaCodec: (0xb761ea50) numBuffers (4)
01-05 21:32:39.316  1249  1446 I MediaCodec: (0xb761ea50) codec output format changed
01-05 21:32:39.316  1249  1446 D MediaCodec: (0xb761ea50) output format: AMessage(what = 'codc', target = 2) = {
01-05 21:32:39.316  1249  1446 D MediaCodec:    string mime = "audio/raw"
01-05 21:32:39.316  1249  1446 D MediaCodec:    int32_t channel-count = 1
01-05 21:32:39.316  1249  1446 D MediaCodec:    int32_t sample-rate = 8000
01-05 21:32:39.316  1249  1446 D MediaCodec:    int32_t channel-mask = 0
01-05 21:32:39.316  1249  1446 D MediaCodec:    int32_t what = 1869968451
01-05 21:32:39.316  1249  1446 D MediaCodec:  }
01-05 21:32:39.317  1249  1436 I MediaCodec: (0xb761ea50) stop
01-05 21:32:39.319  1249  1436 I MediaCodec: (0xb761ea50) release
01-05 21:32:39.327  1249  1438 W AudioTrack: AUDIO_OUTPUT_FLAG_FAST denied by client; transfer 4, track 8000 Hz, output 48000 Hz
01-05 21:32:39.355  1249  1438 D MediaPlayer: setSubtitleAnchor in MediaPlayer
01-05 21:32:39.355  1249  1249 D MediaPlayer: setSubtitleAnchor in MediaPlayer
01-05 21:32:39.359  1249  1249 E MediaPlayer: invoke failed: wrong state 8
01-05 21:32:39.359  1249  1249 W MediaPlayer: mediaplayer went away with unhandled events
01-05 21:32:39.365  1249  1427 D Robocol : no packet received: SocketTimeoutException
01-05 21:32:39.377  1249  1436 D ExtendedUtils: extended extractor not needed, return default
01-05 21:32:39.378  1249  1436 I MediaCodec: (0xb7649100) init name(audio/raw) isType(1) encoder(0)
01-05 21:32:39.380  1249  1467 I OMXClient: Using client-side OMX mux.
01-05 21:32:39.383  1249  1467 E OMXMaster: A component of name 'OMX.qcom.audio.decoder.aac' already exists, ignoring this one.
01-05 21:32:39.385  1249  1467 I MediaCodec: (0xb7649100) Component Allocated (OMX.google.raw.decoder)
01-05 21:32:39.385  1249  1436 I MediaCodec: (0xb7649100) configure surface(0x0) crypto(0x0) flags(0)
01-05 21:32:39.386  1249  1436 D MediaCodec: (0xb7649100) configure format: AMessage(what = 0x00000000) = {
01-05 21:32:39.386  1249  1436 D MediaCodec:    string mime = "audio/raw"
01-05 21:32:39.386  1249  1436 D MediaCodec:    int64_t durationUs = 1043650
01-05 21:32:39.386  1249  1436 D MediaCodec:    int32_t channel-count = 2
01-05 21:32:39.386  1249  1436 D MediaCodec:    int32_t sample-rate = 44100
01-05 21:32:39.386  1249  1436 D MediaCodec:    int32_t channel-mask = 0
01-05 21:32:39.386  1249  1436 D MediaCodec:  }
01-05 21:32:39.386  1249  1436 I MediaCodec: (0xb7649100) start
01-05 21:32:39.387  1249  1467 I MediaCodec: (0xb7649100) input buffers allocated
01-05 21:32:39.387  1249  1467 I MediaCodec: (0xb7649100) numBuffers (4)
01-05 21:32:39.387  1249  1467 I MediaCodec: (0xb7649100) output buffers allocated
01-05 21:32:39.387  1249  1467 I MediaCodec: (0xb7649100) numBuffers (4)
01-05 21:32:39.389  1249  1467 I MediaCodec: (0xb7649100) codec output format changed
01-05 21:32:39.389  1249  1467 D MediaCodec: (0xb7649100) output format: AMessage(what = 'codc', target = 6) = {
01-05 21:32:39.389  1249  1467 D MediaCodec:    string mime = "audio/raw"
01-05 21:32:39.389  1249  1467 D MediaCodec:    int32_t channel-count = 2
01-05 21:32:39.389  1249  1467 D MediaCodec:    int32_t sample-rate = 44100
01-05 21:32:39.389  1249  1467 D MediaCodec:    int32_t channel-mask = 0
01-05 21:32:39.389  1249  1467 D MediaCodec:    int32_t what = 1869968451
01-05 21:32:39.389  1249  1467 D MediaCodec:  }
01-05 21:32:39.394  1249  1436 I MediaCodec: (0xb7649100) stop
01-05 21:32:39.395  1249  1436 I MediaCodec: (0xb7649100) release
01-05 21:32:39.692  1249  1439 I RobotCore: Attempting to switch to op mode $Stop$Robot$
01-05 21:32:40.208  1249  1439 I RobotCore: robot battery read duration: n=0, mean=0.000ms sd=-0.000ms
01-05 21:32:40.343  1249  1438 W AudioTrack: AUDIO_OUTPUT_FLAG_FAST denied by client; transfer 4, track 44100 Hz, output 48000 Hz
01-05 21:33:05.952  1249  1259 I art     : Background sticky concurrent mark sweep GC freed 9532(803KB) AllocSpace objects, 31(1984KB) LOS objects, 22% free, 9MB/12MB, paused 1.532ms total 114.636ms
01-05 21:33:29.849  1249  1249 V RCActivity: onPause()
01-05 21:33:29.851  1249  1249 V RCActivity: onStop()
01-05 21:33:29.851  1249  1249 V RobotCore: executive service robot setup is terminated
01-05 21:33:29.851  1249  1249 V Robocol : EventLoopManager.shutdown()
01-05 21:33:29.851  1249  1249 V RobotCore: waiting for service EventLoop
01-05 21:33:29.851  1249  1439 V RobotCore: EventLoopRunnable interrupted
01-05 21:33:29.851  1249  1439 V RobotCore: EventLoopManager state is STOPPED
01-05 21:33:29.851  1249  1439 V RobotCore: Robot Status: stopped
01-05 21:33:29.852  1249  1439 I FIRST   : ======= TEARDOWN =======
01-05 21:33:29.852  1249  1439 D RobotCore: disarming modern motor controller Modern Robotics USB DC Motor Controller [AL00VWH0]...
01-05 21:33:29.855  1249  1432 V RobotCore: thread: ...terminating 'r/w loop: Modern Robotics USB DC Motor Controller [AL00VWH0]'
01-05 21:33:29.855  1249  1439 V RobotCore: waiting for service ReadWriteRunnable for Modern Robotics USB Device
01-05 21:33:29.855  1249  1439 V RobotCore: awaitTermination returned, isTerminated=true
01-05 21:33:29.855  1249  1439 V RobotCore: executive service ReadWriteRunnable for Modern Robotics USB Device is terminated
01-05 21:33:29.856  1249  1439 D RobotCore: ...disarming modern motor controller Modern Robotics USB DC Motor Controller [AL00VWH0] complete
01-05 21:33:29.856  1249  1439 D RobotCore: disarming modern motor controller Modern Robotics USB DC Motor Controller [AL00VBIF]...
01-05 21:33:29.856  1249  1434 V RobotCore: thread: ...terminating 'r/w loop: Modern Robotics USB DC Motor Controller [AL00VBIF]'
01-05 21:33:29.856  1249  1439 V RobotCore: executive service ReadWriteRunnable for Modern Robotics USB Device is terminated
01-05 21:33:29.857  1249  1439 D RobotCore: ...disarming modern motor controller Modern Robotics USB DC Motor Controller [AL00VBIF] complete
01-05 21:33:29.857  1249  1439 D RobotCore: disarming modern motor controller Modern Robotics USB DC Motor Controller [AI049QOP]...
01-05 21:33:29.863  1249  1433 V RobotCore: thread: ...terminating 'r/w loop: Modern Robotics USB DC Motor Controller [AI049QOP]'
01-05 21:33:29.863  1249  1439 V RobotCore: waiting for service ReadWriteRunnable for Modern Robotics USB Device
01-05 21:33:29.863  1249  1439 V RobotCore: awaitTermination returned, isTerminated=true
01-05 21:33:29.863  1249  1439 V RobotCore: executive service ReadWriteRunnable for Modern Robotics USB Device is terminated
01-05 21:33:29.863  1249  1439 D RobotCore: ...disarming modern motor controller Modern Robotics USB DC Motor Controller [AI049QOP] complete
01-05 21:33:29.863  1249  1439 D RobotCore: disarming modern motor controller Modern Robotics USB DC Motor Controller [A104OQ1P]...
01-05 21:33:29.868  1249  1439 V RobotCore: waiting for service ReadWriteRunnable for Modern Robotics USB Device
01-05 21:33:29.868  1249  1431 V RobotCore: thread: ...terminating 'r/w loop: Modern Robotics USB DC Motor Controller [A104OQ1P]'
01-05 21:33:29.868  1249  1439 V RobotCore: awaitTermination returned, isTerminated=true
01-05 21:33:29.868  1249  1439 V RobotCore: executive service ReadWriteRunnable for Modern Robotics USB Device is terminated
01-05 21:33:29.868  1249  1439 D RobotCore: ...disarming modern motor controller Modern Robotics USB DC Motor Controller [A104OQ1P] complete
01-05 21:33:29.869  1249  1439 D RobotCore: disarming modern servo controller "Modern Robotics USB Servo Controller [AL00VSDY]"...
01-05 21:33:29.875  1249  1439 V RobotCore: waiting for service ReadWriteRunnable for Modern Robotics USB Device
01-05 21:33:29.876  1249  1429 V RobotCore: thread: ...terminating 'r/w loop: Modern Robotics USB Servo Controller [AL00VSDY]'
01-05 21:33:29.876  1249  1439 V RobotCore: awaitTermination returned, isTerminated=true
01-05 21:33:29.876  1249  1439 V RobotCore: executive service ReadWriteRunnable for Modern Robotics USB Device is terminated
01-05 21:33:29.876  1249  1439 D RobotCore: ...disarming modern servo controller Modern Robotics USB Servo Controller [AL00VSDY] complete
01-05 21:33:29.880  1249  1430 V RobotCore: thread: ...terminating 'r/w loop: Modern Robotics USB Core Device Interface Module [AL00VFK6]'
01-05 21:33:29.880  1249  1439 V RobotCore: waiting for service ReadWriteRunnable for Modern Robotics USB Device
01-05 21:33:29.880  1249  1439 V RobotCore: awaitTermination returned, isTerminated=true
01-05 21:33:29.880  1249  1439 V RobotCore: executive service ReadWriteRunnable for Modern Robotics USB Device is terminated
01-05 21:33:29.880  1249  1439 I FIRST   : ======= TEARDOWN COMPLETE =======
01-05 21:33:29.880  1249  1439 V RobotCore: thread: ...terminating 'opmode loop()'
01-05 21:33:29.880  1249  1249 V RobotCore: awaitTermination returned, isTerminated=true
01-05 21:33:29.880  1249  1249 V RobotCore: executive service EventLoop is terminated
01-05 21:33:29.880  1249  1249 V RobotCore: EventLoopManager state is STOPPED
01-05 21:36:45.196  2331  2331 I art     : Late-enabling -Xcheck:jni
01-05 21:36:45.280  2331  2331 I InstantRun: Instant Run Runtime started. Android package is com.qualcomm.ftcrobotcontroller, real application class is org.firstinspires.ftc.robotcore.internal.RobotApplication.
01-05 21:36:45.630  2331  2331 V RCActivity: onCreate()
01-05 21:36:45.638  2331  2345 V RobotCore: saving logcat to /storage/emulated/0/com.qualcomm.ftcrobotcontroller.logcat
01-05 21:36:45.638  2331  2345 V RobotCore: logging command line: logcat -f /storage/emulated/0/com.qualcomm.ftcrobotcontroller.logcat -r4096 -n4 -v threadtime UsbRequestJNI:S UsbRequest:S *:V
01-05 21:36:45.668  2347  2347 W ps      : type=1400 audit(0.0:67314): avc: denied { getattr } for uid=10108 path="/proc/1" dev="proc" ino=1478902 scontext=u:r:untrusted_app:s0:c512,c768 tcontext=u:r:init:s0 tclass=dir permissive=0
01-05 21:36:45.668  2347  2347 W ps      : type=1400 audit(0.0:67315): avc: denied { search } for uid=10108 name="1" dev="proc" ino=1478902 scontext=u:r:untrusted_app:s0:c512,c768 tcontext=u:r:init:s0 tclass=dir permissive=0
01-05 21:36:45.668  2347  2347 W ps      : type=1400 audit(0.0:67316): avc: denied { search } for uid=10108 name="1" dev="proc" ino=1478902 scontext=u:r:untrusted_app:s0:c512,c768 tcontext=u:r:init:s0 tclass=dir permissive=0
01-05 21:36:45.668  2347  2347 W ps      : type=1400 audit(0.0:67317): avc: denied { getattr } for uid=10108 path="/proc/2" dev="proc" ino=1479283 scontext=u:r:untrusted_app:s0:c512,c768 tcontext=u:r:kernel:s0 tclass=dir permissive=0
01-05 21:36:45.668  2347  2347 W ps      : type=1400 audit(0.0:67318): avc: denied { search } for uid=10108 name="2" dev="proc" ino=1479283 scontext=u:r:untrusted_app:s0:c512,c768 tcontext=u:r:kernel:s0 tclass=dir permissive=0
01-05 21:36:45.668  2347  2347 W ps      : type=1400 audit(0.0:67319): avc: denied { search } for uid=10108 name="2" dev="proc" ino=1479283 scontext=u:r:untrusted_app:s0:c512,c768 tcontext=u:r:kernel:s0 tclass=dir permissive=0
01-05 21:36:45.668  2347  2347 W ps      : type=1400 audit(0.0:67320): avc: denied { getattr } for uid=10108 path="/proc/3" dev="proc" ino=1479284 scontext=u:r:untrusted_app:s0:c512,c768 tcontext=u:r:kernel:s0 tclass=dir permissive=0
01-05 21:36:45.668  2347  2347 W ps      : type=1400 audit(0.0:67321): avc: denied { search } for uid=10108 name="3" dev="proc" ino=1479284 scontext=u:r:untrusted_app:s0:c512,c768 tcontext=u:r:kernel:s0 tclass=dir permissive=0
01-05 21:36:45.668  2347  2347 W ps      : type=1400 audit(0.0:67322): avc: denied { search } for uid=10108 name="3" dev="proc" ino=1479284 scontext=u:r:untrusted_app:s0:c512,c768 tcontext=u:r:kernel:s0 tclass=dir permissive=0
01-05 21:36:45.668  2347  2347 W ps      : type=1400 audit(0.0:67323): avc: denied { getattr } for uid=10108 path="/proc/5" dev="proc" ino=1479285 scontext=u:r:untrusted_app:s0:c512,c768 tcontext=u:r:kernel:s0 tclass=dir permissive=0
01-05 21:36:45.668  2347  2347 W ps      : type=1400 audit(0.0:67324): avc: denied { search } for uid=10108 name="5" dev="proc" ino=1479285 scontext=u:r:untrusted_app:s0:c512,c768 tcontext=u:r:kernel:s0 tclass=dir permissive=0
01-05 21:36:45.668  2347  2347 W ps      : type=1400 audit(0.0:67325): avc: denied { search } for uid=10108 name="5" dev="proc" ino=1479285 scontext=u:r:untrusted_app:s0:c512,c768 tcontext=u:r:kernel:s0 tclass=dir permissive=0
01-05 21:36:45.668  2347  2347 W ps      : type=1400 audit(0.0:67326): avc: denied { getattr } for uid=10108 path="/proc/6" dev="proc" ino=1479286 scontext=u:r:untrusted_app:s0:c512,c768 tcontext=u:r:kernel:s0 tclass=dir permissive=0
01-05 21:36:45.668  2347  2347 W ps      : type=1400 audit(0.0:67327): avc: denied { search } for uid=10108 name="6" dev="proc" ino=1479286 scontext=u:r:untrusted_app:s0:c512,c768 tcontext=u:r:kernel:s0 tclass=dir permissive=0
01-05 21:36:45.668  2347  2347 W ps      : type=1400 audit(0.0:67328): avc: denied { search } for uid=10108 name="6" dev="proc" ino=1479286 scontext=u:r:untrusted_app:s0:c512,c768 tcontext=u:r:kernel:s0 tclass=dir permissive=0
01-05 21:36:45.668  2347  2347 W ps      : type=1400 audit(0.0:67329): avc: denied { getattr } for uid=10108 path="/proc/7" dev="proc" ino=1479287 scontext=u:r:untrusted_app:s0:c512,c768 tcontext=u:r:kernel:s0 tclass=dir permissive=0
01-05 21:36:45.668  2347  2347 W ps      : type=1400 audit(0.0:67330): avc: denied { search } for uid=10108 name="7" dev="proc" ino=1479287 scontext=u:r:untrusted_app:s0:c512,c768 tcontext=u:r:kernel:s0 tclass=dir permissive=0
01-05 21:36:45.668  2347  2347 W ps      : type=1400 audit(0.0:67331): avc: denied { search } for uid=10108 name="7" dev="proc" ino=1479287 scontext=u:r:untrusted_app:s0:c512,c768 tcontext=u:r:kernel:s0 tclass=dir permissive=0
01-05 21:36:45.668  2347  2347 W ps      : type=1400 audit(0.0:67332): avc: denied { getattr } for uid=10108 path="/proc/8" dev="proc" ino=1479288 scontext=u:r:untrusted_app:s0:c512,c768 tcontext=u:r:kernel:s0 tclass=dir permissive=0
01-05 21:36:45.668  2347  2347 W ps      : type=1400 audit(0.0:67333): avc: denied { search } for uid=10108 name="8" dev="proc" ino=1479288 scontext=u:r:untrusted_app:s0:c512,c768 tcontext=u:r:kernel:s0 tclass=dir permissive=0
01-05 21:36:45.669  2331  2331 I WebViewFactory: Loading com.google.android.webview version 46.0.2490.76 (code 249007600)
01-05 21:36:45.718  2331  2331 W System  : ClassLoader referenced unknown path: /system/app/WebViewGoogle/lib/arm
01-05 21:36:45.726  2331  2331 I cr.library_loader: Time to load native libraries: 4 ms (timestamps 7839-7843)
01-05 21:36:45.727  2331  2331 I cr.library_loader: Expected native library version number "46.0.2490.76", actual native library version number "46.0.2490.76"
01-05 21:36:45.743  2331  2331 V WebViewChromiumFactoryProvider: Binding Chromium to main looper Looper (main, tid 1) {4ddb89d}
01-05 21:36:45.743  2331  2331 I cr.library_loader: Expected native library version number "46.0.2490.76", actual native library version number "46.0.2490.76"
01-05 21:36:45.743  2331  2331 I chromium: [INFO:library_loader_hooks.cc(118)] Chromium logging enabled: level = 0, default verbosity = 0
01-05 21:36:45.750  2331  2331 I cr.BrowserStartup: Initializing chromium process, singleProcess=true
01-05 21:36:45.755  2331  2331 E SysUtils: ApplicationContext is null in ApplicationStatus
01-05 21:36:45.778  2331  2331 I Adreno-EGL: <qeglDrvAPI_eglInitialize:379>: EGL 1.4 QUALCOMM build:  (Ifd751822f5)
01-05 21:36:45.778  2331  2331 I Adreno-EGL: OpenGL ES Shader Compiler Version: XE031.06.00.05
01-05 21:36:45.778  2331  2331 I Adreno-EGL: Build Date: 01/26/16 Tue
01-05 21:36:45.778  2331  2331 I Adreno-EGL: Local Branch: AU12_SBA
01-05 21:36:45.778  2331  2331 I Adreno-EGL: Remote Branch: 
01-05 21:36:45.778  2331  2331 I Adreno-EGL: Local Patches: 
01-05 21:36:45.778  2331  2331 I Adreno-EGL: Reconstruct Branch: 
01-05 21:36:45.808  2331  2331 E chromium: [ERROR:browser_gpu_channel_host_factory.cc(258)] Failed to init browser shader disk cache.
01-05 21:36:45.828  2331  2331 E libEGL  : validate_display:255 error 3008 (EGL_BAD_DISPLAY)
01-05 21:36:45.860  2331  2331 W art     : Attempt to remove non-JNI local reference, dumping thread
01-05 21:36:45.869  2331  2331 W AwContents: onDetachedFromWindow called when already detached. Ignoring
01-05 21:36:47.361  2331  2331 V RobotCore: Network: inactive, disconnected
01-05 21:36:47.373  2331  2331 V RCActivity: onStart()
01-05 21:36:47.376  2331  2331 V RCActivity: onResume()
01-05 21:36:47.381  2331  2376 D OpenGLRenderer: Use EGL_SWAP_BEHAVIOR_PRESERVED: true
01-05 21:36:47.405  2331  2331 V RCActivity: onPause()
01-05 21:36:47.406  2331  2331 V RCActivity: onResume()
01-05 21:36:47.407  2331  2331 V RCActivity: onPause()
01-05 21:36:47.407  2331  2331 V RCActivity: onResume()
01-05 21:36:47.408  2331  2331 V RCActivity: onPause()
01-05 21:36:47.408  2331  2331 V RCActivity: onResume()
01-05 21:36:47.411  2331  2331 V RCActivity: onPause()
01-05 21:36:47.412  2331  2331 V RCActivity: onResume()
01-05 21:36:47.413  2331  2331 V RCActivity: onPause()
01-05 21:36:47.413  2331  2331 V RCActivity: onResume()
01-05 21:36:47.417  2331  2331 V FTCService: onCreate()
01-05 21:36:47.417  2331  2331 V FTCService: onBind()
01-05 21:36:47.417  2331  2331 V FTCService: Android device is motorola, MotoG3
01-05 21:36:47.418  2331  2331 V RobotCore: Starting network of type: WIFIDIRECT
01-05 21:36:47.420  2331  2331 V WifiDirect: There are 1 Wifi Direct Assistant Clients (+)
01-05 21:36:47.421  2331  2331 V WifiDirect: Enabling Wifi Direct Assistant
01-05 21:36:47.449  2331  2376 I OpenGLRenderer: Initialized EGL, version 1.4
01-05 21:36:47.463  2331  2331 D WifiDirect: broadcast: state - enabled: true
01-05 21:36:47.468  2331  2331 D WifiDirect: broadcast: connection changed: connectStatus=NOT_CONNECTED networkInfo.state=CONNECTED
01-05 21:36:47.468  2331  2331 V WifiDirect: NetworkInfo: [type: WIFI_P2P[], state: CONNECTED/CONNECTED, reason: (unspecified), extra: (none), roaming: false, failover: false, isAvailable: true]
01-05 21:36:47.468  2331  2331 V WifiDirect: WifiP2pInfo: groupFormed: true isGroupOwner: true operatingChannel: 2412 groupOwnerAddress: /192.168.49.1 mccMode: false
01-05 21:36:47.468  2331  2331 V WifiDirect: WifiP2pGroup: network: DIRECT-u3-9899-E-RC, isGO: true, Operating Channel: 2412, GO: Device: , deviceAddress: 24:da:9b:6a:a2:ba, primary type: null, secondary type: null, wps: 0, grpcapab: 0, devcapab: 0, status: 4, wfdInfo: WFD enabled: falseWFD DeviceInfo: 0, WFD CtrlPort: 0, WFD MaxThroughput: 0, level: 0, Client: Device: 9899-D-DS, deviceAddress: a4:70:d6:d3:3d:55, primary type: 10-0050F204-5, secondary type: null, wps: 392, grpcapab: 0, devcapab: 37, status: 0, wfdInfo: null, level: 60, interface: p2p0, networkId: 1, mGoOperFreq: 2412
01-05 21:36:47.469  2331  2331 D WifiDirect: broadcast: this device changed
01-05 21:36:47.469  2331  2331 V WifiDirect: device information: 9899-E-RC 24:da:9b:6a:a2:ba
01-05 21:36:47.469  2331  2331 V FTCService: RCActivity.controllerService=bound
01-05 21:36:47.469  2331  2331 V RobotCore: Network: unknown, disconnected
01-05 21:36:47.470  2331  2331 V RobotCore: Robot Status: stopped
01-05 21:36:47.487  2331  2331 D OpmodeRegistration: registered {DefaultOpMode} as {$Stop$Robot$}
01-05 21:36:47.488  2331  2331 V FTCService: Processing robot setup
01-05 21:36:47.489  2331  2331 V D2xx::  : Start constructor
01-05 21:36:47.492  2331  2380 V RobotCore: thread: 'RobotSetupRunnable.run()' starting...
01-05 21:36:47.492  2331  2380 V RobotCore: Robot Status: stopped, scanning for USB devices
01-05 21:36:47.493  2331  2331 V D2xx::  : End constructor
01-05 21:36:47.493  2331  2331 V D2xx::  : Vendor: 0403, Product: 6001
01-05 21:36:47.493  2331  2331 V D2xx::  : Vendor: 0403, Product: 6001
01-05 21:36:47.495  2331  2331 I FIRST   : ignoring: unable get serial number of attached UsbDevice vendor=0x0403, product=0x6001 device=0x03ec name=/dev/bus/usb/001/004
01-05 21:36:47.495  2331  2331 V D2xx::  : Vendor: 0403, Product: 6001
01-05 21:36:47.495  2331  2331 V D2xx::  : Vendor: 0403, Product: 6001
01-05 21:36:47.495  2331  2331 I FIRST   : ignoring: unable get serial number of attached UsbDevice vendor=0x0403, product=0x6001 device=0x03ed name=/dev/bus/usb/001/005
01-05 21:36:47.495  2331  2331 V D2xx::  : Vendor: 0403, Product: 6001
01-05 21:36:47.495  2331  2331 V D2xx::  : Vendor: 0403, Product: 6001
01-05 21:36:47.495  2331  2331 I FIRST   : ignoring: unable get serial number of attached UsbDevice vendor=0x0403, product=0x6001 device=0x03ee name=/dev/bus/usb/001/006
01-05 21:36:47.495  2331  2331 V D2xx::  : Vendor: 0403, Product: 6001
01-05 21:36:47.495  2331  2331 V D2xx::  : Vendor: 0403, Product: 6001
01-05 21:36:47.495  2331  2331 I FIRST   : ignoring: unable get serial number of attached UsbDevice vendor=0x0403, product=0x6001 device=0x03ef name=/dev/bus/usb/001/007
01-05 21:36:47.495  2331  2331 V D2xx::  : Vendor: 0403, Product: 6001
01-05 21:36:47.495  2331  2331 V D2xx::  : Vendor: 0403, Product: 6001
01-05 21:36:47.495  2331  2331 I FIRST   : ignoring: unable get serial number of attached UsbDevice vendor=0x0403, product=0x6001 device=0x03f0 name=/dev/bus/usb/001/008
01-05 21:36:47.495  2331  2331 D WifiDirect: cannot create group, does group already exist?
01-05 21:36:47.533  2331  2331 D WifiDirect: group owners address: /192.168.49.1
01-05 21:36:47.533  2331  2331 D WifiDirect: group formed, this device is the group owner (GO)
01-05 21:36:47.533  2331  2331 I FTCService: Wifi Direct - connected as group owner
01-05 21:36:47.533  2331  2331 D WifiDirect: stop discovering peers
01-05 21:36:47.538  2331  2331 V RobotCore: Network: enabled, disconnected
01-05 21:36:47.559  2331  2331 V WifiDirect: connection information available
01-05 21:36:47.559  2331  2331 V WifiDirect: connection information - groupOwnerName = 9899-E-RC
01-05 21:36:47.559  2331  2331 V WifiDirect: connection information - groupOwnerMacAddress = 24:da:9b:6a:a2:ba
01-05 21:36:47.560  2331  2331 V WifiDirect: connection information - groupInterface = p2p0
01-05 21:36:47.560  2331  2331 V WifiDirect: connection information - groupNetworkName = DIRECT-u3-9899-E-RC
01-05 21:36:47.560  2331  2331 I FTCService: Network Connection Passphrase: ZY55bu2t
01-05 21:36:47.560  2331  2331 V RobotCore: Network: active, disconnected
01-05 21:36:52.494  2331  2331 I RobotCore: Battery Checker, Level Remaining: 100.0
01-05 21:36:52.494  2331  2380 V RobotCore: EventLoopManager state is NOT_STARTED
01-05 21:36:52.494  2331  2380 V RobotCore: Robot Status: stopped, waiting on network
01-05 21:36:52.495  2331  2380 V RobotCore: Robot Status: stopped, starting robot
01-05 21:36:52.495  2331  2380 V Robocol : EventLoopManager.start()
01-05 21:36:52.495  2331  2380 V RobotCore: Starting network of type: WIFIDIRECT
01-05 21:36:52.496  2331  2380 V Robocol : Spoofing a Network Connection event...
01-05 21:36:52.496  2331  2331 I RobotCore: Battery Checker, Level Remaining: 100.0
01-05 21:36:52.501  2331  2380 V RobotCore: executive service EventLoop is terminated
01-05 21:36:52.501  2331  2380 V RobotCore: EventLoopManager state is STOPPED
01-05 21:36:52.501  2331  2380 V Robocol : eventLoop=FtcEventLoop
01-05 21:36:52.501  2331  2380 V RobotCore: EventLoopManager state is INIT
01-05 21:36:52.502  2331  2380 V RobotCore: Robot Status: initializing, starting robot
01-05 21:36:52.502  2331  2380 I FIRST   : ======= INIT START =======
01-05 21:36:52.506  2331  2383 V RobotCore: thread: 'SetupRunnable.run()' starting...
01-05 21:36:52.515  2331  2380 D OpmodeRegistration: registered {RunAMotorOrTwo} as {RunAMotorOrTwo}
01-05 21:36:52.516  2331  2380 D OpmodeRegistration: registered {ShooterControl} as {ShooterControl}
01-05 21:36:52.516  2331  2380 D OpmodeRegistration: registered {ShooterData} as {ShooterData}
01-05 21:36:52.518  2331  2380 D OpmodeRegistration: registered {WestCoastBluePID_AutoTest} as {WestCoastBluePID_AutoTest}
01-05 21:36:52.519  2331  2380 D OpmodeRegistration: registered {WestCoastRedPID_AutoTest} as {WestCoastRedPID_AutoTest}
01-05 21:36:52.520  2331  2380 D OpmodeRegistration: registered {FinalTeleOp} as {FinalTeleOp}
01-05 21:36:52.535  2331  2380 V RobotCore: Creating Modern Robotics USB Servo Controller [AL00VSDY]
01-05 21:36:52.544  2331  2380 D RobotCore: arming modern servo controller Modern Robotics USB Servo Controller [AL00VSDY]...
01-05 21:36:52.547  2331  2383 D Robocol : RobocolDatagramSocket listening addr=/192.168.49.1:20884 cbRec=65520 cbSend=163840 msRecTO=300
01-05 21:36:52.548  2331  2380 V D2xx::  : Vendor: 0403, Product: 6001
01-05 21:36:52.548  2331  2383 V Robocol : RecvLoopRunnable created
01-05 21:36:52.550  2331  2383 V PeerDiscovery: Starting peer discovery
01-05 21:36:52.551  2331  2385 V RobotCore: thread: 'RecvLoopRunnable.run()' starting...
01-05 21:36:52.551  2331  2383 V RobotCore: Setup complete
01-05 21:36:52.551  2331  2383 V RobotCore: thread: ...terminating 'SetupRunnable.run()'
01-05 21:36:52.571  2331  2380 D UsbDeviceConnectionJNI: close
01-05 21:36:52.572  2331  2380 V D2xx::  : Vendor: 0403, Product: 6001
01-05 21:36:52.583  2331  2380 D UsbDeviceConnectionJNI: close
01-05 21:36:52.584  2331  2380 V D2xx::  : Vendor: 0403, Product: 6001
01-05 21:36:52.593  2331  2380 D UsbDeviceConnectionJNI: close
01-05 21:36:52.593  2331  2380 V D2xx::  : Vendor: 0403, Product: 6001
01-05 21:36:52.602  2331  2380 D UsbDeviceConnectionJNI: close
01-05 21:36:52.602  2331  2380 V D2xx::  : Vendor: 0403, Product: 6001
01-05 21:36:52.612  2331  2380 D UsbDeviceConnectionJNI: close
01-05 21:36:52.612  2331  2380 V D2xx::  : Vendor: 0403, Product: 6001
01-05 21:36:52.623  2331  2380 D UsbDeviceConnectionJNI: close
01-05 21:36:52.624  2331  2380 D FTDI_Device::: open SUCCESS
01-05 21:36:52.624  2331  2380 I FTDI_Device::: EP: 0x81
01-05 21:36:52.624  2331  2380 I FTDI_Device::: EP: 0x02
01-05 21:36:52.624  2331  2380 D D2XX::  : **********************Device Opened**********************
01-05 21:36:52.845  2331  2385 D Robocol : no packet received: SocketTimeoutException
01-05 21:36:53.016  2331  2385 D RobotCore: system telemetry: key=$System$None$ msg=""
01-05 21:36:53.019  2331  2385 V PeerDiscovery: new remote peer discovered: 192.168.49.134
01-05 21:36:53.019  2331  2385 D Robocol : RobocolDatagramSocket connected to /192.168.49.134:20884
01-05 21:36:53.020  2331  2385 V NetworkConnectionHandler: starting sending loop
01-05 21:36:53.021  2331  2385 V Robocol : SendOnceRunnable created
01-05 21:36:53.046  2331  2385 V RobotCore: Network: active, connected
01-05 21:36:53.073  2331  2380 V RobotCore: Starting up device AL00VSDY
01-05 21:36:53.086  2331  2395 V RobotCore: thread: 'r/w loop: Modern Robotics USB Servo Controller [AL00VSDY]' starting...
01-05 21:36:53.087  2331  2380 D RobotCore: ...arming modern servo controller Modern Robotics USB Servo Controller [AL00VSDY] complete
01-05 21:36:53.087  2331  2380 V RobotCore: Creating Modern Robotics USB Core Device Interface Module [AL00VFK6]
01-05 21:36:53.089  2331  2385 V Robocol : received command: CMD_REQUEST_OP_MODE_LIST(10005) 
01-05 21:36:53.094  2331  2393 D MediaPlayer: setSubtitleAnchor in MediaPlayer
01-05 21:36:53.095  2331  2331 D MediaPlayer: setSubtitleAnchor in MediaPlayer
01-05 21:36:53.095  2331  2380 V D2xx::  : Vendor: 0403, Product: 6001
01-05 21:36:53.097  2331  2380 V D2xx::  : Vendor: 0403, Product: 6001
01-05 21:36:53.098  2331  2380 V D2xx::  : Vendor: 0403, Product: 6001
01-05 21:36:53.099  2331  2380 V D2xx::  : Vendor: 0403, Product: 6001
01-05 21:36:53.100  2331  2380 V D2xx::  : Vendor: 0403, Product: 6001
01-05 21:36:53.101  2331  2380 V D2xx::  : Vendor: 0403, Product: 6001
01-05 21:36:53.101  2331  2389 V Robocol : sending CMD_REQUEST_USER_SENSOR_LIST_RESP(10), attempt: 0
01-05 21:36:53.103  2331  2380 D FTDI_Device::: open SUCCESS
01-05 21:36:53.103  2331  2380 I FTDI_Device::: EP: 0x81
01-05 21:36:53.103  2331  2380 I FTDI_Device::: EP: 0x02
01-05 21:36:53.103  2331  2380 D D2XX::  : **********************Device Opened**********************
01-05 21:36:53.108  2331  2385 V Robocol : received command: CMD_REQUEST_ACTIVE_CONFIGURATION(10006) 
01-05 21:36:53.125  2331  2385 V Robocol : received command: CMD_REQUEST_USER_SENSOR_LIST_RESP(10) [{"description":"a MR compass sensor","flavor":"I2C","name":"MR Compass Sensor","xmlTag":"ModernRoboticsI2cCompassSensor"},{"description":"an Adafruit IMU","flavor":"I2C","name":"Adafruit IMU","xmlTag":"AdafruitBNO055IMU"},{"description":"a MR range sensor","flavor":"I2C","name":"MR Range Sensor","xmlTag":"ModernRoboticsI2cRangeSensor"}]
01-05 21:36:53.133  2331  2391 D ExtendedUtils: extended extractor not needed, return default
01-05 21:36:53.135  2331  2391 I MediaCodec: (0xb74583d0) init name(audio/raw) isType(1) encoder(0)
01-05 21:36:53.136  2331  2400 I OMXClient: Using client-side OMX mux.
01-05 21:36:53.139  2331  2400 E OMXMaster: A component of name 'OMX.qcom.audio.decoder.aac' already exists, ignoring this one.
01-05 21:36:53.141  2331  2389 V Robocol : sending CMD_REQUEST_OP_MODE_LIST_RESP(14), attempt: 0
01-05 21:36:53.141  2331  2389 V Robocol : sending CMD_REQUEST_USER_SENSOR_LIST_RESP(15), attempt: 0
01-05 21:36:53.142  2331  2389 V Robocol : sending CMD_REQUEST_ACTIVE_CONFIGURATION_RESP(18), attempt: 0
01-05 21:36:53.143  2331  2400 I MediaCodec: (0xb74583d0) Component Allocated (OMX.google.raw.decoder)
01-05 21:36:53.143  2331  2391 I MediaCodec: (0xb74583d0) configure surface(0x0) crypto(0x0) flags(0)
01-05 21:36:53.143  2331  2391 D MediaCodec: (0xb74583d0) configure format: AMessage(what = 0x00000000) = {
01-05 21:36:53.143  2331  2391 D MediaCodec:    string mime = "audio/raw"
01-05 21:36:53.143  2331  2391 D MediaCodec:    int64_t durationUs = 485011
01-05 21:36:53.143  2331  2391 D MediaCodec:    int32_t channel-count = 2
01-05 21:36:53.143  2331  2391 D MediaCodec:    int32_t sample-rate = 44100
01-05 21:36:53.143  2331  2391 D MediaCodec:    int32_t channel-mask = 0
01-05 21:36:53.143  2331  2391 D MediaCodec:  }
01-05 21:36:53.146  2331  2391 I MediaCodec: (0xb74583d0) start
01-05 21:36:53.147  2331  2400 I MediaCodec: (0xb74583d0) input buffers allocated
01-05 21:36:53.147  2331  2400 I MediaCodec: (0xb74583d0) numBuffers (4)
01-05 21:36:53.147  2331  2400 I MediaCodec: (0xb74583d0) output buffers allocated
01-05 21:36:53.147  2331  2400 I MediaCodec: (0xb74583d0) numBuffers (4)
01-05 21:36:53.149  2331  2400 I MediaCodec: (0xb74583d0) codec output format changed
01-05 21:36:53.149  2331  2400 D MediaCodec: (0xb74583d0) output format: AMessage(what = 'codc', target = 2) = {
01-05 21:36:53.149  2331  2400 D MediaCodec:    string mime = "audio/raw"
01-05 21:36:53.149  2331  2400 D MediaCodec:    int32_t channel-count = 2
01-05 21:36:53.149  2331  2400 D MediaCodec:    int32_t sample-rate = 44100
01-05 21:36:53.149  2331  2400 D MediaCodec:    int32_t channel-mask = 0
01-05 21:36:53.149  2331  2400 D MediaCodec:    int32_t what = 1869968451
01-05 21:36:53.149  2331  2400 D MediaCodec:  }
01-05 21:36:53.154  2331  2391 I MediaCodec: (0xb74583d0) stop
01-05 21:36:53.156  2331  2391 I MediaCodec: (0xb74583d0) release
01-05 21:36:53.161  2331  2393 W AudioTrack: AUDIO_OUTPUT_FLAG_FAST denied by client; transfer 4, track 44100 Hz, output 48000 Hz
01-05 21:36:53.165  2331  2385 V Robocol : received command: CMD_REQUEST_OP_MODE_LIST_RESP(14) [{"flavor":"TELEOP","group":"Test","name":"RunAMotorOrTwo"},{"flavor":"TELEOP","group":"Test","name":"ShooterControl"},{"flavor":"TELEOP","group":"Test","name":"ShooterData"},{"flavor":"AUTONOMOUS","group":"Test","name":"WestCoastBluePID_AutoTest"},{"flavor":"AUTONOMOUS","group":"Test","name":"WestCoastRedPID_AutoTest"},{"flavor":"TELEOP","group":"Competition","name":"FinalTeleOp"}]
01-05 21:36:53.165  2331  2385 V Robocol : received command: CMD_INIT_OP_MODE(10012) $Stop$Robot$
01-05 21:36:53.167  2331  2385 V Robocol : received command: CMD_REQUEST_USER_SENSOR_LIST_RESP(15) [{"description":"a MR compass sensor","flavor":"I2C","name":"MR Compass Sensor","xmlTag":"ModernRoboticsI2cCompassSensor"},{"description":"an Adafruit IMU","flavor":"I2C","name":"Adafruit IMU","xmlTag":"AdafruitBNO055IMU"},{"description":"a MR range sensor","flavor":"I2C","name":"MR Range Sensor","xmlTag":"ModernRoboticsI2cRangeSensor"}]
01-05 21:36:53.167  2331  2385 V Robocol : received command: CMD_REQUEST_ACTIVE_CONFIGURATION_RESP(18) {"isDirty":false,"location":"LOCAL_STORAGE","name":"WestCoastTank_all+intake","resourceId":0}
01-05 21:36:53.519  2331  2380 V RobotCore: Starting up device AL00VFK6
01-05 21:36:53.522  2331  2404 V RobotCore: thread: 'r/w loop: Modern Robotics USB Core Device Interface Module [AL00VFK6]' starting...
01-05 21:36:53.524  2331  2380 V RobotCore: Creating Modern Robotics I2C Gyro Sensor - Port: 3
01-05 21:36:53.533  2331  2380 V RobotCore: Creating I2C Device - Port: 4
01-05 21:36:53.535  2331  2380 V RobotCore: Creating Modern Robotics Analog Optical Distance Sensor - Port: 7
01-05 21:36:53.537  2331  2380 V RobotCore: Creating Modern Robotics USB DC Motor Controller [A104OQ1P]
01-05 21:36:53.552  2331  2380 D RobotCore: arming modern motor controller Modern Robotics USB DC Motor Controller [A104OQ1P]...
01-05 21:36:53.554  2331  2380 V D2xx::  : Vendor: 0403, Product: 6001
01-05 21:36:53.555  2331  2380 V D2xx::  : Vendor: 0403, Product: 6001
01-05 21:36:53.557  2331  2380 V D2xx::  : Vendor: 0403, Product: 6001
01-05 21:36:53.559  2331  2380 V D2xx::  : Vendor: 0403, Product: 6001
01-05 21:36:53.561  2331  2380 V D2xx::  : Vendor: 0403, Product: 6001
01-05 21:36:53.562  2331  2380 V D2xx::  : Vendor: 0403, Product: 6001
01-05 21:36:53.565  2331  2380 D FTDI_Device::: open SUCCESS
01-05 21:36:53.565  2331  2380 I FTDI_Device::: EP: 0x81
01-05 21:36:53.565  2331  2380 I FTDI_Device::: EP: 0x02
01-05 21:36:53.565  2331  2380 D D2XX::  : **********************Device Opened**********************
01-05 21:36:53.980  2331  2380 V RobotCore: Starting up device A104OQ1P
01-05 21:36:53.983  2331  2407 V RobotCore: thread: 'r/w loop: Modern Robotics USB DC Motor Controller [A104OQ1P]' starting...
01-05 21:36:53.983  2331  2380 D RobotCore: ...arming modern motor controller Modern Robotics USB DC Motor Controller [A104OQ1P] complete
01-05 21:36:54.024  2331  2380 V RobotCore: Creating Modern Robotics USB DC Motor Controller [AL00VWH0]
01-05 21:36:54.024  2331  2380 D RobotCore: arming modern motor controller Modern Robotics USB DC Motor Controller [AL00VWH0]...
01-05 21:36:54.026  2331  2380 V D2xx::  : Vendor: 0403, Product: 6001
01-05 21:36:54.028  2331  2380 V D2xx::  : Vendor: 0403, Product: 6001
01-05 21:36:54.030  2331  2380 V D2xx::  : Vendor: 0403, Product: 6001
01-05 21:36:54.032  2331  2380 V D2xx::  : Vendor: 0403, Product: 6001
01-05 21:36:54.033  2331  2380 V D2xx::  : Vendor: 0403, Product: 6001
01-05 21:36:54.036  2331  2380 V D2xx::  : Vendor: 0403, Product: 6001
01-05 21:36:54.039  2331  2380 D FTDI_Device::: open SUCCESS
01-05 21:36:54.040  2331  2380 I FTDI_Device::: EP: 0x81
01-05 21:36:54.040  2331  2380 I FTDI_Device::: EP: 0x02
01-05 21:36:54.040  2331  2380 D D2XX::  : **********************Device Opened**********************
01-05 21:36:54.458  2331  2380 V RobotCore: Starting up device AL00VWH0
01-05 21:36:54.460  2331  2410 V RobotCore: thread: 'r/w loop: Modern Robotics USB DC Motor Controller [AL00VWH0]' starting...
01-05 21:36:54.460  2331  2380 D RobotCore: ...arming modern motor controller Modern Robotics USB DC Motor Controller [AL00VWH0] complete
01-05 21:36:54.498  2331  2380 V RobotCore: Creating Modern Robotics USB DC Motor Controller [AI049QOP]
01-05 21:36:54.499  2331  2380 D RobotCore: arming modern motor controller Modern Robotics USB DC Motor Controller [AI049QOP]...
01-05 21:36:54.500  2331  2380 V D2xx::  : Vendor: 0403, Product: 6001
01-05 21:36:54.501  2331  2380 V D2xx::  : Vendor: 0403, Product: 6001
01-05 21:36:54.503  2331  2380 V D2xx::  : Vendor: 0403, Product: 6001
01-05 21:36:54.504  2331  2380 V D2xx::  : Vendor: 0403, Product: 6001
01-05 21:36:54.505  2331  2380 V D2xx::  : Vendor: 0403, Product: 6001
01-05 21:36:54.506  2331  2380 V D2xx::  : Vendor: 0403, Product: 6001
01-05 21:36:54.508  2331  2380 D FTDI_Device::: open SUCCESS
01-05 21:36:54.508  2331  2380 I FTDI_Device::: EP: 0x81
01-05 21:36:54.508  2331  2380 I FTDI_Device::: EP: 0x02
01-05 21:36:54.508  2331  2380 D D2XX::  : **********************Device Opened**********************
01-05 21:36:54.928  2331  2380 V RobotCore: Starting up device AI049QOP
01-05 21:36:54.930  2331  2414 V RobotCore: thread: 'r/w loop: Modern Robotics USB DC Motor Controller [AI049QOP]' starting...
01-05 21:36:54.930  2331  2380 D RobotCore: ...arming modern motor controller Modern Robotics USB DC Motor Controller [AI049QOP] complete
01-05 21:36:54.978  2331  2380 V RobotCore: Creating Modern Robotics USB DC Motor Controller [AL00VBIF]
01-05 21:36:54.979  2331  2380 D RobotCore: arming modern motor controller Modern Robotics USB DC Motor Controller [AL00VBIF]...
01-05 21:36:54.980  2331  2380 V D2xx::  : Vendor: 0403, Product: 6001
01-05 21:36:54.981  2331  2380 V D2xx::  : Vendor: 0403, Product: 6001
01-05 21:36:54.983  2331  2380 V D2xx::  : Vendor: 0403, Product: 6001
01-05 21:36:54.984  2331  2380 V D2xx::  : Vendor: 0403, Product: 6001
01-05 21:36:54.986  2331  2380 V D2xx::  : Vendor: 0403, Product: 6001
01-05 21:36:54.988  2331  2380 V D2xx::  : Vendor: 0403, Product: 6001
01-05 21:36:54.989  2331  2380 D FTDI_Device::: open SUCCESS
01-05 21:36:54.989  2331  2380 I FTDI_Device::: EP: 0x81
01-05 21:36:54.989  2331  2380 I FTDI_Device::: EP: 0x02
01-05 21:36:54.990  2331  2380 D D2XX::  : **********************Device Opened**********************
01-05 21:36:55.409  2331  2380 V RobotCore: Starting up device AL00VBIF
01-05 21:36:55.410  2331  2428 V RobotCore: thread: 'r/w loop: Modern Robotics USB DC Motor Controller [AL00VBIF]' starting...
01-05 21:36:55.411  2331  2380 D RobotCore: ...arming modern motor controller Modern Robotics USB DC Motor Controller [AL00VBIF] complete
01-05 21:36:55.508  2331  2380 I RobotCore: Analytics has completed initialization.
01-05 21:36:55.508  2331  2380 I RobotCore: ========= Device Information ===================================================
01-05 21:36:55.508  2331  2380 I RobotCore: Type                                               Name                           Connection
01-05 21:36:55.509  2331  2380 I RobotCore: Modern Robotics USB DC Motor Controller v2.0       Shooter                        USB AI049QOP
01-05 21:36:55.510  2331  2380 I RobotCore: I2cDevice                                          color                          USB AL00VFK6; port 4
01-05 21:36:55.510  2331  2380 I RobotCore: DC Motor                                           rightFront                     USB AL00VWH0; port 1
01-05 21:36:55.510  2331  2380 I RobotCore: Modern Robotics USB DC Motor Controller v2.0       Front Motors                   USB AL00VWH0
01-05 21:36:55.510  2331  2380 I RobotCore: Modern Robotics USB DC Motor Controller v2.0       Back Motors                    USB A104OQ1P
01-05 21:36:55.510  2331  2380 I RobotCore: DC Motor                                           leftBack                       USB A104OQ1P; port 2
01-05 21:36:55.510  2331  2380 I RobotCore: Servo                                              upDown                         USB AL00VSDY; port 1
01-05 21:36:55.511  2331  2380 I RobotCore: DC Motor                                           shooter2                       USB AI049QOP; port 2
01-05 21:36:55.511  2331  2380 I RobotCore: DC Motor                                           shooter1                       USB AI049QOP; port 1
01-05 21:36:55.511  2331  2380 I RobotCore: DC Motor                                           leftFront                      USB AL00VWH0; port 2
01-05 21:36:55.511  2331  2380 I RobotCore: DC Motor                                           rightBack                      USB A104OQ1P; port 1
01-05 21:36:55.511  2331  2380 I RobotCore: DC Motor                                           intake2                        USB AL00VBIF; port 2
01-05 21:36:55.511  2331  2380 I RobotCore: DC Motor                                           intake1                        USB AL00VBIF; port 1
01-05 21:36:55.511  2331  2380 I RobotCore: Servo                                              ballFeeder                     USB AL00VSDY; port 2
01-05 21:36:55.511  2331  2380 I RobotCore: Modern Robotics USB DC Motor Controller v2.0       Intake                         USB AL00VBIF
01-05 21:36:55.511  2331  2380 I RobotCore: Modern Robotics USB Core Device Interface Module v1.5 Sensors                        USB AL00VFK6
01-05 21:36:55.511  2331  2380 I RobotCore: Modern Robotics USB Servo Controller v1.6          Servos                         USB AL00VSDY
01-05 21:36:55.512  2331  2380 I RobotCore: Modern Robotics Gyro                               gyro                           USB AL00VFK6; I2C port: 3
01-05 21:36:55.512  2331  2380 I RobotCore: Modern Robotics Analog Optical Distance Sensor     ods                            USB AL00VFK6; analog port 7
01-05 21:36:55.512  2331  2380 I FIRST   : ======= INIT FINISH =======
01-05 21:36:55.513  2331  2380 V RobotCore: EventLoopManager state is RUNNING
01-05 21:36:55.513  2331  2380 V RobotCore: Robot Status: running, starting robot
01-05 21:36:55.513  2331  2380 V RobotCore: Robot Status: running
01-05 21:36:55.515  2331  2380 V RobotCore: thread: ...terminating 'RobotSetupRunnable.run()'
01-05 21:36:55.523  2331  2429 V RobotCore: thread: 'opmode loop()' starting...
01-05 21:36:55.534  2331  2331 D MediaPlayer: setSubtitleAnchor in MediaPlayer
01-05 21:36:55.534  2331  2393 D MediaPlayer: setSubtitleAnchor in MediaPlayer
01-05 21:36:55.549  2331  2391 D ExtendedUtils: extended extractor not needed, return default
01-05 21:36:55.550  2331  2391 I MediaCodec: (0xb73d5768) init name(audio/raw) isType(1) encoder(0)
01-05 21:36:55.553  2331  2433 I OMXClient: Using client-side OMX mux.
01-05 21:36:55.559  2331  2433 E OMXMaster: A component of name 'OMX.qcom.audio.decoder.aac' already exists, ignoring this one.
01-05 21:36:55.562  2331  2433 I MediaCodec: (0xb73d5768) Component Allocated (OMX.google.raw.decoder)
01-05 21:36:55.563  2331  2391 I MediaCodec: (0xb73d5768) configure surface(0x0) crypto(0x0) flags(0)
01-05 21:36:55.563  2331  2391 D MediaCodec: (0xb73d5768) configure format: AMessage(what = 0x00000000) = {
01-05 21:36:55.563  2331  2391 D MediaCodec:    string mime = "audio/raw"
01-05 21:36:55.563  2331  2391 D MediaCodec:    int64_t durationUs = 1019125
01-05 21:36:55.563  2331  2391 D MediaCodec:    int32_t channel-count = 1
01-05 21:36:55.563  2331  2391 D MediaCodec:    int32_t sample-rate = 8000
01-05 21:36:55.563  2331  2391 D MediaCodec:    int32_t channel-mask = 0
01-05 21:36:55.563  2331  2391 D MediaCodec:  }
01-05 21:36:55.564  2331  2391 I MediaCodec: (0xb73d5768) start
01-05 21:36:55.564  2331  2433 I MediaCodec: (0xb73d5768) input buffers allocated
01-05 21:36:55.564  2331  2433 I MediaCodec: (0xb73d5768) numBuffers (4)
01-05 21:36:55.564  2331  2433 I MediaCodec: (0xb73d5768) output buffers allocated
01-05 21:36:55.564  2331  2433 I MediaCodec: (0xb73d5768) numBuffers (4)
01-05 21:36:55.569  2331  2433 I MediaCodec: (0xb73d5768) codec output format changed
01-05 21:36:55.569  2331  2433 D MediaCodec: (0xb73d5768) output format: AMessage(what = 'codc', target = 6) = {
01-05 21:36:55.569  2331  2433 D MediaCodec:    string mime = "audio/raw"
01-05 21:36:55.569  2331  2433 D MediaCodec:    int32_t channel-count = 1
01-05 21:36:55.569  2331  2433 D MediaCodec:    int32_t sample-rate = 8000
01-05 21:36:55.569  2331  2433 D MediaCodec:    int32_t channel-mask = 0
01-05 21:36:55.569  2331  2433 D MediaCodec:    int32_t what = 1869968451
01-05 21:36:55.569  2331  2433 D MediaCodec:  }
01-05 21:36:55.570  2331  2391 I MediaCodec: (0xb73d5768) stop
01-05 21:36:55.572  2331  2391 I MediaCodec: (0xb73d5768) release
01-05 21:36:55.601  2331  2393 W AudioTrack: AUDIO_OUTPUT_FLAG_FAST denied by client; transfer 4, track 8000 Hz, output 48000 Hz
01-05 21:36:56.031  2331  2429 I RobotCore: Attempting to switch to op mode $Stop$Robot$
01-05 21:36:56.141  2331  2389 V Robocol : sending CMD_INIT_OP_MODE_RESP(54), attempt: 0
01-05 21:36:56.165  2331  2385 V Robocol : received command: CMD_INIT_OP_MODE_RESP(54) $Stop$Robot$
01-05 21:36:56.285  2331  2429 I RobotCore: robot battery read duration: n=4, mean=0.016ms sd=0.010ms
01-05 21:37:24.165  2331  2385 V Robocol : received command: CMD_INIT_OP_MODE(10384) $Stop$Robot$
01-05 21:37:24.222  2331  2429 I RobotCore: Attempting to switch to op mode $Stop$Robot$
01-05 21:37:24.261  2331  2389 V Robocol : sending CMD_INIT_OP_MODE_RESP(431), attempt: 0
01-05 21:37:24.285  2331  2385 V Robocol : received command: CMD_INIT_OP_MODE_RESP(431) $Stop$Robot$
01-05 21:37:25.791  2331  2385 V Robocol : received command: CMD_INIT_OP_MODE(10408) ShooterData
01-05 21:37:25.862  2331  2429 I RobotCore: Attempting to switch to op mode ShooterData
01-05 21:37:25.921  2331  2445 V RobotCore: thread: 'LinearOpMode main' starting...
01-05 21:37:25.941  2331  2389 V Robocol : sending CMD_INIT_OP_MODE_RESP(460), attempt: 0
01-05 21:37:25.965  2331  2385 V Robocol : received command: CMD_INIT_OP_MODE_RESP(460) ShooterData
01-05 21:37:28.085  2331  2385 V Robocol : received command: CMD_RUN_OP_MODE(10434) ShooterData
01-05 21:37:28.101  2331  2389 V Robocol : sending CMD_RUN_OP_MODE_RESP(486), attempt: 0
01-05 21:37:28.126  2331  2385 V Robocol : received command: CMD_RUN_OP_MODE_RESP(486) ShooterData
01-05 21:37:31.111  2331  2445 I RobotCore: SHOOTER power: 0.24
01-05 21:37:31.111  2331  2445 I RobotCore: SHOOTER RPM1: 0.0
01-05 21:37:31.111  2331  2445 I RobotCore: SHOOTER RPM2: 0.0
01-05 21:37:31.121  2331  2445 I RobotCore: SHOOTER power: 0.24
01-05 21:37:31.121  2331  2445 I RobotCore: SHOOTER RPM1: 1816.5251708172689
01-05 21:37:31.121  2331  2445 I RobotCore: SHOOTER RPM2: 1686.7733729017496
01-05 21:37:31.132  2331  2445 I RobotCore: SHOOTER power: 0.24
01-05 21:37:31.132  2331  2445 I RobotCore: SHOOTER RPM1: 1164.1507385837947
01-05 21:37:31.132  2331  2445 I RobotCore: SHOOTER RPM2: 1293.5008206486607
01-05 21:37:31.142  2331  2445 I RobotCore: SHOOTER power: 0.24
01-05 21:37:31.142  2331  2445 I RobotCore: SHOOTER RPM1: 391.146888754933
01-05 21:37:31.142  2331  2445 I RobotCore: SHOOTER RPM2: 391.146888754933
01-05 21:37:31.152  2331  2445 I RobotCore: SHOOTER power: 0.24
01-05 21:37:31.152  2331  2445 I RobotCore: SHOOTER RPM1: 1967.9276028087952
01-05 21:37:31.152  2331  2445 I RobotCore: SHOOTER RPM2: 1967.9276028087952
01-05 21:37:31.163  2331  2445 I RobotCore: SHOOTER power: 0.24
01-05 21:37:31.163  2331  2445 I RobotCore: SHOOTER RPM1: 753.9613695828913
01-05 21:37:31.163  2331  2445 I RobotCore: SHOOTER RPM2: 753.9613695828913
01-05 21:37:31.173  2331  2445 I RobotCore: SHOOTER power: 0.24
01-05 21:37:31.174  2331  2445 I RobotCore: SHOOTER RPM1: 907.1737046775111
01-05 21:37:31.174  2331  2445 I RobotCore: SHOOTER RPM2: 907.1737046775111
01-05 21:37:31.184  2331  2445 I RobotCore: SHOOTER power: 0.24
01-05 21:37:31.184  2331  2445 I RobotCore: SHOOTER RPM1: 1418.2339763735113
01-05 21:37:31.184  2331  2445 I RobotCore: SHOOTER RPM2: 1418.2339763735113
01-05 21:37:31.194  2331  2445 I RobotCore: SHOOTER power: 0.24
01-05 21:37:31.195  2331  2445 I RobotCore: SHOOTER RPM1: 1417.945145090528
01-05 21:37:31.195  2331  2445 I RobotCore: SHOOTER RPM2: 1546.8492491896668
01-05 21:37:31.205  2331  2445 I RobotCore: SHOOTER power: 0.24
01-05 21:37:31.205  2331  2445 I RobotCore: SHOOTER RPM1: 1164.7778779587413
01-05 21:37:31.205  2331  2445 I RobotCore: SHOOTER RPM2: 1164.7778779587413
01-05 21:37:31.215  2331  2445 I RobotCore: SHOOTER power: 0.24
01-05 21:37:31.215  2331  2445 I RobotCore: SHOOTER RPM1: 1037.2984758239606
01-05 21:37:31.215  2331  2445 I RobotCore: SHOOTER RPM2: 1037.2984758239606
01-05 21:37:31.226  2331  2445 I RobotCore: SHOOTER power: 0.24
01-05 21:37:31.226  2331  2445 I RobotCore: SHOOTER RPM1: 1032.777163638272
01-05 21:37:31.226  2331  2445 I RobotCore: SHOOTER RPM2: 1032.777163638272
01-05 21:37:31.236  2331  2445 I RobotCore: SHOOTER power: 0.24
01-05 21:37:31.236  2331  2445 I RobotCore: SHOOTER RPM1: 907.3324187353422
01-05 21:37:31.236  2331  2445 I RobotCore: SHOOTER RPM2: 907.3324187353422
01-05 21:37:31.247  2331  2445 I RobotCore: SHOOTER power: 0.24
01-05 21:37:31.247  2331  2445 I RobotCore: SHOOTER RPM1: 1166.7100263645095
01-05 21:37:31.247  2331  2445 I RobotCore: SHOOTER RPM2: 1296.3444737383438
01-05 21:37:31.257  2331  2445 I RobotCore: SHOOTER power: 0.24
01-05 21:37:31.257  2331  2445 I RobotCore: SHOOTER RPM1: 892.893179752543
01-05 21:37:31.257  2331  2445 I RobotCore: SHOOTER RPM2: 765.3370112164654
01-05 21:37:31.268  2331  2445 I RobotCore: SHOOTER power: 0.24
01-05 21:37:31.268  2331  2445 I RobotCore: SHOOTER RPM1: 1553.037170611655
01-05 21:37:31.268  2331  2445 I RobotCore: SHOOTER RPM2: 1682.456934829293
