01-05 19:49:11.681 26625 26679 V Robocol : received command: CMD_REQUEST_OP_MODE_LIST_RESP(14) [{"flavor":"TELEOP","group":"Test","name":"RunAMotorOrTwo"},{"flavor":"TELEOP","group":"Test","name":"ShooterControl"},{"flavor":"TELEOP","group":"Test","name":"ShooterData"},{"flavor":"AUTONOMOUS","group":"Test","name":"WestCoastBluePID_AutoTest"},{"flavor":"AUTONOMOUS","group":"Test","name":"WestCoastRedPID_AutoTest"},{"flavor":"TELEOP","group":"Competition","name":"FinalTeleOp"}]
01-05 19:49:11.682 26625 26679 V Robocol : received command: CMD_INIT_OP_MODE(10008) $Stop$Robot$
01-05 19:49:11.683 26625 26679 V Robocol : received command: CMD_REQUEST_USER_SENSOR_LIST_RESP(15) [{"description":"a MR compass sensor","flavor":"I2C","name":"MR Compass Sensor","xmlTag":"ModernRoboticsI2cCompassSensor"},{"description":"an Adafruit IMU","flavor":"I2C","name":"Adafruit IMU","xmlTag":"AdafruitBNO055IMU"},{"description":"a MR range sensor","flavor":"I2C","name":"MR Range Sensor","xmlTag":"ModernRoboticsI2cRangeSensor"}]
01-05 19:49:11.683 26625 26679 V Robocol : received command: CMD_REQUEST_ACTIVE_CONFIGURATION_RESP(18) {"isDirty":false,"location":"LOCAL_STORAGE","name":"WestCoastTank_all+intake","resourceId":0}
01-05 19:49:12.056 26625 26673 V RobotCore: Starting up device A104OQ1P
01-05 19:49:12.059 26625 26701 V RobotCore: thread: 'r/w loop: Modern Robotics USB DC Motor Controller [A104OQ1P]' starting...
01-05 19:49:12.060 26625 26673 D RobotCore: ...arming modern motor controller Modern Robotics USB DC Motor Controller [A104OQ1P] complete
01-05 19:49:12.106 26625 26673 V RobotCore: Creating Modern Robotics USB DC Motor Controller [AL00VWH0]
01-05 19:49:12.106 26625 26673 D RobotCore: arming modern motor controller Modern Robotics USB DC Motor Controller [AL00VWH0]...
01-05 19:49:12.108 26625 26673 V D2xx::  : Vendor: 0403, Product: 6001
01-05 19:49:12.110 26625 26673 V D2xx::  : Vendor: 0403, Product: 6001
01-05 19:49:12.111 26625 26673 V D2xx::  : Vendor: 0403, Product: 6001
01-05 19:49:12.112 26625 26673 V D2xx::  : Vendor: 0403, Product: 6001
01-05 19:49:12.114 26625 26673 V D2xx::  : Vendor: 0403, Product: 6001
01-05 19:49:12.115 26625 26673 V D2xx::  : Vendor: 0403, Product: 6001
01-05 19:49:12.117 26625 26673 D FTDI_Device::: open SUCCESS
01-05 19:49:12.117 26625 26673 I FTDI_Device::: EP: 0x81
01-05 19:49:12.117 26625 26673 I FTDI_Device::: EP: 0x02
01-05 19:49:12.117 26625 26673 D D2XX::  : **********************Device Opened**********************
01-05 19:49:12.533 26625 26673 V RobotCore: Starting up device AL00VWH0
01-05 19:49:12.536 26625 26705 V RobotCore: thread: 'r/w loop: Modern Robotics USB DC Motor Controller [AL00VWH0]' starting...
01-05 19:49:12.537 26625 26673 D RobotCore: ...arming modern motor controller Modern Robotics USB DC Motor Controller [AL00VWH0] complete
01-05 19:49:12.574 26625 26673 V RobotCore: Creating Modern Robotics USB DC Motor Controller [AI049QOP]
01-05 19:49:12.574 26625 26673 D RobotCore: arming modern motor controller Modern Robotics USB DC Motor Controller [AI049QOP]...
01-05 19:49:12.576 26625 26673 V D2xx::  : Vendor: 0403, Product: 6001
01-05 19:49:12.577 26625 26673 V D2xx::  : Vendor: 0403, Product: 6001
01-05 19:49:12.578 26625 26673 V D2xx::  : Vendor: 0403, Product: 6001
01-05 19:49:12.579 26625 26673 V D2xx::  : Vendor: 0403, Product: 6001
01-05 19:49:12.580 26625 26673 V D2xx::  : Vendor: 0403, Product: 6001
01-05 19:49:12.582 26625 26673 V D2xx::  : Vendor: 0403, Product: 6001
01-05 19:49:12.583 26625 26673 D FTDI_Device::: open SUCCESS
01-05 19:49:12.583 26625 26673 I FTDI_Device::: EP: 0x81
01-05 19:49:12.583 26625 26673 I FTDI_Device::: EP: 0x02
01-05 19:49:12.584 26625 26673 D D2XX::  : **********************Device Opened**********************
01-05 19:49:13.000 26625 26673 V RobotCore: Starting up device AI049QOP
01-05 19:49:13.002 26625 26708 V RobotCore: thread: 'r/w loop: Modern Robotics USB DC Motor Controller [AI049QOP]' starting...
01-05 19:49:13.002 26625 26673 D RobotCore: ...arming modern motor controller Modern Robotics USB DC Motor Controller [AI049QOP] complete
01-05 19:49:13.067 26625 26673 V RobotCore: Creating Modern Robotics USB DC Motor Controller [AL00VBIF]
01-05 19:49:13.067 26625 26673 D RobotCore: arming modern motor controller Modern Robotics USB DC Motor Controller [AL00VBIF]...
01-05 19:49:13.068 26625 26673 V D2xx::  : Vendor: 0403, Product: 6001
01-05 19:49:13.070 26625 26673 V D2xx::  : Vendor: 0403, Product: 6001
01-05 19:49:13.073 26625 26673 V D2xx::  : Vendor: 0403, Product: 6001
01-05 19:49:13.075 26625 26673 V D2xx::  : Vendor: 0403, Product: 6001
01-05 19:49:13.077 26625 26673 V D2xx::  : Vendor: 0403, Product: 6001
01-05 19:49:13.079 26625 26673 V D2xx::  : Vendor: 0403, Product: 6001
01-05 19:49:13.080 26625 26673 D FTDI_Device::: open SUCCESS
01-05 19:49:13.081 26625 26673 I FTDI_Device::: EP: 0x81
01-05 19:49:13.081 26625 26673 I FTDI_Device::: EP: 0x02
01-05 19:49:13.081 26625 26673 D D2XX::  : **********************Device Opened**********************
01-05 19:49:13.504 26625 26673 V RobotCore: Starting up device AL00VBIF
01-05 19:49:13.505 26625 26722 V RobotCore: thread: 'r/w loop: Modern Robotics USB DC Motor Controller [AL00VBIF]' starting...
01-05 19:49:13.506 26625 26673 D RobotCore: ...arming modern motor controller Modern Robotics USB DC Motor Controller [AL00VBIF] complete
01-05 19:49:13.578 26625 26673 I RobotCore: Analytics has completed initialization.
01-05 19:49:13.578 26625 26673 I RobotCore: ========= Device Information ===================================================
01-05 19:49:13.578 26625 26673 I RobotCore: Type                                               Name                           Connection
01-05 19:49:13.579 26625 26673 I RobotCore: Modern Robotics USB DC Motor Controller v2.0       Shooter                        USB AI049QOP
01-05 19:49:13.579 26625 26673 I RobotCore: I2cDevice                                          color                          USB AL00VFK6; port 4
01-05 19:49:13.579 26625 26673 I RobotCore: DC Motor                                           rightFront                     USB AL00VWH0; port 1
01-05 19:49:13.579 26625 26673 I RobotCore: Modern Robotics USB DC Motor Controller v2.0       Front Motors                   USB AL00VWH0
01-05 19:49:13.579 26625 26673 I RobotCore: Modern Robotics USB DC Motor Controller v2.0       Back Motors                    USB A104OQ1P
01-05 19:49:13.580 26625 26673 I RobotCore: DC Motor                                           leftBack                       USB A104OQ1P; port 2
01-05 19:49:13.580 26625 26673 I RobotCore: Servo                                              upDown                         USB AL00VSDY; port 1
01-05 19:49:13.580 26625 26673 I RobotCore: DC Motor                                           shooter2                       USB AI049QOP; port 2
01-05 19:49:13.580 26625 26673 I RobotCore: DC Motor                                           shooter1                       USB AI049QOP; port 1
01-05 19:49:13.580 26625 26673 I RobotCore: DC Motor                                           leftFront                      USB AL00VWH0; port 2
01-05 19:49:13.580 26625 26673 I RobotCore: DC Motor                                           rightBack                      USB A104OQ1P; port 1
01-05 19:49:13.580 26625 26673 I RobotCore: DC Motor                                           intake2                        USB AL00VBIF; port 2
01-05 19:49:13.580 26625 26673 I RobotCore: DC Motor                                           intake1                        USB AL00VBIF; port 1
01-05 19:49:13.580 26625 26673 I RobotCore: Servo                                              ballFeeder                     USB AL00VSDY; port 2
01-05 19:49:13.580 26625 26673 I RobotCore: Modern Robotics USB DC Motor Controller v2.0       Intake                         USB AL00VBIF
01-05 19:49:13.580 26625 26673 I RobotCore: Modern Robotics USB Core Device Interface Module v1.5 Sensors                        USB AL00VFK6
01-05 19:49:13.580 26625 26673 I RobotCore: Modern Robotics USB Servo Controller v1.6          Servos                         USB AL00VSDY
01-05 19:49:13.581 26625 26673 I RobotCore: Modern Robotics Gyro                               gyro                           USB AL00VFK6; I2C port: 3
01-05 19:49:13.581 26625 26673 I RobotCore: Modern Robotics Analog Optical Distance Sensor     ods                            USB AL00VFK6; analog port 7
01-05 19:49:13.581 26625 26673 I FIRST   : ======= INIT FINISH =======
01-05 19:49:13.581 26625 26673 V RobotCore: EventLoopManager state is RUNNING
01-05 19:49:13.581 26625 26673 V RobotCore: Robot Status: running, starting robot
01-05 19:49:13.582 26625 26673 V RobotCore: Robot Status: running
01-05 19:49:13.587 26625 26673 V RobotCore: thread: ...terminating 'RobotSetupRunnable.run()'
01-05 19:49:13.590 26625 26723 V RobotCore: thread: 'opmode loop()' starting...
01-05 19:49:13.602 26625 26690 D MediaPlayer: setSubtitleAnchor in MediaPlayer
01-05 19:49:13.612 26625 26625 W MediaPlayer: mediaplayer went away with unhandled events
01-05 19:49:13.617 26625 26688 D ExtendedUtils: extended extractor not needed, return default
01-05 19:49:13.618 26625 26688 I MediaCodec: (0xb7604df8) init name(audio/raw) isType(1) encoder(0)
01-05 19:49:13.619 26625 26727 I OMXClient: Using client-side OMX mux.
01-05 19:49:13.626 26625 26727 E OMXMaster: A component of name 'OMX.qcom.audio.decoder.aac' already exists, ignoring this one.
01-05 19:49:13.630 26625 26727 I MediaCodec: (0xb7604df8) Component Allocated (OMX.google.raw.decoder)
01-05 19:49:13.630 26625 26688 I MediaCodec: (0xb7604df8) configure surface(0x0) crypto(0x0) flags(0)
01-05 19:49:13.630 26625 26688 D MediaCodec: (0xb7604df8) configure format: AMessage(what = 0x00000000) = {
01-05 19:49:13.630 26625 26688 D MediaCodec:    string mime = "audio/raw"
01-05 19:49:13.630 26625 26688 D MediaCodec:    int64_t durationUs = 1019125
01-05 19:49:13.630 26625 26688 D MediaCodec:    int32_t channel-count = 1
01-05 19:49:13.630 26625 26688 D MediaCodec:    int32_t sample-rate = 8000
01-05 19:49:13.630 26625 26688 D MediaCodec:    int32_t channel-mask = 0
01-05 19:49:13.630 26625 26688 D MediaCodec:  }
01-05 19:49:13.631 26625 26688 I MediaCodec: (0xb7604df8) start
01-05 19:49:13.633 26625 26727 I MediaCodec: (0xb7604df8) input buffers allocated
01-05 19:49:13.633 26625 26727 I MediaCodec: (0xb7604df8) numBuffers (4)
01-05 19:49:13.633 26625 26727 I MediaCodec: (0xb7604df8) output buffers allocated
01-05 19:49:13.633 26625 26727 I MediaCodec: (0xb7604df8) numBuffers (4)
01-05 19:49:13.638 26625 26727 I MediaCodec: (0xb7604df8) codec output format changed
01-05 19:49:13.638 26625 26727 D MediaCodec: (0xb7604df8) output format: AMessage(what = 'codc', target = 6) = {
01-05 19:49:13.638 26625 26727 D MediaCodec:    string mime = "audio/raw"
01-05 19:49:13.638 26625 26727 D MediaCodec:    int32_t channel-count = 1
01-05 19:49:13.638 26625 26727 D MediaCodec:    int32_t sample-rate = 8000
01-05 19:49:13.638 26625 26727 D MediaCodec:    int32_t channel-mask = 0
01-05 19:49:13.638 26625 26727 D MediaCodec:    int32_t what = 1869968451
01-05 19:49:13.638 26625 26727 D MediaCodec:  }
01-05 19:49:13.639 26625 26688 I MediaCodec: (0xb7604df8) stop
01-05 19:49:13.641 26625 26688 I MediaCodec: (0xb7604df8) release
01-05 19:49:13.653 26625 26690 W AudioTrack: AUDIO_OUTPUT_FLAG_FAST denied by client; transfer 4, track 8000 Hz, output 48000 Hz
01-05 19:49:14.099 26625 26723 I RobotCore: Attempting to switch to op mode $Stop$Robot$
01-05 19:49:14.166 26625 26686 V Robocol : sending CMD_INIT_OP_MODE_RESP(49), attempt: 0
01-05 19:49:14.201 26625 26679 V Robocol : received command: CMD_INIT_OP_MODE_RESP(49) $Stop$Robot$
01-05 19:49:14.353 26625 26723 I RobotCore: robot battery read duration: n=4, mean=0.021ms sd=0.011ms
01-05 19:49:48.041 26625 26679 V Robocol : received command: CMD_INIT_OP_MODE(10448) $Stop$Robot$
01-05 19:49:48.122 26625 26723 I RobotCore: Attempting to switch to op mode $Stop$Robot$
01-05 19:49:48.126 26625 26686 V Robocol : sending CMD_INIT_OP_MODE_RESP(505), attempt: 0
01-05 19:49:48.261 26625 26679 V Robocol : received command: CMD_INIT_OP_MODE_RESP(505) $Stop$Robot$
01-05 19:49:50.881 26625 26679 V Robocol : received command: CMD_INIT_OP_MODE(10487) ShooterData
01-05 19:49:50.915 26625 26723 I RobotCore: Attempting to switch to op mode ShooterData
01-05 19:49:51.150 26625 26739 V RobotCore: thread: 'LinearOpMode main' starting...
01-05 19:49:51.166 26625 26686 V Robocol : sending CMD_INIT_OP_MODE_RESP(551), attempt: 0
01-05 19:49:51.202 26625 26679 V Robocol : received command: CMD_INIT_OP_MODE_RESP(551) ShooterData
01-05 19:49:52.043 26625 26679 V Robocol : received command: CMD_RUN_OP_MODE(10504) ShooterData
01-05 19:49:52.086 26625 26686 V Robocol : sending CMD_RUN_OP_MODE_RESP(566), attempt: 0
01-05 19:49:52.121 26625 26679 V Robocol : received command: CMD_RUN_OP_MODE_RESP(566) ShooterData
01-05 19:49:55.069 26625 26739 I RobotCore: SHOOTER power: 0.24
01-05 19:49:55.069 26625 26739 I RobotCore: SHOOTER RPM1: 0.0
01-05 19:49:55.069 26625 26739 I RobotCore: SHOOTER RPM2: 0.0
01-05 19:49:55.079 26625 26739 I RobotCore: SHOOTER power: 0.24
01-05 19:49:55.079 26625 26739 I RobotCore: SHOOTER RPM1: 1284.4336429854523
01-05 19:49:55.079 26625 26739 I RobotCore: SHOOTER RPM2: 1155.990278686907
01-05 19:49:55.089 26625 26739 I RobotCore: SHOOTER power: 0.24
01-05 19:49:55.090 26625 26739 I RobotCore: SHOOTER RPM1: 905.4325476862349
01-05 19:49:55.090 26625 26739 I RobotCore: SHOOTER RPM2: 776.0850408739157
01-05 19:49:55.100 26625 26739 I RobotCore: SHOOTER power: 0.24
01-05 19:49:55.100 26625 26739 I RobotCore: SHOOTER RPM1: 1033.131880795539
01-05 19:49:55.100 26625 26739 I RobotCore: SHOOTER RPM2: 774.8489105966542
01-05 19:49:55.110 26625 26739 I RobotCore: SHOOTER power: 0.24
01-05 19:49:55.110 26625 26739 I RobotCore: SHOOTER RPM1: 1164.876720980131
01-05 19:49:55.110 26625 26739 I RobotCore: SHOOTER RPM2: 906.0152274289909
01-05 19:49:55.121 26625 26739 I RobotCore: SHOOTER power: 0.24
01-05 19:49:55.121 26625 26739 I RobotCore: SHOOTER RPM1: 514.0432556501913
01-05 19:49:55.121 26625 26739 I RobotCore: SHOOTER RPM2: 514.0432556501913
01-05 19:49:55.131 26625 26739 I RobotCore: SHOOTER power: 0.24
01-05 19:49:55.131 26625 26739 I RobotCore: SHOOTER RPM1: 1441.8418715136854
01-05 19:49:55.131 26625 26739 I RobotCore: SHOOTER RPM2: 1179.6888039657426
01-05 19:49:55.142 26625 26739 I RobotCore: SHOOTER power: 0.24
01-05 19:49:55.142 26625 26739 I RobotCore: SHOOTER RPM1: 648.4573900322031
01-05 19:49:55.142 26625 26739 I RobotCore: SHOOTER RPM2: 518.7659120257624
01-05 19:49:55.152 26625 26739 I RobotCore: SHOOTER power: 0.24
01-05 19:49:55.152 26625 26739 I RobotCore: SHOOTER RPM1: 655.3727521134041
01-05 19:49:55.152 26625 26739 I RobotCore: SHOOTER RPM2: 524.2982016907233
01-05 19:49:55.162 26625 26739 I RobotCore: SHOOTER power: 0.24
01-05 19:49:55.162 26625 26739 I RobotCore: SHOOTER RPM1: 1705.3993378569305
01-05 19:49:55.162 26625 26739 I RobotCore: SHOOTER RPM2: 1443.0302089558643
01-05 19:49:55.173 26625 26739 I RobotCore: SHOOTER power: 0.24
01-05 19:49:55.173 26625 26739 I RobotCore: SHOOTER RPM1: 776.6271029003885
01-05 19:49:55.173 26625 26739 I RobotCore: SHOOTER RPM2: 647.1892524169904
01-05 19:49:55.183 26625 26739 I RobotCore: SHOOTER power: 0.24
01-05 19:49:55.183 26625 26739 I RobotCore: SHOOTER RPM1: 647.7611847330276
01-05 19:49:55.183 26625 26739 I RobotCore: SHOOTER RPM2: 518.2089477864221
01-05 19:49:55.194 26625 26739 I RobotCore: SHOOTER power: 0.24
01-05 19:49:55.194 26625 26739 I RobotCore: SHOOTER RPM1: 1035.7559848803241
01-05 19:49:55.194 26625 26739 I RobotCore: SHOOTER RPM2: 906.2864867702837
01-05 19:49:55.204 26625 26739 I RobotCore: SHOOTER power: 0.24
01-05 19:49:55.204 26625 26739 I RobotCore: SHOOTER RPM1: 1422.8367386835225
01-05 19:49:55.204 26625 26739 I RobotCore: SHOOTER RPM2: 1164.1391498319729
01-05 19:49:55.214 26625 26739 I RobotCore: SHOOTER power: 0.24
01-05 19:49:55.214 26625 26739 I RobotCore: SHOOTER RPM1: 786.7931627254536
01-05 19:49:55.214 26625 26739 I RobotCore: SHOOTER RPM2: 655.660968937878
01-05 19:49:55.225 26625 26739 I RobotCore: SHOOTER power: 0.24
01-05 19:49:55.225 26625 26739 I RobotCore: SHOOTER RPM1: 640.5552484577115
01-05 19:49:55.225 26625 26739 I RobotCore: SHOOTER RPM2: 512.4441987661692
01-05 19:49:55.235 26625 26739 I RobotCore: SHOOTER power: 0.24
01-05 19:49:55.235 26625 26739 I RobotCore: SHOOTER RPM1: 2097.7120569251924
01-05 19:49:55.235 26625 26739 I RobotCore: SHOOTER RPM2: 1835.4980498095435
01-05 19:49:55.246 26625 26739 I RobotCore: SHOOTER power: 0.24
01-05 19:49:55.246 26625 26739 I RobotCore: SHOOTER RPM1: 747.535103912089
01-05 19:49:55.246 26625 26739 I RobotCore: SHOOTER RPM2: 622.9459199267408
01-05 19:49:55.257 26625 26739 I RobotCore: SHOOTER power: 0.24
01-05 19:49:55.257 26625 26739 I RobotCore: SHOOTER RPM1: 895.9942656366999
01-05 19:49:55.257 26625 26739 I RobotCore: SHOOTER RPM2: 639.9959040262142
01-05 19:49:55.268 26625 26739 I RobotCore: SHOOTER power: 0.24
01-05 19:49:55.268 26625 26739 I RobotCore: SHOOTER RPM1: 1457.876307840486
01-05 19:49:55.268 26625 26739 I RobotCore: SHOOTER RPM2: 1214.8969232004051
01-05 19:49:55.278 26625 26739 I RobotCore: SHOOTER power: 0.24
01-05 19:49:55.278 26625 26739 I RobotCore: SHOOTER RPM1: 522.2272326153551
01-05 19:49:55.278 26625 26739 I RobotCore: SHOOTER RPM2: 522.2272326153551
01-05 19:49:55.288 26625 26739 I RobotCore: SHOOTER power: 0.24
01-05 19:49:55.288 26625 26739 I RobotCore: SHOOTER RPM1: 1179.5160462437602
01-05 19:49:55.288 26625 26739 I RobotCore: SHOOTER RPM2: 786.3440308291734
01-05 19:49:55.299 26625 26739 I RobotCore: SHOOTER power: 0.24
01-05 19:49:55.299 26625 26739 I RobotCore: SHOOTER RPM1: 1154.1334176538078
01-05 19:49:55.299 26625 26739 I RobotCore: SHOOTER RPM2: 1025.8963712478292
01-05 19:49:55.309 26625 26739 I RobotCore: SHOOTER power: 0.24
01-05 19:49:55.309 26625 26739 I RobotCore: SHOOTER RPM1: 0.0
01-05 19:49:55.309 26625 26739 I RobotCore: SHOOTER RPM2: 0.0
01-05 19:49:55.320 26625 26739 I RobotCore: SHOOTER power: 0.24
01-05 19:49:55.320 26625 26739 I RobotCore: SHOOTER RPM1: 1433.3768635987396
01-05 19:49:55.320 26625 26739 I RobotCore: SHOOTER RPM2: 1172.762888398969
01-05 19:49:55.330 26625 26739 I RobotCore: SHOOTER power: 0.24
01-05 19:49:55.330 26625 26739 I RobotCore: SHOOTER RPM1: 1702.7563919215527
01-05 19:49:55.330 26625 26739 I RobotCore: SHOOTER RPM2: 1440.7938700874677
01-05 19:49:55.341 26625 26739 I RobotCore: SHOOTER power: 0.24
01-05 19:49:55.341 26625 26739 I RobotCore: SHOOTER RPM1: 739.7275769745353
01-05 19:49:55.341 26625 26739 I RobotCore: SHOOTER RPM2: 616.4396474787794
01-05 19:49:55.351 26625 26739 I RobotCore: SHOOTER power: 0.24
01-05 19:49:55.351 26625 26739 I RobotCore: SHOOTER RPM1: 1180.9655747747643
01-05 19:49:55.351 26625 26739 I RobotCore: SHOOTER RPM2: 1049.7471775775682
01-05 19:49:55.362 26625 26739 I RobotCore: SHOOTER power: 0.24
01-05 19:49:55.362 26625 26739 I RobotCore: SHOOTER RPM1: 649.1290248992028
01-05 19:49:55.362 26625 26739 I RobotCore: SHOOTER RPM2: 389.47741493952174
01-05 19:49:55.372 26625 26739 I RobotCore: SHOOTER power: 0.24
01-05 19:49:55.372 26625 26739 I RobotCore: SHOOTER RPM1: 1570.7600955748876
01-05 19:49:55.372 26625 26739 I RobotCore: SHOOTER RPM2: 1308.9667463124063
01-05 19:49:55.382 26625 26739 I RobotCore: SHOOTER power: 0.24
01-05 19:49:55.382 26625 26739 I RobotCore: SHOOTER RPM1: 655.1510384286782
01-05 19:49:55.382 26625 26739 I RobotCore: SHOOTER RPM2: 655.1510384286782
01-05 19:49:55.393 26625 26739 I RobotCore: SHOOTER power: 0.24
01-05 19:49:55.393 26625 26739 I RobotCore: SHOOTER RPM1: 1034.4500387876094
01-05 19:49:55.393 26625 26739 I RobotCore: SHOOTER RPM2: 775.8375290907071
01-05 19:49:55.403 26625 26739 I RobotCore: SHOOTER power: 0.24
01-05 19:49:55.404 26625 26739 I RobotCore: SHOOTER RPM1: 1389.8349980056753
01-05 19:49:55.404 26625 26739 I RobotCore: SHOOTER RPM2: 1263.486361823341
01-05 19:49:55.414 26625 26739 I RobotCore: SHOOTER power: 0.24
01-05 19:49:55.414 26625 26739 I RobotCore: SHOOTER RPM1: 651.8983357765613
01-05 19:49:55.414 26625 26739 I RobotCore: SHOOTER RPM2: 521.518668621249
01-05 19:49:55.424 26625 26739 I RobotCore: SHOOTER power: 0.24
01-05 19:49:55.424 26625 26739 I RobotCore: SHOOTER RPM1: 1036.231728397944
01-05 19:49:55.424 26625 26739 I RobotCore: SHOOTER RPM2: 906.702762348201
01-05 19:49:55.435 26625 26739 I RobotCore: SHOOTER power: 0.24
01-05 19:49:55.435 26625 26739 I RobotCore: SHOOTER RPM1: 917.3318875763433
01-05 19:49:55.435 26625 26739 I RobotCore: SHOOTER RPM2: 655.2370625545309
01-05 19:49:55.445 26625 26739 I RobotCore: SHOOTER power: 0.24
01-05 19:49:55.445 26625 26739 I RobotCore: SHOOTER RPM1: 777.6124363494736
01-05 19:49:55.445 26625 26739 I RobotCore: SHOOTER RPM2: 648.0103636245614
01-05 19:49:55.455 26625 26739 I RobotCore: SHOOTER power: 0.24
01-05 19:49:55.455 26625 26739 I RobotCore: SHOOTER RPM1: 1179.8974391718361
01-05 19:49:55.455 26625 26739 I RobotCore: SHOOTER RPM2: 1048.797723708299
01-05 19:49:55.466 26625 26739 I RobotCore: SHOOTER power: 0.24
01-05 19:49:55.466 26625 26739 I RobotCore: SHOOTER RPM1: 906.7298786924955
01-05 19:49:55.466 26625 26739 I RobotCore: SHOOTER RPM2: 777.1970388792819
01-05 19:49:55.476 26625 26739 I RobotCore: SHOOTER power: 0.24
01-05 19:49:55.476 26625 26739 I RobotCore: SHOOTER RPM1: 1166.232203704753
01-05 19:49:55.476 26625 26739 I RobotCore: SHOOTER RPM2: 907.0694917703634
01-05 19:49:55.486 26625 26739 I RobotCore: SHOOTER power: 0.24
01-05 19:49:55.487 26625 26739 I RobotCore: SHOOTER RPM1: 915.879366514085
01-05 19:49:55.487 26625 26739 I RobotCore: SHOOTER RPM2: 654.1995475100607
01-05 19:49:55.498 26625 26739 I RobotCore: SHOOTER power: 0.24
01-05 19:49:55.498 26625 26739 I RobotCore: SHOOTER RPM1: 1044.597604428492
01-05 19:49:55.498 26625 26739 I RobotCore: SHOOTER RPM2: 928.5312039364375
01-05 19:49:55.509 26625 26739 I RobotCore: SHOOTER power: 0.24
01-05 19:49:55.509 26625 26739 I RobotCore: SHOOTER RPM1: 1168.8707555994345
01-05 19:49:55.509 26625 26739 I RobotCore: SHOOTER RPM2: 909.1216987995601
01-05 19:49:55.519 26625 26739 I RobotCore: SHOOTER power: 0.24
01-05 19:49:55.519 26625 26739 I RobotCore: SHOOTER RPM1: 1313.3531551946292
01-05 19:49:55.519 26625 26739 I RobotCore: SHOOTER RPM2: 1182.0178396751664
01-05 19:49:55.529 26625 26739 I RobotCore: SHOOTER power: 0.24
01-05 19:49:55.529 26625 26739 I RobotCore: SHOOTER RPM1: 387.94192795898226
01-05 19:49:55.529 26625 26739 I RobotCore: SHOOTER RPM2: 387.94192795898226
01-05 19:49:55.540 26625 26739 I RobotCore: SHOOTER power: 0.24
01-05 19:49:55.540 26625 26739 I RobotCore: SHOOTER RPM1: 1539.8417064796804
01-05 19:49:55.540 26625 26739 I RobotCore: SHOOTER RPM2: 1283.2014220664003
01-05 19:49:55.550 26625 26739 I RobotCore: SHOOTER power: 0.24
01-05 19:49:55.550 26625 26739 I RobotCore: SHOOTER RPM1: 1033.9244091350758
01-05 19:49:55.550 26625 26739 I RobotCore: SHOOTER RPM2: 775.4433068513068
01-05 19:49:55.561 26625 26739 I RobotCore: SHOOTER power: 0.24
01-05 19:49:55.561 26625 26739 I RobotCore: SHOOTER RPM1: 1160.7308443228128
01-05 19:49:55.561 26625 26739 I RobotCore: SHOOTER RPM2: 1031.7607505091669
01-05 19:49:55.571 26625 26739 I RobotCore: SHOOTER power: 0.24
01-05 19:49:55.571 26625 26739 I RobotCore: SHOOTER RPM1: 1161.7992806113036
01-05 19:49:55.571 26625 26739 I RobotCore: SHOOTER RPM2: 903.6216626976807
01-05 19:49:55.582 26625 26739 I RobotCore: SHOOTER power: 0.24
01-05 19:49:55.582 26625 26739 I RobotCore: SHOOTER RPM1: 1034.522103458309
01-05 19:49:55.582 26625 26739 I RobotCore: SHOOTER RPM2: 905.2068405260203
01-05 19:49:55.592 26625 26739 I RobotCore: SHOOTER power: 0.24
01-05 19:49:55.592 26625 26739 I RobotCore: SHOOTER RPM1: 1032.4227885711643
01-05 19:49:55.592 26625 26739 I RobotCore: SHOOTER RPM2: 903.3699399997688
01-05 19:49:55.603 26625 26739 I RobotCore: SHOOTER power: 0.24
01-05 19:49:55.603 26625 26739 I RobotCore: SHOOTER RPM1: 777.5580732724698
01-05 19:49:55.603 26625 26739 I RobotCore: SHOOTER RPM2: 518.3720488483132
01-05 19:49:55.613 26625 26739 I RobotCore: SHOOTER power: 0.24
01-05 19:49:55.613 26625 26739 I RobotCore: SHOOTER RPM1: 914.4314380796867
01-05 19:49:55.613 26625 26739 I RobotCore: SHOOTER RPM2: 783.7983754968743
01-05 19:49:55.623 26625 26739 I RobotCore: SHOOTER power: 0.24
01-05 19:49:55.623 26625 26739 I RobotCore: SHOOTER RPM1: 1166.9782528856863
01-05 19:49:55.623 26625 26739 I RobotCore: SHOOTER RPM2: 907.6497522444226
01-05 19:49:55.634 26625 26739 I RobotCore: SHOOTER power: 0.24
01-05 19:49:55.634 26625 26739 I RobotCore: SHOOTER RPM1: 893.3762902006376
01-05 19:49:55.634 26625 26739 I RobotCore: SHOOTER RPM2: 765.7511058862609
01-05 19:49:55.644 26625 26739 I RobotCore: SHOOTER power: 0.24
01-05 19:49:55.644 26625 26739 I RobotCore: SHOOTER RPM1: 1556.5933767159368
01-05 19:49:55.644 26625 26739 I RobotCore: SHOOTER RPM2: 1297.1611472632806
01-05 19:49:55.655 26625 26739 I RobotCore: SHOOTER power: 0.24
01-05 19:49:55.655 26625 26739 I RobotCore: SHOOTER RPM1: 0.0
01-05 19:49:55.655 26625 26739 I RobotCore: SHOOTER RPM2: 0.0
01-05 19:49:55.665 26625 26739 I RobotCore: SHOOTER power: 0.24
01-05 19:49:55.665 26625 26739 I RobotCore: SHOOTER RPM1: 1945.8485601172092
01-05 19:49:55.665 26625 26739 I RobotCore: SHOOTER RPM2: 1686.4020854349146
01-05 19:49:55.676 26625 26739 I RobotCore: SHOOTER power: 0.24
01-05 19:49:55.676 26625 26739 I RobotCore: SHOOTER RPM1: 258.318987330053
01-05 19:49:55.676 26625 26739 I RobotCore: SHOOTER RPM2: 258.318987330053
01-05 19:49:55.686 26625 26739 I RobotCore: SHOOTER power: 0.24
01-05 19:49:55.686 26625 26739 I RobotCore: SHOOTER RPM1: 770.103669892844
01-05 19:49:55.686 26625 26739 I RobotCore: SHOOTER RPM2: 641.7530582440367
01-05 19:49:55.697 26625 26739 I RobotCore: SHOOTER power: 0.24
01-05 19:49:55.697 26625 26739 I RobotCore: SHOOTER RPM1: 2195.3395802401214
01-05 19:49:55.697 26625 26739 I RobotCore: SHOOTER RPM2: 1678.7890907718577
01-05 19:49:55.707 26625 26739 I RobotCore: SHOOTER power: 0.24
01-05 19:49:55.707 26625 26739 I RobotCore: SHOOTER RPM1: 646.6247648646037
01-05 19:49:55.707 26625 26739 I RobotCore: SHOOTER RPM2: 517.2998118916829
01-05 19:49:55.718 26625 26739 I RobotCore: SHOOTER power: 0.24
01-05 19:49:55.718 26625 26739 I RobotCore: SHOOTER RPM1: 383.26767298023077
01-05 19:49:55.718 26625 26739 I RobotCore: SHOOTER RPM2: 383.26767298023077
01-05 19:49:55.728 26625 26739 I RobotCore: SHOOTER power: 0.24
01-05 19:49:55.728 26625 26739 I RobotCore: SHOOTER RPM1: 1811.0186795348477
01-05 19:49:55.728 26625 26739 I RobotCore: SHOOTER RPM2: 1552.3017253155838
01-05 19:49:55.739 26625 26739 I RobotCore: SHOOTER power: 0.24
01-05 19:49:55.739 26625 26739 I RobotCore: SHOOTER RPM1: 890.5683571887292
01-05 19:49:55.739 26625 26739 I RobotCore: SHOOTER RPM2: 763.3443061617679
01-05 19:49:55.749 26625 26739 I RobotCore: SHOOTER power: 0.24
01-05 19:49:55.749 26625 26739 I RobotCore: SHOOTER RPM1: 1025.0604997113558
01-05 19:49:55.749 26625 26739 I RobotCore: SHOOTER RPM2: 768.7953747835169
01-05 19:49:55.760 26625 26739 I RobotCore: SHOOTER power: 0.24
01-05 19:49:55.760 26625 26739 I RobotCore: SHOOTER RPM1: 647.311954640811
01-05 19:49:55.760 26625 26739 I RobotCore: SHOOTER RPM2: 647.311954640811
01-05 19:49:55.770 26625 26739 I RobotCore: SHOOTER power: 0.24
01-05 19:49:55.770 26625 26739 I RobotCore: SHOOTER RPM1: 1032.859455263468
01-05 19:49:55.770 26625 26739 I RobotCore: SHOOTER RPM2: 774.644591447601
01-05 19:49:55.781 26625 26739 I RobotCore: SHOOTER power: 0.24
01-05 19:49:55.781 26625 26739 I RobotCore: SHOOTER RPM1: 1547.148838696544
01-05 19:49:55.781 26625 26739 I RobotCore: SHOOTER RPM2: 1289.2906989137869
01-05 19:49:55.791 26625 26739 I RobotCore: SHOOTER power: 0.24
01-05 19:49:55.791 26625 26739 I RobotCore: SHOOTER RPM1: 1033.5126288267033
01-05 19:49:55.791 26625 26739 I RobotCore: SHOOTER RPM2: 904.3235502233654
01-05 19:49:55.802 26625 26739 I RobotCore: SHOOTER power: 0.24
01-05 19:49:55.802 26625 26739 I RobotCore: SHOOTER RPM1: 898.9700843920239
01-05 19:49:55.802 26625 26739 I RobotCore: SHOOTER RPM2: 642.1214888514456
01-05 19:49:55.812 26625 26739 I RobotCore: SHOOTER power: 0.24
01-05 19:49:55.812 26625 26739 I RobotCore: SHOOTER RPM1: 1165.3300964917403
01-05 19:49:55.812 26625 26739 I RobotCore: SHOOTER RPM2: 1035.8489746593248
01-05 19:49:55.823 26625 26739 I RobotCore: SHOOTER power: 0.24
01-05 19:49:55.823 26625 26739 I RobotCore: SHOOTER RPM1: 777.4493699184906
01-05 19:49:55.823 26625 26739 I RobotCore: SHOOTER RPM2: 647.8744749320755
01-05 19:49:55.833 26625 26739 I RobotCore: SHOOTER power: 0.24
01-05 19:49:55.833 26625 26739 I RobotCore: SHOOTER RPM1: 1029.131353653724
01-05 19:49:55.833 26625 26739 I RobotCore: SHOOTER RPM2: 900.4899344470085
01-05 19:49:55.843 26625 26739 I RobotCore: SHOOTER power: 0.24
01-05 19:49:55.844 26625 26739 I RobotCore: SHOOTER RPM1: 516.3397974996896
01-05 19:49:55.844 26625 26739 I RobotCore: SHOOTER RPM2: 387.2548481247672
01-05 19:49:55.854 26625 26739 I RobotCore: SHOOTER power: 0.24
01-05 19:49:55.854 26625 26739 I RobotCore: SHOOTER RPM1: 1292.933635932556
01-05 19:49:55.854 26625 26739 I RobotCore: SHOOTER RPM2: 1163.6402723393003
01-05 19:49:55.864 26625 26739 I RobotCore: SHOOTER power: 0.24
01-05 19:49:55.864 26625 26739 I RobotCore: SHOOTER RPM1: 1312.1840993871542
01-05 19:49:55.864 26625 26739 I RobotCore: SHOOTER RPM2: 918.5288695710079
01-05 19:49:55.875 26625 26739 I RobotCore: SHOOTER power: 0.24
01-05 19:49:55.875 26625 26739 I RobotCore: SHOOTER RPM1: 391.67435986916416
01-05 19:49:55.875 26625 26739 I RobotCore: SHOOTER RPM2: 391.67435986916416
01-05 19:49:55.885 26625 26739 I RobotCore: SHOOTER power: 0.24
01-05 19:49:55.885 26625 26739 I RobotCore: SHOOTER RPM1: 1682.0625811590344
01-05 19:49:55.885 26625 26739 I RobotCore: SHOOTER RPM2: 1423.283722519183
01-05 19:49:55.895 26625 26739 I RobotCore: SHOOTER power: 0.24
01-05 19:49:55.896 26625 26739 I RobotCore: SHOOTER RPM1: 647.4379293617353
01-05 19:49:55.896 26625 26739 I RobotCore: SHOOTER RPM2: 517.9503434893883
01-05 19:49:55.906 26625 26739 I RobotCore: SHOOTER power: 0.24
01-05 19:49:55.906 26625 26739 I RobotCore: SHOOTER RPM1: 900.811591865936
01-05 19:49:55.906 26625 26739 I RobotCore: SHOOTER RPM2: 772.1242215993736
01-05 19:49:55.916 26625 26739 I RobotCore: SHOOTER power: 0.24
01-05 19:49:55.916 26625 26739 I RobotCore: SHOOTER RPM1: 1698.879828425892
01-05 19:49:55.916 26625 26739 I RobotCore: SHOOTER RPM2: 1437.5137009757548
01-05 19:49:55.927 26625 26739 I RobotCore: SHOOTER power: 0.24
01-05 19:49:55.927 26625 26739 I RobotCore: SHOOTER RPM1: 645.2577725951018
01-05 19:49:55.927 26625 26739 I RobotCore: SHOOTER RPM2: 516.2062180760814
01-05 19:49:55.937 26625 26739 I RobotCore: SHOOTER power: 0.24
01-05 19:49:55.937 26625 26739 I RobotCore: SHOOTER RPM1: 1032.8440615883158
01-05 19:49:55.937 26625 26739 I RobotCore: SHOOTER RPM2: 774.6330461912369
01-05 19:49:55.948 26625 26739 I RobotCore: SHOOTER power: 0.24
01-05 19:49:55.948 26625 26739 I RobotCore: SHOOTER RPM1: 893.7720051455731
01-05 19:49:55.948 26625 26739 I RobotCore: SHOOTER RPM2: 766.090290124777
01-05 19:49:55.959 26625 26739 I RobotCore: SHOOTER power: 0.24
01-05 19:49:55.959 26625 26739 I RobotCore: SHOOTER RPM1: 1624.9574342400101
01-05 19:49:55.959 26625 26739 I RobotCore: SHOOTER RPM2: 1374.9639828184702
01-05 19:49:55.969 26625 26739 I RobotCore: SHOOTER power: 0.24
01-05 19:49:55.969 26625 26739 I RobotCore: SHOOTER RPM1: 1049.3492834249523
01-05 19:49:55.969 26625 26739 I RobotCore: SHOOTER RPM2: 918.1806229968332
01-05 19:49:55.979 26625 26739 I RobotCore: SHOOTER power: 0.24
01-05 19:49:55.979 26625 26739 I RobotCore: SHOOTER RPM1: 777.472554434877
01-05 19:49:55.979 26625 26739 I RobotCore: SHOOTER RPM2: 647.8937953623974
01-05 19:49:55.990 26625 26739 I RobotCore: SHOOTER power: 0.24
01-05 19:49:55.990 26625 26739 I RobotCore: SHOOTER RPM1: 888.7859025858909
01-05 19:49:55.990 26625 26739 I RobotCore: SHOOTER RPM2: 761.8164879307636
01-05 19:49:56.000 26625 26739 I RobotCore: SHOOTER power: 0.24
01-05 19:49:56.000 26625 26739 I RobotCore: SHOOTER RPM1: 1178.8432313678386
01-05 19:49:56.000 26625 26739 I RobotCore: SHOOTER RPM2: 916.8780688416522
01-05 19:49:56.011 26625 26739 I RobotCore: SHOOTER power: 0.24
01-05 19:49:56.011 26625 26739 I RobotCore: SHOOTER RPM1: 910.3065348019161
01-05 19:49:56.011 26625 26739 I RobotCore: SHOOTER RPM2: 780.2627441159281
01-05 19:49:56.021 26625 26739 I RobotCore: SHOOTER power: 0.24
01-05 19:49:56.021 26625 26739 I RobotCore: SHOOTER RPM1: 1418.5088473544513
01-05 19:49:56.021 26625 26739 I RobotCore: SHOOTER RPM2: 1160.5981478354602
01-05 19:49:56.032 26625 26739 I RobotCore: SHOOTER power: 0.24
01-05 19:49:56.032 26625 26739 I RobotCore: SHOOTER RPM1: 648.6194867165259
01-05 19:49:56.032 26625 26739 I RobotCore: SHOOTER RPM2: 518.8955893732207
01-05 19:49:56.042 26625 26739 I RobotCore: SHOOTER power: 0.24
01-05 19:49:56.042 26625 26739 I RobotCore: SHOOTER RPM1: 0.0
01-05 19:49:56.042 26625 26739 I RobotCore: SHOOTER RPM2: 0.0
01-05 19:49:56.053 26625 26739 I RobotCore: SHOOTER power: 0.24
01-05 19:49:56.053 26625 26739 I RobotCore: SHOOTER RPM1: 1685.9892140837278
01-05 19:49:56.053 26625 26739 I RobotCore: SHOOTER RPM2: 1426.6062580708467
01-05 19:49:56.063 26625 26739 I RobotCore: SHOOTER power: 0.24
01-05 19:49:56.063 26625 26739 I RobotCore: SHOOTER RPM1: 1676.3945910483753
01-05 19:49:56.063 26625 26739 I RobotCore: SHOOTER RPM2: 1418.4877308870869
01-05 19:49:56.073 26625 26739 I RobotCore: SHOOTER power: 0.24
01-05 19:49:56.073 26625 26739 I RobotCore: SHOOTER RPM1: 1047.786512094127
01-05 19:49:56.073 26625 26739 I RobotCore: SHOOTER RPM2: 785.8398840705952
01-05 19:49:56.084 26625 26739 I RobotCore: SHOOTER power: 0.24
01-05 19:49:56.084 26625 26739 I RobotCore: SHOOTER RPM1: 1170.3589767186313
01-05 19:49:56.084 26625 26739 I RobotCore: SHOOTER RPM2: 910.2792041144911
01-05 19:49:56.094 26625 26739 I RobotCore: SHOOTER power: 0.24
01-05 19:49:56.094 26625 26739 I RobotCore: SHOOTER RPM1: 789.1782511786279
01-05 19:49:56.094 26625 26739 I RobotCore: SHOOTER RPM2: 789.1782511786279
01-05 19:49:56.104 26625 26739 I RobotCore: SHOOTER power: 0.24
01-05 19:49:56.104 26625 26739 I RobotCore: SHOOTER RPM1: 1048.1357633274438
01-05 19:49:56.104 26625 26739 I RobotCore: SHOOTER RPM2: 917.1187929115134
01-05 19:49:56.140 26625 26739 I RobotCore: SHOOTER power: 0.25
01-05 19:49:56.140 26625 26739 I RobotCore: SHOOTER RPM1: 1085.8692101300198
01-05 19:49:56.140 26625 26739 I RobotCore: SHOOTER RPM2: 898.6503807972578
01-05 19:49:56.151 26625 26739 I RobotCore: SHOOTER power: 0.25
01-05 19:49:56.151 26625 26739 I RobotCore: SHOOTER RPM1: 0.0
01-05 19:49:56.151 26625 26739 I RobotCore: SHOOTER RPM2: 0.0
01-05 19:49:56.161 26625 26739 I RobotCore: SHOOTER power: 0.25
01-05 19:49:56.161 26625 26739 I RobotCore: SHOOTER RPM1: 2097.161074102568
01-05 19:49:56.161 26625 26739 I RobotCore: SHOOTER RPM2: 1703.9433727083365
01-05 19:49:56.172 26625 26739 I RobotCore: SHOOTER power: 0.25
01-05 19:49:56.172 26625 26739 I RobotCore: SHOOTER RPM1: 630.7480002185113
01-05 19:49:56.172 26625 26739 I RobotCore: SHOOTER RPM2: 504.598400174809
01-05 19:49:56.182 26625 26739 I RobotCore: SHOOTER power: 0.25
01-05 19:49:56.182 26625 26739 I RobotCore: SHOOTER RPM1: 912.5568592994674
01-05 19:49:56.182 26625 26739 I RobotCore: SHOOTER RPM2: 782.1915936852578
01-05 19:49:56.193 26625 26739 I RobotCore: SHOOTER power: 0.25
01-05 19:49:56.193 26625 26739 I RobotCore: SHOOTER RPM1: 1019.4971333448268
01-05 19:49:56.193 26625 26739 I RobotCore: SHOOTER RPM2: 892.0599916767235
01-05 19:49:56.203 26625 26739 I RobotCore: SHOOTER power: 0.25
01-05 19:49:56.203 26625 26739 I RobotCore: SHOOTER RPM1: 784.8889885849069
01-05 19:49:56.203 26625 26739 I RobotCore: SHOOTER RPM2: 654.074157154089
01-05 19:49:56.213 26625 26739 I RobotCore: SHOOTER power: 0.25
01-05 19:49:56.213 26625 26739 I RobotCore: SHOOTER RPM1: 1837.3735282975986
01-05 19:49:56.213 26625 26739 I RobotCore: SHOOTER RPM2: 1443.6506293766845
01-05 19:49:56.224 26625 26739 I RobotCore: SHOOTER power: 0.25
01-05 19:49:56.224 26625 26739 I RobotCore: SHOOTER RPM1: 781.7830498145853
01-05 19:49:56.224 26625 26739 I RobotCore: SHOOTER RPM2: 651.4858748454877
01-05 19:49:56.234 26625 26739 I RobotCore: SHOOTER power: 0.25
01-05 19:49:56.234 26625 26739 I RobotCore: SHOOTER RPM1: 914.9796491925674
01-05 19:49:56.234 26625 26739 I RobotCore: SHOOTER RPM2: 784.2682707364863
01-05 19:49:56.244 26625 26739 I RobotCore: SHOOTER power: 0.25
01-05 19:49:56.245 26625 26739 I RobotCore: SHOOTER RPM1: 1420.0403829018576
01-05 19:49:56.245 26625 26739 I RobotCore: SHOOTER RPM2: 1161.851222374247
01-05 19:49:56.255 26625 26739 I RobotCore: SHOOTER power: 0.25
01-05 19:49:56.255 26625 26739 I RobotCore: SHOOTER RPM1: 773.5091813979923
01-05 19:49:56.255 26625 26739 I RobotCore: SHOOTER RPM2: 773.5091813979923
01-05 19:49:56.265 26625 26739 I RobotCore: SHOOTER power: 0.25
01-05 19:49:56.265 26625 26739 I RobotCore: SHOOTER RPM1: 0.0
01-05 19:49:56.265 26625 26739 I RobotCore: SHOOTER RPM2: 0.0
01-05 19:49:56.276 26625 26739 I RobotCore: SHOOTER power: 0.25
01-05 19:49:56.276 26625 26739 I RobotCore: SHOOTER RPM1: 1554.5183498221872
01-05 19:49:56.276 26625 26739 I RobotCore: SHOOTER RPM2: 1165.8887623666405
01-05 19:49:56.286 26625 26739 I RobotCore: SHOOTER power: 0.25
01-05 19:49:56.286 26625 26739 I RobotCore: SHOOTER RPM1: 1553.8974859332006
01-05 19:49:56.286 26625 26739 I RobotCore: SHOOTER RPM2: 1294.9145716110006
01-05 19:49:56.297 26625 26739 I RobotCore: SHOOTER power: 0.25
01-05 19:49:56.297 26625 26739 I RobotCore: SHOOTER RPM1: 1163.2346024264205
01-05 19:49:56.297 26625 26739 I RobotCore: SHOOTER RPM2: 904.7380241094382
01-05 19:49:56.307 26625 26739 I RobotCore: SHOOTER power: 0.25
01-05 19:49:56.307 26625 26739 I RobotCore: SHOOTER RPM1: 1166.1506851558977
01-05 19:49:56.307 26625 26739 I RobotCore: SHOOTER RPM2: 1036.5783868052424
01-05 19:49:56.318 26625 26739 I RobotCore: SHOOTER power: 0.25
01-05 19:49:56.318 26625 26739 I RobotCore: SHOOTER RPM1: 1023.5592033283547
01-05 19:49:56.318 26625 26739 I RobotCore: SHOOTER RPM2: 895.6143029123103
01-05 19:49:56.328 26625 26739 I RobotCore: SHOOTER power: 0.25
01-05 19:49:56.328 26625 26739 I RobotCore: SHOOTER RPM1: 0.0
01-05 19:49:56.328 26625 26739 I RobotCore: SHOOTER RPM2: 0.0
01-05 19:49:56.339 26625 26739 I RobotCore: SHOOTER power: 0.25
01-05 19:49:56.339 26625 26739 I RobotCore: SHOOTER RPM1: 0.0
01-05 19:49:56.339 26625 26739 I RobotCore: SHOOTER RPM2: 0.0
01-05 19:49:56.349 26625 26739 I RobotCore: SHOOTER power: 0.25
01-05 19:49:56.349 26625 26739 I RobotCore: SHOOTER RPM1: 2979.463514017043
01-05 19:49:56.349 26625 26739 I RobotCore: SHOOTER RPM2: 2461.295946361905
01-05 19:49:56.360 26625 26739 I RobotCore: SHOOTER power: 0.25
01-05 19:49:56.360 26625 26739 I RobotCore: SHOOTER RPM1: 1015.342907597277
01-05 19:49:56.360 26625 26739 I RobotCore: SHOOTER RPM2: 761.5071806979577
01-05 19:49:56.370 26625 26739 I RobotCore: SHOOTER power: 0.25
01-05 19:49:56.370 26625 26739 I RobotCore: SHOOTER RPM1: 901.8537738310802
01-05 19:49:56.370 26625 26739 I RobotCore: SHOOTER RPM2: 773.0175204266402
01-05 19:49:56.381 26625 26739 I RobotCore: SHOOTER power: 0.25
01-05 19:49:56.381 26625 26739 I RobotCore: SHOOTER RPM1: 905.0715568320742
01-05 19:49:56.381 26625 26739 I RobotCore: SHOOTER RPM2: 775.775620141778
01-05 19:49:56.391 26625 26739 I RobotCore: SHOOTER power: 0.25
01-05 19:49:56.391 26625 26739 I RobotCore: SHOOTER RPM1: 904.9453169856806
01-05 19:49:56.391 26625 26739 I RobotCore: SHOOTER RPM2: 775.6674145591548
01-05 19:49:56.402 26625 26739 I RobotCore: SHOOTER power: 0.25
01-05 19:49:56.402 26625 26739 I RobotCore: SHOOTER RPM1: 1012.5642977696232
01-05 19:49:56.402 26625 26739 I RobotCore: SHOOTER RPM2: 759.4232233272173
01-05 19:49:56.412 26625 26739 I RobotCore: SHOOTER power: 0.25
01-05 19:49:56.412 26625 26739 I RobotCore: SHOOTER RPM1: 1556.6866186844654
01-05 19:49:56.412 26625 26739 I RobotCore: SHOOTER RPM2: 1297.2388489037212
01-05 19:49:56.423 26625 26739 I RobotCore: SHOOTER power: 0.25
01-05 19:49:56.423 26625 26739 I RobotCore: SHOOTER RPM1: 643.2517969483383
01-05 19:49:56.423 26625 26739 I RobotCore: SHOOTER RPM2: 643.2517969483383
01-05 19:49:56.433 26625 26739 I RobotCore: SHOOTER power: 0.25
01-05 19:49:56.433 26625 26739 I RobotCore: SHOOTER RPM1: 775.5128027353494
01-05 19:49:56.433 26625 26739 I RobotCore: SHOOTER RPM2: 646.2606689461245
01-05 19:49:56.444 26625 26739 I RobotCore: SHOOTER power: 0.25
01-05 19:49:56.444 26625 26739 I RobotCore: SHOOTER RPM1: 1034.7491530060809
01-05 19:49:56.444 26625 26739 I RobotCore: SHOOTER RPM2: 905.4055088803207
01-05 19:49:56.454 26625 26739 I RobotCore: SHOOTER power: 0.25
01-05 19:49:56.454 26625 26739 I RobotCore: SHOOTER RPM1: 1684.162288634977
01-05 19:49:56.454 26625 26739 I RobotCore: SHOOTER RPM2: 1425.0603980757496
01-05 19:49:56.466 26625 26739 I RobotCore: SHOOTER power: 0.25
01-05 19:49:56.466 26625 26739 I RobotCore: SHOOTER RPM1: 923.1256903869529
01-05 19:49:56.466 26625 26739 I RobotCore: SHOOTER RPM2: 692.3442677902146
01-05 19:49:56.476 26625 26739 I RobotCore: SHOOTER power: 0.25
01-05 19:49:56.476 26625 26739 I RobotCore: SHOOTER RPM1: 1172.256593943341
01-05 19:49:56.476 26625 26739 I RobotCore: SHOOTER RPM2: 1042.0058612829698
01-05 19:49:56.487 26625 26739 I RobotCore: SHOOTER power: 0.25
01-05 19:49:56.487 26625 26739 I RobotCore: SHOOTER RPM1: 259.05919849047655
01-05 19:49:56.487 26625 26739 I RobotCore: SHOOTER RPM2: 259.05919849047655
01-05 19:49:56.497 26625 26739 I RobotCore: SHOOTER power: 0.25
01-05 19:49:56.497 26625 26739 I RobotCore: SHOOTER RPM1: 1794.5470462760566
01-05 19:49:56.497 26625 26739 I RobotCore: SHOOTER RPM2: 1410.001250645473
01-05 19:49:56.508 26625 26739 I RobotCore: SHOOTER power: 0.25
01-05 19:49:56.508 26625 26739 I RobotCore: SHOOTER RPM1: 767.9534047650654
01-05 19:49:56.508 26625 26739 I RobotCore: SHOOTER RPM2: 639.9611706375545
01-05 19:49:56.518 26625 26739 I RobotCore: SHOOTER power: 0.25
01-05 19:49:56.518 26625 26739 I RobotCore: SHOOTER RPM1: 1031.6069647819777
01-05 19:49:56.518 26625 26739 I RobotCore: SHOOTER RPM2: 773.7052235864832
01-05 19:49:56.529 26625 26739 I RobotCore: SHOOTER power: 0.25
01-05 19:49:56.529 26625 26739 I RobotCore: SHOOTER RPM1: 767.8057060904049
01-05 19:49:56.529 26625 26739 I RobotCore: SHOOTER RPM2: 767.8057060904049
01-05 19:49:56.539 26625 26739 I RobotCore: SHOOTER power: 0.25
01-05 19:49:56.539 26625 26739 I RobotCore: SHOOTER RPM1: 1304.9704819722385
01-05 19:49:56.539 26625 26739 I RobotCore: SHOOTER RPM2: 1043.9763855777908
01-05 19:49:56.550 26625 26739 I RobotCore: SHOOTER power: 0.25
01-05 19:49:56.550 26625 26739 I RobotCore: SHOOTER RPM1: 1551.0257538210062
01-05 19:49:56.550 26625 26739 I RobotCore: SHOOTER RPM2: 1292.5214615175053
01-05 19:49:56.560 26625 26739 I RobotCore: SHOOTER power: 0.25
01-05 19:49:56.560 26625 26739 I RobotCore: SHOOTER RPM1: 769.6809832674561
01-05 19:49:56.560 26625 26739 I RobotCore: SHOOTER RPM2: 641.4008193895468
01-05 19:49:56.571 26625 26739 I RobotCore: SHOOTER power: 0.25
01-05 19:49:56.571 26625 26739 I RobotCore: SHOOTER RPM1: 1035.7352455740308
01-05 19:49:56.571 26625 26739 I RobotCore: SHOOTER RPM2: 906.268339877277
01-05 19:49:56.581 26625 26739 I RobotCore: SHOOTER power: 0.25
01-05 19:49:56.581 26625 26739 I RobotCore: SHOOTER RPM1: 0.0
01-05 19:49:56.581 26625 26739 I RobotCore: SHOOTER RPM2: 0.0
01-05 19:49:56.592 26625 26739 I RobotCore: SHOOTER power: 0.25
01-05 19:49:56.592 26625 26739 I RobotCore: SHOOTER RPM1: 2073.643505040736
01-05 19:49:56.592 26625 26739 I RobotCore: SHOOTER RPM2: 1684.8353478455979
01-05 19:49:56.602 26625 26739 I RobotCore: SHOOTER power: 0.25
01-05 19:49:56.602 26625 26739 I RobotCore: SHOOTER RPM1: 785.7447669987827
01-05 19:49:56.602 26625 26739 I RobotCore: SHOOTER RPM2: 654.7873058323189
01-05 19:49:56.612 26625 26739 I RobotCore: SHOOTER power: 0.25
01-05 19:49:56.612 26625 26739 I RobotCore: SHOOTER RPM1: 1178.7837039408341
01-05 19:49:56.612 26625 26739 I RobotCore: SHOOTER RPM2: 916.8317697317599
01-05 19:49:56.623 26625 26739 I RobotCore: SHOOTER power: 0.25
01-05 19:49:56.623 26625 26739 I RobotCore: SHOOTER RPM1: 772.273513010712
01-05 19:49:56.623 26625 26739 I RobotCore: SHOOTER RPM2: 772.273513010712
01-05 19:49:56.633 26625 26739 I RobotCore: SHOOTER power: 0.25
01-05 19:49:56.633 26625 26739 I RobotCore: SHOOTER RPM1: 1835.4982278880814
01-05 19:49:56.633 26625 26739 I RobotCore: SHOOTER RPM2: 1442.1771790549212
01-05 19:49:56.643 26625 26739 I RobotCore: SHOOTER power: 0.25
01-05 19:49:56.643 26625 26739 I RobotCore: SHOOTER RPM1: 655.8001439722651
01-05 19:49:56.643 26625 26739 I RobotCore: SHOOTER RPM2: 524.640115177812
01-05 19:49:56.654 26625 26739 I RobotCore: SHOOTER power: 0.25
01-05 19:49:56.654 26625 26739 I RobotCore: SHOOTER RPM1: 762.387250898892
01-05 19:49:56.654 26625 26739 I RobotCore: SHOOTER RPM2: 635.32270908241
01-05 19:49:56.664 26625 26739 I RobotCore: SHOOTER power: 0.25
01-05 19:49:56.664 26625 26739 I RobotCore: SHOOTER RPM1: 1440.5611101816726
01-05 19:49:56.664 26625 26739 I RobotCore: SHOOTER RPM2: 1178.6409083304595
01-05 19:49:56.675 26625 26739 I RobotCore: SHOOTER power: 0.25
01-05 19:49:56.675 26625 26739 I RobotCore: SHOOTER RPM1: 902.5394828209977
01-05 19:49:56.675 26625 26739 I RobotCore: SHOOTER RPM2: 902.5394828209977
01-05 19:49:56.685 26625 26739 I RobotCore: SHOOTER power: 0.25
01-05 19:49:56.685 26625 26739 I RobotCore: SHOOTER RPM1: 652.761022200157
01-05 19:49:56.685 26625 26739 I RobotCore: SHOOTER RPM2: 522.2088177601255
01-05 19:49:56.695 26625 26739 I RobotCore: SHOOTER power: 0.25
01-05 19:49:56.695 26625 26739 I RobotCore: SHOOTER RPM1: 1573.3476956202912
01-05 19:49:56.695 26625 26739 I RobotCore: SHOOTER RPM2: 1180.0107717152184
01-05 19:49:56.706 26625 26739 I RobotCore: SHOOTER power: 0.25
01-05 19:49:56.706 26625 26739 I RobotCore: SHOOTER RPM1: 911.0234121798328
01-05 19:49:56.706 26625 26739 I RobotCore: SHOOTER RPM2: 780.8772104398566
01-05 19:49:56.716 26625 26739 I RobotCore: SHOOTER power: 0.25
01-05 19:49:56.716 26625 26739 I RobotCore: SHOOTER RPM1: 783.5852964043027
01-05 19:49:56.716 26625 26739 I RobotCore: SHOOTER RPM2: 783.5852964043027
01-05 19:49:56.726 26625 26739 I RobotCore: SHOOTER power: 0.25
01-05 19:49:56.727 26625 26739 I RobotCore: SHOOTER RPM1: 1300.8551465298976
01-05 19:49:56.727 26625 26739 I RobotCore: SHOOTER RPM2: 1040.684117223918
01-05 19:49:56.737 26625 26739 I RobotCore: SHOOTER power: 0.25
01-05 19:49:56.737 26625 26739 I RobotCore: SHOOTER RPM1: 1308.3925076305648
01-05 19:49:56.737 26625 26739 I RobotCore: SHOOTER RPM2: 1046.7140061044518
01-05 19:49:56.747 26625 26739 I RobotCore: SHOOTER power: 0.25
01-05 19:49:56.747 26625 26739 I RobotCore: SHOOTER RPM1: 786.3201616869261
01-05 19:49:56.749 26625 26739 I RobotCore: SHOOTER RPM2: 655.2668014057717
01-05 19:49:56.759 26625 26739 I RobotCore: SHOOTER power: 0.25
01-05 19:49:56.760 26625 26739 I RobotCore: SHOOTER RPM1: 991.6742839555782
01-05 19:49:56.760 26625 26739 I RobotCore: SHOOTER RPM2: 881.4882524049584
01-05 19:49:56.770 26625 26739 I RobotCore: SHOOTER power: 0.25
01-05 19:49:56.770 26625 26739 I RobotCore: SHOOTER RPM1: 1175.4549644151907
01-05 19:49:56.770 26625 26739 I RobotCore: SHOOTER RPM2: 914.2427501007038
01-05 19:49:56.780 26625 26739 I RobotCore: SHOOTER power: 0.25
01-05 19:49:56.780 26625 26739 I RobotCore: SHOOTER RPM1: 1442.053221596058
01-05 19:49:56.780 26625 26739 I RobotCore: SHOOTER RPM2: 1179.861726760411
01-05 19:49:56.790 26625 26739 I RobotCore: SHOOTER power: 0.25
01-05 19:49:56.790 26625 26739 I RobotCore: SHOOTER RPM1: 391.00538103169396
01-05 19:49:56.791 26625 26739 I RobotCore: SHOOTER RPM2: 391.00538103169396
01-05 19:49:56.801 26625 26739 I RobotCore: SHOOTER power: 0.25
01-05 19:49:56.801 26625 26739 I RobotCore: SHOOTER RPM1: 1165.603609409173
01-05 19:49:56.801 26625 26739 I RobotCore: SHOOTER RPM2: 906.5805850960235
01-05 19:49:56.811 26625 26739 I RobotCore: SHOOTER power: 0.25
01-05 19:49:56.811 26625 26739 I RobotCore: SHOOTER RPM1: 1439.965101948312
01-05 19:49:56.811 26625 26739 I RobotCore: SHOOTER RPM2: 1178.153265230437
01-05 19:49:56.822 26625 26739 I RobotCore: SHOOTER power: 0.25
01-05 19:49:56.822 26625 26739 I RobotCore: SHOOTER RPM1: 1290.3744487030012
01-05 19:49:56.822 26625 26739 I RobotCore: SHOOTER RPM2: 1161.3370038327012
01-05 19:49:56.832 26625 26739 I RobotCore: SHOOTER power: 0.25
01-05 19:49:56.832 26625 26739 I RobotCore: SHOOTER RPM1: 522.4848740041181
01-05 19:49:56.832 26625 26739 I RobotCore: SHOOTER RPM2: 391.8636555030885
01-05 19:49:56.842 26625 26739 I RobotCore: SHOOTER power: 0.25
01-05 19:49:56.842 26625 26739 I RobotCore: SHOOTER RPM1: 1434.0970566797998
01-05 19:49:56.842 26625 26739 I RobotCore: SHOOTER RPM2: 1173.3521372834725
01-05 19:49:56.853 26625 26739 I RobotCore: SHOOTER power: 0.25
01-05 19:49:56.853 26625 26739 I RobotCore: SHOOTER RPM1: 899.9679341425065
01-05 19:49:56.853 26625 26739 I RobotCore: SHOOTER RPM2: 771.4010864078627
01-05 19:49:56.864 26625 26739 I RobotCore: SHOOTER power: 0.25
01-05 19:49:56.864 26625 26739 I RobotCore: SHOOTER RPM1: 899.2192752163155
01-05 19:49:56.864 26625 26739 I RobotCore: SHOOTER RPM2: 770.7593787568418
01-05 19:49:56.874 26625 26739 I RobotCore: SHOOTER power: 0.25
01-05 19:49:56.874 26625 26739 I RobotCore: SHOOTER RPM1: 1148.6832878313508
01-05 19:49:56.874 26625 26739 I RobotCore: SHOOTER RPM2: 893.4203349799394
01-05 19:49:56.884 26625 26739 I RobotCore: SHOOTER power: 0.25
01-05 19:49:56.884 26625 26739 I RobotCore: SHOOTER RPM1: 777.0147113438522
01-05 19:49:56.885 26625 26739 I RobotCore: SHOOTER RPM2: 647.5122594532102
