01-05 19:50:08.846 26625 26739 I RobotCore: SHOOTER power: 0.3600000000000001
01-05 19:50:08.846 26625 26739 I RobotCore: SHOOTER RPM1: 903.1094766286027
01-05 19:50:08.846 26625 26739 I RobotCore: SHOOTER RPM2: 774.0938371102309
01-05 19:50:08.856 26625 26739 I RobotCore: SHOOTER power: 0.3600000000000001
01-05 19:50:08.856 26625 26739 I RobotCore: SHOOTER RPM1: 1165.8536694052484
01-05 19:50:08.856 26625 26739 I RobotCore: SHOOTER RPM2: 1165.8536694052484
01-05 19:50:08.867 26625 26739 I RobotCore: SHOOTER power: 0.3600000000000001
01-05 19:50:08.867 26625 26739 I RobotCore: SHOOTER RPM1: 0.0
01-05 19:50:08.867 26625 26739 I RobotCore: SHOOTER RPM2: 0.0
01-05 19:50:08.877 26625 26739 I RobotCore: SHOOTER power: 0.3600000000000001
01-05 19:50:08.878 26625 26739 I RobotCore: SHOOTER RPM1: 2035.4451191786702
01-05 19:50:08.878 26625 26739 I RobotCore: SHOOTER RPM2: 1781.0144792813364
01-05 19:50:08.888 26625 26739 I RobotCore: SHOOTER power: 0.3600000000000001
01-05 19:50:08.888 26625 26739 I RobotCore: SHOOTER RPM1: 2482.9532388004036
01-05 19:50:08.888 26625 26739 I RobotCore: SHOOTER RPM2: 2221.5897399793084
01-05 19:50:08.898 26625 26739 I RobotCore: SHOOTER power: 0.3600000000000001
01-05 19:50:08.898 26625 26739 I RobotCore: SHOOTER RPM1: 393.0628010823388
01-05 19:50:08.898 26625 26739 I RobotCore: SHOOTER RPM2: 393.0628010823388
01-05 19:50:08.909 26625 26739 I RobotCore: SHOOTER power: 0.3600000000000001
01-05 19:50:08.909 26625 26739 I RobotCore: SHOOTER RPM1: 1784.5494574752954
01-05 19:50:08.909 26625 26739 I RobotCore: SHOOTER RPM2: 1657.0816390842028
01-05 19:50:08.919 26625 26739 I RobotCore: SHOOTER power: 0.3600000000000001
01-05 19:50:08.919 26625 26739 I RobotCore: SHOOTER RPM1: 1267.263120782336
01-05 19:50:08.919 26625 26739 I RobotCore: SHOOTER RPM2: 1140.5368087041024
01-05 19:50:08.930 26625 26739 I RobotCore: SHOOTER power: 0.3600000000000001
01-05 19:50:08.930 26625 26739 I RobotCore: SHOOTER RPM1: 1048.1781403486527
01-05 19:50:08.930 26625 26739 I RobotCore: SHOOTER RPM2: 917.1558728050711
01-05 19:50:08.940 26625 26739 I RobotCore: SHOOTER power: 0.3600000000000001
01-05 19:50:08.940 26625 26739 I RobotCore: SHOOTER RPM1: 1038.0298318355342
01-05 19:50:08.940 26625 26739 I RobotCore: SHOOTER RPM2: 908.2761028560924
01-05 19:50:08.951 26625 26739 I RobotCore: SHOOTER power: 0.3600000000000001
01-05 19:50:08.951 26625 26739 I RobotCore: SHOOTER RPM1: 1774.5497872124674
01-05 19:50:08.951 26625 26739 I RobotCore: SHOOTER RPM2: 1647.7962309830054
01-05 19:50:08.961 26625 26739 I RobotCore: SHOOTER power: 0.3600000000000001
01-05 19:50:08.961 26625 26739 I RobotCore: SHOOTER RPM1: 650.4243174420546
01-05 19:50:08.961 26625 26739 I RobotCore: SHOOTER RPM2: 520.3394539536437
01-05 19:50:08.972 26625 26739 I RobotCore: SHOOTER power: 0.3600000000000001
01-05 19:50:08.972 26625 26739 I RobotCore: SHOOTER RPM1: 1176.2423264956574
01-05 19:50:08.972 26625 26739 I RobotCore: SHOOTER RPM2: 1176.2423264956574
01-05 19:50:08.982 26625 26739 I RobotCore: SHOOTER power: 0.3600000000000001
01-05 19:50:08.982 26625 26739 I RobotCore: SHOOTER RPM1: 2065.030558786841
01-05 19:50:08.982 26625 26739 I RobotCore: SHOOTER RPM2: 1806.9017389384858
01-05 19:50:08.992 26625 26739 I RobotCore: SHOOTER power: 0.3600000000000001
01-05 19:50:08.992 26625 26739 I RobotCore: SHOOTER RPM1: 1441.397692837528
01-05 19:50:08.992 26625 26739 I RobotCore: SHOOTER RPM2: 1310.3615389432073
01-05 19:50:09.003 26625 26739 I RobotCore: SHOOTER power: 0.3600000000000001
01-05 19:50:09.003 26625 26739 I RobotCore: SHOOTER RPM1: 776.1817715459949
01-05 19:50:09.003 26625 26739 I RobotCore: SHOOTER RPM2: 646.8181429549958
01-05 19:50:09.013 26625 26739 I RobotCore: SHOOTER power: 0.3600000000000001
01-05 19:50:09.013 26625 26739 I RobotCore: SHOOTER RPM1: 1432.9307015172783
01-05 19:50:09.013 26625 26739 I RobotCore: SHOOTER RPM2: 1302.6642741066166
01-05 19:50:09.023 26625 26739 I RobotCore: SHOOTER power: 0.3600000000000001
01-05 19:50:09.024 26625 26739 I RobotCore: SHOOTER RPM1: 1702.446995164029
01-05 19:50:09.024 26625 26739 I RobotCore: SHOOTER RPM2: 1571.4895339975653
01-05 19:50:09.034 26625 26739 I RobotCore: SHOOTER power: 0.3600000000000001
01-05 19:50:09.034 26625 26739 I RobotCore: SHOOTER RPM1: 784.7110087745654
01-05 19:50:09.034 26625 26739 I RobotCore: SHOOTER RPM2: 653.9258406454711
01-05 19:50:09.052 26625 26739 I RobotCore: SHOOTER time: 13983385307
01-05 19:50:09.052 26625 26739 I RobotCore: SHOOTER measurements / sec: 93.03898672868057
01-05 19:50:09.079 26625 26739 V RobotCore: thread: ...terminating 'LinearOpMode main'
01-05 19:50:09.081 26625 26723 I FIRST   : auto-stopping OpMode 'ShooterData'
01-05 19:50:09.082 26625 26723 V RobotCore: waiting for service user linear op mode
01-05 19:50:09.082 26625 26723 V RobotCore: awaitTermination returned, isTerminated=true
01-05 19:50:09.082 26625 26723 V RobotCore: executive service user linear op mode is terminated
01-05 19:50:09.083 26625 26723 V RobotCore: executive service user linear op mode is terminated
01-05 19:50:09.083 26625 26723 I RobotCore: Attempting to switch to op mode $Stop$Robot$
01-05 19:50:09.166 26625 26686 V Robocol : sending CMD_INIT_OP_MODE_RESP(731), attempt: 0
01-05 19:50:09.201 26625 26679 V Robocol : received command: CMD_INIT_OP_MODE_RESP(731) $Stop$Robot$
01-05 19:50:09.202 26625 26679 V Robocol : received command: CMD_RUN_OP_MODE(10656) $Stop$Robot$
01-05 19:50:09.246 26625 26686 V Robocol : sending CMD_RUN_OP_MODE_RESP(737), attempt: 0
01-05 19:50:09.280 26625 26679 V Robocol : received command: CMD_RUN_OP_MODE_RESP(737) $Stop$Robot$
01-05 19:51:03.982 26625 26694 E FTDI_Device::: UsbConnection.requestWait() == null
01-05 19:51:03.982 26625 26722 E FTDI_Device::: UsbConnection.requestWait() == null
01-05 19:51:03.983 26625 26705 E FTDI_Device::: UsbConnection.requestWait() == null
01-05 19:51:03.989 26625 26683 E FTDI_Device::: UsbConnection.requestWait() == null
01-05 19:51:03.991 26625 26625 D UsbDeviceConnectionJNI: close
01-05 19:51:03.991 26625 26681 D BulkIn::: Stop BulkIn thread
01-05 19:51:03.992 26625 26681 W System.err: java.lang.NullPointerException: Null pointer exception during instruction 'monitor-enter v2'
01-05 19:51:03.992 26625 26681 W System.err: 	at com.ftdi.j2xx.ProcessInCtrl.getBuffer(FT_Device.java:2269)
01-05 19:51:03.992 26625 26681 W System.err: 	at com.ftdi.j2xx.ProcessInCtrl.releaseWritableBuffers(FT_Device.java:2675)
01-05 19:51:03.992 26625 26681 W System.err: 	at com.ftdi.j2xx.BulkInWorker.run(FT_Device.java:2879)
01-05 19:51:03.992 26625 26681 W System.err: 	at java.lang.Thread.run(Thread.java:818)
01-05 19:51:03.992 26625 26683 W RobotCore: could not write to Modern Robotics USB Servo Controller [AL00VSDY]: FTDI Null Pointer Exception
01-05 19:51:03.992 26625 26683 E RobotCore: java.lang.NullPointerException: Attempt to invoke interface method 'void java.util.concurrent.locks.Lock.unlock()' on a null object reference
01-05 19:51:03.992 26625 26682 D ProcessRequestThread::: Device has been closed.
01-05 19:51:03.992 26625 26682 W System.err: java.lang.InterruptedException
01-05 19:51:03.992 26625 26708 E FTDI_Device::: UsbConnection.requestWait() == null
01-05 19:51:03.992 26625 26682 W System.err: 	at java.util.concurrent.locks.AbstractQueuedSynchronizer.doAcquireSharedInterruptibly(AbstractQueuedSynchronizer.java:972)
01-05 19:51:03.992 26625 26682 W System.err: 	at java.util.concurrent.locks.AbstractQueuedSynchronizer.acquireSharedInterruptibly(AbstractQueuedSynchronizer.java:1278)
01-05 19:51:03.993 26625 26683 E RobotCore: com.ftdi.j2xx.ProcessInCtrl.readBulkInData(FT_Device.java:2520)
01-05 19:51:03.993 26625 26682 W System.err: 	at java.util.concurrent.Semaphore.acquire(Semaphore.java:284)
01-05 19:51:03.993 26625 26683 E RobotCore: com.ftdi.j2xx.FT_Device.read(FT_Device.java:666)
01-05 19:51:03.993 26625 26682 W System.err: 	at com.ftdi.j2xx.ProcessInCtrl.acquireReadableBuffer(FT_Device.java:2294)
01-05 19:51:03.993 26625 26683 E RobotCore: com.qualcomm.robotcore.hardware.usb.ftdi.RobotUsbDeviceFtdi.read(RobotUsbDeviceFtdi.java:199)
01-05 19:51:03.993 26625 26682 W System.err: 	at com.ftdi.j2xx.ProcessRequestWorker.run(FT_Device.java:2764)
01-05 19:51:03.993 26625 26683 E RobotCore: com.qualcomm.robotcore.hardware.usb.ftdi.RobotUsbDeviceFtdi.read(RobotUsbDeviceFtdi.java:176)
01-05 19:51:03.993 26625 26682 W System.err: 	at java.lang.Thread.run(Thread.java:818)
01-05 19:51:03.993 26625 26683 E RobotCore: com.qualcomm.modernrobotics.ReadWriteRunnableUsbHandler.a(SourceFile:77)
01-05 19:51:03.993 26625 26683 E RobotCore: com.qualcomm.modernrobotics.ReadWriteRunnableUsbHandler.read(SourceFile:66)
01-05 19:51:03.993 26625 26683 E RobotCore: com.qualcomm.hardware.modernrobotics.ReadWriteRunnableStandard$1.run(ReadWriteRunnableStandard.java:343)
01-05 19:51:03.993 26625 26683 E RobotCore: com.qualcomm.robotcore.util.ThreadPool.logThreadLifeCycle(ThreadPool.java:513)
01-05 19:51:03.993 26625 26683 E RobotCore: com.qualcomm.hardware.modernrobotics.ReadWriteRunnableStandard.run(ReadWriteRunnableStandard.java:302)
01-05 19:51:03.993 26625 26683 E RobotCore: java.util.concurrent.ThreadPoolExecutor.runWorker(ThreadPoolExecutor.java:1113)
01-05 19:51:03.993 26625 26683 E RobotCore: java.util.concurrent.ThreadPoolExecutor$Worker.run(ThreadPoolExecutor.java:588)
01-05 19:51:03.993 26625 26683 E RobotCore: java.lang.Thread.run(Thread.java:818)
01-05 19:51:03.993 26625 26683 V RobotCore: thread: ...terminating 'r/w loop: Modern Robotics USB Servo Controller [AL00VSDY]'
01-05 19:51:03.994 26625 26625 D UsbDeviceConnectionJNI: close
01-05 19:51:03.994 26625 26703 D ProcessRequestThread::: Device has been closed.
01-05 19:51:03.994 26625 26703 W System.err: java.lang.InterruptedException
01-05 19:51:03.994 26625 26703 W System.err: 	at java.util.concurrent.locks.AbstractQueuedSynchronizer.doAcquireSharedInterruptibly(AbstractQueuedSynchronizer.java:972)
01-05 19:51:03.994 26625 26703 W System.err: 	at java.util.concurrent.locks.AbstractQueuedSynchronizer.acquireSharedInterruptibly(AbstractQueuedSynchronizer.java:1278)
01-05 19:51:03.994 26625 26703 W System.err: 	at java.util.concurrent.Semaphore.acquire(Semaphore.java:284)
01-05 19:51:03.994 26625 26703 W System.err: 	at com.ftdi.j2xx.ProcessInCtrl.acquireReadableBuffer(FT_Device.java:2294)
01-05 19:51:03.994 26625 26703 W System.err: 	at com.ftdi.j2xx.ProcessRequestWorker.run(FT_Device.java:2764)
01-05 19:51:03.994 26625 26703 W System.err: 	at java.lang.Thread.run(Thread.java:818)
01-05 19:51:03.994 26625 26705 W RobotCore: could not write to Modern Robotics USB DC Motor Controller [AL00VWH0]: FTDI Null Pointer Exception
01-05 19:51:03.994 26625 26705 E RobotCore: java.lang.NullPointerException: Attempt to invoke interface method 'void java.util.concurrent.locks.Lock.unlock()' on a null object reference
01-05 19:51:03.994 26625 26705 E RobotCore: com.ftdi.j2xx.ProcessInCtrl.readBulkInData(FT_Device.java:2520)
01-05 19:51:03.994 26625 26705 E RobotCore: com.ftdi.j2xx.FT_Device.read(FT_Device.java:666)
01-05 19:51:03.994 26625 26705 E RobotCore: com.qualcomm.robotcore.hardware.usb.ftdi.RobotUsbDeviceFtdi.read(RobotUsbDeviceFtdi.java:199)
01-05 19:51:03.994 26625 26705 E RobotCore: com.qualcomm.robotcore.hardware.usb.ftdi.RobotUsbDeviceFtdi.read(RobotUsbDeviceFtdi.java:176)
01-05 19:51:03.994 26625 26705 E RobotCore: com.qualcomm.modernrobotics.ReadWriteRunnableUsbHandler.a(SourceFile:77)
01-05 19:51:03.995 26625 26705 E RobotCore: com.qualcomm.modernrobotics.ReadWriteRunnableUsbHandler.read(SourceFile:66)
01-05 19:51:03.995 26625 26705 E RobotCore: com.qualcomm.hardware.modernrobotics.ReadWriteRunnableStandard$1.run(ReadWriteRunnableStandard.java:343)
01-05 19:51:03.995 26625 26705 E RobotCore: com.qualcomm.robotcore.util.ThreadPool.logThreadLifeCycle(ThreadPool.java:513)
01-05 19:51:03.995 26625 26705 E RobotCore: com.qualcomm.hardware.modernrobotics.ReadWriteRunnableStandard.run(ReadWriteRunnableStandard.java:302)
01-05 19:51:03.995 26625 26705 E RobotCore: java.util.concurrent.ThreadPoolExecutor.runWorker(ThreadPoolExecutor.java:1113)
01-05 19:51:03.995 26625 26705 E RobotCore: java.util.concurrent.ThreadPoolExecutor$Worker.run(ThreadPoolExecutor.java:588)
01-05 19:51:03.995 26625 26705 E RobotCore: java.lang.Thread.run(Thread.java:818)
01-05 19:51:03.995 26625 26702 D BulkIn::: Stop BulkIn thread
01-05 19:51:03.995 26625 26702 W System.err: java.lang.NullPointerException: Attempt to invoke virtual method 'int com.ftdi.j2xx.D2xxManager$DriverParameters.getBufferNumber()' on a null object reference
01-05 19:51:03.995 26625 26702 W System.err: 	at com.ftdi.j2xx.ProcessInCtrl.releaseWritableBuffers(FT_Device.java:2672)
01-05 19:51:03.995 26625 26702 W System.err: 	at com.ftdi.j2xx.BulkInWorker.run(FT_Device.java:2879)
01-05 19:51:03.995 26625 26702 W System.err: 	at java.lang.Thread.run(Thread.java:818)
01-05 19:51:03.995 26625 26705 V RobotCore: thread: ...terminating 'r/w loop: Modern Robotics USB DC Motor Controller [AL00VWH0]'
01-05 19:51:04.000 26625 26625 D UsbDeviceConnectionJNI: close
01-05 19:51:04.000 26625 26685 D ProcessRequestThread::: Device has been closed.
01-05 19:51:04.000 26625 26685 W System.err: java.lang.InterruptedException
01-05 19:51:04.000 26625 26685 W System.err: 	at java.util.concurrent.locks.AbstractQueuedSynchronizer.doAcquireSharedInterruptibly(AbstractQueuedSynchronizer.java:972)
01-05 19:51:04.000 26625 26685 W System.err: 	at java.util.concurrent.locks.AbstractQueuedSynchronizer.acquireSharedInterruptibly(AbstractQueuedSynchronizer.java:1278)
01-05 19:51:04.000 26625 26685 W System.err: 	at java.util.concurrent.Semaphore.acquire(Semaphore.java:284)
01-05 19:51:04.000 26625 26685 W System.err: 	at com.ftdi.j2xx.ProcessInCtrl.acquireReadableBuffer(FT_Device.java:2294)
01-05 19:51:04.000 26625 26685 W System.err: 	at com.ftdi.j2xx.ProcessRequestWorker.run(FT_Device.java:2764)
01-05 19:51:04.000 26625 26685 W System.err: 	at java.lang.Thread.run(Thread.java:818)
01-05 19:51:04.001 26625 26694 W RobotCore: could not write to Modern Robotics USB Core Device Interface Module [AL00VFK6]: FTDI Null Pointer Exception
01-05 19:51:04.001 26625 26694 E RobotCore: java.lang.NullPointerException: Attempt to invoke interface method 'void java.util.concurrent.locks.Lock.unlock()' on a null object reference
01-05 19:51:04.001 26625 26694 E RobotCore: com.ftdi.j2xx.ProcessInCtrl.readBulkInData(FT_Device.java:2520)
01-05 19:51:04.001 26625 26694 E RobotCore: com.ftdi.j2xx.FT_Device.read(FT_Device.java:666)
01-05 19:51:04.001 26625 26694 E RobotCore: com.qualcomm.robotcore.hardware.usb.ftdi.RobotUsbDeviceFtdi.read(RobotUsbDeviceFtdi.java:199)
01-05 19:51:04.001 26625 26694 E RobotCore: com.qualcomm.robotcore.hardware.usb.ftdi.RobotUsbDeviceFtdi.read(RobotUsbDeviceFtdi.java:176)
01-05 19:51:04.001 26625 26694 E RobotCore: com.qualcomm.modernrobotics.ReadWriteRunnableUsbHandler.a(SourceFile:77)
01-05 19:51:04.001 26625 26694 E RobotCore: com.qualcomm.modernrobotics.ReadWriteRunnableUsbHandler.read(SourceFile:66)
01-05 19:51:04.001 26625 26694 E RobotCore: com.qualcomm.hardware.modernrobotics.ReadWriteRunnableStandard$1.run(ReadWriteRunnableStandard.java:343)
01-05 19:51:04.001 26625 26694 E RobotCore: com.qualcomm.robotcore.util.ThreadPool.logThreadLifeCycle(ThreadPool.java:513)
01-05 19:51:04.001 26625 26694 E RobotCore: com.qualcomm.hardware.modernrobotics.ReadWriteRunnableStandard.run(ReadWriteRunnableStandard.java:302)
01-05 19:51:04.001 26625 26694 E RobotCore: java.util.concurrent.ThreadPoolExecutor.runWorker(ThreadPoolExecutor.java:1113)
01-05 19:51:04.001 26625 26694 E RobotCore: java.util.concurrent.ThreadPoolExecutor$Worker.run(ThreadPoolExecutor.java:588)
01-05 19:51:04.001 26625 26694 E RobotCore: java.lang.Thread.run(Thread.java:818)
01-05 19:51:04.001 26625 26684 D BulkIn::: Stop BulkIn thread
01-05 19:51:04.001 26625 26684 W System.err: java.lang.NullPointerException: Attempt to invoke virtual method 'int com.ftdi.j2xx.D2xxManager$DriverParameters.getBufferNumber()' on a null object reference
01-05 19:51:04.001 26625 26694 V RobotCore: thread: ...terminating 'r/w loop: Modern Robotics USB Core Device Interface Module [AL00VFK6]'
01-05 19:51:04.001 26625 26684 W System.err: 	at com.ftdi.j2xx.ProcessInCtrl.releaseWritableBuffers(FT_Device.java:2672)
01-05 19:51:04.001 26625 26684 W System.err: 	at com.ftdi.j2xx.BulkInWorker.run(FT_Device.java:2879)
01-05 19:51:04.001 26625 26684 W System.err: 	at java.lang.Thread.run(Thread.java:818)
01-05 19:51:04.002 26625 26625 D UsbDeviceConnectionJNI: close
01-05 19:51:04.002 26625 26710 D ProcessRequestThread::: Device has been closed.
01-05 19:51:04.003 26625 26710 W System.err: java.lang.InterruptedException
01-05 19:51:04.003 26625 26710 W System.err: 	at java.util.concurrent.locks.AbstractQueuedSynchronizer.doAcquireSharedInterruptibly(AbstractQueuedSynchronizer.java:972)
01-05 19:51:04.003 26625 26710 W System.err: 	at java.util.concurrent.locks.AbstractQueuedSynchronizer.acquireSharedInterruptibly(AbstractQueuedSynchronizer.java:1278)
01-05 19:51:04.003 26625 26710 W System.err: 	at java.util.concurrent.Semaphore.acquire(Semaphore.java:284)
01-05 19:51:04.003 26625 26710 W System.err: 	at com.ftdi.j2xx.ProcessInCtrl.acquireReadableBuffer(FT_Device.java:2294)
01-05 19:51:04.003 26625 26710 W System.err: 	at com.ftdi.j2xx.ProcessRequestWorker.run(FT_Device.java:2764)
01-05 19:51:04.003 26625 26710 W System.err: 	at java.lang.Thread.run(Thread.java:818)
01-05 19:51:04.003 26625 26625 D UsbDeviceConnectionJNI: close
01-05 19:51:04.003 26625 26709 D BulkIn::: Stop BulkIn thread
01-05 19:51:04.003 26625 26709 W System.err: java.lang.NullPointerException: Attempt to invoke virtual method 'int com.ftdi.j2xx.D2xxManager$DriverParameters.getBufferNumber()' on a null object reference
01-05 19:51:04.003 26625 26722 W RobotCore: could not write to Modern Robotics USB DC Motor Controller [AL00VBIF]: FTDI Null Pointer Exception
01-05 19:51:04.003 26625 26722 E RobotCore: java.lang.NullPointerException: Attempt to invoke interface method 'void java.util.concurrent.locks.Lock.unlock()' on a null object reference
01-05 19:51:04.003 26625 26709 W System.err: 	at com.ftdi.j2xx.ProcessInCtrl.releaseWritableBuffers(FT_Device.java:2672)
01-05 19:51:04.004 26625 26709 W System.err: 	at com.ftdi.j2xx.BulkInWorker.run(FT_Device.java:2879)
01-05 19:51:04.004 26625 26709 W System.err: 	at java.lang.Thread.run(Thread.java:818)
01-05 19:51:04.004 26625 26722 E RobotCore: com.ftdi.j2xx.ProcessInCtrl.readBulkInData(FT_Device.java:2520)
01-05 19:51:04.004 26625 26722 E RobotCore: com.ftdi.j2xx.FT_Device.read(FT_Device.java:666)
01-05 19:51:04.004 26625 26722 E RobotCore: com.qualcomm.robotcore.hardware.usb.ftdi.RobotUsbDeviceFtdi.read(RobotUsbDeviceFtdi.java:199)
01-05 19:51:04.004 26625 26722 E RobotCore: com.qualcomm.robotcore.hardware.usb.ftdi.RobotUsbDeviceFtdi.read(RobotUsbDeviceFtdi.java:176)
01-05 19:51:04.004 26625 26722 E RobotCore: com.qualcomm.modernrobotics.ReadWriteRunnableUsbHandler.b(SourceFile:109)
01-05 19:51:04.004 26625 26722 E RobotCore: com.qualcomm.modernrobotics.ReadWriteRunnableUsbHandler.write(SourceFile:98)
01-05 19:51:04.004 26625 26722 E RobotCore: com.qualcomm.hardware.modernrobotics.ReadWriteRunnableStandard$1.run(ReadWriteRunnableStandard.java:394)
01-05 19:51:04.004 26625 26722 E RobotCore: com.qualcomm.robotcore.util.ThreadPool.logThreadLifeCycle(ThreadPool.java:513)
01-05 19:51:04.004 26625 26722 E RobotCore: com.qualcomm.hardware.modernrobotics.ReadWriteRunnableStandard.run(ReadWriteRunnableStandard.java:302)
01-05 19:51:04.004 26625 26722 E RobotCore: java.util.concurrent.ThreadPoolExecutor.runWorker(ThreadPoolExecutor.java:1113)
01-05 19:51:04.004 26625 26722 E RobotCore: java.util.concurrent.ThreadPoolExecutor$Worker.run(ThreadPoolExecutor.java:588)
01-05 19:51:04.004 26625 26722 E RobotCore: java.lang.Thread.run(Thread.java:818)
01-05 19:51:04.004 26625 26707 D ProcessRequestThread::: Device has been closed.
01-05 19:51:04.004 26625 26707 W System.err: java.lang.InterruptedException
01-05 19:51:04.004 26625 26722 V RobotCore: thread: ...terminating 'r/w loop: Modern Robotics USB DC Motor Controller [AL00VBIF]'
01-05 19:51:04.004 26625 26707 W System.err: 	at java.util.concurrent.locks.AbstractQueuedSynchronizer.doAcquireSharedInterruptibly(AbstractQueuedSynchronizer.java:972)
01-05 19:51:04.004 26625 26707 W System.err: 	at java.util.concurrent.locks.AbstractQueuedSynchronizer.acquireSharedInterruptibly(AbstractQueuedSynchronizer.java:1278)
01-05 19:51:04.004 26625 26707 W System.err: 	at java.util.concurrent.Semaphore.acquire(Semaphore.java:284)
01-05 19:51:04.004 26625 26707 W System.err: 	at com.ftdi.j2xx.ProcessInCtrl.acquireReadableBuffer(FT_Device.java:2294)
01-05 19:51:04.004 26625 26707 W System.err: 	at com.ftdi.j2xx.ProcessRequestWorker.run(FT_Device.java:2764)
01-05 19:51:04.004 26625 26707 W System.err: 	at java.lang.Thread.run(Thread.java:818)
01-05 19:51:04.005 26625 26706 D BulkIn::: Stop BulkIn thread
01-05 19:51:04.005 26625 26706 W System.err: java.lang.NullPointerException: Attempt to invoke virtual method 'int com.ftdi.j2xx.D2xxManager$DriverParameters.getBufferNumber()' on a null object reference
01-05 19:51:04.005 26625 26706 W System.err: 	at com.ftdi.j2xx.ProcessInCtrl.releaseWritableBuffers(FT_Device.java:2672)
01-05 19:51:04.005 26625 26706 W System.err: 	at com.ftdi.j2xx.BulkInWorker.run(FT_Device.java:2879)
01-05 19:51:04.005 26625 26706 W System.err: 	at java.lang.Thread.run(Thread.java:818)
01-05 19:51:04.005 26625 26708 W RobotCore: could not write to Modern Robotics USB DC Motor Controller [AI049QOP]: FTDI Null Pointer Exception
01-05 19:51:04.005 26625 26708 E RobotCore: java.lang.NullPointerException: Attempt to invoke interface method 'void java.util.concurrent.locks.Lock.unlock()' on a null object reference
01-05 19:51:04.006 26625 26708 E RobotCore: com.ftdi.j2xx.ProcessInCtrl.readBulkInData(FT_Device.java:2520)
01-05 19:51:04.006 26625 26708 E RobotCore: com.ftdi.j2xx.FT_Device.read(FT_Device.java:666)
01-05 19:51:04.006 26625 26708 E RobotCore: com.qualcomm.robotcore.hardware.usb.ftdi.RobotUsbDeviceFtdi.read(RobotUsbDeviceFtdi.java:199)
01-05 19:51:04.006 26625 26708 E RobotCore: com.qualcomm.robotcore.hardware.usb.ftdi.RobotUsbDeviceFtdi.read(RobotUsbDeviceFtdi.java:176)
01-05 19:51:04.006 26625 26708 E RobotCore: com.qualcomm.modernrobotics.ReadWriteRunnableUsbHandler.a(SourceFile:77)
01-05 19:51:04.006 26625 26708 E RobotCore: com.qualcomm.modernrobotics.ReadWriteRunnableUsbHandler.read(SourceFile:66)
01-05 19:51:04.006 26625 26708 E RobotCore: com.qualcomm.hardware.modernrobotics.ReadWriteRunnableStandard$1.run(ReadWriteRunnableStandard.java:343)
01-05 19:51:04.006 26625 26708 E RobotCore: com.qualcomm.robotcore.util.ThreadPool.logThreadLifeCycle(ThreadPool.java:513)
01-05 19:51:04.006 26625 26708 E RobotCore: com.qualcomm.hardware.modernrobotics.ReadWriteRunnableStandard.run(ReadWriteRunnableStandard.java:302)
01-05 19:51:04.006 26625 26708 E RobotCore: java.util.concurrent.ThreadPoolExecutor.runWorker(ThreadPoolExecutor.java:1113)
01-05 19:51:04.006 26625 26708 E RobotCore: java.util.concurrent.ThreadPoolExecutor$Worker.run(ThreadPoolExecutor.java:588)
01-05 19:51:04.006 26625 26708 E RobotCore: java.lang.Thread.run(Thread.java:818)
01-05 19:51:04.006 26625 26708 V RobotCore: thread: ...terminating 'r/w loop: Modern Robotics USB DC Motor Controller [AI049QOP]'
01-05 19:51:04.009 26625 26625 D UsbDeviceConnectionJNI: close
01-05 19:51:04.010 26625 26697 D ProcessRequestThread::: Device has been closed.
01-05 19:51:04.010 26625 26697 W System.err: java.lang.InterruptedException
01-05 19:51:04.010 26625 26697 W System.err: 	at java.util.concurrent.locks.AbstractQueuedSynchronizer.doAcquireSharedInterruptibly(AbstractQueuedSynchronizer.java:972)
01-05 19:51:04.010 26625 26697 W System.err: 	at java.util.concurrent.locks.AbstractQueuedSynchronizer.acquireSharedInterruptibly(AbstractQueuedSynchronizer.java:1278)
01-05 19:51:04.010 26625 26697 W System.err: 	at java.util.concurrent.Semaphore.acquire(Semaphore.java:284)
01-05 19:51:04.010 26625 26697 W System.err: 	at com.ftdi.j2xx.ProcessInCtrl.acquireReadableBuffer(FT_Device.java:2294)
01-05 19:51:04.010 26625 26697 W System.err: 	at com.ftdi.j2xx.ProcessRequestWorker.run(FT_Device.java:2764)
01-05 19:51:04.010 26625 26697 W System.err: 	at java.lang.Thread.run(Thread.java:818)
01-05 19:51:04.011 26625 26701 W RobotCore: could not write to Modern Robotics USB DC Motor Controller [A104OQ1P]: FTDI Null Pointer Exception
01-05 19:51:04.011 26625 26701 E RobotCore: java.lang.NullPointerException: Attempt to invoke interface method 'void java.util.concurrent.locks.Lock.unlock()' on a null object reference
01-05 19:51:04.011 26625 26701 E RobotCore: com.ftdi.j2xx.ProcessInCtrl.readBulkInData(FT_Device.java:2520)
01-05 19:51:04.011 26625 26701 E RobotCore: com.ftdi.j2xx.FT_Device.read(FT_Device.java:666)
01-05 19:51:04.011 26625 26701 E RobotCore: com.qualcomm.robotcore.hardware.usb.ftdi.RobotUsbDeviceFtdi.read(RobotUsbDeviceFtdi.java:199)
01-05 19:51:04.011 26625 26701 E RobotCore: com.qualcomm.robotcore.hardware.usb.ftdi.RobotUsbDeviceFtdi.read(RobotUsbDeviceFtdi.java:176)
01-05 19:51:04.011 26625 26701 E RobotCore: com.qualcomm.modernrobotics.ReadWriteRunnableUsbHandler.a(SourceFile:77)
01-05 19:51:04.011 26625 26701 E RobotCore: com.qualcomm.modernrobotics.ReadWriteRunnableUsbHandler.read(SourceFile:66)
01-05 19:51:04.011 26625 26701 E RobotCore: com.qualcomm.hardware.modernrobotics.ReadWriteRunnableStandard$1.run(ReadWriteRunnableStandard.java:343)
01-05 19:51:04.011 26625 26701 E RobotCore: com.qualcomm.robotcore.util.ThreadPool.logThreadLifeCycle(ThreadPool.java:513)
01-05 19:51:04.011 26625 26701 E RobotCore: com.qualcomm.hardware.modernrobotics.ReadWriteRunnableStandard.run(ReadWriteRunnableStandard.java:302)
01-05 19:51:04.011 26625 26701 E RobotCore: java.util.concurrent.ThreadPoolExecutor.runWorker(ThreadPoolExecutor.java:1113)
01-05 19:51:04.011 26625 26701 E RobotCore: java.util.concurrent.ThreadPoolExecutor$Worker.run(ThreadPoolExecutor.java:588)
01-05 19:51:04.011 26625 26701 E RobotCore: java.lang.Thread.run(Thread.java:818)
01-05 19:51:04.012 26625 26696 D BulkIn::: Stop BulkIn thread
01-05 19:51:04.012 26625 26696 W System.err: java.lang.NullPointerException: Attempt to invoke virtual method 'int com.ftdi.j2xx.D2xxManager$DriverParameters.getBufferNumber()' on a null object reference
01-05 19:51:04.012 26625 26696 W System.err: 	at com.ftdi.j2xx.ProcessInCtrl.releaseWritableBuffers(FT_Device.java:2672)
01-05 19:51:04.012 26625 26696 W System.err: 	at com.ftdi.j2xx.BulkInWorker.run(FT_Device.java:2879)
01-05 19:51:04.012 26625 26696 W System.err: 	at java.lang.Thread.run(Thread.java:818)
01-05 19:51:04.013 26625 26723 D RobotCore: system telemetry: key=$System$Warning$ msg="problem communicating with Modern Robotics USB DC Motor Controller [A104OQ1P]; problem communicating with Modern Robotics USB DC Motor Controller [AL00VBIF]; problem communicating with Modern Robotics USB DC Motor Controller [AL00VWH0]; problem communicating with Modern Robotics USB Servo Controller [AL00VSDY]; problem communicating with Modern Robotics USB DC Motor Controller [AI049QOP]; problem communicating with Modern Robotics USB Core Device Interface Module [AL00VFK6]"
01-05 19:51:04.013 26625 26723 V RobotCore: event loop: device has shutdown abnormally
01-05 19:51:04.013 26625 26723 V RobotCore: event loop: detaching device owner
01-05 19:51:04.013 26625 26723 I FIRST   : ======= MODULE DETACH RECOVERY: disarm Modern Robotics USB Servo Controller [AL00VSDY]=======
01-05 19:51:04.014 26625 26723 D RobotCore: disarming modern servo controller "Modern Robotics USB Servo Controller [AL00VSDY]"...
01-05 19:51:04.014 26625 26723 V RobotCore: waiting for service ReadWriteRunnable for Modern Robotics USB Device
01-05 19:51:04.014 26625 26701 V RobotCore: thread: ...terminating 'r/w loop: Modern Robotics USB DC Motor Controller [A104OQ1P]'
01-05 19:51:04.017 26625 26723 V RobotCore: awaitTermination returned, isTerminated=true
01-05 19:51:04.017 26625 26723 V RobotCore: executive service ReadWriteRunnable for Modern Robotics USB Device is terminated
01-05 19:51:04.017 26625 26723 D RobotCore: ...disarming modern servo controller Modern Robotics USB Servo Controller [AL00VSDY] complete
01-05 19:51:04.017 26625 26723 I FIRST   : ======= MODULE DETACH RECOVERY: pretend Modern Robotics USB Servo Controller [AL00VSDY]=======
01-05 19:51:04.017 26625 26723 D RobotCore: arming modern servo controller Modern Robotics USB Servo Controller [AL00VSDY] (pretend)...
01-05 19:51:04.021 26625 26723 V RobotCore: Starting up pretend device AL00VSDY
01-05 19:51:04.025 26625 26757 V RobotCore: thread: 'r/w loop: Modern Robotics USB Servo Controller [AL00VSDY]' starting...
01-05 19:51:04.025 26625 26723 D RobotCore: ...arming modern servo controller Modern Robotics USB Servo Controller [AL00VSDY] complete
01-05 19:51:04.025 26625 26723 I FIRST   : ======= MODULE DETACH RECOVERY: complete Modern Robotics USB Servo Controller [AL00VSDY]=======
01-05 19:51:04.025 26625 26723 V RobotCore: event loop: device has shutdown abnormally
01-05 19:51:04.025 26625 26723 V RobotCore: event loop: detaching device owner
01-05 19:51:04.026 26625 26723 I FIRST   : ======= MODULE DETACH RECOVERY: disarm Modern Robotics USB Core Device Interface Module [AL00VFK6]=======
01-05 19:51:04.026 26625 26723 V RobotCore: waiting for service ReadWriteRunnable for Modern Robotics USB Device
01-05 19:51:04.026 26625 26723 V RobotCore: awaitTermination returned, isTerminated=true
01-05 19:51:04.026 26625 26723 V RobotCore: executive service ReadWriteRunnable for Modern Robotics USB Device is terminated
01-05 19:51:04.026 26625 26723 I FIRST   : ======= MODULE DETACH RECOVERY: pretend Modern Robotics USB Core Device Interface Module [AL00VFK6]=======
01-05 19:51:04.026 26625 26723 V RobotCore: Starting up pretend device AL00VFK6
01-05 19:51:04.027 26625 26760 V RobotCore: thread: 'r/w loop: Modern Robotics USB Core Device Interface Module [AL00VFK6]' starting...
01-05 19:51:04.028 26625 26723 I FIRST   : ======= MODULE DETACH RECOVERY: complete Modern Robotics USB Core Device Interface Module [AL00VFK6]=======
01-05 19:51:04.028 26625 26723 V RobotCore: event loop: device has shutdown abnormally
01-05 19:51:04.028 26625 26723 V RobotCore: event loop: detaching device owner
01-05 19:51:04.028 26625 26723 I FIRST   : ======= MODULE DETACH RECOVERY: disarm Modern Robotics USB DC Motor Controller [A104OQ1P]=======
01-05 19:51:04.028 26625 26723 D RobotCore: disarming modern motor controller Modern Robotics USB DC Motor Controller [A104OQ1P]...
01-05 19:51:04.028 26625 26723 V RobotCore: waiting for service ReadWriteRunnable for Modern Robotics USB Device
01-05 19:51:04.029 26625 26723 V RobotCore: awaitTermination returned, isTerminated=true
01-05 19:51:04.029 26625 26723 V RobotCore: executive service ReadWriteRunnable for Modern Robotics USB Device is terminated
01-05 19:51:04.029 26625 26723 D RobotCore: ...disarming modern motor controller Modern Robotics USB DC Motor Controller [A104OQ1P] complete
01-05 19:51:04.029 26625 26723 I FIRST   : ======= MODULE DETACH RECOVERY: pretend Modern Robotics USB DC Motor Controller [A104OQ1P]=======
01-05 19:51:04.029 26625 26723 D RobotCore: arming modern motor controller Modern Robotics USB DC Motor Controller [A104OQ1P] (pretend)...
01-05 19:51:04.029 26625 26723 V RobotCore: Starting up pretend device A104OQ1P
01-05 19:51:04.030 26625 26761 V RobotCore: thread: 'r/w loop: Modern Robotics USB DC Motor Controller [A104OQ1P]' starting...
01-05 19:51:04.030 26625 26723 D RobotCore: ...arming modern motor controller Modern Robotics USB DC Motor Controller [A104OQ1P] complete
01-05 19:51:04.030 26625 26723 I FIRST   : ======= MODULE DETACH RECOVERY: complete Modern Robotics USB DC Motor Controller [A104OQ1P]=======
01-05 19:51:04.030 26625 26723 V RobotCore: event loop: device has shutdown abnormally
01-05 19:51:04.030 26625 26723 V RobotCore: event loop: detaching device owner
01-05 19:51:04.030 26625 26723 I FIRST   : ======= MODULE DETACH RECOVERY: disarm Modern Robotics USB DC Motor Controller [AL00VWH0]=======
01-05 19:51:04.030 26625 26723 D RobotCore: disarming modern motor controller Modern Robotics USB DC Motor Controller [AL00VWH0]...
01-05 19:51:04.030 26625 26723 V RobotCore: waiting for service ReadWriteRunnable for Modern Robotics USB Device
01-05 19:51:04.031 26625 26723 V RobotCore: awaitTermination returned, isTerminated=true
01-05 19:51:04.031 26625 26723 V RobotCore: executive service ReadWriteRunnable for Modern Robotics USB Device is terminated
01-05 19:51:04.031 26625 26723 D RobotCore: ...disarming modern motor controller Modern Robotics USB DC Motor Controller [AL00VWH0] complete
01-05 19:51:04.031 26625 26723 I FIRST   : ======= MODULE DETACH RECOVERY: pretend Modern Robotics USB DC Motor Controller [AL00VWH0]=======
01-05 19:51:04.031 26625 26723 D RobotCore: arming modern motor controller Modern Robotics USB DC Motor Controller [AL00VWH0] (pretend)...
01-05 19:51:04.031 26625 26723 V RobotCore: Starting up pretend device AL00VWH0
01-05 19:51:04.032 26625 26762 V RobotCore: thread: 'r/w loop: Modern Robotics USB DC Motor Controller [AL00VWH0]' starting...
01-05 19:51:04.033 26625 26723 D RobotCore: ...arming modern motor controller Modern Robotics USB DC Motor Controller [AL00VWH0] complete
01-05 19:51:04.033 26625 26723 I FIRST   : ======= MODULE DETACH RECOVERY: complete Modern Robotics USB DC Motor Controller [AL00VWH0]=======
01-05 19:51:04.033 26625 26723 V RobotCore: event loop: device has shutdown abnormally
01-05 19:51:04.033 26625 26723 V RobotCore: event loop: detaching device owner
01-05 19:51:04.033 26625 26723 I FIRST   : ======= MODULE DETACH RECOVERY: disarm Modern Robotics USB DC Motor Controller [AI049QOP]=======
01-05 19:51:04.033 26625 26723 D RobotCore: disarming modern motor controller Modern Robotics USB DC Motor Controller [AI049QOP]...
01-05 19:51:04.033 26625 26723 V RobotCore: waiting for service ReadWriteRunnable for Modern Robotics USB Device
01-05 19:51:04.033 26625 26723 V RobotCore: awaitTermination returned, isTerminated=true
01-05 19:51:04.033 26625 26723 V RobotCore: executive service ReadWriteRunnable for Modern Robotics USB Device is terminated
01-05 19:51:04.033 26625 26723 D RobotCore: ...disarming modern motor controller Modern Robotics USB DC Motor Controller [AI049QOP] complete
01-05 19:51:04.034 26625 26723 I FIRST   : ======= MODULE DETACH RECOVERY: pretend Modern Robotics USB DC Motor Controller [AI049QOP]=======
01-05 19:51:04.034 26625 26723 D RobotCore: arming modern motor controller Modern Robotics USB DC Motor Controller [AI049QOP] (pretend)...
01-05 19:51:04.034 26625 26723 V RobotCore: Starting up pretend device AI049QOP
01-05 19:51:04.039 26625 26763 V RobotCore: thread: 'r/w loop: Modern Robotics USB DC Motor Controller [AI049QOP]' starting...
01-05 19:51:04.039 26625 26723 D RobotCore: ...arming modern motor controller Modern Robotics USB DC Motor Controller [AI049QOP] complete
01-05 19:51:04.040 26625 26723 I FIRST   : ======= MODULE DETACH RECOVERY: complete Modern Robotics USB DC Motor Controller [AI049QOP]=======
01-05 19:51:04.040 26625 26723 V RobotCore: event loop: device has shutdown abnormally
01-05 19:51:04.040 26625 26723 V RobotCore: event loop: detaching device owner
01-05 19:51:04.040 26625 26723 I FIRST   : ======= MODULE DETACH RECOVERY: disarm Modern Robotics USB DC Motor Controller [AL00VBIF]=======
01-05 19:51:04.040 26625 26723 D RobotCore: disarming modern motor controller Modern Robotics USB DC Motor Controller [AL00VBIF]...
01-05 19:51:04.040 26625 26723 V RobotCore: waiting for service ReadWriteRunnable for Modern Robotics USB Device
01-05 19:51:04.040 26625 26723 V RobotCore: awaitTermination returned, isTerminated=true
01-05 19:51:04.040 26625 26723 V RobotCore: executive service ReadWriteRunnable for Modern Robotics USB Device is terminated
01-05 19:51:04.040 26625 26723 D RobotCore: ...disarming modern motor controller Modern Robotics USB DC Motor Controller [AL00VBIF] complete
01-05 19:51:04.040 26625 26723 I FIRST   : ======= MODULE DETACH RECOVERY: pretend Modern Robotics USB DC Motor Controller [AL00VBIF]=======
01-05 19:51:04.040 26625 26723 D RobotCore: arming modern motor controller Modern Robotics USB DC Motor Controller [AL00VBIF] (pretend)...
01-05 19:51:04.041 26625 26723 V RobotCore: Starting up pretend device AL00VBIF
01-05 19:51:04.042 26625 26764 V RobotCore: thread: 'r/w loop: Modern Robotics USB DC Motor Controller [AL00VBIF]' starting...
01-05 19:51:04.043 26625 26723 D RobotCore: ...arming modern motor controller Modern Robotics USB DC Motor Controller [AL00VBIF] complete
01-05 19:51:04.043 26625 26723 I FIRST   : ======= MODULE DETACH RECOVERY: complete Modern Robotics USB DC Motor Controller [AL00VBIF]=======
01-05 19:51:04.047 26625 26690 D MediaPlayer: setSubtitleAnchor in MediaPlayer
01-05 19:51:04.047 26625 26625 D MediaPlayer: setSubtitleAnchor in MediaPlayer
01-05 19:51:04.067 26625 26688 D ExtendedUtils: extended extractor not needed, return default
01-05 19:51:04.067 26625 26688 I MediaCodec: (0xb764dcd0) init name(audio/raw) isType(1) encoder(0)
01-05 19:51:04.069 26625 26766 I OMXClient: Using client-side OMX mux.
01-05 19:51:04.071 26625 26766 E OMXMaster: A component of name 'OMX.qcom.audio.decoder.aac' already exists, ignoring this one.
01-05 19:51:04.073 26625 26766 I MediaCodec: (0xb764dcd0) Component Allocated (OMX.google.raw.decoder)
01-05 19:51:04.074 26625 26688 I MediaCodec: (0xb764dcd0) configure surface(0x0) crypto(0x0) flags(0)
01-05 19:51:04.074 26625 26688 D MediaCodec: (0xb764dcd0) configure format: AMessage(what = 0x00000000) = {
01-05 19:51:04.074 26625 26688 D MediaCodec:    string mime = "audio/raw"
01-05 19:51:04.074 26625 26688 D MediaCodec:    int64_t durationUs = 1043650
01-05 19:51:04.074 26625 26688 D MediaCodec:    int32_t channel-count = 2
01-05 19:51:04.074 26625 26688 D MediaCodec:    int32_t sample-rate = 44100
01-05 19:51:04.074 26625 26688 D MediaCodec:    int32_t channel-mask = 0
01-05 19:51:04.074 26625 26688 D MediaCodec:  }
01-05 19:51:04.075 26625 26688 I MediaCodec: (0xb764dcd0) start
01-05 19:51:04.075 26625 26766 I MediaCodec: (0xb764dcd0) input buffers allocated
01-05 19:51:04.075 26625 26766 I MediaCodec: (0xb764dcd0) numBuffers (4)
01-05 19:51:04.075 26625 26766 I MediaCodec: (0xb764dcd0) output buffers allocated
01-05 19:51:04.075 26625 26766 I MediaCodec: (0xb764dcd0) numBuffers (4)
01-05 19:51:04.077 26625 26766 I MediaCodec: (0xb764dcd0) codec output format changed
01-05 19:51:04.077 26625 26766 D MediaCodec: (0xb764dcd0) output format: AMessage(what = 'codc', target = 10) = {
01-05 19:51:04.077 26625 26766 D MediaCodec:    string mime = "audio/raw"
01-05 19:51:04.077 26625 26766 D MediaCodec:    int32_t channel-count = 2
01-05 19:51:04.077 26625 26766 D MediaCodec:    int32_t sample-rate = 44100
01-05 19:51:04.077 26625 26766 D MediaCodec:    int32_t channel-mask = 0
01-05 19:51:04.077 26625 26766 D MediaCodec:    int32_t what = 1869968451
01-05 19:51:04.077 26625 26766 D MediaCodec:  }
01-05 19:51:04.084 26625 26688 I MediaCodec: (0xb764dcd0) stop
01-05 19:51:04.085 26625 26688 I MediaCodec: (0xb764dcd0) release
01-05 19:51:04.090 26625 26690 W AudioTrack: AUDIO_OUTPUT_FLAG_FAST denied by client; transfer 4, track 44100 Hz, output 48000 Hz
01-05 19:51:11.523 26625 26679 V Robocol : received command: CMD_INIT_OP_MODE(11425) $Stop$Robot$
01-05 19:51:11.528 26625 26723 I RobotCore: Attempting to switch to op mode $Stop$Robot$
01-05 19:51:11.566 26625 26686 V Robocol : sending CMD_INIT_OP_MODE_RESP(1570), attempt: 0
01-05 19:51:11.603 26625 26679 V Robocol : received command: CMD_INIT_OP_MODE_RESP(1570) $Stop$Robot$
01-05 19:51:11.604 26625 26679 V Robocol : received command: CMD_RUN_OP_MODE(11430) $Stop$Robot$
01-05 19:51:11.646 26625 26686 V Robocol : sending CMD_RUN_OP_MODE_RESP(1576), attempt: 0
01-05 19:51:11.681 26625 26679 V Robocol : received command: CMD_RUN_OP_MODE_RESP(1576) $Stop$Robot$
01-05 19:51:31.123 26625 26625 V RCActivity: onPause()
01-05 19:51:31.133 26625 26625 V RCActivity: onStop()
01-05 19:51:31.133 26625 26625 V RobotCore: executive service robot setup is terminated
01-05 19:51:31.134 26625 26625 V Robocol : EventLoopManager.shutdown()
01-05 19:51:31.134 26625 26625 V RobotCore: waiting for service EventLoop
01-05 19:51:31.134 26625 26723 V RobotCore: EventLoopRunnable interrupted
01-05 19:51:31.134 26625 26723 V RobotCore: EventLoopManager state is STOPPED
01-05 19:51:31.134 26625 26723 V RobotCore: Robot Status: stopped
01-05 19:51:31.134 26625 26723 I FIRST   : ======= TEARDOWN =======
01-05 19:51:31.134 26625 26723 D RobotCore: disarming modern motor controller Modern Robotics USB DC Motor Controller [AL00VWH0]...
01-05 19:51:31.136 26625 26762 V RobotCore: thread: ...terminating 'r/w loop: Modern Robotics USB DC Motor Controller [AL00VWH0]'
01-05 19:51:31.136 26625 26723 V RobotCore: executive service ReadWriteRunnable for Modern Robotics USB Device is terminated
01-05 19:51:31.136 26625 26723 D RobotCore: ...disarming modern motor controller Modern Robotics USB DC Motor Controller [AL00VWH0] complete
01-05 19:51:31.136 26625 26723 D RobotCore: disarming modern motor controller Modern Robotics USB DC Motor Controller [A104OQ1P]...
01-05 19:51:31.143 26625 26761 V RobotCore: thread: ...terminating 'r/w loop: Modern Robotics USB DC Motor Controller [A104OQ1P]'
01-05 19:51:31.144 26625 26723 V RobotCore: executive service ReadWriteRunnable for Modern Robotics USB Device is terminated
01-05 19:51:31.144 26625 26723 D RobotCore: ...disarming modern motor controller Modern Robotics USB DC Motor Controller [A104OQ1P] complete
01-05 19:51:31.144 26625 26723 D RobotCore: disarming modern motor controller Modern Robotics USB DC Motor Controller [AL00VBIF]...
01-05 19:51:31.147 26625 26723 V RobotCore: waiting for service ReadWriteRunnable for Modern Robotics USB Device
01-05 19:51:31.147 26625 26764 V RobotCore: thread: ...terminating 'r/w loop: Modern Robotics USB DC Motor Controller [AL00VBIF]'
01-05 19:51:31.147 26625 26723 V RobotCore: awaitTermination returned, isTerminated=true
01-05 19:51:31.147 26625 26723 V RobotCore: executive service ReadWriteRunnable for Modern Robotics USB Device is terminated
01-05 19:51:31.148 26625 26723 D RobotCore: ...disarming modern motor controller Modern Robotics USB DC Motor Controller [AL00VBIF] complete
01-05 19:51:31.148 26625 26723 D RobotCore: disarming modern motor controller Modern Robotics USB DC Motor Controller [AI049QOP]...
01-05 19:51:31.150 26625 26723 V RobotCore: waiting for service ReadWriteRunnable for Modern Robotics USB Device
01-05 19:51:31.150 26625 26763 V RobotCore: thread: ...terminating 'r/w loop: Modern Robotics USB DC Motor Controller [AI049QOP]'
01-05 19:51:31.150 26625 26723 V RobotCore: awaitTermination returned, isTerminated=true
01-05 19:51:31.150 26625 26723 V RobotCore: executive service ReadWriteRunnable for Modern Robotics USB Device is terminated
01-05 19:51:31.150 26625 26723 D RobotCore: ...disarming modern motor controller Modern Robotics USB DC Motor Controller [AI049QOP] complete
01-05 19:51:31.151 26625 26723 D RobotCore: disarming modern servo controller "Modern Robotics USB Servo Controller [AL00VSDY]"...
01-05 19:51:31.151 26625 26757 V RobotCore: thread: ...terminating 'r/w loop: Modern Robotics USB Servo Controller [AL00VSDY]'
01-05 19:51:31.151 26625 26723 V RobotCore: executive service ReadWriteRunnable for Modern Robotics USB Device is terminated
01-05 19:51:31.151 26625 26723 D RobotCore: ...disarming modern servo controller Modern Robotics USB Servo Controller [AL00VSDY] complete
01-05 19:51:31.166 26625 26760 V RobotCore: thread: ...terminating 'r/w loop: Modern Robotics USB Core Device Interface Module [AL00VFK6]'
01-05 19:51:31.166 26625 26723 V RobotCore: waiting for service ReadWriteRunnable for Modern Robotics USB Device
01-05 19:51:31.166 26625 26723 V RobotCore: awaitTermination returned, isTerminated=true
01-05 19:51:31.166 26625 26723 V RobotCore: executive service ReadWriteRunnable for Modern Robotics USB Device is terminated
01-05 19:51:31.166 26625 26723 I FIRST   : ======= TEARDOWN COMPLETE =======
01-05 19:51:31.166 26625 26723 V RobotCore: thread: ...terminating 'opmode loop()'
01-05 19:51:31.167 26625 26625 V RobotCore: awaitTermination returned, isTerminated=true
01-05 19:51:31.168 26625 26625 V RobotCore: executive service EventLoop is terminated
01-05 19:51:31.168 26625 26625 V RobotCore: EventLoopManager state is STOPPED
01-05 19:51:31.403 26625 26679 D RobotCore: system telemetry: key=$System$None$ msg=""
