01-05 20:12:34.242 28797 28849 V RobotCore: Creating Modern Robotics USB DC Motor Controller [A104OQ1P]
01-05 20:12:34.248 28797 28849 D RobotCore: arming modern motor controller Modern Robotics USB DC Motor Controller [A104OQ1P]...
01-05 20:12:34.248 28797 28849 W System.err: unable to find USB device with serial number A104OQ1P
01-05 20:12:34.249 28797 28849 D RobotCore: arming modern motor controller Modern Robotics USB DC Motor Controller [A104OQ1P] (pretend)...
01-05 20:12:34.249 28797 28849 V RobotCore: Starting up pretend device A104OQ1P
01-05 20:12:34.250 28797 28863 V RobotCore: thread: 'r/w loop: Modern Robotics USB DC Motor Controller [A104OQ1P]' starting...
01-05 20:12:34.250 28797 28849 D RobotCore: ...arming modern motor controller Modern Robotics USB DC Motor Controller [A104OQ1P] complete
01-05 20:12:34.251 28797 28849 V RobotCore: Creating Modern Robotics USB DC Motor Controller [AL00VWH0]
01-05 20:12:34.251 28797 28849 D RobotCore: arming modern motor controller Modern Robotics USB DC Motor Controller [AL00VWH0]...
01-05 20:12:34.251 28797 28849 W System.err: unable to find USB device with serial number AL00VWH0
01-05 20:12:34.252 28797 28849 D RobotCore: arming modern motor controller Modern Robotics USB DC Motor Controller [AL00VWH0] (pretend)...
01-05 20:12:34.252 28797 28849 V RobotCore: Starting up pretend device AL00VWH0
01-05 20:12:34.253 28797 28864 V RobotCore: thread: 'r/w loop: Modern Robotics USB DC Motor Controller [AL00VWH0]' starting...
01-05 20:12:34.253 28797 28849 D RobotCore: ...arming modern motor controller Modern Robotics USB DC Motor Controller [AL00VWH0] complete
01-05 20:12:34.254 28797 28849 V RobotCore: Creating Modern Robotics USB DC Motor Controller [AI049QOP]
01-05 20:12:34.254 28797 28849 D RobotCore: arming modern motor controller Modern Robotics USB DC Motor Controller [AI049QOP]...
01-05 20:12:34.254 28797 28849 W System.err: unable to find USB device with serial number AI049QOP
01-05 20:12:34.255 28797 28849 D RobotCore: arming modern motor controller Modern Robotics USB DC Motor Controller [AI049QOP] (pretend)...
01-05 20:12:34.255 28797 28849 V RobotCore: Starting up pretend device AI049QOP
01-05 20:12:34.256 28797 28865 V RobotCore: thread: 'r/w loop: Modern Robotics USB DC Motor Controller [AI049QOP]' starting...
01-05 20:12:34.256 28797 28849 D RobotCore: ...arming modern motor controller Modern Robotics USB DC Motor Controller [AI049QOP] complete
01-05 20:12:34.256 28797 28849 V RobotCore: Creating Modern Robotics USB DC Motor Controller [AL00VBIF]
01-05 20:12:34.257 28797 28849 D RobotCore: arming modern motor controller Modern Robotics USB DC Motor Controller [AL00VBIF]...
01-05 20:12:34.257 28797 28849 W System.err: unable to find USB device with serial number AL00VBIF
01-05 20:12:34.258 28797 28849 D RobotCore: arming modern motor controller Modern Robotics USB DC Motor Controller [AL00VBIF] (pretend)...
01-05 20:12:34.258 28797 28849 V RobotCore: Starting up pretend device AL00VBIF
01-05 20:12:34.259 28797 28866 V RobotCore: thread: 'r/w loop: Modern Robotics USB DC Motor Controller [AL00VBIF]' starting...
01-05 20:12:34.259 28797 28849 D RobotCore: ...arming modern motor controller Modern Robotics USB DC Motor Controller [AL00VBIF] complete
01-05 20:12:34.275 28797 28849 I RobotCore: Analytics has completed initialization.
01-05 20:12:34.275 28797 28849 I RobotCore: ========= Device Information ===================================================
01-05 20:12:34.275 28797 28849 I RobotCore: Type                                               Name                           Connection
01-05 20:12:34.276 28797 28849 I RobotCore: Modern Robotics USB DC Motor Controller            Shooter                        USB AI049QOP
01-05 20:12:34.276 28797 28849 I RobotCore: I2cDevice                                          color                          USB AL00VFK6; port 4
01-05 20:12:34.277 28797 28849 I RobotCore: DC Motor                                           rightFront                     USB AL00VWH0; port 1
01-05 20:12:34.277 28797 28849 I RobotCore: Modern Robotics USB DC Motor Controller            Front Motors                   USB AL00VWH0
01-05 20:12:34.277 28797 28849 I RobotCore: Modern Robotics USB DC Motor Controller            Back Motors                    USB A104OQ1P
01-05 20:12:34.277 28797 28849 I RobotCore: DC Motor                                           leftBack                       USB A104OQ1P; port 2
01-05 20:12:34.277 28797 28849 I RobotCore: Servo                                              upDown                         USB AL00VSDY; port 1
01-05 20:12:34.277 28797 28849 I RobotCore: DC Motor                                           shooter2                       USB AI049QOP; port 2
01-05 20:12:34.277 28797 28849 I RobotCore: DC Motor                                           shooter1                       USB AI049QOP; port 1
01-05 20:12:34.277 28797 28849 I RobotCore: DC Motor                                           leftFront                      USB AL00VWH0; port 2
01-05 20:12:34.278 28797 28849 I RobotCore: DC Motor                                           rightBack                      USB A104OQ1P; port 1
01-05 20:12:34.278 28797 28849 I RobotCore: DC Motor                                           intake2                        USB AL00VBIF; port 2
01-05 20:12:34.278 28797 28849 I RobotCore: DC Motor                                           intake1                        USB AL00VBIF; port 1
01-05 20:12:34.278 28797 28849 I RobotCore: Servo                                              ballFeeder                     USB AL00VSDY; port 2
01-05 20:12:34.278 28797 28849 I RobotCore: Modern Robotics USB DC Motor Controller            Intake                         USB AL00VBIF
01-05 20:12:34.278 28797 28849 I RobotCore: Modern Robotics USB Core Device Interface Module   Sensors                        USB AL00VFK6
01-05 20:12:34.278 28797 28849 I RobotCore: Modern Robotics USB Servo Controller               Servos                         USB AL00VSDY
01-05 20:12:34.278 28797 28849 I RobotCore: Modern Robotics Gyro                               gyro                           USB AL00VFK6; I2C port: 3
01-05 20:12:34.279 28797 28849 I RobotCore: Modern Robotics Analog Optical Distance Sensor     ods                            USB AL00VFK6; analog port 7
01-05 20:12:34.279 28797 28849 I FIRST   : ======= INIT FINISH =======
01-05 20:12:34.279 28797 28849 V RobotCore: EventLoopManager state is RUNNING
01-05 20:12:34.291 28797 28849 V RobotCore: Robot Status: running, starting robot
01-05 20:12:34.291 28797 28849 V RobotCore: Robot Status: running
01-05 20:12:34.294 28797 28849 V RobotCore: thread: ...terminating 'RobotSetupRunnable.run()'
01-05 20:12:34.308 28797 28871 V RobotCore: thread: 'opmode loop()' starting...
01-05 20:12:34.314 28797 28871 D RobotCore: system telemetry: key=$System$Warning$ msg="unable to open Modern Robotics USB DC Motor Controller [AL00VWH0]; unable to open Modern Robotics USB DC Motor Controller [A104OQ1P]; unable to open Modern Robotics USB DC Motor Controller [AL00VBIF]; unable to open Modern Robotics USB Servo Controller [AL00VSDY]; unable to open Modern Robotics USB DC Motor Controller [AI049QOP]; unable to open Modern Robotics USB Core Device Interface Module [AL00VFK6]"
01-05 20:12:34.317 28797 28870 D MediaPlayer: setSubtitleAnchor in MediaPlayer
01-05 20:12:34.317 28797 28797 D MediaPlayer: setSubtitleAnchor in MediaPlayer
01-05 20:12:34.365 28797 28868 D ExtendedUtils: extended extractor not needed, return default
01-05 20:12:34.367 28797 28868 I MediaCodec: (0xb7669ae8) init name(audio/raw) isType(1) encoder(0)
01-05 20:12:34.371 28797 28875 I OMXClient: Using client-side OMX mux.
01-05 20:12:34.374 28797 28875 E OMXMaster: A component of name 'OMX.qcom.audio.decoder.aac' already exists, ignoring this one.
01-05 20:12:34.375 28797 28875 I MediaCodec: (0xb7669ae8) Component Allocated (OMX.google.raw.decoder)
01-05 20:12:34.375 28797 28868 I MediaCodec: (0xb7669ae8) configure surface(0x0) crypto(0x0) flags(0)
01-05 20:12:34.376 28797 28868 D MediaCodec: (0xb7669ae8) configure format: AMessage(what = 0x00000000) = {
01-05 20:12:34.376 28797 28868 D MediaCodec:    string mime = "audio/raw"
01-05 20:12:34.376 28797 28868 D MediaCodec:    int64_t durationUs = 1019125
01-05 20:12:34.376 28797 28868 D MediaCodec:    int32_t channel-count = 1
01-05 20:12:34.376 28797 28868 D MediaCodec:    int32_t sample-rate = 8000
01-05 20:12:34.376 28797 28868 D MediaCodec:    int32_t channel-mask = 0
01-05 20:12:34.376 28797 28868 D MediaCodec:  }
01-05 20:12:34.377 28797 28868 I MediaCodec: (0xb7669ae8) start
01-05 20:12:34.378 28797 28875 I MediaCodec: (0xb7669ae8) input buffers allocated
01-05 20:12:34.378 28797 28875 I MediaCodec: (0xb7669ae8) numBuffers (4)
01-05 20:12:34.378 28797 28875 I MediaCodec: (0xb7669ae8) output buffers allocated
01-05 20:12:34.378 28797 28875 I MediaCodec: (0xb7669ae8) numBuffers (4)
01-05 20:12:34.379 28797 28875 I MediaCodec: (0xb7669ae8) codec output format changed
01-05 20:12:34.379 28797 28875 D MediaCodec: (0xb7669ae8) output format: AMessage(what = 'codc', target = 2) = {
01-05 20:12:34.379 28797 28875 D MediaCodec:    string mime = "audio/raw"
01-05 20:12:34.379 28797 28875 D MediaCodec:    int32_t channel-count = 1
01-05 20:12:34.379 28797 28875 D MediaCodec:    int32_t sample-rate = 8000
01-05 20:12:34.379 28797 28875 D MediaCodec:    int32_t channel-mask = 0
01-05 20:12:34.379 28797 28875 D MediaCodec:    int32_t what = 1869968451
01-05 20:12:34.379 28797 28875 D MediaCodec:  }
01-05 20:12:34.380 28797 28868 I MediaCodec: (0xb7669ae8) stop
01-05 20:12:34.381 28797 28868 I MediaCodec: (0xb7669ae8) release
01-05 20:12:34.385 28797 28870 W AudioTrack: AUDIO_OUTPUT_FLAG_FAST denied by client; transfer 4, track 8000 Hz, output 48000 Hz
01-05 20:12:34.408 28797 28870 D MediaPlayer: setSubtitleAnchor in MediaPlayer
01-05 20:12:34.408 28797 28797 D MediaPlayer: setSubtitleAnchor in MediaPlayer
01-05 20:12:34.425 28797 28868 D ExtendedUtils: extended extractor not needed, return default
01-05 20:12:34.425 28797 28868 I MediaCodec: (0xb76245b8) init name(audio/raw) isType(1) encoder(0)
01-05 20:12:34.427 28797 28882 I OMXClient: Using client-side OMX mux.
01-05 20:12:34.430 28797 28882 E OMXMaster: A component of name 'OMX.qcom.audio.decoder.aac' already exists, ignoring this one.
01-05 20:12:34.432 28797 28882 I MediaCodec: (0xb76245b8) Component Allocated (OMX.google.raw.decoder)
01-05 20:12:34.432 28797 28868 I MediaCodec: (0xb76245b8) configure surface(0x0) crypto(0x0) flags(0)
01-05 20:12:34.432 28797 28868 D MediaCodec: (0xb76245b8) configure format: AMessage(what = 0x00000000) = {
01-05 20:12:34.432 28797 28868 D MediaCodec:    string mime = "audio/raw"
01-05 20:12:34.432 28797 28868 D MediaCodec:    int64_t durationUs = 1043650
01-05 20:12:34.432 28797 28868 D MediaCodec:    int32_t channel-count = 2
01-05 20:12:34.432 28797 28868 D MediaCodec:    int32_t sample-rate = 44100
01-05 20:12:34.432 28797 28868 D MediaCodec:    int32_t channel-mask = 0
01-05 20:12:34.432 28797 28868 D MediaCodec:  }
01-05 20:12:34.433 28797 28868 I MediaCodec: (0xb76245b8) start
01-05 20:12:34.433 28797 28882 I MediaCodec: (0xb76245b8) input buffers allocated
01-05 20:12:34.433 28797 28882 I MediaCodec: (0xb76245b8) numBuffers (4)
01-05 20:12:34.433 28797 28882 I MediaCodec: (0xb76245b8) output buffers allocated
01-05 20:12:34.433 28797 28882 I MediaCodec: (0xb76245b8) numBuffers (4)
01-05 20:12:34.435 28797 28882 I MediaCodec: (0xb76245b8) codec output format changed
01-05 20:12:34.435 28797 28882 D MediaCodec: (0xb76245b8) output format: AMessage(what = 'codc', target = 6) = {
01-05 20:12:34.435 28797 28882 D MediaCodec:    string mime = "audio/raw"
01-05 20:12:34.435 28797 28882 D MediaCodec:    int32_t channel-count = 2
01-05 20:12:34.435 28797 28882 D MediaCodec:    int32_t sample-rate = 44100
01-05 20:12:34.435 28797 28882 D MediaCodec:    int32_t channel-mask = 0
01-05 20:12:34.435 28797 28882 D MediaCodec:    int32_t what = 1869968451
01-05 20:12:34.435 28797 28882 D MediaCodec:  }
01-05 20:12:34.440 28797 28868 I MediaCodec: (0xb76245b8) stop
01-05 20:12:34.441 28797 28868 I MediaCodec: (0xb76245b8) release
01-05 20:12:34.518 28797 28859 D Robocol : no packet received: SocketTimeoutException
01-05 20:12:34.819 28797 28871 I RobotCore: Attempting to switch to op mode $Stop$Robot$
01-05 20:12:35.329 28797 28871 I RobotCore: robot battery read duration: n=0, mean=0.000ms sd=-0.000ms
01-05 20:12:35.405 28797 28870 W AudioTrack: AUDIO_OUTPUT_FLAG_FAST denied by client; transfer 4, track 44100 Hz, output 48000 Hz
01-05 20:13:06.134 28797 28797 V RCActivity: onPause()
01-05 20:13:06.159 28797 28797 V RCActivity: onStop()
01-05 20:13:06.159 28797 28797 V RobotCore: executive service robot setup is terminated
01-05 20:13:06.159 28797 28797 V Robocol : EventLoopManager.shutdown()
01-05 20:13:06.160 28797 28797 V RobotCore: waiting for service EventLoop
01-05 20:13:06.160 28797 28871 V RobotCore: EventLoopRunnable interrupted
01-05 20:13:06.160 28797 28871 V RobotCore: EventLoopManager state is STOPPED
01-05 20:13:06.160 28797 28871 V RobotCore: Robot Status: stopped
01-05 20:13:06.160 28797 28871 I FIRST   : ======= TEARDOWN =======
01-05 20:13:06.161 28797 28871 D RobotCore: disarming modern motor controller Modern Robotics USB DC Motor Controller [A104OQ1P]...
01-05 20:13:06.164 28797 28871 V RobotCore: waiting for service ReadWriteRunnable for Modern Robotics USB Device
01-05 20:13:06.164 28797 28863 V RobotCore: thread: ...terminating 'r/w loop: Modern Robotics USB DC Motor Controller [A104OQ1P]'
01-05 20:13:06.164 28797 28871 V RobotCore: awaitTermination returned, isTerminated=true
01-05 20:13:06.164 28797 28871 V RobotCore: executive service ReadWriteRunnable for Modern Robotics USB Device is terminated
01-05 20:13:06.164 28797 28871 D RobotCore: ...disarming modern motor controller Modern Robotics USB DC Motor Controller [A104OQ1P] complete
01-05 20:13:06.164 28797 28871 D RobotCore: disarming modern motor controller Modern Robotics USB DC Motor Controller [AL00VBIF]...
01-05 20:13:06.173 28797 28871 V RobotCore: waiting for service ReadWriteRunnable for Modern Robotics USB Device
01-05 20:13:06.173 28797 28866 V RobotCore: thread: ...terminating 'r/w loop: Modern Robotics USB DC Motor Controller [AL00VBIF]'
01-05 20:13:06.173 28797 28871 V RobotCore: awaitTermination returned, isTerminated=true
01-05 20:13:06.173 28797 28871 V RobotCore: executive service ReadWriteRunnable for Modern Robotics USB Device is terminated
01-05 20:13:06.173 28797 28871 D RobotCore: ...disarming modern motor controller Modern Robotics USB DC Motor Controller [AL00VBIF] complete
01-05 20:13:06.173 28797 28871 D RobotCore: disarming modern motor controller Modern Robotics USB DC Motor Controller [AL00VWH0]...
01-05 20:13:06.176 28797 28864 V RobotCore: thread: ...terminating 'r/w loop: Modern Robotics USB DC Motor Controller [AL00VWH0]'
01-05 20:13:06.176 28797 28871 V RobotCore: waiting for service ReadWriteRunnable for Modern Robotics USB Device
01-05 20:13:06.176 28797 28871 V RobotCore: awaitTermination returned, isTerminated=true
01-05 20:13:06.176 28797 28871 V RobotCore: executive service ReadWriteRunnable for Modern Robotics USB Device is terminated
01-05 20:13:06.176 28797 28871 D RobotCore: ...disarming modern motor controller Modern Robotics USB DC Motor Controller [AL00VWH0] complete
01-05 20:13:06.176 28797 28871 D RobotCore: disarming modern motor controller Modern Robotics USB DC Motor Controller [AI049QOP]...
01-05 20:13:06.183 28797 28871 V RobotCore: waiting for service ReadWriteRunnable for Modern Robotics USB Device
01-05 20:13:06.183 28797 28865 V RobotCore: thread: ...terminating 'r/w loop: Modern Robotics USB DC Motor Controller [AI049QOP]'
01-05 20:13:06.184 28797 28871 V RobotCore: awaitTermination returned, isTerminated=true
01-05 20:13:06.184 28797 28871 V RobotCore: executive service ReadWriteRunnable for Modern Robotics USB Device is terminated
01-05 20:13:06.184 28797 28871 D RobotCore: ...disarming modern motor controller Modern Robotics USB DC Motor Controller [AI049QOP] complete
01-05 20:13:06.185 28797 28871 D RobotCore: disarming modern servo controller "Modern Robotics USB Servo Controller [AL00VSDY]"...
01-05 20:13:06.192 28797 28861 V RobotCore: thread: ...terminating 'r/w loop: Modern Robotics USB Servo Controller [AL00VSDY]'
01-05 20:13:06.192 28797 28871 V RobotCore: executive service ReadWriteRunnable for Modern Robotics USB Device is terminated
01-05 20:13:06.192 28797 28871 D RobotCore: ...disarming modern servo controller Modern Robotics USB Servo Controller [AL00VSDY] complete
01-05 20:13:06.207 28797 28862 V RobotCore: thread: ...terminating 'r/w loop: Modern Robotics USB Core Device Interface Module [AL00VFK6]'
01-05 20:13:06.207 28797 28871 V RobotCore: waiting for service ReadWriteRunnable for Modern Robotics USB Device
01-05 20:13:06.207 28797 28871 V RobotCore: awaitTermination returned, isTerminated=true
01-05 20:13:06.207 28797 28871 V RobotCore: executive service ReadWriteRunnable for Modern Robotics USB Device is terminated
01-05 20:13:06.208 28797 28871 I FIRST   : ======= TEARDOWN COMPLETE =======
01-05 20:13:06.208 28797 28871 V RobotCore: thread: ...terminating 'opmode loop()'
01-05 20:13:06.208 28797 28797 V RobotCore: awaitTermination returned, isTerminated=true
01-05 20:13:06.208 28797 28797 V RobotCore: executive service EventLoop is terminated
01-05 20:13:06.208 28797 28797 V RobotCore: EventLoopManager state is STOPPED
01-05 20:13:07.128 28797 28797 V RCActivity: onDestroy()
01-05 20:13:50.671 29194 29194 I art     : Late-enabling -Xcheck:jni
01-05 20:13:50.721 29194 29194 I InstantRun: Instant Run Runtime started. Android package is com.qualcomm.ftcrobotcontroller, real application class is org.firstinspires.ftc.robotcore.internal.RobotApplication.
01-05 20:13:51.068 29194 29194 V RCActivity: onCreate()
01-05 20:13:51.072 29194 29208 V RobotCore: saving logcat to /storage/emulated/0/com.qualcomm.ftcrobotcontroller.logcat
01-05 20:13:51.072 29194 29208 V RobotCore: logging command line: logcat -f /storage/emulated/0/com.qualcomm.ftcrobotcontroller.logcat -r4096 -n4 -v threadtime UsbRequestJNI:S UsbRequest:S *:V
01-05 20:13:51.105 29210 29210 W ps      : type=1400 audit(0.0:64004): avc: denied { getattr } for uid=10108 path="/proc/1" dev="proc" ino=1411378 scontext=u:r:untrusted_app:s0:c512,c768 tcontext=u:r:init:s0 tclass=dir permissive=0
01-05 20:13:51.105 29210 29210 W ps      : type=1400 audit(0.0:64005): avc: denied { search } for uid=10108 name="1" dev="proc" ino=1411378 scontext=u:r:untrusted_app:s0:c512,c768 tcontext=u:r:init:s0 tclass=dir permissive=0
01-05 20:13:51.105 29210 29210 W ps      : type=1400 audit(0.0:64006): avc: denied { search } for uid=10108 name="1" dev="proc" ino=1411378 scontext=u:r:untrusted_app:s0:c512,c768 tcontext=u:r:init:s0 tclass=dir permissive=0
01-05 20:13:51.105 29210 29210 W ps      : type=1400 audit(0.0:64007): avc: denied { getattr } for uid=10108 path="/proc/2" dev="proc" ino=1411379 scontext=u:r:untrusted_app:s0:c512,c768 tcontext=u:r:kernel:s0 tclass=dir permissive=0
01-05 20:13:51.105 29210 29210 W ps      : type=1400 audit(0.0:64008): avc: denied { search } for uid=10108 name="2" dev="proc" ino=1411379 scontext=u:r:untrusted_app:s0:c512,c768 tcontext=u:r:kernel:s0 tclass=dir permissive=0
01-05 20:13:51.105 29210 29210 W ps      : type=1400 audit(0.0:64009): avc: denied { search } for uid=10108 name="2" dev="proc" ino=1411379 scontext=u:r:untrusted_app:s0:c512,c768 tcontext=u:r:kernel:s0 tclass=dir permissive=0
01-05 20:13:51.105 29210 29210 W ps      : type=1400 audit(0.0:64010): avc: denied { getattr } for uid=10108 path="/proc/3" dev="proc" ino=1411380 scontext=u:r:untrusted_app:s0:c512,c768 tcontext=u:r:kernel:s0 tclass=dir permissive=0
01-05 20:13:51.105 29210 29210 W ps      : type=1400 audit(0.0:64011): avc: denied { search } for uid=10108 name="3" dev="proc" ino=1411380 scontext=u:r:untrusted_app:s0:c512,c768 tcontext=u:r:kernel:s0 tclass=dir permissive=0
01-05 20:13:51.105 29210 29210 W ps      : type=1400 audit(0.0:64012): avc: denied { search } for uid=10108 name="3" dev="proc" ino=1411380 scontext=u:r:untrusted_app:s0:c512,c768 tcontext=u:r:kernel:s0 tclass=dir permissive=0
01-05 20:13:51.105 29210 29210 W ps      : type=1400 audit(0.0:64013): avc: denied { getattr } for uid=10108 path="/proc/5" dev="proc" ino=1411381 scontext=u:r:untrusted_app:s0:c512,c768 tcontext=u:r:kernel:s0 tclass=dir permissive=0
01-05 20:13:51.105 29210 29210 W ps      : type=1400 audit(0.0:64014): avc: denied { search } for uid=10108 name="5" dev="proc" ino=1411381 scontext=u:r:untrusted_app:s0:c512,c768 tcontext=u:r:kernel:s0 tclass=dir permissive=0
01-05 20:13:51.105 29210 29210 W ps      : type=1400 audit(0.0:64015): avc: denied { search } for uid=10108 name="5" dev="proc" ino=1411381 scontext=u:r:untrusted_app:s0:c512,c768 tcontext=u:r:kernel:s0 tclass=dir permissive=0
01-05 20:13:51.105 29210 29210 W ps      : type=1400 audit(0.0:64016): avc: denied { getattr } for uid=10108 path="/proc/6" dev="proc" ino=1411382 scontext=u:r:untrusted_app:s0:c512,c768 tcontext=u:r:kernel:s0 tclass=dir permissive=0
01-05 20:13:51.105 29210 29210 W ps      : type=1400 audit(0.0:64017): avc: denied { search } for uid=10108 name="6" dev="proc" ino=1411382 scontext=u:r:untrusted_app:s0:c512,c768 tcontext=u:r:kernel:s0 tclass=dir permissive=0
01-05 20:13:51.105 29210 29210 W ps      : type=1400 audit(0.0:64018): avc: denied { search } for uid=10108 name="6" dev="proc" ino=1411382 scontext=u:r:untrusted_app:s0:c512,c768 tcontext=u:r:kernel:s0 tclass=dir permissive=0
01-05 20:13:51.105 29210 29210 W ps      : type=1400 audit(0.0:64019): avc: denied { getattr } for uid=10108 path="/proc/7" dev="proc" ino=1411383 scontext=u:r:untrusted_app:s0:c512,c768 tcontext=u:r:kernel:s0 tclass=dir permissive=0
01-05 20:13:51.105 29210 29210 W ps      : type=1400 audit(0.0:64020): avc: denied { search } for uid=10108 name="7" dev="proc" ino=1411383 scontext=u:r:untrusted_app:s0:c512,c768 tcontext=u:r:kernel:s0 tclass=dir permissive=0
01-05 20:13:51.105 29210 29210 W ps      : type=1400 audit(0.0:64021): avc: denied { search } for uid=10108 name="7" dev="proc" ino=1411383 scontext=u:r:untrusted_app:s0:c512,c768 tcontext=u:r:kernel:s0 tclass=dir permissive=0
01-05 20:13:51.105 29210 29210 W ps      : type=1400 audit(0.0:64022): avc: denied { getattr } for uid=10108 path="/proc/8" dev="proc" ino=1411384 scontext=u:r:untrusted_app:s0:c512,c768 tcontext=u:r:kernel:s0 tclass=dir permissive=0
01-05 20:13:51.105 29210 29210 W ps      : type=1400 audit(0.0:64023): avc: denied { search } for uid=10108 name="8" dev="proc" ino=1411384 scontext=u:r:untrusted_app:s0:c512,c768 tcontext=u:r:kernel:s0 tclass=dir permissive=0
01-05 20:13:51.112 29194 29194 I WebViewFactory: Loading com.google.android.webview version 46.0.2490.76 (code 249007600)
01-05 20:13:51.139 29194 29194 W System  : ClassLoader referenced unknown path: /system/app/WebViewGoogle/lib/arm
01-05 20:13:51.160 29194 29194 I cr.library_loader: Time to load native libraries: 7 ms (timestamps 2245-2252)
01-05 20:13:51.161 29194 29194 I cr.library_loader: Expected native library version number "46.0.2490.76", actual native library version number "46.0.2490.76"
01-05 20:13:51.173 29194 29194 V WebViewChromiumFactoryProvider: Binding Chromium to main looper Looper (main, tid 1) {4ddb89d}
01-05 20:13:51.173 29194 29194 I cr.library_loader: Expected native library version number "46.0.2490.76", actual native library version number "46.0.2490.76"
01-05 20:13:51.174 29194 29194 I chromium: [INFO:library_loader_hooks.cc(118)] Chromium logging enabled: level = 0, default verbosity = 0
01-05 20:13:51.180 29194 29194 I cr.BrowserStartup: Initializing chromium process, singleProcess=true
01-05 20:13:51.186 29194 29194 E SysUtils: ApplicationContext is null in ApplicationStatus
01-05 20:13:51.197 29194 29216 W chromium: [WARNING:dns_config_service_posix.cc(298)] Failed to read DnsConfig.
01-05 20:13:51.208 29194 29194 I Adreno-EGL: <qeglDrvAPI_eglInitialize:379>: EGL 1.4 QUALCOMM build:  (Ifd751822f5)
01-05 20:13:51.208 29194 29194 I Adreno-EGL: OpenGL ES Shader Compiler Version: XE031.06.00.05
01-05 20:13:51.208 29194 29194 I Adreno-EGL: Build Date: 01/26/16 Tue
01-05 20:13:51.208 29194 29194 I Adreno-EGL: Local Branch: AU12_SBA
01-05 20:13:51.208 29194 29194 I Adreno-EGL: Remote Branch: 
01-05 20:13:51.208 29194 29194 I Adreno-EGL: Local Patches: 
01-05 20:13:51.208 29194 29194 I Adreno-EGL: Reconstruct Branch: 
01-05 20:13:51.239 29194 29194 E chromium: [ERROR:browser_gpu_channel_host_factory.cc(258)] Failed to init browser shader disk cache.
01-05 20:13:51.258 29194 29194 E libEGL  : validate_display:255 error 3008 (EGL_BAD_DISPLAY)
01-05 20:13:51.294 29194 29194 W art     : Attempt to remove non-JNI local reference, dumping thread
01-05 20:13:51.303 29194 29194 W AwContents: onDetachedFromWindow called when already detached. Ignoring
01-05 20:13:52.811 29194 29194 V RobotCore: Network: inactive, disconnected
01-05 20:13:52.818 29194 29194 V RCActivity: onStart()
01-05 20:13:52.821 29194 29194 V RCActivity: onResume()
01-05 20:13:52.826 29194 29238 D OpenGLRenderer: Use EGL_SWAP_BEHAVIOR_PRESERVED: true
01-05 20:13:52.861 29194 29194 V RCActivity: onPause()
01-05 20:13:52.862 29194 29194 V RCActivity: onResume()
01-05 20:13:52.863 29194 29194 V RCActivity: onPause()
01-05 20:13:52.864 29194 29194 V RCActivity: onResume()
01-05 20:13:52.865 29194 29194 V RCActivity: onPause()
01-05 20:13:52.865 29194 29194 V RCActivity: onResume()
01-05 20:13:52.869 29194 29194 V RCActivity: onPause()
01-05 20:13:52.869 29194 29194 V RCActivity: onResume()
01-05 20:13:52.870 29194 29194 V RCActivity: onPause()
01-05 20:13:52.870 29194 29194 V RCActivity: onResume()
01-05 20:13:52.877 29194 29194 V FTCService: onCreate()
01-05 20:13:52.877 29194 29194 V FTCService: onBind()
01-05 20:13:52.877 29194 29194 V FTCService: Android device is motorola, MotoG3
01-05 20:13:52.879 29194 29194 V RobotCore: Starting network of type: WIFIDIRECT
01-05 20:13:52.882 29194 29194 V WifiDirect: There are 1 Wifi Direct Assistant Clients (+)
01-05 20:13:52.882 29194 29194 V WifiDirect: Enabling Wifi Direct Assistant
01-05 20:13:52.921 29194 29238 I OpenGLRenderer: Initialized EGL, version 1.4
01-05 20:13:52.938 29194 29194 D WifiDirect: broadcast: state - enabled: true
01-05 20:13:52.940 29194 29194 D WifiDirect: broadcast: connection changed: connectStatus=NOT_CONNECTED networkInfo.state=CONNECTED
01-05 20:13:52.941 29194 29194 V WifiDirect: NetworkInfo: [type: WIFI_P2P[], state: CONNECTED/CONNECTED, reason: (unspecified), extra: (none), roaming: false, failover: false, isAvailable: true]
01-05 20:13:52.941 29194 29194 V WifiDirect: WifiP2pInfo: groupFormed: true isGroupOwner: true operatingChannel: 2412 groupOwnerAddress: /192.168.49.1 mccMode: false
01-05 20:13:52.941 29194 29194 V WifiDirect: WifiP2pGroup: network: DIRECT-u3-9899-E-RC, isGO: true, Operating Channel: 2412, GO: Device: , deviceAddress: 24:da:9b:6a:a2:ba, primary type: null, secondary type: null, wps: 0, grpcapab: 0, devcapab: 0, status: 4, wfdInfo: WFD enabled: falseWFD DeviceInfo: 0, WFD CtrlPort: 0, WFD MaxThroughput: 0, level: 0, Client: Device: 9899-D-DS, deviceAddress: a4:70:d6:d3:3d:55, primary type: 10-0050F204-5, secondary type: null, wps: 392, grpcapab: 0, devcapab: 37, status: 0, wfdInfo: null, level: 60, interface: p2p0, networkId: 1, mGoOperFreq: 2412
01-05 20:13:52.944 29194 29194 D WifiDirect: broadcast: this device changed
01-05 20:13:52.944 29194 29194 V WifiDirect: device information: 9899-E-RC 24:da:9b:6a:a2:ba
01-05 20:13:52.944 29194 29194 D WifiDirect: cannot create group, does group already exist?
01-05 20:13:52.944 29194 29194 V FTCService: RCActivity.controllerService=bound
01-05 20:13:52.944 29194 29194 V RobotCore: Network: unknown, disconnected
01-05 20:13:52.945 29194 29194 V RobotCore: Robot Status: stopped
01-05 20:13:52.962 29194 29194 D OpmodeRegistration: registered {DefaultOpMode} as {$Stop$Robot$}
01-05 20:13:52.962 29194 29194 V FTCService: Processing robot setup
01-05 20:13:52.964 29194 29194 V D2xx::  : Start constructor
01-05 20:13:52.966 29194 29242 V RobotCore: thread: 'RobotSetupRunnable.run()' starting...
01-05 20:13:52.966 29194 29242 V RobotCore: Robot Status: stopped, scanning for USB devices
01-05 20:13:52.967 29194 29194 V D2xx::  : End constructor
01-05 20:13:52.968 29194 29194 V D2xx::  : Vendor: 0403, Product: 6001
01-05 20:13:52.968 29194 29194 V D2xx::  : Vendor: 0403, Product: 6001
01-05 20:13:52.968 29194 29194 I FIRST   : ignoring: unable get serial number of attached UsbDevice vendor=0x0403, product=0x6001 device=0x03ec name=/dev/bus/usb/001/004
01-05 20:13:52.968 29194 29194 V D2xx::  : Vendor: 0403, Product: 6001
01-05 20:13:52.968 29194 29194 V D2xx::  : Vendor: 0403, Product: 6001
01-05 20:13:52.968 29194 29194 I FIRST   : ignoring: unable get serial number of attached UsbDevice vendor=0x0403, product=0x6001 device=0x03ed name=/dev/bus/usb/001/005
01-05 20:13:52.968 29194 29194 V D2xx::  : Vendor: 0403, Product: 6001
01-05 20:13:52.968 29194 29194 V D2xx::  : Vendor: 0403, Product: 6001
01-05 20:13:52.969 29194 29194 I FIRST   : ignoring: unable get serial number of attached UsbDevice vendor=0x0403, product=0x6001 device=0x03ee name=/dev/bus/usb/001/006
01-05 20:13:52.969 29194 29194 V D2xx::  : Vendor: 0403, Product: 6001
01-05 20:13:52.969 29194 29194 V D2xx::  : Vendor: 0403, Product: 6001
01-05 20:13:52.969 29194 29194 I FIRST   : ignoring: unable get serial number of attached UsbDevice vendor=0x0403, product=0x6001 device=0x03ef name=/dev/bus/usb/001/007
01-05 20:13:52.969 29194 29194 V D2xx::  : Vendor: 0403, Product: 6001
01-05 20:13:52.969 29194 29194 V D2xx::  : Vendor: 0403, Product: 6001
01-05 20:13:52.969 29194 29194 I FIRST   : ignoring: unable get serial number of attached UsbDevice vendor=0x0403, product=0x6001 device=0x03f0 name=/dev/bus/usb/001/008
01-05 20:13:53.029 29194 29194 D WifiDirect: group owners address: /192.168.49.1
01-05 20:13:53.029 29194 29194 D WifiDirect: group formed, this device is the group owner (GO)
01-05 20:13:53.029 29194 29194 I FTCService: Wifi Direct - connected as group owner
01-05 20:13:53.029 29194 29194 D WifiDirect: stop discovering peers
01-05 20:13:53.035 29194 29194 V RobotCore: Network: enabled, disconnected
01-05 20:13:53.064 29194 29238 V RenderScript: 0xb765cc28 Launching thread(s), CPUs 4
01-05 20:13:53.098 29194 29194 V WifiDirect: connection information available
01-05 20:13:53.098 29194 29194 V WifiDirect: connection information - groupOwnerName = 9899-E-RC
01-05 20:13:53.098 29194 29194 V WifiDirect: connection information - groupOwnerMacAddress = 24:da:9b:6a:a2:ba
01-05 20:13:53.098 29194 29194 V WifiDirect: connection information - groupInterface = p2p0
01-05 20:13:53.098 29194 29194 V WifiDirect: connection information - groupNetworkName = DIRECT-u3-9899-E-RC
01-05 20:13:53.098 29194 29194 I FTCService: Network Connection Passphrase: ZY55bu2t
01-05 20:13:53.099 29194 29194 V RobotCore: Network: active, disconnected
01-05 20:13:57.966 29194 29194 I RobotCore: Battery Checker, Level Remaining: 85.0
01-05 20:13:57.968 29194 29194 I RobotCore: Battery Checker, Level Remaining: 85.0
01-05 20:13:57.968 29194 29242 V RobotCore: EventLoopManager state is NOT_STARTED
01-05 20:13:57.969 29194 29242 V RobotCore: Robot Status: stopped, waiting on network
01-05 20:13:57.970 29194 29242 V RobotCore: Robot Status: stopped, starting robot
01-05 20:13:57.970 29194 29242 V Robocol : EventLoopManager.start()
01-05 20:13:57.971 29194 29242 V RobotCore: Starting network of type: WIFIDIRECT
01-05 20:13:57.971 29194 29242 V Robocol : Spoofing a Network Connection event...
01-05 20:13:57.972 29194 29242 V RobotCore: executive service EventLoop is terminated
01-05 20:13:57.972 29194 29242 V RobotCore: EventLoopManager state is STOPPED
01-05 20:13:57.972 29194 29242 V Robocol : eventLoop=FtcEventLoop
01-05 20:13:57.972 29194 29242 V RobotCore: EventLoopManager state is INIT
01-05 20:13:57.973 29194 29242 V RobotCore: Robot Status: initializing, starting robot
01-05 20:13:57.973 29194 29242 I FIRST   : ======= INIT START =======
01-05 20:13:57.974 29194 29251 V RobotCore: thread: 'SetupRunnable.run()' starting...
01-05 20:13:57.981 29194 29242 D OpmodeRegistration: registered {RunAMotorOrTwo} as {RunAMotorOrTwo}
01-05 20:13:57.982 29194 29242 D OpmodeRegistration: registered {ShooterControl} as {ShooterControl}
01-05 20:13:57.982 29194 29242 D OpmodeRegistration: registered {ShooterData} as {ShooterData}
01-05 20:13:57.983 29194 29242 D OpmodeRegistration: registered {WestCoastBluePID_AutoTest} as {WestCoastBluePID_AutoTest}
01-05 20:13:57.983 29194 29242 D OpmodeRegistration: registered {WestCoastRedPID_AutoTest} as {WestCoastRedPID_AutoTest}
01-05 20:13:57.984 29194 29242 D OpmodeRegistration: registered {FinalTeleOp} as {FinalTeleOp}
01-05 20:13:57.999 29194 29242 V RobotCore: Creating Modern Robotics USB Servo Controller [AL00VSDY]
01-05 20:13:58.006 29194 29242 D RobotCore: arming modern servo controller Modern Robotics USB Servo Controller [AL00VSDY]...
01-05 20:13:58.006 29194 29251 D Robocol : RobocolDatagramSocket listening addr=/192.168.49.1:20884 cbRec=65520 cbSend=163840 msRecTO=300
01-05 20:13:58.008 29194 29251 V Robocol : RecvLoopRunnable created
01-05 20:13:58.009 29194 29251 V PeerDiscovery: Starting peer discovery
01-05 20:13:58.011 29194 29242 V D2xx::  : Vendor: 0403, Product: 6001
01-05 20:13:58.011 29194 29253 V RobotCore: thread: 'RecvLoopRunnable.run()' starting...
01-05 20:13:58.013 29194 29251 V RobotCore: Setup complete
01-05 20:13:58.013 29194 29251 V RobotCore: thread: ...terminating 'SetupRunnable.run()'
01-05 20:13:58.022 29194 29242 D UsbDeviceConnectionJNI: close
01-05 20:13:58.022 29194 29242 V D2xx::  : Vendor: 0403, Product: 6001
01-05 20:13:58.031 29194 29242 D UsbDeviceConnectionJNI: close
01-05 20:13:58.031 29194 29242 V D2xx::  : Vendor: 0403, Product: 6001
01-05 20:13:58.040 29194 29242 D UsbDeviceConnectionJNI: close
01-05 20:13:58.040 29194 29242 V D2xx::  : Vendor: 0403, Product: 6001
01-05 20:13:58.049 29194 29242 D UsbDeviceConnectionJNI: close
01-05 20:13:58.049 29194 29242 V D2xx::  : Vendor: 0403, Product: 6001
01-05 20:13:58.057 29194 29242 D UsbDeviceConnectionJNI: close
01-05 20:13:58.057 29194 29242 V D2xx::  : Vendor: 0403, Product: 6001
01-05 20:13:58.066 29194 29242 D UsbDeviceConnectionJNI: close
01-05 20:13:58.067 29194 29242 D FTDI_Device::: open SUCCESS
01-05 20:13:58.067 29194 29242 I FTDI_Device::: EP: 0x81
01-05 20:13:58.067 29194 29242 I FTDI_Device::: EP: 0x02
01-05 20:13:58.067 29194 29242 D D2XX::  : **********************Device Opened**********************
01-05 20:13:58.226 29194 29253 D RobotCore: system telemetry: key=$System$None$ msg=""
01-05 20:13:58.227 29194 29253 V PeerDiscovery: new remote peer discovered: 192.168.49.134
01-05 20:13:58.228 29194 29253 D Robocol : RobocolDatagramSocket connected to /192.168.49.134:20884
01-05 20:13:58.228 29194 29253 V NetworkConnectionHandler: starting sending loop
01-05 20:13:58.228 29194 29253 V Robocol : SendOnceRunnable created
01-05 20:13:58.239 29194 29253 V RobotCore: Network: active, connected
01-05 20:13:58.259 29194 29261 D MediaPlayer: setSubtitleAnchor in MediaPlayer
01-05 20:13:58.259 29194 29194 D MediaPlayer: setSubtitleAnchor in MediaPlayer
01-05 20:13:58.269 29194 29257 V Robocol : sending CMD_REQUEST_USER_SENSOR_LIST_RESP(10), attempt: 0
01-05 20:13:58.277 29194 29253 V Robocol : received command: CMD_REQUEST_OP_MODE_LIST(10001) 
01-05 20:13:58.298 29194 29253 V Robocol : received command: CMD_REQUEST_ACTIVE_CONFIGURATION(10002) 
01-05 20:13:58.302 29194 29253 V Robocol : received command: CMD_REQUEST_USER_SENSOR_LIST_RESP(10) [{"description":"a MR compass sensor","flavor":"I2C","name":"MR Compass Sensor","xmlTag":"ModernRoboticsI2cCompassSensor"},{"description":"an Adafruit IMU","flavor":"I2C","name":"Adafruit IMU","xmlTag":"AdafruitBNO055IMU"},{"description":"a MR range sensor","flavor":"I2C","name":"MR Range Sensor","xmlTag":"ModernRoboticsI2cRangeSensor"}]
01-05 20:13:58.303 29194 29259 D ExtendedUtils: extended extractor not needed, return default
01-05 20:13:58.304 29194 29259 I MediaCodec: (0xb7646160) init name(audio/raw) isType(1) encoder(0)
01-05 20:13:58.306 29194 29266 I OMXClient: Using client-side OMX mux.
01-05 20:13:58.309 29194 29257 V Robocol : sending CMD_REQUEST_OP_MODE_LIST_RESP(14), attempt: 0
01-05 20:13:58.309 29194 29257 V Robocol : sending CMD_REQUEST_USER_SENSOR_LIST_RESP(15), attempt: 0
01-05 20:13:58.309 29194 29257 V Robocol : sending CMD_REQUEST_ACTIVE_CONFIGURATION_RESP(18), attempt: 0
01-05 20:13:58.309 29194 29266 E OMXMaster: A component of name 'OMX.qcom.audio.decoder.aac' already exists, ignoring this one.
01-05 20:13:58.311 29194 29266 I MediaCodec: (0xb7646160) Component Allocated (OMX.google.raw.decoder)
01-05 20:13:58.311 29194 29259 I MediaCodec: (0xb7646160) configure surface(0x0) crypto(0x0) flags(0)
01-05 20:13:58.311 29194 29259 D MediaCodec: (0xb7646160) configure format: AMessage(what = 0x00000000) = {
01-05 20:13:58.311 29194 29259 D MediaCodec:    string mime = "audio/raw"
01-05 20:13:58.311 29194 29259 D MediaCodec:    int64_t durationUs = 485011
01-05 20:13:58.311 29194 29259 D MediaCodec:    int32_t channel-count = 2
01-05 20:13:58.311 29194 29259 D MediaCodec:    int32_t sample-rate = 44100
01-05 20:13:58.311 29194 29259 D MediaCodec:    int32_t channel-mask = 0
01-05 20:13:58.311 29194 29259 D MediaCodec:  }
01-05 20:13:58.313 29194 29259 I MediaCodec: (0xb7646160) start
01-05 20:13:58.313 29194 29266 I MediaCodec: (0xb7646160) input buffers allocated
01-05 20:13:58.313 29194 29266 I MediaCodec: (0xb7646160) numBuffers (4)
01-05 20:13:58.313 29194 29266 I MediaCodec: (0xb7646160) output buffers allocated
01-05 20:13:58.313 29194 29266 I MediaCodec: (0xb7646160) numBuffers (4)
01-05 20:13:58.315 29194 29266 I MediaCodec: (0xb7646160) codec output format changed
01-05 20:13:58.315 29194 29266 D MediaCodec: (0xb7646160) output format: AMessage(what = 'codc', target = 2) = {
01-05 20:13:58.315 29194 29266 D MediaCodec:    string mime = "audio/raw"
01-05 20:13:58.315 29194 29266 D MediaCodec:    int32_t channel-count = 2
01-05 20:13:58.315 29194 29266 D MediaCodec:    int32_t sample-rate = 44100
01-05 20:13:58.315 29194 29266 D MediaCodec:    int32_t channel-mask = 0
01-05 20:13:58.315 29194 29266 D MediaCodec:    int32_t what = 1869968451
01-05 20:13:58.315 29194 29266 D MediaCodec:  }
01-05 20:13:58.319 29194 29259 I MediaCodec: (0xb7646160) stop
01-05 20:13:58.320 29194 29259 I MediaCodec: (0xb7646160) release
01-05 20:13:58.325 29194 29261 W AudioTrack: AUDIO_OUTPUT_FLAG_FAST denied by client; transfer 4, track 44100 Hz, output 48000 Hz
01-05 20:13:58.398 29194 29253 V Robocol : received command: CMD_REQUEST_OP_MODE_LIST_RESP(14) [{"flavor":"TELEOP","group":"Test","name":"RunAMotorOrTwo"},{"flavor":"TELEOP","group":"Test","name":"ShooterControl"},{"flavor":"TELEOP","group":"Test","name":"ShooterData"},{"flavor":"AUTONOMOUS","group":"Test","name":"WestCoastBluePID_AutoTest"},{"flavor":"AUTONOMOUS","group":"Test","name":"WestCoastRedPID_AutoTest"},{"flavor":"TELEOP","group":"Competition","name":"FinalTeleOp"}]
01-05 20:13:58.398 29194 29253 V Robocol : received command: CMD_INIT_OP_MODE(10008) $Stop$Robot$
01-05 20:13:58.399 29194 29253 V Robocol : received command: CMD_REQUEST_USER_SENSOR_LIST_RESP(15) [{"description":"a MR compass sensor","flavor":"I2C","name":"MR Compass Sensor","xmlTag":"ModernRoboticsI2cCompassSensor"},{"description":"an Adafruit IMU","flavor":"I2C","name":"Adafruit IMU","xmlTag":"AdafruitBNO055IMU"},{"description":"a MR range sensor","flavor":"I2C","name":"MR Range Sensor","xmlTag":"ModernRoboticsI2cRangeSensor"}]
01-05 20:13:58.401 29194 29253 V Robocol : received command: CMD_REQUEST_ACTIVE_CONFIGURATION_RESP(18) {"isDirty":false,"location":"LOCAL_STORAGE","name":"WestCoastTank_all+intake","resourceId":0}
01-05 20:13:58.496 29194 29242 V RobotCore: Starting up device AL00VSDY
01-05 20:13:58.504 29194 29270 V RobotCore: thread: 'r/w loop: Modern Robotics USB Servo Controller [AL00VSDY]' starting...
01-05 20:13:58.505 29194 29242 D RobotCore: ...arming modern servo controller Modern Robotics USB Servo Controller [AL00VSDY] complete
01-05 20:13:58.506 29194 29242 V RobotCore: Creating Modern Robotics USB Core Device Interface Module [AL00VFK6]
01-05 20:13:58.524 29194 29242 V D2xx::  : Vendor: 0403, Product: 6001
01-05 20:13:58.526 29194 29242 V D2xx::  : Vendor: 0403, Product: 6001
01-05 20:13:58.529 29194 29242 V D2xx::  : Vendor: 0403, Product: 6001
01-05 20:13:58.531 29194 29242 V D2xx::  : Vendor: 0403, Product: 6001
01-05 20:13:58.532 29194 29242 V D2xx::  : Vendor: 0403, Product: 6001
01-05 20:13:58.533 29194 29242 V D2xx::  : Vendor: 0403, Product: 6001
01-05 20:13:58.534 29194 29242 D FTDI_Device::: open SUCCESS
01-05 20:13:58.534 29194 29242 I FTDI_Device::: EP: 0x81
01-05 20:13:58.535 29194 29242 I FTDI_Device::: EP: 0x02
01-05 20:13:58.535 29194 29242 D D2XX::  : **********************Device Opened**********************
01-05 20:13:58.950 29194 29242 V RobotCore: Starting up device AL00VFK6
01-05 20:13:58.954 29194 29273 V RobotCore: thread: 'r/w loop: Modern Robotics USB Core Device Interface Module [AL00VFK6]' starting...
01-05 20:13:58.958 29194 29242 V RobotCore: Creating Modern Robotics I2C Gyro Sensor - Port: 3
01-05 20:13:58.968 29194 29242 V RobotCore: Creating I2C Device - Port: 4
01-05 20:13:58.969 29194 29242 V RobotCore: Creating Modern Robotics Analog Optical Distance Sensor - Port: 7
01-05 20:13:58.972 29194 29242 V RobotCore: Creating Modern Robotics USB DC Motor Controller [A104OQ1P]
01-05 20:13:58.981 29194 29242 D RobotCore: arming modern motor controller Modern Robotics USB DC Motor Controller [A104OQ1P]...
01-05 20:13:58.983 29194 29242 V D2xx::  : Vendor: 0403, Product: 6001
01-05 20:13:58.984 29194 29242 V D2xx::  : Vendor: 0403, Product: 6001
01-05 20:13:58.986 29194 29242 V D2xx::  : Vendor: 0403, Product: 6001
01-05 20:13:58.987 29194 29242 V D2xx::  : Vendor: 0403, Product: 6001
01-05 20:13:58.988 29194 29242 V D2xx::  : Vendor: 0403, Product: 6001
01-05 20:13:58.989 29194 29242 V D2xx::  : Vendor: 0403, Product: 6001
01-05 20:13:58.991 29194 29242 D FTDI_Device::: open SUCCESS
01-05 20:13:58.991 29194 29242 I FTDI_Device::: EP: 0x81
01-05 20:13:58.992 29194 29242 I FTDI_Device::: EP: 0x02
01-05 20:13:58.992 29194 29242 D D2XX::  : **********************Device Opened**********************
01-05 20:13:59.412 29194 29242 V RobotCore: Starting up device A104OQ1P
01-05 20:13:59.415 29194 29276 V RobotCore: thread: 'r/w loop: Modern Robotics USB DC Motor Controller [A104OQ1P]' starting...
01-05 20:13:59.417 29194 29242 D RobotCore: ...arming modern motor controller Modern Robotics USB DC Motor Controller [A104OQ1P] complete
01-05 20:13:59.469 29194 29242 V RobotCore: Creating Modern Robotics USB DC Motor Controller [AL00VWH0]
01-05 20:13:59.469 29194 29242 D RobotCore: arming modern motor controller Modern Robotics USB DC Motor Controller [AL00VWH0]...
01-05 20:13:59.472 29194 29242 V D2xx::  : Vendor: 0403, Product: 6001
01-05 20:13:59.475 29194 29242 V D2xx::  : Vendor: 0403, Product: 6001
01-05 20:13:59.477 29194 29242 V D2xx::  : Vendor: 0403, Product: 6001
01-05 20:13:59.481 29194 29242 V D2xx::  : Vendor: 0403, Product: 6001
01-05 20:13:59.483 29194 29242 V D2xx::  : Vendor: 0403, Product: 6001
01-05 20:13:59.488 29194 29242 V D2xx::  : Vendor: 0403, Product: 6001
01-05 20:13:59.492 29194 29242 D FTDI_Device::: open SUCCESS
01-05 20:13:59.492 29194 29242 I FTDI_Device::: EP: 0x81
01-05 20:13:59.492 29194 29242 I FTDI_Device::: EP: 0x02
01-05 20:13:59.492 29194 29242 D D2XX::  : **********************Device Opened**********************
01-05 20:13:59.910 29194 29242 V RobotCore: Starting up device AL00VWH0
01-05 20:13:59.913 29194 29279 V RobotCore: thread: 'r/w loop: Modern Robotics USB DC Motor Controller [AL00VWH0]' starting...
01-05 20:13:59.913 29194 29242 D RobotCore: ...arming modern motor controller Modern Robotics USB DC Motor Controller [AL00VWH0] complete
01-05 20:13:59.948 29194 29242 V RobotCore: Creating Modern Robotics USB DC Motor Controller [AI049QOP]
01-05 20:13:59.949 29194 29242 D RobotCore: arming modern motor controller Modern Robotics USB DC Motor Controller [AI049QOP]...
01-05 20:13:59.950 29194 29242 V D2xx::  : Vendor: 0403, Product: 6001
01-05 20:13:59.951 29194 29242 V D2xx::  : Vendor: 0403, Product: 6001
01-05 20:13:59.952 29194 29242 V D2xx::  : Vendor: 0403, Product: 6001
01-05 20:13:59.954 29194 29242 V D2xx::  : Vendor: 0403, Product: 6001
01-05 20:13:59.955 29194 29242 V D2xx::  : Vendor: 0403, Product: 6001
01-05 20:13:59.956 29194 29242 V D2xx::  : Vendor: 0403, Product: 6001
01-05 20:13:59.959 29194 29242 D FTDI_Device::: open SUCCESS
01-05 20:13:59.959 29194 29242 I FTDI_Device::: EP: 0x81
01-05 20:13:59.959 29194 29242 I FTDI_Device::: EP: 0x02
01-05 20:13:59.959 29194 29242 D D2XX::  : **********************Device Opened**********************
01-05 20:14:00.383 29194 29242 V RobotCore: Starting up device AI049QOP
01-05 20:14:00.386 29194 29283 V RobotCore: thread: 'r/w loop: Modern Robotics USB DC Motor Controller [AI049QOP]' starting...
01-05 20:14:00.386 29194 29242 D RobotCore: ...arming modern motor controller Modern Robotics USB DC Motor Controller [AI049QOP] complete
01-05 20:14:00.435 29194 29242 V RobotCore: Creating Modern Robotics USB DC Motor Controller [AL00VBIF]
01-05 20:14:00.436 29194 29242 D RobotCore: arming modern motor controller Modern Robotics USB DC Motor Controller [AL00VBIF]...
01-05 20:14:00.437 29194 29242 V D2xx::  : Vendor: 0403, Product: 6001
01-05 20:14:00.439 29194 29242 V D2xx::  : Vendor: 0403, Product: 6001
01-05 20:14:00.441 29194 29242 V D2xx::  : Vendor: 0403, Product: 6001
01-05 20:14:00.442 29194 29242 V D2xx::  : Vendor: 0403, Product: 6001
01-05 20:14:00.447 29194 29242 V D2xx::  : Vendor: 0403, Product: 6001
01-05 20:14:00.448 29194 29242 V D2xx::  : Vendor: 0403, Product: 6001
01-05 20:14:00.451 29194 29242 D FTDI_Device::: open SUCCESS
01-05 20:14:00.451 29194 29242 I FTDI_Device::: EP: 0x81
01-05 20:14:00.451 29194 29242 I FTDI_Device::: EP: 0x02
01-05 20:14:00.451 29194 29242 D D2XX::  : **********************Device Opened**********************
01-05 20:14:00.871 29194 29242 V RobotCore: Starting up device AL00VBIF
01-05 20:14:00.873 29194 29287 V RobotCore: thread: 'r/w loop: Modern Robotics USB DC Motor Controller [AL00VBIF]' starting...
01-05 20:14:00.874 29194 29242 D RobotCore: ...arming modern motor controller Modern Robotics USB DC Motor Controller [AL00VBIF] complete
01-05 20:14:00.961 29194 29242 I RobotCore: Analytics has completed initialization.
01-05 20:14:00.961 29194 29242 I RobotCore: ========= Device Information ===================================================
01-05 20:14:00.961 29194 29242 I RobotCore: Type                                               Name                           Connection
01-05 20:14:00.961 29194 29242 I RobotCore: Modern Robotics USB DC Motor Controller v2.0       Shooter                        USB AI049QOP
01-05 20:14:00.962 29194 29242 I RobotCore: I2cDevice                                          color                          USB AL00VFK6; port 4
01-05 20:14:00.962 29194 29242 I RobotCore: DC Motor                                           rightFront                     USB AL00VWH0; port 1
01-05 20:14:00.962 29194 29242 I RobotCore: Modern Robotics USB DC Motor Controller v2.0       Front Motors                   USB AL00VWH0
01-05 20:14:00.963 29194 29242 I RobotCore: Modern Robotics USB DC Motor Controller v2.0       Back Motors                    USB A104OQ1P
01-05 20:14:00.963 29194 29242 I RobotCore: DC Motor                                           leftBack                       USB A104OQ1P; port 2
01-05 20:14:00.963 29194 29242 I RobotCore: Servo                                              upDown                         USB AL00VSDY; port 1
01-05 20:14:00.963 29194 29242 I RobotCore: DC Motor                                           shooter2                       USB AI049QOP; port 2
01-05 20:14:00.963 29194 29242 I RobotCore: DC Motor                                           shooter1                       USB AI049QOP; port 1
01-05 20:14:00.963 29194 29242 I RobotCore: DC Motor                                           leftFront                      USB AL00VWH0; port 2
01-05 20:14:00.963 29194 29242 I RobotCore: DC Motor                                           rightBack                      USB A104OQ1P; port 1
01-05 20:14:00.963 29194 29242 I RobotCore: DC Motor                                           intake2                        USB AL00VBIF; port 2
01-05 20:14:00.963 29194 29242 I RobotCore: DC Motor                                           intake1                        USB AL00VBIF; port 1
01-05 20:14:00.963 29194 29242 I RobotCore: Servo                                              ballFeeder                     USB AL00VSDY; port 2
01-05 20:14:00.963 29194 29242 I RobotCore: Modern Robotics USB DC Motor Controller v2.0       Intake                         USB AL00VBIF
01-05 20:14:00.963 29194 29242 I RobotCore: Modern Robotics USB Core Device Interface Module v1.5 Sensors                        USB AL00VFK6
01-05 20:14:00.963 29194 29242 I RobotCore: Modern Robotics USB Servo Controller v1.6          Servos                         USB AL00VSDY
01-05 20:14:00.963 29194 29242 I RobotCore: Modern Robotics Gyro                               gyro                           USB AL00VFK6; I2C port: 3
