01-15 23:40:52.801 14882 15113 D RobotCore: ...disarming modern motor controller Modern Robotics USB DC Motor Controller [A104OQ1P] complete
01-15 23:40:52.801 14882 15113 D RobotCore: disarming modern servo controller "Modern Robotics USB Servo Controller [AL00VST0]"...
01-15 23:40:52.802 14882 15101 V RobotCore: thread: ...terminating 'r/w loop: Modern Robotics USB Servo Controller [AL00VST0]'
01-15 23:40:52.802 14882 15113 V RobotCore: waiting for service ReadWriteRunnable for Modern Robotics USB Device
01-15 23:40:52.803 14882 15113 V RobotCore: awaitTermination returned, isTerminated=true
01-15 23:40:52.803 14882 15113 V RobotCore: executive service ReadWriteRunnable for Modern Robotics USB Device is terminated
01-15 23:40:52.803 14882 15113 D RobotCore: ...disarming modern servo controller Modern Robotics USB Servo Controller [AL00VST0] complete
01-15 23:40:52.806 14882 15113 V RobotCore: waiting for service ReadWriteRunnable for Modern Robotics USB Device
01-15 23:40:52.806 14882 15104 V RobotCore: thread: ...terminating 'r/w loop: Modern Robotics USB Core Device Interface Module [AI02RHDJ]'
01-15 23:40:52.806 14882 15113 V RobotCore: awaitTermination returned, isTerminated=true
01-15 23:40:52.806 14882 15113 V RobotCore: executive service ReadWriteRunnable for Modern Robotics USB Device is terminated
01-15 23:40:52.807 14882 15113 I FIRST   : ======= TEARDOWN COMPLETE =======
01-15 23:40:52.807 14882 15113 V RobotCore: thread: ...terminating 'opmode loop()'
01-15 23:40:52.807 14882 14882 V RobotCore: awaitTermination returned, isTerminated=true
01-15 23:40:52.807 14882 14882 V RobotCore: executive service EventLoop is terminated
01-15 23:40:52.807 14882 14882 V RobotCore: EventLoopManager state is STOPPED
01-15 23:41:19.316 15413 15413 I art     : Late-enabling -Xcheck:jni
01-15 23:41:19.377 15413 15413 I InstantRun: Instant Run Runtime started. Android package is com.qualcomm.ftcrobotcontroller, real application class is org.firstinspires.ftc.robotcore.internal.RobotApplication.
01-15 23:41:19.762 15413 15413 V RCActivity: onCreate()
01-15 23:41:19.773 15413 15428 V RobotCore: saving logcat to /storage/emulated/0/com.qualcomm.ftcrobotcontroller.logcat
01-15 23:41:19.773 15413 15428 V RobotCore: logging command line: logcat -f /storage/emulated/0/com.qualcomm.ftcrobotcontroller.logcat -r4096 -n4 -v threadtime UsbRequestJNI:S UsbRequest:S *:V
01-15 23:41:19.800 15413 15413 I WebViewFactory: Loading com.google.android.webview version 46.0.2490.76 (code 249007600)
01-15 23:41:19.802 15430 15430 W ps      : type=1400 audit(0.0:54914): avc: denied { getattr } for uid=10109 path="/proc/1" dev="proc" ino=483348 scontext=u:r:untrusted_app:s0:c512,c768 tcontext=u:r:init:s0 tclass=dir permissive=0
01-15 23:41:19.802 15430 15430 W ps      : type=1400 audit(0.0:54915): avc: denied { search } for uid=10109 name="1" dev="proc" ino=483348 scontext=u:r:untrusted_app:s0:c512,c768 tcontext=u:r:init:s0 tclass=dir permissive=0
01-15 23:41:19.802 15430 15430 W ps      : type=1400 audit(0.0:54916): avc: denied { search } for uid=10109 name="1" dev="proc" ino=483348 scontext=u:r:untrusted_app:s0:c512,c768 tcontext=u:r:init:s0 tclass=dir permissive=0
01-15 23:41:19.802 15430 15430 W ps      : type=1400 audit(0.0:54917): avc: denied { getattr } for uid=10109 path="/proc/2" dev="proc" ino=480609 scontext=u:r:untrusted_app:s0:c512,c768 tcontext=u:r:kernel:s0 tclass=dir permissive=0
01-15 23:41:19.802 15430 15430 W ps      : type=1400 audit(0.0:54918): avc: denied { search } for uid=10109 name="2" dev="proc" ino=480609 scontext=u:r:untrusted_app:s0:c512,c768 tcontext=u:r:kernel:s0 tclass=dir permissive=0
01-15 23:41:19.802 15430 15430 W ps      : type=1400 audit(0.0:54919): avc: denied { search } for uid=10109 name="2" dev="proc" ino=480609 scontext=u:r:untrusted_app:s0:c512,c768 tcontext=u:r:kernel:s0 tclass=dir permissive=0
01-15 23:41:19.802 15430 15430 W ps      : type=1400 audit(0.0:54920): avc: denied { getattr } for uid=10109 path="/proc/3" dev="proc" ino=480610 scontext=u:r:untrusted_app:s0:c512,c768 tcontext=u:r:kernel:s0 tclass=dir permissive=0
01-15 23:41:19.802 15430 15430 W ps      : type=1400 audit(0.0:54921): avc: denied { search } for uid=10109 name="3" dev="proc" ino=480610 scontext=u:r:untrusted_app:s0:c512,c768 tcontext=u:r:kernel:s0 tclass=dir permissive=0
01-15 23:41:19.802 15430 15430 W ps      : type=1400 audit(0.0:54922): avc: denied { search } for uid=10109 name="3" dev="proc" ino=480610 scontext=u:r:untrusted_app:s0:c512,c768 tcontext=u:r:kernel:s0 tclass=dir permissive=0
01-15 23:41:19.802 15430 15430 W ps      : type=1400 audit(0.0:54923): avc: denied { getattr } for uid=10109 path="/proc/5" dev="proc" ino=480611 scontext=u:r:untrusted_app:s0:c512,c768 tcontext=u:r:kernel:s0 tclass=dir permissive=0
01-15 23:41:19.802 15430 15430 W ps      : type=1400 audit(0.0:54924): avc: denied { search } for uid=10109 name="5" dev="proc" ino=480611 scontext=u:r:untrusted_app:s0:c512,c768 tcontext=u:r:kernel:s0 tclass=dir permissive=0
01-15 23:41:19.802 15430 15430 W ps      : type=1400 audit(0.0:54925): avc: denied { search } for uid=10109 name="5" dev="proc" ino=480611 scontext=u:r:untrusted_app:s0:c512,c768 tcontext=u:r:kernel:s0 tclass=dir permissive=0
01-15 23:41:19.802 15430 15430 W ps      : type=1400 audit(0.0:54926): avc: denied { getattr } for uid=10109 path="/proc/6" dev="proc" ino=480612 scontext=u:r:untrusted_app:s0:c512,c768 tcontext=u:r:kernel:s0 tclass=dir permissive=0
01-15 23:41:19.802 15430 15430 W ps      : type=1400 audit(0.0:54927): avc: denied { search } for uid=10109 name="6" dev="proc" ino=480612 scontext=u:r:untrusted_app:s0:c512,c768 tcontext=u:r:kernel:s0 tclass=dir permissive=0
01-15 23:41:19.802 15430 15430 W ps      : type=1400 audit(0.0:54928): avc: denied { search } for uid=10109 name="6" dev="proc" ino=480612 scontext=u:r:untrusted_app:s0:c512,c768 tcontext=u:r:kernel:s0 tclass=dir permissive=0
01-15 23:41:19.802 15430 15430 W ps      : type=1400 audit(0.0:54929): avc: denied { getattr } for uid=10109 path="/proc/7" dev="proc" ino=480613 scontext=u:r:untrusted_app:s0:c512,c768 tcontext=u:r:kernel:s0 tclass=dir permissive=0
01-15 23:41:19.802 15430 15430 W ps      : type=1400 audit(0.0:54930): avc: denied { search } for uid=10109 name="7" dev="proc" ino=480613 scontext=u:r:untrusted_app:s0:c512,c768 tcontext=u:r:kernel:s0 tclass=dir permissive=0
01-15 23:41:19.802 15430 15430 W ps      : type=1400 audit(0.0:54931): avc: denied { search } for uid=10109 name="7" dev="proc" ino=480613 scontext=u:r:untrusted_app:s0:c512,c768 tcontext=u:r:kernel:s0 tclass=dir permissive=0
01-15 23:41:19.802 15430 15430 W ps      : type=1400 audit(0.0:54932): avc: denied { getattr } for uid=10109 path="/proc/8" dev="proc" ino=480614 scontext=u:r:untrusted_app:s0:c512,c768 tcontext=u:r:kernel:s0 tclass=dir permissive=0
01-15 23:41:19.812 15430 15430 W ps      : type=1400 audit(0.0:54933): avc: denied { search } for uid=10109 name="8" dev="proc" ino=480614 scontext=u:r:untrusted_app:s0:c512,c768 tcontext=u:r:kernel:s0 tclass=dir permissive=0
01-15 23:41:19.828 15413 15413 W System  : ClassLoader referenced unknown path: /system/app/WebViewGoogle/lib/arm
01-15 23:41:19.836 15413 15413 I cr.library_loader: Time to load native libraries: 3 ms (timestamps 4477-4480)
01-15 23:41:19.836 15413 15413 I cr.library_loader: Expected native library version number "46.0.2490.76", actual native library version number "46.0.2490.76"
01-15 23:41:19.865 15413 15413 V WebViewChromiumFactoryProvider: Binding Chromium to main looper Looper (main, tid 1) {ae33fa1}
01-15 23:41:19.865 15413 15413 I cr.library_loader: Expected native library version number "46.0.2490.76", actual native library version number "46.0.2490.76"
01-15 23:41:19.866 15413 15413 I chromium: [INFO:library_loader_hooks.cc(118)] Chromium logging enabled: level = 0, default verbosity = 0
01-15 23:41:19.875 15413 15413 I cr.BrowserStartup: Initializing chromium process, singleProcess=true
01-15 23:41:19.889 15413 15413 E SysUtils: ApplicationContext is null in ApplicationStatus
01-15 23:41:19.912 15413 15413 I Adreno-EGL: <qeglDrvAPI_eglInitialize:379>: EGL 1.4 QUALCOMM build:  (Ifd751822f5)
01-15 23:41:19.912 15413 15413 I Adreno-EGL: OpenGL ES Shader Compiler Version: XE031.06.00.05
01-15 23:41:19.912 15413 15413 I Adreno-EGL: Build Date: 01/26/16 Tue
01-15 23:41:19.912 15413 15413 I Adreno-EGL: Local Branch: AU12_SBA
01-15 23:41:19.912 15413 15413 I Adreno-EGL: Remote Branch: 
01-15 23:41:19.912 15413 15413 I Adreno-EGL: Local Patches: 
01-15 23:41:19.912 15413 15413 I Adreno-EGL: Reconstruct Branch: 
01-15 23:41:19.939 15413 15413 E chromium: [ERROR:browser_gpu_channel_host_factory.cc(258)] Failed to init browser shader disk cache.
01-15 23:41:19.960 15413 15413 E libEGL  : validate_display:255 error 3008 (EGL_BAD_DISPLAY)
01-15 23:41:19.999 15413 15413 W art     : Attempt to remove non-JNI local reference, dumping thread
01-15 23:41:20.007 15413 15413 W AwContents: onDetachedFromWindow called when already detached. Ignoring
01-15 23:41:21.526 15413 15413 V RobotCore: Network: inactive, disconnected
01-15 23:41:21.533 15413 15413 V RCActivity: onStart()
01-15 23:41:21.536 15413 15413 V RCActivity: onResume()
01-15 23:41:21.541 15413 15458 D OpenGLRenderer: Use EGL_SWAP_BEHAVIOR_PRESERVED: true
01-15 23:41:21.565 15413 15413 V RCActivity: onPause()
01-15 23:41:21.566 15413 15413 V RCActivity: onResume()
01-15 23:41:21.567 15413 15413 V RCActivity: onPause()
01-15 23:41:21.567 15413 15413 V RCActivity: onResume()
01-15 23:41:21.568 15413 15413 V RCActivity: onPause()
01-15 23:41:21.568 15413 15413 V RCActivity: onResume()
01-15 23:41:21.571 15413 15413 V RCActivity: onPause()
01-15 23:41:21.571 15413 15413 V RCActivity: onResume()
01-15 23:41:21.573 15413 15413 V RCActivity: onPause()
01-15 23:41:21.573 15413 15413 V RCActivity: onResume()
01-15 23:41:21.577 15413 15413 V FTCService: onCreate()
01-15 23:41:21.577 15413 15413 V FTCService: onBind()
01-15 23:41:21.577 15413 15413 V FTCService: Android device is motorola, MotoG3
01-15 23:41:21.578 15413 15413 V RobotCore: Starting network of type: WIFIDIRECT
01-15 23:41:21.581 15413 15413 V WifiDirect: There are 1 Wifi Direct Assistant Clients (+)
01-15 23:41:21.581 15413 15413 V WifiDirect: Enabling Wifi Direct Assistant
01-15 23:41:21.609 15413 15458 I OpenGLRenderer: Initialized EGL, version 1.4
01-15 23:41:21.625 15413 15413 D WifiDirect: broadcast: state - enabled: true
01-15 23:41:21.628 15413 15413 D WifiDirect: broadcast: connection changed: connectStatus=NOT_CONNECTED networkInfo.state=CONNECTED
01-15 23:41:21.628 15413 15413 V WifiDirect: NetworkInfo: [type: WIFI_P2P[], state: CONNECTED/CONNECTED, reason: (unspecified), extra: (none), roaming: false, failover: false, isAvailable: true]
01-15 23:41:21.628 15413 15413 V WifiDirect: WifiP2pInfo: groupFormed: true isGroupOwner: true operatingChannel: 2447 groupOwnerAddress: /192.168.49.1 mccMode: false
01-15 23:41:21.628 15413 15413 V WifiDirect: WifiP2pGroup: network: DIRECT-u3-9899-E-RC, isGO: true, Operating Channel: 2447, GO: Device: , deviceAddress: 24:da:9b:6a:a2:ba, primary type: null, secondary type: null, wps: 0, grpcapab: 0, devcapab: 0, status: 4, wfdInfo: WFD enabled: falseWFD DeviceInfo: 0, WFD CtrlPort: 0, WFD MaxThroughput: 0, level: 0, Client: Device: 9899-E-DS, deviceAddress: a4:70:d6:d3:3d:55, primary type: 10-0050F204-5, secondary type: null, wps: 392, grpcapab: 0, devcapab: 37, status: 0, wfdInfo: null, level: 60, interface: p2p0, networkId: 1, mGoOperFreq: 2447
01-15 23:41:21.631 15413 15413 D WifiDirect: broadcast: this device changed
01-15 23:41:21.631 15413 15413 V WifiDirect: device information: 9899-E-RC 24:da:9b:6a:a2:ba
01-15 23:41:21.631 15413 15413 D WifiDirect: cannot create group, does group already exist?
01-15 23:41:21.631 15413 15413 V FTCService: RCActivity.controllerService=bound
01-15 23:41:21.631 15413 15413 V RobotCore: Network: unknown, disconnected
01-15 23:41:21.632 15413 15413 V RobotCore: Robot Status: stopped
01-15 23:41:21.650 15413 15413 D OpmodeRegistration: registered {DefaultOpMode} as {$Stop$Robot$}
01-15 23:41:21.651 15413 15413 V FTCService: Processing robot setup
01-15 23:41:21.652 15413 15413 V D2xx::  : Start constructor
01-15 23:41:21.655 15413 15413 V D2xx::  : End constructor
01-15 23:41:21.656 15413 15413 V D2xx::  : Vendor: 0403, Product: 6001
01-15 23:41:21.656 15413 15413 V D2xx::  : Vendor: 0403, Product: 6001
01-15 23:41:21.657 15413 15413 I FIRST   : ignoring: unable get serial number of attached UsbDevice vendor=0x0403, product=0x6001 device=0x03ec name=/dev/bus/usb/001/004
01-15 23:41:21.657 15413 15413 V D2xx::  : Vendor: 0403, Product: 6001
01-15 23:41:21.657 15413 15462 V RobotCore: thread: 'RobotSetupRunnable.run()' starting...
01-15 23:41:21.657 15413 15413 V D2xx::  : Vendor: 0403, Product: 6001
01-15 23:41:21.657 15413 15413 I FIRST   : ignoring: unable get serial number of attached UsbDevice vendor=0x0403, product=0x6001 device=0x03ed name=/dev/bus/usb/001/005
01-15 23:41:21.657 15413 15413 V D2xx::  : Vendor: 0403, Product: 6001
01-15 23:41:21.657 15413 15413 V D2xx::  : Vendor: 0403, Product: 6001
01-15 23:41:21.657 15413 15413 I FIRST   : ignoring: unable get serial number of attached UsbDevice vendor=0x0403, product=0x6001 device=0x03ee name=/dev/bus/usb/001/006
01-15 23:41:21.657 15413 15413 V D2xx::  : Vendor: 0403, Product: 6001
01-15 23:41:21.657 15413 15462 V RobotCore: Robot Status: stopped, scanning for USB devices
01-15 23:41:21.657 15413 15413 V D2xx::  : Vendor: 0403, Product: 6001
01-15 23:41:21.657 15413 15413 I FIRST   : ignoring: unable get serial number of attached UsbDevice vendor=0x0403, product=0x6001 device=0x03ef name=/dev/bus/usb/001/007
01-15 23:41:21.657 15413 15413 V D2xx::  : Vendor: 0403, Product: 6001
01-15 23:41:21.657 15413 15413 V D2xx::  : Vendor: 0403, Product: 6001
01-15 23:41:21.658 15413 15413 I FIRST   : ignoring: unable get serial number of attached UsbDevice vendor=0x0403, product=0x6001 device=0x03f0 name=/dev/bus/usb/001/008
01-15 23:41:21.694 15413 15413 D WifiDirect: group owners address: /192.168.49.1
01-15 23:41:21.694 15413 15413 D WifiDirect: group formed, this device is the group owner (GO)
01-15 23:41:21.694 15413 15413 I FTCService: Wifi Direct - connected as group owner
01-15 23:41:21.694 15413 15413 D WifiDirect: stop discovering peers
01-15 23:41:21.699 15413 15413 V RobotCore: Network: enabled, disconnected
01-15 23:41:21.722 15413 15413 V WifiDirect: connection information available
01-15 23:41:21.722 15413 15413 V WifiDirect: connection information - groupOwnerName = 9899-E-RC
01-15 23:41:21.722 15413 15413 V WifiDirect: connection information - groupOwnerMacAddress = 24:da:9b:6a:a2:ba
01-15 23:41:21.722 15413 15413 V WifiDirect: connection information - groupInterface = p2p0
01-15 23:41:21.722 15413 15413 V WifiDirect: connection information - groupNetworkName = DIRECT-u3-9899-E-RC
01-15 23:41:21.722 15413 15413 I FTCService: Network Connection Passphrase: ZY55bu2t
01-15 23:41:21.723 15413 15413 V RobotCore: Network: active, disconnected
01-15 23:41:26.658 15413 15413 I RobotCore: Battery Checker, Level Remaining: 100.0
01-15 23:41:26.658 15413 15462 V RobotCore: EventLoopManager state is NOT_STARTED
01-15 23:41:26.659 15413 15462 V RobotCore: Robot Status: stopped, waiting on network
01-15 23:41:26.659 15413 15462 V RobotCore: Robot Status: stopped, starting robot
01-15 23:41:26.659 15413 15462 V Robocol : EventLoopManager.start()
01-15 23:41:26.659 15413 15413 I RobotCore: Battery Checker, Level Remaining: 100.0
01-15 23:41:26.659 15413 15462 V RobotCore: Starting network of type: WIFIDIRECT
01-15 23:41:26.659 15413 15462 V Robocol : Spoofing a Network Connection event...
01-15 23:41:26.661 15413 15462 V RobotCore: executive service EventLoop is terminated
01-15 23:41:26.661 15413 15462 V RobotCore: EventLoopManager state is STOPPED
01-15 23:41:26.661 15413 15462 V Robocol : eventLoop=FtcEventLoop
01-15 23:41:26.661 15413 15462 V RobotCore: EventLoopManager state is INIT
01-15 23:41:26.661 15413 15462 V RobotCore: Robot Status: initializing, starting robot
01-15 23:41:26.661 15413 15462 I FIRST   : ======= INIT START =======
01-15 23:41:26.662 15413 15465 V RobotCore: thread: 'SetupRunnable.run()' starting...
01-15 23:41:26.667 15413 15462 D OpmodeRegistration: registered {ShooterControl} as {ShooterControl}
01-15 23:41:26.668 15413 15462 D OpmodeRegistration: registered {ShooterData} as {TestWithData}
01-15 23:41:26.669 15413 15462 D OpmodeRegistration: registered {TestOpMode} as {Test}
01-15 23:41:26.669 15413 15462 D OpmodeRegistration: registered {BlueAuto} as {BlueAuto}
01-15 23:41:26.670 15413 15462 D OpmodeRegistration: registered {FinalTeleOp} as {FinalTeleOp}
01-15 23:41:26.670 15413 15462 D OpmodeRegistration: registered {RedAuto} as {RedAuto}
01-15 23:41:26.696 15413 15462 V RobotCore: Creating Modern Robotics USB Servo Controller [AL00VST0]
01-15 23:41:26.701 15413 15465 D Robocol : RobocolDatagramSocket listening addr=/192.168.49.1:20884 cbRec=65520 cbSend=163840 msRecTO=300
01-15 23:41:26.702 15413 15465 V Robocol : RecvLoopRunnable created
01-15 23:41:26.705 15413 15465 V PeerDiscovery: Starting peer discovery
01-15 23:41:26.706 15413 15462 D RobotCore: arming modern servo controller Modern Robotics USB Servo Controller [AL00VST0]...
01-15 23:41:26.706 15413 15465 V RobotCore: Setup complete
01-15 23:41:26.706 15413 15465 V RobotCore: thread: ...terminating 'SetupRunnable.run()'
01-15 23:41:26.709 15413 15467 V RobotCore: thread: 'RecvLoopRunnable.run()' starting...
01-15 23:41:26.710 15413 15462 V D2xx::  : Vendor: 0403, Product: 6001
01-15 23:41:26.720 15413 15462 D UsbDeviceConnectionJNI: close
01-15 23:41:26.720 15413 15462 V D2xx::  : Vendor: 0403, Product: 6001
01-15 23:41:26.729 15413 15462 D UsbDeviceConnectionJNI: close
01-15 23:41:26.729 15413 15462 V D2xx::  : Vendor: 0403, Product: 6001
01-15 23:41:26.740 15413 15462 D UsbDeviceConnectionJNI: close
01-15 23:41:26.741 15413 15462 V D2xx::  : Vendor: 0403, Product: 6001
01-15 23:41:26.749 15413 15462 D UsbDeviceConnectionJNI: close
01-15 23:41:26.749 15413 15462 V D2xx::  : Vendor: 0403, Product: 6001
01-15 23:41:26.758 15413 15462 D UsbDeviceConnectionJNI: close
01-15 23:41:26.759 15413 15462 V D2xx::  : Vendor: 0403, Product: 6001
01-15 23:41:26.768 15413 15462 D UsbDeviceConnectionJNI: close
01-15 23:41:26.770 15413 15462 D FTDI_Device::: open SUCCESS
01-15 23:41:26.770 15413 15462 I FTDI_Device::: EP: 0x81
01-15 23:41:26.770 15413 15462 I FTDI_Device::: EP: 0x02
01-15 23:41:26.770 15413 15462 D D2XX::  : **********************Device Opened**********************
01-15 23:41:26.775 15413 15467 D RobotCore: system telemetry: key=$System$None$ msg=""
01-15 23:41:26.776 15413 15467 V PeerDiscovery: new remote peer discovered: 192.168.49.134
01-15 23:41:26.776 15413 15467 D Robocol : RobocolDatagramSocket connected to /192.168.49.134:20884
01-15 23:41:26.777 15413 15467 V NetworkConnectionHandler: starting sending loop
01-15 23:41:26.777 15413 15467 V Robocol : SendOnceRunnable created
01-15 23:41:26.795 15413 15467 V RobotCore: Network: active, connected
01-15 23:41:26.820 15413 15413 D MediaPlayer: setSubtitleAnchor in MediaPlayer
01-15 23:41:26.820 15413 15475 D MediaPlayer: setSubtitleAnchor in MediaPlayer
01-15 23:41:26.832 15413 15467 V Robocol : received command: CMD_REQUEST_OP_MODE_LIST(10005) 
01-15 23:41:26.832 15413 15467 V Robocol : received command: CMD_REQUEST_ACTIVE_CONFIGURATION(10006) 
01-15 23:41:26.855 15413 15473 D ExtendedUtils: extended extractor not needed, return default
01-15 23:41:26.856 15413 15473 I MediaCodec: (0xb7df6178) init name(audio/raw) isType(1) encoder(0)
01-15 23:41:26.858 15413 15469 V Robocol : sending CMD_REQUEST_USER_SENSOR_LIST_RESP(10), attempt: 0
01-15 23:41:26.858 15413 15469 V Robocol : sending CMD_REQUEST_OP_MODE_LIST_RESP(15), attempt: 0
01-15 23:41:26.859 15413 15469 V Robocol : sending CMD_REQUEST_USER_SENSOR_LIST_RESP(16), attempt: 0
01-15 23:41:26.859 15413 15469 V Robocol : sending CMD_REQUEST_ACTIVE_CONFIGURATION_RESP(18), attempt: 0
01-15 23:41:26.859 15413 15479 I OMXClient: Using client-side OMX mux.
01-15 23:41:26.862 15413 15479 E OMXMaster: A component of name 'OMX.qcom.audio.decoder.aac' already exists, ignoring this one.
01-15 23:41:26.863 15413 15479 I MediaCodec: (0xb7df6178) Component Allocated (OMX.google.raw.decoder)
01-15 23:41:26.863 15413 15473 I MediaCodec: (0xb7df6178) configure surface(0x0) crypto(0x0) flags(0)
01-15 23:41:26.863 15413 15473 D MediaCodec: (0xb7df6178) configure format: AMessage(what = 0x00000000) = {
01-15 23:41:26.863 15413 15473 D MediaCodec:    string mime = "audio/raw"
01-15 23:41:26.863 15413 15473 D MediaCodec:    int64_t durationUs = 485011
01-15 23:41:26.863 15413 15473 D MediaCodec:    int32_t channel-count = 2
01-15 23:41:26.863 15413 15473 D MediaCodec:    int32_t sample-rate = 44100
01-15 23:41:26.863 15413 15473 D MediaCodec:    int32_t channel-mask = 0
01-15 23:41:26.863 15413 15473 D MediaCodec:  }
01-15 23:41:26.865 15413 15473 I MediaCodec: (0xb7df6178) start
01-15 23:41:26.866 15413 15479 I MediaCodec: (0xb7df6178) input buffers allocated
01-15 23:41:26.866 15413 15479 I MediaCodec: (0xb7df6178) numBuffers (4)
01-15 23:41:26.866 15413 15479 I MediaCodec: (0xb7df6178) output buffers allocated
01-15 23:41:26.866 15413 15479 I MediaCodec: (0xb7df6178) numBuffers (4)
01-15 23:41:26.867 15413 15479 I MediaCodec: (0xb7df6178) codec output format changed
01-15 23:41:26.868 15413 15479 D MediaCodec: (0xb7df6178) output format: AMessage(what = 'codc', target = 2) = {
01-15 23:41:26.868 15413 15479 D MediaCodec:    string mime = "audio/raw"
01-15 23:41:26.868 15413 15479 D MediaCodec:    int32_t channel-count = 2
01-15 23:41:26.868 15413 15479 D MediaCodec:    int32_t sample-rate = 44100
01-15 23:41:26.868 15413 15479 D MediaCodec:    int32_t channel-mask = 0
01-15 23:41:26.868 15413 15479 D MediaCodec:    int32_t what = 1869968451
01-15 23:41:26.868 15413 15479 D MediaCodec:  }
01-15 23:41:26.869 15413 15467 V Robocol : received command: CMD_REQUEST_USER_SENSOR_LIST_RESP(10) [{"description":"a MR compass sensor","flavor":"I2C","name":"MR Compass Sensor","xmlTag":"ModernRoboticsI2cCompassSensor"},{"description":"an Adafruit IMU","flavor":"I2C","name":"Adafruit IMU","xmlTag":"AdafruitBNO055IMU"},{"description":"a MR range sensor","flavor":"I2C","name":"MR Range Sensor","xmlTag":"ModernRoboticsI2cRangeSensor"}]
01-15 23:41:26.869 15413 15467 V Robocol : received command: CMD_REQUEST_OP_MODE_LIST_RESP(15) [{"flavor":"TELEOP","group":"Test","name":"ShooterControl"},{"flavor":"AUTONOMOUS","group":"Test","name":"TestWithData"},{"flavor":"AUTONOMOUS","group":"Test","name":"Test"},{"flavor":"AUTONOMOUS","group":"Competition","name":"BlueAuto"},{"flavor":"TELEOP","group":"Competition","name":"FinalTeleOp"},{"flavor":"AUTONOMOUS","group":"Competition","name":"RedAuto"}]
01-15 23:41:26.869 15413 15467 V Robocol : received command: CMD_REQUEST_USER_SENSOR_LIST_RESP(16) [{"description":"a MR compass sensor","flavor":"I2C","name":"MR Compass Sensor","xmlTag":"ModernRoboticsI2cCompassSensor"},{"description":"an Adafruit IMU","flavor":"I2C","name":"Adafruit IMU","xmlTag":"AdafruitBNO055IMU"},{"description":"a MR range sensor","flavor":"I2C","name":"MR Range Sensor","xmlTag":"ModernRoboticsI2cRangeSensor"}]
01-15 23:41:26.873 15413 15473 I MediaCodec: (0xb7df6178) stop
01-15 23:41:26.875 15413 15473 I MediaCodec: (0xb7df6178) release
01-15 23:41:26.879 15413 15475 W AudioTrack: AUDIO_OUTPUT_FLAG_FAST denied by client; transfer 4, track 44100 Hz, output 48000 Hz
01-15 23:41:26.908 15413 15467 V Robocol : received command: CMD_REQUEST_ACTIVE_CONFIGURATION_RESP(18) {"isDirty":false,"location":"LOCAL_STORAGE","name":"FINAL_CONFIG_2017","resourceId":0}
01-15 23:41:26.909 15413 15467 V Robocol : received command: CMD_INIT_OP_MODE(10015) $Stop$Robot$
01-15 23:41:27.212 15413 15462 V RobotCore: Starting up device AL00VST0
01-15 23:41:27.222 15413 15483 V RobotCore: thread: 'r/w loop: Modern Robotics USB Servo Controller [AL00VST0]' starting...
01-15 23:41:27.222 15413 15462 D RobotCore: ...arming modern servo controller Modern Robotics USB Servo Controller [AL00VST0] complete
01-15 23:41:27.223 15413 15462 V RobotCore: Creating Modern Robotics USB Core Device Interface Module [AI02RHDJ]
01-15 23:41:27.233 15413 15462 V D2xx::  : Vendor: 0403, Product: 6001
01-15 23:41:27.235 15413 15462 V D2xx::  : Vendor: 0403, Product: 6001
01-15 23:41:27.237 15413 15462 V D2xx::  : Vendor: 0403, Product: 6001
01-15 23:41:27.238 15413 15462 V D2xx::  : Vendor: 0403, Product: 6001
01-15 23:41:27.239 15413 15462 V D2xx::  : Vendor: 0403, Product: 6001
01-15 23:41:27.240 15413 15462 V D2xx::  : Vendor: 0403, Product: 6001
01-15 23:41:27.242 15413 15462 D FTDI_Device::: open SUCCESS
01-15 23:41:27.242 15413 15462 I FTDI_Device::: EP: 0x81
01-15 23:41:27.242 15413 15462 I FTDI_Device::: EP: 0x02
01-15 23:41:27.242 15413 15462 D D2XX::  : **********************Device Opened**********************
01-15 23:41:27.366 15413 15467 D Robocol : no packet received: SocketTimeoutException
01-15 23:41:27.660 15413 15462 V RobotCore: Starting up device AI02RHDJ
01-15 23:41:27.664 15413 15486 V RobotCore: thread: 'r/w loop: Modern Robotics USB Core Device Interface Module [AI02RHDJ]' starting...
01-15 23:41:27.666 15413 15462 V RobotCore: Creating I2C Device - Port: 2
01-15 23:41:27.667 15413 15462 V RobotCore: Creating Modern Robotics I2C Gyro Sensor - Port: 3
01-15 23:41:27.675 15413 15462 V RobotCore: Creating I2C Device - Port: 4
01-15 23:41:27.676 15413 15462 V RobotCore: Creating Modern Robotics Analog Optical Distance Sensor - Port: 7
01-15 23:41:27.677 15413 15462 V RobotCore: Creating Modern Robotics USB DC Motor Controller [A104OQ1P]
01-15 23:41:27.687 15413 15462 D RobotCore: arming modern motor controller Modern Robotics USB DC Motor Controller [A104OQ1P]...
01-15 23:41:27.689 15413 15462 V D2xx::  : Vendor: 0403, Product: 6001
01-15 23:41:27.691 15413 15462 V D2xx::  : Vendor: 0403, Product: 6001
01-15 23:41:27.692 15413 15462 V D2xx::  : Vendor: 0403, Product: 6001
01-15 23:41:27.694 15413 15462 V D2xx::  : Vendor: 0403, Product: 6001
01-15 23:41:27.695 15413 15462 V D2xx::  : Vendor: 0403, Product: 6001
01-15 23:41:27.697 15413 15462 V D2xx::  : Vendor: 0403, Product: 6001
01-15 23:41:27.699 15413 15462 D FTDI_Device::: open SUCCESS
01-15 23:41:27.699 15413 15462 I FTDI_Device::: EP: 0x81
01-15 23:41:27.699 15413 15462 I FTDI_Device::: EP: 0x02
01-15 23:41:27.699 15413 15462 D D2XX::  : **********************Device Opened**********************
01-15 23:41:28.117 15413 15462 V RobotCore: Starting up device A104OQ1P
01-15 23:41:28.119 15413 15489 V RobotCore: thread: 'r/w loop: Modern Robotics USB DC Motor Controller [A104OQ1P]' starting...
01-15 23:41:28.119 15413 15462 D RobotCore: ...arming modern motor controller Modern Robotics USB DC Motor Controller [A104OQ1P] complete
01-15 23:41:28.157 15413 15462 V RobotCore: Creating Modern Robotics USB DC Motor Controller [AL00VWH0]
01-15 23:41:28.157 15413 15462 D RobotCore: arming modern motor controller Modern Robotics USB DC Motor Controller [AL00VWH0]...
01-15 23:41:28.159 15413 15462 V D2xx::  : Vendor: 0403, Product: 6001
01-15 23:41:28.161 15413 15462 V D2xx::  : Vendor: 0403, Product: 6001
01-15 23:41:28.163 15413 15462 V D2xx::  : Vendor: 0403, Product: 6001
01-15 23:41:28.165 15413 15462 V D2xx::  : Vendor: 0403, Product: 6001
01-15 23:41:28.167 15413 15462 V D2xx::  : Vendor: 0403, Product: 6001
01-15 23:41:28.171 15413 15462 V D2xx::  : Vendor: 0403, Product: 6001
01-15 23:41:28.174 15413 15462 D FTDI_Device::: open SUCCESS
01-15 23:41:28.174 15413 15462 I FTDI_Device::: EP: 0x81
01-15 23:41:28.174 15413 15462 I FTDI_Device::: EP: 0x02
01-15 23:41:28.174 15413 15462 D D2XX::  : **********************Device Opened**********************
01-15 23:41:28.593 15413 15462 V RobotCore: Starting up device AL00VWH0
01-15 23:41:28.596 15413 15492 V RobotCore: thread: 'r/w loop: Modern Robotics USB DC Motor Controller [AL00VWH0]' starting...
01-15 23:41:28.597 15413 15462 D RobotCore: ...arming modern motor controller Modern Robotics USB DC Motor Controller [AL00VWH0] complete
01-15 23:41:28.664 15413 15462 V RobotCore: Creating Modern Robotics USB DC Motor Controller [AI049QOP]
01-15 23:41:28.665 15413 15462 D RobotCore: arming modern motor controller Modern Robotics USB DC Motor Controller [AI049QOP]...
01-15 23:41:28.667 15413 15462 V D2xx::  : Vendor: 0403, Product: 6001
01-15 23:41:28.669 15413 15462 V D2xx::  : Vendor: 0403, Product: 6001
01-15 23:41:28.670 15413 15462 V D2xx::  : Vendor: 0403, Product: 6001
01-15 23:41:28.671 15413 15462 V D2xx::  : Vendor: 0403, Product: 6001
01-15 23:41:28.674 15413 15462 V D2xx::  : Vendor: 0403, Product: 6001
01-15 23:41:28.676 15413 15462 V D2xx::  : Vendor: 0403, Product: 6001
01-15 23:41:28.679 15413 15462 D FTDI_Device::: open SUCCESS
01-15 23:41:28.679 15413 15462 I FTDI_Device::: EP: 0x81
01-15 23:41:28.680 15413 15462 I FTDI_Device::: EP: 0x02
01-15 23:41:28.680 15413 15462 D D2XX::  : **********************Device Opened**********************
01-15 23:41:29.108 15413 15462 V RobotCore: Starting up device AI049QOP
01-15 23:41:29.110 15413 15495 V RobotCore: thread: 'r/w loop: Modern Robotics USB DC Motor Controller [AI049QOP]' starting...
01-15 23:41:29.111 15413 15462 D RobotCore: ...arming modern motor controller Modern Robotics USB DC Motor Controller [AI049QOP] complete
01-15 23:41:29.162 15413 15462 V RobotCore: Creating Modern Robotics USB DC Motor Controller [AL00VBIF]
01-15 23:41:29.162 15413 15462 D RobotCore: arming modern motor controller Modern Robotics USB DC Motor Controller [AL00VBIF]...
01-15 23:41:29.164 15413 15462 V D2xx::  : Vendor: 0403, Product: 6001
01-15 23:41:29.166 15413 15462 V D2xx::  : Vendor: 0403, Product: 6001
01-15 23:41:29.167 15413 15462 V D2xx::  : Vendor: 0403, Product: 6001
01-15 23:41:29.169 15413 15462 V D2xx::  : Vendor: 0403, Product: 6001
01-15 23:41:29.170 15413 15462 V D2xx::  : Vendor: 0403, Product: 6001
01-15 23:41:29.171 15413 15462 V D2xx::  : Vendor: 0403, Product: 6001
01-15 23:41:29.173 15413 15462 D FTDI_Device::: open SUCCESS
01-15 23:41:29.173 15413 15462 I FTDI_Device::: EP: 0x81
01-15 23:41:29.174 15413 15462 I FTDI_Device::: EP: 0x02
01-15 23:41:29.174 15413 15462 D D2XX::  : **********************Device Opened**********************
01-15 23:41:29.598 15413 15462 V RobotCore: Starting up device AL00VBIF
01-15 23:41:29.600 15413 15502 V RobotCore: thread: 'r/w loop: Modern Robotics USB DC Motor Controller [AL00VBIF]' starting...
01-15 23:41:29.602 15413 15462 D RobotCore: ...arming modern motor controller Modern Robotics USB DC Motor Controller [AL00VBIF] complete
01-15 23:41:29.711 15413 15462 I RobotCore: Analytics has completed initialization.
01-15 23:41:29.711 15413 15462 I RobotCore: ========= Device Information ===================================================
01-15 23:41:29.711 15413 15462 I RobotCore: Type                                               Name                           Connection
01-15 23:41:29.712 15413 15462 I RobotCore: I2cDevice                                          colorBack                      USB AI02RHDJ; port 4
01-15 23:41:29.712 15413 15462 I RobotCore: Modern Robotics USB DC Motor Controller v2.0       Shooter                        USB AI049QOP
01-15 23:41:29.712 15413 15462 I RobotCore: DC Motor                                           rightFront                     USB AL00VWH0; port 1
01-15 23:41:29.713 15413 15462 I RobotCore: Modern Robotics USB DC Motor Controller v2.0       Front Motors                   USB AL00VWH0
01-15 23:41:29.713 15413 15462 I RobotCore: Modern Robotics USB DC Motor Controller v2.0       Back Motors                    USB A104OQ1P
01-15 23:41:29.713 15413 15462 I RobotCore: DC Motor                                           leftBack                       USB A104OQ1P; port 2
01-15 23:41:29.713 15413 15462 I RobotCore: Servo                                              upDown                         USB AL00VST0; port 1
01-15 23:41:29.713 15413 15462 I RobotCore: DC Motor                                           shooter2                       USB AI049QOP; port 2
01-15 23:41:29.713 15413 15462 I RobotCore: DC Motor                                           shooter1                       USB AI049QOP; port 1
01-15 23:41:29.713 15413 15462 I RobotCore: DC Motor                                           leftFront                      USB AL00VWH0; port 2
01-15 23:41:29.713 15413 15462 I RobotCore: DC Motor                                           rightBack                      USB A104OQ1P; port 1
01-15 23:41:29.713 15413 15462 I RobotCore: Servo                                              ballFeeder                     USB AL00VST0; port 2
01-15 23:41:29.713 15413 15462 I RobotCore: Modern Robotics USB DC Motor Controller v2.0       Intake                         USB AL00VBIF
01-15 23:41:29.713 15413 15462 I RobotCore: Modern Robotics USB Core Device Interface Module v2.0 Sensors                        USB AI02RHDJ
01-15 23:41:29.713 15413 15462 I RobotCore: I2cDevice                                          colorFront                     USB AI02RHDJ; port 2
01-15 23:41:29.714 15413 15462 I RobotCore: Modern Robotics USB Servo Controller v2.0          Servos                         USB AL00VST0
01-15 23:41:29.714 15413 15462 I RobotCore: DC Motor                                           intake                         USB AL00VBIF; port 1
01-15 23:41:29.714 15413 15462 I RobotCore: Modern Robotics Gyro                               gyro                           USB AI02RHDJ; I2C port: 3
01-15 23:41:29.714 15413 15462 I RobotCore: Modern Robotics Analog Optical Distance Sensor     ods                            USB AI02RHDJ; analog port 7
01-15 23:41:29.714 15413 15462 I FIRST   : ======= INIT FINISH =======
01-15 23:41:29.714 15413 15462 V RobotCore: EventLoopManager state is RUNNING
01-15 23:41:29.714 15413 15462 V RobotCore: Robot Status: running, starting robot
01-15 23:41:29.714 15413 15462 V RobotCore: Robot Status: running
01-15 23:41:29.726 15413 15462 V RobotCore: thread: ...terminating 'RobotSetupRunnable.run()'
01-15 23:41:29.731 15413 15503 V RobotCore: thread: 'opmode loop()' starting...
01-15 23:41:29.742 15413 15413 D MediaPlayer: setSubtitleAnchor in MediaPlayer
01-15 23:41:29.744 15413 15475 D MediaPlayer: setSubtitleAnchor in MediaPlayer
01-15 23:41:29.760 15413 15473 D ExtendedUtils: extended extractor not needed, return default
01-15 23:41:29.761 15413 15473 I MediaCodec: (0xb8037b78) init name(audio/raw) isType(1) encoder(0)
01-15 23:41:29.764 15413 15507 I OMXClient: Using client-side OMX mux.
01-15 23:41:29.772 15413 15507 E OMXMaster: A component of name 'OMX.qcom.audio.decoder.aac' already exists, ignoring this one.
01-15 23:41:29.781 15413 15507 I MediaCodec: (0xb8037b78) Component Allocated (OMX.google.raw.decoder)
01-15 23:41:29.781 15413 15473 I MediaCodec: (0xb8037b78) configure surface(0x0) crypto(0x0) flags(0)
01-15 23:41:29.781 15413 15473 D MediaCodec: (0xb8037b78) configure format: AMessage(what = 0x00000000) = {
01-15 23:41:29.781 15413 15473 D MediaCodec:    string mime = "audio/raw"
01-15 23:41:29.781 15413 15473 D MediaCodec:    int64_t durationUs = 1019125
01-15 23:41:29.781 15413 15473 D MediaCodec:    int32_t channel-count = 1
01-15 23:41:29.781 15413 15473 D MediaCodec:    int32_t sample-rate = 8000
01-15 23:41:29.781 15413 15473 D MediaCodec:    int32_t channel-mask = 0
01-15 23:41:29.781 15413 15473 D MediaCodec:  }
01-15 23:41:29.782 15413 15473 I MediaCodec: (0xb8037b78) start
01-15 23:41:29.783 15413 15507 I MediaCodec: (0xb8037b78) input buffers allocated
01-15 23:41:29.783 15413 15507 I MediaCodec: (0xb8037b78) numBuffers (4)
01-15 23:41:29.783 15413 15507 I MediaCodec: (0xb8037b78) output buffers allocated
01-15 23:41:29.783 15413 15507 I MediaCodec: (0xb8037b78) numBuffers (4)
01-15 23:41:29.787 15413 15507 I MediaCodec: (0xb8037b78) codec output format changed
01-15 23:41:29.787 15413 15507 D MediaCodec: (0xb8037b78) output format: AMessage(what = 'codc', target = 6) = {
01-15 23:41:29.787 15413 15507 D MediaCodec:    string mime = "audio/raw"
01-15 23:41:29.787 15413 15507 D MediaCodec:    int32_t channel-count = 1
01-15 23:41:29.787 15413 15507 D MediaCodec:    int32_t sample-rate = 8000
01-15 23:41:29.787 15413 15507 D MediaCodec:    int32_t channel-mask = 0
01-15 23:41:29.787 15413 15507 D MediaCodec:    int32_t what = 1869968451
01-15 23:41:29.787 15413 15507 D MediaCodec:  }
01-15 23:41:29.792 15413 15473 I MediaCodec: (0xb8037b78) stop
01-15 23:41:29.795 15413 15473 I MediaCodec: (0xb8037b78) release
01-15 23:41:29.818 15413 15475 W AudioTrack: AUDIO_OUTPUT_FLAG_FAST denied by client; transfer 4, track 8000 Hz, output 48000 Hz
01-15 23:41:30.238 15413 15503 I RobotCore: Attempting to switch to op mode $Stop$Robot$
01-15 23:41:30.297 15413 15469 V Robocol : sending CMD_INIT_OP_MODE_RESP(57), attempt: 0
01-15 23:41:30.309 15413 15467 V Robocol : received command: CMD_INIT_OP_MODE_RESP(57) $Stop$Robot$
01-15 23:41:30.491 15413 15503 I RobotCore: robot battery read duration: n=4, mean=0.020ms sd=0.008ms
01-15 23:41:31.828 15413 15467 V Robocol : received command: CMD_INIT_OP_MODE(10064) $Stop$Robot$
01-15 23:41:31.836 15413 15503 I RobotCore: Attempting to switch to op mode $Stop$Robot$
01-15 23:41:31.858 15413 15469 V Robocol : sending CMD_INIT_OP_MODE_RESP(85), attempt: 0
01-15 23:41:31.868 15413 15467 V Robocol : received command: CMD_INIT_OP_MODE_RESP(85) $Stop$Robot$
01-15 23:41:33.789 15413 15467 V Robocol : received command: CMD_INIT_OP_MODE(10094) TestWithData
01-15 23:41:33.851 15413 15503 I RobotCore: Attempting to switch to op mode TestWithData
01-15 23:41:33.945 15413 15512 V RobotCore: thread: 'LinearOpMode main' starting...
01-15 23:41:33.978 15413 15469 V Robocol : sending CMD_INIT_OP_MODE_RESP(121), attempt: 0
01-15 23:41:33.989 15413 15467 V Robocol : received command: CMD_INIT_OP_MODE_RESP(121) TestWithData
01-15 23:41:38.429 15413 15467 V Robocol : received command: CMD_RUN_OP_MODE(10140) TestWithData
01-15 23:41:38.437 15413 15512 I RobotCore: SHOOTER batteryVoltage: 14.058651026392962
01-15 23:41:38.458 15413 15469 V Robocol : sending CMD_RUN_OP_MODE_RESP(167), attempt: 0
01-15 23:41:38.470 15413 15467 V Robocol : received command: CMD_RUN_OP_MODE_RESP(167) TestWithData
01-15 23:41:41.459 15413 15512 I RobotCore: SHOOTER power: 0.18
01-15 23:41:41.459 15413 15512 I RobotCore: SHOOTER RPM1: 0.0
01-15 23:41:41.459 15413 15512 I RobotCore: SHOOTER RPM2: 0.0
01-15 23:41:41.469 15413 15512 I RobotCore: SHOOTER power: 0.18
01-15 23:41:41.469 15413 15512 I RobotCore: SHOOTER RPM1: 0.0
01-15 23:41:41.469 15413 15512 I RobotCore: SHOOTER RPM2: 0.0
01-15 23:41:41.480 15413 15512 I RobotCore: SHOOTER power: 0.18
01-15 23:41:41.480 15413 15512 I RobotCore: SHOOTER RPM1: 0.0
01-15 23:41:41.480 15413 15512 I RobotCore: SHOOTER RPM2: 0.0
01-15 23:41:41.490 15413 15512 I RobotCore: SHOOTER power: 0.18
01-15 23:41:41.490 15413 15512 I RobotCore: SHOOTER RPM1: 4173.785481705804
01-15 23:41:41.490 15413 15512 I RobotCore: SHOOTER RPM2: 4434.647074312416
01-15 23:41:41.501 15413 15512 I RobotCore: SHOOTER power: 0.18
01-15 23:41:41.501 15413 15512 I RobotCore: SHOOTER RPM1: 0.0
01-15 23:41:41.501 15413 15512 I RobotCore: SHOOTER RPM2: 0.0
01-15 23:41:41.511 15413 15512 I RobotCore: SHOOTER power: 0.18
01-15 23:41:41.511 15413 15512 I RobotCore: SHOOTER RPM1: 2824.565499849529
01-15 23:41:41.511 15413 15512 I RobotCore: SHOOTER RPM2: 3081.3441816540317
01-15 23:41:41.522 15413 15512 I RobotCore: SHOOTER power: 0.18
01-15 23:41:41.522 15413 15512 I RobotCore: SHOOTER RPM1: 0.0
01-15 23:41:41.522 15413 15512 I RobotCore: SHOOTER RPM2: 0.0
01-15 23:41:41.532 15413 15512 I RobotCore: SHOOTER power: 0.18
01-15 23:41:41.532 15413 15512 I RobotCore: SHOOTER RPM1: 2074.234132735044
01-15 23:41:41.532 15413 15512 I RobotCore: SHOOTER RPM2: 2203.8737660309844
01-15 23:41:41.543 15413 15512 I RobotCore: SHOOTER power: 0.18
01-15 23:41:41.543 15413 15512 I RobotCore: SHOOTER RPM1: 768.9434544948223
01-15 23:41:41.543 15413 15512 I RobotCore: SHOOTER RPM2: 897.100696910626
01-15 23:41:41.553 15413 15512 I RobotCore: SHOOTER power: 0.18
01-15 23:41:41.553 15413 15512 I RobotCore: SHOOTER RPM1: 789.1702627818337
01-15 23:41:41.553 15413 15512 I RobotCore: SHOOTER RPM2: 920.6986399121394
01-15 23:41:41.584 15413 15512 I RobotCore: SHOOTER power: 0.181
01-15 23:41:41.584 15413 15512 I RobotCore: SHOOTER RPM1: 1095.8790959622022
01-15 23:41:41.584 15413 15512 I RobotCore: SHOOTER RPM2: 1227.3845874776666
01-15 23:41:41.594 15413 15512 I RobotCore: SHOOTER power: 0.181
01-15 23:41:41.594 15413 15512 I RobotCore: SHOOTER RPM1: 786.0780442650765
01-15 23:41:41.594 15413 15512 I RobotCore: SHOOTER RPM2: 786.0780442650765
01-15 23:41:41.605 15413 15512 I RobotCore: SHOOTER power: 0.181
01-15 23:41:41.605 15413 15512 I RobotCore: SHOOTER RPM1: 1140.5869735827714
01-15 23:41:41.605 15413 15512 I RobotCore: SHOOTER RPM2: 1140.5869735827714
01-15 23:41:41.616 15413 15512 I RobotCore: SHOOTER power: 0.181
01-15 23:41:41.616 15413 15512 I RobotCore: SHOOTER RPM1: 615.0689355116336
01-15 23:41:41.616 15413 15512 I RobotCore: SHOOTER RPM2: 738.0827226139603
01-15 23:41:41.626 15413 15512 I RobotCore: SHOOTER power: 0.181
01-15 23:41:41.626 15413 15512 I RobotCore: SHOOTER RPM1: 656.2978260633298
01-15 23:41:41.626 15413 15512 I RobotCore: SHOOTER RPM2: 787.5573912759958
01-15 23:41:41.637 15413 15512 I RobotCore: SHOOTER power: 0.181
01-15 23:41:41.637 15413 15512 I RobotCore: SHOOTER RPM1: 1145.499492355354
01-15 23:41:41.637 15413 15512 I RobotCore: SHOOTER RPM2: 1145.499492355354
01-15 23:41:41.647 15413 15512 I RobotCore: SHOOTER power: 0.181
01-15 23:41:41.647 15413 15512 I RobotCore: SHOOTER RPM1: 1442.3155720911936
01-15 23:41:41.647 15413 15512 I RobotCore: SHOOTER RPM2: 1573.4351695540295
01-15 23:41:41.657 15413 15512 I RobotCore: SHOOTER power: 0.181
01-15 23:41:41.657 15413 15512 I RobotCore: SHOOTER RPM1: 393.7049662542875
01-15 23:41:41.657 15413 15512 I RobotCore: SHOOTER RPM2: 524.9399550057167
01-15 23:41:41.668 15413 15512 I RobotCore: SHOOTER power: 0.181
01-15 23:41:41.668 15413 15512 I RobotCore: SHOOTER RPM1: 921.1235993042549
01-15 23:41:41.668 15413 15512 I RobotCore: SHOOTER RPM2: 921.1235993042549
01-15 23:41:41.678 15413 15512 I RobotCore: SHOOTER power: 0.181
01-15 23:41:41.678 15413 15512 I RobotCore: SHOOTER RPM1: 1295.930122120783
01-15 23:41:41.678 15413 15512 I RobotCore: SHOOTER RPM2: 1425.5231343328612
01-15 23:41:41.688 15413 15512 I RobotCore: SHOOTER power: 0.182
01-15 23:41:41.688 15413 15512 I RobotCore: SHOOTER RPM1: 521.8333372340376
01-15 23:41:41.688 15413 15512 I RobotCore: SHOOTER RPM2: 652.291671542547
01-15 23:41:41.699 15413 15512 I RobotCore: SHOOTER power: 0.182
01-15 23:41:41.699 15413 15512 I RobotCore: SHOOTER RPM1: 1552.6035794442294
01-15 23:41:41.699 15413 15512 I RobotCore: SHOOTER RPM2: 1681.987211064582
01-15 23:41:41.709 15413 15512 I RobotCore: SHOOTER power: 0.182
01-15 23:41:41.709 15413 15512 I RobotCore: SHOOTER RPM1: 1167.6726767912417
01-15 23:41:41.709 15413 15512 I RobotCore: SHOOTER RPM2: 1297.414085323602
01-15 23:41:41.720 15413 15512 I RobotCore: SHOOTER power: 0.182
01-15 23:41:41.720 15413 15512 I RobotCore: SHOOTER RPM1: 772.1012079116758
01-15 23:41:41.720 15413 15512 I RobotCore: SHOOTER RPM2: 772.1012079116758
01-15 23:41:41.730 15413 15512 I RobotCore: SHOOTER power: 0.182
01-15 23:41:41.730 15413 15512 I RobotCore: SHOOTER RPM1: 0.0
01-15 23:41:41.730 15413 15512 I RobotCore: SHOOTER RPM2: 0.0
01-15 23:41:41.741 15413 15512 I RobotCore: SHOOTER power: 0.182
01-15 23:41:41.741 15413 15512 I RobotCore: SHOOTER RPM1: 1545.7279261743854
01-15 23:41:41.741 15413 15512 I RobotCore: SHOOTER RPM2: 1674.5385866889176
01-15 23:41:41.751 15413 15512 I RobotCore: SHOOTER power: 0.182
01-15 23:41:41.751 15413 15512 I RobotCore: SHOOTER RPM1: 1415.413614933046
01-15 23:41:41.751 15413 15512 I RobotCore: SHOOTER RPM2: 1544.0875799269593
01-15 23:41:41.761 15413 15512 I RobotCore: SHOOTER power: 0.182
01-15 23:41:41.761 15413 15512 I RobotCore: SHOOTER RPM1: 1048.4587077722313
01-15 23:41:41.762 15413 15512 I RobotCore: SHOOTER RPM2: 1179.5160462437602
01-15 23:41:41.772 15413 15512 I RobotCore: SHOOTER power: 0.182
01-15 23:41:41.772 15413 15512 I RobotCore: SHOOTER RPM1: 1035.1258412577695
01-15 23:41:41.772 15413 15512 I RobotCore: SHOOTER RPM2: 1164.5165714149905
01-15 23:41:41.782 15413 15512 I RobotCore: SHOOTER power: 0.182
01-15 23:41:41.782 15413 15512 I RobotCore: SHOOTER RPM1: 1179.9332682184975
01-15 23:41:41.782 15413 15512 I RobotCore: SHOOTER RPM2: 1179.9332682184975
01-15 23:41:41.793 15413 15512 I RobotCore: SHOOTER power: 0.183
01-15 23:41:41.793 15413 15512 I RobotCore: SHOOTER RPM1: 778.032160291306
01-15 23:41:41.793 15413 15512 I RobotCore: SHOOTER RPM2: 907.7041870065236
01-15 23:41:41.803 15413 15512 I RobotCore: SHOOTER power: 0.183
01-15 23:41:41.803 15413 15512 I RobotCore: SHOOTER RPM1: 906.6257677248718
01-15 23:41:41.803 15413 15512 I RobotCore: SHOOTER RPM2: 1036.1437345427107
01-15 23:41:41.813 15413 15512 I RobotCore: SHOOTER power: 0.183
01-15 23:41:41.813 15413 15512 I RobotCore: SHOOTER RPM1: 915.3946495182736
01-15 23:41:41.813 15413 15512 I RobotCore: SHOOTER RPM2: 915.3946495182736
01-15 23:41:41.824 15413 15512 I RobotCore: SHOOTER power: 0.183
01-15 23:41:41.824 15413 15512 I RobotCore: SHOOTER RPM1: 655.5416322009098
01-15 23:41:41.824 15413 15512 I RobotCore: SHOOTER RPM2: 786.6499586410919
01-15 23:41:41.834 15413 15512 I RobotCore: SHOOTER power: 0.183
01-15 23:41:41.834 15413 15512 I RobotCore: SHOOTER RPM1: 1438.6078895914166
01-15 23:41:41.834 15413 15512 I RobotCore: SHOOTER RPM2: 1569.390425008818
01-15 23:41:41.844 15413 15512 I RobotCore: SHOOTER power: 0.183
01-15 23:41:41.845 15413 15512 I RobotCore: SHOOTER RPM1: 902.2794119796607
01-15 23:41:41.845 15413 15512 I RobotCore: SHOOTER RPM2: 1031.1764708338978
01-15 23:41:41.855 15413 15512 I RobotCore: SHOOTER power: 0.183
01-15 23:41:41.855 15413 15512 I RobotCore: SHOOTER RPM1: 1146.039193806963
01-15 23:41:41.855 15413 15512 I RobotCore: SHOOTER RPM2: 1146.039193806963
01-15 23:41:41.865 15413 15512 I RobotCore: SHOOTER power: 0.183
01-15 23:41:41.865 15413 15512 I RobotCore: SHOOTER RPM1: 786.9164088234503
01-15 23:41:41.865 15413 15512 I RobotCore: SHOOTER RPM2: 786.9164088234503
01-15 23:41:41.876 15413 15512 I RobotCore: SHOOTER power: 0.183
01-15 23:41:41.876 15413 15512 I RobotCore: SHOOTER RPM1: 1044.3493308513118
01-15 23:41:41.876 15413 15512 I RobotCore: SHOOTER RPM2: 1174.8929972077258
01-15 23:41:41.886 15413 15512 I RobotCore: SHOOTER power: 0.183
01-15 23:41:41.886 15413 15512 I RobotCore: SHOOTER RPM1: 653.7512134799275
01-15 23:41:41.886 15413 15512 I RobotCore: SHOOTER RPM2: 784.501456175913
01-15 23:41:41.896 15413 15512 I RobotCore: SHOOTER power: 0.184
01-15 23:41:41.897 15413 15512 I RobotCore: SHOOTER RPM1: 1041.4620925932754
01-15 23:41:41.897 15413 15512 I RobotCore: SHOOTER RPM2: 1171.644854167435
01-15 23:41:41.909 15413 15512 I RobotCore: SHOOTER power: 0.184
01-15 23:41:41.909 15413 15512 I RobotCore: SHOOTER RPM1: 840.2082480508834
01-15 23:41:41.909 15413 15512 I RobotCore: SHOOTER RPM2: 840.2082480508834
01-15 23:41:41.920 15413 15512 I RobotCore: SHOOTER power: 0.184
01-15 23:41:41.920 15413 15512 I RobotCore: SHOOTER RPM1: 1169.8135721921421
01-15 23:41:41.920 15413 15512 I RobotCore: SHOOTER RPM2: 1299.792857991269
01-15 23:41:41.930 15413 15512 I RobotCore: SHOOTER power: 0.184
01-15 23:41:41.930 15413 15512 I RobotCore: SHOOTER RPM1: 646.7795076140047
01-15 23:41:41.930 15413 15512 I RobotCore: SHOOTER RPM2: 646.7795076140047
01-15 23:41:41.940 15413 15512 I RobotCore: SHOOTER power: 0.184
01-15 23:41:41.941 15413 15512 I RobotCore: SHOOTER RPM1: 1309.3894776984955
01-15 23:41:41.941 15413 15512 I RobotCore: SHOOTER RPM2: 1571.2673732381948
01-15 23:41:41.951 15413 15512 I RobotCore: SHOOTER power: 0.184
01-15 23:41:41.951 15413 15512 I RobotCore: SHOOTER RPM1: 781.4259144390614
01-15 23:41:41.951 15413 15512 I RobotCore: SHOOTER RPM2: 781.4259144390614
01-15 23:41:41.962 15413 15512 I RobotCore: SHOOTER power: 0.184
01-15 23:41:41.962 15413 15512 I RobotCore: SHOOTER RPM1: 1127.8067670621538
01-15 23:41:41.962 15413 15512 I RobotCore: SHOOTER RPM2: 1253.1186300690597
01-15 23:41:41.972 15413 15512 I RobotCore: SHOOTER power: 0.184
01-15 23:41:41.972 15413 15512 I RobotCore: SHOOTER RPM1: 1034.5789307592092
01-15 23:41:41.972 15413 15512 I RobotCore: SHOOTER RPM2: 1163.9012971041104
01-15 23:41:41.983 15413 15512 I RobotCore: SHOOTER power: 0.184
01-15 23:41:41.983 15413 15512 I RobotCore: SHOOTER RPM1: 896.5470974249297
01-15 23:41:41.983 15413 15512 I RobotCore: SHOOTER RPM2: 1024.6252541999197
01-15 23:41:41.993 15413 15512 I RobotCore: SHOOTER power: 0.184
01-15 23:41:41.993 15413 15512 I RobotCore: SHOOTER RPM1: 653.7709492663179
01-15 23:41:41.993 15413 15512 I RobotCore: SHOOTER RPM2: 653.7709492663179
01-15 23:41:42.003 15413 15512 I RobotCore: SHOOTER power: 0.185
01-15 23:41:42.003 15413 15512 I RobotCore: SHOOTER RPM1: 1045.1117823997631
01-15 23:41:42.003 15413 15512 I RobotCore: SHOOTER RPM2: 1175.7507551997335
01-15 23:41:42.014 15413 15512 I RobotCore: SHOOTER power: 0.185
01-15 23:41:42.014 15413 15512 I RobotCore: SHOOTER RPM1: 1300.5553027796268
01-15 23:41:42.014 15413 15512 I RobotCore: SHOOTER RPM2: 1300.5553027796268
01-15 23:41:42.024 15413 15512 I RobotCore: SHOOTER power: 0.185
01-15 23:41:42.024 15413 15512 I RobotCore: SHOOTER RPM1: 1422.085223990252
01-15 23:41:42.024 15413 15512 I RobotCore: SHOOTER RPM2: 1680.6461738066614
01-15 23:41:42.035 15413 15512 I RobotCore: SHOOTER power: 0.185
