--------- beginning of crash
01-04 00:01:01.430 25100 25100 E AndroidRuntime: FATAL EXCEPTION: main
01-04 00:01:01.430 25100 25100 E AndroidRuntime: Process: com.qualcomm.ftcrobotcontroller, PID: 25100
01-04 00:01:01.430 25100 25100 E AndroidRuntime: java.lang.RuntimeException: Unable to stop activity {com.qualcomm.ftcrobotcontroller/org.firstinspires.ftc.robotcontroller.internal.FtcRobotControllerActivity}: java.lang.NullPointerException: Attempt to invoke virtual method 'void com.qualcomm.ftccommon.FtcRobotControllerService.shutdownRobot()' on a null object reference
01-04 00:01:01.430 25100 25100 E AndroidRuntime: 	at android.app.ActivityThread.handleSleeping(ActivityThread.java:3645)
01-04 00:01:01.430 25100 25100 E AndroidRuntime: 	at android.app.ActivityThread.-wrap19(ActivityThread.java)
01-04 00:01:01.430 25100 25100 E AndroidRuntime: 	at android.app.ActivityThread$H.handleMessage(ActivityThread.java:1529)
01-04 00:01:01.430 25100 25100 E AndroidRuntime: 	at android.os.Handler.dispatchMessage(Handler.java:102)
01-04 00:01:01.430 25100 25100 E AndroidRuntime: 	at android.os.Looper.loop(Looper.java:148)
01-04 00:01:01.430 25100 25100 E AndroidRuntime: 	at android.app.ActivityThread.main(ActivityThread.java:5456)
01-04 00:01:01.430 25100 25100 E AndroidRuntime: 	at java.lang.reflect.Method.invoke(Native Method)
01-04 00:01:01.430 25100 25100 E AndroidRuntime: 	at com.android.internal.os.ZygoteInit$MethodAndArgsCaller.run(ZygoteInit.java:728)
01-04 00:01:01.430 25100 25100 E AndroidRuntime: 	at com.android.internal.os.ZygoteInit.main(ZygoteInit.java:618)
01-04 00:01:01.430 25100 25100 E AndroidRuntime: Caused by: java.lang.NullPointerException: Attempt to invoke virtual method 'void com.qualcomm.ftccommon.FtcRobotControllerService.shutdownRobot()' on a null object reference
01-04 00:01:01.430 25100 25100 E AndroidRuntime: 	at org.firstinspires.ftc.robotcontroller.internal.FtcRobotControllerActivity.onStop(FtcRobotControllerActivity.java:319)
01-04 00:01:01.430 25100 25100 E AndroidRuntime: 	at android.app.Instrumentation.callActivityOnStop(Instrumentation.java:1301)
01-04 00:01:01.430 25100 25100 E AndroidRuntime: 	at android.app.Activity.performStop(Activity.java:6403)
01-04 00:01:01.430 25100 25100 E AndroidRuntime: 	at android.app.ActivityThread.handleSleeping(ActivityThread.java:3642)
01-04 00:01:01.430 25100 25100 E AndroidRuntime: 	... 8 more
01-04 15:09:49.388  6954  6954 E AndroidRuntime: FATAL EXCEPTION: main
01-04 15:09:49.388  6954  6954 E AndroidRuntime: Process: com.qualcomm.ftcrobotcontroller, PID: 6954
01-04 15:09:49.388  6954  6954 E AndroidRuntime: java.lang.RuntimeException: Unable to stop activity {com.qualcomm.ftcrobotcontroller/org.firstinspires.ftc.robotcontroller.internal.FtcRobotControllerActivity}: java.lang.NullPointerException: Attempt to invoke virtual method 'void com.qualcomm.ftccommon.FtcRobotControllerService.shutdownRobot()' on a null object reference
01-04 15:09:49.388  6954  6954 E AndroidRuntime: 	at android.app.ActivityThread.handleSleeping(ActivityThread.java:3645)
01-04 15:09:49.388  6954  6954 E AndroidRuntime: 	at android.app.ActivityThread.-wrap19(ActivityThread.java)
01-04 15:09:49.388  6954  6954 E AndroidRuntime: 	at android.app.ActivityThread$H.handleMessage(ActivityThread.java:1529)
01-04 15:09:49.388  6954  6954 E AndroidRuntime: 	at android.os.Handler.dispatchMessage(Handler.java:102)
01-04 15:09:49.388  6954  6954 E AndroidRuntime: 	at android.os.Looper.loop(Looper.java:148)
01-04 15:09:49.388  6954  6954 E AndroidRuntime: 	at android.app.ActivityThread.main(ActivityThread.java:5456)
01-04 15:09:49.388  6954  6954 E AndroidRuntime: 	at java.lang.reflect.Method.invoke(Native Method)
01-04 15:09:49.388  6954  6954 E AndroidRuntime: 	at com.android.internal.os.ZygoteInit$MethodAndArgsCaller.run(ZygoteInit.java:728)
01-04 15:09:49.388  6954  6954 E AndroidRuntime: 	at com.android.internal.os.ZygoteInit.main(ZygoteInit.java:618)
01-04 15:09:49.388  6954  6954 E AndroidRuntime: Caused by: java.lang.NullPointerException: Attempt to invoke virtual method 'void com.qualcomm.ftccommon.FtcRobotControllerService.shutdownRobot()' on a null object reference
01-04 15:09:49.388  6954  6954 E AndroidRuntime: 	at org.firstinspires.ftc.robotcontroller.internal.FtcRobotControllerActivity.onStop(FtcRobotControllerActivity.java:319)
01-04 15:09:49.388  6954  6954 E AndroidRuntime: 	at android.app.Instrumentation.callActivityOnStop(Instrumentation.java:1301)
01-04 15:09:49.388  6954  6954 E AndroidRuntime: 	at android.app.Activity.performStop(Activity.java:6403)
01-04 15:09:49.388  6954  6954 E AndroidRuntime: 	at android.app.ActivityThread.handleSleeping(ActivityThread.java:3642)
01-04 15:09:49.388  6954  6954 E AndroidRuntime: 	... 8 more
--------- beginning of system
01-04 15:15:11.628  7439  7439 W ViewRootImpl: Dropping event due to no window focus: MotionEvent { action=ACTION_MOVE, actionButton=0, id[0]=1, x[0]=381.54883, y[0]=1104.2948, toolType[0]=TOOL_TYPE_FINGER, buttonState=0, metaState=0, flags=0x0, edgeFlags=0x0, pointerCount=1, historySize=4, eventTime=331201718, downTime=331201661, deviceId=6, source=0x1002 }
01-04 15:15:11.662  7439  7439 W ViewRootImpl: Dropping event due to no window focus: MotionEvent { action=ACTION_MOVE, actionButton=0, id[0]=1, x[0]=373.98755, y[0]=1086.503, toolType[0]=TOOL_TYPE_FINGER, buttonState=0, metaState=0, flags=0x0, edgeFlags=0x0, pointerCount=1, historySize=2, eventTime=331201751, downTime=331201661, deviceId=6, source=0x1002 }
01-04 15:15:11.678  7439  7439 W ViewRootImpl: Dropping event due to no window focus: MotionEvent { action=ACTION_MOVE, actionButton=0, id[0]=1, x[0]=370.16318, y[0]=1073.3865, toolType[0]=TOOL_TYPE_FINGER, buttonState=0, metaState=0, flags=0x0, edgeFlags=0x0, pointerCount=1, historySize=2, eventTime=331201768, downTime=331201661, deviceId=6, source=0x1002 }
01-04 15:15:11.686  7439  7439 W ViewRootImpl: Dropping event due to no window focus: MotionEvent { action=ACTION_MOVE, actionButton=0, id[0]=1, x[0]=365.4573, y[0]=1044.2133, toolType[0]=TOOL_TYPE_FINGER, buttonState=0, metaState=0, flags=0x0, edgeFlags=0x0, pointerCount=1, historySize=1, eventTime=331201785, downTime=331201661, deviceId=6, source=0x1002 }
01-04 15:15:11.699  7439  7439 W ViewRootImpl: Dropping event due to no window focus: MotionEvent { action=ACTION_MOVE, actionButton=0, id[0]=1, x[0]=361.99722, y[0]=1014.20764, toolType[0]=TOOL_TYPE_FINGER, buttonState=0, metaState=0, flags=0x0, edgeFlags=0x0, pointerCount=1, historySize=1, eventTime=331201800, downTime=331201661, deviceId=6, source=0x1002 }
01-04 15:15:11.715  7439  7439 W ViewRootImpl: Dropping event due to no window focus: MotionEvent { action=ACTION_MOVE, actionButton=0, id[0]=1, x[0]=360.63943, y[0]=991.4702, toolType[0]=TOOL_TYPE_FINGER, buttonState=0, metaState=0, flags=0x0, edgeFlags=0x0, pointerCount=1, historySize=1, eventTime=331201818, downTime=331201661, deviceId=6, source=0x1002 }
01-04 15:15:11.732  7439  7439 W ViewRootImpl: Dropping event due to no window focus: MotionEvent { action=ACTION_MOVE, actionButton=0, id[0]=1, x[0]=359.3652, y[0]=977.87915, toolType[0]=TOOL_TYPE_FINGER, buttonState=0, metaState=0, flags=0x0, edgeFlags=0x0, pointerCount=1, historySize=2, eventTime=331201835, downTime=331201661, deviceId=6, source=0x1002 }
01-04 15:15:11.738  7439  7439 W ViewRootImpl: Cancelling event due to no window focus: MotionEvent { action=ACTION_CANCEL, actionButton=0, id[0]=1, x[0]=359.3652, y[0]=977.87915, toolType[0]=TOOL_TYPE_FINGER, buttonState=0, metaState=0, flags=0x0, edgeFlags=0x0, pointerCount=1, historySize=0, eventTime=331201846, downTime=331201661, deviceId=6, source=0x1002 }
01-04 15:15:11.738  7439  7439 W ViewRootImpl: Cancelling event due to no window focus: MotionEvent { action=ACTION_CANCEL, actionButton=0, id[0]=1, x[0]=359.3652, y[0]=977.87915, toolType[0]=TOOL_TYPE_FINGER, buttonState=0, metaState=0, flags=0x0, edgeFlags=0x0, pointerCount=1, historySize=0, eventTime=331201846, downTime=331201661, deviceId=6, source=0x1002 }
01-04 15:15:11.738  7439  7439 W ViewRootImpl: Cancelling event due to no window focus: MotionEvent { action=ACTION_CANCEL, actionButton=0, id[0]=1, x[0]=359.3652, y[0]=977.87915, toolType[0]=TOOL_TYPE_FINGER, buttonState=0, metaState=0, flags=0x0, edgeFlags=0x0, pointerCount=1, historySize=0, eventTime=331201846, downTime=331201661, deviceId=6, source=0x1002 }
01-04 15:15:11.738  7439  7439 W ViewRootImpl: Cancelling event due to no window focus: MotionEvent { action=ACTION_CANCEL, actionButton=0, id[0]=1, x[0]=359.3652, y[0]=977.87915, toolType[0]=TOOL_TYPE_FINGER, buttonState=0, metaState=0, flags=0x0, edgeFlags=0x0, pointerCount=1, historySize=0, eventTime=331201846, downTime=331201661, deviceId=6, source=0x1002 }
01-04 15:15:52.819  8019  8019 E AndroidRuntime: FATAL EXCEPTION: main
01-04 15:15:52.819  8019  8019 E AndroidRuntime: Process: com.qualcomm.ftcrobotcontroller, PID: 8019
01-04 15:15:52.819  8019  8019 E AndroidRuntime: java.lang.RuntimeException: Unable to stop activity {com.qualcomm.ftcrobotcontroller/org.firstinspires.ftc.robotcontroller.internal.FtcRobotControllerActivity}: java.lang.NullPointerException: Attempt to invoke virtual method 'void com.qualcomm.ftccommon.FtcRobotControllerService.shutdownRobot()' on a null object reference
01-04 15:15:52.819  8019  8019 E AndroidRuntime: 	at android.app.ActivityThread.handleSleeping(ActivityThread.java:3645)
01-04 15:15:52.819  8019  8019 E AndroidRuntime: 	at android.app.ActivityThread.-wrap19(ActivityThread.java)
01-04 15:15:52.819  8019  8019 E AndroidRuntime: 	at android.app.ActivityThread$H.handleMessage(ActivityThread.java:1529)
01-04 15:15:52.819  8019  8019 E AndroidRuntime: 	at android.os.Handler.dispatchMessage(Handler.java:102)
01-04 15:15:52.819  8019  8019 E AndroidRuntime: 	at android.os.Looper.loop(Looper.java:148)
01-04 15:15:52.819  8019  8019 E AndroidRuntime: 	at android.app.ActivityThread.main(ActivityThread.java:5456)
01-04 15:15:52.819  8019  8019 E AndroidRuntime: 	at java.lang.reflect.Method.invoke(Native Method)
01-04 15:15:52.819  8019  8019 E AndroidRuntime: 	at com.android.internal.os.ZygoteInit$MethodAndArgsCaller.run(ZygoteInit.java:728)
01-04 15:15:52.819  8019  8019 E AndroidRuntime: 	at com.android.internal.os.ZygoteInit.main(ZygoteInit.java:618)
01-04 15:15:52.819  8019  8019 E AndroidRuntime: Caused by: java.lang.NullPointerException: Attempt to invoke virtual method 'void com.qualcomm.ftccommon.FtcRobotControllerService.shutdownRobot()' on a null object reference
01-04 15:15:52.819  8019  8019 E AndroidRuntime: 	at org.firstinspires.ftc.robotcontroller.internal.FtcRobotControllerActivity.onStop(FtcRobotControllerActivity.java:319)
01-04 15:15:52.819  8019  8019 E AndroidRuntime: 	at android.app.Instrumentation.callActivityOnStop(Instrumentation.java:1301)
01-04 15:15:52.819  8019  8019 E AndroidRuntime: 	at android.app.Activity.performStop(Activity.java:6403)
01-04 15:15:52.819  8019  8019 E AndroidRuntime: 	at android.app.ActivityThread.handleSleeping(ActivityThread.java:3642)
01-04 15:15:52.819  8019  8019 E AndroidRuntime: 	... 8 more
01-04 15:30:12.084 10922 10922 E ActivityThread: Activity org.firstinspires.ftc.robotcontroller.internal.FtcRobotControllerActivity has leaked IntentReceiver com.qualcomm.analytics.Analytics@6e4c80c that was originally registered here. Are you missing a call to unregisterReceiver()?
01-04 15:30:12.084 10922 10922 E ActivityThread: android.app.IntentReceiverLeaked: Activity org.firstinspires.ftc.robotcontroller.internal.FtcRobotControllerActivity has leaked IntentReceiver com.qualcomm.analytics.Analytics@6e4c80c that was originally registered here. Are you missing a call to unregisterReceiver()?
01-04 15:30:12.084 10922 10922 E ActivityThread: 	at android.app.LoadedApk$ReceiverDispatcher.<init>(LoadedApk.java:918)
01-04 15:30:12.084 10922 10922 E ActivityThread: 	at android.app.LoadedApk.getReceiverDispatcher(LoadedApk.java:719)
01-04 15:30:12.084 10922 10922 E ActivityThread: 	at android.app.ContextImpl.registerReceiverInternal(ContextImpl.java:1172)
01-04 15:30:12.084 10922 10922 E ActivityThread: 	at android.app.ContextImpl.registerReceiver(ContextImpl.java:1152)
01-04 15:30:12.084 10922 10922 E ActivityThread: 	at android.app.ContextImpl.registerReceiver(ContextImpl.java:1146)
01-04 15:30:12.084 10922 10922 E ActivityThread: 	at android.content.ContextWrapper.registerReceiver(ContextWrapper.java:554)
01-04 15:30:12.084 10922 10922 E ActivityThread: 	at com.qualcomm.analytics.Analytics.register(SourceFile:209)
01-04 15:30:12.084 10922 10922 E ActivityThread: 	at com.qualcomm.analytics.Analytics.<init>(SourceFile:235)
01-04 15:30:12.084 10922 10922 E ActivityThread: 	at com.qualcomm.modernrobotics.ModernRoboticsUsbUtil.init(SourceFile:85)
01-04 15:30:12.084 10922 10922 E ActivityThread: 	at com.qualcomm.ftccommon.FtcEventLoop.init(FtcEventLoop.java:191)
01-04 15:30:12.084 10922 10922 E ActivityThread: 	at com.qualcomm.robotcore.eventloop.EventLoopManager.startEventLoop(EventLoopManager.java:571)
01-04 15:30:12.084 10922 10922 E ActivityThread: 	at com.qualcomm.robotcore.eventloop.EventLoopManager.setEventLoop(EventLoopManager.java:545)
01-04 15:30:12.084 10922 10922 E ActivityThread: 	at com.qualcomm.robotcore.eventloop.EventLoopManager.start(EventLoopManager.java:489)
01-04 15:30:12.084 10922 10922 E ActivityThread: 	at com.qualcomm.robotcore.robot.Robot.start(Robot.java:59)
01-04 15:30:12.084 10922 10922 E ActivityThread: 	at com.qualcomm.ftccommon.FtcRobotControllerService$RobotSetupRunnable$1.run(FtcRobotControllerService.java:186)
01-04 15:30:12.084 10922 10922 E ActivityThread: 	at com.qualcomm.robotcore.util.ThreadPool.logThreadLifeCycle(ThreadPool.java:513)
01-04 15:30:12.084 10922 10922 E ActivityThread: 	at com.qualcomm.ftccommon.FtcRobotControllerService$RobotSetupRunnable.run(FtcRobotControllerService.java:128)
01-04 15:30:12.084 10922 10922 E ActivityThread: 	at java.util.concurrent.ThreadPoolExecutor.runWorker(ThreadPoolExecutor.java:1113)
01-04 15:30:12.084 10922 10922 E ActivityThread: 	at java.util.concurrent.ThreadPoolExecutor$Worker.run(ThreadPoolExecutor.java:588)
01-04 15:30:12.084 10922 10922 E ActivityThread: 	at java.lang.Thread.run(Thread.java:818)
01-04 23:39:09.687 26156 26156 E ActivityThread: Activity org.firstinspires.ftc.robotcontroller.internal.FtcRobotControllerActivity has leaked IntentReceiver com.qualcomm.analytics.Analytics@9a50555 that was originally registered here. Are you missing a call to unregisterReceiver()?
01-04 23:39:09.687 26156 26156 E ActivityThread: android.app.IntentReceiverLeaked: Activity org.firstinspires.ftc.robotcontroller.internal.FtcRobotControllerActivity has leaked IntentReceiver com.qualcomm.analytics.Analytics@9a50555 that was originally registered here. Are you missing a call to unregisterReceiver()?
01-04 23:39:09.687 26156 26156 E ActivityThread: 	at android.app.LoadedApk$ReceiverDispatcher.<init>(LoadedApk.java:918)
01-04 23:39:09.687 26156 26156 E ActivityThread: 	at android.app.LoadedApk.getReceiverDispatcher(LoadedApk.java:719)
01-04 23:39:09.687 26156 26156 E ActivityThread: 	at android.app.ContextImpl.registerReceiverInternal(ContextImpl.java:1172)
01-04 23:39:09.687 26156 26156 E ActivityThread: 	at android.app.ContextImpl.registerReceiver(ContextImpl.java:1152)
01-04 23:39:09.687 26156 26156 E ActivityThread: 	at android.app.ContextImpl.registerReceiver(ContextImpl.java:1146)
01-04 23:39:09.687 26156 26156 E ActivityThread: 	at android.content.ContextWrapper.registerReceiver(ContextWrapper.java:554)
01-04 23:39:09.687 26156 26156 E ActivityThread: 	at com.qualcomm.analytics.Analytics.register(SourceFile:209)
01-04 23:39:09.687 26156 26156 E ActivityThread: 	at com.qualcomm.analytics.Analytics.<init>(SourceFile:235)
01-04 23:39:09.687 26156 26156 E ActivityThread: 	at com.qualcomm.modernrobotics.ModernRoboticsUsbUtil.init(SourceFile:85)
01-04 23:39:09.687 26156 26156 E ActivityThread: 	at com.qualcomm.ftccommon.FtcEventLoop.init(FtcEventLoop.java:191)
01-04 23:39:09.687 26156 26156 E ActivityThread: 	at com.qualcomm.robotcore.eventloop.EventLoopManager.startEventLoop(EventLoopManager.java:571)
01-04 23:39:09.687 26156 26156 E ActivityThread: 	at com.qualcomm.robotcore.eventloop.EventLoopManager.setEventLoop(EventLoopManager.java:545)
01-04 23:39:09.687 26156 26156 E ActivityThread: 	at com.qualcomm.robotcore.eventloop.EventLoopManager.start(EventLoopManager.java:489)
01-04 23:39:09.687 26156 26156 E ActivityThread: 	at com.qualcomm.robotcore.robot.Robot.start(Robot.java:59)
01-04 23:39:09.687 26156 26156 E ActivityThread: 	at com.qualcomm.ftccommon.FtcRobotControllerService$RobotSetupRunnable$1.run(FtcRobotControllerService.java:186)
01-04 23:39:09.687 26156 26156 E ActivityThread: 	at com.qualcomm.robotcore.util.ThreadPool.logThreadLifeCycle(ThreadPool.java:513)
01-04 23:39:09.687 26156 26156 E ActivityThread: 	at com.qualcomm.ftccommon.FtcRobotControllerService$RobotSetupRunnable.run(FtcRobotControllerService.java:128)
01-04 23:39:09.687 26156 26156 E ActivityThread: 	at java.util.concurrent.ThreadPoolExecutor.runWorker(ThreadPoolExecutor.java:1113)
01-04 23:39:09.687 26156 26156 E ActivityThread: 	at java.util.concurrent.ThreadPoolExecutor$Worker.run(ThreadPoolExecutor.java:588)
01-04 23:39:09.687 26156 26156 E ActivityThread: 	at java.lang.Thread.run(Thread.java:818)
01-04 23:39:09.727 26156 26156 E ActivityThread: Service com.qualcomm.ftccommon.FtcRobotControllerService has leaked IntentReceiver com.qualcomm.robotcore.wifi.WifiDirectAssistant$WifiP2pBroadcastReceiver@a8b1131 that was originally registered here. Are you missing a call to unregisterReceiver()?
01-04 23:39:09.727 26156 26156 E ActivityThread: android.app.IntentReceiverLeaked: Service com.qualcomm.ftccommon.FtcRobotControllerService has leaked IntentReceiver com.qualcomm.robotcore.wifi.WifiDirectAssistant$WifiP2pBroadcastReceiver@a8b1131 that was originally registered here. Are you missing a call to unregisterReceiver()?
01-04 23:39:09.727 26156 26156 E ActivityThread: 	at android.app.LoadedApk$ReceiverDispatcher.<init>(LoadedApk.java:918)
01-04 23:39:09.727 26156 26156 E ActivityThread: 	at android.app.LoadedApk.getReceiverDispatcher(LoadedApk.java:719)
01-04 23:39:09.727 26156 26156 E ActivityThread: 	at android.app.ContextImpl.registerReceiverInternal(ContextImpl.java:1172)
01-04 23:39:09.727 26156 26156 E ActivityThread: 	at android.app.ContextImpl.registerReceiver(ContextImpl.java:1152)
01-04 23:39:09.727 26156 26156 E ActivityThread: 	at android.app.ContextImpl.registerReceiver(ContextImpl.java:1146)
01-04 23:39:09.727 26156 26156 E ActivityThread: 	at com.qualcomm.robotcore.wifi.WifiDirectAssistant.enable(WifiDirectAssistant.java:284)
01-04 23:39:09.727 26156 26156 E ActivityThread: 	at com.qualcomm.ftccommon.FtcRobotControllerService.onBind(FtcRobotControllerService.java:234)
01-04 23:39:09.727 26156 26156 E ActivityThread: 	at android.app.ActivityThread.handleBindService(ActivityThread.java:2922)
01-04 23:39:09.727 26156 26156 E ActivityThread: 	at android.app.ActivityThread.-wrap2(ActivityThread.java)
01-04 23:39:09.727 26156 26156 E ActivityThread: 	at android.app.ActivityThread$H.handleMessage(ActivityThread.java:1442)
01-04 23:39:09.727 26156 26156 E ActivityThread: 	at android.os.Handler.dispatchMessage(Handler.java:102)
01-04 23:39:09.727 26156 26156 E ActivityThread: 	at android.os.Looper.loop(Looper.java:148)
01-04 23:39:09.727 26156 26156 E ActivityThread: 	at android.app.ActivityThread.main(ActivityThread.java:5456)
01-04 23:39:09.727 26156 26156 E ActivityThread: 	at java.lang.reflect.Method.invoke(Native Method)
01-04 23:39:09.727 26156 26156 E ActivityThread: 	at com.android.internal.os.ZygoteInit$MethodAndArgsCaller.run(ZygoteInit.java:728)
01-04 23:39:09.727 26156 26156 E ActivityThread: 	at com.android.internal.os.ZygoteInit.main(ZygoteInit.java:618)
01-05 16:32:07.489 14270 14270 E AndroidRuntime: FATAL EXCEPTION: main
01-05 16:32:07.489 14270 14270 E AndroidRuntime: Process: com.qualcomm.ftcrobotcontroller, PID: 14270
01-05 16:32:07.489 14270 14270 E AndroidRuntime: java.lang.RuntimeException: Unable to stop activity {com.qualcomm.ftcrobotcontroller/org.firstinspires.ftc.robotcontroller.internal.FtcRobotControllerActivity}: java.lang.NullPointerException: Attempt to invoke virtual method 'void com.qualcomm.ftccommon.FtcRobotControllerService.shutdownRobot()' on a null object reference
01-05 16:32:07.489 14270 14270 E AndroidRuntime: 	at android.app.ActivityThread.handleSleeping(ActivityThread.java:3645)
01-05 16:32:07.489 14270 14270 E AndroidRuntime: 	at android.app.ActivityThread.-wrap19(ActivityThread.java)
01-05 16:32:07.489 14270 14270 E AndroidRuntime: 	at android.app.ActivityThread$H.handleMessage(ActivityThread.java:1529)
01-05 16:32:07.489 14270 14270 E AndroidRuntime: 	at android.os.Handler.dispatchMessage(Handler.java:102)
01-05 16:32:07.489 14270 14270 E AndroidRuntime: 	at android.os.Looper.loop(Looper.java:148)
01-05 16:32:07.489 14270 14270 E AndroidRuntime: 	at android.app.ActivityThread.main(ActivityThread.java:5456)
01-05 16:32:07.489 14270 14270 E AndroidRuntime: 	at java.lang.reflect.Method.invoke(Native Method)
01-05 16:32:07.489 14270 14270 E AndroidRuntime: 	at com.android.internal.os.ZygoteInit$MethodAndArgsCaller.run(ZygoteInit.java:728)
01-05 16:32:07.489 14270 14270 E AndroidRuntime: 	at com.android.internal.os.ZygoteInit.main(ZygoteInit.java:618)
01-05 16:32:07.489 14270 14270 E AndroidRuntime: Caused by: java.lang.NullPointerException: Attempt to invoke virtual method 'void com.qualcomm.ftccommon.FtcRobotControllerService.shutdownRobot()' on a null object reference
01-05 16:32:07.489 14270 14270 E AndroidRuntime: 	at org.firstinspires.ftc.robotcontroller.internal.FtcRobotControllerActivity.onStop(FtcRobotControllerActivity.java:319)
01-05 16:32:07.489 14270 14270 E AndroidRuntime: 	at android.app.Instrumentation.callActivityOnStop(Instrumentation.java:1301)
01-05 16:32:07.489 14270 14270 E AndroidRuntime: 	at android.app.Activity.performStop(Activity.java:6403)
01-05 16:32:07.489 14270 14270 E AndroidRuntime: 	at android.app.ActivityThread.handleSleeping(ActivityThread.java:3642)
01-05 16:32:07.489 14270 14270 E AndroidRuntime: 	... 8 more
--------- beginning of main
01-05 19:45:15.897 24339 24339 I chatty  : uid=10108(com.qualcomm.ftcrobotcontroller) expire 81 lines
01-05 19:45:16.313 24339 24353 I chatty  : uid=10108(com.qualcomm.ftcrobotcontroller) expire 2 lines
01-05 19:45:16.345 24355 24355 I chatty  : uid=10108(com.qualcomm.ftcrobotcontroller) ps expire 20 lines
01-05 19:45:16.434 24339 24361 I chatty  : uid=10108(com.qualcomm.ftcrobotcontroller) expire 1 line
01-05 19:45:18.174 24339 24443 I chatty  : uid=10108(com.qualcomm.ftcrobotcontroller) expire 2 lines
01-05 19:45:18.296 24339 24447 I chatty  : uid=10108(com.qualcomm.ftcrobotcontroller) expire 144 lines
01-05 19:45:23.307 24339 24450 I chatty  : uid=10108(com.qualcomm.ftcrobotcontroller) expire 6 lines
01-05 19:45:23.354 24339 24452 I chatty  : uid=10108(com.qualcomm.ftcrobotcontroller) expire 21 lines
01-05 19:45:23.663 24339 24460 I chatty  : uid=10108(com.qualcomm.ftcrobotcontroller) expire 6 lines
01-05 19:45:23.665 24339 24456 I chatty  : uid=10108(com.qualcomm.ftcrobotcontroller) expire 8 lines
01-05 19:45:23.696 24339 24458 I chatty  : uid=10108(com.qualcomm.ftcrobotcontroller) expire 14 lines
01-05 19:45:23.699 24339 24464 I chatty  : uid=10108(com.qualcomm.ftcrobotcontroller) expire 9 lines
01-05 19:45:23.852 24339 24468 I chatty  : uid=10108(com.qualcomm.ftcrobotcontroller) expire 3 lines
01-05 19:45:24.295 24339 24471 I chatty  : uid=10108(com.qualcomm.ftcrobotcontroller) expire 3 lines
01-05 19:45:24.748 24339 24474 I chatty  : uid=10108(com.qualcomm.ftcrobotcontroller) expire 3 lines
01-05 19:45:25.228 24339 24477 I chatty  : uid=10108(com.qualcomm.ftcrobotcontroller) expire 3 lines
01-05 19:45:25.703 24339 24480 I chatty  : uid=10108(com.qualcomm.ftcrobotcontroller) expire 3 lines
01-05 19:45:26.187 24339 24494 I chatty  : uid=10108(com.qualcomm.ftcrobotcontroller) expire 3 lines
01-05 19:45:26.275 24339 24495 I chatty  : uid=10108(com.qualcomm.ftcrobotcontroller) expire 49 lines
01-05 19:45:26.293 24339 24339 I chatty  : uid=10108(com.qualcomm.ftcrobotcontroller) expire 4 lines
01-05 19:45:26.309 24339 24499 I chatty  : uid=10108(com.qualcomm.ftcrobotcontroller) expire 9 lines
01-05 19:45:31.291 24339 24505 I chatty  : uid=10108(com.qualcomm.ftcrobotcontroller) expire 2 lines
01-05 19:45:34.686 24339 24482 I chatty  : uid=10108(com.qualcomm.ftcrobotcontroller) expire 8 lines
01-05 19:45:34.695 24339 24458 I chatty  : uid=10108(com.qualcomm.ftcrobotcontroller) expire 7 lines
01-05 19:45:34.699 24339 24510 I chatty  : uid=10108(com.qualcomm.ftcrobotcontroller) expire 9 lines
01-05 19:45:34.756 24339 24479 I chatty  : uid=10108(com.qualcomm.ftcrobotcontroller) expire 8 lines
01-05 19:45:34.758 24339 24478 I chatty  : uid=10108(com.qualcomm.ftcrobotcontroller) expire 14 lines
01-05 19:45:34.806 24339 24476 I chatty  : uid=10108(com.qualcomm.ftcrobotcontroller) expire 8 lines
01-05 19:45:34.850 24339 24473 I chatty  : uid=10108(com.qualcomm.ftcrobotcontroller) expire 8 lines
01-05 19:45:34.851 24339 24472 I chatty  : uid=10108(com.qualcomm.ftcrobotcontroller) expire 6 lines
01-05 19:45:34.858 24339 24455 I chatty  : uid=10108(com.qualcomm.ftcrobotcontroller) expire 8 lines
01-05 19:45:34.866 24339 24470 I chatty  : uid=10108(com.qualcomm.ftcrobotcontroller) expire 8 lines
01-05 19:45:34.868 24339 24469 I chatty  : uid=10108(com.qualcomm.ftcrobotcontroller) expire 6 lines
01-05 19:46:02.808 24339 24452 I chatty  : uid=10108(com.qualcomm.ftcrobotcontroller) expire 1 line
01-05 19:46:09.064 24339 24339 I chatty  : uid=10108(com.qualcomm.ftcrobotcontroller) expire 11 lines
01-05 19:46:10.476 24339 24345 I chatty  : uid=10108(com.qualcomm.ftcrobotcontroller) expire 1 line
01-05 19:47:20.521 25370 25370 I chatty  : uid=10108(com.qualcomm.ftcrobotcontroller) expire 2 lines
01-05 19:47:21.345 25428 25428 I chatty  : uid=10108(com.qualcomm.ftcrobotcontroller) expire 2 lines
01-05 19:47:22.182 25370 25370 I chatty  : uid=10108(com.qualcomm.ftcrobotcontroller) expire 1 line
01-05 19:47:22.186 25370 25474 I chatty  : uid=10108(com.qualcomm.ftcrobotcontroller) expire 2 lines
01-05 19:47:22.235 25370 25370 I chatty  : uid=10108(com.qualcomm.ftcrobotcontroller) expire 1 line
01-05 19:47:22.235 25476 25476 I chatty  : uid=10108(com.qualcomm.ftcrobotcontroller) ps expire 20 lines
01-05 19:47:22.264 25370 25370 I chatty  : uid=10108(com.qualcomm.ftcrobotcontroller) expire 8 lines
01-05 19:47:22.331 25370 25482 I chatty  : uid=10108(com.qualcomm.ftcrobotcontroller) expire 1 line
01-05 19:47:22.342 25370 25370 I chatty  : uid=10108(com.qualcomm.ftcrobotcontroller) expire 10 lines
01-05 19:47:23.979 25370 25505 I chatty  : uid=10108(com.qualcomm.ftcrobotcontroller) expire 1 line
01-05 19:47:24.009 25370 25370 I chatty  : uid=10108(com.qualcomm.ftcrobotcontroller) expire 6 lines
01-05 19:47:24.042 25370 25505 I chatty  : uid=10108(com.qualcomm.ftcrobotcontroller) expire 1 line
01-05 19:47:24.059 25370 25370 I chatty  : uid=10108(com.qualcomm.ftcrobotcontroller) expire 11 lines
01-05 19:47:24.085 25370 25509 I chatty  : uid=10108(com.qualcomm.ftcrobotcontroller) expire 2 lines
01-05 19:47:24.167 25370 25370 I chatty  : uid=10108(com.qualcomm.ftcrobotcontroller) expire 14 lines
01-05 19:47:29.087 25370 25509 I chatty  : uid=10108(com.qualcomm.ftcrobotcontroller) expire 14 lines
01-05 19:47:29.097 25370 25514 I chatty  : uid=10108(com.qualcomm.ftcrobotcontroller) expire 1 line
01-05 19:47:29.110 25370 25509 I chatty  : uid=10108(com.qualcomm.ftcrobotcontroller) expire 7 lines
01-05 19:47:29.149 25370 25514 I chatty  : uid=10108(com.qualcomm.ftcrobotcontroller) expire 3 lines
01-05 19:47:29.152 25370 25509 I chatty  : uid=10108(com.qualcomm.ftcrobotcontroller) expire 3 lines
01-05 19:47:29.154 25370 25516 I chatty  : uid=10108(com.qualcomm.ftcrobotcontroller) expire 1 line
01-05 19:47:29.155 25370 25514 I chatty  : uid=10108(com.qualcomm.ftcrobotcontroller) expire 2 lines
01-05 19:47:29.157 25370 25509 I chatty  : uid=10108(com.qualcomm.ftcrobotcontroller) expire 2 lines
01-05 19:47:29.161 25370 25518 I chatty  : uid=10108(com.qualcomm.ftcrobotcontroller) expire 1 line
01-05 19:47:29.162 25370 25509 I chatty  : uid=10108(com.qualcomm.ftcrobotcontroller) expire 5 lines
01-05 19:47:29.169 25370 25519 I chatty  : uid=10108(com.qualcomm.ftcrobotcontroller) expire 1 line
01-05 19:47:29.172 25370 25509 I chatty  : uid=10108(com.qualcomm.ftcrobotcontroller) expire 6 lines
01-05 19:47:29.181 25370 25520 V RobotCore: thread: 'r/w loop: Modern Robotics USB DC Motor Controller [A104OQ1P]' starting...
01-05 19:47:29.181 25370 25509 D RobotCore: ...arming modern motor controller Modern Robotics USB DC Motor Controller [A104OQ1P] complete
01-05 19:47:29.181 25370 25509 V RobotCore: Creating Modern Robotics USB DC Motor Controller [AL00VWH0]
01-05 19:47:29.182 25370 25509 D RobotCore: arming modern motor controller Modern Robotics USB DC Motor Controller [AL00VWH0]...
01-05 19:47:29.182 25370 25509 W System.err: unable to find USB device with serial number AL00VWH0
01-05 19:47:29.182 25370 25509 D RobotCore: arming modern motor controller Modern Robotics USB DC Motor Controller [AL00VWH0] (pretend)...
01-05 19:47:29.182 25370 25509 V RobotCore: Starting up pretend device AL00VWH0
01-05 19:47:29.183 25370 25521 V RobotCore: thread: 'r/w loop: Modern Robotics USB DC Motor Controller [AL00VWH0]' starting...
01-05 19:47:29.184 25370 25509 D RobotCore: ...arming modern motor controller Modern Robotics USB DC Motor Controller [AL00VWH0] complete
01-05 19:47:29.184 25370 25509 V RobotCore: Creating Modern Robotics USB DC Motor Controller [AI049QOP]
01-05 19:47:29.184 25370 25509 D RobotCore: arming modern motor controller Modern Robotics USB DC Motor Controller [AI049QOP]...
01-05 19:47:29.185 25370 25509 W System.err: unable to find USB device with serial number AI049QOP
01-05 19:47:29.185 25370 25509 D RobotCore: arming modern motor controller Modern Robotics USB DC Motor Controller [AI049QOP] (pretend)...
01-05 19:47:29.185 25370 25509 V RobotCore: Starting up pretend device AI049QOP
01-05 19:47:29.186 25370 25522 V RobotCore: thread: 'r/w loop: Modern Robotics USB DC Motor Controller [AI049QOP]' starting...
01-05 19:47:29.187 25370 25509 D RobotCore: ...arming modern motor controller Modern Robotics USB DC Motor Controller [AI049QOP] complete
01-05 19:47:29.187 25370 25509 V RobotCore: Creating Modern Robotics USB DC Motor Controller [AL00VBIF]
01-05 19:47:29.187 25370 25509 D RobotCore: arming modern motor controller Modern Robotics USB DC Motor Controller [AL00VBIF]...
01-05 19:47:29.188 25370 25509 W System.err: unable to find USB device with serial number AL00VBIF
01-05 19:47:29.188 25370 25509 D RobotCore: arming modern motor controller Modern Robotics USB DC Motor Controller [AL00VBIF] (pretend)...
01-05 19:47:29.188 25370 25509 V RobotCore: Starting up pretend device AL00VBIF
01-05 19:47:29.189 25370 25523 V RobotCore: thread: 'r/w loop: Modern Robotics USB DC Motor Controller [AL00VBIF]' starting...
01-05 19:47:29.189 25370 25509 D RobotCore: ...arming modern motor controller Modern Robotics USB DC Motor Controller [AL00VBIF] complete
01-05 19:47:29.206 25370 25509 I RobotCore: Analytics has completed initialization.
01-05 19:47:29.206 25370 25509 I RobotCore: ========= Device Information ===================================================
01-05 19:47:29.206 25370 25509 I RobotCore: Type                                               Name                           Connection
01-05 19:47:29.207 25370 25509 I RobotCore: Modern Robotics USB DC Motor Controller            Shooter                        USB AI049QOP
01-05 19:47:29.208 25370 25509 I RobotCore: I2cDevice                                          color                          USB AL00VFK6; port 4
01-05 19:47:29.208 25370 25509 I RobotCore: DC Motor                                           rightFront                     USB AL00VWH0; port 1
01-05 19:47:29.208 25370 25509 I RobotCore: Modern Robotics USB DC Motor Controller            Front Motors                   USB AL00VWH0
01-05 19:47:29.208 25370 25509 I RobotCore: Modern Robotics USB DC Motor Controller            Back Motors                    USB A104OQ1P
01-05 19:47:29.208 25370 25509 I RobotCore: DC Motor                                           leftBack                       USB A104OQ1P; port 2
01-05 19:47:29.208 25370 25509 I RobotCore: Servo                                              upDown                         USB AL00VSDY; port 1
01-05 19:47:29.208 25370 25509 I RobotCore: DC Motor                                           shooter2                       USB AI049QOP; port 2
01-05 19:47:29.208 25370 25509 I RobotCore: DC Motor                                           shooter1                       USB AI049QOP; port 1
01-05 19:47:29.208 25370 25509 I RobotCore: DC Motor                                           leftFront                      USB AL00VWH0; port 2
01-05 19:47:29.208 25370 25509 I RobotCore: DC Motor                                           rightBack                      USB A104OQ1P; port 1
01-05 19:47:29.208 25370 25509 I RobotCore: DC Motor                                           intake2                        USB AL00VBIF; port 2
01-05 19:47:29.209 25370 25509 I RobotCore: DC Motor                                           intake1                        USB AL00VBIF; port 1
01-05 19:47:29.209 25370 25509 I RobotCore: Servo                                              ballFeeder                     USB AL00VSDY; port 2
01-05 19:47:29.209 25370 25509 I RobotCore: Modern Robotics USB DC Motor Controller            Intake                         USB AL00VBIF
01-05 19:47:29.209 25370 25509 I RobotCore: Modern Robotics USB Core Device Interface Module   Sensors                        USB AL00VFK6
01-05 19:47:29.209 25370 25509 I RobotCore: Modern Robotics USB Servo Controller               Servos                         USB AL00VSDY
01-05 19:47:29.209 25370 25509 I RobotCore: Modern Robotics Gyro                               gyro                           USB AL00VFK6; I2C port: 3
01-05 19:47:29.209 25370 25509 I RobotCore: Modern Robotics Analog Optical Distance Sensor     ods                            USB AL00VFK6; analog port 7
01-05 19:47:29.209 25370 25509 I FIRST   : ======= INIT FINISH =======
01-05 19:47:29.209 25370 25509 V RobotCore: EventLoopManager state is RUNNING
01-05 19:47:29.220 25370 25509 V RobotCore: Robot Status: running, starting robot
01-05 19:47:29.220 25370 25509 V RobotCore: Robot Status: running
01-05 19:47:29.221 25370 25509 V RobotCore: thread: ...terminating 'RobotSetupRunnable.run()'
01-05 19:47:29.222 25370 25528 V RobotCore: thread: 'opmode loop()' starting...
01-05 19:47:29.228 25370 25528 D RobotCore: system telemetry: key=$System$Warning$ msg="unable to open Modern Robotics USB Core Device Interface Module [AL00VFK6]; unable to open Modern Robotics USB DC Motor Controller [AL00VWH0]; unable to open Modern Robotics USB Servo Controller [AL00VSDY]; unable to open Modern Robotics USB DC Motor Controller [A104OQ1P]; unable to open Modern Robotics USB DC Motor Controller [AL00VBIF]; unable to open Modern Robotics USB DC Motor Controller [AI049QOP]"
01-05 19:47:29.245 25370 25527 D MediaPlayer: setSubtitleAnchor in MediaPlayer
01-05 19:47:29.258 25370 25370 E MediaPlayer: invoke failed: wrong state 8
01-05 19:47:29.258 25370 25370 W MediaPlayer: mediaplayer went away with unhandled events
01-05 19:47:29.290 25370 25525 D ExtendedUtils: extended extractor not needed, return default
01-05 19:47:29.291 25370 25525 I MediaCodec: (0xb76430c8) init name(audio/raw) isType(1) encoder(0)
01-05 19:47:29.293 25370 25532 I OMXClient: Using client-side OMX mux.
01-05 19:47:29.297 25370 25532 E OMXMaster: A component of name 'OMX.qcom.audio.decoder.aac' already exists, ignoring this one.
01-05 19:47:29.299 25370 25532 I MediaCodec: (0xb76430c8) Component Allocated (OMX.google.raw.decoder)
01-05 19:47:29.299 25370 25525 I MediaCodec: (0xb76430c8) configure surface(0x0) crypto(0x0) flags(0)
01-05 19:47:29.300 25370 25525 D MediaCodec: (0xb76430c8) configure format: AMessage(what = 0x00000000) = {
01-05 19:47:29.300 25370 25525 D MediaCodec:    string mime = "audio/raw"
01-05 19:47:29.300 25370 25525 D MediaCodec:    int64_t durationUs = 1019125
01-05 19:47:29.300 25370 25525 D MediaCodec:    int32_t channel-count = 1
01-05 19:47:29.300 25370 25525 D MediaCodec:    int32_t sample-rate = 8000
01-05 19:47:29.300 25370 25525 D MediaCodec:    int32_t channel-mask = 0
01-05 19:47:29.300 25370 25525 D MediaCodec:  }
01-05 19:47:29.301 25370 25525 I MediaCodec: (0xb76430c8) start
01-05 19:47:29.302 25370 25532 I MediaCodec: (0xb76430c8) input buffers allocated
01-05 19:47:29.302 25370 25532 I MediaCodec: (0xb76430c8) numBuffers (4)
01-05 19:47:29.302 25370 25532 I MediaCodec: (0xb76430c8) output buffers allocated
01-05 19:47:29.302 25370 25532 I MediaCodec: (0xb76430c8) numBuffers (4)
01-05 19:47:29.303 25370 25532 I MediaCodec: (0xb76430c8) codec output format changed
01-05 19:47:29.303 25370 25532 D MediaCodec: (0xb76430c8) output format: AMessage(what = 'codc', target = 2) = {
01-05 19:47:29.303 25370 25532 D MediaCodec:    string mime = "audio/raw"
01-05 19:47:29.303 25370 25532 D MediaCodec:    int32_t channel-count = 1
01-05 19:47:29.303 25370 25532 D MediaCodec:    int32_t sample-rate = 8000
01-05 19:47:29.303 25370 25532 D MediaCodec:    int32_t channel-mask = 0
01-05 19:47:29.303 25370 25532 D MediaCodec:    int32_t what = 1869968451
01-05 19:47:29.303 25370 25532 D MediaCodec:  }
01-05 19:47:29.304 25370 25525 I MediaCodec: (0xb76430c8) stop
01-05 19:47:29.305 25370 25525 I MediaCodec: (0xb76430c8) release
01-05 19:47:29.314 25370 25527 W AudioTrack: AUDIO_OUTPUT_FLAG_FAST denied by client; transfer 4, track 8000 Hz, output 48000 Hz
01-05 19:47:29.337 25370 25527 D MediaPlayer: setSubtitleAnchor in MediaPlayer
01-05 19:47:29.337 25370 25370 D MediaPlayer: setSubtitleAnchor in MediaPlayer
01-05 19:47:29.355 25370 25525 D ExtendedUtils: extended extractor not needed, return default
01-05 19:47:29.356 25370 25525 I MediaCodec: (0xb7623f60) init name(audio/raw) isType(1) encoder(0)
01-05 19:47:29.358 25370 25539 I OMXClient: Using client-side OMX mux.
01-05 19:47:29.360 25370 25539 E OMXMaster: A component of name 'OMX.qcom.audio.decoder.aac' already exists, ignoring this one.
01-05 19:47:29.362 25370 25539 I MediaCodec: (0xb7623f60) Component Allocated (OMX.google.raw.decoder)
01-05 19:47:29.362 25370 25525 I MediaCodec: (0xb7623f60) configure surface(0x0) crypto(0x0) flags(0)
01-05 19:47:29.362 25370 25525 D MediaCodec: (0xb7623f60) configure format: AMessage(what = 0x00000000) = {
01-05 19:47:29.362 25370 25525 D MediaCodec:    string mime = "audio/raw"
01-05 19:47:29.362 25370 25525 D MediaCodec:    int64_t durationUs = 1043650
01-05 19:47:29.362 25370 25525 D MediaCodec:    int32_t channel-count = 2
01-05 19:47:29.362 25370 25525 D MediaCodec:    int32_t sample-rate = 44100
01-05 19:47:29.362 25370 25525 D MediaCodec:    int32_t channel-mask = 0
01-05 19:47:29.362 25370 25525 D MediaCodec:  }
01-05 19:47:29.363 25370 25525 I MediaCodec: (0xb7623f60) start
01-05 19:47:29.363 25370 25539 I MediaCodec: (0xb7623f60) input buffers allocated
01-05 19:47:29.363 25370 25539 I MediaCodec: (0xb7623f60) numBuffers (4)
01-05 19:47:29.363 25370 25539 I MediaCodec: (0xb7623f60) output buffers allocated
01-05 19:47:29.363 25370 25539 I MediaCodec: (0xb7623f60) numBuffers (4)
01-05 19:47:29.365 25370 25539 I MediaCodec: (0xb7623f60) codec output format changed
01-05 19:47:29.365 25370 25539 D MediaCodec: (0xb7623f60) output format: AMessage(what = 'codc', target = 6) = {
01-05 19:47:29.365 25370 25539 D MediaCodec:    string mime = "audio/raw"
01-05 19:47:29.365 25370 25539 D MediaCodec:    int32_t channel-count = 2
01-05 19:47:29.365 25370 25539 D MediaCodec:    int32_t sample-rate = 44100
01-05 19:47:29.365 25370 25539 D MediaCodec:    int32_t channel-mask = 0
01-05 19:47:29.365 25370 25539 D MediaCodec:    int32_t what = 1869968451
01-05 19:47:29.365 25370 25539 D MediaCodec:  }
01-05 19:47:29.369 25370 25525 I MediaCodec: (0xb7623f60) stop
01-05 19:47:29.371 25370 25525 I MediaCodec: (0xb7623f60) release
01-05 19:47:29.448 25370 25516 D Robocol : no packet received: SocketTimeoutException
01-05 19:47:29.521 25370 25516 V PeerDiscovery: new remote peer discovered: 192.168.49.134
01-05 19:47:29.521 25370 25516 D Robocol : RobocolDatagramSocket connected to /192.168.49.134:20884
01-05 19:47:29.522 25370 25516 V NetworkConnectionHandler: starting sending loop
01-05 19:47:29.522 25370 25516 V Robocol : SendOnceRunnable created
01-05 19:47:29.523 25370 25516 V RobotCore: Network: active, connected
01-05 19:47:29.563 25370 25542 V Robocol : sending CMD_REQUEST_USER_SENSOR_LIST_RESP(10), attempt: 0
01-05 19:47:29.563 25370 25516 V Robocol : received command: CMD_REQUEST_OP_MODE_LIST(10001) 
01-05 19:47:29.579 25370 25516 V Robocol : received command: CMD_REQUEST_ACTIVE_CONFIGURATION(10002) 
01-05 19:47:29.603 25370 25542 V Robocol : sending CMD_REQUEST_OP_MODE_LIST_RESP(16), attempt: 0
01-05 19:47:29.603 25370 25542 V Robocol : sending CMD_REQUEST_USER_SENSOR_LIST_RESP(17), attempt: 0
01-05 19:47:29.604 25370 25542 V Robocol : sending CMD_REQUEST_ACTIVE_CONFIGURATION_RESP(22), attempt: 0
01-05 19:47:29.605 25370 25516 V Robocol : received command: CMD_REQUEST_USER_SENSOR_LIST_RESP(10) [{"description":"a MR compass sensor","flavor":"I2C","name":"MR Compass Sensor","xmlTag":"ModernRoboticsI2cCompassSensor"},{"description":"an Adafruit IMU","flavor":"I2C","name":"Adafruit IMU","xmlTag":"AdafruitBNO055IMU"},{"description":"a MR range sensor","flavor":"I2C","name":"MR Range Sensor","xmlTag":"ModernRoboticsI2cRangeSensor"}]
01-05 19:47:29.641 25370 25516 V Robocol : received command: CMD_REQUEST_OP_MODE_LIST_RESP(16) [{"flavor":"TELEOP","group":"Test","name":"RunAMotorOrTwo"},{"flavor":"TELEOP","group":"Test","name":"ShooterControl"},{"flavor":"TELEOP","group":"Test","name":"ShooterData"},{"flavor":"AUTONOMOUS","group":"Test","name":"WestCoastBluePID_AutoTest"},{"flavor":"AUTONOMOUS","group":"Test","name":"WestCoastRedPID_AutoTest"},{"flavor":"TELEOP","group":"Competition","name":"FinalTeleOp"}]
01-05 19:47:29.642 25370 25516 V Robocol : received command: CMD_INIT_OP_MODE(10012) $Stop$Robot$
01-05 19:47:29.644 25370 25516 V Robocol : received command: CMD_REQUEST_USER_SENSOR_LIST_RESP(17) [{"description":"a MR compass sensor","flavor":"I2C","name":"MR Compass Sensor","xmlTag":"ModernRoboticsI2cCompassSensor"},{"description":"an Adafruit IMU","flavor":"I2C","name":"Adafruit IMU","xmlTag":"AdafruitBNO055IMU"},{"description":"a MR range sensor","flavor":"I2C","name":"MR Range Sensor","xmlTag":"ModernRoboticsI2cRangeSensor"}]
01-05 19:47:29.644 25370 25516 V Robocol : received command: CMD_REQUEST_ACTIVE_CONFIGURATION_RESP(22) {"isDirty":false,"location":"LOCAL_STORAGE","name":"WestCoastTank_all+intake","resourceId":0}
01-05 19:47:29.730 25370 25528 I RobotCore: Attempting to switch to op mode $Stop$Robot$
01-05 19:47:29.762 25370 25542 V Robocol : sending CMD_INIT_OP_MODE_RESP(33), attempt: 0
01-05 19:47:29.802 25370 25516 V Robocol : received command: CMD_INIT_OP_MODE_RESP(33) $Stop$Robot$
01-05 19:47:29.984 25370 25528 I RobotCore: robot battery read duration: n=0, mean=0.000ms sd=-0.000ms
01-05 19:47:30.332 25370 25527 W AudioTrack: AUDIO_OUTPUT_FLAG_FAST denied by client; transfer 4, track 44100 Hz, output 48000 Hz
01-05 19:47:30.353 25370 25527 D MediaPlayer: setSubtitleAnchor in MediaPlayer
01-05 19:47:30.354 25370 25370 D MediaPlayer: setSubtitleAnchor in MediaPlayer
01-05 19:47:30.368 25370 25525 D ExtendedUtils: extended extractor not needed, return default
01-05 19:47:30.369 25370 25525 I MediaCodec: (0xb7489c90) init name(audio/raw) isType(1) encoder(0)
01-05 19:47:30.371 25370 25548 I OMXClient: Using client-side OMX mux.
01-05 19:47:30.375 25370 25548 E OMXMaster: A component of name 'OMX.qcom.audio.decoder.aac' already exists, ignoring this one.
01-05 19:47:30.377 25370 25548 I MediaCodec: (0xb7489c90) Component Allocated (OMX.google.raw.decoder)
01-05 19:47:30.377 25370 25525 I MediaCodec: (0xb7489c90) configure surface(0x0) crypto(0x0) flags(0)
01-05 19:47:30.377 25370 25525 D MediaCodec: (0xb7489c90) configure format: AMessage(what = 0x00000000) = {
01-05 19:47:30.377 25370 25525 D MediaCodec:    string mime = "audio/raw"
01-05 19:47:30.377 25370 25525 D MediaCodec:    int64_t durationUs = 485011
01-05 19:47:30.377 25370 25525 D MediaCodec:    int32_t channel-count = 2
01-05 19:47:30.377 25370 25525 D MediaCodec:    int32_t sample-rate = 44100
01-05 19:47:30.377 25370 25525 D MediaCodec:    int32_t channel-mask = 0
01-05 19:47:30.377 25370 25525 D MediaCodec:  }
01-05 19:47:30.379 25370 25525 I MediaCodec: (0xb7489c90) start
01-05 19:47:30.380 25370 25548 I MediaCodec: (0xb7489c90) input buffers allocated
01-05 19:47:30.380 25370 25548 I MediaCodec: (0xb7489c90) numBuffers (4)
01-05 19:47:30.380 25370 25548 I MediaCodec: (0xb7489c90) output buffers allocated
01-05 19:47:30.380 25370 25548 I MediaCodec: (0xb7489c90) numBuffers (4)
01-05 19:47:30.381 25370 25548 I MediaCodec: (0xb7489c90) codec output format changed
01-05 19:47:30.381 25370 25548 D MediaCodec: (0xb7489c90) output format: AMessage(what = 'codc', target = 10) = {
01-05 19:47:30.381 25370 25548 D MediaCodec:    string mime = "audio/raw"
01-05 19:47:30.381 25370 25548 D MediaCodec:    int32_t channel-count = 2
01-05 19:47:30.381 25370 25548 D MediaCodec:    int32_t sample-rate = 44100
01-05 19:47:30.381 25370 25548 D MediaCodec:    int32_t channel-mask = 0
01-05 19:47:30.381 25370 25548 D MediaCodec:    int32_t what = 1869968451
01-05 19:47:30.381 25370 25548 D MediaCodec:  }
01-05 19:47:30.383 25370 25525 I MediaCodec: (0xb7489c90) stop
01-05 19:47:30.384 25370 25525 I MediaCodec: (0xb7489c90) release
01-05 19:47:31.377 25370 25527 W AudioTrack: AUDIO_OUTPUT_FLAG_FAST denied by client; transfer 4, track 44100 Hz, output 48000 Hz
01-05 19:47:32.312 25370 25370 V RCActivity: onPause()
01-05 19:47:33.540 25370 25376 I art     : Debugger is no longer active
01-05 19:47:33.592 25370 25370 V RCActivity: onResume()
01-05 19:47:45.948 25370 25370 V RCActivity: onPause()
01-05 19:47:45.960 25370 25370 V RCActivity: onStop()
01-05 19:47:45.961 25370 25370 V RobotCore: executive service robot setup is terminated
01-05 19:47:45.961 25370 25370 V Robocol : EventLoopManager.shutdown()
01-05 19:47:45.961 25370 25370 V RobotCore: waiting for service EventLoop
01-05 19:47:45.961 25370 25528 V RobotCore: EventLoopRunnable interrupted
01-05 19:47:45.961 25370 25528 V RobotCore: EventLoopManager state is STOPPED
01-05 19:47:45.961 25370 25528 V RobotCore: Robot Status: stopped
01-05 19:47:45.961 25370 25528 I FIRST   : ======= TEARDOWN =======
01-05 19:47:45.962 25370 25528 D RobotCore: disarming modern motor controller Modern Robotics USB DC Motor Controller [AL00VWH0]...
01-05 19:47:45.964 25370 25521 V RobotCore: thread: ...terminating 'r/w loop: Modern Robotics USB DC Motor Controller [AL00VWH0]'
01-05 19:47:45.964 25370 25528 V RobotCore: waiting for service ReadWriteRunnable for Modern Robotics USB Device
01-05 19:47:45.964 25370 25528 V RobotCore: awaitTermination returned, isTerminated=true
01-05 19:47:45.964 25370 25528 V RobotCore: executive service ReadWriteRunnable for Modern Robotics USB Device is terminated
01-05 19:47:45.964 25370 25528 D RobotCore: ...disarming modern motor controller Modern Robotics USB DC Motor Controller [AL00VWH0] complete
01-05 19:47:45.964 25370 25528 D RobotCore: disarming modern motor controller Modern Robotics USB DC Motor Controller [AL00VBIF]...
01-05 19:47:45.975 25370 25523 V RobotCore: thread: ...terminating 'r/w loop: Modern Robotics USB DC Motor Controller [AL00VBIF]'
01-05 19:47:45.975 25370 25528 V RobotCore: waiting for service ReadWriteRunnable for Modern Robotics USB Device
01-05 19:47:45.975 25370 25528 V RobotCore: awaitTermination returned, isTerminated=true
01-05 19:47:45.975 25370 25528 V RobotCore: executive service ReadWriteRunnable for Modern Robotics USB Device is terminated
01-05 19:47:45.975 25370 25528 D RobotCore: ...disarming modern motor controller Modern Robotics USB DC Motor Controller [AL00VBIF] complete
01-05 19:47:45.975 25370 25528 D RobotCore: disarming modern motor controller Modern Robotics USB DC Motor Controller [AI049QOP]...
01-05 19:47:45.983 25370 25528 V RobotCore: waiting for service ReadWriteRunnable for Modern Robotics USB Device
01-05 19:47:45.983 25370 25522 V RobotCore: thread: ...terminating 'r/w loop: Modern Robotics USB DC Motor Controller [AI049QOP]'
01-05 19:47:45.984 25370 25528 V RobotCore: awaitTermination returned, isTerminated=true
01-05 19:47:45.984 25370 25528 V RobotCore: executive service ReadWriteRunnable for Modern Robotics USB Device is terminated
01-05 19:47:45.984 25370 25528 D RobotCore: ...disarming modern motor controller Modern Robotics USB DC Motor Controller [AI049QOP] complete
01-05 19:47:45.984 25370 25528 D RobotCore: disarming modern motor controller Modern Robotics USB DC Motor Controller [A104OQ1P]...
01-05 19:47:45.985 25370 25520 V RobotCore: thread: ...terminating 'r/w loop: Modern Robotics USB DC Motor Controller [A104OQ1P]'
01-05 19:47:45.985 25370 25528 V RobotCore: waiting for service ReadWriteRunnable for Modern Robotics USB Device
01-05 19:47:45.985 25370 25528 V RobotCore: awaitTermination returned, isTerminated=true
01-05 19:47:45.986 25370 25528 V RobotCore: executive service ReadWriteRunnable for Modern Robotics USB Device is terminated
