01-15 23:24:50.941 13565 13667 I RobotCore: SHOOTER RPM2: 782.4706623840552
01-15 23:24:50.951 13565 13667 I RobotCore: SHOOTER power: 0.3020000000000001
01-15 23:24:50.951 13565 13667 I RobotCore: SHOOTER RPM1: 1176.0231552373536
01-15 23:24:50.951 13565 13667 I RobotCore: SHOOTER RPM2: 1306.6923947081707
01-15 23:24:50.962 13565 13667 I RobotCore: SHOOTER power: 0.3020000000000001
01-15 23:24:50.962 13565 13667 I RobotCore: SHOOTER RPM1: 1567.076090716823
01-15 23:24:50.962 13565 13667 I RobotCore: SHOOTER RPM2: 1436.486416490421
01-15 23:24:50.972 13565 13667 I RobotCore: SHOOTER power: 0.3020000000000001
01-15 23:24:50.972 13565 13667 I RobotCore: SHOOTER RPM1: 776.7936943844359
01-15 23:24:50.972 13565 13667 I RobotCore: SHOOTER RPM2: 776.7936943844359
01-15 23:24:50.982 13565 13667 I RobotCore: SHOOTER power: 0.3020000000000001
01-15 23:24:50.983 13565 13667 I RobotCore: SHOOTER RPM1: 1441.9220122008048
01-15 23:24:50.983 13565 13667 I RobotCore: SHOOTER RPM2: 1310.8381929098225
01-15 23:24:50.993 13565 13667 I RobotCore: SHOOTER power: 0.3020000000000001
01-15 23:24:50.993 13565 13667 I RobotCore: SHOOTER RPM1: 1803.0718512696105
01-15 23:24:50.993 13565 13667 I RobotCore: SHOOTER RPM2: 1931.8626977888684
01-15 23:24:51.003 13565 13667 I RobotCore: SHOOTER power: 0.3020000000000001
01-15 23:24:51.003 13565 13667 I RobotCore: SHOOTER RPM1: 1290.1434621209842
01-15 23:24:51.003 13565 13667 I RobotCore: SHOOTER RPM2: 1161.1291159088858
01-15 23:24:51.014 13565 13667 I RobotCore: SHOOTER power: 0.3020000000000001
01-15 23:24:51.014 13565 13667 I RobotCore: SHOOTER RPM1: 0.0
01-15 23:24:51.014 13565 13667 I RobotCore: SHOOTER RPM2: 0.0
01-15 23:24:51.025 13565 13667 I RobotCore: SHOOTER power: 0.3030000000000001
01-15 23:24:51.025 13565 13667 I RobotCore: SHOOTER RPM1: 2036.8732724259341
01-15 23:24:51.025 13565 13667 I RobotCore: SHOOTER RPM2: 2036.8732724259341
01-15 23:24:51.035 13565 13667 I RobotCore: SHOOTER power: 0.3030000000000001
01-15 23:24:51.035 13565 13667 I RobotCore: SHOOTER RPM1: 1672.2887814882718
01-15 23:24:51.035 13565 13667 I RobotCore: SHOOTER RPM2: 1672.2887814882718
01-15 23:24:51.045 13565 13667 I RobotCore: SHOOTER power: 0.3030000000000001
01-15 23:24:51.045 13565 13667 I RobotCore: SHOOTER RPM1: 1306.3897279997038
01-15 23:24:51.045 13565 13667 I RobotCore: SHOOTER RPM2: 1306.3897279997038
01-15 23:24:51.056 13565 13667 I RobotCore: SHOOTER power: 0.3030000000000001
01-15 23:24:51.056 13565 13667 I RobotCore: SHOOTER RPM1: 1031.448009169449
01-15 23:24:51.056 13565 13667 I RobotCore: SHOOTER RPM2: 1031.448009169449
01-15 23:24:51.066 13565 13667 I RobotCore: SHOOTER power: 0.3030000000000001
01-15 23:24:51.066 13565 13667 I RobotCore: SHOOTER RPM1: 1162.973876577831
01-15 23:24:51.066 13565 13667 I RobotCore: SHOOTER RPM2: 1292.1931961975902
01-15 23:24:51.077 13565 13667 I RobotCore: SHOOTER power: 0.3030000000000001
01-15 23:24:51.077 13565 13667 I RobotCore: SHOOTER RPM1: 1271.8787695625003
01-15 23:24:51.077 13565 13667 I RobotCore: SHOOTER RPM2: 1144.6908926062504
01-15 23:24:51.087 13565 13667 I RobotCore: SHOOTER power: 0.3030000000000001
01-15 23:24:51.087 13565 13667 I RobotCore: SHOOTER RPM1: 1178.7420040461811
01-15 23:24:51.087 13565 13667 I RobotCore: SHOOTER RPM2: 1178.7420040461811
01-15 23:24:51.098 13565 13667 I RobotCore: SHOOTER power: 0.3030000000000001
01-15 23:24:51.098 13565 13667 I RobotCore: SHOOTER RPM1: 1136.3409898911814
01-15 23:24:51.098 13565 13667 I RobotCore: SHOOTER RPM2: 1136.3409898911814
01-15 23:24:51.108 13565 13667 I RobotCore: SHOOTER power: 0.3030000000000001
01-15 23:24:51.108 13565 13667 I RobotCore: SHOOTER RPM1: 1437.8394879547193
01-15 23:24:51.108 13565 13667 I RobotCore: SHOOTER RPM2: 1437.8394879547193
01-15 23:24:51.119 13565 13667 I RobotCore: SHOOTER power: 0.3030000000000001
01-15 23:24:51.119 13565 13667 I RobotCore: SHOOTER RPM1: 1952.3300965991068
01-15 23:24:51.119 13565 13667 I RobotCore: SHOOTER RPM2: 1952.3300965991068
01-15 23:24:51.129 13565 13667 I RobotCore: SHOOTER power: 0.3040000000000001
01-15 23:24:51.129 13565 13667 I RobotCore: SHOOTER RPM1: 776.4373099494986
01-15 23:24:51.129 13565 13667 I RobotCore: SHOOTER RPM2: 776.4373099494986
01-15 23:24:51.139 13565 13667 I RobotCore: SHOOTER power: 0.3040000000000001
01-15 23:24:51.139 13565 13667 I RobotCore: SHOOTER RPM1: 1308.8610110335624
01-15 23:24:51.140 13565 13667 I RobotCore: SHOOTER RPM2: 1177.974909930206
01-15 23:24:51.150 13565 13667 I RobotCore: SHOOTER power: 0.3040000000000001
01-15 23:24:51.150 13565 13667 I RobotCore: SHOOTER RPM1: 1568.6708242160441
01-15 23:24:51.150 13565 13667 I RobotCore: SHOOTER RPM2: 1699.3933929007146
01-15 23:24:51.160 13565 13667 I RobotCore: SHOOTER power: 0.3040000000000001
01-15 23:24:51.160 13565 13667 I RobotCore: SHOOTER RPM1: 906.4357703692077
01-15 23:24:51.160 13565 13667 I RobotCore: SHOOTER RPM2: 906.4357703692077
01-15 23:24:51.171 13565 13667 I RobotCore: SHOOTER power: 0.3040000000000001
01-15 23:24:51.171 13565 13667 I RobotCore: SHOOTER RPM1: 1294.2493297716903
01-15 23:24:51.171 13565 13667 I RobotCore: SHOOTER RPM2: 1294.2493297716903
01-15 23:24:51.181 13565 13667 I RobotCore: SHOOTER power: 0.3040000000000001
01-15 23:24:51.181 13565 13667 I RobotCore: SHOOTER RPM1: 1690.552196897938
01-15 23:24:51.181 13565 13667 I RobotCore: SHOOTER RPM2: 1690.552196897938
01-15 23:24:51.191 13565 13667 I RobotCore: SHOOTER power: 0.3040000000000001
01-15 23:24:51.191 13565 13667 I RobotCore: SHOOTER RPM1: 1313.2932936649067
01-15 23:24:51.191 13565 13667 I RobotCore: SHOOTER RPM2: 1181.9639642984162
01-15 23:24:51.202 13565 13667 I RobotCore: SHOOTER power: 0.3040000000000001
01-15 23:24:51.202 13565 13667 I RobotCore: SHOOTER RPM1: 0.0
01-15 23:24:51.202 13565 13667 I RobotCore: SHOOTER RPM2: 0.0
01-15 23:24:51.212 13565 13667 I RobotCore: SHOOTER power: 0.3040000000000001
01-15 23:24:51.212 13565 13667 I RobotCore: SHOOTER RPM1: 1945.041579413182
01-15 23:24:51.212 13565 13667 I RobotCore: SHOOTER RPM2: 2074.7110180407276
01-15 23:24:51.222 13565 13667 I RobotCore: SHOOTER power: 0.3040000000000001
01-15 23:24:51.223 13565 13667 I RobotCore: SHOOTER RPM1: 1311.6267672645922
01-15 23:24:51.223 13565 13667 I RobotCore: SHOOTER RPM2: 1180.464090538133
01-15 23:24:51.257 13565 13667 I RobotCore: SHOOTER power: 0.3050000000000001
01-15 23:24:51.257 13565 13667 I RobotCore: SHOOTER RPM1: 1492.7741415226992
01-15 23:24:51.257 13565 13667 I RobotCore: SHOOTER RPM2: 1492.7741415226992
01-15 23:24:51.267 13565 13667 I RobotCore: SHOOTER power: 0.3050000000000001
01-15 23:24:51.267 13565 13667 I RobotCore: SHOOTER RPM1: 0.0
01-15 23:24:51.267 13565 13667 I RobotCore: SHOOTER RPM2: 0.0
01-15 23:24:51.279 13565 13667 I RobotCore: SHOOTER power: 0.3050000000000001
01-15 23:24:51.279 13565 13667 I RobotCore: SHOOTER RPM1: 1153.306878195819
01-15 23:24:51.279 13565 13667 I RobotCore: SHOOTER RPM2: 1153.306878195819
01-15 23:24:51.289 13565 13667 I RobotCore: SHOOTER power: 0.3050000000000001
01-15 23:24:51.289 13565 13667 I RobotCore: SHOOTER RPM1: 1962.0545709377102
01-15 23:24:51.289 13565 13667 I RobotCore: SHOOTER RPM2: 1962.0545709377102
01-15 23:24:51.300 13565 13667 I RobotCore: SHOOTER power: 0.3050000000000001
01-15 23:24:51.300 13565 13667 I RobotCore: SHOOTER RPM1: 1566.6500641796476
01-15 23:24:51.300 13565 13667 I RobotCore: SHOOTER RPM2: 1566.6500641796476
01-15 23:24:51.310 13565 13667 I RobotCore: SHOOTER power: 0.3050000000000001
01-15 23:24:51.310 13565 13667 I RobotCore: SHOOTER RPM1: 520.0969343143655
01-15 23:24:51.310 13565 13667 I RobotCore: SHOOTER RPM2: 520.0969343143655
01-15 23:24:51.320 13565 13667 I RobotCore: SHOOTER power: 0.3050000000000001
01-15 23:24:51.321 13565 13667 I RobotCore: SHOOTER RPM1: 2320.6774261626583
01-15 23:24:51.321 13565 13667 I RobotCore: SHOOTER RPM2: 2320.6774261626583
01-15 23:24:51.331 13565 13667 I RobotCore: SHOOTER power: 0.3050000000000001
01-15 23:24:51.331 13565 13667 I RobotCore: SHOOTER RPM1: 1033.8111022421606
01-15 23:24:51.331 13565 13667 I RobotCore: SHOOTER RPM2: 1033.8111022421606
01-15 23:24:51.341 13565 13667 I RobotCore: SHOOTER power: 0.3050000000000001
01-15 23:24:51.342 13565 13667 I RobotCore: SHOOTER RPM1: 1030.0966532479067
01-15 23:24:51.342 13565 13667 I RobotCore: SHOOTER RPM2: 901.3345715919183
01-15 23:24:51.352 13565 13667 I RobotCore: SHOOTER power: 0.3050000000000001
01-15 23:24:51.352 13565 13667 I RobotCore: SHOOTER RPM1: 1690.1372912042743
01-15 23:24:51.352 13565 13667 I RobotCore: SHOOTER RPM2: 1690.1372912042743
01-15 23:24:51.362 13565 13667 I RobotCore: SHOOTER power: 0.3060000000000001
01-15 23:24:51.362 13565 13667 I RobotCore: SHOOTER RPM1: 1175.5317670767502
01-15 23:24:51.362 13565 13667 I RobotCore: SHOOTER RPM2: 1306.1464078630559
01-15 23:24:51.373 13565 13667 I RobotCore: SHOOTER power: 0.3060000000000001
01-15 23:24:51.373 13565 13667 I RobotCore: SHOOTER RPM1: 1420.5210406608005
01-15 23:24:51.373 13565 13667 I RobotCore: SHOOTER RPM2: 1291.3827642370914
01-15 23:24:51.383 13565 13667 I RobotCore: SHOOTER power: 0.3060000000000001
01-15 23:24:51.383 13565 13667 I RobotCore: SHOOTER RPM1: 1290.9265643746958
01-15 23:24:51.383 13565 13667 I RobotCore: SHOOTER RPM2: 1290.9265643746958
01-15 23:24:51.394 13565 13667 I RobotCore: SHOOTER power: 0.3060000000000001
01-15 23:24:51.394 13565 13667 I RobotCore: SHOOTER RPM1: 1163.466395063624
01-15 23:24:51.394 13565 13667 I RobotCore: SHOOTER RPM2: 1163.466395063624
01-15 23:24:51.404 13565 13667 I RobotCore: SHOOTER power: 0.3060000000000001
01-15 23:24:51.404 13565 13667 I RobotCore: SHOOTER RPM1: 0.0
01-15 23:24:51.404 13565 13667 I RobotCore: SHOOTER RPM2: 0.0
01-15 23:24:51.414 13565 13667 I RobotCore: SHOOTER power: 0.3060000000000001
01-15 23:24:51.414 13565 13667 I RobotCore: SHOOTER RPM1: 3012.112971345227
01-15 23:24:51.414 13565 13667 I RobotCore: SHOOTER RPM2: 3012.112971345227
01-15 23:24:51.425 13565 13667 I RobotCore: SHOOTER power: 0.3060000000000001
01-15 23:24:51.425 13565 13667 I RobotCore: SHOOTER RPM1: 0.0
01-15 23:24:51.425 13565 13667 I RobotCore: SHOOTER RPM2: 0.0
01-15 23:24:51.435 13565 13667 I RobotCore: SHOOTER power: 0.3060000000000001
01-15 23:24:51.435 13565 13667 I RobotCore: SHOOTER RPM1: 2049.705869513644
01-15 23:24:51.435 13565 13667 I RobotCore: SHOOTER RPM2: 2049.705869513644
01-15 23:24:51.446 13565 13667 I RobotCore: SHOOTER power: 0.3060000000000001
01-15 23:24:51.446 13565 13667 I RobotCore: SHOOTER RPM1: 1047.4851932272238
01-15 23:24:51.446 13565 13667 I RobotCore: SHOOTER RPM2: 1047.4851932272238
01-15 23:24:51.456 13565 13667 I RobotCore: SHOOTER power: 0.3060000000000001
01-15 23:24:51.456 13565 13667 I RobotCore: SHOOTER RPM1: 906.8430547919289
01-15 23:24:51.456 13565 13667 I RobotCore: SHOOTER RPM2: 906.8430547919289
01-15 23:24:51.467 13565 13667 I RobotCore: SHOOTER power: 0.3070000000000001
01-15 23:24:51.467 13565 13667 I RobotCore: SHOOTER RPM1: 1934.29185300592
01-15 23:24:51.467 13565 13667 I RobotCore: SHOOTER RPM2: 1934.29185300592
01-15 23:24:51.477 13565 13667 I RobotCore: SHOOTER power: 0.3070000000000001
01-15 23:24:51.477 13565 13667 I RobotCore: SHOOTER RPM1: 1569.7463702970522
01-15 23:24:51.477 13565 13667 I RobotCore: SHOOTER RPM2: 1438.9341727722976
01-15 23:24:51.487 13565 13667 I RobotCore: SHOOTER power: 0.3070000000000001
01-15 23:24:51.487 13565 13667 I RobotCore: SHOOTER RPM1: 390.940603091037
01-15 23:24:51.487 13565 13667 I RobotCore: SHOOTER RPM2: 521.2541374547161
01-15 23:24:51.498 13565 13667 I RobotCore: SHOOTER power: 0.3070000000000001
01-15 23:24:51.498 13565 13667 I RobotCore: SHOOTER RPM1: 1156.7462709803378
01-15 23:24:51.498 13565 13667 I RobotCore: SHOOTER RPM2: 1156.7462709803378
01-15 23:24:51.508 13565 13667 I RobotCore: SHOOTER power: 0.3070000000000001
01-15 23:24:51.509 13565 13667 I RobotCore: SHOOTER RPM1: 1667.295831436453
01-15 23:24:51.509 13565 13667 I RobotCore: SHOOTER RPM2: 1539.0423059413413
01-15 23:24:51.519 13565 13667 I RobotCore: SHOOTER power: 0.3070000000000001
01-15 23:24:51.519 13565 13667 I RobotCore: SHOOTER RPM1: 902.4138621990106
01-15 23:24:51.519 13565 13667 I RobotCore: SHOOTER RPM2: 902.4138621990106
01-15 23:24:51.529 13565 13667 I RobotCore: SHOOTER power: 0.3070000000000001
01-15 23:24:51.529 13565 13667 I RobotCore: SHOOTER RPM1: 917.9068296034163
01-15 23:24:51.529 13565 13667 I RobotCore: SHOOTER RPM2: 1049.0363766896187
01-15 23:24:51.540 13565 13667 I RobotCore: SHOOTER power: 0.3070000000000001
01-15 23:24:51.540 13565 13667 I RobotCore: SHOOTER RPM1: 2314.666002771727
01-15 23:24:51.540 13565 13667 I RobotCore: SHOOTER RPM2: 2314.666002771727
01-15 23:24:51.551 13565 13667 I RobotCore: SHOOTER power: 0.3070000000000001
01-15 23:24:51.551 13565 13667 I RobotCore: SHOOTER RPM1: 0.0
01-15 23:24:51.551 13565 13667 I RobotCore: SHOOTER RPM2: 0.0
01-15 23:24:51.561 13565 13667 I RobotCore: SHOOTER power: 0.3070000000000001
01-15 23:24:51.561 13565 13667 I RobotCore: SHOOTER RPM1: 2324.755122112942
01-15 23:24:51.561 13565 13667 I RobotCore: SHOOTER RPM2: 2195.602059773334
01-15 23:24:51.572 13565 13667 I RobotCore: SHOOTER power: 0.3080000000000001
01-15 23:24:51.572 13565 13667 I RobotCore: SHOOTER RPM1: 0.0
01-15 23:24:51.572 13565 13667 I RobotCore: SHOOTER RPM2: 0.0
01-15 23:24:51.582 13565 13667 I RobotCore: SHOOTER power: 0.3080000000000001
01-15 23:24:51.582 13565 13667 I RobotCore: SHOOTER RPM1: 2850.9038281311996
01-15 23:24:51.582 13565 13667 I RobotCore: SHOOTER RPM2: 2980.4903657735267
01-15 23:24:51.592 13565 13667 I RobotCore: SHOOTER power: 0.3080000000000001
01-15 23:24:51.593 13565 13667 I RobotCore: SHOOTER RPM1: 917.1789936807469
01-15 23:24:51.593 13565 13667 I RobotCore: SHOOTER RPM2: 786.1534231549259
01-15 23:24:51.603 13565 13667 I RobotCore: SHOOTER power: 0.3080000000000001
01-15 23:24:51.603 13565 13667 I RobotCore: SHOOTER RPM1: 775.6751319274083
01-15 23:24:51.603 13565 13667 I RobotCore: SHOOTER RPM2: 775.6751319274083
01-15 23:24:51.613 13565 13667 I RobotCore: SHOOTER power: 0.3080000000000001
01-15 23:24:51.613 13565 13667 I RobotCore: SHOOTER RPM1: 1807.4140807244628
01-15 23:24:51.614 13565 13667 I RobotCore: SHOOTER RPM2: 1807.4140807244628
01-15 23:24:51.624 13565 13667 I RobotCore: SHOOTER power: 0.3080000000000001
01-15 23:24:51.624 13565 13667 I RobotCore: SHOOTER RPM1: 1406.714120146957
01-15 23:24:51.624 13565 13667 I RobotCore: SHOOTER RPM2: 1406.714120146957
01-15 23:24:51.634 13565 13667 I RobotCore: SHOOTER power: 0.3080000000000001
01-15 23:24:51.634 13565 13667 I RobotCore: SHOOTER RPM1: 1035.3943072726743
01-15 23:24:51.634 13565 13667 I RobotCore: SHOOTER RPM2: 1035.3943072726743
01-15 23:24:51.645 13565 13667 I RobotCore: SHOOTER power: 0.3080000000000001
01-15 23:24:51.645 13565 13667 I RobotCore: SHOOTER RPM1: 1673.6329320123775
01-15 23:24:51.645 13565 13667 I RobotCore: SHOOTER RPM2: 1673.6329320123775
01-15 23:24:51.655 13565 13667 I RobotCore: SHOOTER power: 0.3080000000000001
01-15 23:24:51.655 13565 13667 I RobotCore: SHOOTER RPM1: 911.8512794948653
01-15 23:24:51.655 13565 13667 I RobotCore: SHOOTER RPM2: 911.8512794948653
01-15 23:24:51.666 13565 13667 I RobotCore: SHOOTER power: 0.3080000000000001
01-15 23:24:51.666 13565 13667 I RobotCore: SHOOTER RPM1: 1685.2646291839771
01-15 23:24:51.666 13565 13667 I RobotCore: SHOOTER RPM2: 1685.2646291839771
01-15 23:24:51.676 13565 13667 I RobotCore: SHOOTER power: 0.3090000000000001
01-15 23:24:51.676 13565 13667 I RobotCore: SHOOTER RPM1: 903.7116161627129
01-15 23:24:51.676 13565 13667 I RobotCore: SHOOTER RPM2: 903.7116161627129
01-15 23:24:51.687 13565 13667 I RobotCore: SHOOTER power: 0.3090000000000001
01-15 23:24:51.687 13565 13667 I RobotCore: SHOOTER RPM1: 1827.924055166163
01-15 23:24:51.687 13565 13667 I RobotCore: SHOOTER RPM2: 1697.3580512257229
01-15 23:24:51.697 13565 13667 I RobotCore: SHOOTER power: 0.3090000000000001
01-15 23:24:51.697 13565 13667 I RobotCore: SHOOTER RPM1: 1179.0455095767488
01-15 23:24:51.697 13565 13667 I RobotCore: SHOOTER RPM2: 1179.0455095767488
01-15 23:24:51.708 13565 13667 I RobotCore: SHOOTER power: 0.3090000000000001
01-15 23:24:51.708 13565 13667 I RobotCore: SHOOTER RPM1: 870.9532962318676
01-15 23:24:51.708 13565 13667 I RobotCore: SHOOTER RPM2: 870.9532962318676
01-15 23:24:51.718 13565 13667 I RobotCore: SHOOTER power: 0.3090000000000001
01-15 23:24:51.718 13565 13667 I RobotCore: SHOOTER RPM1: 1815.626152241747
01-15 23:24:51.718 13565 13667 I RobotCore: SHOOTER RPM2: 1945.3137345447287
01-15 23:24:51.728 13565 13667 I RobotCore: SHOOTER power: 0.3090000000000001
01-15 23:24:51.729 13565 13667 I RobotCore: SHOOTER RPM1: 1179.4147033448075
01-15 23:24:51.729 13565 13667 I RobotCore: SHOOTER RPM2: 1179.4147033448075
01-15 23:24:51.739 13565 13667 I RobotCore: SHOOTER power: 0.3090000000000001
01-15 23:24:51.739 13565 13667 I RobotCore: SHOOTER RPM1: 775.8607660545067
01-15 23:24:51.739 13565 13667 I RobotCore: SHOOTER RPM2: 775.8607660545067
01-15 23:24:51.749 13565 13667 I RobotCore: SHOOTER power: 0.3090000000000001
01-15 23:24:51.749 13565 13667 I RobotCore: SHOOTER RPM1: 1835.1919838772199
01-15 23:24:51.749 13565 13667 I RobotCore: SHOOTER RPM2: 1704.106842171704
01-15 23:24:51.760 13565 13667 I RobotCore: SHOOTER power: 0.3090000000000001
01-15 23:24:51.760 13565 13667 I RobotCore: SHOOTER RPM1: 782.2780784068087
01-15 23:24:51.760 13565 13667 I RobotCore: SHOOTER RPM2: 782.2780784068087
01-15 23:24:51.770 13565 13667 I RobotCore: SHOOTER power: 0.3090000000000001
01-15 23:24:51.770 13565 13667 I RobotCore: SHOOTER RPM1: 2082.9450539325376
01-15 23:24:51.770 13565 13667 I RobotCore: SHOOTER RPM2: 2082.9450539325376
01-15 23:24:51.820 13565 13667 I RobotCore: SHOOTER time: 14422996765
01-15 23:24:51.820 13565 13667 I RobotCore: SHOOTER measurements / sec: 90.06450054486994
01-15 23:24:51.820 13565 13667 V RobotCore: thread: ...terminating 'LinearOpMode main'
01-15 23:24:51.823 13565 13656 I FIRST   : auto-stopping OpMode 'TestWithData'
01-15 23:24:51.823 13565 13656 V RobotCore: waiting for service user linear op mode
01-15 23:24:51.823 13565 13656 V RobotCore: awaitTermination returned, isTerminated=true
01-15 23:24:51.823 13565 13656 V RobotCore: executive service user linear op mode is terminated
01-15 23:24:51.824 13565 13656 V RobotCore: executive service user linear op mode is terminated
01-15 23:24:51.824 13565 13656 I RobotCore: Attempting to switch to op mode $Stop$Robot$
01-15 23:24:51.881 13565 13623 V Robocol : sending CMD_INIT_OP_MODE_RESP(499), attempt: 0
01-15 23:24:51.909 13565 13619 V Robocol : received command: CMD_INIT_OP_MODE_RESP(499) $Stop$Robot$
01-15 23:24:51.909 13565 13619 V Robocol : received command: CMD_RUN_OP_MODE(10444) $Stop$Robot$
01-15 23:24:51.961 13565 13623 V Robocol : sending CMD_RUN_OP_MODE_RESP(504), attempt: 0
01-15 23:24:51.988 13565 13619 V Robocol : received command: CMD_RUN_OP_MODE_RESP(504) $Stop$Robot$
01-15 23:25:07.852 13565 13565 D UsbDeviceConnectionJNI: close
01-15 23:25:07.853 13565 13622 D ProcessRequestThread::: Device has been closed.
01-15 23:25:07.853 13565 13622 W System.err: java.lang.InterruptedException
01-15 23:25:07.853 13565 13622 W System.err: 	at java.util.concurrent.locks.AbstractQueuedSynchronizer.doAcquireSharedInterruptibly(AbstractQueuedSynchronizer.java:972)
01-15 23:25:07.853 13565 13622 W System.err: 	at java.util.concurrent.locks.AbstractQueuedSynchronizer.acquireSharedInterruptibly(AbstractQueuedSynchronizer.java:1278)
01-15 23:25:07.853 13565 13622 W System.err: 	at java.util.concurrent.Semaphore.acquire(Semaphore.java:284)
01-15 23:25:07.853 13565 13622 W System.err: 	at com.ftdi.j2xx.ProcessInCtrl.acquireReadableBuffer(FT_Device.java:2294)
01-15 23:25:07.853 13565 13622 W System.err: 	at com.ftdi.j2xx.ProcessRequestWorker.run(FT_Device.java:2764)
01-15 23:25:07.853 13565 13622 W System.err: 	at java.lang.Thread.run(Thread.java:818)
01-15 23:25:07.854 13565 13621 D BulkIn::: Stop BulkIn thread
01-15 23:25:07.854 13565 13621 W System.err: java.lang.NullPointerException: Attempt to invoke virtual method 'int com.ftdi.j2xx.D2xxManager$DriverParameters.getBufferNumber()' on a null object reference
01-15 23:25:07.854 13565 13621 W System.err: 	at com.ftdi.j2xx.ProcessInCtrl.releaseWritableBuffers(FT_Device.java:2672)
01-15 23:25:07.854 13565 13621 W System.err: 	at com.ftdi.j2xx.BulkInWorker.run(FT_Device.java:2879)
01-15 23:25:07.854 13565 13621 W System.err: 	at java.lang.Thread.run(Thread.java:818)
01-15 23:25:07.855 13565 13635 W RobotCore: could not write to Modern Robotics USB Servo Controller [AL00VST0]: FTDI Null Pointer Exception
01-15 23:25:07.855 13565 13635 E RobotCore: java.lang.NullPointerException: Attempt to invoke interface method 'void java.util.concurrent.locks.Lock.unlock()' on a null object reference
01-15 23:25:07.856 13565 13635 E RobotCore: com.ftdi.j2xx.ProcessInCtrl.readBulkInData(FT_Device.java:2520)
01-15 23:25:07.856 13565 13635 E RobotCore: com.ftdi.j2xx.FT_Device.read(FT_Device.java:666)
01-15 23:25:07.856 13565 13635 E RobotCore: com.qualcomm.robotcore.hardware.usb.ftdi.RobotUsbDeviceFtdi.read(RobotUsbDeviceFtdi.java:199)
01-15 23:25:07.856 13565 13635 E RobotCore: com.qualcomm.robotcore.hardware.usb.ftdi.RobotUsbDeviceFtdi.read(RobotUsbDeviceFtdi.java:176)
01-15 23:25:07.856 13565 13635 E RobotCore: com.qualcomm.modernrobotics.ReadWriteRunnableUsbHandler.a(SourceFile:77)
01-15 23:25:07.856 13565 13635 E RobotCore: com.qualcomm.modernrobotics.ReadWriteRunnableUsbHandler.read(SourceFile:66)
01-15 23:25:07.856 13565 13635 E RobotCore: com.qualcomm.hardware.modernrobotics.ReadWriteRunnableStandard$1.run(ReadWriteRunnableStandard.java:343)
01-15 23:25:07.856 13565 13635 E RobotCore: com.qualcomm.robotcore.util.ThreadPool.logThreadLifeCycle(ThreadPool.java:513)
01-15 23:25:07.856 13565 13635 E RobotCore: com.qualcomm.hardware.modernrobotics.ReadWriteRunnableStandard.run(ReadWriteRunnableStandard.java:302)
01-15 23:25:07.856 13565 13635 E RobotCore: java.util.concurrent.ThreadPoolExecutor.runWorker(ThreadPoolExecutor.java:1113)
01-15 23:25:07.856 13565 13635 E RobotCore: java.util.concurrent.ThreadPoolExecutor$Worker.run(ThreadPoolExecutor.java:588)
01-15 23:25:07.856 13565 13635 E RobotCore: java.lang.Thread.run(Thread.java:818)
01-15 23:25:07.856 13565 13635 V RobotCore: thread: ...terminating 'r/w loop: Modern Robotics USB Servo Controller [AL00VST0]'
01-15 23:25:07.925 13565 13638 W RobotCore: [55 aa 80 03 15] -> [33 cc 80 03 15]
01-15 23:25:07.925 13565 13638 W RobotCore: could not read Modern Robotics USB Core Device Interface Module [AI02RHDJ]: comm timeout on payload
01-15 23:25:07.926 13565 13647 W RobotCore: [55 aa 80 40 1e] -> [33 cc 80 40 1e]
01-15 23:25:07.926 13565 13647 W RobotCore: could not read Modern Robotics USB DC Motor Controller [AI049QOP]: comm timeout on payload
01-15 23:25:07.949 13565 13619 D RobotCore: system telemetry: key=$System$Warning$ msg="problem communicating with Modern Robotics USB Servo Controller [AL00VST0]"
01-15 23:25:07.958 13565 13644 W RobotCore: Modern Robotics USB header sync bytes are incorrect
01-15 23:25:07.958 13565 13644 W RobotCore: [55 aa 80 40 1e] -> [00 00 00 00 00]
01-15 23:25:07.959 13565 13644 W RobotCore: could not read Modern Robotics USB DC Motor Controller [AL00VWH0]: comm timeout
01-15 23:25:07.992 13565 13641 W RobotCore: Modern Robotics USB header sync bytes are incorrect
01-15 23:25:07.992 13565 13641 W RobotCore: [55 aa 00 40 1e] -> [00 00 00 00 00]
01-15 23:25:07.992 13565 13641 W RobotCore: could not write to Modern Robotics USB DC Motor Controller [A104OQ1P]: comm timeout
01-15 23:25:07.999 13565 13627 D MediaPlayer: setSubtitleAnchor in MediaPlayer
01-15 23:25:07.999 13565 13565 D MediaPlayer: setSubtitleAnchor in MediaPlayer
01-15 23:25:08.022 13565 13625 D ExtendedUtils: extended extractor not needed, return default
01-15 23:25:08.022 13565 13625 I MediaCodec: (0xb8022638) init name(audio/raw) isType(1) encoder(0)
01-15 23:25:08.026 13565 13685 I OMXClient: Using client-side OMX mux.
01-15 23:25:08.029 13565 13685 E OMXMaster: A component of name 'OMX.qcom.audio.decoder.aac' already exists, ignoring this one.
01-15 23:25:08.030 13565 13685 I MediaCodec: (0xb8022638) Component Allocated (OMX.google.raw.decoder)
01-15 23:25:08.031 13565 13625 I MediaCodec: (0xb8022638) configure surface(0x0) crypto(0x0) flags(0)
01-15 23:25:08.031 13565 13625 D MediaCodec: (0xb8022638) configure format: AMessage(what = 0x00000000) = {
01-15 23:25:08.031 13565 13625 D MediaCodec:    string mime = "audio/raw"
01-15 23:25:08.031 13565 13625 D MediaCodec:    int64_t durationUs = 1043650
01-15 23:25:08.031 13565 13625 D MediaCodec:    int32_t channel-count = 2
01-15 23:25:08.031 13565 13625 D MediaCodec:    int32_t sample-rate = 44100
01-15 23:25:08.031 13565 13625 D MediaCodec:    int32_t channel-mask = 0
01-15 23:25:08.031 13565 13625 D MediaCodec:  }
01-15 23:25:08.032 13565 13625 I MediaCodec: (0xb8022638) start
01-15 23:25:08.033 13565 13653 W RobotCore: Modern Robotics USB header sync bytes are incorrect
01-15 23:25:08.033 13565 13653 W RobotCore: [55 aa 80 40 1e] -> [00 00 00 00 00]
01-15 23:25:08.033 13565 13653 W RobotCore: could not read Modern Robotics USB DC Motor Controller [AL00VBIF]: comm timeout
01-15 23:25:08.034 13565 13685 I MediaCodec: (0xb8022638) input buffers allocated
01-15 23:25:08.034 13565 13685 I MediaCodec: (0xb8022638) numBuffers (4)
01-15 23:25:08.034 13565 13685 I MediaCodec: (0xb8022638) output buffers allocated
01-15 23:25:08.034 13565 13685 I MediaCodec: (0xb8022638) numBuffers (4)
01-15 23:25:08.036 13565 13685 I MediaCodec: (0xb8022638) codec output format changed
01-15 23:25:08.037 13565 13685 D MediaCodec: (0xb8022638) output format: AMessage(what = 'codc', target = 10) = {
01-15 23:25:08.037 13565 13685 D MediaCodec:    string mime = "audio/raw"
01-15 23:25:08.037 13565 13685 D MediaCodec:    int32_t channel-count = 2
01-15 23:25:08.037 13565 13685 D MediaCodec:    int32_t sample-rate = 44100
01-15 23:25:08.037 13565 13685 D MediaCodec:    int32_t channel-mask = 0
01-15 23:25:08.037 13565 13685 D MediaCodec:    int32_t what = 1869968451
01-15 23:25:08.037 13565 13685 D MediaCodec:  }
01-15 23:25:08.044 13565 13625 I MediaCodec: (0xb8022638) stop
01-15 23:25:08.045 13565 13625 I MediaCodec: (0xb8022638) release
01-15 23:25:08.049 13565 13627 W AudioTrack: AUDIO_OUTPUT_FLAG_FAST denied by client; transfer 4, track 44100 Hz, output 48000 Hz
01-15 23:25:08.327 13565 13647 W RobotCore: Modern Robotics USB header sync bytes are incorrect
01-15 23:25:08.327 13565 13647 W RobotCore: [55 aa 80 40 1e] -> [00 00 00 00 00]
01-15 23:25:08.327 13565 13647 W RobotCore: could not read Modern Robotics USB DC Motor Controller [AI049QOP]: comm timeout
01-15 23:25:08.359 13565 13638 W RobotCore: Modern Robotics USB header sync bytes are incorrect
01-15 23:25:08.360 13565 13638 W RobotCore: [55 aa 00 90 20] -> [00 00 00 00 00]
01-15 23:25:08.360 13565 13638 W RobotCore: could not write to Modern Robotics USB Core Device Interface Module [AI02RHDJ]: comm timeout
01-15 23:25:08.394 13565 13641 W RobotCore: Modern Robotics USB header sync bytes are incorrect
01-15 23:25:08.395 13565 13641 W RobotCore: [55 aa 80 40 1e] -> [00 00 00 00 00]
01-15 23:25:08.395 13565 13641 W RobotCore: could not read Modern Robotics USB DC Motor Controller [A104OQ1P]: comm timeout
01-15 23:25:08.396 13565 13644 W RobotCore: Modern Robotics USB header sync bytes are incorrect
01-15 23:25:08.396 13565 13644 W RobotCore: [55 aa 80 40 1e] -> [00 00 00 00 00]
01-15 23:25:08.396 13565 13644 W RobotCore: could not read Modern Robotics USB DC Motor Controller [AL00VWH0]: comm timeout
01-15 23:25:08.474 13565 13653 W RobotCore: Modern Robotics USB header sync bytes are incorrect
01-15 23:25:08.475 13565 13653 W RobotCore: [55 aa 80 40 1e] -> [00 00 00 00 00]
01-15 23:25:08.475 13565 13653 W RobotCore: could not read Modern Robotics USB DC Motor Controller [AL00VBIF]: comm timeout
01-15 23:25:08.723 13565 13647 W RobotCore: Modern Robotics USB header sync bytes are incorrect
01-15 23:25:08.723 13565 13647 W RobotCore: [55 aa 80 40 1e] -> [00 00 00 00 00]
01-15 23:25:08.724 13565 13647 W RobotCore: could not read Modern Robotics USB DC Motor Controller [AI049QOP]: comm timeout
01-15 23:25:08.750 13565 13638 W RobotCore: Modern Robotics USB header sync bytes are incorrect
01-15 23:25:08.751 13565 13638 W RobotCore: [55 aa 80 03 15] -> [00 00 00 00 00]
01-15 23:25:08.751 13565 13638 W RobotCore: could not read Modern Robotics USB Core Device Interface Module [AI02RHDJ]: comm timeout
01-15 23:25:08.789 13565 13641 W RobotCore: Modern Robotics USB header sync bytes are incorrect
01-15 23:25:08.790 13565 13641 W RobotCore: [55 aa 00 40 1e] -> [00 00 00 00 00]
01-15 23:25:08.790 13565 13641 W RobotCore: could not write to Modern Robotics USB DC Motor Controller [A104OQ1P]: comm timeout
01-15 23:25:08.818 13565 13644 W RobotCore: Modern Robotics USB header sync bytes are incorrect
01-15 23:25:08.819 13565 13644 W RobotCore: [55 aa 00 40 1e] -> [00 00 00 00 00]
01-15 23:25:08.819 13565 13644 W RobotCore: could not write to Modern Robotics USB DC Motor Controller [AL00VWH0]: comm timeout
01-15 23:25:08.868 13565 13653 W RobotCore: Modern Robotics USB header sync bytes are incorrect
01-15 23:25:08.869 13565 13653 W RobotCore: [55 aa 00 40 1e] -> [00 00 00 00 00]
01-15 23:25:08.869 13565 13653 W RobotCore: could not write to Modern Robotics USB DC Motor Controller [AL00VBIF]: comm timeout
01-15 23:25:09.126 13565 13647 W RobotCore: Modern Robotics USB header sync bytes are incorrect
01-15 23:25:09.126 13565 13647 W RobotCore: [55 aa 00 40 1e] -> [00 00 00 00 00]
01-15 23:25:09.127 13565 13647 W RobotCore: could not write to Modern Robotics USB DC Motor Controller [AI049QOP]: comm timeout
01-15 23:25:09.144 13565 13638 W RobotCore: Modern Robotics USB header sync bytes are incorrect
01-15 23:25:09.144 13565 13638 W RobotCore: [55 aa 80 03 15] -> [00 00 00 00 00]
01-15 23:25:09.145 13565 13638 W RobotCore: could not read Modern Robotics USB Core Device Interface Module [AI02RHDJ]: comm timeout
01-15 23:25:09.177 13565 13641 W RobotCore: Modern Robotics USB header sync bytes are incorrect
01-15 23:25:09.177 13565 13641 W RobotCore: [55 aa 80 40 1e] -> [00 00 00 00 00]
01-15 23:25:09.178 13565 13641 W RobotCore: could not read Modern Robotics USB DC Motor Controller [A104OQ1P]: comm timeout
01-15 23:25:09.209 13565 13644 W RobotCore: Modern Robotics USB header sync bytes are incorrect
01-15 23:25:09.210 13565 13644 W RobotCore: [55 aa 80 40 1e] -> [00 00 00 00 00]
01-15 23:25:09.210 13565 13644 W RobotCore: could not read Modern Robotics USB DC Motor Controller [AL00VWH0]: comm timeout
01-15 23:25:09.287 13565 13653 W RobotCore: Modern Robotics USB header sync bytes are incorrect
01-15 23:25:09.288 13565 13653 W RobotCore: [55 aa 80 40 1e] -> [00 00 00 00 00]
01-15 23:25:09.288 13565 13653 W RobotCore: could not read Modern Robotics USB DC Motor Controller [AL00VBIF]: comm timeout
01-15 23:25:09.517 13565 13647 W RobotCore: Modern Robotics USB header sync bytes are incorrect
01-15 23:25:09.518 13565 13647 W RobotCore: [55 aa 80 40 1e] -> [00 00 00 00 00]
01-15 23:25:09.518 13565 13647 W RobotCore: could not read Modern Robotics USB DC Motor Controller [AI049QOP]: comm timeout
01-15 23:25:09.550 13565 13638 W RobotCore: Modern Robotics USB header sync bytes are incorrect
01-15 23:25:09.551 13565 13638 W RobotCore: [55 aa 80 03 15] -> [00 00 00 00 00]
01-15 23:25:09.551 13565 13638 W RobotCore: could not read Modern Robotics USB Core Device Interface Module [AI02RHDJ]: comm timeout
01-15 23:25:09.577 13565 13641 W RobotCore: Modern Robotics USB header sync bytes are incorrect
01-15 23:25:09.577 13565 13641 W RobotCore: [55 aa 00 40 1e] -> [00 00 00 00 00]
01-15 23:25:09.578 13565 13641 W RobotCore: could not write to Modern Robotics USB DC Motor Controller [A104OQ1P]: comm timeout
01-15 23:25:09.612 13565 13644 W RobotCore: Modern Robotics USB header sync bytes are incorrect
01-15 23:25:09.613 13565 13644 W RobotCore: [55 aa 00 40 1e] -> [00 00 00 00 00]
01-15 23:25:09.613 13565 13644 W RobotCore: could not write to Modern Robotics USB DC Motor Controller [AL00VWH0]: comm timeout
01-15 23:25:09.674 13565 13653 W RobotCore: Modern Robotics USB header sync bytes are incorrect
01-15 23:25:09.675 13565 13653 W RobotCore: [55 aa 00 40 1e] -> [00 00 00 00 00]
01-15 23:25:09.676 13565 13653 W RobotCore: could not write to Modern Robotics USB DC Motor Controller [AL00VBIF]: comm timeout
01-15 23:25:09.907 13565 13647 W RobotCore: Modern Robotics USB header sync bytes are incorrect
01-15 23:25:09.908 13565 13647 W RobotCore: [55 aa 00 40 1e] -> [00 00 00 00 00]
01-15 23:25:09.908 13565 13647 W RobotCore: could not write to Modern Robotics USB DC Motor Controller [AI049QOP]: comm timeout
01-15 23:25:09.944 13565 13638 W RobotCore: Modern Robotics USB header sync bytes are incorrect
01-15 23:25:09.945 13565 13638 W RobotCore: [55 aa 80 03 15] -> [00 00 00 00 00]
01-15 23:25:09.945 13565 13638 W RobotCore: could not read Modern Robotics USB Core Device Interface Module [AI02RHDJ]: comm timeout
01-15 23:25:09.977 13565 13641 W RobotCore: Modern Robotics USB header sync bytes are incorrect
01-15 23:25:09.977 13565 13641 W RobotCore: [55 aa 80 40 1e] -> [00 00 00 00 00]
01-15 23:25:09.977 13565 13641 W RobotCore: could not read Modern Robotics USB DC Motor Controller [A104OQ1P]: comm timeout
01-15 23:25:10.009 13565 13644 W RobotCore: Modern Robotics USB header sync bytes are incorrect
01-15 23:25:10.010 13565 13644 W RobotCore: [55 aa 80 40 1e] -> [00 00 00 00 00]
01-15 23:25:10.010 13565 13644 W RobotCore: could not read Modern Robotics USB DC Motor Controller [AL00VWH0]: comm timeout
01-15 23:25:10.062 13565 13653 W RobotCore: Modern Robotics USB header sync bytes are incorrect
01-15 23:25:10.063 13565 13653 W RobotCore: [55 aa 80 40 1e] -> [00 00 00 00 00]
01-15 23:25:10.063 13565 13653 W RobotCore: could not read Modern Robotics USB DC Motor Controller [AL00VBIF]: comm timeout
01-15 23:25:10.292 13565 13647 W RobotCore: Modern Robotics USB header sync bytes are incorrect
01-15 23:25:10.293 13565 13647 W RobotCore: [55 aa 80 40 1e] -> [00 00 00 00 00]
01-15 23:25:10.293 13565 13647 W RobotCore: could not read Modern Robotics USB DC Motor Controller [AI049QOP]: comm timeout
01-15 23:25:10.339 13565 13638 W RobotCore: Modern Robotics USB header sync bytes are incorrect
01-15 23:25:10.340 13565 13638 W RobotCore: [55 aa 00 90 20] -> [00 00 00 00 00]
01-15 23:25:10.340 13565 13638 W RobotCore: could not write to Modern Robotics USB Core Device Interface Module [AI02RHDJ]: comm timeout
01-15 23:25:10.368 13565 13641 W RobotCore: Modern Robotics USB header sync bytes are incorrect
01-15 23:25:10.369 13565 13641 W RobotCore: [55 aa 00 40 1e] -> [00 00 00 00 00]
01-15 23:25:10.369 13565 13641 W RobotCore: could not write to Modern Robotics USB DC Motor Controller [A104OQ1P]: comm timeout
01-15 23:25:10.401 13565 13644 W RobotCore: Modern Robotics USB header sync bytes are incorrect
01-15 23:25:10.402 13565 13644 W RobotCore: [55 aa 00 40 1e] -> [00 00 00 00 00]
01-15 23:25:10.402 13565 13644 W RobotCore: could not write to Modern Robotics USB DC Motor Controller [AL00VWH0]: comm timeout
01-15 23:25:10.455 13565 13653 W RobotCore: Modern Robotics USB header sync bytes are incorrect
01-15 23:25:10.456 13565 13653 W RobotCore: [55 aa 00 40 1e] -> [00 00 00 00 00]
01-15 23:25:10.456 13565 13653 W RobotCore: could not write to Modern Robotics USB DC Motor Controller [AL00VBIF]: comm timeout
01-15 23:25:10.685 13565 13647 W RobotCore: Modern Robotics USB header sync bytes are incorrect
01-15 23:25:10.686 13565 13647 W RobotCore: [55 aa 00 40 1e] -> [00 00 00 00 00]
01-15 23:25:10.686 13565 13647 W RobotCore: could not write to Modern Robotics USB DC Motor Controller [AI049QOP]: comm timeout
01-15 23:25:10.729 13565 13638 W RobotCore: Modern Robotics USB header sync bytes are incorrect
01-15 23:25:10.729 13565 13638 W RobotCore: [55 aa 80 03 15] -> [00 00 00 00 00]
01-15 23:25:10.730 13565 13638 W RobotCore: could not read Modern Robotics USB Core Device Interface Module [AI02RHDJ]: comm timeout
01-15 23:25:10.762 13565 13641 W RobotCore: Modern Robotics USB header sync bytes are incorrect
01-15 23:25:10.763 13565 13641 W RobotCore: [55 aa 80 40 1e] -> [00 00 00 00 00]
01-15 23:25:10.763 13565 13641 W RobotCore: could not read Modern Robotics USB DC Motor Controller [A104OQ1P]: comm timeout
01-15 23:25:10.794 13565 13644 W RobotCore: Modern Robotics USB header sync bytes are incorrect
01-15 23:25:10.795 13565 13644 W RobotCore: [55 aa 80 40 1e] -> [00 00 00 00 00]
01-15 23:25:10.795 13565 13644 W RobotCore: could not read Modern Robotics USB DC Motor Controller [AL00VWH0]: comm timeout
01-15 23:25:10.850 13565 13653 W RobotCore: Modern Robotics USB header sync bytes are incorrect
01-15 23:25:10.850 13565 13653 W RobotCore: [55 aa 80 40 1e] -> [00 00 00 00 00]
01-15 23:25:10.851 13565 13653 W RobotCore: could not read Modern Robotics USB DC Motor Controller [AL00VBIF]: comm timeout
01-15 23:25:11.090 13565 13647 W RobotCore: Modern Robotics USB header sync bytes are incorrect
01-15 23:25:11.090 13565 13647 W RobotCore: [55 aa 80 40 1e] -> [00 00 00 00 00]
01-15 23:25:11.091 13565 13647 W RobotCore: could not read Modern Robotics USB DC Motor Controller [AI049QOP]: comm timeout
01-15 23:25:11.092 13565 13656 V RobotCore: event loop: device has shutdown abnormally
01-15 23:25:11.092 13565 13656 V RobotCore: event loop: detaching device owner
01-15 23:25:11.093 13565 13656 I FIRST   : ======= MODULE DETACH RECOVERY: disarm Modern Robotics USB Servo Controller [AL00VST0]=======
01-15 23:25:11.093 13565 13656 D RobotCore: disarming modern servo controller "Modern Robotics USB Servo Controller [AL00VST0]"...
01-15 23:25:11.093 13565 13656 V RobotCore: waiting for service ReadWriteRunnable for Modern Robotics USB Device
01-15 23:25:11.093 13565 13656 V RobotCore: awaitTermination returned, isTerminated=true
01-15 23:25:11.093 13565 13656 V RobotCore: executive service ReadWriteRunnable for Modern Robotics USB Device is terminated
01-15 23:25:11.094 13565 13656 D RobotCore: ...disarming modern servo controller Modern Robotics USB Servo Controller [AL00VST0] complete
01-15 23:25:11.094 13565 13656 I FIRST   : ======= MODULE DETACH RECOVERY: pretend Modern Robotics USB Servo Controller [AL00VST0]=======
01-15 23:25:11.094 13565 13656 D RobotCore: arming modern servo controller Modern Robotics USB Servo Controller [AL00VST0] (pretend)...
01-15 23:25:11.095 13565 13656 V RobotCore: Starting up pretend device AL00VST0
01-15 23:25:11.098 13565 13690 V RobotCore: thread: 'r/w loop: Modern Robotics USB Servo Controller [AL00VST0]' starting...
01-15 23:25:11.098 13565 13656 D RobotCore: ...arming modern servo controller Modern Robotics USB Servo Controller [AL00VST0] complete
01-15 23:25:11.099 13565 13656 I FIRST   : ======= MODULE DETACH RECOVERY: complete Modern Robotics USB Servo Controller [AL00VST0]=======
01-15 23:25:11.152 13565 13641 W RobotCore: Modern Robotics USB header sync bytes are incorrect
01-15 23:25:11.152 13565 13641 W RobotCore: [55 aa 00 40 1e] -> [00 00 00 00 00]
01-15 23:25:11.153 13565 13641 W RobotCore: could not write to Modern Robotics USB DC Motor Controller [A104OQ1P]: comm timeout
01-15 23:25:11.153 13565 13638 W RobotCore: Modern Robotics USB header sync bytes are incorrect
01-15 23:25:11.154 13565 13638 W RobotCore: [55 aa 80 03 15] -> [00 00 00 00 00]
01-15 23:25:11.154 13565 13638 W RobotCore: could not read Modern Robotics USB Core Device Interface Module [AI02RHDJ]: comm timeout
01-15 23:25:11.188 13565 13644 W RobotCore: Modern Robotics USB header sync bytes are incorrect
01-15 23:25:11.188 13565 13644 W RobotCore: [55 aa 00 40 1e] -> [00 00 00 00 00]
01-15 23:25:11.188 13565 13644 W RobotCore: could not write to Modern Robotics USB DC Motor Controller [AL00VWH0]: comm timeout
01-15 23:25:11.255 13565 13653 W RobotCore: Modern Robotics USB header sync bytes are incorrect
01-15 23:25:11.256 13565 13653 W RobotCore: [55 aa 00 40 1e] -> [00 00 00 00 00]
01-15 23:25:11.256 13565 13653 W RobotCore: could not write to Modern Robotics USB DC Motor Controller [AL00VBIF]: comm timeout
01-15 23:25:11.479 13565 13647 W RobotCore: Modern Robotics USB header sync bytes are incorrect
01-15 23:25:11.480 13565 13647 W RobotCore: [55 aa 00 40 1e] -> [00 00 00 00 00]
01-15 23:25:11.480 13565 13647 W RobotCore: could not write to Modern Robotics USB DC Motor Controller [AI049QOP]: comm timeout
01-15 23:25:11.542 13565 13641 W RobotCore: Modern Robotics USB header sync bytes are incorrect
01-15 23:25:11.543 13565 13641 W RobotCore: [55 aa 80 40 1e] -> [00 00 00 00 00]
01-15 23:25:11.543 13565 13641 W RobotCore: could not read Modern Robotics USB DC Motor Controller [A104OQ1P]: comm timeout
01-15 23:25:11.578 13565 13638 W RobotCore: Modern Robotics USB header sync bytes are incorrect
01-15 23:25:11.579 13565 13638 W RobotCore: [55 aa 80 03 15] -> [00 00 00 00 00]
01-15 23:25:11.579 13565 13638 W RobotCore: could not read Modern Robotics USB Core Device Interface Module [AI02RHDJ]: comm timeout
01-15 23:25:11.607 13565 13644 W RobotCore: Modern Robotics USB header sync bytes are incorrect
01-15 23:25:11.608 13565 13644 W RobotCore: [55 aa 80 40 1e] -> [00 00 00 00 00]
01-15 23:25:11.608 13565 13644 W RobotCore: could not read Modern Robotics USB DC Motor Controller [AL00VWH0]: comm timeout
01-15 23:25:11.649 13565 13653 W RobotCore: Modern Robotics USB header sync bytes are incorrect
01-15 23:25:11.650 13565 13653 W RobotCore: [55 aa 80 40 1e] -> [00 00 00 00 00]
01-15 23:25:11.650 13565 13653 W RobotCore: could not read Modern Robotics USB DC Motor Controller [AL00VBIF]: comm timeout
01-15 23:25:11.818 13565 13644 E FTDI_Device::: UsbConnection.requestWait() == null
01-15 23:25:11.820 13565 13565 D UsbDeviceConnectionJNI: close
01-15 23:25:11.820 13565 13643 D ProcessRequestThread::: Device has been closed.
01-15 23:25:11.820 13565 13643 W System.err: java.lang.InterruptedException
01-15 23:25:11.820 13565 13643 W System.err: 	at java.util.concurrent.locks.AbstractQueuedSynchronizer.doAcquireSharedInterruptibly(AbstractQueuedSynchronizer.java:972)
01-15 23:25:11.820 13565 13643 W System.err: 	at java.util.concurrent.locks.AbstractQueuedSynchronizer.acquireSharedInterruptibly(AbstractQueuedSynchronizer.java:1278)
01-15 23:25:11.820 13565 13643 W System.err: 	at java.util.concurrent.Semaphore.acquire(Semaphore.java:284)
01-15 23:25:11.821 13565 13642 D BulkIn::: Stop BulkIn thread
01-15 23:25:11.821 13565 13642 W System.err: 	at java.lang.NullPointerException: Attempt to invoke virtual method 'boolean com.ftdi.j2xx.InBuffer.acquired()' on a null object reference
01-15 23:25:11.821 13565 13643 W System.err: com.ftdi.j2xx.ProcessInCtrl.acquireReadableBuffer(FT_Device.java:2294)
01-15 23:25:11.821 13565 13643 W System.err: 	at com.ftdi.j2xx.ProcessRequestWorker.run(FT_Device.java:2764)
01-15 23:25:11.821 13565 13643 W System.err: 	at java.lang.Thread.run(Thread.java:818)
01-15 23:25:11.821 13565 13644 W RobotCore: Modern Robotics USB header sync bytes are incorrect
01-15 23:25:11.822 13565 13642 W System.err: 	at com.ftdi.j2xx.ProcessInCtrl.releaseWritableBuffers(FT_Device.java:2675)
01-15 23:25:11.822 13565 13644 W RobotCore: [55 aa 00 40 1e] -> [00 00 00 00 00]
01-15 23:25:11.822 13565 13642 W System.err: 	at com.ftdi.j2xx.BulkInWorker.run(FT_Device.java:2879)
01-15 23:25:11.822 13565 13642 W System.err: 	at java.lang.Thread.run(Thread.java:818)
01-15 23:25:11.822 13565 13644 W RobotCore: could not write to Modern Robotics USB DC Motor Controller [AL00VWH0]: comm timeout
01-15 23:25:11.822 13565 13644 W RobotCore: error: closed: FT_Device.read()=-1
01-15 23:25:11.823 13565 13644 V RobotCore: thread: ...terminating 'r/w loop: Modern Robotics USB DC Motor Controller [AL00VWH0]'
01-15 23:25:11.824 13565 13653 E FTDI_Device::: UsbConnection.requestWait() == null
01-15 23:25:11.828 13565 13565 D UsbDeviceConnectionJNI: close
01-15 23:25:11.828 13565 13637 D ProcessRequestThread::: Device has been closed.
01-15 23:25:11.829 13565 13637 W System.err: java.lang.InterruptedException
01-15 23:25:11.829 13565 13637 W System.err: 	at java.util.concurrent.locks.AbstractQueuedSynchronizer.doAcquireSharedInterruptibly(AbstractQueuedSynchronizer.java:972)
01-15 23:25:11.829 13565 13637 W System.err: 	at java.util.concurrent.locks.AbstractQueuedSynchronizer.acquireSharedInterruptibly(AbstractQueuedSynchronizer.java:1278)
01-15 23:25:11.829 13565 13637 W System.err: 	at java.util.concurrent.Semaphore.acquire(Semaphore.java:284)
01-15 23:25:11.829 13565 13637 W System.err: 	at com.ftdi.j2xx.ProcessInCtrl.acquireReadableBuffer(FT_Device.java:2294)
01-15 23:25:11.829 13565 13637 W System.err: 	at com.ftdi.j2xx.ProcessRequestWorker.run(FT_Device.java:2764)
01-15 23:25:11.829 13565 13637 W System.err: 	at java.lang.Thread.run(Thread.java:818)
01-15 23:25:11.830 13565 13636 D BulkIn::: Stop BulkIn thread
01-15 23:25:11.831 13565 13636 W System.err: java.lang.NullPointerException: Attempt to invoke virtual method 'int com.ftdi.j2xx.D2xxManager$DriverParameters.getBufferNumber()' on a null object reference
01-15 23:25:11.831 13565 13636 W System.err: 	at com.ftdi.j2xx.ProcessInCtrl.releaseWritableBuffers(FT_Device.java:2672)
01-15 23:25:11.831 13565 13636 W System.err: 	at com.ftdi.j2xx.BulkInWorker.run(FT_Device.java:2879)
01-15 23:25:11.831 13565 13636 W System.err: 	at java.lang.Thread.run(Thread.java:818)
01-15 23:25:11.833 13565 13638 W RobotCore: could not write to Modern Robotics USB Core Device Interface Module [AI02RHDJ]: FTDI Null Pointer Exception
01-15 23:25:11.833 13565 13638 E RobotCore: java.lang.NullPointerException: Attempt to invoke interface method 'void java.util.concurrent.locks.Lock.unlock()' on a null object reference
01-15 23:25:11.833 13565 13638 E RobotCore: com.ftdi.j2xx.ProcessInCtrl.readBulkInData(FT_Device.java:2520)
01-15 23:25:11.833 13565 13638 E RobotCore: com.ftdi.j2xx.FT_Device.read(FT_Device.java:666)
01-15 23:25:11.833 13565 13638 E RobotCore: com.qualcomm.robotcore.hardware.usb.ftdi.RobotUsbDeviceFtdi.read(RobotUsbDeviceFtdi.java:199)
01-15 23:25:11.833 13565 13638 E RobotCore: com.qualcomm.robotcore.hardware.usb.ftdi.RobotUsbDeviceFtdi.read(RobotUsbDeviceFtdi.java:176)
01-15 23:25:11.833 13565 13638 E RobotCore: com.qualcomm.modernrobotics.ReadWriteRunnableUsbHandler.a(SourceFile:77)
01-15 23:25:11.833 13565 13638 E RobotCore: com.qualcomm.modernrobotics.ReadWriteRunnableUsbHandler.read(SourceFile:66)
01-15 23:25:11.834 13565 13638 E RobotCore: com.qualcomm.hardware.modernrobotics.ReadWriteRunnableStandard$1.run(ReadWriteRunnableStandard.java:343)
01-15 23:25:11.834 13565 13638 E RobotCore: com.qualcomm.robotcore.util.ThreadPool.logThreadLifeCycle(ThreadPool.java:513)
01-15 23:25:11.834 13565 13638 E RobotCore: com.qualcomm.hardware.modernrobotics.ReadWriteRunnableStandard.run(ReadWriteRunnableStandard.java:302)
01-15 23:25:11.834 13565 13638 E RobotCore: java.util.concurrent.ThreadPoolExecutor.runWorker(ThreadPoolExecutor.java:1113)
01-15 23:25:11.834 13565 13638 E RobotCore: java.util.concurrent.ThreadPoolExecutor$Worker.run(ThreadPoolExecutor.java:588)
01-15 23:25:11.834 13565 13638 E RobotCore: java.lang.Thread.run(Thread.java:818)
01-15 23:25:11.834 13565 13638 V RobotCore: thread: ...terminating 'r/w loop: Modern Robotics USB Core Device Interface Module [AI02RHDJ]'
01-15 23:25:11.837 13565 13565 D UsbDeviceConnectionJNI: close
01-15 23:25:11.837 13565 13649 D ProcessRequestThread::: Device has been closed.
01-15 23:25:11.837 13565 13649 W System.err: java.lang.InterruptedException
01-15 23:25:11.837 13565 13649 W System.err: 	at java.util.concurrent.locks.AbstractQueuedSynchronizer.doAcquireSharedInterruptibly(AbstractQueuedSynchronizer.java:972)
01-15 23:25:11.837 13565 13649 W System.err: 	at java.util.concurrent.locks.AbstractQueuedSynchronizer.acquireSharedInterruptibly(AbstractQueuedSynchronizer.java:1278)
01-15 23:25:11.837 13565 13649 W System.err: 	at java.util.concurrent.Semaphore.acquire(Semaphore.java:284)
01-15 23:25:11.837 13565 13649 W System.err: 	at com.ftdi.j2xx.ProcessInCtrl.acquireReadableBuffer(FT_Device.java:2294)
01-15 23:25:11.837 13565 13649 W System.err: 	at com.ftdi.j2xx.ProcessRequestWorker.run(FT_Device.java:2764)
01-15 23:25:11.838 13565 13649 W System.err: 	at java.lang.Thread.run(Thread.java:818)
01-15 23:25:11.838 13565 13648 D BulkIn::: Stop BulkIn thread
01-15 23:25:11.838 13565 13648 W System.err: java.lang.NullPointerException: Attempt to invoke virtual method 'int com.ftdi.j2xx.D2xxManager$DriverParameters.getBufferNumber()' on a null object reference
01-15 23:25:11.838 13565 13648 W System.err: 	at com.ftdi.j2xx.ProcessInCtrl.releaseWritableBuffers(FT_Device.java:2672)
01-15 23:25:11.838 13565 13648 W System.err: 	at com.ftdi.j2xx.BulkInWorker.run(FT_Device.java:2879)
01-15 23:25:11.838 13565 13648 W System.err: 	at java.lang.Thread.run(Thread.java:818)
01-15 23:25:11.839 13565 13653 W RobotCore: could not write to Modern Robotics USB DC Motor Controller [AL00VBIF]: FTDI Null Pointer Exception
01-15 23:25:11.839 13565 13653 E RobotCore: java.lang.NullPointerException: Attempt to invoke interface method 'void java.util.concurrent.locks.Lock.unlock()' on a null object reference
01-15 23:25:11.839 13565 13653 E RobotCore: com.ftdi.j2xx.ProcessInCtrl.readBulkInData(FT_Device.java:2520)
01-15 23:25:11.839 13565 13653 E RobotCore: com.ftdi.j2xx.FT_Device.read(FT_Device.java:666)
01-15 23:25:11.839 13565 13653 E RobotCore: com.qualcomm.robotcore.hardware.usb.ftdi.RobotUsbDeviceFtdi.read(RobotUsbDeviceFtdi.java:199)
01-15 23:25:11.839 13565 13653 E RobotCore: com.qualcomm.robotcore.hardware.usb.ftdi.RobotUsbDeviceFtdi.read(RobotUsbDeviceFtdi.java:176)
01-15 23:25:11.839 13565 13653 E RobotCore: com.qualcomm.modernrobotics.ReadWriteRunnableUsbHandler.b(SourceFile:109)
