01-15 23:25:09.676 13565 13653 W RobotCore: could not write to Modern Robotics USB DC Motor Controller [AL00VBIF]: comm timeout
01-15 23:25:09.907 13565 13647 W RobotCore: Modern Robotics USB header sync bytes are incorrect
01-15 23:25:09.908 13565 13647 W RobotCore: [55 aa 00 40 1e] -> [00 00 00 00 00]
01-15 23:25:09.908 13565 13647 W RobotCore: could not write to Modern Robotics USB DC Motor Controller [AI049QOP]: comm timeout
01-15 23:25:09.944 13565 13638 W RobotCore: Modern Robotics USB header sync bytes are incorrect
01-15 23:25:09.945 13565 13638 W RobotCore: [55 aa 80 03 15] -> [00 00 00 00 00]
01-15 23:25:09.945 13565 13638 W RobotCore: could not read Modern Robotics USB Core Device Interface Module [AI02RHDJ]: comm timeout
01-15 23:25:09.977 13565 13641 W RobotCore: Modern Robotics USB header sync bytes are incorrect
01-15 23:25:09.977 13565 13641 W RobotCore: [55 aa 80 40 1e] -> [00 00 00 00 00]
01-15 23:25:09.977 13565 13641 W RobotCore: could not read Modern Robotics USB DC Motor Controller [A104OQ1P]: comm timeout
01-15 23:25:10.009 13565 13644 W RobotCore: Modern Robotics USB header sync bytes are incorrect
01-15 23:25:10.010 13565 13644 W RobotCore: [55 aa 80 40 1e] -> [00 00 00 00 00]
01-15 23:25:10.010 13565 13644 W RobotCore: could not read Modern Robotics USB DC Motor Controller [AL00VWH0]: comm timeout
01-15 23:25:10.062 13565 13653 W RobotCore: Modern Robotics USB header sync bytes are incorrect
01-15 23:25:10.063 13565 13653 W RobotCore: [55 aa 80 40 1e] -> [00 00 00 00 00]
01-15 23:25:10.063 13565 13653 W RobotCore: could not read Modern Robotics USB DC Motor Controller [AL00VBIF]: comm timeout
01-15 23:25:10.292 13565 13647 W RobotCore: Modern Robotics USB header sync bytes are incorrect
01-15 23:25:10.293 13565 13647 W RobotCore: [55 aa 80 40 1e] -> [00 00 00 00 00]
01-15 23:25:10.293 13565 13647 W RobotCore: could not read Modern Robotics USB DC Motor Controller [AI049QOP]: comm timeout
01-15 23:25:10.339 13565 13638 W RobotCore: Modern Robotics USB header sync bytes are incorrect
01-15 23:25:10.340 13565 13638 W RobotCore: [55 aa 00 90 20] -> [00 00 00 00 00]
01-15 23:25:10.340 13565 13638 W RobotCore: could not write to Modern Robotics USB Core Device Interface Module [AI02RHDJ]: comm timeout
01-15 23:25:10.368 13565 13641 W RobotCore: Modern Robotics USB header sync bytes are incorrect
01-15 23:25:10.369 13565 13641 W RobotCore: [55 aa 00 40 1e] -> [00 00 00 00 00]
01-15 23:25:10.369 13565 13641 W RobotCore: could not write to Modern Robotics USB DC Motor Controller [A104OQ1P]: comm timeout
01-15 23:25:10.401 13565 13644 W RobotCore: Modern Robotics USB header sync bytes are incorrect
01-15 23:25:10.402 13565 13644 W RobotCore: [55 aa 00 40 1e] -> [00 00 00 00 00]
01-15 23:25:10.402 13565 13644 W RobotCore: could not write to Modern Robotics USB DC Motor Controller [AL00VWH0]: comm timeout
01-15 23:25:10.455 13565 13653 W RobotCore: Modern Robotics USB header sync bytes are incorrect
01-15 23:25:10.456 13565 13653 W RobotCore: [55 aa 00 40 1e] -> [00 00 00 00 00]
01-15 23:25:10.456 13565 13653 W RobotCore: could not write to Modern Robotics USB DC Motor Controller [AL00VBIF]: comm timeout
01-15 23:25:10.685 13565 13647 W RobotCore: Modern Robotics USB header sync bytes are incorrect
01-15 23:25:10.686 13565 13647 W RobotCore: [55 aa 00 40 1e] -> [00 00 00 00 00]
01-15 23:25:10.686 13565 13647 W RobotCore: could not write to Modern Robotics USB DC Motor Controller [AI049QOP]: comm timeout
01-15 23:25:10.729 13565 13638 W RobotCore: Modern Robotics USB header sync bytes are incorrect
01-15 23:25:10.729 13565 13638 W RobotCore: [55 aa 80 03 15] -> [00 00 00 00 00]
01-15 23:25:10.730 13565 13638 W RobotCore: could not read Modern Robotics USB Core Device Interface Module [AI02RHDJ]: comm timeout
01-15 23:25:10.762 13565 13641 W RobotCore: Modern Robotics USB header sync bytes are incorrect
01-15 23:25:10.763 13565 13641 W RobotCore: [55 aa 80 40 1e] -> [00 00 00 00 00]
01-15 23:25:10.763 13565 13641 W RobotCore: could not read Modern Robotics USB DC Motor Controller [A104OQ1P]: comm timeout
01-15 23:25:10.794 13565 13644 W RobotCore: Modern Robotics USB header sync bytes are incorrect
01-15 23:25:10.795 13565 13644 W RobotCore: [55 aa 80 40 1e] -> [00 00 00 00 00]
01-15 23:25:10.795 13565 13644 W RobotCore: could not read Modern Robotics USB DC Motor Controller [AL00VWH0]: comm timeout
01-15 23:25:10.850 13565 13653 W RobotCore: Modern Robotics USB header sync bytes are incorrect
01-15 23:25:10.850 13565 13653 W RobotCore: [55 aa 80 40 1e] -> [00 00 00 00 00]
01-15 23:25:10.851 13565 13653 W RobotCore: could not read Modern Robotics USB DC Motor Controller [AL00VBIF]: comm timeout
01-15 23:25:11.090 13565 13647 W RobotCore: Modern Robotics USB header sync bytes are incorrect
01-15 23:25:11.090 13565 13647 W RobotCore: [55 aa 80 40 1e] -> [00 00 00 00 00]
01-15 23:25:11.091 13565 13647 W RobotCore: could not read Modern Robotics USB DC Motor Controller [AI049QOP]: comm timeout
01-15 23:25:11.092 13565 13656 V RobotCore: event loop: device has shutdown abnormally
01-15 23:25:11.092 13565 13656 V RobotCore: event loop: detaching device owner
01-15 23:25:11.093 13565 13656 I FIRST   : ======= MODULE DETACH RECOVERY: disarm Modern Robotics USB Servo Controller [AL00VST0]=======
01-15 23:25:11.093 13565 13656 D RobotCore: disarming modern servo controller "Modern Robotics USB Servo Controller [AL00VST0]"...
01-15 23:25:11.093 13565 13656 V RobotCore: waiting for service ReadWriteRunnable for Modern Robotics USB Device
01-15 23:25:11.093 13565 13656 V RobotCore: awaitTermination returned, isTerminated=true
01-15 23:25:11.093 13565 13656 V RobotCore: executive service ReadWriteRunnable for Modern Robotics USB Device is terminated
01-15 23:25:11.094 13565 13656 D RobotCore: ...disarming modern servo controller Modern Robotics USB Servo Controller [AL00VST0] complete
01-15 23:25:11.094 13565 13656 I FIRST   : ======= MODULE DETACH RECOVERY: pretend Modern Robotics USB Servo Controller [AL00VST0]=======
01-15 23:25:11.094 13565 13656 D RobotCore: arming modern servo controller Modern Robotics USB Servo Controller [AL00VST0] (pretend)...
01-15 23:25:11.095 13565 13656 V RobotCore: Starting up pretend device AL00VST0
01-15 23:25:11.098 13565 13690 V RobotCore: thread: 'r/w loop: Modern Robotics USB Servo Controller [AL00VST0]' starting...
01-15 23:25:11.098 13565 13656 D RobotCore: ...arming modern servo controller Modern Robotics USB Servo Controller [AL00VST0] complete
01-15 23:25:11.099 13565 13656 I FIRST   : ======= MODULE DETACH RECOVERY: complete Modern Robotics USB Servo Controller [AL00VST0]=======
01-15 23:25:11.152 13565 13641 W RobotCore: Modern Robotics USB header sync bytes are incorrect
01-15 23:25:11.152 13565 13641 W RobotCore: [55 aa 00 40 1e] -> [00 00 00 00 00]
01-15 23:25:11.153 13565 13641 W RobotCore: could not write to Modern Robotics USB DC Motor Controller [A104OQ1P]: comm timeout
01-15 23:25:11.153 13565 13638 W RobotCore: Modern Robotics USB header sync bytes are incorrect
01-15 23:25:11.154 13565 13638 W RobotCore: [55 aa 80 03 15] -> [00 00 00 00 00]
01-15 23:25:11.154 13565 13638 W RobotCore: could not read Modern Robotics USB Core Device Interface Module [AI02RHDJ]: comm timeout
01-15 23:25:11.188 13565 13644 W RobotCore: Modern Robotics USB header sync bytes are incorrect
01-15 23:25:11.188 13565 13644 W RobotCore: [55 aa 00 40 1e] -> [00 00 00 00 00]
01-15 23:25:11.188 13565 13644 W RobotCore: could not write to Modern Robotics USB DC Motor Controller [AL00VWH0]: comm timeout
01-15 23:25:11.255 13565 13653 W RobotCore: Modern Robotics USB header sync bytes are incorrect
01-15 23:25:11.256 13565 13653 W RobotCore: [55 aa 00 40 1e] -> [00 00 00 00 00]
01-15 23:25:11.256 13565 13653 W RobotCore: could not write to Modern Robotics USB DC Motor Controller [AL00VBIF]: comm timeout
01-15 23:25:11.479 13565 13647 W RobotCore: Modern Robotics USB header sync bytes are incorrect
01-15 23:25:11.480 13565 13647 W RobotCore: [55 aa 00 40 1e] -> [00 00 00 00 00]
01-15 23:25:11.480 13565 13647 W RobotCore: could not write to Modern Robotics USB DC Motor Controller [AI049QOP]: comm timeout
01-15 23:25:11.542 13565 13641 W RobotCore: Modern Robotics USB header sync bytes are incorrect
01-15 23:25:11.543 13565 13641 W RobotCore: [55 aa 80 40 1e] -> [00 00 00 00 00]
01-15 23:25:11.543 13565 13641 W RobotCore: could not read Modern Robotics USB DC Motor Controller [A104OQ1P]: comm timeout
01-15 23:25:11.578 13565 13638 W RobotCore: Modern Robotics USB header sync bytes are incorrect
01-15 23:25:11.579 13565 13638 W RobotCore: [55 aa 80 03 15] -> [00 00 00 00 00]
01-15 23:25:11.579 13565 13638 W RobotCore: could not read Modern Robotics USB Core Device Interface Module [AI02RHDJ]: comm timeout
01-15 23:25:11.607 13565 13644 W RobotCore: Modern Robotics USB header sync bytes are incorrect
01-15 23:25:11.608 13565 13644 W RobotCore: [55 aa 80 40 1e] -> [00 00 00 00 00]
01-15 23:25:11.608 13565 13644 W RobotCore: could not read Modern Robotics USB DC Motor Controller [AL00VWH0]: comm timeout
01-15 23:25:11.649 13565 13653 W RobotCore: Modern Robotics USB header sync bytes are incorrect
01-15 23:25:11.650 13565 13653 W RobotCore: [55 aa 80 40 1e] -> [00 00 00 00 00]
01-15 23:25:11.650 13565 13653 W RobotCore: could not read Modern Robotics USB DC Motor Controller [AL00VBIF]: comm timeout
01-15 23:25:11.818 13565 13644 E FTDI_Device::: UsbConnection.requestWait() == null
01-15 23:25:11.820 13565 13565 D UsbDeviceConnectionJNI: close
01-15 23:25:11.820 13565 13643 D ProcessRequestThread::: Device has been closed.
01-15 23:25:11.820 13565 13643 W System.err: java.lang.InterruptedException
01-15 23:25:11.820 13565 13643 W System.err: 	at java.util.concurrent.locks.AbstractQueuedSynchronizer.doAcquireSharedInterruptibly(AbstractQueuedSynchronizer.java:972)
01-15 23:25:11.820 13565 13643 W System.err: 	at java.util.concurrent.locks.AbstractQueuedSynchronizer.acquireSharedInterruptibly(AbstractQueuedSynchronizer.java:1278)
01-15 23:25:11.820 13565 13643 W System.err: 	at java.util.concurrent.Semaphore.acquire(Semaphore.java:284)
01-15 23:25:11.821 13565 13642 D BulkIn::: Stop BulkIn thread
01-15 23:25:11.821 13565 13642 W System.err: 	at java.lang.NullPointerException: Attempt to invoke virtual method 'boolean com.ftdi.j2xx.InBuffer.acquired()' on a null object reference
01-15 23:25:11.821 13565 13643 W System.err: com.ftdi.j2xx.ProcessInCtrl.acquireReadableBuffer(FT_Device.java:2294)
01-15 23:25:11.821 13565 13643 W System.err: 	at com.ftdi.j2xx.ProcessRequestWorker.run(FT_Device.java:2764)
01-15 23:25:11.821 13565 13643 W System.err: 	at java.lang.Thread.run(Thread.java:818)
01-15 23:25:11.821 13565 13644 W RobotCore: Modern Robotics USB header sync bytes are incorrect
01-15 23:25:11.822 13565 13642 W System.err: 	at com.ftdi.j2xx.ProcessInCtrl.releaseWritableBuffers(FT_Device.java:2675)
01-15 23:25:11.822 13565 13644 W RobotCore: [55 aa 00 40 1e] -> [00 00 00 00 00]
01-15 23:25:11.822 13565 13642 W System.err: 	at com.ftdi.j2xx.BulkInWorker.run(FT_Device.java:2879)
01-15 23:25:11.822 13565 13642 W System.err: 	at java.lang.Thread.run(Thread.java:818)
01-15 23:25:11.822 13565 13644 W RobotCore: could not write to Modern Robotics USB DC Motor Controller [AL00VWH0]: comm timeout
01-15 23:25:11.822 13565 13644 W RobotCore: error: closed: FT_Device.read()=-1
01-15 23:25:11.823 13565 13644 V RobotCore: thread: ...terminating 'r/w loop: Modern Robotics USB DC Motor Controller [AL00VWH0]'
01-15 23:25:11.824 13565 13653 E FTDI_Device::: UsbConnection.requestWait() == null
01-15 23:25:11.828 13565 13565 D UsbDeviceConnectionJNI: close
01-15 23:25:11.828 13565 13637 D ProcessRequestThread::: Device has been closed.
01-15 23:25:11.829 13565 13637 W System.err: java.lang.InterruptedException
01-15 23:25:11.829 13565 13637 W System.err: 	at java.util.concurrent.locks.AbstractQueuedSynchronizer.doAcquireSharedInterruptibly(AbstractQueuedSynchronizer.java:972)
01-15 23:25:11.829 13565 13637 W System.err: 	at java.util.concurrent.locks.AbstractQueuedSynchronizer.acquireSharedInterruptibly(AbstractQueuedSynchronizer.java:1278)
01-15 23:25:11.829 13565 13637 W System.err: 	at java.util.concurrent.Semaphore.acquire(Semaphore.java:284)
01-15 23:25:11.829 13565 13637 W System.err: 	at com.ftdi.j2xx.ProcessInCtrl.acquireReadableBuffer(FT_Device.java:2294)
01-15 23:25:11.829 13565 13637 W System.err: 	at com.ftdi.j2xx.ProcessRequestWorker.run(FT_Device.java:2764)
01-15 23:25:11.829 13565 13637 W System.err: 	at java.lang.Thread.run(Thread.java:818)
01-15 23:25:11.830 13565 13636 D BulkIn::: Stop BulkIn thread
01-15 23:25:11.831 13565 13636 W System.err: java.lang.NullPointerException: Attempt to invoke virtual method 'int com.ftdi.j2xx.D2xxManager$DriverParameters.getBufferNumber()' on a null object reference
01-15 23:25:11.831 13565 13636 W System.err: 	at com.ftdi.j2xx.ProcessInCtrl.releaseWritableBuffers(FT_Device.java:2672)
01-15 23:25:11.831 13565 13636 W System.err: 	at com.ftdi.j2xx.BulkInWorker.run(FT_Device.java:2879)
01-15 23:25:11.831 13565 13636 W System.err: 	at java.lang.Thread.run(Thread.java:818)
01-15 23:25:11.833 13565 13638 W RobotCore: could not write to Modern Robotics USB Core Device Interface Module [AI02RHDJ]: FTDI Null Pointer Exception
01-15 23:25:11.833 13565 13638 E RobotCore: java.lang.NullPointerException: Attempt to invoke interface method 'void java.util.concurrent.locks.Lock.unlock()' on a null object reference
01-15 23:25:11.833 13565 13638 E RobotCore: com.ftdi.j2xx.ProcessInCtrl.readBulkInData(FT_Device.java:2520)
01-15 23:25:11.833 13565 13638 E RobotCore: com.ftdi.j2xx.FT_Device.read(FT_Device.java:666)
01-15 23:25:11.833 13565 13638 E RobotCore: com.qualcomm.robotcore.hardware.usb.ftdi.RobotUsbDeviceFtdi.read(RobotUsbDeviceFtdi.java:199)
01-15 23:25:11.833 13565 13638 E RobotCore: com.qualcomm.robotcore.hardware.usb.ftdi.RobotUsbDeviceFtdi.read(RobotUsbDeviceFtdi.java:176)
01-15 23:25:11.833 13565 13638 E RobotCore: com.qualcomm.modernrobotics.ReadWriteRunnableUsbHandler.a(SourceFile:77)
01-15 23:25:11.833 13565 13638 E RobotCore: com.qualcomm.modernrobotics.ReadWriteRunnableUsbHandler.read(SourceFile:66)
01-15 23:25:11.834 13565 13638 E RobotCore: com.qualcomm.hardware.modernrobotics.ReadWriteRunnableStandard$1.run(ReadWriteRunnableStandard.java:343)
01-15 23:25:11.834 13565 13638 E RobotCore: com.qualcomm.robotcore.util.ThreadPool.logThreadLifeCycle(ThreadPool.java:513)
01-15 23:25:11.834 13565 13638 E RobotCore: com.qualcomm.hardware.modernrobotics.ReadWriteRunnableStandard.run(ReadWriteRunnableStandard.java:302)
01-15 23:25:11.834 13565 13638 E RobotCore: java.util.concurrent.ThreadPoolExecutor.runWorker(ThreadPoolExecutor.java:1113)
01-15 23:25:11.834 13565 13638 E RobotCore: java.util.concurrent.ThreadPoolExecutor$Worker.run(ThreadPoolExecutor.java:588)
01-15 23:25:11.834 13565 13638 E RobotCore: java.lang.Thread.run(Thread.java:818)
01-15 23:25:11.834 13565 13638 V RobotCore: thread: ...terminating 'r/w loop: Modern Robotics USB Core Device Interface Module [AI02RHDJ]'
01-15 23:25:11.837 13565 13565 D UsbDeviceConnectionJNI: close
01-15 23:25:11.837 13565 13649 D ProcessRequestThread::: Device has been closed.
01-15 23:25:11.837 13565 13649 W System.err: java.lang.InterruptedException
01-15 23:25:11.837 13565 13649 W System.err: 	at java.util.concurrent.locks.AbstractQueuedSynchronizer.doAcquireSharedInterruptibly(AbstractQueuedSynchronizer.java:972)
01-15 23:25:11.837 13565 13649 W System.err: 	at java.util.concurrent.locks.AbstractQueuedSynchronizer.acquireSharedInterruptibly(AbstractQueuedSynchronizer.java:1278)
01-15 23:25:11.837 13565 13649 W System.err: 	at java.util.concurrent.Semaphore.acquire(Semaphore.java:284)
01-15 23:25:11.837 13565 13649 W System.err: 	at com.ftdi.j2xx.ProcessInCtrl.acquireReadableBuffer(FT_Device.java:2294)
01-15 23:25:11.837 13565 13649 W System.err: 	at com.ftdi.j2xx.ProcessRequestWorker.run(FT_Device.java:2764)
01-15 23:25:11.838 13565 13649 W System.err: 	at java.lang.Thread.run(Thread.java:818)
01-15 23:25:11.838 13565 13648 D BulkIn::: Stop BulkIn thread
01-15 23:25:11.838 13565 13648 W System.err: java.lang.NullPointerException: Attempt to invoke virtual method 'int com.ftdi.j2xx.D2xxManager$DriverParameters.getBufferNumber()' on a null object reference
01-15 23:25:11.838 13565 13648 W System.err: 	at com.ftdi.j2xx.ProcessInCtrl.releaseWritableBuffers(FT_Device.java:2672)
01-15 23:25:11.838 13565 13648 W System.err: 	at com.ftdi.j2xx.BulkInWorker.run(FT_Device.java:2879)
01-15 23:25:11.838 13565 13648 W System.err: 	at java.lang.Thread.run(Thread.java:818)
01-15 23:25:11.839 13565 13653 W RobotCore: could not write to Modern Robotics USB DC Motor Controller [AL00VBIF]: FTDI Null Pointer Exception
01-15 23:25:11.839 13565 13653 E RobotCore: java.lang.NullPointerException: Attempt to invoke interface method 'void java.util.concurrent.locks.Lock.unlock()' on a null object reference
01-15 23:25:11.839 13565 13653 E RobotCore: com.ftdi.j2xx.ProcessInCtrl.readBulkInData(FT_Device.java:2520)
01-15 23:25:11.839 13565 13653 E RobotCore: com.ftdi.j2xx.FT_Device.read(FT_Device.java:666)
01-15 23:25:11.839 13565 13653 E RobotCore: com.qualcomm.robotcore.hardware.usb.ftdi.RobotUsbDeviceFtdi.read(RobotUsbDeviceFtdi.java:199)
01-15 23:25:11.839 13565 13653 E RobotCore: com.qualcomm.robotcore.hardware.usb.ftdi.RobotUsbDeviceFtdi.read(RobotUsbDeviceFtdi.java:176)
01-15 23:25:11.839 13565 13653 E RobotCore: com.qualcomm.modernrobotics.ReadWriteRunnableUsbHandler.b(SourceFile:109)
01-15 23:25:11.839 13565 13653 E RobotCore: com.qualcomm.modernrobotics.ReadWriteRunnableUsbHandler.write(SourceFile:98)
01-15 23:25:11.839 13565 13653 E RobotCore: com.qualcomm.hardware.modernrobotics.ReadWriteRunnableStandard$1.run(ReadWriteRunnableStandard.java:394)
01-15 23:25:11.839 13565 13653 E RobotCore: com.qualcomm.robotcore.util.ThreadPool.logThreadLifeCycle(ThreadPool.java:513)
01-15 23:25:11.839 13565 13653 E RobotCore: com.qualcomm.hardware.modernrobotics.ReadWriteRunnableStandard.run(ReadWriteRunnableStandard.java:302)
01-15 23:25:11.839 13565 13653 E RobotCore: java.util.concurrent.ThreadPoolExecutor.runWorker(ThreadPoolExecutor.java:1113)
01-15 23:25:11.839 13565 13653 E RobotCore: java.util.concurrent.ThreadPoolExecutor$Worker.run(ThreadPoolExecutor.java:588)
01-15 23:25:11.839 13565 13653 E RobotCore: java.lang.Thread.run(Thread.java:818)
01-15 23:25:11.840 13565 13653 V RobotCore: thread: ...terminating 'r/w loop: Modern Robotics USB DC Motor Controller [AL00VBIF]'
01-15 23:25:11.840 13565 13565 D UsbDeviceConnectionJNI: close
01-15 23:25:11.841 13565 13646 D ProcessRequestThread::: Device has been closed.
01-15 23:25:11.841 13565 13646 W System.err: java.lang.InterruptedException
01-15 23:25:11.841 13565 13646 W System.err: 	at java.util.concurrent.locks.AbstractQueuedSynchronizer.doAcquireSharedInterruptibly(AbstractQueuedSynchronizer.java:972)
01-15 23:25:11.841 13565 13646 W System.err: 	at java.util.concurrent.locks.AbstractQueuedSynchronizer.acquireSharedInterruptibly(AbstractQueuedSynchronizer.java:1278)
01-15 23:25:11.841 13565 13646 W System.err: 	at java.util.concurrent.Semaphore.acquire(Semaphore.java:284)
01-15 23:25:11.841 13565 13646 W System.err: 	at com.ftdi.j2xx.ProcessInCtrl.acquireReadableBuffer(FT_Device.java:2294)
01-15 23:25:11.841 13565 13646 W System.err: 	at com.ftdi.j2xx.ProcessRequestWorker.run(FT_Device.java:2764)
01-15 23:25:11.841 13565 13646 W System.err: 	at java.lang.Thread.run(Thread.java:818)
01-15 23:25:11.841 13565 13565 D UsbDeviceConnectionJNI: close
01-15 23:25:11.841 13565 13647 W RobotCore: could not write to Modern Robotics USB DC Motor Controller [AI049QOP]: FTDI Null Pointer Exception
01-15 23:25:11.841 13565 13647 E RobotCore: java.lang.NullPointerException: Attempt to invoke interface method 'void java.util.concurrent.locks.Lock.unlock()' on a null object reference
01-15 23:25:11.841 13565 13647 E RobotCore: com.ftdi.j2xx.ProcessInCtrl.readBulkInData(FT_Device.java:2520)
01-15 23:25:11.841 13565 13647 E RobotCore: com.ftdi.j2xx.FT_Device.read(FT_Device.java:666)
01-15 23:25:11.841 13565 13647 E RobotCore: com.qualcomm.robotcore.hardware.usb.ftdi.RobotUsbDeviceFtdi.read(RobotUsbDeviceFtdi.java:199)
01-15 23:25:11.841 13565 13647 E RobotCore: com.qualcomm.robotcore.hardware.usb.ftdi.RobotUsbDeviceFtdi.read(RobotUsbDeviceFtdi.java:176)
01-15 23:25:11.841 13565 13647 E RobotCore: com.qualcomm.modernrobotics.ReadWriteRunnableUsbHandler.a(SourceFile:77)
01-15 23:25:11.841 13565 13647 E RobotCore: com.qualcomm.modernrobotics.ReadWriteRunnableUsbHandler.read(SourceFile:66)
01-15 23:25:11.842 13565 13647 E RobotCore: com.qualcomm.hardware.modernrobotics.ReadWriteRunnableStandard$1.run(ReadWriteRunnableStandard.java:343)
01-15 23:25:11.842 13565 13647 E RobotCore: com.qualcomm.robotcore.util.ThreadPool.logThreadLifeCycle(ThreadPool.java:513)
01-15 23:25:11.842 13565 13647 E RobotCore: com.qualcomm.hardware.modernrobotics.ReadWriteRunnableStandard.run(ReadWriteRunnableStandard.java:302)
01-15 23:25:11.842 13565 13647 E RobotCore: java.util.concurrent.ThreadPoolExecutor.runWorker(ThreadPoolExecutor.java:1113)
01-15 23:25:11.842 13565 13647 E RobotCore: java.util.concurrent.ThreadPoolExecutor$Worker.run(ThreadPoolExecutor.java:588)
01-15 23:25:11.842 13565 13647 E RobotCore: java.lang.Thread.run(Thread.java:818)
01-15 23:25:11.842 13565 13640 D ProcessRequestThread::: Device has been closed.
01-15 23:25:11.842 13565 13640 W System.err: java.lang.InterruptedException
01-15 23:25:11.843 13565 13640 W System.err: 	at java.util.concurrent.locks.AbstractQueuedSynchronizer.doAcquireSharedInterruptibly(AbstractQueuedSynchronizer.java:972)
01-15 23:25:11.843 13565 13640 W System.err: 	at java.util.concurrent.locks.AbstractQueuedSynchronizer.acquireSharedInterruptibly(AbstractQueuedSynchronizer.java:1278)
01-15 23:25:11.843 13565 13640 W System.err: 	at java.util.concurrent.Semaphore.acquire(Semaphore.java:284)
01-15 23:25:11.843 13565 13645 D BulkIn::: Stop BulkIn thread
01-15 23:25:11.843 13565 13645 W System.err: 	at java.lang.NullPointerException: Attempt to invoke virtual method 'int com.ftdi.j2xx.D2xxManager$DriverParameters.getBufferNumber()' on a null object reference
01-15 23:25:11.843 13565 13645 W System.err: 	at com.ftdi.j2xx.ProcessInCtrl.releaseWritableBuffers(FT_Device.java:2672)
01-15 23:25:11.843 13565 13645 W System.err: 	at com.ftdi.j2xx.BulkInWorker.run(FT_Device.java:2879)
01-15 23:25:11.843 13565 13645 W System.err: 	at java.lang.Thread.run(Thread.java:818)
01-15 23:25:11.844 13565 13639 D BulkIn::: Stop BulkIn thread
01-15 23:25:11.844 13565 13639 W System.err: java.lang.NullPointerException: Attempt to invoke virtual method 'int com.ftdi.j2xx.D2xxManager$DriverParameters.getBufferNumber()' on a null object reference
01-15 23:25:11.844 13565 13640 W System.err: com.ftdi.j2xx.ProcessInCtrl.acquireReadableBuffer(FT_Device.java:2294)
01-15 23:25:11.844 13565 13640 W System.err: 	at 	at com.ftdi.j2xx.ProcessRequestWorker.run(FT_Device.java:2764)
01-15 23:25:11.844 13565 13639 W System.err: 	at com.ftdi.j2xx.ProcessInCtrl.releaseWritableBuffers(FT_Device.java:2672)
01-15 23:25:11.844 13565 13639 W System.err: 	at com.ftdi.j2xx.BulkInWorker.run(FT_Device.java:2879)
01-15 23:25:11.844 13565 13639 W System.err: 	at java.lang.Thread.run(Thread.java:818)
01-15 23:25:11.844 13565 13641 W RobotCore: could not write to Modern Robotics USB DC Motor Controller [A104OQ1P]: FTDI Null Pointer Exception
01-15 23:25:11.844 13565 13641 E RobotCore: java.lang.NullPointerException: Attempt to invoke interface method 'void java.util.concurrent.locks.Lock.unlock()' on a null object reference
01-15 23:25:11.844 13565 13641 E RobotCore: com.ftdi.j2xx.ProcessInCtrl.readBulkInData(FT_Device.java:2520)
01-15 23:25:11.844 13565 13641 E RobotCore: com.ftdi.j2xx.FT_Device.read(FT_Device.java:666)
01-15 23:25:11.844 13565 13641 E RobotCore: com.qualcomm.robotcore.hardware.usb.ftdi.RobotUsbDeviceFtdi.read(RobotUsbDeviceFtdi.java:199)
01-15 23:25:11.844 13565 13641 E RobotCore: com.qualcomm.robotcore.hardware.usb.ftdi.RobotUsbDeviceFtdi.read(RobotUsbDeviceFtdi.java:176)
01-15 23:25:11.845 13565 13641 E RobotCore: com.qualcomm.modernrobotics.ReadWriteRunnableUsbHandler.b(SourceFile:109)
01-15 23:25:11.845 13565 13641 E RobotCore: com.qualcomm.modernrobotics.ReadWriteRunnableUsbHandler.write(SourceFile:98)
01-15 23:25:11.845 13565 13641 E RobotCore: com.qualcomm.hardware.modernrobotics.ReadWriteRunnableStandard$1.run(ReadWriteRunnableStandard.java:394)
01-15 23:25:11.845 13565 13641 E RobotCore: com.qualcomm.robotcore.util.ThreadPool.logThreadLifeCycle(ThreadPool.java:513)
01-15 23:25:11.845 13565 13641 E RobotCore: com.qualcomm.hardware.modernrobotics.ReadWriteRunnableStandard.run(ReadWriteRunnableStandard.java:302)
01-15 23:25:11.845 13565 13640 W System.err: java.lang.Thread.run(Thread.java:818)
01-15 23:25:11.846 13565 13641 E RobotCore: java.util.concurrent.ThreadPoolExecutor.runWorker(ThreadPoolExecutor.java:1113)
01-15 23:25:11.846 13565 13641 E RobotCore: java.util.concurrent.ThreadPoolExecutor$Worker.run(ThreadPoolExecutor.java:588)
01-15 23:25:11.846 13565 13641 E RobotCore: java.lang.Thread.run(Thread.java:818)
01-15 23:25:11.847 13565 13647 V RobotCore: thread: ...terminating 'r/w loop: Modern Robotics USB DC Motor Controller [AI049QOP]'
01-15 23:25:11.849 13565 13656 D RobotCore: system telemetry: key=$System$Warning$ msg="problem communicating with Modern Robotics USB Core Device Interface Module [AI02RHDJ]; problem communicating with Modern Robotics USB DC Motor Controller [A104OQ1P]; problem communicating with Modern Robotics USB DC Motor Controller [AL00VWH0]; problem communicating with Modern Robotics USB DC Motor Controller [AI049QOP]; problem communicating with Modern Robotics USB DC Motor Controller [AL00VBIF]; problem communicating with Modern Robotics USB Servo Controller [AL00VST0]"
01-15 23:25:11.849 13565 13641 V RobotCore: thread: ...terminating 'r/w loop: Modern Robotics USB DC Motor Controller [A104OQ1P]'
01-15 23:25:11.849 13565 13656 V RobotCore: event loop: device has shutdown abnormally
01-15 23:25:11.849 13565 13656 V RobotCore: event loop: detaching device owner
01-15 23:25:11.849 13565 13656 I FIRST   : ======= MODULE DETACH RECOVERY: disarm Modern Robotics USB Core Device Interface Module [AI02RHDJ]=======
01-15 23:25:11.850 13565 13656 V RobotCore: waiting for service ReadWriteRunnable for Modern Robotics USB Device
01-15 23:25:11.851 13565 13656 V RobotCore: awaitTermination returned, isTerminated=true
01-15 23:25:11.851 13565 13656 V RobotCore: executive service ReadWriteRunnable for Modern Robotics USB Device is terminated
01-15 23:25:11.851 13565 13656 I FIRST   : ======= MODULE DETACH RECOVERY: pretend Modern Robotics USB Core Device Interface Module [AI02RHDJ]=======
01-15 23:25:11.851 13565 13656 V RobotCore: Starting up pretend device AI02RHDJ
01-15 23:25:11.852 13565 13691 V RobotCore: thread: 'r/w loop: Modern Robotics USB Core Device Interface Module [AI02RHDJ]' starting...
01-15 23:25:11.853 13565 13656 I FIRST   : ======= MODULE DETACH RECOVERY: complete Modern Robotics USB Core Device Interface Module [AI02RHDJ]=======
01-15 23:25:11.853 13565 13656 V RobotCore: event loop: device has shutdown abnormally
01-15 23:25:11.853 13565 13656 V RobotCore: event loop: detaching device owner
01-15 23:25:11.853 13565 13656 I FIRST   : ======= MODULE DETACH RECOVERY: disarm Modern Robotics USB DC Motor Controller [A104OQ1P]=======
01-15 23:25:11.853 13565 13656 D RobotCore: disarming modern motor controller Modern Robotics USB DC Motor Controller [A104OQ1P]...
01-15 23:25:11.854 13565 13656 V RobotCore: waiting for service ReadWriteRunnable for Modern Robotics USB Device
01-15 23:25:11.855 13565 13656 V RobotCore: awaitTermination returned, isTerminated=true
01-15 23:25:11.855 13565 13656 V RobotCore: executive service ReadWriteRunnable for Modern Robotics USB Device is terminated
01-15 23:25:11.855 13565 13656 D RobotCore: ...disarming modern motor controller Modern Robotics USB DC Motor Controller [A104OQ1P] complete
01-15 23:25:11.855 13565 13656 I FIRST   : ======= MODULE DETACH RECOVERY: pretend Modern Robotics USB DC Motor Controller [A104OQ1P]=======
01-15 23:25:11.855 13565 13656 D RobotCore: arming modern motor controller Modern Robotics USB DC Motor Controller [A104OQ1P] (pretend)...
01-15 23:25:11.856 13565 13656 V RobotCore: Starting up pretend device A104OQ1P
01-15 23:25:11.858 13565 13692 V RobotCore: thread: 'r/w loop: Modern Robotics USB DC Motor Controller [A104OQ1P]' starting...
01-15 23:25:11.858 13565 13656 D RobotCore: ...arming modern motor controller Modern Robotics USB DC Motor Controller [A104OQ1P] complete
01-15 23:25:11.858 13565 13656 I FIRST   : ======= MODULE DETACH RECOVERY: complete Modern Robotics USB DC Motor Controller [A104OQ1P]=======
01-15 23:25:11.858 13565 13656 V RobotCore: event loop: device has shutdown abnormally
01-15 23:25:11.858 13565 13656 V RobotCore: event loop: detaching device owner
01-15 23:25:11.858 13565 13656 I FIRST   : ======= MODULE DETACH RECOVERY: disarm Modern Robotics USB DC Motor Controller [AL00VWH0]=======
01-15 23:25:11.858 13565 13656 D RobotCore: disarming modern motor controller Modern Robotics USB DC Motor Controller [AL00VWH0]...
01-15 23:25:11.859 13565 13656 V RobotCore: waiting for service ReadWriteRunnable for Modern Robotics USB Device
01-15 23:25:11.859 13565 13656 V RobotCore: awaitTermination returned, isTerminated=true
01-15 23:25:11.860 13565 13656 V RobotCore: executive service ReadWriteRunnable for Modern Robotics USB Device is terminated
01-15 23:25:11.860 13565 13656 D RobotCore: ...disarming modern motor controller Modern Robotics USB DC Motor Controller [AL00VWH0] complete
01-15 23:25:11.860 13565 13656 I FIRST   : ======= MODULE DETACH RECOVERY: pretend Modern Robotics USB DC Motor Controller [AL00VWH0]=======
01-15 23:25:11.860 13565 13656 D RobotCore: arming modern motor controller Modern Robotics USB DC Motor Controller [AL00VWH0] (pretend)...
01-15 23:25:11.860 13565 13656 V RobotCore: Starting up pretend device AL00VWH0
01-15 23:25:11.862 13565 13693 V RobotCore: thread: 'r/w loop: Modern Robotics USB DC Motor Controller [AL00VWH0]' starting...
01-15 23:25:11.862 13565 13656 D RobotCore: ...arming modern motor controller Modern Robotics USB DC Motor Controller [AL00VWH0] complete
01-15 23:25:11.863 13565 13656 I FIRST   : ======= MODULE DETACH RECOVERY: complete Modern Robotics USB DC Motor Controller [AL00VWH0]=======
01-15 23:25:11.863 13565 13656 V RobotCore: event loop: device has shutdown abnormally
01-15 23:25:11.863 13565 13656 V RobotCore: event loop: detaching device owner
01-15 23:25:11.863 13565 13656 I FIRST   : ======= MODULE DETACH RECOVERY: disarm Modern Robotics USB DC Motor Controller [AI049QOP]=======
01-15 23:25:11.863 13565 13656 D RobotCore: disarming modern motor controller Modern Robotics USB DC Motor Controller [AI049QOP]...
01-15 23:25:11.863 13565 13656 V RobotCore: waiting for service ReadWriteRunnable for Modern Robotics USB Device
01-15 23:25:11.864 13565 13656 V RobotCore: awaitTermination returned, isTerminated=true
01-15 23:25:11.864 13565 13656 V RobotCore: executive service ReadWriteRunnable for Modern Robotics USB Device is terminated
01-15 23:25:11.864 13565 13656 D RobotCore: ...disarming modern motor controller Modern Robotics USB DC Motor Controller [AI049QOP] complete
01-15 23:25:11.864 13565 13656 I FIRST   : ======= MODULE DETACH RECOVERY: pretend Modern Robotics USB DC Motor Controller [AI049QOP]=======
01-15 23:25:11.864 13565 13656 D RobotCore: arming modern motor controller Modern Robotics USB DC Motor Controller [AI049QOP] (pretend)...
01-15 23:25:11.864 13565 13656 V RobotCore: Starting up pretend device AI049QOP
01-15 23:25:11.866 13565 13694 V RobotCore: thread: 'r/w loop: Modern Robotics USB DC Motor Controller [AI049QOP]' starting...
01-15 23:25:11.866 13565 13656 D RobotCore: ...arming modern motor controller Modern Robotics USB DC Motor Controller [AI049QOP] complete
01-15 23:25:11.866 13565 13656 I FIRST   : ======= MODULE DETACH RECOVERY: complete Modern Robotics USB DC Motor Controller [AI049QOP]=======
01-15 23:25:11.866 13565 13656 V RobotCore: event loop: device has shutdown abnormally
01-15 23:25:11.866 13565 13656 V RobotCore: event loop: detaching device owner
01-15 23:25:11.866 13565 13656 I FIRST   : ======= MODULE DETACH RECOVERY: disarm Modern Robotics USB DC Motor Controller [AL00VBIF]=======
01-15 23:25:11.866 13565 13656 D RobotCore: disarming modern motor controller Modern Robotics USB DC Motor Controller [AL00VBIF]...
01-15 23:25:11.866 13565 13656 V RobotCore: waiting for service ReadWriteRunnable for Modern Robotics USB Device
01-15 23:25:11.867 13565 13656 V RobotCore: awaitTermination returned, isTerminated=true
01-15 23:25:11.867 13565 13656 V RobotCore: executive service ReadWriteRunnable for Modern Robotics USB Device is terminated
01-15 23:25:11.867 13565 13656 D RobotCore: ...disarming modern motor controller Modern Robotics USB DC Motor Controller [AL00VBIF] complete
01-15 23:25:11.867 13565 13656 I FIRST   : ======= MODULE DETACH RECOVERY: pretend Modern Robotics USB DC Motor Controller [AL00VBIF]=======
01-15 23:25:11.867 13565 13656 D RobotCore: arming modern motor controller Modern Robotics USB DC Motor Controller [AL00VBIF] (pretend)...
01-15 23:25:11.867 13565 13656 V RobotCore: Starting up pretend device AL00VBIF
01-15 23:25:11.869 13565 13695 V RobotCore: thread: 'r/w loop: Modern Robotics USB DC Motor Controller [AL00VBIF]' starting...
01-15 23:25:11.869 13565 13656 D RobotCore: ...arming modern motor controller Modern Robotics USB DC Motor Controller [AL00VBIF] complete
01-15 23:25:11.869 13565 13656 I FIRST   : ======= MODULE DETACH RECOVERY: complete Modern Robotics USB DC Motor Controller [AL00VBIF]=======
01-15 23:25:26.588 13565 13619 V Robocol : received command: CMD_INIT_OP_MODE(10865) $Stop$Robot$
01-15 23:25:26.591 13565 13656 I RobotCore: Attempting to switch to op mode $Stop$Robot$
01-15 23:25:26.602 13565 13623 V Robocol : sending CMD_INIT_OP_MODE_RESP(962), attempt: 0
01-15 23:25:26.629 13565 13619 V Robocol : received command: CMD_INIT_OP_MODE_RESP(962) $Stop$Robot$
01-15 23:25:26.630 13565 13619 V Robocol : received command: CMD_RUN_OP_MODE(10870) $Stop$Robot$
01-15 23:25:26.642 13565 13623 V Robocol : sending CMD_RUN_OP_MODE_RESP(967), attempt: 0
01-15 23:25:26.669 13565 13619 V Robocol : received command: CMD_RUN_OP_MODE_RESP(967) $Stop$Robot$
01-15 23:25:29.642 13565 13623 V Robocol : issuing peerDisconnected(): lastRecvPacket=2.014 s
01-15 23:25:29.642 13565 13623 V RobotCore: Network: active, disconnected
01-15 23:25:29.645 13565 13623 I RobotCore: Lost connection while running op mode: $Stop$Robot$
01-15 23:25:29.679 13565 13627 D MediaPlayer: setSubtitleAnchor in MediaPlayer
01-15 23:25:29.680 13565 13565 D MediaPlayer: setSubtitleAnchor in MediaPlayer
01-15 23:25:29.683 13565 13565 E MediaPlayer: invoke failed: wrong state 8
01-15 23:25:29.683 13565 13565 W MediaPlayer: mediaplayer went away with unhandled events
01-15 23:25:29.696 13565 13625 D ExtendedUtils: extended extractor not needed, return default
01-15 23:25:29.697 13565 13625 I MediaCodec: (0xb80140d0) init name(audio/raw) isType(1) encoder(0)
01-15 23:25:29.698 13565 13704 I OMXClient: Using client-side OMX mux.
01-15 23:25:29.702 13565 13704 E OMXMaster: A component of name 'OMX.qcom.audio.decoder.aac' already exists, ignoring this one.
01-15 23:25:29.705 13565 13704 I MediaCodec: (0xb80140d0) Component Allocated (OMX.google.raw.decoder)
01-15 23:25:29.705 13565 13625 I MediaCodec: (0xb80140d0) configure surface(0x0) crypto(0x0) flags(0)
01-15 23:25:29.705 13565 13625 D MediaCodec: (0xb80140d0) configure format: AMessage(what = 0x00000000) = {
01-15 23:25:29.705 13565 13625 D MediaCodec:    string mime = "audio/raw"
01-15 23:25:29.705 13565 13625 D MediaCodec:    int64_t durationUs = 516598
01-15 23:25:29.705 13565 13625 D MediaCodec:    int32_t channel-count = 2
01-15 23:25:29.705 13565 13625 D MediaCodec:    int32_t sample-rate = 44100
01-15 23:25:29.705 13565 13625 D MediaCodec:    int32_t channel-mask = 0
01-15 23:25:29.705 13565 13625 D MediaCodec:  }
01-15 23:25:29.706 13565 13625 I MediaCodec: (0xb80140d0) start
01-15 23:25:29.706 13565 13704 I MediaCodec: (0xb80140d0) input buffers allocated
01-15 23:25:29.706 13565 13704 I MediaCodec: (0xb80140d0) numBuffers (4)
01-15 23:25:29.706 13565 13704 I MediaCodec: (0xb80140d0) output buffers allocated
01-15 23:25:29.706 13565 13704 I MediaCodec: (0xb80140d0) numBuffers (4)
01-15 23:25:29.708 13565 13704 I MediaCodec: (0xb80140d0) codec output format changed
01-15 23:25:29.709 13565 13704 D MediaCodec: (0xb80140d0) output format: AMessage(what = 'codc', target = 14) = {
01-15 23:25:29.709 13565 13704 D MediaCodec:    string mime = "audio/raw"
01-15 23:25:29.709 13565 13704 D MediaCodec:    int32_t channel-count = 2
01-15 23:25:29.709 13565 13704 D MediaCodec:    int32_t sample-rate = 44100
01-15 23:25:29.709 13565 13704 D MediaCodec:    int32_t channel-mask = 0
01-15 23:25:29.709 13565 13704 D MediaCodec:    int32_t what = 1869968451
01-15 23:25:29.709 13565 13704 D MediaCodec:  }
01-15 23:25:29.712 13565 13625 I MediaCodec: (0xb80140d0) stop
01-15 23:25:29.713 13565 13625 I MediaCodec: (0xb80140d0) release
01-15 23:25:29.718 13565 13627 W AudioTrack: AUDIO_OUTPUT_FLAG_FAST denied by client; transfer 4, track 44100 Hz, output 48000 Hz
01-15 23:25:30.150 13565 13656 I RobotCore: Attempting to switch to op mode $Stop$Robot$
01-15 23:25:34.507 13565 13565 V RCActivity: onPause()
01-15 23:25:34.516 13565 13565 V RCActivity: onStop()
01-15 23:25:34.516 13565 13565 V RobotCore: executive service robot setup is terminated
01-15 23:25:34.516 13565 13565 V Robocol : EventLoopManager.shutdown()
01-15 23:25:34.516 13565 13565 V RobotCore: waiting for service EventLoop
01-15 23:25:34.517 13565 13656 V RobotCore: EventLoopRunnable interrupted
01-15 23:25:34.517 13565 13656 V RobotCore: EventLoopManager state is STOPPED
01-15 23:25:34.517 13565 13656 V RobotCore: Robot Status: stopped
01-15 23:25:34.517 13565 13656 I FIRST   : ======= TEARDOWN =======
01-15 23:25:34.517 13565 13656 D RobotCore: disarming modern motor controller Modern Robotics USB DC Motor Controller [A104OQ1P]...
01-15 23:25:34.519 13565 13656 V RobotCore: waiting for service ReadWriteRunnable for Modern Robotics USB Device
01-15 23:25:34.519 13565 13692 V RobotCore: thread: ...terminating 'r/w loop: Modern Robotics USB DC Motor Controller [A104OQ1P]'
01-15 23:25:34.519 13565 13656 V RobotCore: awaitTermination returned, isTerminated=true
01-15 23:25:34.519 13565 13656 V RobotCore: executive service ReadWriteRunnable for Modern Robotics USB Device is terminated
01-15 23:25:34.520 13565 13656 D RobotCore: ...disarming modern motor controller Modern Robotics USB DC Motor Controller [A104OQ1P] complete
01-15 23:25:34.520 13565 13656 D RobotCore: disarming modern motor controller Modern Robotics USB DC Motor Controller [AL00VWH0]...
01-15 23:25:34.523 13565 13693 V RobotCore: thread: ...terminating 'r/w loop: Modern Robotics USB DC Motor Controller [AL00VWH0]'
01-15 23:25:34.523 13565 13656 V RobotCore: executive service ReadWriteRunnable for Modern Robotics USB Device is terminated
01-15 23:25:34.523 13565 13656 D RobotCore: ...disarming modern motor controller Modern Robotics USB DC Motor Controller [AL00VWH0] complete
01-15 23:25:34.524 13565 13656 D RobotCore: disarming modern motor controller Modern Robotics USB DC Motor Controller [AI049QOP]...
01-15 23:25:34.528 13565 13694 V RobotCore: thread: ...terminating 'r/w loop: Modern Robotics USB DC Motor Controller [AI049QOP]'
01-15 23:25:34.529 13565 13656 V RobotCore: executive service ReadWriteRunnable for Modern Robotics USB Device is terminated
01-15 23:25:34.529 13565 13656 D RobotCore: ...disarming modern motor controller Modern Robotics USB DC Motor Controller [AI049QOP] complete
01-15 23:25:34.529 13565 13656 D RobotCore: disarming modern motor controller Modern Robotics USB DC Motor Controller [AL00VBIF]...
01-15 23:25:34.536 13565 13695 V RobotCore: thread: ...terminating 'r/w loop: Modern Robotics USB DC Motor Controller [AL00VBIF]'
01-15 23:25:34.536 13565 13656 V RobotCore: waiting for service ReadWriteRunnable for Modern Robotics USB Device
01-15 23:25:34.536 13565 13656 V RobotCore: awaitTermination returned, isTerminated=true
01-15 23:25:34.536 13565 13656 V RobotCore: executive service ReadWriteRunnable for Modern Robotics USB Device is terminated
01-15 23:25:34.536 13565 13656 D RobotCore: ...disarming modern motor controller Modern Robotics USB DC Motor Controller [AL00VBIF] complete
01-15 23:25:34.536 13565 13656 D RobotCore: disarming modern servo controller "Modern Robotics USB Servo Controller [AL00VST0]"...
01-15 23:25:34.544 13565 13690 V RobotCore: thread: ...terminating 'r/w loop: Modern Robotics USB Servo Controller [AL00VST0]'
01-15 23:25:34.544 13565 13656 V RobotCore: executive service ReadWriteRunnable for Modern Robotics USB Device is terminated
01-15 23:25:34.544 13565 13656 D RobotCore: ...disarming modern servo controller Modern Robotics USB Servo Controller [AL00VST0] complete
01-15 23:25:34.548 13565 13691 V RobotCore: thread: ...terminating 'r/w loop: Modern Robotics USB Core Device Interface Module [AI02RHDJ]'
01-15 23:25:34.548 13565 13656 V RobotCore: waiting for service ReadWriteRunnable for Modern Robotics USB Device
01-15 23:25:34.548 13565 13656 V RobotCore: awaitTermination returned, isTerminated=true
01-15 23:25:34.548 13565 13656 V RobotCore: executive service ReadWriteRunnable for Modern Robotics USB Device is terminated
01-15 23:25:34.548 13565 13656 I FIRST   : ======= TEARDOWN COMPLETE =======
01-15 23:25:34.549 13565 13656 V RobotCore: thread: ...terminating 'opmode loop()'
01-15 23:25:34.549 13565 13565 V RobotCore: awaitTermination returned, isTerminated=true
01-15 23:25:34.550 13565 13565 V RobotCore: executive service EventLoop is terminated
01-15 23:25:34.550 13565 13565 V RobotCore: EventLoopManager state is STOPPED
01-15 23:40:41.318 14882 14882 I art     : Late-enabling -Xcheck:jni
01-15 23:40:41.401 14882 14882 I InstantRun: Instant Run Runtime started. Android package is com.qualcomm.ftcrobotcontroller, real application class is org.firstinspires.ftc.robotcore.internal.RobotApplication.
01-15 23:40:42.042 14931 14931 I dex2oat : /system/bin/dex2oat --dex-file=/data/data/com.qualcomm.ftcrobotcontroller/files/instant-run/dex/slice-slice_2-classes.dex --oat-file=/data/user/0/com.qualcomm.ftcrobotcontroller/cache/slice-slice_2-classes.dex
01-15 23:40:42.422 14931 14931 I dex2oat : dex2oat took 380.476ms (threads: 4) arena alloc=130KB java alloc=110KB native alloc=2MB free=93KB
01-15 23:40:42.650 14882 14882 V RCActivity: onCreate()
01-15 23:40:42.655 14882 14945 V RobotCore: saving logcat to /storage/emulated/0/com.qualcomm.ftcrobotcontroller.logcat
01-15 23:40:42.655 14882 14945 V RobotCore: logging command line: logcat -f /storage/emulated/0/com.qualcomm.ftcrobotcontroller.logcat -r4096 -n4 -v threadtime UsbRequestJNI:S UsbRequest:S *:V
01-15 23:40:42.682 14882 14882 I WebViewFactory: Loading com.google.android.webview version 46.0.2490.76 (code 249007600)
01-15 23:40:42.682 14947 14947 W ps      : type=1400 audit(0.0:54248): avc: denied { getattr } for uid=10109 path="/proc/1" dev="proc" ino=483348 scontext=u:r:untrusted_app:s0:c512,c768 tcontext=u:r:init:s0 tclass=dir permissive=0
01-15 23:40:42.682 14947 14947 W ps      : type=1400 audit(0.0:54249): avc: denied { search } for uid=10109 name="1" dev="proc" ino=483348 scontext=u:r:untrusted_app:s0:c512,c768 tcontext=u:r:init:s0 tclass=dir permissive=0
01-15 23:40:42.682 14947 14947 W ps      : type=1400 audit(0.0:54250): avc: denied { search } for uid=10109 name="1" dev="proc" ino=483348 scontext=u:r:untrusted_app:s0:c512,c768 tcontext=u:r:init:s0 tclass=dir permissive=0
01-15 23:40:42.682 14947 14947 W ps      : type=1400 audit(0.0:54251): avc: denied { getattr } for uid=10109 path="/proc/2" dev="proc" ino=480609 scontext=u:r:untrusted_app:s0:c512,c768 tcontext=u:r:kernel:s0 tclass=dir permissive=0
01-15 23:40:42.682 14947 14947 W ps      : type=1400 audit(0.0:54252): avc: denied { search } for uid=10109 name="2" dev="proc" ino=480609 scontext=u:r:untrusted_app:s0:c512,c768 tcontext=u:r:kernel:s0 tclass=dir permissive=0
01-15 23:40:42.682 14947 14947 W ps      : type=1400 audit(0.0:54253): avc: denied { search } for uid=10109 name="2" dev="proc" ino=480609 scontext=u:r:untrusted_app:s0:c512,c768 tcontext=u:r:kernel:s0 tclass=dir permissive=0
01-15 23:40:42.682 14947 14947 W ps      : type=1400 audit(0.0:54254): avc: denied { getattr } for uid=10109 path="/proc/3" dev="proc" ino=480610 scontext=u:r:untrusted_app:s0:c512,c768 tcontext=u:r:kernel:s0 tclass=dir permissive=0
01-15 23:40:42.682 14947 14947 W ps      : type=1400 audit(0.0:54255): avc: denied { search } for uid=10109 name="3" dev="proc" ino=480610 scontext=u:r:untrusted_app:s0:c512,c768 tcontext=u:r:kernel:s0 tclass=dir permissive=0
01-15 23:40:42.682 14947 14947 W ps      : type=1400 audit(0.0:54256): avc: denied { search } for uid=10109 name="3" dev="proc" ino=480610 scontext=u:r:untrusted_app:s0:c512,c768 tcontext=u:r:kernel:s0 tclass=dir permissive=0
01-15 23:40:42.682 14947 14947 W ps      : type=1400 audit(0.0:54257): avc: denied { getattr } for uid=10109 path="/proc/5" dev="proc" ino=480611 scontext=u:r:untrusted_app:s0:c512,c768 tcontext=u:r:kernel:s0 tclass=dir permissive=0
01-15 23:40:42.682 14947 14947 W ps      : type=1400 audit(0.0:54258): avc: denied { search } for uid=10109 name="5" dev="proc" ino=480611 scontext=u:r:untrusted_app:s0:c512,c768 tcontext=u:r:kernel:s0 tclass=dir permissive=0
01-15 23:40:42.682 14947 14947 W ps      : type=1400 audit(0.0:54259): avc: denied { search } for uid=10109 name="5" dev="proc" ino=480611 scontext=u:r:untrusted_app:s0:c512,c768 tcontext=u:r:kernel:s0 tclass=dir permissive=0
01-15 23:40:42.682 14947 14947 W ps      : type=1400 audit(0.0:54260): avc: denied { getattr } for uid=10109 path="/proc/6" dev="proc" ino=480612 scontext=u:r:untrusted_app:s0:c512,c768 tcontext=u:r:kernel:s0 tclass=dir permissive=0
01-15 23:40:42.682 14947 14947 W ps      : type=1400 audit(0.0:54261): avc: denied { search } for uid=10109 name="6" dev="proc" ino=480612 scontext=u:r:untrusted_app:s0:c512,c768 tcontext=u:r:kernel:s0 tclass=dir permissive=0
01-15 23:40:42.682 14947 14947 W ps      : type=1400 audit(0.0:54262): avc: denied { search } for uid=10109 name="6" dev="proc" ino=480612 scontext=u:r:untrusted_app:s0:c512,c768 tcontext=u:r:kernel:s0 tclass=dir permissive=0
01-15 23:40:42.682 14947 14947 W ps      : type=1400 audit(0.0:54263): avc: denied { getattr } for uid=10109 path="/proc/7" dev="proc" ino=480613 scontext=u:r:untrusted_app:s0:c512,c768 tcontext=u:r:kernel:s0 tclass=dir permissive=0
01-15 23:40:42.682 14947 14947 W ps      : type=1400 audit(0.0:54264): avc: denied { search } for uid=10109 name="7" dev="proc" ino=480613 scontext=u:r:untrusted_app:s0:c512,c768 tcontext=u:r:kernel:s0 tclass=dir permissive=0
01-15 23:40:42.682 14947 14947 W ps      : type=1400 audit(0.0:54265): avc: denied { search } for uid=10109 name="7" dev="proc" ino=480613 scontext=u:r:untrusted_app:s0:c512,c768 tcontext=u:r:kernel:s0 tclass=dir permissive=0
01-15 23:40:42.682 14947 14947 W ps      : type=1400 audit(0.0:54266): avc: denied { getattr } for uid=10109 path="/proc/8" dev="proc" ino=480614 scontext=u:r:untrusted_app:s0:c512,c768 tcontext=u:r:kernel:s0 tclass=dir permissive=0
01-15 23:40:42.682 14947 14947 W ps      : type=1400 audit(0.0:54267): avc: denied { search } for uid=10109 name="8" dev="proc" ino=480614 scontext=u:r:untrusted_app:s0:c512,c768 tcontext=u:r:kernel:s0 tclass=dir permissive=0
01-15 23:40:42.710 14882 14882 W System  : ClassLoader referenced unknown path: /system/app/WebViewGoogle/lib/arm
01-15 23:40:42.724 14882 14882 I cr.library_loader: Time to load native libraries: 9 ms (timestamps 7359-7368)
01-15 23:40:42.724 14882 14882 I cr.library_loader: Expected native library version number "46.0.2490.76", actual native library version number "46.0.2490.76"
01-15 23:40:42.740 14882 14882 V WebViewChromiumFactoryProvider: Binding Chromium to main looper Looper (main, tid 1) {917b2}
01-15 23:40:42.741 14882 14882 I cr.library_loader: Expected native library version number "46.0.2490.76", actual native library version number "46.0.2490.76"
01-15 23:40:42.741 14882 14882 I chromium: [INFO:library_loader_hooks.cc(118)] Chromium logging enabled: level = 0, default verbosity = 0
01-15 23:40:42.748 14882 14882 I cr.BrowserStartup: Initializing chromium process, singleProcess=true
01-15 23:40:42.753 14882 14882 E SysUtils: ApplicationContext is null in ApplicationStatus
01-15 23:40:42.774 14882 14882 I Adreno-EGL: <qeglDrvAPI_eglInitialize:379>: EGL 1.4 QUALCOMM build:  (Ifd751822f5)
01-15 23:40:42.774 14882 14882 I Adreno-EGL: OpenGL ES Shader Compiler Version: XE031.06.00.05
01-15 23:40:42.774 14882 14882 I Adreno-EGL: Build Date: 01/26/16 Tue
01-15 23:40:42.774 14882 14882 I Adreno-EGL: Local Branch: AU12_SBA
01-15 23:40:42.774 14882 14882 I Adreno-EGL: Remote Branch: 
01-15 23:40:42.774 14882 14882 I Adreno-EGL: Local Patches: 
01-15 23:40:42.774 14882 14882 I Adreno-EGL: Reconstruct Branch: 
01-15 23:40:42.804 14882 14882 E chromium: [ERROR:browser_gpu_channel_host_factory.cc(258)] Failed to init browser shader disk cache.
01-15 23:40:42.830 14882 14882 E libEGL  : validate_display:255 error 3008 (EGL_BAD_DISPLAY)
01-15 23:40:42.872 14882 14882 W art     : Attempt to remove non-JNI local reference, dumping thread
01-15 23:40:42.882 14882 14882 W AwContents: onDetachedFromWindow called when already detached. Ignoring
01-15 23:40:44.400 14882 14882 V RobotCore: Network: inactive, disconnected
