01-05 20:12:10.365 28700 28700 W ps      : type=1400 audit(0.0:61342): avc: denied { search } for uid=10108 name="1" dev="proc" ino=1411378 scontext=u:r:untrusted_app:s0:c512,c768 tcontext=u:r:init:s0 tclass=dir permissive=0
01-05 20:12:10.365 28700 28700 W ps      : type=1400 audit(0.0:61343): avc: denied { getattr } for uid=10108 path="/proc/2" dev="proc" ino=1411379 scontext=u:r:untrusted_app:s0:c512,c768 tcontext=u:r:kernel:s0 tclass=dir permissive=0
01-05 20:12:10.365 28700 28700 W ps      : type=1400 audit(0.0:61344): avc: denied { search } for uid=10108 name="2" dev="proc" ino=1411379 scontext=u:r:untrusted_app:s0:c512,c768 tcontext=u:r:kernel:s0 tclass=dir permissive=0
01-05 20:12:10.365 28700 28700 W ps      : type=1400 audit(0.0:61345): avc: denied { search } for uid=10108 name="2" dev="proc" ino=1411379 scontext=u:r:untrusted_app:s0:c512,c768 tcontext=u:r:kernel:s0 tclass=dir permissive=0
01-05 20:12:10.365 28700 28700 W ps      : type=1400 audit(0.0:61346): avc: denied { getattr } for uid=10108 path="/proc/3" dev="proc" ino=1411380 scontext=u:r:untrusted_app:s0:c512,c768 tcontext=u:r:kernel:s0 tclass=dir permissive=0
01-05 20:12:10.365 28700 28700 W ps      : type=1400 audit(0.0:61347): avc: denied { search } for uid=10108 name="3" dev="proc" ino=1411380 scontext=u:r:untrusted_app:s0:c512,c768 tcontext=u:r:kernel:s0 tclass=dir permissive=0
01-05 20:12:10.365 28700 28700 W ps      : type=1400 audit(0.0:61348): avc: denied { search } for uid=10108 name="3" dev="proc" ino=1411380 scontext=u:r:untrusted_app:s0:c512,c768 tcontext=u:r:kernel:s0 tclass=dir permissive=0
01-05 20:12:10.365 28700 28700 W ps      : type=1400 audit(0.0:61349): avc: denied { getattr } for uid=10108 path="/proc/5" dev="proc" ino=1411381 scontext=u:r:untrusted_app:s0:c512,c768 tcontext=u:r:kernel:s0 tclass=dir permissive=0
01-05 20:12:10.365 28700 28700 W ps      : type=1400 audit(0.0:61350): avc: denied { search } for uid=10108 name="5" dev="proc" ino=1411381 scontext=u:r:untrusted_app:s0:c512,c768 tcontext=u:r:kernel:s0 tclass=dir permissive=0
01-05 20:12:10.365 28700 28700 W ps      : type=1400 audit(0.0:61351): avc: denied { search } for uid=10108 name="5" dev="proc" ino=1411381 scontext=u:r:untrusted_app:s0:c512,c768 tcontext=u:r:kernel:s0 tclass=dir permissive=0
01-05 20:12:10.365 28700 28700 W ps      : type=1400 audit(0.0:61352): avc: denied { getattr } for uid=10108 path="/proc/6" dev="proc" ino=1411382 scontext=u:r:untrusted_app:s0:c512,c768 tcontext=u:r:kernel:s0 tclass=dir permissive=0
01-05 20:12:10.365 28700 28700 W ps      : type=1400 audit(0.0:61353): avc: denied { search } for uid=10108 name="6" dev="proc" ino=1411382 scontext=u:r:untrusted_app:s0:c512,c768 tcontext=u:r:kernel:s0 tclass=dir permissive=0
01-05 20:12:10.365 28700 28700 W ps      : type=1400 audit(0.0:61354): avc: denied { search } for uid=10108 name="6" dev="proc" ino=1411382 scontext=u:r:untrusted_app:s0:c512,c768 tcontext=u:r:kernel:s0 tclass=dir permissive=0
01-05 20:12:10.365 28700 28700 W ps      : type=1400 audit(0.0:61355): avc: denied { getattr } for uid=10108 path="/proc/7" dev="proc" ino=1411383 scontext=u:r:untrusted_app:s0:c512,c768 tcontext=u:r:kernel:s0 tclass=dir permissive=0
01-05 20:12:10.365 28700 28700 W ps      : type=1400 audit(0.0:61356): avc: denied { search } for uid=10108 name="7" dev="proc" ino=1411383 scontext=u:r:untrusted_app:s0:c512,c768 tcontext=u:r:kernel:s0 tclass=dir permissive=0
01-05 20:12:10.365 28700 28700 W ps      : type=1400 audit(0.0:61357): avc: denied { search } for uid=10108 name="7" dev="proc" ino=1411383 scontext=u:r:untrusted_app:s0:c512,c768 tcontext=u:r:kernel:s0 tclass=dir permissive=0
01-05 20:12:10.365 28700 28700 W ps      : type=1400 audit(0.0:61358): avc: denied { getattr } for uid=10108 path="/proc/8" dev="proc" ino=1411384 scontext=u:r:untrusted_app:s0:c512,c768 tcontext=u:r:kernel:s0 tclass=dir permissive=0
01-05 20:12:10.365 28700 28700 W ps      : type=1400 audit(0.0:61359): avc: denied { search } for uid=10108 name="8" dev="proc" ino=1411384 scontext=u:r:untrusted_app:s0:c512,c768 tcontext=u:r:kernel:s0 tclass=dir permissive=0
01-05 20:12:10.394 28510 28510 V RobotCore: Killing PID 28532
01-05 20:12:10.477 28510 28510 V RCActivity: onCreate()
01-05 20:12:10.492 28510 28703 V RobotCore: saving logcat to /storage/emulated/0/com.qualcomm.ftcrobotcontroller.logcat
01-05 20:12:10.492 28510 28703 V RobotCore: logging command line: logcat -f /storage/emulated/0/com.qualcomm.ftcrobotcontroller.logcat -r4096 -n4 -v threadtime UsbRequestJNI:S UsbRequest:S *:V
01-05 20:12:10.501 28510 28510 W art     : Attempt to remove non-JNI local reference, dumping thread
01-05 20:12:10.502 28510 28510 W AwContents: onDetachedFromWindow called when already detached. Ignoring
01-05 20:12:10.851 28510 28567 D RobotCore: system telemetry: key=$System$None$ msg=""
01-05 20:12:11.030 28510 28510 W UserSensorTypeManager: configuration error: the sensor "Adafruit IMU" is already defined
01-05 20:12:11.068 28510 28510 W UserSensorTypeManager: configuration error: the sensor "MR Compass Sensor" is already defined
01-05 20:12:11.075 28510 28510 W UserSensorTypeManager: configuration error: the sensor "MR Range Sensor" is already defined
01-05 20:12:11.645 28510 28510 V RobotCore: Network: inactive, disconnected
01-05 20:12:11.653 28510 28510 V RCActivity: onStart()
01-05 20:12:11.656 28510 28510 V RCActivity: onResume()
01-05 20:12:11.682 28510 28510 I Choreographer: Skipped 113 frames!  The application may be doing too much work on its main thread.
01-05 20:12:11.724 28510 28510 V FTCService: onUnbind()
01-05 20:12:11.724 28510 28510 V WifiDirect: There are 0 Wifi Direct Assistant Clients (-)
01-05 20:12:11.725 28510 28510 V WifiDirect: Disabling Wifi Direct Assistant
01-05 20:12:11.726 28510 28510 V Robocol : EventLoopManager.close()
01-05 20:12:11.726 28510 28510 V RobotCore: waiting for service ReceiveLoopService
01-05 20:12:11.743 28510 28578 D MediaPlayer: setSubtitleAnchor in MediaPlayer
01-05 20:12:11.764 28510 28576 D ExtendedUtils: extended extractor not needed, return default
01-05 20:12:11.765 28510 28576 I MediaCodec: (0xb76675e8) init name(audio/raw) isType(1) encoder(0)
01-05 20:12:11.766 28510 28714 I OMXClient: Using client-side OMX mux.
01-05 20:12:11.769 28510 28714 E OMXMaster: A component of name 'OMX.qcom.audio.decoder.aac' already exists, ignoring this one.
01-05 20:12:11.770 28510 28714 I MediaCodec: (0xb76675e8) Component Allocated (OMX.google.raw.decoder)
01-05 20:12:11.771 28510 28576 I MediaCodec: (0xb76675e8) configure surface(0x0) crypto(0x0) flags(0)
01-05 20:12:11.771 28510 28576 D MediaCodec: (0xb76675e8) configure format: AMessage(what = 0x00000000) = {
01-05 20:12:11.771 28510 28576 D MediaCodec:    string mime = "audio/raw"
01-05 20:12:11.771 28510 28576 D MediaCodec:    int64_t durationUs = 929183
01-05 20:12:11.771 28510 28576 D MediaCodec:    int32_t channel-count = 2
01-05 20:12:11.771 28510 28576 D MediaCodec:    int32_t sample-rate = 44100
01-05 20:12:11.771 28510 28576 D MediaCodec:    int32_t channel-mask = 0
01-05 20:12:11.771 28510 28576 D MediaCodec:  }
01-05 20:12:11.771 28510 28576 I MediaCodec: (0xb76675e8) start
01-05 20:12:11.772 28510 28714 I MediaCodec: (0xb76675e8) input buffers allocated
01-05 20:12:11.772 28510 28714 I MediaCodec: (0xb76675e8) numBuffers (4)
01-05 20:12:11.772 28510 28714 I MediaCodec: (0xb76675e8) output buffers allocated
01-05 20:12:11.772 28510 28714 I MediaCodec: (0xb76675e8) numBuffers (4)
01-05 20:12:11.774 28510 28714 I MediaCodec: (0xb76675e8) codec output format changed
01-05 20:12:11.774 28510 28714 D MediaCodec: (0xb76675e8) output format: AMessage(what = 'codc', target = 14) = {
01-05 20:12:11.774 28510 28714 D MediaCodec:    string mime = "audio/raw"
01-05 20:12:11.774 28510 28714 D MediaCodec:    int32_t channel-count = 2
01-05 20:12:11.774 28510 28714 D MediaCodec:    int32_t sample-rate = 44100
01-05 20:12:11.774 28510 28714 D MediaCodec:    int32_t channel-mask = 0
01-05 20:12:11.774 28510 28714 D MediaCodec:    int32_t what = 1869968451
01-05 20:12:11.774 28510 28714 D MediaCodec:  }
01-05 20:12:11.778 28510 28576 I MediaCodec: (0xb76675e8) stop
01-05 20:12:11.779 28510 28576 I MediaCodec: (0xb76675e8) release
01-05 20:12:11.783 28510 28578 W AudioTrack: AUDIO_OUTPUT_FLAG_FAST denied by client; transfer 4, track 44100 Hz, output 48000 Hz
01-05 20:12:11.848 28510 28567 V RobotCore: thread: ...terminating 'RecvLoopRunnable.run()'
01-05 20:12:11.848 28510 28510 V RobotCore: awaitTermination returned, isTerminated=true
01-05 20:12:11.848 28510 28510 V RobotCore: executive service ReceiveLoopService is terminated
01-05 20:12:11.848 28510 28510 V PeerDiscovery: Stopping peer discovery
01-05 20:12:11.849 28510 28510 D Robocol : RobocolDatagramSocket is closed
01-05 20:12:11.849 28510 28510 V FTCService: onDestroy()
01-05 20:12:11.854 28510 28510 E ActivityThread: Activity org.firstinspires.ftc.robotcontroller.internal.FtcRobotControllerActivity has leaked IntentReceiver com.qualcomm.analytics.Analytics@7a15b6a that was originally registered here. Are you missing a call to unregisterReceiver()?
01-05 20:12:11.854 28510 28510 E ActivityThread: android.app.IntentReceiverLeaked: Activity org.firstinspires.ftc.robotcontroller.internal.FtcRobotControllerActivity has leaked IntentReceiver com.qualcomm.analytics.Analytics@7a15b6a that was originally registered here. Are you missing a call to unregisterReceiver()?
01-05 20:12:11.854 28510 28510 E ActivityThread: 	at android.app.LoadedApk$ReceiverDispatcher.<init>(LoadedApk.java:918)
01-05 20:12:11.854 28510 28510 E ActivityThread: 	at android.app.LoadedApk.getReceiverDispatcher(LoadedApk.java:719)
01-05 20:12:11.854 28510 28510 E ActivityThread: 	at android.app.ContextImpl.registerReceiverInternal(ContextImpl.java:1172)
01-05 20:12:11.854 28510 28510 E ActivityThread: 	at android.app.ContextImpl.registerReceiver(ContextImpl.java:1152)
01-05 20:12:11.854 28510 28510 E ActivityThread: 	at android.app.ContextImpl.registerReceiver(ContextImpl.java:1146)
01-05 20:12:11.854 28510 28510 E ActivityThread: 	at android.content.ContextWrapper.registerReceiver(ContextWrapper.java:554)
01-05 20:12:11.854 28510 28510 E ActivityThread: 	at com.qualcomm.analytics.Analytics.register(SourceFile:209)
01-05 20:12:11.854 28510 28510 E ActivityThread: 	at com.qualcomm.analytics.Analytics.<init>(SourceFile:235)
01-05 20:12:11.854 28510 28510 E ActivityThread: 	at com.qualcomm.modernrobotics.ModernRoboticsUsbUtil.init(SourceFile:85)
01-05 20:12:11.854 28510 28510 E ActivityThread: 	at com.qualcomm.ftccommon.FtcEventLoop.init(FtcEventLoop.java:191)
01-05 20:12:11.854 28510 28510 E ActivityThread: 	at com.qualcomm.robotcore.eventloop.EventLoopManager.startEventLoop(EventLoopManager.java:571)
01-05 20:12:11.854 28510 28510 E ActivityThread: 	at com.qualcomm.robotcore.eventloop.EventLoopManager.setEventLoop(EventLoopManager.java:545)
01-05 20:12:11.854 28510 28510 E ActivityThread: 	at com.qualcomm.robotcore.eventloop.EventLoopManager.start(EventLoopManager.java:489)
01-05 20:12:11.854 28510 28510 E ActivityThread: 	at com.qualcomm.robotcore.robot.Robot.start(Robot.java:59)
01-05 20:12:11.854 28510 28510 E ActivityThread: 	at com.qualcomm.ftccommon.FtcRobotControllerService$RobotSetupRunnable$1.run(FtcRobotControllerService.java:186)
01-05 20:12:11.854 28510 28510 E ActivityThread: 	at com.qualcomm.robotcore.util.ThreadPool.logThreadLifeCycle(ThreadPool.java:513)
01-05 20:12:11.854 28510 28510 E ActivityThread: 	at com.qualcomm.ftccommon.FtcRobotControllerService$RobotSetupRunnable.run(FtcRobotControllerService.java:128)
01-05 20:12:11.854 28510 28510 E ActivityThread: 	at java.util.concurrent.ThreadPoolExecutor.runWorker(ThreadPoolExecutor.java:1113)
01-05 20:12:11.854 28510 28510 E ActivityThread: 	at java.util.concurrent.ThreadPoolExecutor$Worker.run(ThreadPoolExecutor.java:588)
01-05 20:12:11.854 28510 28510 E ActivityThread: 	at java.lang.Thread.run(Thread.java:818)
01-05 20:12:11.856 28510 28510 V FTCService: onCreate()
01-05 20:12:11.856 28510 28510 V FTCService: onBind()
01-05 20:12:11.856 28510 28510 V FTCService: Android device is motorola, MotoG3
01-05 20:12:11.857 28510 28510 V RobotCore: Starting network of type: WIFIDIRECT
01-05 20:12:11.857 28510 28510 V WifiDirect: There are 1 Wifi Direct Assistant Clients (+)
01-05 20:12:11.857 28510 28510 V WifiDirect: Enabling Wifi Direct Assistant
01-05 20:12:11.882 28510 28558 V RenderScript: 0xb76649d8 Launching thread(s), CPUs 4
01-05 20:12:11.900 28510 28510 W MediaPlayer: mediaplayer went away with unhandled events
01-05 20:12:11.909 28510 28510 E ActivityThread: Service com.qualcomm.ftccommon.FtcRobotControllerService has leaked IntentReceiver com.qualcomm.robotcore.wifi.WifiDirectAssistant$WifiP2pBroadcastReceiver@88669d8 that was originally registered here. Are you missing a call to unregisterReceiver()?
01-05 20:12:11.909 28510 28510 E ActivityThread: android.app.IntentReceiverLeaked: Service com.qualcomm.ftccommon.FtcRobotControllerService has leaked IntentReceiver com.qualcomm.robotcore.wifi.WifiDirectAssistant$WifiP2pBroadcastReceiver@88669d8 that was originally registered here. Are you missing a call to unregisterReceiver()?
01-05 20:12:11.909 28510 28510 E ActivityThread: 	at android.app.LoadedApk$ReceiverDispatcher.<init>(LoadedApk.java:918)
01-05 20:12:11.909 28510 28510 E ActivityThread: 	at android.app.LoadedApk.getReceiverDispatcher(LoadedApk.java:719)
01-05 20:12:11.909 28510 28510 E ActivityThread: 	at android.app.ContextImpl.registerReceiverInternal(ContextImpl.java:1172)
01-05 20:12:11.909 28510 28510 E ActivityThread: 	at android.app.ContextImpl.registerReceiver(ContextImpl.java:1152)
01-05 20:12:11.909 28510 28510 E ActivityThread: 	at android.app.ContextImpl.registerReceiver(ContextImpl.java:1146)
01-05 20:12:11.909 28510 28510 E ActivityThread: 	at com.qualcomm.robotcore.wifi.WifiDirectAssistant.enable(WifiDirectAssistant.java:284)
01-05 20:12:11.909 28510 28510 E ActivityThread: 	at com.qualcomm.ftccommon.FtcRobotControllerService.onBind(FtcRobotControllerService.java:234)
01-05 20:12:11.909 28510 28510 E ActivityThread: 	at android.app.ActivityThread.handleBindService(ActivityThread.java:2922)
01-05 20:12:11.909 28510 28510 E ActivityThread: 	at android.app.ActivityThread.-wrap2(ActivityThread.java)
01-05 20:12:11.909 28510 28510 E ActivityThread: 	at android.app.ActivityThread$H.handleMessage(ActivityThread.java:1442)
01-05 20:12:11.909 28510 28510 E ActivityThread: 	at android.os.Handler.dispatchMessage(Handler.java:102)
01-05 20:12:11.909 28510 28510 E ActivityThread: 	at android.os.Looper.loop(Looper.java:148)
01-05 20:12:11.909 28510 28510 E ActivityThread: 	at android.app.ActivityThread.main(ActivityThread.java:5456)
01-05 20:12:11.909 28510 28510 E ActivityThread: 	at java.lang.reflect.Method.invoke(Native Method)
01-05 20:12:11.909 28510 28510 E ActivityThread: 	at com.android.internal.os.ZygoteInit$MethodAndArgsCaller.run(ZygoteInit.java:728)
01-05 20:12:11.909 28510 28510 E ActivityThread: 	at com.android.internal.os.ZygoteInit.main(ZygoteInit.java:618)
01-05 20:12:11.910 28510 28510 D WifiDirect: broadcast: state - enabled: true
01-05 20:12:11.910 28510 28510 D WifiDirect: broadcast: connection changed: connectStatus=NOT_CONNECTED networkInfo.state=CONNECTED
01-05 20:12:11.910 28510 28510 V WifiDirect: NetworkInfo: [type: WIFI_P2P[], state: CONNECTED/CONNECTED, reason: (unspecified), extra: (none), roaming: false, failover: false, isAvailable: true]
01-05 20:12:11.910 28510 28510 V WifiDirect: WifiP2pInfo: groupFormed: true isGroupOwner: true operatingChannel: 2412 groupOwnerAddress: /192.168.49.1 mccMode: false
01-05 20:12:11.911 28510 28510 V WifiDirect: WifiP2pGroup: network: DIRECT-u3-9899-E-RC, isGO: true, Operating Channel: 2412, GO: Device: , deviceAddress: 24:da:9b:6a:a2:ba, primary type: null, secondary type: null, wps: 0, grpcapab: 0, devcapab: 0, status: 4, wfdInfo: WFD enabled: falseWFD DeviceInfo: 0, WFD CtrlPort: 0, WFD MaxThroughput: 0, level: 0, Client: Device: 9899-D-DS, deviceAddress: a4:70:d6:d3:3d:55, primary type: 10-0050F204-5, secondary type: null, wps: 392, grpcapab: 0, devcapab: 37, status: 0, wfdInfo: null, level: 60, interface: p2p0, networkId: 1, mGoOperFreq: 2412
01-05 20:12:11.911 28510 28510 D WifiDirect: broadcast: this device changed
01-05 20:12:11.911 28510 28510 V WifiDirect: device information: 9899-E-RC 24:da:9b:6a:a2:ba
01-05 20:12:11.911 28510 28510 D WifiDirect: cannot create group, does group already exist?
01-05 20:12:11.911 28510 28510 V FTCService: RCActivity.controllerService=bound
01-05 20:12:11.911 28510 28510 V RobotCore: Network: unknown, disconnected
01-05 20:12:11.912 28510 28510 V RobotCore: Robot Status: stopped
01-05 20:12:11.918 28510 28510 D OpmodeRegistration: registered {DefaultOpMode} as {$Stop$Robot$}
01-05 20:12:11.919 28510 28510 V FTCService: Processing robot setup
01-05 20:12:11.925 28510 28722 V RobotCore: thread: 'RobotSetupRunnable.run()' starting...
01-05 20:12:11.925 28510 28722 V RobotCore: Robot Status: stopped, scanning for USB devices
01-05 20:12:11.947 28510 28510 D WifiDirect: group owners address: /192.168.49.1
01-05 20:12:11.947 28510 28510 D WifiDirect: group formed, this device is the group owner (GO)
01-05 20:12:11.947 28510 28510 I FTCService: Wifi Direct - connected as group owner
01-05 20:12:11.947 28510 28510 D WifiDirect: stop discovering peers
01-05 20:12:11.952 28510 28510 V RobotCore: Network: enabled, disconnected
01-05 20:12:11.953 28510 28510 V WifiDirect: connection information available
01-05 20:12:11.953 28510 28510 V WifiDirect: connection information - groupOwnerName = 9899-E-RC
01-05 20:12:11.953 28510 28510 V WifiDirect: connection information - groupOwnerMacAddress = 24:da:9b:6a:a2:ba
01-05 20:12:11.953 28510 28510 V WifiDirect: connection information - groupInterface = p2p0
01-05 20:12:11.953 28510 28510 V WifiDirect: connection information - groupNetworkName = DIRECT-u3-9899-E-RC
01-05 20:12:11.953 28510 28510 I FTCService: Network Connection Passphrase: ZY55bu2t
01-05 20:12:11.954 28510 28510 V RobotCore: Network: active, disconnected
01-05 20:12:12.711 28510 28578 W AudioTrack: AUDIO_OUTPUT_FLAG_FAST denied by client; transfer 4, track 44100 Hz, output 48000 Hz
01-05 20:12:16.923 28510 28510 I RobotCore: Battery Checker, Level Remaining: 85.0
01-05 20:12:16.924 28510 28510 I RobotCore: Battery Checker, Level Remaining: 85.0
01-05 20:12:16.926 28510 28722 V RobotCore: EventLoopManager state is NOT_STARTED
01-05 20:12:16.926 28510 28722 V RobotCore: Robot Status: stopped, waiting on network
01-05 20:12:16.929 28510 28722 V RobotCore: Robot Status: stopped, starting robot
01-05 20:12:16.929 28510 28722 V Robocol : EventLoopManager.start()
01-05 20:12:16.929 28510 28722 V Robocol : Spoofing a Network Connection event...
01-05 20:12:16.930 28510 28722 V RobotCore: executive service EventLoop is terminated
01-05 20:12:16.930 28510 28722 V RobotCore: EventLoopManager state is STOPPED
01-05 20:12:16.930 28510 28722 V Robocol : eventLoop=FtcEventLoop
01-05 20:12:16.930 28510 28722 V RobotCore: EventLoopManager state is INIT
01-05 20:12:16.931 28510 28722 V RobotCore: Robot Status: initializing, starting robot
01-05 20:12:16.931 28510 28722 I FIRST   : ======= INIT START =======
01-05 20:12:16.938 28510 28726 V RobotCore: thread: 'SetupRunnable.run()' starting...
01-05 20:12:16.938 28510 28722 D OpmodeRegistration: registered {RunAMotorOrTwo} as {RunAMotorOrTwo}
01-05 20:12:16.939 28510 28722 D OpmodeRegistration: registered {ShooterControl} as {ShooterControl}
01-05 20:12:16.940 28510 28722 D OpmodeRegistration: registered {ShooterData} as {ShooterData}
01-05 20:12:16.941 28510 28722 D OpmodeRegistration: registered {WestCoastBluePID_AutoTest} as {WestCoastBluePID_AutoTest}
01-05 20:12:16.941 28510 28722 D OpmodeRegistration: registered {WestCoastRedPID_AutoTest} as {WestCoastRedPID_AutoTest}
01-05 20:12:16.942 28510 28722 D OpmodeRegistration: registered {FinalTeleOp} as {FinalTeleOp}
01-05 20:12:16.946 28510 28722 V RobotCore: Creating Modern Robotics USB Servo Controller [AL00VSDY]
01-05 20:12:16.946 28510 28722 D RobotCore: arming modern servo controller Modern Robotics USB Servo Controller [AL00VSDY]...
01-05 20:12:16.948 28510 28722 W System.err: unable to find USB device with serial number AL00VSDY
01-05 20:12:16.949 28510 28722 D RobotCore: arming modern servo controller Modern Robotics USB Servo Controller [AL00VSDY] (pretend)...
01-05 20:12:16.949 28510 28722 V RobotCore: Starting up pretend device AL00VSDY
01-05 20:12:16.953 28510 28727 V RobotCore: thread: 'r/w loop: Modern Robotics USB Servo Controller [AL00VSDY]' starting...
01-05 20:12:16.953 28510 28722 D RobotCore: ...arming modern servo controller Modern Robotics USB Servo Controller [AL00VSDY] complete
01-05 20:12:16.954 28510 28722 V RobotCore: Creating Modern Robotics USB Core Device Interface Module [AL00VFK6]
01-05 20:12:16.955 28510 28722 W System.err: unable to find USB device with serial number AL00VFK6
01-05 20:12:16.956 28510 28722 V RobotCore: Starting up pretend device AL00VFK6
01-05 20:12:16.957 28510 28728 V RobotCore: thread: 'r/w loop: Modern Robotics USB Core Device Interface Module [AL00VFK6]' starting...
01-05 20:12:16.958 28510 28722 V RobotCore: Creating Modern Robotics I2C Gyro Sensor - Port: 3
01-05 20:12:16.958 28510 28722 V RobotCore: Creating I2C Device - Port: 4
01-05 20:12:16.958 28510 28722 V RobotCore: Creating Modern Robotics Analog Optical Distance Sensor - Port: 7
01-05 20:12:16.958 28510 28722 V RobotCore: Creating Modern Robotics USB DC Motor Controller [A104OQ1P]
01-05 20:12:16.959 28510 28722 D RobotCore: arming modern motor controller Modern Robotics USB DC Motor Controller [A104OQ1P]...
01-05 20:12:16.959 28510 28722 W System.err: unable to find USB device with serial number A104OQ1P
01-05 20:12:16.960 28510 28722 D RobotCore: arming modern motor controller Modern Robotics USB DC Motor Controller [A104OQ1P] (pretend)...
01-05 20:12:16.960 28510 28722 V RobotCore: Starting up pretend device A104OQ1P
01-05 20:12:16.968 28510 28729 V RobotCore: thread: 'r/w loop: Modern Robotics USB DC Motor Controller [A104OQ1P]' starting...
01-05 20:12:16.969 28510 28722 D RobotCore: ...arming modern motor controller Modern Robotics USB DC Motor Controller [A104OQ1P] complete
01-05 20:12:16.969 28510 28722 V RobotCore: Creating Modern Robotics USB DC Motor Controller [AL00VWH0]
01-05 20:12:16.969 28510 28722 D RobotCore: arming modern motor controller Modern Robotics USB DC Motor Controller [AL00VWH0]...
01-05 20:12:16.970 28510 28722 W System.err: unable to find USB device with serial number AL00VWH0
01-05 20:12:16.970 28510 28722 D RobotCore: arming modern motor controller Modern Robotics USB DC Motor Controller [AL00VWH0] (pretend)...
01-05 20:12:16.971 28510 28722 V RobotCore: Starting up pretend device AL00VWH0
01-05 20:12:16.972 28510 28730 V RobotCore: thread: 'r/w loop: Modern Robotics USB DC Motor Controller [AL00VWH0]' starting...
01-05 20:12:16.973 28510 28722 D RobotCore: ...arming modern motor controller Modern Robotics USB DC Motor Controller [AL00VWH0] complete
01-05 20:12:16.973 28510 28722 V RobotCore: Creating Modern Robotics USB DC Motor Controller [AI049QOP]
01-05 20:12:16.973 28510 28722 D RobotCore: arming modern motor controller Modern Robotics USB DC Motor Controller [AI049QOP]...
01-05 20:12:16.974 28510 28722 W System.err: unable to find USB device with serial number AI049QOP
01-05 20:12:16.974 28510 28722 D RobotCore: arming modern motor controller Modern Robotics USB DC Motor Controller [AI049QOP] (pretend)...
01-05 20:12:16.974 28510 28722 V RobotCore: Starting up pretend device AI049QOP
01-05 20:12:16.976 28510 28731 V RobotCore: thread: 'r/w loop: Modern Robotics USB DC Motor Controller [AI049QOP]' starting...
01-05 20:12:16.976 28510 28722 D RobotCore: ...arming modern motor controller Modern Robotics USB DC Motor Controller [AI049QOP] complete
01-05 20:12:16.977 28510 28722 V RobotCore: Creating Modern Robotics USB DC Motor Controller [AL00VBIF]
01-05 20:12:16.977 28510 28722 D RobotCore: arming modern motor controller Modern Robotics USB DC Motor Controller [AL00VBIF]...
01-05 20:12:16.977 28510 28722 W System.err: unable to find USB device with serial number AL00VBIF
01-05 20:12:16.978 28510 28722 D RobotCore: arming modern motor controller Modern Robotics USB DC Motor Controller [AL00VBIF] (pretend)...
01-05 20:12:16.978 28510 28722 V RobotCore: Starting up pretend device AL00VBIF
01-05 20:12:16.978 28510 28726 D Robocol : RobocolDatagramSocket listening addr=/192.168.49.1:20884 cbRec=65520 cbSend=163840 msRecTO=300
01-05 20:12:16.979 28510 28726 V Robocol : RecvLoopRunnable created
01-05 20:12:16.979 28510 28726 V PeerDiscovery: Starting peer discovery
01-05 20:12:16.981 28510 28726 V RobotCore: Setup complete
01-05 20:12:16.981 28510 28726 V RobotCore: thread: ...terminating 'SetupRunnable.run()'
01-05 20:12:16.982 28510 28732 V RobotCore: thread: 'r/w loop: Modern Robotics USB DC Motor Controller [AL00VBIF]' starting...
01-05 20:12:16.982 28510 28722 D RobotCore: ...arming modern motor controller Modern Robotics USB DC Motor Controller [AL00VBIF] complete
01-05 20:12:16.982 28510 28722 I RobotCore: ========= Device Information ===================================================
01-05 20:12:16.982 28510 28722 I RobotCore: Type                                               Name                           Connection
01-05 20:12:16.982 28510 28722 I RobotCore: Modern Robotics USB DC Motor Controller            Shooter                        USB AI049QOP
01-05 20:12:16.982 28510 28722 I RobotCore: I2cDevice                                          color                          USB AL00VFK6; port 4
01-05 20:12:16.982 28510 28722 I RobotCore: DC Motor                                           rightFront                     USB AL00VWH0; port 1
01-05 20:12:16.983 28510 28734 V RobotCore: thread: 'RecvLoopRunnable.run()' starting...
01-05 20:12:16.983 28510 28722 I RobotCore: Modern Robotics USB DC Motor Controller            Front Motors                   USB AL00VWH0
01-05 20:12:16.983 28510 28722 I RobotCore: Modern Robotics USB DC Motor Controller            Back Motors                    USB A104OQ1P
01-05 20:12:16.983 28510 28722 I RobotCore: DC Motor                                           leftBack                       USB A104OQ1P; port 2
01-05 20:12:16.983 28510 28722 I RobotCore: Servo                                              upDown                         USB AL00VSDY; port 1
01-05 20:12:16.983 28510 28722 I RobotCore: DC Motor                                           shooter2                       USB AI049QOP; port 2
01-05 20:12:16.983 28510 28722 I RobotCore: DC Motor                                           shooter1                       USB AI049QOP; port 1
01-05 20:12:16.983 28510 28722 I RobotCore: DC Motor                                           leftFront                      USB AL00VWH0; port 2
01-05 20:12:16.983 28510 28722 I RobotCore: DC Motor                                           rightBack                      USB A104OQ1P; port 1
01-05 20:12:16.983 28510 28722 I RobotCore: DC Motor                                           intake2                        USB AL00VBIF; port 2
01-05 20:12:16.983 28510 28722 I RobotCore: DC Motor                                           intake1                        USB AL00VBIF; port 1
01-05 20:12:16.983 28510 28722 I RobotCore: Servo                                              ballFeeder                     USB AL00VSDY; port 2
01-05 20:12:16.983 28510 28722 I RobotCore: Modern Robotics USB DC Motor Controller            Intake                         USB AL00VBIF
01-05 20:12:16.984 28510 28722 I RobotCore: Modern Robotics USB Core Device Interface Module   Sensors                        USB AL00VFK6
01-05 20:12:16.984 28510 28722 I RobotCore: Modern Robotics USB Servo Controller               Servos                         USB AL00VSDY
01-05 20:12:16.984 28510 28722 I RobotCore: Modern Robotics Gyro                               gyro                           USB AL00VFK6; I2C port: 3
01-05 20:12:16.984 28510 28722 I RobotCore: Modern Robotics Analog Optical Distance Sensor     ods                            USB AL00VFK6; analog port 7
01-05 20:12:16.984 28510 28722 I FIRST   : ======= INIT FINISH =======
01-05 20:12:16.984 28510 28722 V RobotCore: EventLoopManager state is RUNNING
01-05 20:12:16.985 28510 28578 W AudioTrack: AUDIO_OUTPUT_FLAG_FAST denied by client; transfer 4, track 8000 Hz, output 48000 Hz
01-05 20:12:16.986 28510 28722 V RobotCore: Robot Status: running, starting robot
01-05 20:12:16.986 28510 28722 V RobotCore: Robot Status: running
01-05 20:12:16.986 28510 28722 V RobotCore: thread: ...terminating 'RobotSetupRunnable.run()'
01-05 20:12:16.988 28510 28737 V RobotCore: thread: 'opmode loop()' starting...
01-05 20:12:16.993 28510 28737 D RobotCore: system telemetry: key=$System$Warning$ msg="unable to open Modern Robotics USB DC Motor Controller [AI049QOP]; unable to open Modern Robotics USB DC Motor Controller [AL00VBIF]; unable to open Modern Robotics USB DC Motor Controller [AL00VWH0]; unable to open Modern Robotics USB Core Device Interface Module [AL00VFK6]; unable to open Modern Robotics USB Servo Controller [AL00VSDY]; unable to open Modern Robotics USB DC Motor Controller [A104OQ1P]"
01-05 20:12:17.278 28510 28734 D Robocol : no packet received: SocketTimeoutException
01-05 20:12:17.494 28510 28737 I RobotCore: Attempting to switch to op mode $Stop$Robot$
01-05 20:12:18.003 28510 28737 I RobotCore: robot battery read duration: n=0, mean=0.000ms sd=-0.000ms
01-05 20:12:18.006 28510 28578 W AudioTrack: AUDIO_OUTPUT_FLAG_FAST denied by client; transfer 4, track 44100 Hz, output 48000 Hz
01-05 20:12:18.300 28510 28510 V RCActivity: onPause()
01-05 20:12:18.308 28510 28510 V RCActivity: onStop()
01-05 20:12:18.308 28510 28510 V RobotCore: executive service robot setup is terminated
01-05 20:12:18.308 28510 28510 V Robocol : EventLoopManager.shutdown()
01-05 20:12:18.308 28510 28510 V RobotCore: waiting for service EventLoop
01-05 20:12:18.308 28510 28737 V RobotCore: EventLoopRunnable interrupted
01-05 20:12:18.308 28510 28737 V RobotCore: EventLoopManager state is STOPPED
01-05 20:12:18.308 28510 28737 V RobotCore: Robot Status: stopped
01-05 20:12:18.308 28510 28737 I FIRST   : ======= TEARDOWN =======
01-05 20:12:18.309 28510 28737 D RobotCore: disarming modern motor controller Modern Robotics USB DC Motor Controller [AI049QOP]...
01-05 20:12:18.315 28510 28731 V RobotCore: thread: ...terminating 'r/w loop: Modern Robotics USB DC Motor Controller [AI049QOP]'
01-05 20:12:18.315 28510 28737 V RobotCore: waiting for service ReadWriteRunnable for Modern Robotics USB Device
01-05 20:12:18.315 28510 28737 V RobotCore: awaitTermination returned, isTerminated=true
01-05 20:12:18.315 28510 28737 V RobotCore: executive service ReadWriteRunnable for Modern Robotics USB Device is terminated
01-05 20:12:18.315 28510 28737 D RobotCore: ...disarming modern motor controller Modern Robotics USB DC Motor Controller [AI049QOP] complete
01-05 20:12:18.315 28510 28737 D RobotCore: disarming modern motor controller Modern Robotics USB DC Motor Controller [AL00VWH0]...
01-05 20:12:18.319 28510 28730 V RobotCore: thread: ...terminating 'r/w loop: Modern Robotics USB DC Motor Controller [AL00VWH0]'
01-05 20:12:18.321 28510 28737 V RobotCore: executive service ReadWriteRunnable for Modern Robotics USB Device is terminated
01-05 20:12:18.321 28510 28737 D RobotCore: ...disarming modern motor controller Modern Robotics USB DC Motor Controller [AL00VWH0] complete
01-05 20:12:18.321 28510 28737 D RobotCore: disarming modern motor controller Modern Robotics USB DC Motor Controller [AL00VBIF]...
01-05 20:12:18.324 28510 28732 V RobotCore: thread: ...terminating 'r/w loop: Modern Robotics USB DC Motor Controller [AL00VBIF]'
01-05 20:12:18.325 28510 28737 V RobotCore: executive service ReadWriteRunnable for Modern Robotics USB Device is terminated
01-05 20:12:18.325 28510 28737 D RobotCore: ...disarming modern motor controller Modern Robotics USB DC Motor Controller [AL00VBIF] complete
01-05 20:12:18.326 28510 28737 D RobotCore: disarming modern motor controller Modern Robotics USB DC Motor Controller [A104OQ1P]...
01-05 20:12:18.327 28510 28729 V RobotCore: thread: ...terminating 'r/w loop: Modern Robotics USB DC Motor Controller [A104OQ1P]'
01-05 20:12:18.328 28510 28737 V RobotCore: executive service ReadWriteRunnable for Modern Robotics USB Device is terminated
01-05 20:12:18.328 28510 28737 D RobotCore: ...disarming modern motor controller Modern Robotics USB DC Motor Controller [A104OQ1P] complete
01-05 20:12:18.328 28510 28737 D RobotCore: disarming modern servo controller "Modern Robotics USB Servo Controller [AL00VSDY]"...
01-05 20:12:18.339 28510 28737 V RobotCore: waiting for service ReadWriteRunnable for Modern Robotics USB Device
01-05 20:12:18.339 28510 28727 V RobotCore: thread: ...terminating 'r/w loop: Modern Robotics USB Servo Controller [AL00VSDY]'
01-05 20:12:18.339 28510 28737 V RobotCore: awaitTermination returned, isTerminated=true
01-05 20:12:18.339 28510 28737 V RobotCore: executive service ReadWriteRunnable for Modern Robotics USB Device is terminated
01-05 20:12:18.339 28510 28737 D RobotCore: ...disarming modern servo controller Modern Robotics USB Servo Controller [AL00VSDY] complete
01-05 20:12:18.349 28510 28728 V RobotCore: thread: ...terminating 'r/w loop: Modern Robotics USB Core Device Interface Module [AL00VFK6]'
01-05 20:12:18.349 28510 28737 V RobotCore: waiting for service ReadWriteRunnable for Modern Robotics USB Device
01-05 20:12:18.349 28510 28737 V RobotCore: awaitTermination returned, isTerminated=true
01-05 20:12:18.349 28510 28737 V RobotCore: executive service ReadWriteRunnable for Modern Robotics USB Device is terminated
01-05 20:12:18.349 28510 28737 I FIRST   : ======= TEARDOWN COMPLETE =======
01-05 20:12:18.349 28510 28737 V RobotCore: thread: ...terminating 'opmode loop()'
01-05 20:12:18.350 28510 28510 V RobotCore: awaitTermination returned, isTerminated=true
01-05 20:12:18.350 28510 28510 V RobotCore: executive service EventLoop is terminated
01-05 20:12:18.350 28510 28510 V RobotCore: EventLoopManager state is STOPPED
01-05 20:12:26.845 28797 28797 I art     : Late-enabling -Xcheck:jni
01-05 20:12:26.904 28797 28797 I InstantRun: Instant Run Runtime started. Android package is com.qualcomm.ftcrobotcontroller, real application class is org.firstinspires.ftc.robotcore.internal.RobotApplication.
01-05 20:12:27.269 28797 28797 V RCActivity: onCreate()
01-05 20:12:27.274 28797 28814 V RobotCore: saving logcat to /storage/emulated/0/com.qualcomm.ftcrobotcontroller.logcat
01-05 20:12:27.274 28797 28814 V RobotCore: logging command line: logcat -f /storage/emulated/0/com.qualcomm.ftcrobotcontroller.logcat -r4096 -n4 -v threadtime UsbRequestJNI:S UsbRequest:S *:V
01-05 20:12:27.298 28797 28807 I art     : Background sticky concurrent mark sweep GC freed 6427(1106KB) AllocSpace objects, 0(0B) LOS objects, 12% free, 7MB/9MB, paused 5.832ms total 22.876ms
01-05 20:12:27.308 28797 28797 I WebViewFactory: Loading com.google.android.webview version 46.0.2490.76 (code 249007600)
01-05 20:12:27.315 28816 28816 W ps      : type=1400 audit(0.0:63338): avc: denied { getattr } for uid=10108 path="/proc/1" dev="proc" ino=1411378 scontext=u:r:untrusted_app:s0:c512,c768 tcontext=u:r:init:s0 tclass=dir permissive=0
01-05 20:12:27.315 28816 28816 W ps      : type=1400 audit(0.0:63339): avc: denied { search } for uid=10108 name="1" dev="proc" ino=1411378 scontext=u:r:untrusted_app:s0:c512,c768 tcontext=u:r:init:s0 tclass=dir permissive=0
01-05 20:12:27.315 28816 28816 W ps      : type=1400 audit(0.0:63340): avc: denied { search } for uid=10108 name="1" dev="proc" ino=1411378 scontext=u:r:untrusted_app:s0:c512,c768 tcontext=u:r:init:s0 tclass=dir permissive=0
01-05 20:12:27.315 28816 28816 W ps      : type=1400 audit(0.0:63341): avc: denied { getattr } for uid=10108 path="/proc/2" dev="proc" ino=1411379 scontext=u:r:untrusted_app:s0:c512,c768 tcontext=u:r:kernel:s0 tclass=dir permissive=0
01-05 20:12:27.315 28816 28816 W ps      : type=1400 audit(0.0:63342): avc: denied { search } for uid=10108 name="2" dev="proc" ino=1411379 scontext=u:r:untrusted_app:s0:c512,c768 tcontext=u:r:kernel:s0 tclass=dir permissive=0
01-05 20:12:27.315 28816 28816 W ps      : type=1400 audit(0.0:63343): avc: denied { search } for uid=10108 name="2" dev="proc" ino=1411379 scontext=u:r:untrusted_app:s0:c512,c768 tcontext=u:r:kernel:s0 tclass=dir permissive=0
01-05 20:12:27.315 28816 28816 W ps      : type=1400 audit(0.0:63344): avc: denied { getattr } for uid=10108 path="/proc/3" dev="proc" ino=1411380 scontext=u:r:untrusted_app:s0:c512,c768 tcontext=u:r:kernel:s0 tclass=dir permissive=0
01-05 20:12:27.315 28816 28816 W ps      : type=1400 audit(0.0:63345): avc: denied { search } for uid=10108 name="3" dev="proc" ino=1411380 scontext=u:r:untrusted_app:s0:c512,c768 tcontext=u:r:kernel:s0 tclass=dir permissive=0
01-05 20:12:27.315 28816 28816 W ps      : type=1400 audit(0.0:63346): avc: denied { search } for uid=10108 name="3" dev="proc" ino=1411380 scontext=u:r:untrusted_app:s0:c512,c768 tcontext=u:r:kernel:s0 tclass=dir permissive=0
01-05 20:12:27.315 28816 28816 W ps      : type=1400 audit(0.0:63347): avc: denied { getattr } for uid=10108 path="/proc/5" dev="proc" ino=1411381 scontext=u:r:untrusted_app:s0:c512,c768 tcontext=u:r:kernel:s0 tclass=dir permissive=0
01-05 20:12:27.315 28816 28816 W ps      : type=1400 audit(0.0:63348): avc: denied { search } for uid=10108 name="5" dev="proc" ino=1411381 scontext=u:r:untrusted_app:s0:c512,c768 tcontext=u:r:kernel:s0 tclass=dir permissive=0
01-05 20:12:27.315 28816 28816 W ps      : type=1400 audit(0.0:63349): avc: denied { search } for uid=10108 name="5" dev="proc" ino=1411381 scontext=u:r:untrusted_app:s0:c512,c768 tcontext=u:r:kernel:s0 tclass=dir permissive=0
01-05 20:12:27.315 28816 28816 W ps      : type=1400 audit(0.0:63350): avc: denied { getattr } for uid=10108 path="/proc/6" dev="proc" ino=1411382 scontext=u:r:untrusted_app:s0:c512,c768 tcontext=u:r:kernel:s0 tclass=dir permissive=0
01-05 20:12:27.315 28816 28816 W ps      : type=1400 audit(0.0:63351): avc: denied { search } for uid=10108 name="6" dev="proc" ino=1411382 scontext=u:r:untrusted_app:s0:c512,c768 tcontext=u:r:kernel:s0 tclass=dir permissive=0
01-05 20:12:27.315 28816 28816 W ps      : type=1400 audit(0.0:63352): avc: denied { search } for uid=10108 name="6" dev="proc" ino=1411382 scontext=u:r:untrusted_app:s0:c512,c768 tcontext=u:r:kernel:s0 tclass=dir permissive=0
01-05 20:12:27.315 28816 28816 W ps      : type=1400 audit(0.0:63353): avc: denied { getattr } for uid=10108 path="/proc/7" dev="proc" ino=1411383 scontext=u:r:untrusted_app:s0:c512,c768 tcontext=u:r:kernel:s0 tclass=dir permissive=0
01-05 20:12:27.315 28816 28816 W ps      : type=1400 audit(0.0:63354): avc: denied { search } for uid=10108 name="7" dev="proc" ino=1411383 scontext=u:r:untrusted_app:s0:c512,c768 tcontext=u:r:kernel:s0 tclass=dir permissive=0
01-05 20:12:27.315 28816 28816 W ps      : type=1400 audit(0.0:63355): avc: denied { search } for uid=10108 name="7" dev="proc" ino=1411383 scontext=u:r:untrusted_app:s0:c512,c768 tcontext=u:r:kernel:s0 tclass=dir permissive=0
01-05 20:12:27.315 28816 28816 W ps      : type=1400 audit(0.0:63356): avc: denied { getattr } for uid=10108 path="/proc/8" dev="proc" ino=1411384 scontext=u:r:untrusted_app:s0:c512,c768 tcontext=u:r:kernel:s0 tclass=dir permissive=0
01-05 20:12:27.315 28816 28816 W ps      : type=1400 audit(0.0:63357): avc: denied { search } for uid=10108 name="8" dev="proc" ino=1411384 scontext=u:r:untrusted_app:s0:c512,c768 tcontext=u:r:kernel:s0 tclass=dir permissive=0
01-05 20:12:27.339 28797 28797 W System  : ClassLoader referenced unknown path: /system/app/WebViewGoogle/lib/arm
01-05 20:12:27.354 28797 28797 I cr.library_loader: Time to load native libraries: 9 ms (timestamps 8437-8446)
01-05 20:12:27.354 28797 28797 I cr.library_loader: Expected native library version number "46.0.2490.76", actual native library version number "46.0.2490.76"
01-05 20:12:27.368 28797 28797 V WebViewChromiumFactoryProvider: Binding Chromium to main looper Looper (main, tid 1) {715a112}
01-05 20:12:27.369 28797 28797 I cr.library_loader: Expected native library version number "46.0.2490.76", actual native library version number "46.0.2490.76"
01-05 20:12:27.369 28797 28797 I chromium: [INFO:library_loader_hooks.cc(118)] Chromium logging enabled: level = 0, default verbosity = 0
01-05 20:12:27.379 28797 28797 I cr.BrowserStartup: Initializing chromium process, singleProcess=true
01-05 20:12:27.384 28797 28797 E SysUtils: ApplicationContext is null in ApplicationStatus
01-05 20:12:27.395 28797 28823 W chromium: [WARNING:dns_config_service_posix.cc(298)] Failed to read DnsConfig.
01-05 20:12:27.406 28797 28797 I Adreno-EGL: <qeglDrvAPI_eglInitialize:379>: EGL 1.4 QUALCOMM build:  (Ifd751822f5)
01-05 20:12:27.406 28797 28797 I Adreno-EGL: OpenGL ES Shader Compiler Version: XE031.06.00.05
01-05 20:12:27.406 28797 28797 I Adreno-EGL: Build Date: 01/26/16 Tue
01-05 20:12:27.406 28797 28797 I Adreno-EGL: Local Branch: AU12_SBA
01-05 20:12:27.406 28797 28797 I Adreno-EGL: Remote Branch: 
01-05 20:12:27.406 28797 28797 I Adreno-EGL: Local Patches: 
01-05 20:12:27.406 28797 28797 I Adreno-EGL: Reconstruct Branch: 
01-05 20:12:27.436 28797 28797 E chromium: [ERROR:browser_gpu_channel_host_factory.cc(258)] Failed to init browser shader disk cache.
01-05 20:12:27.455 28797 28797 E libEGL  : validate_display:255 error 3008 (EGL_BAD_DISPLAY)
01-05 20:12:27.494 28797 28797 W art     : Attempt to remove non-JNI local reference, dumping thread
01-05 20:12:27.504 28797 28797 W AwContents: onDetachedFromWindow called when already detached. Ignoring
01-05 20:12:29.018 28797 28797 V RobotCore: Network: inactive, disconnected
01-05 20:12:29.025 28797 28797 V RCActivity: onStart()
01-05 20:12:29.028 28797 28797 V RCActivity: onResume()
01-05 20:12:29.033 28797 28845 D OpenGLRenderer: Use EGL_SWAP_BEHAVIOR_PRESERVED: true
01-05 20:12:29.066 28797 28797 V FTCService: onCreate()
01-05 20:12:29.067 28797 28797 V FTCService: onBind()
01-05 20:12:29.067 28797 28797 V FTCService: Android device is motorola, MotoG3
01-05 20:12:29.068 28797 28797 V RobotCore: Starting network of type: WIFIDIRECT
01-05 20:12:29.070 28797 28797 V WifiDirect: There are 1 Wifi Direct Assistant Clients (+)
01-05 20:12:29.070 28797 28797 V WifiDirect: Enabling Wifi Direct Assistant
01-05 20:12:29.117 28797 28845 I OpenGLRenderer: Initialized EGL, version 1.4
01-05 20:12:29.133 28797 28797 D WifiDirect: broadcast: state - enabled: true
01-05 20:12:29.136 28797 28797 D WifiDirect: broadcast: connection changed: connectStatus=NOT_CONNECTED networkInfo.state=CONNECTED
01-05 20:12:29.136 28797 28797 V WifiDirect: NetworkInfo: [type: WIFI_P2P[], state: CONNECTED/CONNECTED, reason: (unspecified), extra: (none), roaming: false, failover: false, isAvailable: true]
01-05 20:12:29.136 28797 28797 V WifiDirect: WifiP2pInfo: groupFormed: true isGroupOwner: true operatingChannel: 2412 groupOwnerAddress: /192.168.49.1 mccMode: false
01-05 20:12:29.137 28797 28797 V WifiDirect: WifiP2pGroup: network: DIRECT-u3-9899-E-RC, isGO: true, Operating Channel: 2412, GO: Device: , deviceAddress: 24:da:9b:6a:a2:ba, primary type: null, secondary type: null, wps: 0, grpcapab: 0, devcapab: 0, status: 4, wfdInfo: WFD enabled: falseWFD DeviceInfo: 0, WFD CtrlPort: 0, WFD MaxThroughput: 0, level: 0, Client: Device: 9899-D-DS, deviceAddress: a4:70:d6:d3:3d:55, primary type: 10-0050F204-5, secondary type: null, wps: 392, grpcapab: 0, devcapab: 37, status: 0, wfdInfo: null, level: 60, interface: p2p0, networkId: 1, mGoOperFreq: 2412
01-05 20:12:29.137 28797 28797 D WifiDirect: broadcast: this device changed
01-05 20:12:29.137 28797 28797 V WifiDirect: device information: 9899-E-RC 24:da:9b:6a:a2:ba
01-05 20:12:29.138 28797 28797 V FTCService: RCActivity.controllerService=bound
01-05 20:12:29.138 28797 28797 V RobotCore: Network: unknown, disconnected
01-05 20:12:29.139 28797 28797 V RobotCore: Robot Status: stopped
01-05 20:12:29.156 28797 28797 D OpmodeRegistration: registered {DefaultOpMode} as {$Stop$Robot$}
01-05 20:12:29.157 28797 28797 V FTCService: Processing robot setup
01-05 20:12:29.158 28797 28797 D WifiDirect: cannot create group, does group already exist?
01-05 20:12:29.161 28797 28849 V RobotCore: thread: 'RobotSetupRunnable.run()' starting...
01-05 20:12:29.161 28797 28849 V RobotCore: Robot Status: stopped, scanning for USB devices
01-05 20:12:29.205 28797 28797 D WifiDirect: group owners address: /192.168.49.1
01-05 20:12:29.206 28797 28797 D WifiDirect: group formed, this device is the group owner (GO)
01-05 20:12:29.206 28797 28797 I FTCService: Wifi Direct - connected as group owner
01-05 20:12:29.206 28797 28797 D WifiDirect: stop discovering peers
01-05 20:12:29.211 28797 28797 V RobotCore: Network: enabled, disconnected
01-05 20:12:29.239 28797 28845 V RenderScript: 0xb7652978 Launching thread(s), CPUs 4
01-05 20:12:29.276 28797 28797 V WifiDirect: connection information available
01-05 20:12:29.276 28797 28797 V WifiDirect: connection information - groupOwnerName = 9899-E-RC
01-05 20:12:29.276 28797 28797 V WifiDirect: connection information - groupOwnerMacAddress = 24:da:9b:6a:a2:ba
01-05 20:12:29.277 28797 28797 V WifiDirect: connection information - groupInterface = p2p0
01-05 20:12:29.277 28797 28797 V WifiDirect: connection information - groupNetworkName = DIRECT-u3-9899-E-RC
01-05 20:12:29.277 28797 28797 I FTCService: Network Connection Passphrase: ZY55bu2t
01-05 20:12:29.278 28797 28797 V RobotCore: Network: active, disconnected
01-05 20:12:34.159 28797 28797 I RobotCore: Battery Checker, Level Remaining: 85.0
01-05 20:12:34.160 28797 28797 I RobotCore: Battery Checker, Level Remaining: 85.0
01-05 20:12:34.162 28797 28849 V RobotCore: EventLoopManager state is NOT_STARTED
01-05 20:12:34.163 28797 28849 V RobotCore: Robot Status: stopped, waiting on network
01-05 20:12:34.165 28797 28849 V RobotCore: Robot Status: stopped, starting robot
01-05 20:12:34.165 28797 28849 V Robocol : EventLoopManager.start()
01-05 20:12:34.166 28797 28849 V RobotCore: Starting network of type: WIFIDIRECT
01-05 20:12:34.166 28797 28849 V Robocol : Spoofing a Network Connection event...
01-05 20:12:34.168 28797 28849 V RobotCore: executive service EventLoop is terminated
01-05 20:12:34.168 28797 28849 V RobotCore: EventLoopManager state is STOPPED
01-05 20:12:34.168 28797 28857 V RobotCore: thread: 'SetupRunnable.run()' starting...
01-05 20:12:34.169 28797 28849 V Robocol : eventLoop=FtcEventLoop
01-05 20:12:34.169 28797 28849 V RobotCore: EventLoopManager state is INIT
01-05 20:12:34.170 28797 28849 V RobotCore: Robot Status: initializing, starting robot
01-05 20:12:34.170 28797 28849 I FIRST   : ======= INIT START =======
01-05 20:12:34.176 28797 28849 D OpmodeRegistration: registered {RunAMotorOrTwo} as {RunAMotorOrTwo}
01-05 20:12:34.177 28797 28849 D OpmodeRegistration: registered {ShooterControl} as {ShooterControl}
01-05 20:12:34.177 28797 28849 D OpmodeRegistration: registered {ShooterData} as {ShooterData}
01-05 20:12:34.179 28797 28849 D OpmodeRegistration: registered {WestCoastBluePID_AutoTest} as {WestCoastBluePID_AutoTest}
01-05 20:12:34.180 28797 28849 D OpmodeRegistration: registered {WestCoastRedPID_AutoTest} as {WestCoastRedPID_AutoTest}
01-05 20:12:34.181 28797 28849 D OpmodeRegistration: registered {FinalTeleOp} as {FinalTeleOp}
01-05 20:12:34.198 28797 28849 V D2xx::  : Start constructor
01-05 20:12:34.206 28797 28849 V D2xx::  : End constructor
01-05 20:12:34.210 28797 28849 V RobotCore: Creating Modern Robotics USB Servo Controller [AL00VSDY]
01-05 20:12:34.217 28797 28857 D Robocol : RobocolDatagramSocket listening addr=/192.168.49.1:20884 cbRec=65520 cbSend=163840 msRecTO=300
01-05 20:12:34.218 28797 28857 V Robocol : RecvLoopRunnable created
01-05 20:12:34.219 28797 28857 V PeerDiscovery: Starting peer discovery
01-05 20:12:34.220 28797 28849 D RobotCore: arming modern servo controller Modern Robotics USB Servo Controller [AL00VSDY]...
01-05 20:12:34.220 28797 28857 V RobotCore: Setup complete
01-05 20:12:34.220 28797 28857 V RobotCore: thread: ...terminating 'SetupRunnable.run()'
01-05 20:12:34.221 28797 28859 V RobotCore: thread: 'RecvLoopRunnable.run()' starting...
01-05 20:12:34.222 28797 28849 W System.err: unable to find USB device with serial number AL00VSDY
01-05 20:12:34.222 28797 28849 D RobotCore: arming modern servo controller Modern Robotics USB Servo Controller [AL00VSDY] (pretend)...
01-05 20:12:34.227 28797 28849 V RobotCore: Starting up pretend device AL00VSDY
01-05 20:12:34.230 28797 28861 V RobotCore: thread: 'r/w loop: Modern Robotics USB Servo Controller [AL00VSDY]' starting...
01-05 20:12:34.231 28797 28849 D RobotCore: ...arming modern servo controller Modern Robotics USB Servo Controller [AL00VSDY] complete
01-05 20:12:34.231 28797 28849 V RobotCore: Creating Modern Robotics USB Core Device Interface Module [AL00VFK6]
01-05 20:12:34.237 28797 28849 W System.err: unable to find USB device with serial number AL00VFK6
01-05 20:12:34.237 28797 28849 V RobotCore: Starting up pretend device AL00VFK6
01-05 20:12:34.238 28797 28862 V RobotCore: thread: 'r/w loop: Modern Robotics USB Core Device Interface Module [AL00VFK6]' starting...
01-05 20:12:34.239 28797 28849 V RobotCore: Creating Modern Robotics I2C Gyro Sensor - Port: 3
01-05 20:12:34.241 28797 28849 V RobotCore: Creating I2C Device - Port: 4
01-05 20:12:34.242 28797 28849 V RobotCore: Creating Modern Robotics Analog Optical Distance Sensor - Port: 7
