01-15 23:25:11.839 13565 13653 E RobotCore: com.qualcomm.modernrobotics.ReadWriteRunnableUsbHandler.write(SourceFile:98)
01-15 23:25:11.839 13565 13653 E RobotCore: com.qualcomm.hardware.modernrobotics.ReadWriteRunnableStandard$1.run(ReadWriteRunnableStandard.java:394)
01-15 23:25:11.839 13565 13653 E RobotCore: com.qualcomm.robotcore.util.ThreadPool.logThreadLifeCycle(ThreadPool.java:513)
01-15 23:25:11.839 13565 13653 E RobotCore: com.qualcomm.hardware.modernrobotics.ReadWriteRunnableStandard.run(ReadWriteRunnableStandard.java:302)
01-15 23:25:11.839 13565 13653 E RobotCore: java.util.concurrent.ThreadPoolExecutor.runWorker(ThreadPoolExecutor.java:1113)
01-15 23:25:11.839 13565 13653 E RobotCore: java.util.concurrent.ThreadPoolExecutor$Worker.run(ThreadPoolExecutor.java:588)
01-15 23:25:11.839 13565 13653 E RobotCore: java.lang.Thread.run(Thread.java:818)
01-15 23:25:11.840 13565 13653 V RobotCore: thread: ...terminating 'r/w loop: Modern Robotics USB DC Motor Controller [AL00VBIF]'
01-15 23:25:11.840 13565 13565 D UsbDeviceConnectionJNI: close
01-15 23:25:11.841 13565 13646 D ProcessRequestThread::: Device has been closed.
01-15 23:25:11.841 13565 13646 W System.err: java.lang.InterruptedException
01-15 23:25:11.841 13565 13646 W System.err: 	at java.util.concurrent.locks.AbstractQueuedSynchronizer.doAcquireSharedInterruptibly(AbstractQueuedSynchronizer.java:972)
01-15 23:25:11.841 13565 13646 W System.err: 	at java.util.concurrent.locks.AbstractQueuedSynchronizer.acquireSharedInterruptibly(AbstractQueuedSynchronizer.java:1278)
01-15 23:25:11.841 13565 13646 W System.err: 	at java.util.concurrent.Semaphore.acquire(Semaphore.java:284)
01-15 23:25:11.841 13565 13646 W System.err: 	at com.ftdi.j2xx.ProcessInCtrl.acquireReadableBuffer(FT_Device.java:2294)
01-15 23:25:11.841 13565 13646 W System.err: 	at com.ftdi.j2xx.ProcessRequestWorker.run(FT_Device.java:2764)
01-15 23:25:11.841 13565 13646 W System.err: 	at java.lang.Thread.run(Thread.java:818)
01-15 23:25:11.841 13565 13565 D UsbDeviceConnectionJNI: close
01-15 23:25:11.841 13565 13647 W RobotCore: could not write to Modern Robotics USB DC Motor Controller [AI049QOP]: FTDI Null Pointer Exception
01-15 23:25:11.841 13565 13647 E RobotCore: java.lang.NullPointerException: Attempt to invoke interface method 'void java.util.concurrent.locks.Lock.unlock()' on a null object reference
01-15 23:25:11.841 13565 13647 E RobotCore: com.ftdi.j2xx.ProcessInCtrl.readBulkInData(FT_Device.java:2520)
01-15 23:25:11.841 13565 13647 E RobotCore: com.ftdi.j2xx.FT_Device.read(FT_Device.java:666)
01-15 23:25:11.841 13565 13647 E RobotCore: com.qualcomm.robotcore.hardware.usb.ftdi.RobotUsbDeviceFtdi.read(RobotUsbDeviceFtdi.java:199)
01-15 23:25:11.841 13565 13647 E RobotCore: com.qualcomm.robotcore.hardware.usb.ftdi.RobotUsbDeviceFtdi.read(RobotUsbDeviceFtdi.java:176)
01-15 23:25:11.841 13565 13647 E RobotCore: com.qualcomm.modernrobotics.ReadWriteRunnableUsbHandler.a(SourceFile:77)
01-15 23:25:11.841 13565 13647 E RobotCore: com.qualcomm.modernrobotics.ReadWriteRunnableUsbHandler.read(SourceFile:66)
01-15 23:25:11.842 13565 13647 E RobotCore: com.qualcomm.hardware.modernrobotics.ReadWriteRunnableStandard$1.run(ReadWriteRunnableStandard.java:343)
01-15 23:25:11.842 13565 13647 E RobotCore: com.qualcomm.robotcore.util.ThreadPool.logThreadLifeCycle(ThreadPool.java:513)
01-15 23:25:11.842 13565 13647 E RobotCore: com.qualcomm.hardware.modernrobotics.ReadWriteRunnableStandard.run(ReadWriteRunnableStandard.java:302)
01-15 23:25:11.842 13565 13647 E RobotCore: java.util.concurrent.ThreadPoolExecutor.runWorker(ThreadPoolExecutor.java:1113)
01-15 23:25:11.842 13565 13647 E RobotCore: java.util.concurrent.ThreadPoolExecutor$Worker.run(ThreadPoolExecutor.java:588)
01-15 23:25:11.842 13565 13647 E RobotCore: java.lang.Thread.run(Thread.java:818)
01-15 23:25:11.842 13565 13640 D ProcessRequestThread::: Device has been closed.
01-15 23:25:11.842 13565 13640 W System.err: java.lang.InterruptedException
01-15 23:25:11.843 13565 13640 W System.err: 	at java.util.concurrent.locks.AbstractQueuedSynchronizer.doAcquireSharedInterruptibly(AbstractQueuedSynchronizer.java:972)
01-15 23:25:11.843 13565 13640 W System.err: 	at java.util.concurrent.locks.AbstractQueuedSynchronizer.acquireSharedInterruptibly(AbstractQueuedSynchronizer.java:1278)
01-15 23:25:11.843 13565 13640 W System.err: 	at java.util.concurrent.Semaphore.acquire(Semaphore.java:284)
01-15 23:25:11.843 13565 13645 D BulkIn::: Stop BulkIn thread
01-15 23:25:11.843 13565 13645 W System.err: 	at java.lang.NullPointerException: Attempt to invoke virtual method 'int com.ftdi.j2xx.D2xxManager$DriverParameters.getBufferNumber()' on a null object reference
01-15 23:25:11.843 13565 13645 W System.err: 	at com.ftdi.j2xx.ProcessInCtrl.releaseWritableBuffers(FT_Device.java:2672)
01-15 23:25:11.843 13565 13645 W System.err: 	at com.ftdi.j2xx.BulkInWorker.run(FT_Device.java:2879)
01-15 23:25:11.843 13565 13645 W System.err: 	at java.lang.Thread.run(Thread.java:818)
01-15 23:25:11.844 13565 13639 D BulkIn::: Stop BulkIn thread
01-15 23:25:11.844 13565 13639 W System.err: java.lang.NullPointerException: Attempt to invoke virtual method 'int com.ftdi.j2xx.D2xxManager$DriverParameters.getBufferNumber()' on a null object reference
01-15 23:25:11.844 13565 13640 W System.err: com.ftdi.j2xx.ProcessInCtrl.acquireReadableBuffer(FT_Device.java:2294)
01-15 23:25:11.844 13565 13640 W System.err: 	at 	at com.ftdi.j2xx.ProcessRequestWorker.run(FT_Device.java:2764)
01-15 23:25:11.844 13565 13639 W System.err: 	at com.ftdi.j2xx.ProcessInCtrl.releaseWritableBuffers(FT_Device.java:2672)
01-15 23:25:11.844 13565 13639 W System.err: 	at com.ftdi.j2xx.BulkInWorker.run(FT_Device.java:2879)
01-15 23:25:11.844 13565 13639 W System.err: 	at java.lang.Thread.run(Thread.java:818)
01-15 23:25:11.844 13565 13641 W RobotCore: could not write to Modern Robotics USB DC Motor Controller [A104OQ1P]: FTDI Null Pointer Exception
01-15 23:25:11.844 13565 13641 E RobotCore: java.lang.NullPointerException: Attempt to invoke interface method 'void java.util.concurrent.locks.Lock.unlock()' on a null object reference
01-15 23:25:11.844 13565 13641 E RobotCore: com.ftdi.j2xx.ProcessInCtrl.readBulkInData(FT_Device.java:2520)
01-15 23:25:11.844 13565 13641 E RobotCore: com.ftdi.j2xx.FT_Device.read(FT_Device.java:666)
01-15 23:25:11.844 13565 13641 E RobotCore: com.qualcomm.robotcore.hardware.usb.ftdi.RobotUsbDeviceFtdi.read(RobotUsbDeviceFtdi.java:199)
01-15 23:25:11.844 13565 13641 E RobotCore: com.qualcomm.robotcore.hardware.usb.ftdi.RobotUsbDeviceFtdi.read(RobotUsbDeviceFtdi.java:176)
01-15 23:25:11.845 13565 13641 E RobotCore: com.qualcomm.modernrobotics.ReadWriteRunnableUsbHandler.b(SourceFile:109)
01-15 23:25:11.845 13565 13641 E RobotCore: com.qualcomm.modernrobotics.ReadWriteRunnableUsbHandler.write(SourceFile:98)
01-15 23:25:11.845 13565 13641 E RobotCore: com.qualcomm.hardware.modernrobotics.ReadWriteRunnableStandard$1.run(ReadWriteRunnableStandard.java:394)
01-15 23:25:11.845 13565 13641 E RobotCore: com.qualcomm.robotcore.util.ThreadPool.logThreadLifeCycle(ThreadPool.java:513)
01-15 23:25:11.845 13565 13641 E RobotCore: com.qualcomm.hardware.modernrobotics.ReadWriteRunnableStandard.run(ReadWriteRunnableStandard.java:302)
01-15 23:25:11.845 13565 13640 W System.err: java.lang.Thread.run(Thread.java:818)
01-15 23:25:11.846 13565 13641 E RobotCore: java.util.concurrent.ThreadPoolExecutor.runWorker(ThreadPoolExecutor.java:1113)
01-15 23:25:11.846 13565 13641 E RobotCore: java.util.concurrent.ThreadPoolExecutor$Worker.run(ThreadPoolExecutor.java:588)
01-15 23:25:11.846 13565 13641 E RobotCore: java.lang.Thread.run(Thread.java:818)
01-15 23:25:11.847 13565 13647 V RobotCore: thread: ...terminating 'r/w loop: Modern Robotics USB DC Motor Controller [AI049QOP]'
01-15 23:25:11.849 13565 13656 D RobotCore: system telemetry: key=$System$Warning$ msg="problem communicating with Modern Robotics USB Core Device Interface Module [AI02RHDJ]; problem communicating with Modern Robotics USB DC Motor Controller [A104OQ1P]; problem communicating with Modern Robotics USB DC Motor Controller [AL00VWH0]; problem communicating with Modern Robotics USB DC Motor Controller [AI049QOP]; problem communicating with Modern Robotics USB DC Motor Controller [AL00VBIF]; problem communicating with Modern Robotics USB Servo Controller [AL00VST0]"
01-15 23:25:11.849 13565 13641 V RobotCore: thread: ...terminating 'r/w loop: Modern Robotics USB DC Motor Controller [A104OQ1P]'
01-15 23:25:11.849 13565 13656 V RobotCore: event loop: device has shutdown abnormally
01-15 23:25:11.849 13565 13656 V RobotCore: event loop: detaching device owner
01-15 23:25:11.849 13565 13656 I FIRST   : ======= MODULE DETACH RECOVERY: disarm Modern Robotics USB Core Device Interface Module [AI02RHDJ]=======
01-15 23:25:11.850 13565 13656 V RobotCore: waiting for service ReadWriteRunnable for Modern Robotics USB Device
01-15 23:25:11.851 13565 13656 V RobotCore: awaitTermination returned, isTerminated=true
01-15 23:25:11.851 13565 13656 V RobotCore: executive service ReadWriteRunnable for Modern Robotics USB Device is terminated
01-15 23:25:11.851 13565 13656 I FIRST   : ======= MODULE DETACH RECOVERY: pretend Modern Robotics USB Core Device Interface Module [AI02RHDJ]=======
01-15 23:25:11.851 13565 13656 V RobotCore: Starting up pretend device AI02RHDJ
01-15 23:25:11.852 13565 13691 V RobotCore: thread: 'r/w loop: Modern Robotics USB Core Device Interface Module [AI02RHDJ]' starting...
01-15 23:25:11.853 13565 13656 I FIRST   : ======= MODULE DETACH RECOVERY: complete Modern Robotics USB Core Device Interface Module [AI02RHDJ]=======
01-15 23:25:11.853 13565 13656 V RobotCore: event loop: device has shutdown abnormally
01-15 23:25:11.853 13565 13656 V RobotCore: event loop: detaching device owner
01-15 23:25:11.853 13565 13656 I FIRST   : ======= MODULE DETACH RECOVERY: disarm Modern Robotics USB DC Motor Controller [A104OQ1P]=======
01-15 23:25:11.853 13565 13656 D RobotCore: disarming modern motor controller Modern Robotics USB DC Motor Controller [A104OQ1P]...
01-15 23:25:11.854 13565 13656 V RobotCore: waiting for service ReadWriteRunnable for Modern Robotics USB Device
01-15 23:25:11.855 13565 13656 V RobotCore: awaitTermination returned, isTerminated=true
01-15 23:25:11.855 13565 13656 V RobotCore: executive service ReadWriteRunnable for Modern Robotics USB Device is terminated
01-15 23:25:11.855 13565 13656 D RobotCore: ...disarming modern motor controller Modern Robotics USB DC Motor Controller [A104OQ1P] complete
01-15 23:25:11.855 13565 13656 I FIRST   : ======= MODULE DETACH RECOVERY: pretend Modern Robotics USB DC Motor Controller [A104OQ1P]=======
01-15 23:25:11.855 13565 13656 D RobotCore: arming modern motor controller Modern Robotics USB DC Motor Controller [A104OQ1P] (pretend)...
01-15 23:25:11.856 13565 13656 V RobotCore: Starting up pretend device A104OQ1P
01-15 23:25:11.858 13565 13692 V RobotCore: thread: 'r/w loop: Modern Robotics USB DC Motor Controller [A104OQ1P]' starting...
01-15 23:25:11.858 13565 13656 D RobotCore: ...arming modern motor controller Modern Robotics USB DC Motor Controller [A104OQ1P] complete
01-15 23:25:11.858 13565 13656 I FIRST   : ======= MODULE DETACH RECOVERY: complete Modern Robotics USB DC Motor Controller [A104OQ1P]=======
01-15 23:25:11.858 13565 13656 V RobotCore: event loop: device has shutdown abnormally
01-15 23:25:11.858 13565 13656 V RobotCore: event loop: detaching device owner
01-15 23:25:11.858 13565 13656 I FIRST   : ======= MODULE DETACH RECOVERY: disarm Modern Robotics USB DC Motor Controller [AL00VWH0]=======
01-15 23:25:11.858 13565 13656 D RobotCore: disarming modern motor controller Modern Robotics USB DC Motor Controller [AL00VWH0]...
01-15 23:25:11.859 13565 13656 V RobotCore: waiting for service ReadWriteRunnable for Modern Robotics USB Device
01-15 23:25:11.859 13565 13656 V RobotCore: awaitTermination returned, isTerminated=true
01-15 23:25:11.860 13565 13656 V RobotCore: executive service ReadWriteRunnable for Modern Robotics USB Device is terminated
01-15 23:25:11.860 13565 13656 D RobotCore: ...disarming modern motor controller Modern Robotics USB DC Motor Controller [AL00VWH0] complete
01-15 23:25:11.860 13565 13656 I FIRST   : ======= MODULE DETACH RECOVERY: pretend Modern Robotics USB DC Motor Controller [AL00VWH0]=======
01-15 23:25:11.860 13565 13656 D RobotCore: arming modern motor controller Modern Robotics USB DC Motor Controller [AL00VWH0] (pretend)...
01-15 23:25:11.860 13565 13656 V RobotCore: Starting up pretend device AL00VWH0
01-15 23:25:11.862 13565 13693 V RobotCore: thread: 'r/w loop: Modern Robotics USB DC Motor Controller [AL00VWH0]' starting...
01-15 23:25:11.862 13565 13656 D RobotCore: ...arming modern motor controller Modern Robotics USB DC Motor Controller [AL00VWH0] complete
01-15 23:25:11.863 13565 13656 I FIRST   : ======= MODULE DETACH RECOVERY: complete Modern Robotics USB DC Motor Controller [AL00VWH0]=======
01-15 23:25:11.863 13565 13656 V RobotCore: event loop: device has shutdown abnormally
01-15 23:25:11.863 13565 13656 V RobotCore: event loop: detaching device owner
01-15 23:25:11.863 13565 13656 I FIRST   : ======= MODULE DETACH RECOVERY: disarm Modern Robotics USB DC Motor Controller [AI049QOP]=======
01-15 23:25:11.863 13565 13656 D RobotCore: disarming modern motor controller Modern Robotics USB DC Motor Controller [AI049QOP]...
01-15 23:25:11.863 13565 13656 V RobotCore: waiting for service ReadWriteRunnable for Modern Robotics USB Device
01-15 23:25:11.864 13565 13656 V RobotCore: awaitTermination returned, isTerminated=true
01-15 23:25:11.864 13565 13656 V RobotCore: executive service ReadWriteRunnable for Modern Robotics USB Device is terminated
01-15 23:25:11.864 13565 13656 D RobotCore: ...disarming modern motor controller Modern Robotics USB DC Motor Controller [AI049QOP] complete
01-15 23:25:11.864 13565 13656 I FIRST   : ======= MODULE DETACH RECOVERY: pretend Modern Robotics USB DC Motor Controller [AI049QOP]=======
01-15 23:25:11.864 13565 13656 D RobotCore: arming modern motor controller Modern Robotics USB DC Motor Controller [AI049QOP] (pretend)...
01-15 23:25:11.864 13565 13656 V RobotCore: Starting up pretend device AI049QOP
01-15 23:25:11.866 13565 13694 V RobotCore: thread: 'r/w loop: Modern Robotics USB DC Motor Controller [AI049QOP]' starting...
01-15 23:25:11.866 13565 13656 D RobotCore: ...arming modern motor controller Modern Robotics USB DC Motor Controller [AI049QOP] complete
01-15 23:25:11.866 13565 13656 I FIRST   : ======= MODULE DETACH RECOVERY: complete Modern Robotics USB DC Motor Controller [AI049QOP]=======
01-15 23:25:11.866 13565 13656 V RobotCore: event loop: device has shutdown abnormally
01-15 23:25:11.866 13565 13656 V RobotCore: event loop: detaching device owner
01-15 23:25:11.866 13565 13656 I FIRST   : ======= MODULE DETACH RECOVERY: disarm Modern Robotics USB DC Motor Controller [AL00VBIF]=======
01-15 23:25:11.866 13565 13656 D RobotCore: disarming modern motor controller Modern Robotics USB DC Motor Controller [AL00VBIF]...
01-15 23:25:11.866 13565 13656 V RobotCore: waiting for service ReadWriteRunnable for Modern Robotics USB Device
01-15 23:25:11.867 13565 13656 V RobotCore: awaitTermination returned, isTerminated=true
01-15 23:25:11.867 13565 13656 V RobotCore: executive service ReadWriteRunnable for Modern Robotics USB Device is terminated
01-15 23:25:11.867 13565 13656 D RobotCore: ...disarming modern motor controller Modern Robotics USB DC Motor Controller [AL00VBIF] complete
01-15 23:25:11.867 13565 13656 I FIRST   : ======= MODULE DETACH RECOVERY: pretend Modern Robotics USB DC Motor Controller [AL00VBIF]=======
01-15 23:25:11.867 13565 13656 D RobotCore: arming modern motor controller Modern Robotics USB DC Motor Controller [AL00VBIF] (pretend)...
01-15 23:25:11.867 13565 13656 V RobotCore: Starting up pretend device AL00VBIF
01-15 23:25:11.869 13565 13695 V RobotCore: thread: 'r/w loop: Modern Robotics USB DC Motor Controller [AL00VBIF]' starting...
01-15 23:25:11.869 13565 13656 D RobotCore: ...arming modern motor controller Modern Robotics USB DC Motor Controller [AL00VBIF] complete
01-15 23:25:11.869 13565 13656 I FIRST   : ======= MODULE DETACH RECOVERY: complete Modern Robotics USB DC Motor Controller [AL00VBIF]=======
01-15 23:25:26.588 13565 13619 V Robocol : received command: CMD_INIT_OP_MODE(10865) $Stop$Robot$
01-15 23:25:26.591 13565 13656 I RobotCore: Attempting to switch to op mode $Stop$Robot$
01-15 23:25:26.602 13565 13623 V Robocol : sending CMD_INIT_OP_MODE_RESP(962), attempt: 0
01-15 23:25:26.629 13565 13619 V Robocol : received command: CMD_INIT_OP_MODE_RESP(962) $Stop$Robot$
01-15 23:25:26.630 13565 13619 V Robocol : received command: CMD_RUN_OP_MODE(10870) $Stop$Robot$
01-15 23:25:26.642 13565 13623 V Robocol : sending CMD_RUN_OP_MODE_RESP(967), attempt: 0
01-15 23:25:26.669 13565 13619 V Robocol : received command: CMD_RUN_OP_MODE_RESP(967) $Stop$Robot$
01-15 23:25:29.642 13565 13623 V Robocol : issuing peerDisconnected(): lastRecvPacket=2.014 s
01-15 23:25:29.642 13565 13623 V RobotCore: Network: active, disconnected
01-15 23:25:29.645 13565 13623 I RobotCore: Lost connection while running op mode: $Stop$Robot$
01-15 23:25:29.679 13565 13627 D MediaPlayer: setSubtitleAnchor in MediaPlayer
01-15 23:25:29.680 13565 13565 D MediaPlayer: setSubtitleAnchor in MediaPlayer
01-15 23:25:29.683 13565 13565 E MediaPlayer: invoke failed: wrong state 8
01-15 23:25:29.683 13565 13565 W MediaPlayer: mediaplayer went away with unhandled events
01-15 23:25:29.696 13565 13625 D ExtendedUtils: extended extractor not needed, return default
01-15 23:25:29.697 13565 13625 I MediaCodec: (0xb80140d0) init name(audio/raw) isType(1) encoder(0)
01-15 23:25:29.698 13565 13704 I OMXClient: Using client-side OMX mux.
01-15 23:25:29.702 13565 13704 E OMXMaster: A component of name 'OMX.qcom.audio.decoder.aac' already exists, ignoring this one.
01-15 23:25:29.705 13565 13704 I MediaCodec: (0xb80140d0) Component Allocated (OMX.google.raw.decoder)
01-15 23:25:29.705 13565 13625 I MediaCodec: (0xb80140d0) configure surface(0x0) crypto(0x0) flags(0)
01-15 23:25:29.705 13565 13625 D MediaCodec: (0xb80140d0) configure format: AMessage(what = 0x00000000) = {
01-15 23:25:29.705 13565 13625 D MediaCodec:    string mime = "audio/raw"
01-15 23:25:29.705 13565 13625 D MediaCodec:    int64_t durationUs = 516598
01-15 23:25:29.705 13565 13625 D MediaCodec:    int32_t channel-count = 2
01-15 23:25:29.705 13565 13625 D MediaCodec:    int32_t sample-rate = 44100
01-15 23:25:29.705 13565 13625 D MediaCodec:    int32_t channel-mask = 0
01-15 23:25:29.705 13565 13625 D MediaCodec:  }
01-15 23:25:29.706 13565 13625 I MediaCodec: (0xb80140d0) start
01-15 23:25:29.706 13565 13704 I MediaCodec: (0xb80140d0) input buffers allocated
01-15 23:25:29.706 13565 13704 I MediaCodec: (0xb80140d0) numBuffers (4)
01-15 23:25:29.706 13565 13704 I MediaCodec: (0xb80140d0) output buffers allocated
01-15 23:25:29.706 13565 13704 I MediaCodec: (0xb80140d0) numBuffers (4)
01-15 23:25:29.708 13565 13704 I MediaCodec: (0xb80140d0) codec output format changed
01-15 23:25:29.709 13565 13704 D MediaCodec: (0xb80140d0) output format: AMessage(what = 'codc', target = 14) = {
01-15 23:25:29.709 13565 13704 D MediaCodec:    string mime = "audio/raw"
01-15 23:25:29.709 13565 13704 D MediaCodec:    int32_t channel-count = 2
01-15 23:25:29.709 13565 13704 D MediaCodec:    int32_t sample-rate = 44100
01-15 23:25:29.709 13565 13704 D MediaCodec:    int32_t channel-mask = 0
01-15 23:25:29.709 13565 13704 D MediaCodec:    int32_t what = 1869968451
01-15 23:25:29.709 13565 13704 D MediaCodec:  }
01-15 23:25:29.712 13565 13625 I MediaCodec: (0xb80140d0) stop
01-15 23:25:29.713 13565 13625 I MediaCodec: (0xb80140d0) release
01-15 23:25:29.718 13565 13627 W AudioTrack: AUDIO_OUTPUT_FLAG_FAST denied by client; transfer 4, track 44100 Hz, output 48000 Hz
01-15 23:25:30.150 13565 13656 I RobotCore: Attempting to switch to op mode $Stop$Robot$
01-15 23:25:34.507 13565 13565 V RCActivity: onPause()
01-15 23:25:34.516 13565 13565 V RCActivity: onStop()
01-15 23:25:34.516 13565 13565 V RobotCore: executive service robot setup is terminated
01-15 23:25:34.516 13565 13565 V Robocol : EventLoopManager.shutdown()
01-15 23:25:34.516 13565 13565 V RobotCore: waiting for service EventLoop
01-15 23:25:34.517 13565 13656 V RobotCore: EventLoopRunnable interrupted
01-15 23:25:34.517 13565 13656 V RobotCore: EventLoopManager state is STOPPED
01-15 23:25:34.517 13565 13656 V RobotCore: Robot Status: stopped
01-15 23:25:34.517 13565 13656 I FIRST   : ======= TEARDOWN =======
01-15 23:25:34.517 13565 13656 D RobotCore: disarming modern motor controller Modern Robotics USB DC Motor Controller [A104OQ1P]...
01-15 23:25:34.519 13565 13656 V RobotCore: waiting for service ReadWriteRunnable for Modern Robotics USB Device
01-15 23:25:34.519 13565 13692 V RobotCore: thread: ...terminating 'r/w loop: Modern Robotics USB DC Motor Controller [A104OQ1P]'
01-15 23:25:34.519 13565 13656 V RobotCore: awaitTermination returned, isTerminated=true
01-15 23:25:34.519 13565 13656 V RobotCore: executive service ReadWriteRunnable for Modern Robotics USB Device is terminated
01-15 23:25:34.520 13565 13656 D RobotCore: ...disarming modern motor controller Modern Robotics USB DC Motor Controller [A104OQ1P] complete
01-15 23:25:34.520 13565 13656 D RobotCore: disarming modern motor controller Modern Robotics USB DC Motor Controller [AL00VWH0]...
01-15 23:25:34.523 13565 13693 V RobotCore: thread: ...terminating 'r/w loop: Modern Robotics USB DC Motor Controller [AL00VWH0]'
01-15 23:25:34.523 13565 13656 V RobotCore: executive service ReadWriteRunnable for Modern Robotics USB Device is terminated
01-15 23:25:34.523 13565 13656 D RobotCore: ...disarming modern motor controller Modern Robotics USB DC Motor Controller [AL00VWH0] complete
01-15 23:25:34.524 13565 13656 D RobotCore: disarming modern motor controller Modern Robotics USB DC Motor Controller [AI049QOP]...
01-15 23:25:34.528 13565 13694 V RobotCore: thread: ...terminating 'r/w loop: Modern Robotics USB DC Motor Controller [AI049QOP]'
01-15 23:25:34.529 13565 13656 V RobotCore: executive service ReadWriteRunnable for Modern Robotics USB Device is terminated
01-15 23:25:34.529 13565 13656 D RobotCore: ...disarming modern motor controller Modern Robotics USB DC Motor Controller [AI049QOP] complete
01-15 23:25:34.529 13565 13656 D RobotCore: disarming modern motor controller Modern Robotics USB DC Motor Controller [AL00VBIF]...
01-15 23:25:34.536 13565 13695 V RobotCore: thread: ...terminating 'r/w loop: Modern Robotics USB DC Motor Controller [AL00VBIF]'
01-15 23:25:34.536 13565 13656 V RobotCore: waiting for service ReadWriteRunnable for Modern Robotics USB Device
01-15 23:25:34.536 13565 13656 V RobotCore: awaitTermination returned, isTerminated=true
01-15 23:25:34.536 13565 13656 V RobotCore: executive service ReadWriteRunnable for Modern Robotics USB Device is terminated
01-15 23:25:34.536 13565 13656 D RobotCore: ...disarming modern motor controller Modern Robotics USB DC Motor Controller [AL00VBIF] complete
01-15 23:25:34.536 13565 13656 D RobotCore: disarming modern servo controller "Modern Robotics USB Servo Controller [AL00VST0]"...
01-15 23:25:34.544 13565 13690 V RobotCore: thread: ...terminating 'r/w loop: Modern Robotics USB Servo Controller [AL00VST0]'
01-15 23:25:34.544 13565 13656 V RobotCore: executive service ReadWriteRunnable for Modern Robotics USB Device is terminated
01-15 23:25:34.544 13565 13656 D RobotCore: ...disarming modern servo controller Modern Robotics USB Servo Controller [AL00VST0] complete
01-15 23:25:34.548 13565 13691 V RobotCore: thread: ...terminating 'r/w loop: Modern Robotics USB Core Device Interface Module [AI02RHDJ]'
01-15 23:25:34.548 13565 13656 V RobotCore: waiting for service ReadWriteRunnable for Modern Robotics USB Device
01-15 23:25:34.548 13565 13656 V RobotCore: awaitTermination returned, isTerminated=true
01-15 23:25:34.548 13565 13656 V RobotCore: executive service ReadWriteRunnable for Modern Robotics USB Device is terminated
01-15 23:25:34.548 13565 13656 I FIRST   : ======= TEARDOWN COMPLETE =======
01-15 23:25:34.549 13565 13656 V RobotCore: thread: ...terminating 'opmode loop()'
01-15 23:25:34.549 13565 13565 V RobotCore: awaitTermination returned, isTerminated=true
01-15 23:25:34.550 13565 13565 V RobotCore: executive service EventLoop is terminated
01-15 23:25:34.550 13565 13565 V RobotCore: EventLoopManager state is STOPPED
