--------- beginning of crash
01-04 00:01:01.430 25100 25100 E AndroidRuntime: FATAL EXCEPTION: main
01-04 00:01:01.430 25100 25100 E AndroidRuntime: Process: com.qualcomm.ftcrobotcontroller, PID: 25100
01-04 00:01:01.430 25100 25100 E AndroidRuntime: java.lang.RuntimeException: Unable to stop activity {com.qualcomm.ftcrobotcontroller/org.firstinspires.ftc.robotcontroller.internal.FtcRobotControllerActivity}: java.lang.NullPointerException: Attempt to invoke virtual method 'void com.qualcomm.ftccommon.FtcRobotControllerService.shutdownRobot()' on a null object reference
01-04 00:01:01.430 25100 25100 E AndroidRuntime: 	at android.app.ActivityThread.handleSleeping(ActivityThread.java:3645)
01-04 00:01:01.430 25100 25100 E AndroidRuntime: 	at android.app.ActivityThread.-wrap19(ActivityThread.java)
01-04 00:01:01.430 25100 25100 E AndroidRuntime: 	at android.app.ActivityThread$H.handleMessage(ActivityThread.java:1529)
01-04 00:01:01.430 25100 25100 E AndroidRuntime: 	at android.os.Handler.dispatchMessage(Handler.java:102)
01-04 00:01:01.430 25100 25100 E AndroidRuntime: 	at android.os.Looper.loop(Looper.java:148)
01-04 00:01:01.430 25100 25100 E AndroidRuntime: 	at android.app.ActivityThread.main(ActivityThread.java:5456)
01-04 00:01:01.430 25100 25100 E AndroidRuntime: 	at java.lang.reflect.Method.invoke(Native Method)
01-04 00:01:01.430 25100 25100 E AndroidRuntime: 	at com.android.internal.os.ZygoteInit$MethodAndArgsCaller.run(ZygoteInit.java:728)
01-04 00:01:01.430 25100 25100 E AndroidRuntime: 	at com.android.internal.os.ZygoteInit.main(ZygoteInit.java:618)
01-04 00:01:01.430 25100 25100 E AndroidRuntime: Caused by: java.lang.NullPointerException: Attempt to invoke virtual method 'void com.qualcomm.ftccommon.FtcRobotControllerService.shutdownRobot()' on a null object reference
01-04 00:01:01.430 25100 25100 E AndroidRuntime: 	at org.firstinspires.ftc.robotcontroller.internal.FtcRobotControllerActivity.onStop(FtcRobotControllerActivity.java:319)
01-04 00:01:01.430 25100 25100 E AndroidRuntime: 	at android.app.Instrumentation.callActivityOnStop(Instrumentation.java:1301)
01-04 00:01:01.430 25100 25100 E AndroidRuntime: 	at android.app.Activity.performStop(Activity.java:6403)
01-04 00:01:01.430 25100 25100 E AndroidRuntime: 	at android.app.ActivityThread.handleSleeping(ActivityThread.java:3642)
01-04 00:01:01.430 25100 25100 E AndroidRuntime: 	... 8 more
01-04 15:09:49.388  6954  6954 E AndroidRuntime: FATAL EXCEPTION: main
01-04 15:09:49.388  6954  6954 E AndroidRuntime: Process: com.qualcomm.ftcrobotcontroller, PID: 6954
01-04 15:09:49.388  6954  6954 E AndroidRuntime: java.lang.RuntimeException: Unable to stop activity {com.qualcomm.ftcrobotcontroller/org.firstinspires.ftc.robotcontroller.internal.FtcRobotControllerActivity}: java.lang.NullPointerException: Attempt to invoke virtual method 'void com.qualcomm.ftccommon.FtcRobotControllerService.shutdownRobot()' on a null object reference
01-04 15:09:49.388  6954  6954 E AndroidRuntime: 	at android.app.ActivityThread.handleSleeping(ActivityThread.java:3645)
01-04 15:09:49.388  6954  6954 E AndroidRuntime: 	at android.app.ActivityThread.-wrap19(ActivityThread.java)
01-04 15:09:49.388  6954  6954 E AndroidRuntime: 	at android.app.ActivityThread$H.handleMessage(ActivityThread.java:1529)
01-04 15:09:49.388  6954  6954 E AndroidRuntime: 	at android.os.Handler.dispatchMessage(Handler.java:102)
01-04 15:09:49.388  6954  6954 E AndroidRuntime: 	at android.os.Looper.loop(Looper.java:148)
01-04 15:09:49.388  6954  6954 E AndroidRuntime: 	at android.app.ActivityThread.main(ActivityThread.java:5456)
01-04 15:09:49.388  6954  6954 E AndroidRuntime: 	at java.lang.reflect.Method.invoke(Native Method)
01-04 15:09:49.388  6954  6954 E AndroidRuntime: 	at com.android.internal.os.ZygoteInit$MethodAndArgsCaller.run(ZygoteInit.java:728)
01-04 15:09:49.388  6954  6954 E AndroidRuntime: 	at com.android.internal.os.ZygoteInit.main(ZygoteInit.java:618)
01-04 15:09:49.388  6954  6954 E AndroidRuntime: Caused by: java.lang.NullPointerException: Attempt to invoke virtual method 'void com.qualcomm.ftccommon.FtcRobotControllerService.shutdownRobot()' on a null object reference
01-04 15:09:49.388  6954  6954 E AndroidRuntime: 	at org.firstinspires.ftc.robotcontroller.internal.FtcRobotControllerActivity.onStop(FtcRobotControllerActivity.java:319)
01-04 15:09:49.388  6954  6954 E AndroidRuntime: 	at android.app.Instrumentation.callActivityOnStop(Instrumentation.java:1301)
01-04 15:09:49.388  6954  6954 E AndroidRuntime: 	at android.app.Activity.performStop(Activity.java:6403)
01-04 15:09:49.388  6954  6954 E AndroidRuntime: 	at android.app.ActivityThread.handleSleeping(ActivityThread.java:3642)
01-04 15:09:49.388  6954  6954 E AndroidRuntime: 	... 8 more
--------- beginning of system
01-04 15:15:11.628  7439  7439 W ViewRootImpl: Dropping event due to no window focus: MotionEvent { action=ACTION_MOVE, actionButton=0, id[0]=1, x[0]=381.54883, y[0]=1104.2948, toolType[0]=TOOL_TYPE_FINGER, buttonState=0, metaState=0, flags=0x0, edgeFlags=0x0, pointerCount=1, historySize=4, eventTime=331201718, downTime=331201661, deviceId=6, source=0x1002 }
01-04 15:15:11.662  7439  7439 W ViewRootImpl: Dropping event due to no window focus: MotionEvent { action=ACTION_MOVE, actionButton=0, id[0]=1, x[0]=373.98755, y[0]=1086.503, toolType[0]=TOOL_TYPE_FINGER, buttonState=0, metaState=0, flags=0x0, edgeFlags=0x0, pointerCount=1, historySize=2, eventTime=331201751, downTime=331201661, deviceId=6, source=0x1002 }
01-04 15:15:11.678  7439  7439 W ViewRootImpl: Dropping event due to no window focus: MotionEvent { action=ACTION_MOVE, actionButton=0, id[0]=1, x[0]=370.16318, y[0]=1073.3865, toolType[0]=TOOL_TYPE_FINGER, buttonState=0, metaState=0, flags=0x0, edgeFlags=0x0, pointerCount=1, historySize=2, eventTime=331201768, downTime=331201661, deviceId=6, source=0x1002 }
01-04 15:15:11.686  7439  7439 W ViewRootImpl: Dropping event due to no window focus: MotionEvent { action=ACTION_MOVE, actionButton=0, id[0]=1, x[0]=365.4573, y[0]=1044.2133, toolType[0]=TOOL_TYPE_FINGER, buttonState=0, metaState=0, flags=0x0, edgeFlags=0x0, pointerCount=1, historySize=1, eventTime=331201785, downTime=331201661, deviceId=6, source=0x1002 }
01-04 15:15:11.699  7439  7439 W ViewRootImpl: Dropping event due to no window focus: MotionEvent { action=ACTION_MOVE, actionButton=0, id[0]=1, x[0]=361.99722, y[0]=1014.20764, toolType[0]=TOOL_TYPE_FINGER, buttonState=0, metaState=0, flags=0x0, edgeFlags=0x0, pointerCount=1, historySize=1, eventTime=331201800, downTime=331201661, deviceId=6, source=0x1002 }
01-04 15:15:11.715  7439  7439 W ViewRootImpl: Dropping event due to no window focus: MotionEvent { action=ACTION_MOVE, actionButton=0, id[0]=1, x[0]=360.63943, y[0]=991.4702, toolType[0]=TOOL_TYPE_FINGER, buttonState=0, metaState=0, flags=0x0, edgeFlags=0x0, pointerCount=1, historySize=1, eventTime=331201818, downTime=331201661, deviceId=6, source=0x1002 }
01-04 15:15:11.732  7439  7439 W ViewRootImpl: Dropping event due to no window focus: MotionEvent { action=ACTION_MOVE, actionButton=0, id[0]=1, x[0]=359.3652, y[0]=977.87915, toolType[0]=TOOL_TYPE_FINGER, buttonState=0, metaState=0, flags=0x0, edgeFlags=0x0, pointerCount=1, historySize=2, eventTime=331201835, downTime=331201661, deviceId=6, source=0x1002 }
01-04 15:15:11.738  7439  7439 W ViewRootImpl: Cancelling event due to no window focus: MotionEvent { action=ACTION_CANCEL, actionButton=0, id[0]=1, x[0]=359.3652, y[0]=977.87915, toolType[0]=TOOL_TYPE_FINGER, buttonState=0, metaState=0, flags=0x0, edgeFlags=0x0, pointerCount=1, historySize=0, eventTime=331201846, downTime=331201661, deviceId=6, source=0x1002 }
01-04 15:15:11.738  7439  7439 W ViewRootImpl: Cancelling event due to no window focus: MotionEvent { action=ACTION_CANCEL, actionButton=0, id[0]=1, x[0]=359.3652, y[0]=977.87915, toolType[0]=TOOL_TYPE_FINGER, buttonState=0, metaState=0, flags=0x0, edgeFlags=0x0, pointerCount=1, historySize=0, eventTime=331201846, downTime=331201661, deviceId=6, source=0x1002 }
01-04 15:15:11.738  7439  7439 W ViewRootImpl: Cancelling event due to no window focus: MotionEvent { action=ACTION_CANCEL, actionButton=0, id[0]=1, x[0]=359.3652, y[0]=977.87915, toolType[0]=TOOL_TYPE_FINGER, buttonState=0, metaState=0, flags=0x0, edgeFlags=0x0, pointerCount=1, historySize=0, eventTime=331201846, downTime=331201661, deviceId=6, source=0x1002 }
01-04 15:15:11.738  7439  7439 W ViewRootImpl: Cancelling event due to no window focus: MotionEvent { action=ACTION_CANCEL, actionButton=0, id[0]=1, x[0]=359.3652, y[0]=977.87915, toolType[0]=TOOL_TYPE_FINGER, buttonState=0, metaState=0, flags=0x0, edgeFlags=0x0, pointerCount=1, historySize=0, eventTime=331201846, downTime=331201661, deviceId=6, source=0x1002 }
01-04 15:15:52.819  8019  8019 E AndroidRuntime: FATAL EXCEPTION: main
01-04 15:15:52.819  8019  8019 E AndroidRuntime: Process: com.qualcomm.ftcrobotcontroller, PID: 8019
01-04 15:15:52.819  8019  8019 E AndroidRuntime: java.lang.RuntimeException: Unable to stop activity {com.qualcomm.ftcrobotcontroller/org.firstinspires.ftc.robotcontroller.internal.FtcRobotControllerActivity}: java.lang.NullPointerException: Attempt to invoke virtual method 'void com.qualcomm.ftccommon.FtcRobotControllerService.shutdownRobot()' on a null object reference
01-04 15:15:52.819  8019  8019 E AndroidRuntime: 	at android.app.ActivityThread.handleSleeping(ActivityThread.java:3645)
01-04 15:15:52.819  8019  8019 E AndroidRuntime: 	at android.app.ActivityThread.-wrap19(ActivityThread.java)
01-04 15:15:52.819  8019  8019 E AndroidRuntime: 	at android.app.ActivityThread$H.handleMessage(ActivityThread.java:1529)
01-04 15:15:52.819  8019  8019 E AndroidRuntime: 	at android.os.Handler.dispatchMessage(Handler.java:102)
01-04 15:15:52.819  8019  8019 E AndroidRuntime: 	at android.os.Looper.loop(Looper.java:148)
01-04 15:15:52.819  8019  8019 E AndroidRuntime: 	at android.app.ActivityThread.main(ActivityThread.java:5456)
01-04 15:15:52.819  8019  8019 E AndroidRuntime: 	at java.lang.reflect.Method.invoke(Native Method)
01-04 15:15:52.819  8019  8019 E AndroidRuntime: 	at com.android.internal.os.ZygoteInit$MethodAndArgsCaller.run(ZygoteInit.java:728)
01-04 15:15:52.819  8019  8019 E AndroidRuntime: 	at com.android.internal.os.ZygoteInit.main(ZygoteInit.java:618)
01-04 15:15:52.819  8019  8019 E AndroidRuntime: Caused by: java.lang.NullPointerException: Attempt to invoke virtual method 'void com.qualcomm.ftccommon.FtcRobotControllerService.shutdownRobot()' on a null object reference
01-04 15:15:52.819  8019  8019 E AndroidRuntime: 	at org.firstinspires.ftc.robotcontroller.internal.FtcRobotControllerActivity.onStop(FtcRobotControllerActivity.java:319)
01-04 15:15:52.819  8019  8019 E AndroidRuntime: 	at android.app.Instrumentation.callActivityOnStop(Instrumentation.java:1301)
01-04 15:15:52.819  8019  8019 E AndroidRuntime: 	at android.app.Activity.performStop(Activity.java:6403)
01-04 15:15:52.819  8019  8019 E AndroidRuntime: 	at android.app.ActivityThread.handleSleeping(ActivityThread.java:3642)
01-04 15:15:52.819  8019  8019 E AndroidRuntime: 	... 8 more
01-04 15:30:12.084 10922 10922 E ActivityThread: Activity org.firstinspires.ftc.robotcontroller.internal.FtcRobotControllerActivity has leaked IntentReceiver com.qualcomm.analytics.Analytics@6e4c80c that was originally registered here. Are you missing a call to unregisterReceiver()?
01-04 15:30:12.084 10922 10922 E ActivityThread: android.app.IntentReceiverLeaked: Activity org.firstinspires.ftc.robotcontroller.internal.FtcRobotControllerActivity has leaked IntentReceiver com.qualcomm.analytics.Analytics@6e4c80c that was originally registered here. Are you missing a call to unregisterReceiver()?
01-04 15:30:12.084 10922 10922 E ActivityThread: 	at android.app.LoadedApk$ReceiverDispatcher.<init>(LoadedApk.java:918)
01-04 15:30:12.084 10922 10922 E ActivityThread: 	at android.app.LoadedApk.getReceiverDispatcher(LoadedApk.java:719)
01-04 15:30:12.084 10922 10922 E ActivityThread: 	at android.app.ContextImpl.registerReceiverInternal(ContextImpl.java:1172)
01-04 15:30:12.084 10922 10922 E ActivityThread: 	at android.app.ContextImpl.registerReceiver(ContextImpl.java:1152)
01-04 15:30:12.084 10922 10922 E ActivityThread: 	at android.app.ContextImpl.registerReceiver(ContextImpl.java:1146)
01-04 15:30:12.084 10922 10922 E ActivityThread: 	at android.content.ContextWrapper.registerReceiver(ContextWrapper.java:554)
01-04 15:30:12.084 10922 10922 E ActivityThread: 	at com.qualcomm.analytics.Analytics.register(SourceFile:209)
01-04 15:30:12.084 10922 10922 E ActivityThread: 	at com.qualcomm.analytics.Analytics.<init>(SourceFile:235)
01-04 15:30:12.084 10922 10922 E ActivityThread: 	at com.qualcomm.modernrobotics.ModernRoboticsUsbUtil.init(SourceFile:85)
01-04 15:30:12.084 10922 10922 E ActivityThread: 	at com.qualcomm.ftccommon.FtcEventLoop.init(FtcEventLoop.java:191)
01-04 15:30:12.084 10922 10922 E ActivityThread: 	at com.qualcomm.robotcore.eventloop.EventLoopManager.startEventLoop(EventLoopManager.java:571)
01-04 15:30:12.084 10922 10922 E ActivityThread: 	at com.qualcomm.robotcore.eventloop.EventLoopManager.setEventLoop(EventLoopManager.java:545)
01-04 15:30:12.084 10922 10922 E ActivityThread: 	at com.qualcomm.robotcore.eventloop.EventLoopManager.start(EventLoopManager.java:489)
01-04 15:30:12.084 10922 10922 E ActivityThread: 	at com.qualcomm.robotcore.robot.Robot.start(Robot.java:59)
01-04 15:30:12.084 10922 10922 E ActivityThread: 	at com.qualcomm.ftccommon.FtcRobotControllerService$RobotSetupRunnable$1.run(FtcRobotControllerService.java:186)
01-04 15:30:12.084 10922 10922 E ActivityThread: 	at com.qualcomm.robotcore.util.ThreadPool.logThreadLifeCycle(ThreadPool.java:513)
01-04 15:30:12.084 10922 10922 E ActivityThread: 	at com.qualcomm.ftccommon.FtcRobotControllerService$RobotSetupRunnable.run(FtcRobotControllerService.java:128)
01-04 15:30:12.084 10922 10922 E ActivityThread: 	at java.util.concurrent.ThreadPoolExecutor.runWorker(ThreadPoolExecutor.java:1113)
01-04 15:30:12.084 10922 10922 E ActivityThread: 	at java.util.concurrent.ThreadPoolExecutor$Worker.run(ThreadPoolExecutor.java:588)
01-04 15:30:12.084 10922 10922 E ActivityThread: 	at java.lang.Thread.run(Thread.java:818)
01-04 23:39:09.687 26156 26156 E ActivityThread: Activity org.firstinspires.ftc.robotcontroller.internal.FtcRobotControllerActivity has leaked IntentReceiver com.qualcomm.analytics.Analytics@9a50555 that was originally registered here. Are you missing a call to unregisterReceiver()?
01-04 23:39:09.687 26156 26156 E ActivityThread: android.app.IntentReceiverLeaked: Activity org.firstinspires.ftc.robotcontroller.internal.FtcRobotControllerActivity has leaked IntentReceiver com.qualcomm.analytics.Analytics@9a50555 that was originally registered here. Are you missing a call to unregisterReceiver()?
01-04 23:39:09.687 26156 26156 E ActivityThread: 	at android.app.LoadedApk$ReceiverDispatcher.<init>(LoadedApk.java:918)
01-04 23:39:09.687 26156 26156 E ActivityThread: 	at android.app.LoadedApk.getReceiverDispatcher(LoadedApk.java:719)
01-04 23:39:09.687 26156 26156 E ActivityThread: 	at android.app.ContextImpl.registerReceiverInternal(ContextImpl.java:1172)
01-04 23:39:09.687 26156 26156 E ActivityThread: 	at android.app.ContextImpl.registerReceiver(ContextImpl.java:1152)
01-04 23:39:09.687 26156 26156 E ActivityThread: 	at android.app.ContextImpl.registerReceiver(ContextImpl.java:1146)
01-04 23:39:09.687 26156 26156 E ActivityThread: 	at android.content.ContextWrapper.registerReceiver(ContextWrapper.java:554)
01-04 23:39:09.687 26156 26156 E ActivityThread: 	at com.qualcomm.analytics.Analytics.register(SourceFile:209)
01-04 23:39:09.687 26156 26156 E ActivityThread: 	at com.qualcomm.analytics.Analytics.<init>(SourceFile:235)
01-04 23:39:09.687 26156 26156 E ActivityThread: 	at com.qualcomm.modernrobotics.ModernRoboticsUsbUtil.init(SourceFile:85)
01-04 23:39:09.687 26156 26156 E ActivityThread: 	at com.qualcomm.ftccommon.FtcEventLoop.init(FtcEventLoop.java:191)
01-04 23:39:09.687 26156 26156 E ActivityThread: 	at com.qualcomm.robotcore.eventloop.EventLoopManager.startEventLoop(EventLoopManager.java:571)
01-04 23:39:09.687 26156 26156 E ActivityThread: 	at com.qualcomm.robotcore.eventloop.EventLoopManager.setEventLoop(EventLoopManager.java:545)
01-04 23:39:09.687 26156 26156 E ActivityThread: 	at com.qualcomm.robotcore.eventloop.EventLoopManager.start(EventLoopManager.java:489)
01-04 23:39:09.687 26156 26156 E ActivityThread: 	at com.qualcomm.robotcore.robot.Robot.start(Robot.java:59)
01-04 23:39:09.687 26156 26156 E ActivityThread: 	at com.qualcomm.ftccommon.FtcRobotControllerService$RobotSetupRunnable$1.run(FtcRobotControllerService.java:186)
01-04 23:39:09.687 26156 26156 E ActivityThread: 	at com.qualcomm.robotcore.util.ThreadPool.logThreadLifeCycle(ThreadPool.java:513)
01-04 23:39:09.687 26156 26156 E ActivityThread: 	at com.qualcomm.ftccommon.FtcRobotControllerService$RobotSetupRunnable.run(FtcRobotControllerService.java:128)
01-04 23:39:09.687 26156 26156 E ActivityThread: 	at java.util.concurrent.ThreadPoolExecutor.runWorker(ThreadPoolExecutor.java:1113)
01-04 23:39:09.687 26156 26156 E ActivityThread: 	at java.util.concurrent.ThreadPoolExecutor$Worker.run(ThreadPoolExecutor.java:588)
01-04 23:39:09.687 26156 26156 E ActivityThread: 	at java.lang.Thread.run(Thread.java:818)
01-04 23:39:09.727 26156 26156 E ActivityThread: Service com.qualcomm.ftccommon.FtcRobotControllerService has leaked IntentReceiver com.qualcomm.robotcore.wifi.WifiDirectAssistant$WifiP2pBroadcastReceiver@a8b1131 that was originally registered here. Are you missing a call to unregisterReceiver()?
01-04 23:39:09.727 26156 26156 E ActivityThread: android.app.IntentReceiverLeaked: Service com.qualcomm.ftccommon.FtcRobotControllerService has leaked IntentReceiver com.qualcomm.robotcore.wifi.WifiDirectAssistant$WifiP2pBroadcastReceiver@a8b1131 that was originally registered here. Are you missing a call to unregisterReceiver()?
01-04 23:39:09.727 26156 26156 E ActivityThread: 	at android.app.LoadedApk$ReceiverDispatcher.<init>(LoadedApk.java:918)
01-04 23:39:09.727 26156 26156 E ActivityThread: 	at android.app.LoadedApk.getReceiverDispatcher(LoadedApk.java:719)
01-04 23:39:09.727 26156 26156 E ActivityThread: 	at android.app.ContextImpl.registerReceiverInternal(ContextImpl.java:1172)
01-04 23:39:09.727 26156 26156 E ActivityThread: 	at android.app.ContextImpl.registerReceiver(ContextImpl.java:1152)
01-04 23:39:09.727 26156 26156 E ActivityThread: 	at android.app.ContextImpl.registerReceiver(ContextImpl.java:1146)
01-04 23:39:09.727 26156 26156 E ActivityThread: 	at com.qualcomm.robotcore.wifi.WifiDirectAssistant.enable(WifiDirectAssistant.java:284)
01-04 23:39:09.727 26156 26156 E ActivityThread: 	at com.qualcomm.ftccommon.FtcRobotControllerService.onBind(FtcRobotControllerService.java:234)
01-04 23:39:09.727 26156 26156 E ActivityThread: 	at android.app.ActivityThread.handleBindService(ActivityThread.java:2922)
01-04 23:39:09.727 26156 26156 E ActivityThread: 	at android.app.ActivityThread.-wrap2(ActivityThread.java)
01-04 23:39:09.727 26156 26156 E ActivityThread: 	at android.app.ActivityThread$H.handleMessage(ActivityThread.java:1442)
01-04 23:39:09.727 26156 26156 E ActivityThread: 	at android.os.Handler.dispatchMessage(Handler.java:102)
01-04 23:39:09.727 26156 26156 E ActivityThread: 	at android.os.Looper.loop(Looper.java:148)
01-04 23:39:09.727 26156 26156 E ActivityThread: 	at android.app.ActivityThread.main(ActivityThread.java:5456)
01-04 23:39:09.727 26156 26156 E ActivityThread: 	at java.lang.reflect.Method.invoke(Native Method)
01-04 23:39:09.727 26156 26156 E ActivityThread: 	at com.android.internal.os.ZygoteInit$MethodAndArgsCaller.run(ZygoteInit.java:728)
01-04 23:39:09.727 26156 26156 E ActivityThread: 	at com.android.internal.os.ZygoteInit.main(ZygoteInit.java:618)
01-05 16:32:07.489 14270 14270 E AndroidRuntime: FATAL EXCEPTION: main
01-05 16:32:07.489 14270 14270 E AndroidRuntime: Process: com.qualcomm.ftcrobotcontroller, PID: 14270
01-05 16:32:07.489 14270 14270 E AndroidRuntime: java.lang.RuntimeException: Unable to stop activity {com.qualcomm.ftcrobotcontroller/org.firstinspires.ftc.robotcontroller.internal.FtcRobotControllerActivity}: java.lang.NullPointerException: Attempt to invoke virtual method 'void com.qualcomm.ftccommon.FtcRobotControllerService.shutdownRobot()' on a null object reference
01-05 16:32:07.489 14270 14270 E AndroidRuntime: 	at android.app.ActivityThread.handleSleeping(ActivityThread.java:3645)
01-05 16:32:07.489 14270 14270 E AndroidRuntime: 	at android.app.ActivityThread.-wrap19(ActivityThread.java)
01-05 16:32:07.489 14270 14270 E AndroidRuntime: 	at android.app.ActivityThread$H.handleMessage(ActivityThread.java:1529)
01-05 16:32:07.489 14270 14270 E AndroidRuntime: 	at android.os.Handler.dispatchMessage(Handler.java:102)
01-05 16:32:07.489 14270 14270 E AndroidRuntime: 	at android.os.Looper.loop(Looper.java:148)
01-05 16:32:07.489 14270 14270 E AndroidRuntime: 	at android.app.ActivityThread.main(ActivityThread.java:5456)
01-05 16:32:07.489 14270 14270 E AndroidRuntime: 	at java.lang.reflect.Method.invoke(Native Method)
01-05 16:32:07.489 14270 14270 E AndroidRuntime: 	at com.android.internal.os.ZygoteInit$MethodAndArgsCaller.run(ZygoteInit.java:728)
01-05 16:32:07.489 14270 14270 E AndroidRuntime: 	at com.android.internal.os.ZygoteInit.main(ZygoteInit.java:618)
01-05 16:32:07.489 14270 14270 E AndroidRuntime: Caused by: java.lang.NullPointerException: Attempt to invoke virtual method 'void com.qualcomm.ftccommon.FtcRobotControllerService.shutdownRobot()' on a null object reference
01-05 16:32:07.489 14270 14270 E AndroidRuntime: 	at org.firstinspires.ftc.robotcontroller.internal.FtcRobotControllerActivity.onStop(FtcRobotControllerActivity.java:319)
01-05 16:32:07.489 14270 14270 E AndroidRuntime: 	at android.app.Instrumentation.callActivityOnStop(Instrumentation.java:1301)
01-05 16:32:07.489 14270 14270 E AndroidRuntime: 	at android.app.Activity.performStop(Activity.java:6403)
01-05 16:32:07.489 14270 14270 E AndroidRuntime: 	at android.app.ActivityThread.handleSleeping(ActivityThread.java:3642)
01-05 16:32:07.489 14270 14270 E AndroidRuntime: 	... 8 more
01-05 20:09:32.459 28085 28085 E AndroidRuntime: FATAL EXCEPTION: main
01-05 20:09:32.459 28085 28085 E AndroidRuntime: Process: com.qualcomm.ftcrobotcontroller, PID: 28085
01-05 20:09:32.459 28085 28085 E AndroidRuntime: java.lang.RuntimeException: Unable to stop activity {com.qualcomm.ftcrobotcontroller/org.firstinspires.ftc.robotcontroller.internal.FtcRobotControllerActivity}: java.lang.NullPointerException: Attempt to invoke virtual method 'void com.qualcomm.ftccommon.FtcRobotControllerService.shutdownRobot()' on a null object reference
01-05 20:09:32.459 28085 28085 E AndroidRuntime: 	at android.app.ActivityThread.handleSleeping(ActivityThread.java:3645)
01-05 20:09:32.459 28085 28085 E AndroidRuntime: 	at android.app.ActivityThread.-wrap19(ActivityThread.java)
01-05 20:09:32.459 28085 28085 E AndroidRuntime: 	at android.app.ActivityThread$H.handleMessage(ActivityThread.java:1529)
01-05 20:09:32.459 28085 28085 E AndroidRuntime: 	at android.os.Handler.dispatchMessage(Handler.java:102)
01-05 20:09:32.459 28085 28085 E AndroidRuntime: 	at android.os.Looper.loop(Looper.java:148)
01-05 20:09:32.459 28085 28085 E AndroidRuntime: 	at android.app.ActivityThread.main(ActivityThread.java:5456)
01-05 20:09:32.459 28085 28085 E AndroidRuntime: 	at java.lang.reflect.Method.invoke(Native Method)
01-05 20:09:32.459 28085 28085 E AndroidRuntime: 	at com.android.internal.os.ZygoteInit$MethodAndArgsCaller.run(ZygoteInit.java:728)
01-05 20:09:32.459 28085 28085 E AndroidRuntime: 	at com.android.internal.os.ZygoteInit.main(ZygoteInit.java:618)
01-05 20:09:32.459 28085 28085 E AndroidRuntime: Caused by: java.lang.NullPointerException: Attempt to invoke virtual method 'void com.qualcomm.ftccommon.FtcRobotControllerService.shutdownRobot()' on a null object reference
01-05 20:09:32.459 28085 28085 E AndroidRuntime: 	at org.firstinspires.ftc.robotcontroller.internal.FtcRobotControllerActivity.onStop(FtcRobotControllerActivity.java:319)
01-05 20:09:32.459 28085 28085 E AndroidRuntime: 	at android.app.Instrumentation.callActivityOnStop(Instrumentation.java:1301)
01-05 20:09:32.459 28085 28085 E AndroidRuntime: 	at android.app.Activity.performStop(Activity.java:6403)
01-05 20:09:32.459 28085 28085 E AndroidRuntime: 	at android.app.ActivityThread.handleSleeping(ActivityThread.java:3642)
01-05 20:09:32.459 28085 28085 E AndroidRuntime: 	... 8 more
01-05 20:12:11.854 28510 28510 E ActivityThread: Activity org.firstinspires.ftc.robotcontroller.internal.FtcRobotControllerActivity has leaked IntentReceiver com.qualcomm.analytics.Analytics@7a15b6a that was originally registered here. Are you missing a call to unregisterReceiver()?
01-05 20:12:11.854 28510 28510 E ActivityThread: android.app.IntentReceiverLeaked: Activity org.firstinspires.ftc.robotcontroller.internal.FtcRobotControllerActivity has leaked IntentReceiver com.qualcomm.analytics.Analytics@7a15b6a that was originally registered here. Are you missing a call to unregisterReceiver()?
01-05 20:12:11.854 28510 28510 E ActivityThread: 	at android.app.LoadedApk$ReceiverDispatcher.<init>(LoadedApk.java:918)
01-05 20:12:11.854 28510 28510 E ActivityThread: 	at android.app.LoadedApk.getReceiverDispatcher(LoadedApk.java:719)
01-05 20:12:11.854 28510 28510 E ActivityThread: 	at android.app.ContextImpl.registerReceiverInternal(ContextImpl.java:1172)
01-05 20:12:11.854 28510 28510 E ActivityThread: 	at android.app.ContextImpl.registerReceiver(ContextImpl.java:1152)
01-05 20:12:11.854 28510 28510 E ActivityThread: 	at android.app.ContextImpl.registerReceiver(ContextImpl.java:1146)
01-05 20:12:11.854 28510 28510 E ActivityThread: 	at android.content.ContextWrapper.registerReceiver(ContextWrapper.java:554)
01-05 20:12:11.854 28510 28510 E ActivityThread: 	at com.qualcomm.analytics.Analytics.register(SourceFile:209)
01-05 20:12:11.854 28510 28510 E ActivityThread: 	at com.qualcomm.analytics.Analytics.<init>(SourceFile:235)
01-05 20:12:11.854 28510 28510 E ActivityThread: 	at com.qualcomm.modernrobotics.ModernRoboticsUsbUtil.init(SourceFile:85)
01-05 20:12:11.854 28510 28510 E ActivityThread: 	at com.qualcomm.ftccommon.FtcEventLoop.init(FtcEventLoop.java:191)
01-05 20:12:11.854 28510 28510 E ActivityThread: 	at com.qualcomm.robotcore.eventloop.EventLoopManager.startEventLoop(EventLoopManager.java:571)
01-05 20:12:11.854 28510 28510 E ActivityThread: 	at com.qualcomm.robotcore.eventloop.EventLoopManager.setEventLoop(EventLoopManager.java:545)
01-05 20:12:11.854 28510 28510 E ActivityThread: 	at com.qualcomm.robotcore.eventloop.EventLoopManager.start(EventLoopManager.java:489)
01-05 20:12:11.854 28510 28510 E ActivityThread: 	at com.qualcomm.robotcore.robot.Robot.start(Robot.java:59)
01-05 20:12:11.854 28510 28510 E ActivityThread: 	at com.qualcomm.ftccommon.FtcRobotControllerService$RobotSetupRunnable$1.run(FtcRobotControllerService.java:186)
01-05 20:12:11.854 28510 28510 E ActivityThread: 	at com.qualcomm.robotcore.util.ThreadPool.logThreadLifeCycle(ThreadPool.java:513)
01-05 20:12:11.854 28510 28510 E ActivityThread: 	at com.qualcomm.ftccommon.FtcRobotControllerService$RobotSetupRunnable.run(FtcRobotControllerService.java:128)
01-05 20:12:11.854 28510 28510 E ActivityThread: 	at java.util.concurrent.ThreadPoolExecutor.runWorker(ThreadPoolExecutor.java:1113)
01-05 20:12:11.854 28510 28510 E ActivityThread: 	at java.util.concurrent.ThreadPoolExecutor$Worker.run(ThreadPoolExecutor.java:588)
01-05 20:12:11.854 28510 28510 E ActivityThread: 	at java.lang.Thread.run(Thread.java:818)
01-05 20:12:11.909 28510 28510 E ActivityThread: Service com.qualcomm.ftccommon.FtcRobotControllerService has leaked IntentReceiver com.qualcomm.robotcore.wifi.WifiDirectAssistant$WifiP2pBroadcastReceiver@88669d8 that was originally registered here. Are you missing a call to unregisterReceiver()?
01-05 20:12:11.909 28510 28510 E ActivityThread: android.app.IntentReceiverLeaked: Service com.qualcomm.ftccommon.FtcRobotControllerService has leaked IntentReceiver com.qualcomm.robotcore.wifi.WifiDirectAssistant$WifiP2pBroadcastReceiver@88669d8 that was originally registered here. Are you missing a call to unregisterReceiver()?
01-05 20:12:11.909 28510 28510 E ActivityThread: 	at android.app.LoadedApk$ReceiverDispatcher.<init>(LoadedApk.java:918)
01-05 20:12:11.909 28510 28510 E ActivityThread: 	at android.app.LoadedApk.getReceiverDispatcher(LoadedApk.java:719)
01-05 20:12:11.909 28510 28510 E ActivityThread: 	at android.app.ContextImpl.registerReceiverInternal(ContextImpl.java:1172)
01-05 20:12:11.909 28510 28510 E ActivityThread: 	at android.app.ContextImpl.registerReceiver(ContextImpl.java:1152)
01-05 20:12:11.909 28510 28510 E ActivityThread: 	at android.app.ContextImpl.registerReceiver(ContextImpl.java:1146)
01-05 20:12:11.909 28510 28510 E ActivityThread: 	at com.qualcomm.robotcore.wifi.WifiDirectAssistant.enable(WifiDirectAssistant.java:284)
01-05 20:12:11.909 28510 28510 E ActivityThread: 	at com.qualcomm.ftccommon.FtcRobotControllerService.onBind(FtcRobotControllerService.java:234)
01-05 20:12:11.909 28510 28510 E ActivityThread: 	at android.app.ActivityThread.handleBindService(ActivityThread.java:2922)
01-05 20:12:11.909 28510 28510 E ActivityThread: 	at android.app.ActivityThread.-wrap2(ActivityThread.java)
01-05 20:12:11.909 28510 28510 E ActivityThread: 	at android.app.ActivityThread$H.handleMessage(ActivityThread.java:1442)
01-05 20:12:11.909 28510 28510 E ActivityThread: 	at android.os.Handler.dispatchMessage(Handler.java:102)
01-05 20:12:11.909 28510 28510 E ActivityThread: 	at android.os.Looper.loop(Looper.java:148)
01-05 20:12:11.909 28510 28510 E ActivityThread: 	at android.app.ActivityThread.main(ActivityThread.java:5456)
01-05 20:12:11.909 28510 28510 E ActivityThread: 	at java.lang.reflect.Method.invoke(Native Method)
01-05 20:12:11.909 28510 28510 E ActivityThread: 	at com.android.internal.os.ZygoteInit$MethodAndArgsCaller.run(ZygoteInit.java:728)
01-05 20:12:11.909 28510 28510 E ActivityThread: 	at com.android.internal.os.ZygoteInit.main(ZygoteInit.java:618)
--------- beginning of main
01-05 21:32:24.426  1249  1249 I art     : Late-enabling -Xcheck:jni
01-05 21:32:24.505  1249  1249 I InstantRun: Instant Run Runtime started. Android package is com.qualcomm.ftcrobotcontroller, real application class is org.firstinspires.ftc.robotcore.internal.RobotApplication.
01-05 21:32:24.866  1249  1249 V RCActivity: onCreate()
01-05 21:32:24.871  1249  1264 V RobotCore: saving logcat to /storage/emulated/0/com.qualcomm.ftcrobotcontroller.logcat
01-05 21:32:24.871  1249  1264 V RobotCore: logging command line: logcat -f /storage/emulated/0/com.qualcomm.ftcrobotcontroller.logcat -r4096 -n4 -v threadtime UsbRequestJNI:S UsbRequest:S *:V
01-05 21:32:24.906  1249  1249 I WebViewFactory: Loading com.google.android.webview version 46.0.2490.76 (code 249007600)
01-05 21:32:24.937  1249  1249 W System  : ClassLoader referenced unknown path: /system/app/WebViewGoogle/lib/arm
01-05 21:32:24.945  1249  1249 I cr.library_loader: Time to load native libraries: 3 ms (timestamps 1967-1970)
01-05 21:32:24.946  1249  1249 I cr.library_loader: Expected native library version number "46.0.2490.76", actual native library version number "46.0.2490.76"
01-05 21:32:24.988  1249  1259 I art     : Background partial concurrent mark sweep GC freed 3462(701KB) AllocSpace objects, 1(516KB) LOS objects, 24% free, 8MB/10MB, paused 5.215ms total 40.609ms
01-05 21:32:25.002  1249  1249 V WebViewChromiumFactoryProvider: Binding Chromium to main looper Looper (main, tid 1) {715a112}
01-05 21:32:25.002  1249  1249 I cr.library_loader: Expected native library version number "46.0.2490.76", actual native library version number "46.0.2490.76"
01-05 21:32:25.002  1249  1249 I chromium: [INFO:library_loader_hooks.cc(118)] Chromium logging enabled: level = 0, default verbosity = 0
01-05 21:32:25.010  1249  1249 I cr.BrowserStartup: Initializing chromium process, singleProcess=true
01-05 21:32:25.016  1249  1249 E SysUtils: ApplicationContext is null in ApplicationStatus
01-05 21:32:25.065  1249  1249 I Adreno-EGL: <qeglDrvAPI_eglInitialize:379>: EGL 1.4 QUALCOMM build:  (Ifd751822f5)
01-05 21:32:25.065  1249  1249 I Adreno-EGL: OpenGL ES Shader Compiler Version: XE031.06.00.05
01-05 21:32:25.065  1249  1249 I Adreno-EGL: Build Date: 01/26/16 Tue
01-05 21:32:25.065  1249  1249 I Adreno-EGL: Local Branch: AU12_SBA
01-05 21:32:25.065  1249  1249 I Adreno-EGL: Remote Branch: 
01-05 21:32:25.065  1249  1249 I Adreno-EGL: Local Patches: 
01-05 21:32:25.065  1249  1249 I Adreno-EGL: Reconstruct Branch: 
01-05 21:32:25.095  1249  1249 E chromium: [ERROR:browser_gpu_channel_host_factory.cc(258)] Failed to init browser shader disk cache.
01-05 21:32:25.123  1249  1249 E libEGL  : validate_display:255 error 3008 (EGL_BAD_DISPLAY)
01-05 21:32:25.188  1249  1249 W art     : Attempt to remove non-JNI local reference, dumping thread
01-05 21:32:25.201  1249  1249 W AwContents: onDetachedFromWindow called when already detached. Ignoring
01-05 21:32:26.822  1249  1249 V RobotCore: Network: inactive, disconnected
01-05 21:32:26.830  1249  1249 V RCActivity: onStart()
01-05 21:32:26.832  1249  1249 V RCActivity: onResume()
01-05 21:32:26.838  1249  1296 D OpenGLRenderer: Use EGL_SWAP_BEHAVIOR_PRESERVED: true
01-05 21:32:26.877  1249  1249 V FTCService: onCreate()
01-05 21:32:26.877  1249  1249 V FTCService: onBind()
01-05 21:32:26.877  1249  1249 V FTCService: Android device is motorola, MotoG3
01-05 21:32:26.878  1249  1249 V RobotCore: Starting network of type: WIFIDIRECT
01-05 21:32:26.884  1249  1249 V WifiDirect: There are 1 Wifi Direct Assistant Clients (+)
01-05 21:32:26.884  1249  1249 V WifiDirect: Enabling Wifi Direct Assistant
01-05 21:32:26.967  1249  1296 I OpenGLRenderer: Initialized EGL, version 1.4
01-05 21:32:26.982  1249  1249 D WifiDirect: broadcast: state - enabled: true
01-05 21:32:26.983  1249  1249 D WifiDirect: broadcast: connection changed: connectStatus=NOT_CONNECTED networkInfo.state=DISCONNECTED
01-05 21:32:26.984  1249  1249 V WifiDirect: NetworkInfo: [type: WIFI_P2P[], state: DISCONNECTED/DISCONNECTED, reason: (unspecified), extra: (none), roaming: false, failover: false, isAvailable: true]
01-05 21:32:26.984  1249  1249 V WifiDirect: WifiP2pInfo: groupFormed: false isGroupOwner: false operatingChannel: 0 groupOwnerAddress: null mccMode: false
01-05 21:32:26.984  1249  1249 V WifiDirect: WifiP2pGroup: network: null, isGO: false, Operating Channel: 0, GO: null, interface: null, networkId: 0, mGoOperFreq: 0
01-05 21:32:26.985  1249  1249 D WifiDirect: broadcast: this device changed
01-05 21:32:26.988  1249  1249 V WifiDirect: device information: 9899-E-RC 24:da:9b:6a:a2:ba
01-05 21:32:26.988  1249  1249 V FTCService: RCActivity.controllerService=bound
01-05 21:32:26.988  1249  1249 V RobotCore: Network: unknown, disconnected
01-05 21:32:26.989  1249  1249 V RobotCore: Robot Status: stopped
01-05 21:32:27.011  1249  1249 D OpmodeRegistration: registered {DefaultOpMode} as {$Stop$Robot$}
01-05 21:32:27.011  1249  1249 V FTCService: Processing robot setup
01-05 21:32:27.015  1249  1300 V RobotCore: thread: 'RobotSetupRunnable.run()' starting...
01-05 21:32:27.016  1249  1300 V RobotCore: Robot Status: stopped, scanning for USB devices
01-05 21:32:27.069  1249  1249 D WifiDirect: discovering peers
01-05 21:32:32.016  1249  1249 I RobotCore: Battery Checker, Level Remaining: 99.0
01-05 21:32:32.017  1249  1300 V RobotCore: EventLoopManager state is NOT_STARTED
01-05 21:32:32.018  1249  1300 V RobotCore: Robot Status: stopped, waiting on network
01-05 21:32:32.019  1249  1249 I RobotCore: Battery Checker, Level Remaining: 99.0
01-05 21:32:38.480  1249  1249 D WifiDirect: created group
01-05 21:32:38.823  1249  1249 D WifiDirect: broadcast: this device changed
01-05 21:32:38.823  1249  1249 V WifiDirect: device information: 9899-E-RC 24:da:9b:6a:a2:ba
01-05 21:32:38.824  1249  1249 D WifiDirect: broadcast: connection changed: connectStatus=NOT_CONNECTED networkInfo.state=CONNECTED
01-05 21:32:38.824  1249  1249 V WifiDirect: NetworkInfo: [type: WIFI_P2P[], state: CONNECTED/CONNECTED, reason: (unspecified), extra: (none), roaming: false, failover: false, isAvailable: true]
01-05 21:32:38.825  1249  1249 V WifiDirect: WifiP2pInfo: groupFormed: true isGroupOwner: true operatingChannel: 2412 groupOwnerAddress: /192.168.49.1 mccMode: false
01-05 21:32:38.825  1249  1249 V WifiDirect: WifiP2pGroup: network: DIRECT-u3-9899-E-RC, isGO: true, Operating Channel: 2412, GO: Device: , deviceAddress: 24:da:9b:6a:a2:ba, primary type: null, secondary type: null, wps: 0, grpcapab: 0, devcapab: 0, status: 4, wfdInfo: WFD enabled: falseWFD DeviceInfo: 0, WFD CtrlPort: 0, WFD MaxThroughput: 0, level: 0, interface: p2p0, networkId: 1, mGoOperFreq: 2412
01-05 21:32:38.828  1249  1249 D WifiDirect: group owners address: /192.168.49.1
01-05 21:32:38.828  1249  1249 D WifiDirect: group formed, this device is the group owner (GO)
01-05 21:32:38.828  1249  1249 I FTCService: Wifi Direct - connected as group owner
01-05 21:32:38.828  1249  1249 D WifiDirect: stop discovering peers
01-05 21:32:38.834  1249  1249 V RobotCore: Network: enabled, disconnected
01-05 21:32:38.835  1249  1249 V WifiDirect: connection information available
01-05 21:32:38.835  1249  1249 V WifiDirect: connection information - groupOwnerName = 9899-E-RC
01-05 21:32:38.835  1249  1249 V WifiDirect: connection information - groupOwnerMacAddress = 24:da:9b:6a:a2:ba
01-05 21:32:38.835  1249  1249 V WifiDirect: connection information - groupInterface = p2p0
01-05 21:32:38.835  1249  1249 V WifiDirect: connection information - groupNetworkName = DIRECT-u3-9899-E-RC
01-05 21:32:38.835  1249  1249 I FTCService: Network Connection Passphrase: ZY55bu2t
01-05 21:32:38.836  1249  1249 V RobotCore: Network: active, disconnected
01-05 21:32:39.021  1249  1300 V RobotCore: Robot Status: stopped, starting robot
01-05 21:32:39.021  1249  1300 V Robocol : EventLoopManager.start()
01-05 21:32:39.021  1249  1300 V RobotCore: Starting network of type: WIFIDIRECT
01-05 21:32:39.021  1249  1300 V Robocol : Spoofing a Network Connection event...
01-05 21:32:39.022  1249  1300 V RobotCore: executive service EventLoop is terminated
01-05 21:32:39.022  1249  1300 V RobotCore: EventLoopManager state is STOPPED
01-05 21:32:39.022  1249  1300 V Robocol : eventLoop=FtcEventLoop
01-05 21:32:39.022  1249  1300 V RobotCore: EventLoopManager state is INIT
01-05 21:32:39.023  1249  1300 V RobotCore: Robot Status: initializing, starting robot
01-05 21:32:39.023  1249  1300 I FIRST   : ======= INIT START =======
01-05 21:32:39.025  1249  1425 V RobotCore: thread: 'SetupRunnable.run()' starting...
01-05 21:32:39.055  1249  1300 D OpmodeRegistration: registered {RunAMotorOrTwo} as {RunAMotorOrTwo}
01-05 21:32:39.056  1249  1300 D OpmodeRegistration: registered {ShooterControl} as {ShooterControl}
01-05 21:32:39.056  1249  1300 D OpmodeRegistration: registered {ShooterData} as {ShooterData}
01-05 21:32:39.057  1249  1300 D OpmodeRegistration: registered {WestCoastBluePID_AutoTest} as {WestCoastBluePID_AutoTest}
01-05 21:32:39.057  1249  1300 D OpmodeRegistration: registered {WestCoastRedPID_AutoTest} as {WestCoastRedPID_AutoTest}
01-05 21:32:39.058  1249  1300 D OpmodeRegistration: registered {FinalTeleOp} as {FinalTeleOp}
01-05 21:32:39.064  1249  1425 D Robocol : RobocolDatagramSocket listening addr=/192.168.49.1:20884 cbRec=65520 cbSend=163840 msRecTO=300
01-05 21:32:39.065  1249  1425 V Robocol : RecvLoopRunnable created
01-05 21:32:39.066  1249  1300 V D2xx::  : Start constructor
01-05 21:32:39.067  1249  1427 V RobotCore: thread: 'RecvLoopRunnable.run()' starting...
01-05 21:32:39.068  1249  1425 V PeerDiscovery: Starting peer discovery
01-05 21:32:39.069  1249  1425 V RobotCore: Setup complete
01-05 21:32:39.069  1249  1425 V RobotCore: thread: ...terminating 'SetupRunnable.run()'
01-05 21:32:39.071  1249  1300 V D2xx::  : End constructor
01-05 21:32:39.075  1249  1300 V RobotCore: Creating Modern Robotics USB Servo Controller [AL00VSDY]
01-05 21:32:39.082  1249  1300 D RobotCore: arming modern servo controller Modern Robotics USB Servo Controller [AL00VSDY]...
01-05 21:32:39.084  1249  1300 W System.err: unable to find USB device with serial number AL00VSDY
01-05 21:32:39.085  1249  1300 D RobotCore: arming modern servo controller Modern Robotics USB Servo Controller [AL00VSDY] (pretend)...
01-05 21:32:39.089  1249  1300 V RobotCore: Starting up pretend device AL00VSDY
01-05 21:32:39.092  1249  1429 V RobotCore: thread: 'r/w loop: Modern Robotics USB Servo Controller [AL00VSDY]' starting...
01-05 21:32:39.094  1249  1300 D RobotCore: ...arming modern servo controller Modern Robotics USB Servo Controller [AL00VSDY] complete
01-05 21:32:39.094  1249  1300 V RobotCore: Creating Modern Robotics USB Core Device Interface Module [AL00VFK6]
01-05 21:32:39.100  1249  1300 W System.err: unable to find USB device with serial number AL00VFK6
01-05 21:32:39.101  1249  1300 V RobotCore: Starting up pretend device AL00VFK6
01-05 21:32:39.102  1249  1430 V RobotCore: thread: 'r/w loop: Modern Robotics USB Core Device Interface Module [AL00VFK6]' starting...
01-05 21:32:39.102  1249  1300 V RobotCore: Creating Modern Robotics I2C Gyro Sensor - Port: 3
01-05 21:32:39.105  1249  1300 V RobotCore: Creating I2C Device - Port: 4
01-05 21:32:39.106  1249  1300 V RobotCore: Creating Modern Robotics Analog Optical Distance Sensor - Port: 7
01-05 21:32:39.107  1249  1300 V RobotCore: Creating Modern Robotics USB DC Motor Controller [A104OQ1P]
01-05 21:32:39.112  1249  1300 D RobotCore: arming modern motor controller Modern Robotics USB DC Motor Controller [A104OQ1P]...
01-05 21:32:39.113  1249  1300 W System.err: unable to find USB device with serial number A104OQ1P
01-05 21:32:39.113  1249  1300 D RobotCore: arming modern motor controller Modern Robotics USB DC Motor Controller [A104OQ1P] (pretend)...
01-05 21:32:39.114  1249  1300 V RobotCore: Starting up pretend device A104OQ1P
01-05 21:32:39.115  1249  1431 V RobotCore: thread: 'r/w loop: Modern Robotics USB DC Motor Controller [A104OQ1P]' starting...
01-05 21:32:39.115  1249  1300 D RobotCore: ...arming modern motor controller Modern Robotics USB DC Motor Controller [A104OQ1P] complete
01-05 21:32:39.116  1249  1300 V RobotCore: Creating Modern Robotics USB DC Motor Controller [AL00VWH0]
01-05 21:32:39.116  1249  1300 D RobotCore: arming modern motor controller Modern Robotics USB DC Motor Controller [AL00VWH0]...
01-05 21:32:39.117  1249  1300 W System.err: unable to find USB device with serial number AL00VWH0
01-05 21:32:39.117  1249  1300 D RobotCore: arming modern motor controller Modern Robotics USB DC Motor Controller [AL00VWH0] (pretend)...
01-05 21:32:39.117  1249  1300 V RobotCore: Starting up pretend device AL00VWH0
01-05 21:32:39.118  1249  1432 V RobotCore: thread: 'r/w loop: Modern Robotics USB DC Motor Controller [AL00VWH0]' starting...
01-05 21:32:39.118  1249  1300 D RobotCore: ...arming modern motor controller Modern Robotics USB DC Motor Controller [AL00VWH0] complete
01-05 21:32:39.119  1249  1300 V RobotCore: Creating Modern Robotics USB DC Motor Controller [AI049QOP]
01-05 21:32:39.119  1249  1300 D RobotCore: arming modern motor controller Modern Robotics USB DC Motor Controller [AI049QOP]...
01-05 21:32:39.120  1249  1300 W System.err: unable to find USB device with serial number AI049QOP
01-05 21:32:39.120  1249  1300 D RobotCore: arming modern motor controller Modern Robotics USB DC Motor Controller [AI049QOP] (pretend)...
01-05 21:32:39.120  1249  1300 V RobotCore: Starting up pretend device AI049QOP
01-05 21:32:39.121  1249  1433 V RobotCore: thread: 'r/w loop: Modern Robotics USB DC Motor Controller [AI049QOP]' starting...
01-05 21:32:39.122  1249  1300 D RobotCore: ...arming modern motor controller Modern Robotics USB DC Motor Controller [AI049QOP] complete
01-05 21:32:39.122  1249  1300 V RobotCore: Creating Modern Robotics USB DC Motor Controller [AL00VBIF]
01-05 21:32:39.122  1249  1300 D RobotCore: arming modern motor controller Modern Robotics USB DC Motor Controller [AL00VBIF]...
01-05 21:32:39.123  1249  1300 W System.err: unable to find USB device with serial number AL00VBIF
01-05 21:32:39.123  1249  1300 D RobotCore: arming modern motor controller Modern Robotics USB DC Motor Controller [AL00VBIF] (pretend)...
01-05 21:32:39.124  1249  1300 V RobotCore: Starting up pretend device AL00VBIF
01-05 21:32:39.125  1249  1434 V RobotCore: thread: 'r/w loop: Modern Robotics USB DC Motor Controller [AL00VBIF]' starting...
01-05 21:32:39.125  1249  1300 D RobotCore: ...arming modern motor controller Modern Robotics USB DC Motor Controller [AL00VBIF] complete
01-05 21:32:39.144  1249  1300 I RobotCore: Analytics has completed initialization.
01-05 21:32:39.145  1249  1300 I RobotCore: ========= Device Information ===================================================
01-05 21:32:39.145  1249  1300 I RobotCore: Type                                               Name                           Connection
01-05 21:32:39.145  1249  1300 I RobotCore: Modern Robotics USB DC Motor Controller            Shooter                        USB AI049QOP
01-05 21:32:39.146  1249  1300 I RobotCore: I2cDevice                                          color                          USB AL00VFK6; port 4
01-05 21:32:39.146  1249  1300 I RobotCore: DC Motor                                           rightFront                     USB AL00VWH0; port 1
01-05 21:32:39.146  1249  1300 I RobotCore: Modern Robotics USB DC Motor Controller            Front Motors                   USB AL00VWH0
01-05 21:32:39.146  1249  1300 I RobotCore: Modern Robotics USB DC Motor Controller            Back Motors                    USB A104OQ1P
01-05 21:32:39.146  1249  1300 I RobotCore: DC Motor                                           leftBack                       USB A104OQ1P; port 2
01-05 21:32:39.146  1249  1300 I RobotCore: Servo                                              upDown                         USB AL00VSDY; port 1
01-05 21:32:39.146  1249  1300 I RobotCore: DC Motor                                           shooter2                       USB AI049QOP; port 2
01-05 21:32:39.146  1249  1300 I RobotCore: DC Motor                                           shooter1                       USB AI049QOP; port 1
01-05 21:32:39.147  1249  1300 I RobotCore: DC Motor                                           leftFront                      USB AL00VWH0; port 2
01-05 21:32:39.147  1249  1300 I RobotCore: DC Motor                                           rightBack                      USB A104OQ1P; port 1
01-05 21:32:39.147  1249  1300 I RobotCore: DC Motor                                           intake2                        USB AL00VBIF; port 2
01-05 21:32:39.147  1249  1300 I RobotCore: DC Motor                                           intake1                        USB AL00VBIF; port 1
01-05 21:32:39.147  1249  1300 I RobotCore: Servo                                              ballFeeder                     USB AL00VSDY; port 2
01-05 21:32:39.147  1249  1300 I RobotCore: Modern Robotics USB DC Motor Controller            Intake                         USB AL00VBIF
01-05 21:32:39.147  1249  1300 I RobotCore: Modern Robotics USB Core Device Interface Module   Sensors                        USB AL00VFK6
01-05 21:32:39.147  1249  1300 I RobotCore: Modern Robotics USB Servo Controller               Servos                         USB AL00VSDY
01-05 21:32:39.148  1249  1300 I RobotCore: Modern Robotics Gyro                               gyro                           USB AL00VFK6; I2C port: 3
01-05 21:32:39.148  1249  1300 I RobotCore: Modern Robotics Analog Optical Distance Sensor     ods                            USB AL00VFK6; analog port 7
01-05 21:32:39.148  1249  1300 I FIRST   : ======= INIT FINISH =======
01-05 21:32:39.148  1249  1300 V RobotCore: EventLoopManager state is RUNNING
01-05 21:32:39.175  1249  1300 V RobotCore: Robot Status: running, starting robot
01-05 21:32:39.175  1249  1300 V RobotCore: Robot Status: running
01-05 21:32:39.177  1249  1300 V RobotCore: thread: ...terminating 'RobotSetupRunnable.run()'
01-05 21:32:39.181  1249  1439 V RobotCore: thread: 'opmode loop()' starting...
01-05 21:32:39.187  1249  1439 D RobotCore: system telemetry: key=$System$Warning$ msg="unable to open Modern Robotics USB Core Device Interface Module [AL00VFK6]; unable to open Modern Robotics USB DC Motor Controller [AL00VWH0]; unable to open Modern Robotics USB DC Motor Controller [A104OQ1P]; unable to open Modern Robotics USB Servo Controller [AL00VSDY]; unable to open Modern Robotics USB DC Motor Controller [AL00VBIF]; unable to open Modern Robotics USB DC Motor Controller [AI049QOP]"
01-05 21:32:39.205  1249  1438 D MediaPlayer: setSubtitleAnchor in MediaPlayer
01-05 21:32:39.222  1249  1249 W MediaPlayer: mediaplayer went away with unhandled events
01-05 21:32:39.284  1249  1436 D ExtendedUtils: extended extractor not needed, return default
01-05 21:32:39.287  1249  1436 I MediaCodec: (0xb761ea50) init name(audio/raw) isType(1) encoder(0)
01-05 21:32:39.290  1249  1446 I OMXClient: Using client-side OMX mux.
01-05 21:32:39.297  1249  1446 E OMXMaster: A component of name 'OMX.qcom.audio.decoder.aac' already exists, ignoring this one.
01-05 21:32:39.307  1249  1446 I MediaCodec: (0xb761ea50) Component Allocated (OMX.google.raw.decoder)
01-05 21:32:39.307  1249  1436 I MediaCodec: (0xb761ea50) configure surface(0x0) crypto(0x0) flags(0)
01-05 21:32:39.307  1249  1436 D MediaCodec: (0xb761ea50) configure format: AMessage(what = 0x00000000) = {
