02-09 22:43:39.259 11243 11292 V D2xx::  : Vendor: 0403, Product: 6001
02-09 22:43:39.260 11243 11292 V D2xx::  : Vendor: 0403, Product: 6001
02-09 22:43:39.262 11243 11292 V D2xx::  : Vendor: 0403, Product: 6001
02-09 22:43:39.265 11243 11292 D FTDI_Device::: open SUCCESS
02-09 22:43:39.265 11243 11292 I FTDI_Device::: EP: 0x81
02-09 22:43:39.265 11243 11292 I FTDI_Device::: EP: 0x02
02-09 22:43:39.265 11243 11292 D D2XX::  : **********************Device Opened**********************
02-09 22:43:39.686 11243 11292 V RobotCore: Starting up device AL00VWH0
02-09 22:43:39.688 11243 11322 V RobotCore: thread: 'r/w loop: Modern Robotics USB DC Motor Controller [AL00VWH0]' starting...
02-09 22:43:39.689 11243 11292 D RobotCore: ...arming modern motor controller Modern Robotics USB DC Motor Controller [AL00VWH0] complete
02-09 22:43:39.729 11243 11292 V RobotCore: Creating Modern Robotics USB DC Motor Controller [AI049QOP]
02-09 22:43:39.730 11243 11292 D RobotCore: arming modern motor controller Modern Robotics USB DC Motor Controller [AI049QOP]...
02-09 22:43:39.731 11243 11292 V D2xx::  : Vendor: 0403, Product: 6001
02-09 22:43:39.733 11243 11292 V D2xx::  : Vendor: 0403, Product: 6001
02-09 22:43:39.734 11243 11292 V D2xx::  : Vendor: 0403, Product: 6001
02-09 22:43:39.737 11243 11292 V D2xx::  : Vendor: 0403, Product: 6001
02-09 22:43:39.738 11243 11292 V D2xx::  : Vendor: 0403, Product: 6001
02-09 22:43:39.740 11243 11292 V D2xx::  : Vendor: 0403, Product: 6001
02-09 22:43:39.744 11243 11292 D FTDI_Device::: open SUCCESS
02-09 22:43:39.744 11243 11292 I FTDI_Device::: EP: 0x81
02-09 22:43:39.744 11243 11292 I FTDI_Device::: EP: 0x02
02-09 22:43:39.744 11243 11292 D D2XX::  : **********************Device Opened**********************
02-09 22:43:40.159 11243 11292 V RobotCore: Starting up device AI049QOP
02-09 22:43:40.161 11243 11326 V RobotCore: thread: 'r/w loop: Modern Robotics USB DC Motor Controller [AI049QOP]' starting...
02-09 22:43:40.162 11243 11292 D RobotCore: ...arming modern motor controller Modern Robotics USB DC Motor Controller [AI049QOP] complete
02-09 22:43:40.207 11243 11292 V RobotCore: Creating Modern Robotics USB DC Motor Controller [AL00VBIF]
02-09 22:43:40.207 11243 11292 D RobotCore: arming modern motor controller Modern Robotics USB DC Motor Controller [AL00VBIF]...
02-09 22:43:40.208 11243 11292 V D2xx::  : Vendor: 0403, Product: 6001
02-09 22:43:40.209 11243 11292 V D2xx::  : Vendor: 0403, Product: 6001
02-09 22:43:40.211 11243 11292 V D2xx::  : Vendor: 0403, Product: 6001
02-09 22:43:40.212 11243 11292 V D2xx::  : Vendor: 0403, Product: 6001
02-09 22:43:40.213 11243 11292 V D2xx::  : Vendor: 0403, Product: 6001
02-09 22:43:40.217 11243 11292 V D2xx::  : Vendor: 0403, Product: 6001
02-09 22:43:40.221 11243 11292 D FTDI_Device::: open SUCCESS
02-09 22:43:40.221 11243 11292 I FTDI_Device::: EP: 0x81
02-09 22:43:40.221 11243 11292 I FTDI_Device::: EP: 0x02
02-09 22:43:40.221 11243 11292 D D2XX::  : **********************Device Opened**********************
02-09 22:43:40.643 11243 11292 V RobotCore: Starting up device AL00VBIF
02-09 22:43:40.645 11243 11337 V RobotCore: thread: 'r/w loop: Modern Robotics USB DC Motor Controller [AL00VBIF]' starting...
02-09 22:43:40.646 11243 11292 D RobotCore: ...arming modern motor controller Modern Robotics USB DC Motor Controller [AL00VBIF] complete
02-09 22:43:40.752 11243 11292 I RobotCore: Analytics has completed initialization.
02-09 22:43:40.752 11243 11292 I RobotCore: ========= Device Information ===================================================
02-09 22:43:40.752 11243 11292 I RobotCore: Type                                               Name                           Connection
02-09 22:43:40.753 11243 11292 I RobotCore: I2cDevice                                          colorBack                      USB AI02RHDJ; port 4
02-09 22:43:40.753 11243 11292 I RobotCore: Modern Robotics USB DC Motor Controller v2.0       Shooter                        USB AI049QOP
02-09 22:43:40.754 11243 11292 I RobotCore: DC Motor                                           rightFront                     USB AL00VWH0; port 1
02-09 22:43:40.754 11243 11292 I RobotCore: Modern Robotics USB DC Motor Controller v2.0       Front Motors                   USB AL00VWH0
02-09 22:43:40.754 11243 11292 I RobotCore: Modern Robotics USB DC Motor Controller v2.0       Back Motors                    USB A104OQ1P
02-09 22:43:40.754 11243 11292 I RobotCore: DC Motor                                           leftBack                       USB A104OQ1P; port 2
02-09 22:43:40.754 11243 11292 I RobotCore: Servo                                              upDown                         USB AL00VST0; port 1
02-09 22:43:40.754 11243 11292 I RobotCore: DC Motor                                           shooter2                       USB AI049QOP; port 2
02-09 22:43:40.754 11243 11292 I RobotCore: DC Motor                                           shooter1                       USB AI049QOP; port 1
02-09 22:43:40.754 11243 11292 I RobotCore: DC Motor                                           leftFront                      USB AL00VWH0; port 2
02-09 22:43:40.754 11243 11292 I RobotCore: DC Motor                                           rightBack                      USB A104OQ1P; port 1
02-09 22:43:40.754 11243 11292 I RobotCore: Servo                                              ballFeeder                     USB AL00VST0; port 2
02-09 22:43:40.754 11243 11292 I RobotCore: Modern Robotics USB DC Motor Controller v2.0       Intake                         USB AL00VBIF
02-09 22:43:40.755 11243 11292 I RobotCore: Modern Robotics USB Core Device Interface Module v2.0 Sensors                        USB AI02RHDJ
02-09 22:43:40.755 11243 11292 I RobotCore: I2cDevice                                          colorFront                     USB AI02RHDJ; port 2
02-09 22:43:40.755 11243 11292 I RobotCore: Modern Robotics USB Servo Controller v2.0          Servos                         USB AL00VST0
02-09 22:43:40.755 11243 11292 I RobotCore: DC Motor                                           intake                         USB AL00VBIF; port 1
02-09 22:43:40.755 11243 11292 I RobotCore: Modern Robotics Gyro                               gyro                           USB AI02RHDJ; I2C port: 3
02-09 22:43:40.755 11243 11292 I RobotCore: Modern Robotics Analog Optical Distance Sensor     ods                            USB AI02RHDJ; analog port 7
02-09 22:43:40.755 11243 11292 I FIRST   : ======= INIT FINISH =======
02-09 22:43:40.755 11243 11292 V RobotCore: EventLoopManager state is RUNNING
02-09 22:43:40.756 11243 11292 V RobotCore: Robot Status: running, starting robot
02-09 22:43:40.756 11243 11292 V RobotCore: Robot Status: running
02-09 22:43:40.758 11243 11292 V RobotCore: thread: ...terminating 'RobotSetupRunnable.run()'
02-09 22:43:40.763 11243 11342 V RobotCore: thread: 'opmode loop()' starting...
02-09 22:43:40.779 11243 11243 D MediaPlayer: setSubtitleAnchor in MediaPlayer
02-09 22:43:40.779 11243 11311 D MediaPlayer: setSubtitleAnchor in MediaPlayer
02-09 22:43:40.798 11243 11309 D ExtendedUtils: extended extractor not needed, return default
02-09 22:43:40.798 11243 11309 I MediaCodec: (0xb74e9738) init name(audio/raw) isType(1) encoder(0)
02-09 22:43:40.802 11243 11346 I OMXClient: Using client-side OMX mux.
02-09 22:43:40.844 11243 11346 E OMXMaster: A component of name 'OMX.qcom.audio.decoder.aac' already exists, ignoring this one.
02-09 22:43:40.869 11243 11346 I MediaCodec: (0xb74e9738) Component Allocated (OMX.google.raw.decoder)
02-09 22:43:40.869 11243 11309 I MediaCodec: (0xb74e9738) configure surface(0x0) crypto(0x0) flags(0)
02-09 22:43:40.870 11243 11309 D MediaCodec: (0xb74e9738) configure format: AMessage(what = 0x00000000) = {
02-09 22:43:40.870 11243 11309 D MediaCodec:    string mime = "audio/raw"
02-09 22:43:40.870 11243 11309 D MediaCodec:    int64_t durationUs = 1019125
02-09 22:43:40.870 11243 11309 D MediaCodec:    int32_t channel-count = 1
02-09 22:43:40.870 11243 11309 D MediaCodec:    int32_t sample-rate = 8000
02-09 22:43:40.870 11243 11309 D MediaCodec:    int32_t channel-mask = 0
02-09 22:43:40.870 11243 11309 D MediaCodec:  }
02-09 22:43:40.871 11243 11309 I MediaCodec: (0xb74e9738) start
02-09 22:43:40.873 11243 11346 I MediaCodec: (0xb74e9738) input buffers allocated
02-09 22:43:40.873 11243 11346 I MediaCodec: (0xb74e9738) numBuffers (4)
02-09 22:43:40.873 11243 11346 I MediaCodec: (0xb74e9738) output buffers allocated
02-09 22:43:40.873 11243 11346 I MediaCodec: (0xb74e9738) numBuffers (4)
02-09 22:43:40.876 11243 11346 I MediaCodec: (0xb74e9738) codec output format changed
02-09 22:43:40.876 11243 11346 D MediaCodec: (0xb74e9738) output format: AMessage(what = 'codc', target = 6) = {
02-09 22:43:40.876 11243 11346 D MediaCodec:    string mime = "audio/raw"
02-09 22:43:40.876 11243 11346 D MediaCodec:    int32_t channel-count = 1
02-09 22:43:40.876 11243 11346 D MediaCodec:    int32_t sample-rate = 8000
02-09 22:43:40.876 11243 11346 D MediaCodec:    int32_t channel-mask = 0
02-09 22:43:40.876 11243 11346 D MediaCodec:    int32_t what = 1869968451
02-09 22:43:40.876 11243 11346 D MediaCodec:  }
02-09 22:43:40.878 11243 11309 I MediaCodec: (0xb74e9738) stop
02-09 22:43:40.881 11243 11309 I MediaCodec: (0xb74e9738) release
02-09 22:43:40.907 11243 11311 W AudioTrack: AUDIO_OUTPUT_FLAG_FAST denied by client; transfer 4, track 8000 Hz, output 48000 Hz
02-09 22:43:41.270 11243 11342 I RobotCore: Attempting to switch to op mode $Stop$Robot$
02-09 22:43:41.339 11243 11305 V Robocol : sending CMD_INIT_OP_MODE_RESP(48), attempt: 0
02-09 22:43:41.352 11243 11297 V Robocol : received command: CMD_INIT_OP_MODE_RESP(48) $Stop$Robot$
02-09 22:43:41.523 11243 11342 I RobotCore: robot battery read duration: n=4, mean=0.078ms sd=0.119ms
02-09 22:43:44.351 11243 11297 V Robocol : received command: CMD_INIT_OP_MODE(10070) $Stop$Robot$
02-09 22:43:44.356 11243 11342 I RobotCore: Attempting to switch to op mode $Stop$Robot$
02-09 22:43:44.379 11243 11305 V Robocol : sending CMD_INIT_OP_MODE_RESP(96), attempt: 0
02-09 22:43:44.391 11243 11297 V Robocol : received command: CMD_INIT_OP_MODE_RESP(96) $Stop$Robot$
02-09 22:43:45.511 11243 11297 V Robocol : received command: CMD_INIT_OP_MODE(10089) FinalTeleOp
02-09 22:43:45.517 11243 11342 I RobotCore: Attempting to switch to op mode FinalTeleOp
02-09 22:43:45.627 11243 11352 V RobotCore: thread: 'LinearOpMode main' starting...
02-09 22:43:45.658 11243 11305 V Robocol : sending CMD_INIT_OP_MODE_RESP(119), attempt: 0
02-09 22:43:45.751 11243 11297 V Robocol : received command: CMD_INIT_OP_MODE_RESP(119) FinalTeleOp
02-09 22:44:00.792 11243 11297 V Robocol : received command: CMD_RUN_OP_MODE(10257) FinalTeleOp
02-09 22:44:00.819 11243 11305 V Robocol : sending CMD_RUN_OP_MODE_RESP(300), attempt: 0
02-09 22:44:00.831 11243 11297 V Robocol : received command: CMD_RUN_OP_MODE_RESP(300) FinalTeleOp
02-09 22:44:01.119 11243 11352 I RobotCore: SHOOTER RPM1: 57.915057915057915
02-09 22:44:01.119 11243 11352 I RobotCore: SHOOTER RPM2: 0.0
02-09 22:44:01.130 11243 11352 I RobotCore: SHOOTER RPM1: 1.3295467840922388
02-09 22:44:01.130 11243 11352 I RobotCore: SHOOTER RPM2: 0.0
02-09 22:44:01.140 11243 11352 I RobotCore: SHOOTER RPM1: 0.0
02-09 22:44:01.140 11243 11352 I RobotCore: SHOOTER RPM2: 0.0
02-09 22:44:01.152 11243 11352 I RobotCore: SHOOTER RPM1: 80.43758043758045
02-09 22:44:01.152 11243 11352 I RobotCore: SHOOTER RPM2: 40.218790218790225
02-09 22:44:01.162 11243 11352 I RobotCore: SHOOTER RPM1: 173.74517374517376
02-09 22:44:01.162 11243 11352 I RobotCore: SHOOTER RPM2: 115.83011583011583
02-09 22:44:01.172 11243 11352 I RobotCore: SHOOTER RPM1: 115.83011583011583
02-09 22:44:01.172 11243 11352 I RobotCore: SHOOTER RPM2: 57.915057915057915
02-09 22:44:01.183 11243 11352 I RobotCore: SHOOTER RPM1: 95.7273684546412
02-09 22:44:01.183 11243 11352 I RobotCore: SHOOTER RPM2: 95.7273684546412
02-09 22:44:01.194 11243 11352 I RobotCore: SHOOTER RPM1: 191.4547369092824
02-09 22:44:01.194 11243 11352 I RobotCore: SHOOTER RPM2: 143.59105268196177
02-09 22:44:01.204 11243 11352 I RobotCore: SHOOTER RPM1: 0.0
02-09 22:44:01.204 11243 11352 I RobotCore: SHOOTER RPM2: 0.0
02-09 22:44:01.215 11243 11352 I RobotCore: SHOOTER RPM1: 335.0457895912441
02-09 22:44:01.215 11243 11352 I RobotCore: SHOOTER RPM2: 382.9094738185648
02-09 22:44:01.226 11243 11352 I RobotCore: SHOOTER RPM1: 191.4547369092824
02-09 22:44:01.226 11243 11352 I RobotCore: SHOOTER RPM2: 239.31842113660295
02-09 22:44:01.237 11243 11352 I RobotCore: SHOOTER RPM1: 143.59105268196177
02-09 22:44:01.237 11243 11352 I RobotCore: SHOOTER RPM2: 143.59105268196177
02-09 22:44:01.247 11243 11352 I RobotCore: SHOOTER RPM1: 347.4903474903475
02-09 22:44:01.247 11243 11352 I RobotCore: SHOOTER RPM2: 347.4903474903475
02-09 22:44:01.258 11243 11352 I RobotCore: SHOOTER RPM1: 143.59105268196177
02-09 22:44:01.258 11243 11352 I RobotCore: SHOOTER RPM2: 191.4547369092824
02-09 22:44:01.269 11243 11352 I RobotCore: SHOOTER RPM1: 430.7731580458854
02-09 22:44:01.269 11243 11352 I RobotCore: SHOOTER RPM2: 478.6368422732059
02-09 22:44:01.279 11243 11352 I RobotCore: SHOOTER RPM1: 0.0
02-09 22:44:01.279 11243 11352 I RobotCore: SHOOTER RPM2: 0.0
02-09 22:44:01.290 11243 11352 I RobotCore: SHOOTER RPM1: 670.0915791824882
02-09 22:44:01.290 11243 11352 I RobotCore: SHOOTER RPM2: 765.8189476371296
02-09 22:44:01.300 11243 11352 I RobotCore: SHOOTER RPM1: 347.4903474903475
02-09 22:44:01.300 11243 11352 I RobotCore: SHOOTER RPM2: 405.4054054054054
02-09 22:44:01.311 11243 11352 I RobotCore: SHOOTER RPM1: 287.18210536392354
02-09 22:44:01.311 11243 11352 I RobotCore: SHOOTER RPM2: 335.0457895912441
02-09 22:44:01.322 11243 11352 I RobotCore: SHOOTER RPM1: 335.0457895912441
02-09 22:44:01.322 11243 11352 I RobotCore: SHOOTER RPM2: 382.9094738185648
02-09 22:44:01.333 11243 11352 I RobotCore: SHOOTER RPM1: 430.7731580458854
02-09 22:44:01.334 11243 11352 I RobotCore: SHOOTER RPM2: 430.7731580458854
02-09 22:44:01.344 11243 11352 I RobotCore: SHOOTER RPM1: 382.9094738185648
02-09 22:44:01.344 11243 11352 I RobotCore: SHOOTER RPM2: 430.7731580458854
02-09 22:44:01.355 11243 11352 I RobotCore: SHOOTER RPM1: 287.18210536392354
02-09 22:44:01.355 11243 11352 I RobotCore: SHOOTER RPM2: 335.0457895912441
02-09 22:44:01.365 11243 11352 I RobotCore: SHOOTER RPM1: 289.57528957528956
02-09 22:44:01.365 11243 11352 I RobotCore: SHOOTER RPM2: 289.57528957528956
02-09 22:44:01.376 11243 11352 I RobotCore: SHOOTER RPM1: 574.3642107278471
02-09 22:44:01.376 11243 11352 I RobotCore: SHOOTER RPM2: 622.2278949551677
02-09 22:44:01.390 11243 11352 I RobotCore: SHOOTER RPM1: 384.13048617130255
02-09 22:44:01.391 11243 11352 I RobotCore: SHOOTER RPM2: 443.2274840438107
02-09 22:44:01.401 11243 11352 I RobotCore: SHOOTER RPM1: 335.0457895912441
02-09 22:44:01.401 11243 11352 I RobotCore: SHOOTER RPM2: 335.0457895912441
02-09 22:44:01.412 11243 11352 I RobotCore: SHOOTER RPM1: 478.6368422732059
02-09 22:44:01.412 11243 11352 I RobotCore: SHOOTER RPM2: 574.3642107278471
02-09 22:44:01.422 11243 11352 I RobotCore: SHOOTER RPM1: 231.66023166023166
02-09 22:44:01.422 11243 11352 I RobotCore: SHOOTER RPM2: 231.66023166023166
02-09 22:44:01.433 11243 11352 I RobotCore: SHOOTER RPM1: 382.9094738185648
02-09 22:44:01.433 11243 11352 I RobotCore: SHOOTER RPM2: 430.7731580458854
02-09 22:44:01.443 11243 11352 I RobotCore: SHOOTER RPM1: 926.6409266409266
02-09 22:44:01.443 11243 11352 I RobotCore: SHOOTER RPM2: 1042.4710424710424
02-09 22:44:01.454 11243 11352 I RobotCore: SHOOTER RPM1: 335.0457895912441
02-09 22:44:01.454 11243 11352 I RobotCore: SHOOTER RPM2: 382.9094738185648
02-09 22:44:01.465 11243 11352 I RobotCore: SHOOTER RPM1: 287.18210536392354
02-09 22:44:01.465 11243 11352 I RobotCore: SHOOTER RPM2: 287.18210536392354
02-09 22:44:01.476 11243 11352 I RobotCore: SHOOTER RPM1: 526.5005265005266
02-09 22:44:01.476 11243 11352 I RobotCore: SHOOTER RPM2: 622.2278949551677
02-09 22:44:01.486 11243 11352 I RobotCore: SHOOTER RPM1: 579.1505791505791
02-09 22:44:01.486 11243 11352 I RobotCore: SHOOTER RPM2: 637.065637065637
02-09 22:44:01.497 11243 11352 I RobotCore: SHOOTER RPM1: 957.2736845464118
02-09 22:44:01.497 11243 11352 I RobotCore: SHOOTER RPM2: 1053.0010530010532
02-09 22:44:01.508 11243 11352 I RobotCore: SHOOTER RPM1: 478.6368422732059
02-09 22:44:01.508 11243 11352 I RobotCore: SHOOTER RPM2: 526.5005265005266
02-09 22:44:01.518 11243 11352 I RobotCore: SHOOTER RPM1: 521.2355212355212
02-09 22:44:01.518 11243 11352 I RobotCore: SHOOTER RPM2: 637.065637065637
02-09 22:44:01.529 11243 11352 I RobotCore: SHOOTER RPM1: 430.7731580458854
02-09 22:44:01.529 11243 11352 I RobotCore: SHOOTER RPM2: 478.6368422732059
02-09 22:44:01.539 11243 11352 I RobotCore: SHOOTER RPM1: 868.7258687258687
02-09 22:44:01.539 11243 11352 I RobotCore: SHOOTER RPM2: 926.6409266409266
02-09 22:44:01.551 11243 11352 I RobotCore: SHOOTER RPM1: 522.844272844273
02-09 22:44:01.551 11243 11352 I RobotCore: SHOOTER RPM2: 603.2818532818534
02-09 22:44:01.562 11243 11352 I RobotCore: SHOOTER RPM1: 0.0
02-09 22:44:01.562 11243 11352 I RobotCore: SHOOTER RPM2: 0.0
02-09 22:44:01.572 11243 11352 I RobotCore: SHOOTER RPM1: 984.5559845559845
02-09 22:44:01.572 11243 11352 I RobotCore: SHOOTER RPM2: 1100.3861003861005
02-09 22:44:01.583 11243 11352 I RobotCore: SHOOTER RPM1: 430.7731580458854
02-09 22:44:01.583 11243 11352 I RobotCore: SHOOTER RPM2: 478.6368422732059
02-09 22:44:01.593 11243 11352 I RobotCore: SHOOTER RPM1: 868.7258687258687
02-09 22:44:01.593 11243 11352 I RobotCore: SHOOTER RPM2: 926.6409266409266
02-09 22:44:01.604 11243 11352 I RobotCore: SHOOTER RPM1: 1100.3861003861005
02-09 22:44:01.604 11243 11352 I RobotCore: SHOOTER RPM2: 1216.2162162162163
02-09 22:44:01.614 11243 11352 I RobotCore: SHOOTER RPM1: 574.3642107278471
02-09 22:44:01.614 11243 11352 I RobotCore: SHOOTER RPM2: 622.2278949551677
02-09 22:44:01.625 11243 11352 I RobotCore: SHOOTER RPM1: 526.5005265005266
02-09 22:44:01.625 11243 11352 I RobotCore: SHOOTER RPM2: 622.2278949551677
02-09 22:44:01.635 11243 11352 I RobotCore: SHOOTER RPM1: 405.4054054054054
02-09 22:44:01.635 11243 11352 I RobotCore: SHOOTER RPM2: 463.3204633204633
02-09 22:44:01.646 11243 11352 I RobotCore: SHOOTER RPM1: 478.6368422732059
02-09 22:44:01.646 11243 11352 I RobotCore: SHOOTER RPM2: 478.6368422732059
02-09 22:44:01.656 11243 11352 I RobotCore: SHOOTER RPM1: 984.5559845559845
02-09 22:44:01.657 11243 11352 I RobotCore: SHOOTER RPM2: 1042.4710424710424
02-09 22:44:01.667 11243 11352 I RobotCore: SHOOTER RPM1: 765.8189476371296
02-09 22:44:01.667 11243 11352 I RobotCore: SHOOTER RPM2: 861.5463160917708
02-09 22:44:01.678 11243 11352 I RobotCore: SHOOTER RPM1: 813.6826318644502
02-09 22:44:01.678 11243 11352 I RobotCore: SHOOTER RPM2: 909.4100003190913
02-09 22:44:01.688 11243 11352 I RobotCore: SHOOTER RPM1: 752.8957528957529
02-09 22:44:01.689 11243 11352 I RobotCore: SHOOTER RPM2: 868.7258687258687
02-09 22:44:01.700 11243 11352 I RobotCore: SHOOTER RPM1: 0.0
02-09 22:44:01.700 11243 11352 I RobotCore: SHOOTER RPM2: 0.0
02-09 22:44:01.710 11243 11352 I RobotCore: SHOOTER RPM1: 1389.96138996139
02-09 22:44:01.710 11243 11352 I RobotCore: SHOOTER RPM2: 1447.8764478764479
02-09 22:44:01.721 11243 11352 I RobotCore: SHOOTER RPM1: 765.8189476371296
02-09 22:44:01.721 11243 11352 I RobotCore: SHOOTER RPM2: 813.6826318644502
02-09 22:44:01.731 11243 11352 I RobotCore: SHOOTER RPM1: 1042.4710424710424
02-09 22:44:01.732 11243 11352 I RobotCore: SHOOTER RPM2: 1216.2162162162163
02-09 22:44:01.742 11243 11352 I RobotCore: SHOOTER RPM1: 574.3642107278471
02-09 22:44:01.742 11243 11352 I RobotCore: SHOOTER RPM2: 574.3642107278471
02-09 22:44:01.753 11243 11352 I RobotCore: SHOOTER RPM1: 765.8189476371296
02-09 22:44:01.753 11243 11352 I RobotCore: SHOOTER RPM2: 861.5463160917708
02-09 22:44:01.763 11243 11352 I RobotCore: SHOOTER RPM1: 637.065637065637
02-09 22:44:01.763 11243 11352 I RobotCore: SHOOTER RPM2: 694.980694980695
02-09 22:44:01.774 11243 11352 I RobotCore: SHOOTER RPM1: 765.8189476371296
02-09 22:44:01.774 11243 11352 I RobotCore: SHOOTER RPM2: 861.5463160917708
02-09 22:44:01.785 11243 11352 I RobotCore: SHOOTER RPM1: 574.3642107278471
02-09 22:44:01.785 11243 11352 I RobotCore: SHOOTER RPM2: 622.2278949551677
02-09 22:44:01.795 11243 11352 I RobotCore: SHOOTER RPM1: 1042.4710424710424
02-09 22:44:01.795 11243 11352 I RobotCore: SHOOTER RPM2: 1100.3861003861005
02-09 22:44:01.806 11243 11352 I RobotCore: SHOOTER RPM1: 574.3642107278471
02-09 22:44:01.806 11243 11352 I RobotCore: SHOOTER RPM2: 622.2278949551677
02-09 22:44:01.818 11243 11352 I RobotCore: SHOOTER RPM1: 442.40669240669257
02-09 22:44:01.818 11243 11352 I RobotCore: SHOOTER RPM2: 482.6254826254827
02-09 22:44:01.828 11243 11352 I RobotCore: SHOOTER RPM1: 1389.96138996139
02-09 22:44:01.829 11243 11352 I RobotCore: SHOOTER RPM2: 1505.7915057915059
02-09 22:44:01.839 11243 11352 I RobotCore: SHOOTER RPM1: 574.3642107278471
02-09 22:44:01.839 11243 11352 I RobotCore: SHOOTER RPM2: 622.2278949551677
02-09 22:44:01.850 11243 11352 I RobotCore: SHOOTER RPM1: 717.9552634098088
02-09 22:44:01.850 11243 11352 I RobotCore: SHOOTER RPM2: 813.6826318644502
02-09 22:44:01.860 11243 11352 I RobotCore: SHOOTER RPM1: 0.0
02-09 22:44:01.860 11243 11352 I RobotCore: SHOOTER RPM2: 0.0
02-09 22:44:01.871 11243 11352 I RobotCore: SHOOTER RPM1: 1435.9105268196176
02-09 22:44:01.871 11243 11352 I RobotCore: SHOOTER RPM2: 1531.637895274259
02-09 22:44:01.881 11243 11352 I RobotCore: SHOOTER RPM1: 926.6409266409266
02-09 22:44:01.881 11243 11352 I RobotCore: SHOOTER RPM2: 1042.4710424710424
02-09 22:44:01.917 11243 11352 I RobotCore: SHOOTER RPM1: 210.03146003146003
02-09 22:44:01.918 11243 11352 I RobotCore: SHOOTER RPM2: 223.43772343772346
02-09 22:44:01.928 11243 11352 I RobotCore: SHOOTER RPM1: 1053.0010530010532
02-09 22:44:01.928 11243 11352 I RobotCore: SHOOTER RPM2: 1148.7284214556942
02-09 22:44:01.939 11243 11352 I RobotCore: SHOOTER RPM1: 1005.1373687737324
02-09 22:44:01.939 11243 11352 I RobotCore: SHOOTER RPM2: 1053.0010530010532
02-09 22:44:01.949 11243 11352 I RobotCore: SHOOTER RPM1: 752.8957528957529
02-09 22:44:01.949 11243 11352 I RobotCore: SHOOTER RPM2: 868.7258687258687
02-09 22:44:01.959 11243 11352 I RobotCore: SHOOTER RPM1: 289.57528957528956
02-09 22:44:01.960 11243 11352 I RobotCore: SHOOTER RPM2: 289.57528957528956
02-09 22:44:01.970 11243 11352 I RobotCore: SHOOTER RPM1: 1148.7284214556942
02-09 22:44:01.970 11243 11352 I RobotCore: SHOOTER RPM2: 1244.4557899103354
02-09 22:44:01.981 11243 11352 I RobotCore: SHOOTER RPM1: 813.6826318644502
02-09 22:44:01.981 11243 11352 I RobotCore: SHOOTER RPM2: 813.6826318644502
02-09 22:44:01.991 11243 11352 I RobotCore: SHOOTER RPM1: 1332.046332046332
02-09 22:44:01.991 11243 11352 I RobotCore: SHOOTER RPM2: 1447.8764478764479
02-09 22:44:02.002 11243 11352 I RobotCore: SHOOTER RPM1: 526.5005265005266
02-09 22:44:02.002 11243 11352 I RobotCore: SHOOTER RPM2: 574.3642107278471
02-09 22:44:02.012 11243 11352 I RobotCore: SHOOTER RPM1: 1042.4710424710424
02-09 22:44:02.012 11243 11352 I RobotCore: SHOOTER RPM2: 1158.3011583011582
02-09 22:44:02.023 11243 11352 I RobotCore: SHOOTER RPM1: 670.0915791824882
02-09 22:44:02.023 11243 11352 I RobotCore: SHOOTER RPM2: 717.9552634098088
02-09 22:44:02.034 11243 11352 I RobotCore: SHOOTER RPM1: 574.3642107278471
02-09 22:44:02.034 11243 11352 I RobotCore: SHOOTER RPM2: 574.3642107278471
02-09 22:44:02.045 11243 11352 I RobotCore: SHOOTER RPM1: 765.8189476371296
02-09 22:44:02.045 11243 11352 I RobotCore: SHOOTER RPM2: 861.5463160917708
02-09 22:44:02.056 11243 11352 I RobotCore: SHOOTER RPM1: 1340.1831583649764
02-09 22:44:02.056 11243 11352 I RobotCore: SHOOTER RPM2: 1388.0468425922973
02-09 22:44:02.066 11243 11352 I RobotCore: SHOOTER RPM1: 694.980694980695
02-09 22:44:02.067 11243 11352 I RobotCore: SHOOTER RPM2: 810.8108108108108
02-09 22:44:02.077 11243 11352 I RobotCore: SHOOTER RPM1: 670.0915791824882
02-09 22:44:02.077 11243 11352 I RobotCore: SHOOTER RPM2: 717.9552634098088
02-09 22:44:02.087 11243 11352 I RobotCore: SHOOTER RPM1: 1332.046332046332
02-09 22:44:02.088 11243 11352 I RobotCore: SHOOTER RPM2: 1389.96138996139
02-09 22:44:02.099 11243 11352 I RobotCore: SHOOTER RPM1: 844.5945945945947
02-09 22:44:02.099 11243 11352 I RobotCore: SHOOTER RPM2: 884.8133848133851
02-09 22:44:02.109 11243 11352 I RobotCore: SHOOTER RPM1: 191.4547369092824
02-09 22:44:02.110 11243 11352 I RobotCore: SHOOTER RPM2: 239.31842113660295
02-09 22:44:02.120 11243 11352 I RobotCore: SHOOTER RPM1: 1042.4710424710424
02-09 22:44:02.120 11243 11352 I RobotCore: SHOOTER RPM2: 1042.4710424710424
02-09 22:44:02.131 11243 11352 I RobotCore: SHOOTER RPM1: 1388.0468425922973
02-09 22:44:02.131 11243 11352 I RobotCore: SHOOTER RPM2: 1531.637895274259
02-09 22:44:02.141 11243 11352 I RobotCore: SHOOTER RPM1: 752.8957528957529
02-09 22:44:02.141 11243 11352 I RobotCore: SHOOTER RPM2: 810.8108108108108
02-09 22:44:02.152 11243 11352 I RobotCore: SHOOTER RPM1: 1148.7284214556942
02-09 22:44:02.152 11243 11352 I RobotCore: SHOOTER RPM2: 1196.592105683015
02-09 22:44:02.164 11243 11352 I RobotCore: SHOOTER RPM1: 239.31842113660295
02-09 22:44:02.164 11243 11352 I RobotCore: SHOOTER RPM2: 239.31842113660295
02-09 22:44:02.174 11243 11352 I RobotCore: SHOOTER RPM1: 1435.9105268196176
02-09 22:44:02.174 11243 11352 I RobotCore: SHOOTER RPM2: 1531.637895274259
02-09 22:44:02.185 11243 11352 I RobotCore: SHOOTER RPM1: 1005.1373687737324
02-09 22:44:02.185 11243 11352 I RobotCore: SHOOTER RPM2: 1053.0010530010532
02-09 22:44:02.195 11243 11352 I RobotCore: SHOOTER RPM1: 0.0
02-09 22:44:02.195 11243 11352 I RobotCore: SHOOTER RPM2: 0.0
02-09 22:44:02.206 11243 11352 I RobotCore: SHOOTER RPM1: 1244.4557899103354
02-09 22:44:02.206 11243 11352 I RobotCore: SHOOTER RPM2: 1292.319474137656
02-09 22:44:02.216 11243 11352 I RobotCore: SHOOTER RPM1: 1737.4517374517375
02-09 22:44:02.216 11243 11352 I RobotCore: SHOOTER RPM2: 1853.2818532818533
02-09 22:44:02.227 11243 11352 I RobotCore: SHOOTER RPM1: 191.4547369092824
02-09 22:44:02.227 11243 11352 I RobotCore: SHOOTER RPM2: 239.31842113660295
02-09 22:44:02.237 11243 11352 I RobotCore: SHOOTER RPM1: 810.8108108108108
02-09 22:44:02.237 11243 11352 I RobotCore: SHOOTER RPM2: 810.8108108108108
02-09 22:44:02.248 11243 11352 I RobotCore: SHOOTER RPM1: 1100.8647372283738
02-09 22:44:02.248 11243 11352 I RobotCore: SHOOTER RPM2: 1196.592105683015
02-09 22:44:02.260 11243 11352 I RobotCore: SHOOTER RPM1: 1005.4697554697558
02-09 22:44:02.260 11243 11352 I RobotCore: SHOOTER RPM2: 1045.688545688546
02-09 22:44:02.271 11243 11352 I RobotCore: SHOOTER RPM1: 813.6826318644502
02-09 22:44:02.271 11243 11352 I RobotCore: SHOOTER RPM2: 861.5463160917708
02-09 22:44:02.281 11243 11352 I RobotCore: SHOOTER RPM1: 1216.2162162162163
02-09 22:44:02.281 11243 11352 I RobotCore: SHOOTER RPM2: 1274.131274131274
02-09 22:44:02.292 11243 11352 I RobotCore: SHOOTER RPM1: 0.0
02-09 22:44:02.292 11243 11352 I RobotCore: SHOOTER RPM2: 0.0
02-09 22:44:02.302 11243 11352 I RobotCore: SHOOTER RPM1: 1795.3667953667953
02-09 22:44:02.302 11243 11352 I RobotCore: SHOOTER RPM2: 1911.1969111969113
02-09 22:44:02.313 11243 11352 I RobotCore: SHOOTER RPM1: 1340.1831583649764
02-09 22:44:02.313 11243 11352 I RobotCore: SHOOTER RPM2: 1435.9105268196176
02-09 22:44:02.324 11243 11352 I RobotCore: SHOOTER RPM1: 335.0457895912441
02-09 22:44:02.324 11243 11352 I RobotCore: SHOOTER RPM2: 335.0457895912441
02-09 22:44:02.334 11243 11352 I RobotCore: SHOOTER RPM1: 810.8108108108108
02-09 22:44:02.334 11243 11352 I RobotCore: SHOOTER RPM2: 1853.2818532818533
02-09 22:44:02.345 11243 11352 I RobotCore: SHOOTER RPM1: 1340.1831583649764
02-09 22:44:02.345 11243 11352 I RobotCore: SHOOTER RPM2: 526.5005265005266
02-09 22:44:02.355 11243 11352 I RobotCore: SHOOTER RPM1: 752.8957528957529
02-09 22:44:02.355 11243 11352 I RobotCore: SHOOTER RPM2: 810.8108108108108
02-09 22:44:02.366 11243 11352 I RobotCore: SHOOTER RPM1: 813.6826318644502
02-09 22:44:02.366 11243 11352 I RobotCore: SHOOTER RPM2: 861.5463160917708
02-09 22:44:02.376 11243 11352 I RobotCore: SHOOTER RPM1: 2027.027027027027
02-09 22:44:02.376 11243 11352 I RobotCore: SHOOTER RPM2: 2084.942084942085
02-09 22:44:02.387 11243 11352 I RobotCore: SHOOTER RPM1: 622.2278949551677
02-09 22:44:02.387 11243 11352 I RobotCore: SHOOTER RPM2: 670.0915791824882
02-09 22:44:02.398 11243 11352 I RobotCore: SHOOTER RPM1: 670.0915791824882
02-09 22:44:02.398 11243 11352 I RobotCore: SHOOTER RPM2: 670.0915791824882
02-09 22:44:02.409 11243 11352 I RobotCore: SHOOTER RPM1: 1435.9105268196176
02-09 22:44:02.409 11243 11352 I RobotCore: SHOOTER RPM2: 1531.637895274259
02-09 22:44:02.420 11243 11352 I RobotCore: SHOOTER RPM1: 335.0457895912441
02-09 22:44:02.420 11243 11352 I RobotCore: SHOOTER RPM2: 335.0457895912441
02-09 22:44:02.430 11243 11352 I RobotCore: SHOOTER RPM1: 1505.7915057915059
02-09 22:44:02.430 11243 11352 I RobotCore: SHOOTER RPM2: 1621.6216216216217
02-09 22:44:02.440 11243 11352 I RobotCore: SHOOTER RPM1: 1196.592105683015
02-09 22:44:02.441 11243 11352 I RobotCore: SHOOTER RPM2: 1196.592105683015
02-09 22:44:02.451 11243 11352 I RobotCore: SHOOTER RPM1: 637.065637065637
02-09 22:44:02.451 11243 11352 I RobotCore: SHOOTER RPM2: 694.980694980695
02-09 22:44:02.462 11243 11352 I RobotCore: SHOOTER RPM1: 909.4100003190913
02-09 22:44:02.462 11243 11352 I RobotCore: SHOOTER RPM2: 957.2736845464118
02-09 22:44:02.472 11243 11352 I RobotCore: SHOOTER RPM1: 984.5559845559845
02-09 22:44:02.472 11243 11352 I RobotCore: SHOOTER RPM2: 1042.4710424710424
02-09 22:44:02.483 11243 11352 I RobotCore: SHOOTER RPM1: 1148.7284214556942
02-09 22:44:02.483 11243 11352 I RobotCore: SHOOTER RPM2: 1148.7284214556942
02-09 22:44:02.493 11243 11352 I RobotCore: SHOOTER RPM1: 521.2355212355212
02-09 22:44:02.493 11243 11352 I RobotCore: SHOOTER RPM2: 521.2355212355212
02-09 22:44:02.504 11243 11352 I RobotCore: SHOOTER RPM1: 1100.8647372283738
02-09 22:44:02.504 11243 11352 I RobotCore: SHOOTER RPM2: 1196.592105683015
02-09 22:44:02.514 11243 11352 I RobotCore: SHOOTER RPM1: 1389.96138996139
02-09 22:44:02.514 11243 11352 I RobotCore: SHOOTER RPM2: 1447.8764478764479
02-09 22:44:02.525 11243 11352 I RobotCore: SHOOTER RPM1: 861.5463160917708
02-09 22:44:02.525 11243 11352 I RobotCore: SHOOTER RPM2: 909.4100003190913
02-09 22:44:02.535 11243 11352 I RobotCore: SHOOTER RPM1: 1100.3861003861005
02-09 22:44:02.535 11243 11352 I RobotCore: SHOOTER RPM2: 1100.3861003861005
02-09 22:44:02.546 11243 11352 I RobotCore: SHOOTER RPM1: 0.0
02-09 22:44:02.546 11243 11352 I RobotCore: SHOOTER RPM2: 0.0
02-09 22:44:02.557 11243 11352 I RobotCore: SHOOTER RPM1: 2010.2747375474648
02-09 22:44:02.557 11243 11352 I RobotCore: SHOOTER RPM2: 2106.0021060021063
02-09 22:44:02.567 11243 11352 I RobotCore: SHOOTER RPM1: 1158.3011583011582
02-09 22:44:02.567 11243 11352 I RobotCore: SHOOTER RPM2: 1158.3011583011582
02-09 22:44:02.605 11243 11352 I RobotCore: SHOOTER RPM1: 694.980694980695
02-09 22:44:02.605 11243 11352 I RobotCore: SHOOTER RPM2: 722.7799227799229
02-09 22:44:02.616 11243 11352 I RobotCore: SHOOTER RPM1: 140.76576576576582
02-09 22:44:02.616 11243 11352 I RobotCore: SHOOTER RPM2: 150.82046332046335
02-09 22:44:02.626 11243 11352 I RobotCore: SHOOTER RPM1: 984.5559845559845
02-09 22:44:02.626 11243 11352 I RobotCore: SHOOTER RPM2: 984.5559845559845
02-09 22:44:02.637 11243 11352 I RobotCore: SHOOTER RPM1: 1053.0010530010532
02-09 22:44:02.637 11243 11352 I RobotCore: SHOOTER RPM2: 1100.8647372283738
02-09 22:44:02.648 11243 11352 I RobotCore: SHOOTER RPM1: 574.3642107278471
02-09 22:44:02.648 11243 11352 I RobotCore: SHOOTER RPM2: 622.2278949551677
02-09 22:44:02.659 11243 11352 I RobotCore: SHOOTER RPM1: 1579.5015795015797
02-09 22:44:02.659 11243 11352 I RobotCore: SHOOTER RPM2: 1627.3652637289003
02-09 22:44:02.670 11243 11352 I RobotCore: SHOOTER RPM1: 813.6826318644502
02-09 22:44:02.670 11243 11352 I RobotCore: SHOOTER RPM2: 813.6826318644502
02-09 22:44:02.681 11243 11352 I RobotCore: SHOOTER RPM1: 957.2736845464118
02-09 22:44:02.681 11243 11352 I RobotCore: SHOOTER RPM2: 957.2736845464118
02-09 22:44:02.691 11243 11352 I RobotCore: SHOOTER RPM1: 1216.2162162162163
02-09 22:44:02.691 11243 11352 I RobotCore: SHOOTER RPM2: 1332.046332046332
02-09 22:44:02.702 11243 11352 I RobotCore: SHOOTER RPM1: 765.8189476371296
02-09 22:44:02.702 11243 11352 I RobotCore: SHOOTER RPM2: 717.9552634098088
02-09 22:44:02.713 11243 11352 I RobotCore: SHOOTER RPM1: 909.4100003190913
02-09 22:44:02.713 11243 11352 I RobotCore: SHOOTER RPM2: 957.2736845464118
02-09 22:44:02.724 11243 11352 I RobotCore: SHOOTER RPM1: 1292.319474137656
02-09 22:44:02.724 11243 11352 I RobotCore: SHOOTER RPM2: 1292.319474137656
02-09 22:44:02.734 11243 11352 I RobotCore: SHOOTER RPM1: 1389.96138996139
02-09 22:44:02.734 11243 11352 I RobotCore: SHOOTER RPM2: 1447.8764478764479
02-09 22:44:02.746 11243 11352 I RobotCore: SHOOTER RPM1: 804.3758043758046
02-09 22:44:02.746 11243 11352 I RobotCore: SHOOTER RPM2: 884.8133848133851
02-09 22:44:02.757 11243 11352 I RobotCore: SHOOTER RPM1: 574.3642107278471
02-09 22:44:02.757 11243 11352 I RobotCore: SHOOTER RPM2: 526.5005265005266
02-09 22:44:02.768 11243 11352 I RobotCore: SHOOTER RPM1: 622.2278949551677
02-09 22:44:02.768 11243 11352 I RobotCore: SHOOTER RPM2: 717.9552634098088
02-09 22:44:02.778 11243 11352 I RobotCore: SHOOTER RPM1: 2142.8571428571427
02-09 22:44:02.778 11243 11352 I RobotCore: SHOOTER RPM2: 2142.8571428571427
02-09 22:44:02.789 11243 11352 I RobotCore: SHOOTER RPM1: 957.2736845464118
02-09 22:44:02.789 11243 11352 I RobotCore: SHOOTER RPM2: 1005.1373687737324
02-09 22:44:02.799 11243 11352 I RobotCore: SHOOTER RPM1: 926.6409266409266
02-09 22:44:02.799 11243 11352 I RobotCore: SHOOTER RPM2: 926.6409266409266
02-09 22:44:02.811 11243 11352 I RobotCore: SHOOTER RPM1: 643.5006435006436
02-09 22:44:02.811 11243 11352 I RobotCore: SHOOTER RPM2: 683.7194337194339
02-09 22:44:02.822 11243 11352 I RobotCore: SHOOTER RPM1: 1148.7284214556942
02-09 22:44:02.822 11243 11352 I RobotCore: SHOOTER RPM2: 1148.7284214556942
02-09 22:44:02.833 11243 11352 I RobotCore: SHOOTER RPM1: 1100.8647372283738
02-09 22:44:02.833 11243 11352 I RobotCore: SHOOTER RPM2: 1148.7284214556942
02-09 22:44:02.843 11243 11352 I RobotCore: SHOOTER RPM1: 926.6409266409266
02-09 22:44:02.843 11243 11352 I RobotCore: SHOOTER RPM2: 926.6409266409266
02-09 22:44:02.854 11243 11352 I RobotCore: SHOOTER RPM1: 670.0915791824882
02-09 22:44:02.854 11243 11352 I RobotCore: SHOOTER RPM2: 670.0915791824882
02-09 22:44:02.865 11243 11352 I RobotCore: SHOOTER RPM1: 1818.8200006381826
02-09 22:44:02.865 11243 11352 I RobotCore: SHOOTER RPM2: 1866.6836848655034
02-09 22:44:02.895 11243 11352 I RobotCore: SHOOTER RPM1: 3532.8185328185327
02-09 22:44:02.895 11243 11352 I RobotCore: SHOOTER RPM2: 3590.7335907335905
02-09 22:44:02.920 11243 11352 I RobotCore: SHOOTER RPM1: 51.48005148005148
02-09 22:44:02.920 11243 11352 I RobotCore: SHOOTER RPM2: 54.34005434005435
02-09 22:44:02.931 11243 11352 I RobotCore: SHOOTER RPM1: 2153.8657902294262
02-09 22:44:02.931 11243 11352 I RobotCore: SHOOTER RPM2: 2201.7294744567475
02-09 22:44:02.941 11243 11352 I RobotCore: SHOOTER RPM1: 810.8108108108108
02-09 22:44:02.941 11243 11352 I RobotCore: SHOOTER RPM2: 810.8108108108108
02-09 22:44:02.952 11243 11352 I RobotCore: SHOOTER RPM1: 1100.8647372283738
02-09 22:44:02.952 11243 11352 I RobotCore: SHOOTER RPM2: 1100.8647372283738
02-09 22:44:02.963 11243 11352 I RobotCore: SHOOTER RPM1: 909.4100003190913
02-09 22:44:02.963 11243 11352 I RobotCore: SHOOTER RPM2: 957.2736845464118
02-09 22:44:02.974 11243 11352 I RobotCore: SHOOTER RPM1: 1388.0468425922973
02-09 22:44:02.974 11243 11352 I RobotCore: SHOOTER RPM2: 1435.9105268196176
02-09 22:44:02.984 11243 11352 I RobotCore: SHOOTER RPM1: 752.8957528957529
02-09 22:44:02.984 11243 11352 I RobotCore: SHOOTER RPM2: 694.980694980695
02-09 22:44:02.995 11243 11352 I RobotCore: SHOOTER RPM1: 1005.1373687737324
02-09 22:44:02.995 11243 11352 I RobotCore: SHOOTER RPM2: 1053.0010530010532
02-09 22:44:03.006 11243 11352 I RobotCore: SHOOTER RPM1: 1579.5015795015797
02-09 22:44:03.006 11243 11352 I RobotCore: SHOOTER RPM2: 1627.3652637289003
02-09 22:44:03.017 11243 11352 I RobotCore: SHOOTER RPM1: 622.2278949551677
02-09 22:44:03.017 11243 11352 I RobotCore: SHOOTER RPM2: 622.2278949551677
02-09 22:44:03.028 11243 11352 I RobotCore: SHOOTER RPM1: 861.5463160917708
02-09 22:44:03.028 11243 11352 I RobotCore: SHOOTER RPM2: 909.4100003190913
02-09 22:44:03.040 11243 11352 I RobotCore: SHOOTER RPM1: 925.0321750321751
02-09 22:44:03.040 11243 11352 I RobotCore: SHOOTER RPM2: 884.8133848133851
02-09 22:44:03.051 11243 11352 I RobotCore: SHOOTER RPM1: 1100.8647372283738
02-09 22:44:03.051 11243 11352 I RobotCore: SHOOTER RPM2: 1100.8647372283738
02-09 22:44:03.062 11243 11352 I RobotCore: SHOOTER RPM1: 1292.319474137656
02-09 22:44:03.062 11243 11352 I RobotCore: SHOOTER RPM2: 1292.319474137656
02-09 22:44:03.073 11243 11352 I RobotCore: SHOOTER RPM1: 0.0
02-09 22:44:03.074 11243 11352 I RobotCore: SHOOTER RPM2: 0.0
02-09 22:44:03.100 11243 11352 I RobotCore: SHOOTER RPM1: 3297.940797940799
02-09 22:44:03.100 11243 11352 I RobotCore: SHOOTER RPM2: 3378.378378378379
02-09 22:44:03.111 11243 11352 I RobotCore: SHOOTER RPM1: 137.07706015398324
02-09 22:44:03.111 11243 11352 I RobotCore: SHOOTER RPM2: 137.07706015398324
02-09 22:44:03.121 11243 11352 I RobotCore: SHOOTER RPM1: 1100.3861003861005
02-09 22:44:03.121 11243 11352 I RobotCore: SHOOTER RPM2: 1100.3861003861005
02-09 22:44:03.139 11243 11352 I RobotCore: SHOOTER RPM1: 2153.8657902294262
02-09 22:44:03.139 11243 11352 I RobotCore: SHOOTER RPM2: 2201.7294744567475
02-09 22:44:03.150 11243 11352 I RobotCore: SHOOTER RPM1: 0.0
02-09 22:44:03.150 11243 11352 I RobotCore: SHOOTER RPM2: 0.0
02-09 22:44:03.161 11243 11352 I RobotCore: SHOOTER RPM1: 1483.7742110469383
02-09 22:44:03.161 11243 11352 I RobotCore: SHOOTER RPM2: 1435.9105268196176
02-09 22:44:03.171 11243 11352 I RobotCore: SHOOTER RPM1: 1737.4517374517375
02-09 22:44:03.171 11243 11352 I RobotCore: SHOOTER RPM2: 1737.4517374517375
02-09 22:44:03.182 11243 11352 I RobotCore: SHOOTER RPM1: 335.0457895912441
02-09 22:44:03.182 11243 11352 I RobotCore: SHOOTER RPM2: 335.0457895912441
02-09 22:44:03.192 11243 11352 I RobotCore: SHOOTER RPM1: 2142.8571428571427
02-09 22:44:03.193 11243 11352 I RobotCore: SHOOTER RPM2: 2200.772200772201
02-09 22:44:03.203 11243 11352 I RobotCore: SHOOTER RPM1: 765.8189476371296
02-09 22:44:03.204 11243 11352 I RobotCore: SHOOTER RPM2: 717.9552634098088
02-09 22:44:03.214 11243 11352 I RobotCore: SHOOTER RPM1: 909.4100003190913
02-09 22:44:03.214 11243 11352 I RobotCore: SHOOTER RPM2: 957.2736845464118
02-09 22:44:03.224 11243 11352 I RobotCore: SHOOTER RPM1: 813.6826318644502
02-09 22:44:03.225 11243 11352 I RobotCore: SHOOTER RPM2: 813.6826318644502
02-09 22:44:03.235 11243 11352 I RobotCore: SHOOTER RPM1: 909.4100003190913
02-09 22:44:03.236 11243 11352 I RobotCore: SHOOTER RPM2: 909.4100003190913
02-09 22:44:03.246 11243 11352 I RobotCore: SHOOTER RPM1: 1911.1969111969113
02-09 22:44:03.246 11243 11352 I RobotCore: SHOOTER RPM2: 1911.1969111969113
02-09 22:44:03.257 11243 11352 I RobotCore: SHOOTER RPM1: 670.0915791824882
02-09 22:44:03.257 11243 11352 I RobotCore: SHOOTER RPM2: 670.0915791824882
02-09 22:44:03.268 11243 11352 I RobotCore: SHOOTER RPM1: 1627.3652637289003
02-09 22:44:03.268 11243 11352 I RobotCore: SHOOTER RPM2: 1627.3652637289003
02-09 22:44:03.279 11243 11352 I RobotCore: SHOOTER RPM1: 861.5463160917708
02-09 22:44:03.279 11243 11352 I RobotCore: SHOOTER RPM2: 909.4100003190913
02-09 22:44:03.289 11243 11352 I RobotCore: SHOOTER RPM1: 1216.2162162162163
02-09 22:44:03.290 11243 11352 I RobotCore: SHOOTER RPM2: 1216.2162162162163
02-09 22:44:03.300 11243 11352 I RobotCore: SHOOTER RPM1: 526.5005265005266
02-09 22:44:03.300 11243 11352 I RobotCore: SHOOTER RPM2: 478.6368422732059
02-09 22:44:03.311 11243 11352 I RobotCore: SHOOTER RPM1: 1579.5015795015797
02-09 22:44:03.311 11243 11352 I RobotCore: SHOOTER RPM2: 1531.637895274259
02-09 22:44:03.321 11243 11352 I RobotCore: SHOOTER RPM1: 1158.3011583011582
02-09 22:44:03.321 11243 11352 I RobotCore: SHOOTER RPM2: 1216.2162162162163
02-09 22:44:03.332 11243 11352 I RobotCore: SHOOTER RPM1: 574.3642107278471
02-09 22:44:03.332 11243 11352 I RobotCore: SHOOTER RPM2: 574.3642107278471
02-09 22:44:03.342 11243 11352 I RobotCore: SHOOTER RPM1: 868.7258687258687
02-09 22:44:03.342 11243 11352 I RobotCore: SHOOTER RPM2: 868.7258687258687
02-09 22:44:03.354 11243 11352 I RobotCore: SHOOTER RPM1: 1447.876447876448
02-09 22:44:03.354 11243 11352 I RobotCore: SHOOTER RPM2: 1447.876447876448
02-09 22:44:03.364 11243 11352 I RobotCore: SHOOTER RPM1: 1216.2162162162163
02-09 22:44:03.364 11243 11352 I RobotCore: SHOOTER RPM2: 1216.2162162162163
02-09 22:44:03.375 11243 11352 I RobotCore: SHOOTER RPM1: 670.0915791824882
02-09 22:44:03.375 11243 11352 I RobotCore: SHOOTER RPM2: 622.2278949551677
02-09 22:44:03.386 11243 11352 I RobotCore: SHOOTER RPM1: 1244.4557899103354
02-09 22:44:03.386 11243 11352 I RobotCore: SHOOTER RPM2: 1292.319474137656
02-09 22:44:03.397 11243 11352 I RobotCore: SHOOTER RPM1: 1483.7742110469383
02-09 22:44:03.397 11243 11352 I RobotCore: SHOOTER RPM2: 1483.7742110469383
02-09 22:44:03.425 11243 11352 I RobotCore: SHOOTER RPM1: 325.0334882987945
02-09 22:44:03.425 11243 11352 I RobotCore: SHOOTER RPM2: 317.6463635647309
02-09 22:44:03.439 11243 11352 I RobotCore: SHOOTER RPM1: 1300.133953195178
02-09 22:44:03.439 11243 11352 I RobotCore: SHOOTER RPM2: 1329.682452131432
02-09 22:44:03.454 11243 11352 I RobotCore: SHOOTER RPM1: 772.2007722007722
02-09 22:44:03.454 11243 11352 I RobotCore: SHOOTER RPM2: 772.2007722007722
02-09 22:44:03.465 11243 11352 I RobotCore: SHOOTER RPM1: 1148.7284214556942
02-09 22:44:03.465 11243 11352 I RobotCore: SHOOTER RPM2: 1148.7284214556942
02-09 22:44:03.476 11243 11352 I RobotCore: SHOOTER RPM1: 1196.592105683015
02-09 22:44:03.476 11243 11352 I RobotCore: SHOOTER RPM2: 1148.7284214556942
02-09 22:44:03.486 11243 11352 I RobotCore: SHOOTER RPM1: 810.8108108108108
02-09 22:44:03.486 11243 11352 I RobotCore: SHOOTER RPM2: 868.7258687258687
02-09 22:44:03.497 11243 11352 I RobotCore: SHOOTER RPM1: 1196.592105683015
02-09 22:44:03.497 11243 11352 I RobotCore: SHOOTER RPM2: 1196.592105683015
02-09 22:44:03.508 11243 11352 I RobotCore: SHOOTER RPM1: 574.3642107278471
02-09 22:44:03.508 11243 11352 I RobotCore: SHOOTER RPM2: 526.5005265005266
02-09 22:44:03.520 11243 11352 I RobotCore: SHOOTER RPM1: 804.3758043758046
02-09 22:44:03.520 11243 11352 I RobotCore: SHOOTER RPM2: 844.5945945945947
02-09 22:44:03.530 11243 11352 I RobotCore: SHOOTER RPM1: 2258.6872586872587
02-09 22:44:03.530 11243 11352 I RobotCore: SHOOTER RPM2: 2200.772200772201
02-09 22:44:03.542 11243 11352 I RobotCore: SHOOTER RPM1: 0.0
02-09 22:44:03.542 11243 11352 I RobotCore: SHOOTER RPM2: 0.0
02-09 22:44:03.553 11243 11352 I RobotCore: SHOOTER RPM1: 1675.2289479562207
02-09 22:44:03.553 11243 11352 I RobotCore: SHOOTER RPM2: 1723.0926321835416
02-09 22:44:03.563 11243 11352 I RobotCore: SHOOTER RPM1: 1332.046332046332
02-09 22:44:03.563 11243 11352 I RobotCore: SHOOTER RPM2: 1274.131274131274
02-09 22:44:03.574 11243 11352 I RobotCore: SHOOTER RPM1: 813.6826318644502
02-09 22:44:03.574 11243 11352 I RobotCore: SHOOTER RPM2: 813.6826318644502
02-09 22:44:03.585 11243 11352 I RobotCore: SHOOTER RPM1: 1675.2289479562207
02-09 22:44:03.585 11243 11352 I RobotCore: SHOOTER RPM2: 1627.3652637289003
02-09 22:44:03.602 11243 11352 I RobotCore: SHOOTER RPM1: 2010.2747375474648
02-09 22:44:03.602 11243 11352 I RobotCore: SHOOTER RPM2: 2010.2747375474648
02-09 22:44:03.613 11243 11352 I RobotCore: SHOOTER RPM1: 316.72297297297297
02-09 22:44:03.613 11243 11352 I RobotCore: SHOOTER RPM2: 316.72297297297297
02-09 22:44:03.624 11243 11352 I RobotCore: SHOOTER RPM1: 1126.1261261261266
02-09 22:44:03.624 11243 11352 I RobotCore: SHOOTER RPM2: 1126.1261261261266
02-09 22:44:03.658 11243 11352 I RobotCore: SHOOTER RPM1: 3398.321580139762
02-09 22:44:03.658 11243 11352 I RobotCore: SHOOTER RPM2: 3398.321580139762
02-09 22:44:03.681 11243 11352 I RobotCore: SHOOTER RPM1: 205.40807738039572
02-09 22:44:03.681 11243 11352 I RobotCore: SHOOTER RPM2: 205.40807738039572
02-09 22:44:03.692 11243 11352 I RobotCore: SHOOTER RPM1: 273.70065177248546
02-09 22:44:03.692 11243 11352 I RobotCore: SHOOTER RPM2: 262.75262570158606
02-09 22:44:03.702 11243 11352 I RobotCore: SHOOTER RPM1: 0.0
02-09 22:44:03.702 11243 11352 I RobotCore: SHOOTER RPM2: 0.0
02-09 22:44:03.713 11243 11352 I RobotCore: SHOOTER RPM1: 2010.2747375474648
02-09 22:44:03.713 11243 11352 I RobotCore: SHOOTER RPM2: 1962.4110533201442
02-09 22:44:03.724 11243 11352 I RobotCore: SHOOTER RPM1: 861.5463160917708
02-09 22:44:03.724 11243 11352 I RobotCore: SHOOTER RPM2: 909.4100003190913
02-09 22:44:03.734 11243 11352 I RobotCore: SHOOTER RPM1: 1274.131274131274
02-09 22:44:03.735 11243 11352 I RobotCore: SHOOTER RPM2: 1216.2162162162163
02-09 22:44:03.745 11243 11352 I RobotCore: SHOOTER RPM1: 1483.7742110469383
02-09 22:44:03.745 11243 11352 I RobotCore: SHOOTER RPM2: 1483.7742110469383
02-09 22:44:03.756 11243 11352 I RobotCore: SHOOTER RPM1: 717.9552634098088
02-09 22:44:03.756 11243 11352 I RobotCore: SHOOTER RPM2: 717.9552634098088
02-09 22:44:03.767 11243 11352 I RobotCore: SHOOTER RPM1: 909.4100003190913
02-09 22:44:03.767 11243 11352 I RobotCore: SHOOTER RPM2: 861.5463160917708
02-09 22:44:03.777 11243 11352 I RobotCore: SHOOTER RPM1: 1148.7284214556942
02-09 22:44:03.778 11243 11352 I RobotCore: SHOOTER RPM2: 1148.7284214556942
02-09 22:44:03.788 11243 11352 I RobotCore: SHOOTER RPM1: 1621.6216216216217
02-09 22:44:03.788 11243 11352 I RobotCore: SHOOTER RPM2: 1621.6216216216217
02-09 22:44:03.800 11243 11352 I RobotCore: SHOOTER RPM1: 563.0630630630633
02-09 22:44:03.800 11243 11352 I RobotCore: SHOOTER RPM2: 563.0630630630633
02-09 22:44:03.810 11243 11352 I RobotCore: SHOOTER RPM1: 1447.8764478764479
02-09 22:44:03.810 11243 11352 I RobotCore: SHOOTER RPM2: 1389.96138996139
02-09 22:44:03.821 11243 11352 I RobotCore: SHOOTER RPM1: 1196.592105683015
02-09 22:44:03.821 11243 11352 I RobotCore: SHOOTER RPM2: 1196.592105683015
02-09 22:44:03.832 11243 11352 I RobotCore: SHOOTER RPM1: 909.4100003190913
02-09 22:44:03.832 11243 11352 I RobotCore: SHOOTER RPM2: 909.4100003190913
02-09 22:44:03.844 11243 11352 I RobotCore: SHOOTER RPM1: 723.938223938224
02-09 22:44:03.844 11243 11352 I RobotCore: SHOOTER RPM2: 723.938223938224
02-09 22:44:03.855 11243 11352 I RobotCore: SHOOTER RPM1: 2058.1384217747855
02-09 22:44:03.855 11243 11352 I RobotCore: SHOOTER RPM2: 1962.4110533201442
02-09 22:44:03.866 11243 11352 I RobotCore: SHOOTER RPM1: 909.4100003190913
02-09 22:44:03.867 11243 11352 I RobotCore: SHOOTER RPM2: 957.2736845464118
02-09 22:44:03.877 11243 11352 I RobotCore: SHOOTER RPM1: 1148.7284214556942
02-09 22:44:03.877 11243 11352 I RobotCore: SHOOTER RPM2: 1100.8647372283738
02-09 22:44:03.889 11243 11352 I RobotCore: SHOOTER RPM1: 884.8133848133851
02-09 22:44:03.889 11243 11352 I RobotCore: SHOOTER RPM2: 884.8133848133851
02-09 22:44:03.899 11243 11352 I RobotCore: SHOOTER RPM1: 1332.046332046332
02-09 22:44:03.899 11243 11352 I RobotCore: SHOOTER RPM2: 1332.046332046332
02-09 22:44:03.917 11243 11352 I RobotCore: SHOOTER RPM1: 393.2503932503933
02-09 22:44:03.917 11243 11352 I RobotCore: SHOOTER RPM2: 375.3753753753754
02-09 22:44:03.928 11243 11352 I RobotCore: SHOOTER RPM1: 1196.592105683015
02-09 22:44:03.928 11243 11352 I RobotCore: SHOOTER RPM2: 1196.592105683015
02-09 22:44:03.939 11243 11352 I RobotCore: SHOOTER RPM1: 1196.592105683015
02-09 22:44:03.939 11243 11352 I RobotCore: SHOOTER RPM2: 1196.592105683015
02-09 22:44:03.949 11243 11352 I RobotCore: SHOOTER RPM1: 2027.027027027027
02-09 22:44:03.949 11243 11352 I RobotCore: SHOOTER RPM2: 1911.1969111969113
02-09 22:44:03.960 11243 11352 I RobotCore: SHOOTER RPM1: 0.0
02-09 22:44:03.960 11243 11352 I RobotCore: SHOOTER RPM2: 0.0
02-09 22:44:03.980 11243 11352 I RobotCore: SHOOTER RPM1: 3063.275790548518
02-09 22:44:03.981 11243 11352 I RobotCore: SHOOTER RPM2: 3063.275790548518
02-09 22:44:03.991 11243 11352 I RobotCore: SHOOTER RPM1: 275.0965250965251
02-09 22:44:03.991 11243 11352 I RobotCore: SHOOTER RPM2: 260.6177606177606
02-09 22:44:04.002 11243 11352 I RobotCore: SHOOTER RPM1: 1196.592105683015
02-09 22:44:04.002 11243 11352 I RobotCore: SHOOTER RPM2: 1148.7284214556942
02-09 22:44:04.013 11243 11352 I RobotCore: SHOOTER RPM1: 382.9094738185648
02-09 22:44:04.013 11243 11352 I RobotCore: SHOOTER RPM2: 382.9094738185648
02-09 22:44:04.023 11243 11352 I RobotCore: SHOOTER RPM1: 1679.5366795366795
02-09 22:44:04.023 11243 11352 I RobotCore: SHOOTER RPM2: 1621.6216216216217
02-09 22:44:04.034 11243 11352 I RobotCore: SHOOTER RPM1: 1005.1373687737324
02-09 22:44:04.034 11243 11352 I RobotCore: SHOOTER RPM2: 1005.1373687737324
02-09 22:44:04.045 11243 11352 I RobotCore: SHOOTER RPM1: 1483.7742110469383
02-09 22:44:04.045 11243 11352 I RobotCore: SHOOTER RPM2: 1483.7742110469383
02-09 22:44:04.055 11243 11352 I RobotCore: SHOOTER RPM1: 1100.3861003861005
02-09 22:44:04.055 11243 11352 I RobotCore: SHOOTER RPM2: 1100.3861003861005
02-09 22:44:04.066 11243 11352 I RobotCore: SHOOTER RPM1: 522.844272844273
02-09 22:44:04.067 11243 11352 I RobotCore: SHOOTER RPM2: 522.844272844273
02-09 22:44:04.077 11243 11352 I RobotCore: SHOOTER RPM1: 1216.2162162162163
02-09 22:44:04.077 11243 11352 I RobotCore: SHOOTER RPM2: 1158.3011583011582
