01-05 23:26:50.650 10704 10803 I RobotCore: SHOOTER RPM2: 1056.490163217522
01-05 23:26:50.671 10704 10803 I RobotCore: SHOOTER RPM1: 1172.3389684115793
01-05 23:26:50.671 10704 10803 I RobotCore: SHOOTER RPM2: 976.9491403429827
01-05 23:26:50.691 10704 10803 I RobotCore: SHOOTER RPM1: 1260.2203104411856
01-05 23:26:50.691 10704 10803 I RobotCore: SHOOTER RPM2: 1061.2381561609984
01-05 23:26:50.712 10704 10803 I RobotCore: SHOOTER RPM1: 1195.7269565253714
01-05 23:26:50.712 10704 10803 I RobotCore: SHOOTER RPM2: 1062.8684058003303
01-05 23:26:50.732 10704 10803 I RobotCore: SHOOTER RPM1: 1250.775018053588
01-05 23:26:50.732 10704 10803 I RobotCore: SHOOTER RPM2: 1053.2842257293373
01-05 23:26:50.752 10704 10803 I RobotCore: SHOOTER RPM1: 1258.7883384443783
01-05 23:26:50.753 10704 10803 I RobotCore: SHOOTER RPM2: 1060.0322850057923
01-05 23:26:50.773 10704 10803 I RobotCore: SHOOTER RPM1: 1177.4552147648092
01-05 23:26:50.773 10704 10803 I RobotCore: SHOOTER RPM2: 981.2126789706742
01-05 23:26:50.793 10704 10803 I RobotCore: SHOOTER RPM1: 1259.1355753289322
01-05 23:26:50.794 10704 10803 I RobotCore: SHOOTER RPM2: 1060.3246950138378
01-05 23:26:50.814 10704 10803 I RobotCore: SHOOTER RPM1: 1258.5022974562196
01-05 23:26:50.814 10704 10803 I RobotCore: SHOOTER RPM2: 1059.791408384185
01-05 23:26:50.835 10704 10803 I RobotCore: SHOOTER RPM1: 1109.8529614829395
01-05 23:26:50.835 10704 10803 I RobotCore: SHOOTER RPM2: 979.2820248378878
01-05 23:26:50.855 10704 10803 I RobotCore: SHOOTER RPM1: 1186.7815417398308
01-05 23:26:50.855 10704 10803 I RobotCore: SHOOTER RPM2: 988.9846181165257
01-05 23:26:50.876 10704 10803 I RobotCore: SHOOTER RPM1: 1241.651686269772
01-05 23:26:50.876 10704 10803 I RobotCore: SHOOTER RPM2: 1045.60142001665
01-05 23:26:50.896 10704 10803 I RobotCore: SHOOTER RPM1: 1190.463164667595
01-05 23:26:50.896 10704 10803 I RobotCore: SHOOTER RPM2: 992.0526372229959
01-05 23:26:50.917 10704 10803 I RobotCore: SHOOTER RPM1: 1261.6167981551582
01-05 23:26:50.917 10704 10803 I RobotCore: SHOOTER RPM2: 1062.4141458148702
01-05 23:26:50.949 10704 10803 I RobotCore: SHOOTER RPM1: 786.3875103472144
01-05 23:26:50.949 10704 10803 I RobotCore: SHOOTER RPM2: 703.6098776790866
01-05 23:26:50.970 10704 10803 I RobotCore: SHOOTER RPM1: 1194.1493512323902
01-05 23:26:50.970 10704 10803 I RobotCore: SHOOTER RPM2: 995.1244593603252
01-05 23:26:50.990 10704 10803 I RobotCore: SHOOTER RPM1: 1256.5904132860262
01-05 23:26:50.990 10704 10803 I RobotCore: SHOOTER RPM2: 1058.1814006619168
01-05 23:26:51.011 10704 10803 I RobotCore: SHOOTER RPM1: 1251.483129363232
01-05 23:26:51.011 10704 10803 I RobotCore: SHOOTER RPM2: 1053.88052999009
01-05 23:26:51.031 10704 10803 I RobotCore: SHOOTER RPM1: 1249.6843346700268
01-05 23:26:51.031 10704 10803 I RobotCore: SHOOTER RPM2: 1052.3657555116015
01-05 23:26:51.052 10704 10803 I RobotCore: SHOOTER RPM1: 1252.0711381851595
01-05 23:26:51.052 10704 10803 I RobotCore: SHOOTER RPM2: 1054.3756953138184
01-05 23:26:51.072 10704 10803 I RobotCore: SHOOTER RPM1: 1250.7147604461127
01-05 23:26:51.072 10704 10803 I RobotCore: SHOOTER RPM2: 1053.233482480937
01-05 23:26:51.093 10704 10803 I RobotCore: SHOOTER RPM1: 1253.3476768024643
01-05 23:26:51.093 10704 10803 I RobotCore: SHOOTER RPM2: 1055.4506752020752
01-05 23:26:51.113 10704 10803 I RobotCore: SHOOTER RPM1: 1184.521039154722
01-05 23:26:51.113 10704 10803 I RobotCore: SHOOTER RPM2: 1052.907590359753
01-05 23:26:51.134 10704 10803 I RobotCore: SHOOTER RPM1: 1250.641776701202
01-05 23:26:51.134 10704 10803 I RobotCore: SHOOTER RPM2: 1053.1720224852227
01-05 23:26:51.154 10704 10803 I RobotCore: SHOOTER RPM1: 1120.4591841046376
01-05 23:26:51.154 10704 10803 I RobotCore: SHOOTER RPM2: 988.6404565629157
01-05 23:26:51.175 10704 10803 I RobotCore: SHOOTER RPM1: 1183.8514345793958
01-05 23:26:51.175 10704 10803 I RobotCore: SHOOTER RPM2: 1052.3123862927962
01-05 23:26:51.195 10704 10803 I RobotCore: SHOOTER RPM1: 1184.0645420636108
01-05 23:26:51.195 10704 10803 I RobotCore: SHOOTER RPM2: 986.7204517196757
01-05 23:26:51.216 10704 10803 I RobotCore: SHOOTER RPM1: 1183.6564318209714
01-05 23:26:51.216 10704 10803 I RobotCore: SHOOTER RPM2: 986.3803598508094
01-05 23:26:51.236 10704 10803 I RobotCore: SHOOTER RPM1: 1177.2949624859277
01-05 23:26:51.237 10704 10803 I RobotCore: SHOOTER RPM2: 981.0791354049398
01-05 23:26:51.257 10704 10803 I RobotCore: SHOOTER RPM1: 1112.7255828410457
01-05 23:26:51.257 10704 10803 I RobotCore: SHOOTER RPM2: 981.8166907420992
01-05 23:26:51.278 10704 10803 I RobotCore: SHOOTER RPM1: 1253.3061970114095
01-05 23:26:51.278 10704 10803 I RobotCore: SHOOTER RPM2: 1055.4157448517133
01-05 23:26:51.298 10704 10803 I RobotCore: SHOOTER RPM1: 1185.2154252495332
01-05 23:26:51.298 10704 10803 I RobotCore: SHOOTER RPM2: 987.6795210412776
01-05 23:26:51.319 10704 10803 I RobotCore: SHOOTER RPM1: 1187.0983554936547
01-05 23:26:51.319 10704 10803 I RobotCore: SHOOTER RPM2: 989.2486295780456
01-05 23:26:51.339 10704 10803 I RobotCore: SHOOTER RPM1: 1116.516802374008
01-05 23:26:51.339 10704 10803 I RobotCore: SHOOTER RPM2: 985.1618844476541
01-05 23:26:51.361 10704 10803 I RobotCore: SHOOTER RPM1: 1120.2831751233543
01-05 23:26:51.361 10704 10803 I RobotCore: SHOOTER RPM2: 933.5693126027953
01-05 23:26:51.381 10704 10803 I RobotCore: SHOOTER RPM1: 1184.370852728064
01-05 23:26:51.381 10704 10803 I RobotCore: SHOOTER RPM2: 986.97571060672
01-05 23:26:51.402 10704 10803 I RobotCore: SHOOTER RPM1: 1252.2906158457185
01-05 23:26:51.402 10704 10803 I RobotCore: SHOOTER RPM2: 1054.5605186069208
01-05 23:26:51.422 10704 10803 I RobotCore: SHOOTER RPM1: 1252.9877261516558
01-05 23:26:51.422 10704 10803 I RobotCore: SHOOTER RPM2: 1055.1475588645524
01-05 23:26:51.458 10704 10803 I RobotCore: SHOOTER RPM1: 753.5011555520417
01-05 23:26:51.458 10704 10803 I RobotCore: SHOOTER RPM2: 640.4759822192354
01-05 23:26:51.479 10704 10803 I RobotCore: SHOOTER RPM1: 1324.580324639087
01-05 23:26:51.479 10704 10803 I RobotCore: SHOOTER RPM2: 1125.893275943224
01-05 23:26:51.499 10704 10803 I RobotCore: SHOOTER RPM1: 1195.0660566521915
01-05 23:26:51.499 10704 10803 I RobotCore: SHOOTER RPM2: 995.8883805434929
01-05 23:26:51.520 10704 10803 I RobotCore: SHOOTER RPM1: 1249.6494831856203
01-05 23:26:51.520 10704 10803 I RobotCore: SHOOTER RPM2: 1052.336406893154
01-05 23:26:51.540 10704 10803 I RobotCore: SHOOTER RPM1: 1258.6372807559683
01-05 23:26:51.540 10704 10803 I RobotCore: SHOOTER RPM2: 1059.9050785313418
01-05 23:26:51.560 10704 10803 I RobotCore: SHOOTER RPM1: 1326.8393217218618
01-05 23:26:51.560 10704 10803 I RobotCore: SHOOTER RPM2: 1127.8134234635825
01-05 23:26:51.581 10704 10803 I RobotCore: SHOOTER RPM1: 1328.7521996894727
01-05 23:26:51.581 10704 10803 I RobotCore: SHOOTER RPM2: 1129.439369736052
01-05 23:26:51.601 10704 10803 I RobotCore: SHOOTER RPM1: 1319.6287303217111
01-05 23:26:51.601 10704 10803 I RobotCore: SHOOTER RPM2: 1121.6844207734546
01-05 23:26:51.622 10704 10803 I RobotCore: SHOOTER RPM1: 1252.522879377278
01-05 23:26:51.622 10704 10803 I RobotCore: SHOOTER RPM2: 1054.7561089492867
01-05 23:26:51.647 10704 10803 I RobotCore: SHOOTER RPM1: 1085.6407723248453
01-05 23:26:51.647 10704 10803 I RobotCore: SHOOTER RPM2: 922.7946564761186
01-05 23:26:51.667 10704 10803 I RobotCore: SHOOTER RPM1: 1194.9712407665618
01-05 23:26:51.667 10704 10803 I RobotCore: SHOOTER RPM2: 995.8093673054682
01-05 23:26:51.687 10704 10803 I RobotCore: SHOOTER RPM1: 1248.7315155235822
01-05 23:26:51.688 10704 10803 I RobotCore: SHOOTER RPM2: 1051.563381493543
01-05 23:26:51.708 10704 10803 I RobotCore: SHOOTER RPM1: 1186.0491740784485
01-05 23:26:51.708 10704 10803 I RobotCore: SHOOTER RPM2: 1054.2659325141763
01-05 23:26:51.728 10704 10803 I RobotCore: SHOOTER RPM1: 1187.249176544748
01-05 23:26:51.729 10704 10803 I RobotCore: SHOOTER RPM2: 989.37431378729
01-05 23:26:51.749 10704 10803 I RobotCore: SHOOTER RPM1: 1261.0617214739223
01-05 23:26:51.749 10704 10803 I RobotCore: SHOOTER RPM2: 1061.9467128201452
01-05 23:26:51.769 10704 10803 I RobotCore: SHOOTER RPM1: 1185.3869105246727
01-05 23:26:51.769 10704 10803 I RobotCore: SHOOTER RPM2: 987.8224254372273
01-05 23:26:51.790 10704 10803 I RobotCore: SHOOTER RPM1: 1179.5190204519163
01-05 23:26:51.790 10704 10803 I RobotCore: SHOOTER RPM2: 982.9325170432635
01-05 23:26:51.810 10704 10803 I RobotCore: SHOOTER RPM1: 1258.4284020465686
01-05 23:26:51.810 10704 10803 I RobotCore: SHOOTER RPM2: 1059.7291806707947
01-05 23:26:51.831 10704 10803 I RobotCore: SHOOTER RPM1: 1194.8367630476519
01-05 23:26:51.831 10704 10803 I RobotCore: SHOOTER RPM2: 995.69730253971
01-05 23:26:51.851 10704 10803 I RobotCore: SHOOTER RPM1: 1177.9749669770097
01-05 23:26:51.851 10704 10803 I RobotCore: SHOOTER RPM2: 981.6458058141748
01-05 23:26:51.872 10704 10803 I RobotCore: SHOOTER RPM1: 1121.3250957748828
01-05 23:26:51.872 10704 10803 I RobotCore: SHOOTER RPM2: 923.4441965204918
01-05 23:26:51.900 10704 10803 I RobotCore: SHOOTER RPM1: 907.2092520568613
01-05 23:26:51.900 10704 10803 I RobotCore: SHOOTER RPM2: 763.9656859426201
01-05 23:26:51.937 10704 10803 I RobotCore: SHOOTER RPM1: 765.8307896622258
01-05 23:26:51.937 10704 10803 I RobotCore: SHOOTER RPM2: 656.4263911390507
01-05 23:26:51.958 10704 10803 I RobotCore: SHOOTER RPM1: 1385.8004364777767
01-05 23:26:51.958 10704 10803 I RobotCore: SHOOTER RPM2: 1187.82894555238
01-05 23:26:51.978 10704 10803 I RobotCore: SHOOTER RPM1: 1320.5791499697978
01-05 23:26:51.978 10704 10803 I RobotCore: SHOOTER RPM2: 1122.492277474328
01-05 23:26:51.999 10704 10803 I RobotCore: SHOOTER RPM1: 1328.4596011954714
01-05 23:26:51.999 10704 10803 I RobotCore: SHOOTER RPM2: 1129.1906610161507
01-05 23:26:52.020 10704 10803 I RobotCore: SHOOTER RPM1: 1285.5346755842563
01-05 23:26:52.020 10704 10803 I RobotCore: SHOOTER RPM2: 1092.7044742466178
01-05 23:26:52.040 10704 10803 I RobotCore: SHOOTER RPM1: 1322.6559340650304
01-05 23:26:52.040 10704 10803 I RobotCore: SHOOTER RPM2: 1124.2575439552759
01-05 23:26:52.060 10704 10803 I RobotCore: SHOOTER RPM1: 1393.0887548083272
01-05 23:26:52.060 10704 10803 I RobotCore: SHOOTER RPM2: 1194.0760755499948
01-05 23:26:52.081 10704 10803 I RobotCore: SHOOTER RPM1: 1316.4215534931204
01-05 23:26:52.081 10704 10803 I RobotCore: SHOOTER RPM2: 1118.9583204691523
01-05 23:26:52.101 10704 10803 I RobotCore: SHOOTER RPM1: 1382.1199745953186
01-05 23:26:52.102 10704 10803 I RobotCore: SHOOTER RPM2: 1184.6742639388444
01-05 23:26:52.122 10704 10803 I RobotCore: SHOOTER RPM1: 1248.592394435479
01-05 23:26:52.122 10704 10803 I RobotCore: SHOOTER RPM2: 1051.446226893035
01-05 23:26:52.143 10704 10803 I RobotCore: SHOOTER RPM1: 1184.839532679699
01-05 23:26:52.143 10704 10803 I RobotCore: SHOOTER RPM2: 987.3662772330825
01-05 23:26:52.163 10704 10803 I RobotCore: SHOOTER RPM1: 1192.1314650153645
01-05 23:26:52.163 10704 10803 I RobotCore: SHOOTER RPM2: 993.4428875128036
01-05 23:26:52.183 10704 10803 V RobotCore: thread: ...terminating 'LinearOpMode main'
01-05 23:26:52.185 10704 10792 I FIRST   : auto-stopping OpMode 'Shooter'
01-05 23:26:52.185 10704 10792 V RobotCore: waiting for service user linear op mode
01-05 23:26:52.186 10704 10792 V RobotCore: awaitTermination returned, isTerminated=true
01-05 23:26:52.186 10704 10792 V RobotCore: executive service user linear op mode is terminated
01-05 23:26:52.186 10704 10792 V RobotCore: executive service user linear op mode is terminated
01-05 23:26:52.187 10704 10792 I RobotCore: Attempting to switch to op mode $Stop$Robot$
01-05 23:26:52.268 10704 10762 V Robocol : sending CMD_INIT_OP_MODE_RESP(409), attempt: 0
01-05 23:26:52.290 10704 10758 V Robocol : received command: CMD_INIT_OP_MODE_RESP(409) $Stop$Robot$
01-05 23:26:52.292 10704 10758 V Robocol : received command: CMD_RUN_OP_MODE(10360) $Stop$Robot$
01-05 23:26:52.388 10704 10762 V Robocol : sending CMD_RUN_OP_MODE_RESP(415), attempt: 0
01-05 23:26:52.410 10704 10758 V Robocol : received command: CMD_RUN_OP_MODE_RESP(415) $Stop$Robot$
01-05 23:27:04.378 10704 10777 E FTDI_Device::: UsbConnection.requestWait() == null
01-05 23:27:04.379 10704 10704 D UsbDeviceConnectionJNI: close
01-05 23:27:04.380 10704 10761 D ProcessRequestThread::: Device has been closed.
01-05 23:27:04.380 10704 10774 W RobotCore: could not write to Modern Robotics USB Servo Controller [AL00VSDY]: FTDI Null Pointer Exception
01-05 23:27:04.380 10704 10761 W System.err: java.lang.InterruptedException
01-05 23:27:04.380 10704 10774 E RobotCore: java.lang.NullPointerException: Attempt to invoke interface method 'void java.util.concurrent.locks.Lock.unlock()' on a null object reference
01-05 23:27:04.380 10704 10761 W System.err: 	at java.util.concurrent.locks.AbstractQueuedSynchronizer.doAcquireSharedInterruptibly(AbstractQueuedSynchronizer.java:972)
01-05 23:27:04.380 10704 10761 W System.err: 	at java.util.concurrent.locks.AbstractQueuedSynchronizer.acquireSharedInterruptibly(AbstractQueuedSynchronizer.java:1278)
01-05 23:27:04.380 10704 10761 W System.err: 	at java.util.concurrent.Semaphore.acquire(Semaphore.java:284)
01-05 23:27:04.380 10704 10761 W System.err: 	at com.ftdi.j2xx.ProcessInCtrl.acquireReadableBuffer(FT_Device.java:2294)
01-05 23:27:04.380 10704 10761 W System.err: 	at com.ftdi.j2xx.ProcessRequestWorker.run(FT_Device.java:2764)
01-05 23:27:04.380 10704 10761 W System.err: 	at java.lang.Thread.run(Thread.java:818)
01-05 23:27:04.381 10704 10760 D BulkIn::: Stop BulkIn thread
01-05 23:27:04.381 10704 10760 W System.err: java.lang.NullPointerException: Attempt to invoke virtual method 'int com.ftdi.j2xx.D2xxManager$DriverParameters.getBufferNumber()' on a null object reference
01-05 23:27:04.381 10704 10760 W System.err: 	at com.ftdi.j2xx.ProcessInCtrl.releaseWritableBuffers(FT_Device.java:2672)
01-05 23:27:04.381 10704 10760 W System.err: 	at com.ftdi.j2xx.BulkInWorker.run(FT_Device.java:2879)
01-05 23:27:04.381 10704 10760 W System.err: 	at java.lang.Thread.run(Thread.java:818)
01-05 23:27:04.381 10704 10774 E RobotCore: com.ftdi.j2xx.ProcessInCtrl.readBulkInData(FT_Device.java:2520)
01-05 23:27:04.381 10704 10774 E RobotCore: com.ftdi.j2xx.FT_Device.read(FT_Device.java:666)
01-05 23:27:04.381 10704 10774 E RobotCore: com.qualcomm.robotcore.hardware.usb.ftdi.RobotUsbDeviceFtdi.read(RobotUsbDeviceFtdi.java:199)
01-05 23:27:04.381 10704 10774 E RobotCore: com.qualcomm.robotcore.hardware.usb.ftdi.RobotUsbDeviceFtdi.read(RobotUsbDeviceFtdi.java:176)
01-05 23:27:04.381 10704 10774 E RobotCore: com.qualcomm.modernrobotics.ReadWriteRunnableUsbHandler.a(SourceFile:77)
01-05 23:27:04.381 10704 10774 E RobotCore: com.qualcomm.modernrobotics.ReadWriteRunnableUsbHandler.read(SourceFile:66)
01-05 23:27:04.381 10704 10774 E RobotCore: com.qualcomm.hardware.modernrobotics.ReadWriteRunnableStandard$1.run(ReadWriteRunnableStandard.java:343)
01-05 23:27:04.381 10704 10774 E RobotCore: com.qualcomm.robotcore.util.ThreadPool.logThreadLifeCycle(ThreadPool.java:513)
01-05 23:27:04.381 10704 10774 E RobotCore: com.qualcomm.hardware.modernrobotics.ReadWriteRunnableStandard.run(ReadWriteRunnableStandard.java:302)
01-05 23:27:04.381 10704 10774 E RobotCore: java.util.concurrent.ThreadPoolExecutor.runWorker(ThreadPoolExecutor.java:1113)
01-05 23:27:04.381 10704 10774 E RobotCore: java.util.concurrent.ThreadPoolExecutor$Worker.run(ThreadPoolExecutor.java:588)
01-05 23:27:04.381 10704 10774 E RobotCore: java.lang.Thread.run(Thread.java:818)
01-05 23:27:04.381 10704 10774 V RobotCore: thread: ...terminating 'r/w loop: Modern Robotics USB Servo Controller [AL00VSDY]'
01-05 23:27:04.383 10704 10783 E FTDI_Device::: UsbConnection.requestWait() == null
01-05 23:27:04.384 10704 10791 E FTDI_Device::: UsbConnection.requestWait() == null
01-05 23:27:04.385 10704 10704 D UsbDeviceConnectionJNI: close
01-05 23:27:04.385 10704 10782 D ProcessRequestThread::: Device has been closed.
01-05 23:27:04.385 10704 10782 W System.err: java.lang.InterruptedException
01-05 23:27:04.386 10704 10782 W System.err: 	at java.util.concurrent.locks.AbstractQueuedSynchronizer.doAcquireSharedInterruptibly(AbstractQueuedSynchronizer.java:972)
01-05 23:27:04.386 10704 10782 W System.err: 	at java.util.concurrent.locks.AbstractQueuedSynchronizer.acquireSharedInterruptibly(AbstractQueuedSynchronizer.java:1278)
01-05 23:27:04.386 10704 10782 W System.err: 	at java.util.concurrent.Semaphore.acquire(Semaphore.java:284)
01-05 23:27:04.386 10704 10782 W System.err: 	at com.ftdi.j2xx.ProcessInCtrl.acquireReadableBuffer(FT_Device.java:2294)
01-05 23:27:04.386 10704 10782 W System.err: 	at com.ftdi.j2xx.ProcessRequestWorker.run(FT_Device.java:2764)
01-05 23:27:04.386 10704 10782 W System.err: 	at java.lang.Thread.run(Thread.java:818)
01-05 23:27:04.386 10704 10781 D BulkIn::: Stop BulkIn thread
01-05 23:27:04.386 10704 10781 W System.err: java.lang.NullPointerException: Null pointer exception during instruction 'monitor-enter v2'
01-05 23:27:04.386 10704 10781 W System.err: 	at com.ftdi.j2xx.ProcessInCtrl.getBuffer(FT_Device.java:2269)
01-05 23:27:04.386 10704 10781 W System.err: 	at com.ftdi.j2xx.ProcessInCtrl.releaseWritableBuffers(FT_Device.java:2675)
01-05 23:27:04.386 10704 10781 W System.err: 	at com.ftdi.j2xx.BulkInWorker.run(FT_Device.java:2879)
01-05 23:27:04.386 10704 10781 W System.err: 	at java.lang.Thread.run(Thread.java:818)
01-05 23:27:04.386 10704 10783 W RobotCore: could not write to Modern Robotics USB DC Motor Controller [AL00VWH0]: FTDI Null Pointer Exception
01-05 23:27:04.386 10704 10783 E RobotCore: java.lang.NullPointerException: Attempt to invoke interface method 'void java.util.concurrent.locks.Lock.unlock()' on a null object reference
01-05 23:27:04.386 10704 10783 E RobotCore: com.ftdi.j2xx.ProcessInCtrl.readBulkInData(FT_Device.java:2520)
01-05 23:27:04.386 10704 10783 E RobotCore: com.ftdi.j2xx.FT_Device.read(FT_Device.java:666)
01-05 23:27:04.387 10704 10783 E RobotCore: com.qualcomm.robotcore.hardware.usb.ftdi.RobotUsbDeviceFtdi.read(RobotUsbDeviceFtdi.java:199)
01-05 23:27:04.387 10704 10783 E RobotCore: com.qualcomm.robotcore.hardware.usb.ftdi.RobotUsbDeviceFtdi.read(RobotUsbDeviceFtdi.java:176)
01-05 23:27:04.387 10704 10783 E RobotCore: com.qualcomm.modernrobotics.ReadWriteRunnableUsbHandler.a(SourceFile:77)
01-05 23:27:04.387 10704 10783 E RobotCore: com.qualcomm.modernrobotics.ReadWriteRunnableUsbHandler.read(SourceFile:66)
01-05 23:27:04.387 10704 10783 E RobotCore: com.qualcomm.hardware.modernrobotics.ReadWriteRunnableStandard$1.run(ReadWriteRunnableStandard.java:343)
01-05 23:27:04.387 10704 10783 E RobotCore: com.qualcomm.robotcore.util.ThreadPool.logThreadLifeCycle(ThreadPool.java:513)
01-05 23:27:04.387 10704 10783 E RobotCore: com.qualcomm.hardware.modernrobotics.ReadWriteRunnableStandard.run(ReadWriteRunnableStandard.java:302)
01-05 23:27:04.387 10704 10783 E RobotCore: java.util.concurrent.ThreadPoolExecutor.runWorker(ThreadPoolExecutor.java:1113)
01-05 23:27:04.387 10704 10783 E RobotCore: java.util.concurrent.ThreadPoolExecutor$Worker.run(ThreadPoolExecutor.java:588)
01-05 23:27:04.387 10704 10783 E RobotCore: java.lang.Thread.run(Thread.java:818)
01-05 23:27:04.387 10704 10792 D RobotCore: system telemetry: key=$System$Warning$ msg="problem communicating with Modern Robotics USB Servo Controller [AL00VSDY]"
01-05 23:27:04.387 10704 10783 V RobotCore: thread: ...terminating 'r/w loop: Modern Robotics USB DC Motor Controller [AL00VWH0]'
01-05 23:27:04.387 10704 10792 V RobotCore: event loop: device has shutdown abnormally
01-05 23:27:04.387 10704 10792 V RobotCore: event loop: detaching device owner
01-05 23:27:04.387 10704 10792 I FIRST   : ======= MODULE DETACH RECOVERY: disarm Modern Robotics USB Servo Controller [AL00VSDY]=======
01-05 23:27:04.388 10704 10792 D RobotCore: disarming modern servo controller "Modern Robotics USB Servo Controller [AL00VSDY]"...
01-05 23:27:04.388 10704 10792 V RobotCore: waiting for service ReadWriteRunnable for Modern Robotics USB Device
01-05 23:27:04.388 10704 10792 V RobotCore: awaitTermination returned, isTerminated=true
01-05 23:27:04.388 10704 10792 V RobotCore: executive service ReadWriteRunnable for Modern Robotics USB Device is terminated
01-05 23:27:04.388 10704 10792 D RobotCore: ...disarming modern servo controller Modern Robotics USB Servo Controller [AL00VSDY] complete
01-05 23:27:04.388 10704 10792 I FIRST   : ======= MODULE DETACH RECOVERY: pretend Modern Robotics USB Servo Controller [AL00VSDY]=======
01-05 23:27:04.388 10704 10792 D RobotCore: arming modern servo controller Modern Robotics USB Servo Controller [AL00VSDY] (pretend)...
01-05 23:27:04.389 10704 10792 V RobotCore: Starting up pretend device AL00VSDY
01-05 23:27:04.390 10704 10811 V RobotCore: thread: 'r/w loop: Modern Robotics USB Servo Controller [AL00VSDY]' starting...
01-05 23:27:04.391 10704 10792 D RobotCore: ...arming modern servo controller Modern Robotics USB Servo Controller [AL00VSDY] complete
01-05 23:27:04.391 10704 10792 I FIRST   : ======= MODULE DETACH RECOVERY: complete Modern Robotics USB Servo Controller [AL00VSDY]=======
01-05 23:27:04.391 10704 10792 V RobotCore: event loop: device has shutdown abnormally
01-05 23:27:04.391 10704 10792 V RobotCore: event loop: detaching device owner
01-05 23:27:04.391 10704 10792 I FIRST   : ======= MODULE DETACH RECOVERY: disarm Modern Robotics USB DC Motor Controller [AL00VWH0]=======
01-05 23:27:04.391 10704 10792 D RobotCore: disarming modern motor controller Modern Robotics USB DC Motor Controller [AL00VWH0]...
01-05 23:27:04.391 10704 10792 V RobotCore: waiting for service ReadWriteRunnable for Modern Robotics USB Device
01-05 23:27:04.391 10704 10792 V RobotCore: awaitTermination returned, isTerminated=true
01-05 23:27:04.392 10704 10792 V RobotCore: executive service ReadWriteRunnable for Modern Robotics USB Device is terminated
01-05 23:27:04.392 10704 10792 D RobotCore: ...disarming modern motor controller Modern Robotics USB DC Motor Controller [AL00VWH0] complete
01-05 23:27:04.392 10704 10792 I FIRST   : ======= MODULE DETACH RECOVERY: pretend Modern Robotics USB DC Motor Controller [AL00VWH0]=======
01-05 23:27:04.392 10704 10792 D RobotCore: arming modern motor controller Modern Robotics USB DC Motor Controller [AL00VWH0] (pretend)...
01-05 23:27:04.392 10704 10792 V RobotCore: Starting up pretend device AL00VWH0
01-05 23:27:04.395 10704 10704 D UsbDeviceConnectionJNI: close
01-05 23:27:04.395 10704 10776 D ProcessRequestThread::: Device has been closed.
01-05 23:27:04.395 10704 10776 W System.err: java.lang.InterruptedException
01-05 23:27:04.396 10704 10776 W System.err: 	at java.util.concurrent.locks.AbstractQueuedSynchronizer.doAcquireSharedInterruptibly(AbstractQueuedSynchronizer.java:972)
01-05 23:27:04.396 10704 10776 W System.err: 	at java.util.concurrent.locks.AbstractQueuedSynchronizer.acquireSharedInterruptibly(AbstractQueuedSynchronizer.java:1278)
01-05 23:27:04.396 10704 10776 W System.err: 	at java.util.concurrent.Semaphore.acquire(Semaphore.java:284)
01-05 23:27:04.396 10704 10776 W System.err: 	at com.ftdi.j2xx.ProcessInCtrl.acquireReadableBuffer(FT_Device.java:2294)
01-05 23:27:04.396 10704 10776 W System.err: 	at com.ftdi.j2xx.ProcessRequestWorker.run(FT_Device.java:2764)
01-05 23:27:04.396 10704 10776 W System.err: 	at java.lang.Thread.run(Thread.java:818)
01-05 23:27:04.396 10704 10777 W RobotCore: could not write to Modern Robotics USB Core Device Interface Module [AL00VFK6]: FTDI Null Pointer Exception
01-05 23:27:04.396 10704 10777 E RobotCore: java.lang.NullPointerException: Attempt to invoke interface method 'void java.util.concurrent.locks.Lock.unlock()' on a null object reference
01-05 23:27:04.396 10704 10777 E RobotCore: com.ftdi.j2xx.ProcessInCtrl.readBulkInData(FT_Device.java:2520)
01-05 23:27:04.396 10704 10777 E RobotCore: com.ftdi.j2xx.FT_Device.read(FT_Device.java:666)
01-05 23:27:04.396 10704 10777 E RobotCore: com.qualcomm.robotcore.hardware.usb.ftdi.RobotUsbDeviceFtdi.read(RobotUsbDeviceFtdi.java:199)
01-05 23:27:04.396 10704 10777 E RobotCore: com.qualcomm.robotcore.hardware.usb.ftdi.RobotUsbDeviceFtdi.read(RobotUsbDeviceFtdi.java:176)
01-05 23:27:04.396 10704 10775 D BulkIn::: Stop BulkIn thread
01-05 23:27:04.396 10704 10777 E RobotCore: com.qualcomm.modernrobotics.ReadWriteRunnableUsbHandler.a(SourceFile:77)
01-05 23:27:04.396 10704 10777 E RobotCore: com.qualcomm.modernrobotics.ReadWriteRunnableUsbHandler.read(SourceFile:66)
01-05 23:27:04.396 10704 10777 E RobotCore: com.qualcomm.hardware.modernrobotics.ReadWriteRunnableStandard$1.run(ReadWriteRunnableStandard.java:343)
01-05 23:27:04.396 10704 10775 W System.err: java.lang.NullPointerException: Attempt to invoke virtual method 'int com.ftdi.j2xx.D2xxManager$DriverParameters.getBufferNumber()' on a null object reference
01-05 23:27:04.396 10704 10777 E RobotCore: com.qualcomm.robotcore.util.ThreadPool.logThreadLifeCycle(ThreadPool.java:513)
01-05 23:27:04.396 10704 10777 E RobotCore: com.qualcomm.hardware.modernrobotics.ReadWriteRunnableStandard.run(ReadWriteRunnableStandard.java:302)
01-05 23:27:04.396 10704 10777 E RobotCore: java.util.concurrent.ThreadPoolExecutor.runWorker(ThreadPoolExecutor.java:1113)
01-05 23:27:04.396 10704 10775 W System.err: 	at com.ftdi.j2xx.ProcessInCtrl.releaseWritableBuffers(FT_Device.java:2672)
01-05 23:27:04.396 10704 10777 E RobotCore: java.util.concurrent.ThreadPoolExecutor$Worker.run(ThreadPoolExecutor.java:588)
01-05 23:27:04.397 10704 10777 E RobotCore: java.lang.Thread.run(Thread.java:818)
01-05 23:27:04.397 10704 10777 V RobotCore: thread: ...terminating 'r/w loop: Modern Robotics USB Core Device Interface Module [AL00VFK6]'
01-05 23:27:04.398 10704 10775 W System.err: 	at com.ftdi.j2xx.BulkInWorker.run(FT_Device.java:2879)
01-05 23:27:04.398 10704 10775 W System.err: 	at java.lang.Thread.run(Thread.java:818)
01-05 23:27:04.399 10704 10812 V RobotCore: thread: 'r/w loop: Modern Robotics USB DC Motor Controller [AL00VWH0]' starting...
01-05 23:27:04.399 10704 10792 D RobotCore: ...arming modern motor controller Modern Robotics USB DC Motor Controller [AL00VWH0] complete
01-05 23:27:04.399 10704 10792 I FIRST   : ======= MODULE DETACH RECOVERY: complete Modern Robotics USB DC Motor Controller [AL00VWH0]=======
01-05 23:27:04.400 10704 10792 D RobotCore: system telemetry: key=$System$Warning$ msg="problem communicating with Modern Robotics USB DC Motor Controller [AL00VWH0]; problem communicating with Modern Robotics USB Core Device Interface Module [AL00VFK6]; problem communicating with Modern Robotics USB Servo Controller [AL00VSDY]"
01-05 23:27:04.400 10704 10792 V RobotCore: event loop: device has shutdown abnormally
01-05 23:27:04.400 10704 10792 V RobotCore: event loop: detaching device owner
01-05 23:27:04.400 10704 10792 I FIRST   : ======= MODULE DETACH RECOVERY: disarm Modern Robotics USB Core Device Interface Module [AL00VFK6]=======
01-05 23:27:04.401 10704 10792 V RobotCore: waiting for service ReadWriteRunnable for Modern Robotics USB Device
01-05 23:27:04.401 10704 10792 V RobotCore: awaitTermination returned, isTerminated=true
01-05 23:27:04.401 10704 10792 V RobotCore: executive service ReadWriteRunnable for Modern Robotics USB Device is terminated
01-05 23:27:04.401 10704 10792 I FIRST   : ======= MODULE DETACH RECOVERY: pretend Modern Robotics USB Core Device Interface Module [AL00VFK6]=======
01-05 23:27:04.401 10704 10792 V RobotCore: Starting up pretend device AL00VFK6
01-05 23:27:04.402 10704 10815 V RobotCore: thread: 'r/w loop: Modern Robotics USB Core Device Interface Module [AL00VFK6]' starting...
01-05 23:27:04.403 10704 10792 I FIRST   : ======= MODULE DETACH RECOVERY: complete Modern Robotics USB Core Device Interface Module [AL00VFK6]=======
01-05 23:27:04.415 10704 10766 D MediaPlayer: setSubtitleAnchor in MediaPlayer
01-05 23:27:04.415 10704 10704 D UsbDeviceConnectionJNI: close
01-05 23:27:04.416 10704 10704 D UsbDeviceConnectionJNI: close
01-05 23:27:04.416 10704 10791 W RobotCore: could not write to Modern Robotics USB DC Motor Controller [AL00VBIF]: FTDI Null Pointer Exception
01-05 23:27:04.416 10704 10791 E RobotCore: java.lang.NullPointerException: Attempt to invoke interface method 'void java.util.concurrent.locks.Lock.unlock()' on a null object reference
01-05 23:27:04.416 10704 10791 E RobotCore: com.ftdi.j2xx.ProcessInCtrl.readBulkInData(FT_Device.java:2520)
01-05 23:27:04.416 10704 10788 D ProcessRequestThread::: Device has been closed.
01-05 23:27:04.416 10704 10791 E RobotCore: com.ftdi.j2xx.FT_Device.read(FT_Device.java:666)
01-05 23:27:04.416 10704 10788 W System.err: java.lang.InterruptedException
01-05 23:27:04.416 10704 10791 E RobotCore: com.qualcomm.robotcore.hardware.usb.ftdi.RobotUsbDeviceFtdi.read(RobotUsbDeviceFtdi.java:199)
01-05 23:27:04.416 10704 10791 E RobotCore: com.qualcomm.robotcore.hardware.usb.ftdi.RobotUsbDeviceFtdi.read(RobotUsbDeviceFtdi.java:176)
01-05 23:27:04.416 10704 10791 E RobotCore: com.qualcomm.modernrobotics.ReadWriteRunnableUsbHandler.a(SourceFile:77)
01-05 23:27:04.416 10704 10791 E RobotCore: com.qualcomm.modernrobotics.ReadWriteRunnableUsbHandler.read(SourceFile:66)
01-05 23:27:04.416 10704 10791 E RobotCore: com.qualcomm.hardware.modernrobotics.ReadWriteRunnableStandard$1.run(ReadWriteRunnableStandard.java:343)
01-05 23:27:04.416 10704 10791 E RobotCore: com.qualcomm.robotcore.util.ThreadPool.logThreadLifeCycle(ThreadPool.java:513)
01-05 23:27:04.416 10704 10791 E RobotCore: com.qualcomm.hardware.modernrobotics.ReadWriteRunnableStandard.run(ReadWriteRunnableStandard.java:302)
01-05 23:27:04.416 10704 10788 W System.err: 	at java.util.concurrent.locks.AbstractQueuedSynchronizer.doAcquireSharedInterruptibly(AbstractQueuedSynchronizer.java:972)
01-05 23:27:04.416 10704 10791 E RobotCore: java.util.concurrent.ThreadPoolExecutor.runWorker(ThreadPoolExecutor.java:1113)
01-05 23:27:04.416 10704 10788 W System.err: 	at java.util.concurrent.locks.AbstractQueuedSynchronizer.acquireSharedInterruptibly(AbstractQueuedSynchronizer.java:1278)
01-05 23:27:04.416 10704 10791 E RobotCore: java.util.concurrent.ThreadPoolExecutor$Worker.run(ThreadPoolExecutor.java:588)
01-05 23:27:04.416 10704 10791 E RobotCore: java.lang.Thread.run(Thread.java:818)
01-05 23:27:04.416 10704 10704 D UsbDeviceConnectionJNI: close
01-05 23:27:04.416 10704 10788 W System.err: 	at java.util.concurrent.Semaphore.acquire(Semaphore.java:284)
01-05 23:27:04.416 10704 10788 W System.err: 	at com.ftdi.j2xx.ProcessInCtrl.acquireReadableBuffer(FT_Device.java:2294)
01-05 23:27:04.416 10704 10788 W System.err: 	at com.ftdi.j2xx.ProcessRequestWorker.run(FT_Device.java:2764)
01-05 23:27:04.416 10704 10788 W System.err: 	at java.lang.Thread.run(Thread.java:818)
01-05 23:27:04.416 10704 10791 V RobotCore: thread: ...terminating 'r/w loop: Modern Robotics USB DC Motor Controller [AL00VBIF]'
01-05 23:27:04.416 10704 10787 D BulkIn::: Stop BulkIn thread
01-05 23:27:04.417 10704 10787 W System.err: java.lang.NullPointerException: Attempt to invoke virtual method 'int com.ftdi.j2xx.D2xxManager$DriverParameters.getBufferNumber()' on a null object reference
01-05 23:27:04.417 10704 10779 D ProcessRequestThread::: Device has been closed.
01-05 23:27:04.417 10704 10787 W System.err: 	at com.ftdi.j2xx.ProcessInCtrl.releaseWritableBuffers(FT_Device.java:2672)
01-05 23:27:04.417 10704 10784 D BulkIn::: Stop BulkIn thread
01-05 23:27:04.417 10704 10787 W System.err: 	at com.ftdi.j2xx.BulkInWorker.run(FT_Device.java:2879)
01-05 23:27:04.417 10704 10784 W System.err: 	at java.lang.NullPointerException: Attempt to invoke virtual method 'int com.ftdi.j2xx.D2xxManager$DriverParameters.getBufferNumber()' on a null object referencejava.lang.Thread.run(Thread.java:818)
01-05 23:27:04.417 10704 10784 W System.err: 	at com.ftdi.j2xx.ProcessInCtrl.releaseWritableBuffers(FT_Device.java:2672)
01-05 23:27:04.417 10704 10784 W System.err: 	at com.ftdi.j2xx.BulkInWorker.run(FT_Device.java:2879)
01-05 23:27:04.417 10704 10784 W System.err: 	at java.lang.Thread.run(Thread.java:818)
01-05 23:27:04.417 10704 10785 D ProcessRequestThread::: Device has been closed.
01-05 23:27:04.417 10704 10778 D BulkIn::: Stop BulkIn thread
01-05 23:27:04.417 10704 10785 W System.err: java.lang.InterruptedException
01-05 23:27:04.417 10704 10785 W System.err: 	at java.util.concurrent.locks.AbstractQueuedSynchronizer.doAcquireSharedInterruptibly(AbstractQueuedSynchronizer.java:972)
01-05 23:27:04.417 10704 10785 W System.err: 	at java.util.concurrent.locks.AbstractQueuedSynchronizer.acquireSharedInterruptibly(AbstractQueuedSynchronizer.java:1278)
01-05 23:27:04.417 10704 10778 W System.err: 	at java.lang.NullPointerException: Attempt to invoke virtual method 'int com.ftdi.j2xx.D2xxManager$DriverParameters.getBufferNumber()' on a null object reference
01-05 23:27:04.417 10704 10778 W System.err: 	at com.ftdi.j2xx.ProcessInCtrl.releaseWritableBuffers(FT_Device.java:2672)
01-05 23:27:04.417 10704 10778 W System.err: 	at com.ftdi.j2xx.BulkInWorker.run(FT_Device.java:2879)
01-05 23:27:04.417 10704 10778 W System.err: 	at java.lang.Thread.run(Thread.java:818)
01-05 23:27:04.417 10704 10780 W RobotCore: could not write to Modern Robotics USB DC Motor Controller [A104OQ1P]: FTDI Null Pointer Exception
01-05 23:27:04.417 10704 10780 E RobotCore: java.lang.NullPointerException: Attempt to invoke interface method 'void java.util.concurrent.locks.Lock.unlock()' on a null object reference
01-05 23:27:04.417 10704 10779 W System.err: java.lang.InterruptedException
01-05 23:27:04.418 10704 10786 W RobotCore: could not write to Modern Robotics USB DC Motor Controller [AI049QOP]: FTDI Null Pointer Exception
01-05 23:27:04.418 10704 10786 E RobotCore: java.lang.NullPointerException: Attempt to invoke interface method 'void java.util.concurrent.locks.Lock.unlock()' on a null object reference
01-05 23:27:04.418 10704 10780 E RobotCore: com.ftdi.j2xx.ProcessInCtrl.readBulkInData(FT_Device.java:2520)
01-05 23:27:04.418 10704 10780 E RobotCore: com.ftdi.j2xx.FT_Device.read(FT_Device.java:666)
01-05 23:27:04.418 10704 10787 W System.err: 	at 
01-05 23:27:04.418 10704 10785 W System.err: java.util.concurrent.Semaphore.acquire(Semaphore.java:284)
01-05 23:27:04.418 10704 10786 E RobotCore: com.ftdi.j2xx.ProcessInCtrl.readBulkInData(FT_Device.java:2520)
01-05 23:27:04.418 10704 10785 W System.err: 	at com.ftdi.j2xx.ProcessInCtrl.acquireReadableBuffer(FT_Device.java:2294)
01-05 23:27:04.418 10704 10786 E RobotCore: com.ftdi.j2xx.FT_Device.read(FT_Device.java:666)
01-05 23:27:04.418 10704 10785 W System.err: 	at com.ftdi.j2xx.ProcessRequestWorker.run(FT_Device.java:2764)
01-05 23:27:04.418 10704 10785 W System.err: 	at java.lang.Thread.run(Thread.java:818)
01-05 23:27:04.418 10704 10779 W System.err: java.util.concurrent.locks.AbstractQueuedSynchronizer.doAcquireSharedInterruptibly(AbstractQueuedSynchronizer.java:972)
01-05 23:27:04.418 10704 10779 W System.err: 	at java.util.concurrent.locks.AbstractQueuedSynchronizer.acquireSharedInterruptibly(AbstractQueuedSynchronizer.java:1278)
01-05 23:27:04.418 10704 10779 W System.err: 	at java.util.concurrent.Semaphore.acquire(Semaphore.java:284)
01-05 23:27:04.418 10704 10779 W System.err: 	at com.ftdi.j2xx.ProcessInCtrl.acquireReadableBuffer(FT_Device.java:2294)
01-05 23:27:04.418 10704 10779 W System.err: 	at com.ftdi.j2xx.ProcessRequestWorker.run(FT_Device.java:2764)
01-05 23:27:04.418 10704 10779 W System.err: 	at java.lang.Thread.run(Thread.java:818)
01-05 23:27:04.418 10704 10780 E RobotCore: com.qualcomm.robotcore.hardware.usb.ftdi.RobotUsbDeviceFtdi.read(RobotUsbDeviceFtdi.java:199)
01-05 23:27:04.418 10704 10780 E RobotCore: com.qualcomm.robotcore.hardware.usb.ftdi.RobotUsbDeviceFtdi.read(RobotUsbDeviceFtdi.java:176)
01-05 23:27:04.418 10704 10780 E RobotCore: com.qualcomm.modernrobotics.ReadWriteRunnableUsbHandler.a(SourceFile:77)
01-05 23:27:04.418 10704 10780 E RobotCore: com.qualcomm.modernrobotics.ReadWriteRunnableUsbHandler.read(SourceFile:66)
01-05 23:27:04.418 10704 10780 E RobotCore: com.qualcomm.hardware.modernrobotics.ReadWriteRunnableStandard$1.run(ReadWriteRunnableStandard.java:343)
01-05 23:27:04.418 10704 10780 E RobotCore: com.qualcomm.robotcore.util.ThreadPool.logThreadLifeCycle(ThreadPool.java:513)
01-05 23:27:04.419 10704 10780 E RobotCore: com.qualcomm.hardware.modernrobotics.ReadWriteRunnableStandard.run(ReadWriteRunnableStandard.java:302)
01-05 23:27:04.419 10704 10780 E RobotCore: java.util.concurrent.ThreadPoolExecutor.runWorker(ThreadPoolExecutor.java:1113)
01-05 23:27:04.419 10704 10780 E RobotCore: java.util.concurrent.ThreadPoolExecutor$Worker.run(ThreadPoolExecutor.java:588)
01-05 23:27:04.419 10704 10780 E RobotCore: java.lang.Thread.run(Thread.java:818)
01-05 23:27:04.419 10704 10780 V RobotCore: thread: ...terminating 'r/w loop: Modern Robotics USB DC Motor Controller [A104OQ1P]'
01-05 23:27:04.419 10704 10786 E RobotCore: com.qualcomm.robotcore.hardware.usb.ftdi.RobotUsbDeviceFtdi.read(RobotUsbDeviceFtdi.java:199)
01-05 23:27:04.419 10704 10786 E RobotCore: com.qualcomm.robotcore.hardware.usb.ftdi.RobotUsbDeviceFtdi.read(RobotUsbDeviceFtdi.java:176)
01-05 23:27:04.419 10704 10786 E RobotCore: com.qualcomm.modernrobotics.ReadWriteRunnableUsbHandler.a(SourceFile:77)
01-05 23:27:04.419 10704 10786 E RobotCore: com.qualcomm.modernrobotics.ReadWriteRunnableUsbHandler.read(SourceFile:66)
01-05 23:27:04.419 10704 10786 E RobotCore: com.qualcomm.hardware.modernrobotics.ReadWriteRunnableStandard$1.run(ReadWriteRunnableStandard.java:343)
01-05 23:27:04.419 10704 10786 E RobotCore: com.qualcomm.robotcore.util.ThreadPool.logThreadLifeCycle(ThreadPool.java:513)
01-05 23:27:04.419 10704 10786 E RobotCore: com.qualcomm.hardware.modernrobotics.ReadWriteRunnableStandard.run(ReadWriteRunnableStandard.java:302)
01-05 23:27:04.419 10704 10786 E RobotCore: java.util.concurrent.ThreadPoolExecutor.runWorker(ThreadPoolExecutor.java:1113)
01-05 23:27:04.419 10704 10786 E RobotCore: java.util.concurrent.ThreadPoolExecutor$Worker.run(ThreadPoolExecutor.java:588)
01-05 23:27:04.419 10704 10786 E RobotCore: java.lang.Thread.run(Thread.java:818)
01-05 23:27:04.419 10704 10786 V RobotCore: thread: ...terminating 'r/w loop: Modern Robotics USB DC Motor Controller [AI049QOP]'
01-05 23:27:04.421 10704 10792 D RobotCore: system telemetry: key=$System$Warning$ msg="problem communicating with Modern Robotics USB DC Motor Controller [A104OQ1P]; problem communicating with Modern Robotics USB DC Motor Controller [AL00VBIF]; problem communicating with Modern Robotics USB DC Motor Controller [AL00VWH0]; problem communicating with Modern Robotics USB Core Device Interface Module [AL00VFK6]; problem communicating with Modern Robotics USB DC Motor Controller [AI049QOP]; problem communicating with Modern Robotics USB Servo Controller [AL00VSDY]"
01-05 23:27:04.421 10704 10792 V RobotCore: event loop: device has shutdown abnormally
01-05 23:27:04.422 10704 10792 V RobotCore: event loop: detaching device owner
01-05 23:27:04.422 10704 10792 I FIRST   : ======= MODULE DETACH RECOVERY: disarm Modern Robotics USB DC Motor Controller [A104OQ1P]=======
01-05 23:27:04.422 10704 10792 D RobotCore: disarming modern motor controller Modern Robotics USB DC Motor Controller [A104OQ1P]...
01-05 23:27:04.422 10704 10792 V RobotCore: waiting for service ReadWriteRunnable for Modern Robotics USB Device
01-05 23:27:04.422 10704 10792 V RobotCore: awaitTermination returned, isTerminated=true
01-05 23:27:04.422 10704 10792 V RobotCore: executive service ReadWriteRunnable for Modern Robotics USB Device is terminated
01-05 23:27:04.422 10704 10792 D RobotCore: ...disarming modern motor controller Modern Robotics USB DC Motor Controller [A104OQ1P] complete
01-05 23:27:04.422 10704 10792 I FIRST   : ======= MODULE DETACH RECOVERY: pretend Modern Robotics USB DC Motor Controller [A104OQ1P]=======
01-05 23:27:04.422 10704 10792 D RobotCore: arming modern motor controller Modern Robotics USB DC Motor Controller [A104OQ1P] (pretend)...
01-05 23:27:04.423 10704 10792 V RobotCore: Starting up pretend device A104OQ1P
01-05 23:27:04.424 10704 10817 V RobotCore: thread: 'r/w loop: Modern Robotics USB DC Motor Controller [A104OQ1P]' starting...
01-05 23:27:04.425 10704 10792 D RobotCore: ...arming modern motor controller Modern Robotics USB DC Motor Controller [A104OQ1P] complete
01-05 23:27:04.425 10704 10792 I FIRST   : ======= MODULE DETACH RECOVERY: complete Modern Robotics USB DC Motor Controller [A104OQ1P]=======
01-05 23:27:04.425 10704 10792 V RobotCore: event loop: device has shutdown abnormally
01-05 23:27:04.425 10704 10792 V RobotCore: event loop: detaching device owner
01-05 23:27:04.425 10704 10792 I FIRST   : ======= MODULE DETACH RECOVERY: disarm Modern Robotics USB DC Motor Controller [AI049QOP]=======
01-05 23:27:04.425 10704 10792 D RobotCore: disarming modern motor controller Modern Robotics USB DC Motor Controller [AI049QOP]...
01-05 23:27:04.425 10704 10792 V RobotCore: waiting for service ReadWriteRunnable for Modern Robotics USB Device
01-05 23:27:04.426 10704 10792 V RobotCore: awaitTermination returned, isTerminated=true
01-05 23:27:04.426 10704 10792 V RobotCore: executive service ReadWriteRunnable for Modern Robotics USB Device is terminated
01-05 23:27:04.426 10704 10792 D RobotCore: ...disarming modern motor controller Modern Robotics USB DC Motor Controller [AI049QOP] complete
01-05 23:27:04.426 10704 10792 I FIRST   : ======= MODULE DETACH RECOVERY: pretend Modern Robotics USB DC Motor Controller [AI049QOP]=======
01-05 23:27:04.426 10704 10792 D RobotCore: arming modern motor controller Modern Robotics USB DC Motor Controller [AI049QOP] (pretend)...
01-05 23:27:04.426 10704 10792 V RobotCore: Starting up pretend device AI049QOP
01-05 23:27:04.430 10704 10818 V RobotCore: thread: 'r/w loop: Modern Robotics USB DC Motor Controller [AI049QOP]' starting...
01-05 23:27:04.430 10704 10792 D RobotCore: ...arming modern motor controller Modern Robotics USB DC Motor Controller [AI049QOP] complete
01-05 23:27:04.430 10704 10792 I FIRST   : ======= MODULE DETACH RECOVERY: complete Modern Robotics USB DC Motor Controller [AI049QOP]=======
01-05 23:27:04.430 10704 10792 V RobotCore: event loop: device has shutdown abnormally
01-05 23:27:04.430 10704 10792 V RobotCore: event loop: detaching device owner
01-05 23:27:04.431 10704 10792 I FIRST   : ======= MODULE DETACH RECOVERY: disarm Modern Robotics USB DC Motor Controller [AL00VBIF]=======
01-05 23:27:04.431 10704 10792 D RobotCore: disarming modern motor controller Modern Robotics USB DC Motor Controller [AL00VBIF]...
01-05 23:27:04.431 10704 10792 V RobotCore: waiting for service ReadWriteRunnable for Modern Robotics USB Device
01-05 23:27:04.431 10704 10792 V RobotCore: awaitTermination returned, isTerminated=true
01-05 23:27:04.432 10704 10792 V RobotCore: executive service ReadWriteRunnable for Modern Robotics USB Device is terminated
01-05 23:27:04.432 10704 10792 D RobotCore: ...disarming modern motor controller Modern Robotics USB DC Motor Controller [AL00VBIF] complete
01-05 23:27:04.432 10704 10792 I FIRST   : ======= MODULE DETACH RECOVERY: pretend Modern Robotics USB DC Motor Controller [AL00VBIF]=======
01-05 23:27:04.432 10704 10792 D RobotCore: arming modern motor controller Modern Robotics USB DC Motor Controller [AL00VBIF] (pretend)...
01-05 23:27:04.432 10704 10792 V RobotCore: Starting up pretend device AL00VBIF
01-05 23:27:04.444 10704 10819 V RobotCore: thread: 'r/w loop: Modern Robotics USB DC Motor Controller [AL00VBIF]' starting...
01-05 23:27:04.444 10704 10792 D RobotCore: ...arming modern motor controller Modern Robotics USB DC Motor Controller [AL00VBIF] complete
01-05 23:27:04.444 10704 10792 I FIRST   : ======= MODULE DETACH RECOVERY: complete Modern Robotics USB DC Motor Controller [AL00VBIF]=======
01-05 23:27:04.445 10704 10764 D ExtendedUtils: extended extractor not needed, return default
01-05 23:27:04.446 10704 10764 I MediaCodec: (0xb764e018) init name(audio/raw) isType(1) encoder(0)
01-05 23:27:04.448 10704 10820 I OMXClient: Using client-side OMX mux.
01-05 23:27:04.451 10704 10820 E OMXMaster: A component of name 'OMX.qcom.audio.decoder.aac' already exists, ignoring this one.
01-05 23:27:04.453 10704 10820 I MediaCodec: (0xb764e018) Component Allocated (OMX.google.raw.decoder)
01-05 23:27:04.453 10704 10764 I MediaCodec: (0xb764e018) configure surface(0x0) crypto(0x0) flags(0)
01-05 23:27:04.453 10704 10764 D MediaCodec: (0xb764e018) configure format: AMessage(what = 0x00000000) = {
01-05 23:27:04.453 10704 10764 D MediaCodec:    string mime = "audio/raw"
01-05 23:27:04.453 10704 10764 D MediaCodec:    int64_t durationUs = 1043650
01-05 23:27:04.453 10704 10764 D MediaCodec:    int32_t channel-count = 2
01-05 23:27:04.453 10704 10764 D MediaCodec:    int32_t sample-rate = 44100
01-05 23:27:04.453 10704 10764 D MediaCodec:    int32_t channel-mask = 0
01-05 23:27:04.453 10704 10764 D MediaCodec:  }
01-05 23:27:04.454 10704 10764 I MediaCodec: (0xb764e018) start
01-05 23:27:04.454 10704 10820 I MediaCodec: (0xb764e018) input buffers allocated
01-05 23:27:04.454 10704 10820 I MediaCodec: (0xb764e018) numBuffers (4)
01-05 23:27:04.454 10704 10820 I MediaCodec: (0xb764e018) output buffers allocated
01-05 23:27:04.455 10704 10820 I MediaCodec: (0xb764e018) numBuffers (4)
01-05 23:27:04.458 10704 10820 I MediaCodec: (0xb764e018) codec output format changed
01-05 23:27:04.458 10704 10820 D MediaCodec: (0xb764e018) output format: AMessage(what = 'codc', target = 10) = {
01-05 23:27:04.458 10704 10820 D MediaCodec:    string mime = "audio/raw"
01-05 23:27:04.458 10704 10820 D MediaCodec:    int32_t channel-count = 2
01-05 23:27:04.458 10704 10820 D MediaCodec:    int32_t sample-rate = 44100
01-05 23:27:04.458 10704 10820 D MediaCodec:    int32_t channel-mask = 0
01-05 23:27:04.458 10704 10820 D MediaCodec:    int32_t what = 1869968451
01-05 23:27:04.458 10704 10820 D MediaCodec:  }
01-05 23:27:04.474 10704 10764 I MediaCodec: (0xb764e018) stop
01-05 23:27:04.477 10704 10764 I MediaCodec: (0xb764e018) release
01-05 23:27:04.483 10704 10766 W AudioTrack: AUDIO_OUTPUT_FLAG_FAST denied by client; transfer 4, track 44100 Hz, output 48000 Hz
01-05 23:27:05.528 10704 10766 W AudioTrack: AUDIO_OUTPUT_FLAG_FAST denied by client; transfer 4, track 44100 Hz, output 48000 Hz
01-05 23:27:07.915 10704 10704 V RCActivity: onPause()
01-05 23:27:07.926 10704 10704 V RCActivity: onStop()
01-05 23:27:07.926 10704 10704 V RobotCore: executive service robot setup is terminated
01-05 23:27:07.926 10704 10704 V Robocol : EventLoopManager.shutdown()
01-05 23:27:07.927 10704 10704 V RobotCore: waiting for service EventLoop
01-05 23:27:07.927 10704 10792 V RobotCore: EventLoopRunnable interrupted
01-05 23:27:07.927 10704 10792 V RobotCore: EventLoopManager state is STOPPED
01-05 23:27:07.927 10704 10792 V RobotCore: Robot Status: stopped
01-05 23:27:07.927 10704 10792 I FIRST   : ======= TEARDOWN =======
01-05 23:27:07.928 10704 10792 D RobotCore: disarming modern motor controller Modern Robotics USB DC Motor Controller [AL00VWH0]...
01-05 23:27:07.933 10704 10812 V RobotCore: thread: ...terminating 'r/w loop: Modern Robotics USB DC Motor Controller [AL00VWH0]'
01-05 23:27:07.934 10704 10792 V RobotCore: executive service ReadWriteRunnable for Modern Robotics USB Device is terminated
01-05 23:27:07.934 10704 10792 D RobotCore: ...disarming modern motor controller Modern Robotics USB DC Motor Controller [AL00VWH0] complete
01-05 23:27:07.935 10704 10792 D RobotCore: disarming modern motor controller Modern Robotics USB DC Motor Controller [AI049QOP]...
01-05 23:27:07.938 10704 10818 V RobotCore: thread: ...terminating 'r/w loop: Modern Robotics USB DC Motor Controller [AI049QOP]'
01-05 23:27:07.938 10704 10792 V RobotCore: executive service ReadWriteRunnable for Modern Robotics USB Device is terminated
01-05 23:27:07.938 10704 10792 D RobotCore: ...disarming modern motor controller Modern Robotics USB DC Motor Controller [AI049QOP] complete
01-05 23:27:07.938 10704 10792 D RobotCore: disarming modern motor controller Modern Robotics USB DC Motor Controller [A104OQ1P]...
01-05 23:27:07.946 10704 10792 V RobotCore: waiting for service ReadWriteRunnable for Modern Robotics USB Device
01-05 23:27:07.947 10704 10817 V RobotCore: thread: ...terminating 'r/w loop: Modern Robotics USB DC Motor Controller [A104OQ1P]'
01-05 23:27:07.947 10704 10792 V RobotCore: awaitTermination returned, isTerminated=true
01-05 23:27:07.947 10704 10792 V RobotCore: executive service ReadWriteRunnable for Modern Robotics USB Device is terminated
01-05 23:27:07.948 10704 10792 D RobotCore: ...disarming modern motor controller Modern Robotics USB DC Motor Controller [A104OQ1P] complete
01-05 23:27:07.948 10704 10792 D RobotCore: disarming modern motor controller Modern Robotics USB DC Motor Controller [AL00VBIF]...
01-05 23:27:07.953 10704 10819 V RobotCore: thread: ...terminating 'r/w loop: Modern Robotics USB DC Motor Controller [AL00VBIF]'
01-05 23:27:07.954 10704 10792 V RobotCore: executive service ReadWriteRunnable for Modern Robotics USB Device is terminated
01-05 23:27:07.954 10704 10792 D RobotCore: ...disarming modern motor controller Modern Robotics USB DC Motor Controller [AL00VBIF] complete
01-05 23:27:07.954 10704 10792 D RobotCore: disarming modern servo controller "Modern Robotics USB Servo Controller [AL00VSDY]"...
01-05 23:27:07.961 10704 10792 V RobotCore: waiting for service ReadWriteRunnable for Modern Robotics USB Device
01-05 23:27:07.961 10704 10811 V RobotCore: thread: ...terminating 'r/w loop: Modern Robotics USB Servo Controller [AL00VSDY]'
01-05 23:27:07.961 10704 10792 V RobotCore: awaitTermination returned, isTerminated=true
01-05 23:27:07.961 10704 10792 V RobotCore: executive service ReadWriteRunnable for Modern Robotics USB Device is terminated
