04-10 19:46:24.552 18889 19746 I FIRST   : ======= MODULE DETACH RECOVERY: pretend Modern Robotics USB Core Device Interface Module [AI02RHDJ]=======
04-10 19:46:24.552 18889 19746 V RobotCore: Starting up pretend device AI02RHDJ
04-10 19:46:24.554 18889 19786 V RobotCore: thread: 'r/w loop: Modern Robotics USB Core Device Interface Module [AI02RHDJ]' starting...
04-10 19:46:24.555 18889 19746 I FIRST   : ======= MODULE DETACH RECOVERY: complete Modern Robotics USB Core Device Interface Module [AI02RHDJ]=======
04-10 19:46:24.555 18889 19746 V RobotCore: event loop: device has shutdown abnormally
04-10 19:46:24.555 18889 19746 V RobotCore: event loop: detaching device owner
04-10 19:46:24.555 18889 19746 I FIRST   : ======= MODULE DETACH RECOVERY: disarm Modern Robotics USB DC Motor Controller [A104OQ1P]=======
04-10 19:46:24.555 18889 19746 D RobotCore: disarming modern motor controller Modern Robotics USB DC Motor Controller [A104OQ1P]...
04-10 19:46:24.555 18889 19746 V RobotCore: waiting for service ReadWriteRunnable for Modern Robotics USB Device
04-10 19:46:24.556 18889 19746 V RobotCore: awaitTermination returned, isTerminated=true
04-10 19:46:24.556 18889 19746 V RobotCore: executive service ReadWriteRunnable for Modern Robotics USB Device is terminated
04-10 19:46:24.556 18889 19746 D RobotCore: ...disarming modern motor controller Modern Robotics USB DC Motor Controller [A104OQ1P] complete
04-10 19:46:24.556 18889 19746 I FIRST   : ======= MODULE DETACH RECOVERY: pretend Modern Robotics USB DC Motor Controller [A104OQ1P]=======
04-10 19:46:24.557 18889 19746 D RobotCore: arming modern motor controller Modern Robotics USB DC Motor Controller [A104OQ1P] (pretend)...
04-10 19:46:24.557 18889 19746 V RobotCore: Starting up pretend device A104OQ1P
04-10 19:46:24.558 18889 19787 V RobotCore: thread: 'r/w loop: Modern Robotics USB DC Motor Controller [A104OQ1P]' starting...
04-10 19:46:24.559 18889 19746 D RobotCore: ...arming modern motor controller Modern Robotics USB DC Motor Controller [A104OQ1P] complete
04-10 19:46:24.559 18889 19746 I FIRST   : ======= MODULE DETACH RECOVERY: complete Modern Robotics USB DC Motor Controller [A104OQ1P]=======
04-10 19:46:24.559 18889 19746 V RobotCore: event loop: device has shutdown abnormally
04-10 19:46:24.559 18889 19746 V RobotCore: event loop: detaching device owner
04-10 19:46:24.559 18889 19746 I FIRST   : ======= MODULE DETACH RECOVERY: disarm Modern Robotics USB DC Motor Controller [AL00VWH0]=======
04-10 19:46:24.559 18889 19746 D RobotCore: disarming modern motor controller Modern Robotics USB DC Motor Controller [AL00VWH0]...
04-10 19:46:24.560 18889 19746 V RobotCore: waiting for service ReadWriteRunnable for Modern Robotics USB Device
04-10 19:46:24.562 18889 19746 V RobotCore: awaitTermination returned, isTerminated=true
04-10 19:46:24.562 18889 19746 V RobotCore: executive service ReadWriteRunnable for Modern Robotics USB Device is terminated
04-10 19:46:24.562 18889 19746 D RobotCore: ...disarming modern motor controller Modern Robotics USB DC Motor Controller [AL00VWH0] complete
04-10 19:46:24.562 18889 19746 I FIRST   : ======= MODULE DETACH RECOVERY: pretend Modern Robotics USB DC Motor Controller [AL00VWH0]=======
04-10 19:46:24.562 18889 19746 D RobotCore: arming modern motor controller Modern Robotics USB DC Motor Controller [AL00VWH0] (pretend)...
04-10 19:46:24.562 18889 19746 V RobotCore: Starting up pretend device AL00VWH0
04-10 19:46:24.568 18889 19788 V RobotCore: thread: 'r/w loop: Modern Robotics USB DC Motor Controller [AL00VWH0]' starting...
04-10 19:46:24.569 18889 19746 D RobotCore: ...arming modern motor controller Modern Robotics USB DC Motor Controller [AL00VWH0] complete
04-10 19:46:24.569 18889 19746 I FIRST   : ======= MODULE DETACH RECOVERY: complete Modern Robotics USB DC Motor Controller [AL00VWH0]=======
04-10 19:46:24.569 18889 19746 V RobotCore: event loop: device has shutdown abnormally
04-10 19:46:24.569 18889 19746 V RobotCore: event loop: detaching device owner
04-10 19:46:24.569 18889 19746 I FIRST   : ======= MODULE DETACH RECOVERY: disarm Modern Robotics USB DC Motor Controller [AI049QOP]=======
04-10 19:46:24.569 18889 19746 D RobotCore: disarming modern motor controller Modern Robotics USB DC Motor Controller [AI049QOP]...
04-10 19:46:24.569 18889 19746 V RobotCore: waiting for service ReadWriteRunnable for Modern Robotics USB Device
04-10 19:46:24.569 18889 19746 V RobotCore: awaitTermination returned, isTerminated=true
04-10 19:46:24.569 18889 19746 V RobotCore: executive service ReadWriteRunnable for Modern Robotics USB Device is terminated
04-10 19:46:24.569 18889 19746 D RobotCore: ...disarming modern motor controller Modern Robotics USB DC Motor Controller [AI049QOP] complete
04-10 19:46:24.569 18889 19746 I FIRST   : ======= MODULE DETACH RECOVERY: pretend Modern Robotics USB DC Motor Controller [AI049QOP]=======
04-10 19:46:24.570 18889 19746 D RobotCore: arming modern motor controller Modern Robotics USB DC Motor Controller [AI049QOP] (pretend)...
04-10 19:46:24.570 18889 19746 V RobotCore: Starting up pretend device AI049QOP
04-10 19:46:24.572 18889 19789 V RobotCore: thread: 'r/w loop: Modern Robotics USB DC Motor Controller [AI049QOP]' starting...
04-10 19:46:24.572 18889 19746 D RobotCore: ...arming modern motor controller Modern Robotics USB DC Motor Controller [AI049QOP] complete
04-10 19:46:24.572 18889 19746 I FIRST   : ======= MODULE DETACH RECOVERY: complete Modern Robotics USB DC Motor Controller [AI049QOP]=======
04-10 19:46:24.572 18889 19746 V RobotCore: event loop: device has shutdown abnormally
04-10 19:46:24.572 18889 19746 V RobotCore: event loop: detaching device owner
04-10 19:46:24.572 18889 19746 I FIRST   : ======= MODULE DETACH RECOVERY: disarm Modern Robotics USB DC Motor Controller [AL00VBIF]=======
04-10 19:46:24.572 18889 19746 D RobotCore: disarming modern motor controller Modern Robotics USB DC Motor Controller [AL00VBIF]...
04-10 19:46:24.572 18889 19746 V RobotCore: waiting for service ReadWriteRunnable for Modern Robotics USB Device
04-10 19:46:24.573 18889 19746 V RobotCore: awaitTermination returned, isTerminated=true
04-10 19:46:24.573 18889 19746 V RobotCore: executive service ReadWriteRunnable for Modern Robotics USB Device is terminated
04-10 19:46:24.573 18889 19746 D RobotCore: ...disarming modern motor controller Modern Robotics USB DC Motor Controller [AL00VBIF] complete
04-10 19:46:24.573 18889 19746 I FIRST   : ======= MODULE DETACH RECOVERY: pretend Modern Robotics USB DC Motor Controller [AL00VBIF]=======
04-10 19:46:24.573 18889 19746 D RobotCore: arming modern motor controller Modern Robotics USB DC Motor Controller [AL00VBIF] (pretend)...
04-10 19:46:24.573 18889 19746 V RobotCore: Starting up pretend device AL00VBIF
04-10 19:46:24.575 18889 19790 V RobotCore: thread: 'r/w loop: Modern Robotics USB DC Motor Controller [AL00VBIF]' starting...
04-10 19:46:24.575 18889 19746 D RobotCore: ...arming modern motor controller Modern Robotics USB DC Motor Controller [AL00VBIF] complete
04-10 19:46:24.575 18889 19746 I FIRST   : ======= MODULE DETACH RECOVERY: complete Modern Robotics USB DC Motor Controller [AL00VBIF]=======
04-10 19:46:31.526 18889 18889 V RCActivity: onPause()
04-10 19:46:31.535 18889 18889 V RCActivity: onStop()
04-10 19:46:31.535 18889 18889 V RobotCore: executive service robot setup is terminated
04-10 19:46:31.535 18889 18889 V Robocol : EventLoopManager.shutdown()
04-10 19:46:31.536 18889 18889 V RobotCore: waiting for service EventLoop
04-10 19:46:31.536 18889 19746 V RobotCore: EventLoopRunnable interrupted
04-10 19:46:31.536 18889 19746 V RobotCore: EventLoopManager state is STOPPED
04-10 19:46:31.536 18889 19746 V RobotCore: Robot Status: stopped
04-10 19:46:31.536 18889 19746 I FIRST   : ======= TEARDOWN =======
04-10 19:46:31.536 18889 19746 D RobotCore: disarming modern motor controller Modern Robotics USB DC Motor Controller [AL00VWH0]...
04-10 19:46:31.546 18889 19788 V RobotCore: thread: ...terminating 'r/w loop: Modern Robotics USB DC Motor Controller [AL00VWH0]'
04-10 19:46:31.546 18889 19746 V RobotCore: executive service ReadWriteRunnable for Modern Robotics USB Device is terminated
04-10 19:46:31.546 18889 19746 D RobotCore: ...disarming modern motor controller Modern Robotics USB DC Motor Controller [AL00VWH0] complete
04-10 19:46:31.546 18889 19746 D RobotCore: disarming modern motor controller Modern Robotics USB DC Motor Controller [AI049QOP]...
04-10 19:46:31.548 18889 19789 V RobotCore: thread: ...terminating 'r/w loop: Modern Robotics USB DC Motor Controller [AI049QOP]'
04-10 19:46:31.548 18889 19746 V RobotCore: executive service ReadWriteRunnable for Modern Robotics USB Device is terminated
04-10 19:46:31.548 18889 19746 D RobotCore: ...disarming modern motor controller Modern Robotics USB DC Motor Controller [AI049QOP] complete
04-10 19:46:31.548 18889 19746 D RobotCore: disarming modern motor controller Modern Robotics USB DC Motor Controller [A104OQ1P]...
04-10 19:46:31.550 18889 19787 V RobotCore: thread: ...terminating 'r/w loop: Modern Robotics USB DC Motor Controller [A104OQ1P]'
04-10 19:46:31.551 18889 19746 V RobotCore: executive service ReadWriteRunnable for Modern Robotics USB Device is terminated
04-10 19:46:31.551 18889 19746 D RobotCore: ...disarming modern motor controller Modern Robotics USB DC Motor Controller [A104OQ1P] complete
04-10 19:46:31.552 18889 19746 D RobotCore: disarming modern motor controller Modern Robotics USB DC Motor Controller [AL00VBIF]...
04-10 19:46:31.557 18889 19746 V RobotCore: waiting for service ReadWriteRunnable for Modern Robotics USB Device
04-10 19:46:31.557 18889 19790 V RobotCore: thread: ...terminating 'r/w loop: Modern Robotics USB DC Motor Controller [AL00VBIF]'
04-10 19:46:31.558 18889 19746 V RobotCore: awaitTermination returned, isTerminated=true
04-10 19:46:31.558 18889 19746 V RobotCore: executive service ReadWriteRunnable for Modern Robotics USB Device is terminated
04-10 19:46:31.558 18889 19746 D RobotCore: ...disarming modern motor controller Modern Robotics USB DC Motor Controller [AL00VBIF] complete
04-10 19:46:31.558 18889 19746 D RobotCore: disarming modern servo controller "Modern Robotics USB Servo Controller [AL00VST0]"...
04-10 19:46:31.567 18889 19746 V RobotCore: waiting for service ReadWriteRunnable for Modern Robotics USB Device
04-10 19:46:31.567 18889 19785 V RobotCore: thread: ...terminating 'r/w loop: Modern Robotics USB Servo Controller [AL00VST0]'
04-10 19:46:31.567 18889 19746 V RobotCore: awaitTermination returned, isTerminated=true
04-10 19:46:31.567 18889 19746 V RobotCore: executive service ReadWriteRunnable for Modern Robotics USB Device is terminated
04-10 19:46:31.567 18889 19746 D RobotCore: ...disarming modern servo controller Modern Robotics USB Servo Controller [AL00VST0] complete
04-10 19:46:31.585 18889 19746 V RobotCore: waiting for service ReadWriteRunnable for Modern Robotics USB Device
04-10 19:46:31.585 18889 19786 V RobotCore: thread: ...terminating 'r/w loop: Modern Robotics USB Core Device Interface Module [AI02RHDJ]'
04-10 19:46:31.585 18889 19746 V RobotCore: awaitTermination returned, isTerminated=true
04-10 19:46:31.585 18889 19746 V RobotCore: executive service ReadWriteRunnable for Modern Robotics USB Device is terminated
04-10 19:46:31.585 18889 19746 I FIRST   : ======= TEARDOWN COMPLETE =======
04-10 19:46:31.585 18889 19746 V RobotCore: thread: ...terminating 'opmode loop()'
04-10 19:46:31.586 18889 18889 V RobotCore: awaitTermination returned, isTerminated=true
04-10 19:46:31.586 18889 18889 V RobotCore: executive service EventLoop is terminated
04-10 19:46:31.586 18889 18889 V RobotCore: EventLoopManager state is STOPPED
04-10 19:46:31.650 18889 19276 D RobotCore: system telemetry: key=$System$None$ msg=""
