03-05 18:52:44.309  6752  6839 W RobotCore: Modern Robotics USB header sync bytes are incorrect
03-05 18:52:44.309  6752  6839 W RobotCore: [55 aa 80 40 1e] -> [00 00 00 00 00]
03-05 18:52:44.310  6752  6839 W RobotCore: could not read Modern Robotics USB DC Motor Controller [A104OQ1P]: comm timeout
03-05 18:52:44.517  6752  6842 W RobotCore: Modern Robotics USB header sync bytes are incorrect
03-05 18:52:44.517  6752  6842 W RobotCore: [55 aa 00 40 1e] -> [00 00 00 00 00]
03-05 18:52:44.517  6752  6842 W RobotCore: could not write to Modern Robotics USB DC Motor Controller [AL00VWH0]: comm timeout
03-05 18:52:44.568  6752  6836 W RobotCore: Modern Robotics USB header sync bytes are incorrect
03-05 18:52:44.569  6752  6836 W RobotCore: [55 aa 00 90 20] -> [00 00 00 00 00]
03-05 18:52:44.569  6752  6836 W RobotCore: could not write to Modern Robotics USB Core Device Interface Module [AI02RHDJ]: comm timeout
03-05 18:52:44.612  6752  6845 W RobotCore: Modern Robotics USB header sync bytes are incorrect
03-05 18:52:44.612  6752  6845 W RobotCore: [55 aa 00 40 1e] -> [00 00 00 00 00]
03-05 18:52:44.612  6752  6845 W RobotCore: could not write to Modern Robotics USB DC Motor Controller [AI049QOP]: comm timeout
03-05 18:52:44.621  6752  6845 E FTDI_Device::: UsbConnection.requestWait() == null
03-05 18:52:44.625  6752  6752 D UsbDeviceConnectionJNI: close
03-05 18:52:44.626  6752  6844 D ProcessRequestThread::: Device has been closed.
03-05 18:52:44.626  6752  6844 W System.err: java.lang.InterruptedException
03-05 18:52:44.626  6752  6844 W System.err: 	at java.util.concurrent.locks.AbstractQueuedSynchronizer.doAcquireSharedInterruptibly(AbstractQueuedSynchronizer.java:972)
03-05 18:52:44.626  6752  6844 W System.err: 	at java.util.concurrent.locks.AbstractQueuedSynchronizer.acquireSharedInterruptibly(AbstractQueuedSynchronizer.java:1278)
03-05 18:52:44.626  6752  6844 W System.err: 	at java.util.concurrent.Semaphore.acquire(Semaphore.java:284)
03-05 18:52:44.627  6752  6844 W System.err: 	at com.ftdi.j2xx.ProcessInCtrl.acquireReadableBuffer(FT_Device.java:2294)
03-05 18:52:44.627  6752  6844 W System.err: 	at com.ftdi.j2xx.ProcessRequestWorker.run(FT_Device.java:2764)
03-05 18:52:44.627  6752  6844 W System.err: 	at java.lang.Thread.run(Thread.java:818)
03-05 18:52:44.628  6752  6843 D BulkIn::: Stop BulkIn thread
03-05 18:52:44.628  6752  6843 W System.err: java.lang.NullPointerException: Attempt to invoke virtual method 'int com.ftdi.j2xx.D2xxManager$DriverParameters.getBufferNumber()' on a null object reference
03-05 18:52:44.628  6752  6843 W System.err: 	at com.ftdi.j2xx.ProcessInCtrl.releaseWritableBuffers(FT_Device.java:2672)
03-05 18:52:44.629  6752  6843 W System.err: 	at com.ftdi.j2xx.BulkInWorker.run(FT_Device.java:2879)
03-05 18:52:44.629  6752  6843 W System.err: 	at java.lang.Thread.run(Thread.java:818)
03-05 18:52:44.629  6752  6845 W RobotCore: could not write to Modern Robotics USB DC Motor Controller [AI049QOP]: FTDI Null Pointer Exception
03-05 18:52:44.629  6752  6845 E RobotCore: java.lang.NullPointerException: Attempt to invoke interface method 'void java.util.concurrent.locks.Lock.unlock()' on a null object reference
03-05 18:52:44.630  6752  6845 E RobotCore: com.ftdi.j2xx.ProcessInCtrl.readBulkInData(FT_Device.java:2520)
03-05 18:52:44.630  6752  6845 E RobotCore: com.ftdi.j2xx.FT_Device.read(FT_Device.java:666)
03-05 18:52:44.630  6752  6845 E RobotCore: com.qualcomm.robotcore.hardware.usb.ftdi.RobotUsbDeviceFtdi.read(RobotUsbDeviceFtdi.java:199)
03-05 18:52:44.630  6752  6845 E RobotCore: com.qualcomm.robotcore.hardware.usb.ftdi.RobotUsbDeviceFtdi.read(RobotUsbDeviceFtdi.java:176)
03-05 18:52:44.630  6752  6845 E RobotCore: com.qualcomm.modernrobotics.ReadWriteRunnableUsbHandler.a(SourceFile:77)
03-05 18:52:44.630  6752  6845 E RobotCore: com.qualcomm.modernrobotics.ReadWriteRunnableUsbHandler.read(SourceFile:66)
03-05 18:52:44.630  6752  6845 E RobotCore: com.qualcomm.hardware.modernrobotics.ReadWriteRunnableStandard$1.run(ReadWriteRunnableStandard.java:343)
03-05 18:52:44.630  6752  6845 E RobotCore: com.qualcomm.robotcore.util.ThreadPool.logThreadLifeCycle(ThreadPool.java:513)
03-05 18:52:44.630  6752  6845 E RobotCore: com.qualcomm.hardware.modernrobotics.ReadWriteRunnableStandard.run(ReadWriteRunnableStandard.java:302)
03-05 18:52:44.630  6752  6845 E RobotCore: java.util.concurrent.ThreadPoolExecutor.runWorker(ThreadPoolExecutor.java:1113)
03-05 18:52:44.630  6752  6845 E RobotCore: java.util.concurrent.ThreadPoolExecutor$Worker.run(ThreadPoolExecutor.java:588)
03-05 18:52:44.630  6752  6845 E RobotCore: java.lang.Thread.run(Thread.java:818)
03-05 18:52:44.631  6752  6836 E FTDI_Device::: UsbConnection.requestWait() == null
03-05 18:52:44.633  6752  6845 V RobotCore: thread: ...terminating 'r/w loop: Modern Robotics USB DC Motor Controller [AI049QOP]'
03-05 18:52:44.634  6752  6842 E FTDI_Device::: UsbConnection.requestWait() == null
03-05 18:52:44.637  6752  6752 D UsbDeviceConnectionJNI: close
03-05 18:52:44.637  6752  6826 D ProcessRequestThread::: Device has been closed.
03-05 18:52:44.637  6752  6826 W System.err: java.lang.InterruptedException
03-05 18:52:44.637  6752  6826 W System.err: 	at java.util.concurrent.locks.AbstractQueuedSynchronizer.doAcquireSharedInterruptibly(AbstractQueuedSynchronizer.java:972)
03-05 18:52:44.637  6752  6826 W System.err: 	at java.util.concurrent.locks.AbstractQueuedSynchronizer.acquireSharedInterruptibly(AbstractQueuedSynchronizer.java:1278)
03-05 18:52:44.637  6752  6826 W System.err: 	at java.util.concurrent.Semaphore.acquire(Semaphore.java:284)
03-05 18:52:44.637  6752  6826 W System.err: 	at com.ftdi.j2xx.ProcessInCtrl.acquireReadableBuffer(FT_Device.java:2294)
03-05 18:52:44.637  6752  6826 W System.err: 	at com.ftdi.j2xx.ProcessRequestWorker.run(FT_Device.java:2764)
03-05 18:52:44.637  6752  6826 W System.err: 	at java.lang.Thread.run(Thread.java:818)
03-05 18:52:44.640  6752  6836 W RobotCore: could not write to Modern Robotics USB Core Device Interface Module [AI02RHDJ]: FTDI Null Pointer Exception
03-05 18:52:44.640  6752  6836 E RobotCore: java.lang.NullPointerException: Attempt to invoke interface method 'void java.util.concurrent.locks.Lock.unlock()' on a null object reference
03-05 18:52:44.640  6752  6836 E RobotCore: com.ftdi.j2xx.ProcessInCtrl.readBulkInData(FT_Device.java:2520)
03-05 18:52:44.640  6752  6836 E RobotCore: com.ftdi.j2xx.FT_Device.read(FT_Device.java:666)
03-05 18:52:44.640  6752  6836 E RobotCore: com.qualcomm.robotcore.hardware.usb.ftdi.RobotUsbDeviceFtdi.read(RobotUsbDeviceFtdi.java:199)
03-05 18:52:44.640  6752  6836 E RobotCore: com.qualcomm.robotcore.hardware.usb.ftdi.RobotUsbDeviceFtdi.read(RobotUsbDeviceFtdi.java:176)
03-05 18:52:44.640  6752  6836 E RobotCore: com.qualcomm.modernrobotics.ReadWriteRunnableUsbHandler.a(SourceFile:77)
03-05 18:52:44.640  6752  6836 E RobotCore: com.qualcomm.modernrobotics.ReadWriteRunnableUsbHandler.read(SourceFile:66)
03-05 18:52:44.640  6752  6836 E RobotCore: com.qualcomm.hardware.modernrobotics.ReadWriteRunnableStandard$1.run(ReadWriteRunnableStandard.java:343)
03-05 18:52:44.640  6752  6836 E RobotCore: com.qualcomm.robotcore.util.ThreadPool.logThreadLifeCycle(ThreadPool.java:513)
03-05 18:52:44.640  6752  6836 E RobotCore: com.qualcomm.hardware.modernrobotics.ReadWriteRunnableStandard.run(ReadWriteRunnableStandard.java:302)
03-05 18:52:44.640  6752  6836 E RobotCore: java.util.concurrent.ThreadPoolExecutor.runWorker(ThreadPoolExecutor.java:1113)
03-05 18:52:44.640  6752  6836 E RobotCore: java.util.concurrent.ThreadPoolExecutor$Worker.run(ThreadPoolExecutor.java:588)
03-05 18:52:44.640  6752  6836 E RobotCore: java.lang.Thread.run(Thread.java:818)
03-05 18:52:44.641  6752  6836 V RobotCore:i2cSynch(USB AI02RHDJ; port 2): onPortIsReadyCallbacksEnd ...
03-05 18:52:44.641  6752  6836 V RobotCore:i2cSynch(USB AI02RHDJ; port 2): ... onPortIsReadyCallbacksEnd complete
03-05 18:52:44.641  6752  6836 V RobotCore:i2cSynch(USB AI02RHDJ; port 4): onPortIsReadyCallbacksEnd ...
03-05 18:52:44.641  6752  6836 V RobotCore:i2cSynch(USB AI02RHDJ; port 4): ... onPortIsReadyCallbacksEnd complete
03-05 18:52:44.641  6752  6836 V RobotCore: thread: ...terminating 'r/w loop: Modern Robotics USB Core Device Interface Module [AI02RHDJ]'
03-05 18:52:44.643  6752  6752 D UsbDeviceConnectionJNI: close
03-05 18:52:44.643  6752  6840 D BulkIn::: Stop BulkIn thread
03-05 18:52:44.644  6752  6840 W System.err: java.lang.NullPointerException: Attempt to invoke virtual method 'boolean com.ftdi.j2xx.InBuffer.acquired()' on a null object reference
03-05 18:52:44.644  6752  6840 W System.err: 	at com.ftdi.j2xx.ProcessInCtrl.releaseWritableBuffers(FT_Device.java:2675)
03-05 18:52:44.644  6752  6840 W System.err: 	at com.ftdi.j2xx.BulkInWorker.run(FT_Device.java:2879)
03-05 18:52:44.644  6752  6840 W System.err: 	at java.lang.Thread.run(Thread.java:818)
03-05 18:52:44.644  6752  6842 W RobotCore: could not write to Modern Robotics USB DC Motor Controller [AL00VWH0]: FTDI Null Pointer Exception
03-05 18:52:44.644  6752  6842 E RobotCore: java.lang.NullPointerException: Attempt to invoke interface method 'void java.util.concurrent.locks.Lock.unlock()' on a null object reference
03-05 18:52:44.644  6752  6842 E RobotCore: com.ftdi.j2xx.ProcessInCtrl.readBulkInData(FT_Device.java:2520)
03-05 18:52:44.644  6752  6842 E RobotCore: com.ftdi.j2xx.FT_Device.read(FT_Device.java:666)
03-05 18:52:44.644  6752  6842 E RobotCore: com.qualcomm.robotcore.hardware.usb.ftdi.RobotUsbDeviceFtdi.read(RobotUsbDeviceFtdi.java:199)
03-05 18:52:44.644  6752  6842 E RobotCore: com.qualcomm.robotcore.hardware.usb.ftdi.RobotUsbDeviceFtdi.read(RobotUsbDeviceFtdi.java:176)
03-05 18:52:44.645  6752  6842 E RobotCore: com.qualcomm.modernrobotics.ReadWriteRunnableUsbHandler.a(SourceFile:77)
03-05 18:52:44.645  6752  6842 E RobotCore: com.qualcomm.modernrobotics.ReadWriteRunnableUsbHandler.read(SourceFile:66)
03-05 18:52:44.645  6752  6842 E RobotCore: com.qualcomm.hardware.modernrobotics.ReadWriteRunnableStandard$1.run(ReadWriteRunnableStandard.java:343)
03-05 18:52:44.645  6752  6842 E RobotCore: com.qualcomm.robotcore.util.ThreadPool.logThreadLifeCycle(ThreadPool.java:513)
03-05 18:52:44.645  6752  6842 E RobotCore: com.qualcomm.hardware.modernrobotics.ReadWriteRunnableStandard.run(ReadWriteRunnableStandard.java:302)
03-05 18:52:44.645  6752  6842 E RobotCore: java.util.concurrent.ThreadPoolExecutor.runWorker(ThreadPoolExecutor.java:1113)
03-05 18:52:44.645  6752  6842 E RobotCore: java.util.concurrent.ThreadPoolExecutor$Worker.run(ThreadPoolExecutor.java:588)
03-05 18:52:44.645  6752  6842 E RobotCore: java.lang.Thread.run(Thread.java:818)
03-05 18:52:44.646  6752  6841 D ProcessRequestThread::: Device has been closed.
03-05 18:52:44.646  6752  6841 W System.err: java.lang.InterruptedException
03-05 18:52:44.646  6752  6841 W System.err: 	at java.util.concurrent.locks.AbstractQueuedSynchronizer.doAcquireSharedInterruptibly(AbstractQueuedSynchronizer.java:972)
03-05 18:52:44.646  6752  6841 W System.err: 	at java.util.concurrent.locks.AbstractQueuedSynchronizer.acquireSharedInterruptibly(AbstractQueuedSynchronizer.java:1278)
03-05 18:52:44.646  6752  6841 W System.err: 	at java.util.concurrent.Semaphore.acquire(Semaphore.java:284)
03-05 18:52:44.646  6752  6841 W System.err: 	at com.ftdi.j2xx.ProcessInCtrl.acquireReadableBuffer(FT_Device.java:2294)
03-05 18:52:44.646  6752  6841 W System.err: 	at com.ftdi.j2xx.ProcessRequestWorker.run(FT_Device.java:2764)
03-05 18:52:44.646  6752  6841 W System.err: 	at java.lang.Thread.run(Thread.java:818)
03-05 18:52:44.647  6752  6825 D BulkIn::: Stop BulkIn thread
03-05 18:52:44.647  6752  6825 W System.err: java.lang.NullPointerException: Attempt to invoke virtual method 'int com.ftdi.j2xx.D2xxManager$DriverParameters.getBufferNumber()' on a null object reference
03-05 18:52:44.648  6752  6825 W System.err: 	at com.ftdi.j2xx.ProcessInCtrl.releaseWritableBuffers(FT_Device.java:2672)
03-05 18:52:44.648  6752  6825 W System.err: 	at com.ftdi.j2xx.BulkInWorker.run(FT_Device.java:2879)
03-05 18:52:44.648  6752  6825 W System.err: 	at java.lang.Thread.run(Thread.java:818)
03-05 18:52:44.649  6752  6842 V RobotCore: thread: ...terminating 'r/w loop: Modern Robotics USB DC Motor Controller [AL00VWH0]'
03-05 18:52:44.650  6752  6752 D UsbDeviceConnectionJNI: close
03-05 18:52:44.651  6752  6837 D BulkIn::: Stop BulkIn thread
03-05 18:52:44.651  6752  6837 W System.err: java.lang.NullPointerException: Attempt to invoke virtual method 'boolean com.ftdi.j2xx.InBuffer.acquired()' on a null object reference
03-05 18:52:44.651  6752  6838 D ProcessRequestThread::: Device has been closed.
03-05 18:52:44.651  6752  6837 W System.err: 	at com.ftdi.j2xx.ProcessInCtrl.releaseWritableBuffers(FT_Device.java:2675)
03-05 18:52:44.651  6752  6837 W System.err: 	at com.ftdi.j2xx.BulkInWorker.run(FT_Device.java:2879)
03-05 18:52:44.651  6752  6837 W System.err: 	at java.lang.Thread.run(Thread.java:818)
03-05 18:52:44.651  6752  6838 W System.err: java.lang.InterruptedException
03-05 18:52:44.652  6752  6838 W System.err: 	at java.util.concurrent.locks.AbstractQueuedSynchronizer.doAcquireSharedInterruptibly(AbstractQueuedSynchronizer.java:972)
03-05 18:52:44.652  6752  6838 W System.err: 	at java.util.concurrent.locks.AbstractQueuedSynchronizer.acquireSharedInterruptibly(AbstractQueuedSynchronizer.java:1278)
03-05 18:52:44.652  6752  6838 W System.err: 	at java.util.concurrent.Semaphore.acquire(Semaphore.java:284)
03-05 18:52:44.652  6752  6838 W System.err: 	at com.ftdi.j2xx.ProcessInCtrl.acquireReadableBuffer(FT_Device.java:2294)
03-05 18:52:44.652  6752  6838 W System.err: 	at com.ftdi.j2xx.ProcessRequestWorker.run(FT_Device.java:2764)
03-05 18:52:44.652  6752  6838 W System.err: 	at java.lang.Thread.run(Thread.java:818)
03-05 18:52:44.652  6752  6839 W RobotCore: could not write to Modern Robotics USB DC Motor Controller [A104OQ1P]: FTDI Null Pointer Exception
03-05 18:52:44.652  6752  6839 E RobotCore: java.lang.NullPointerException: Attempt to invoke interface method 'void java.util.concurrent.locks.Lock.unlock()' on a null object reference
03-05 18:52:44.653  6752  6839 E RobotCore: com.ftdi.j2xx.ProcessInCtrl.readBulkInData(FT_Device.java:2520)
03-05 18:52:44.653  6752  6839 E RobotCore: com.ftdi.j2xx.FT_Device.read(FT_Device.java:666)
03-05 18:52:44.653  6752  6839 E RobotCore: com.qualcomm.robotcore.hardware.usb.ftdi.RobotUsbDeviceFtdi.read(RobotUsbDeviceFtdi.java:199)
03-05 18:52:44.653  6752  6839 E RobotCore: com.qualcomm.robotcore.hardware.usb.ftdi.RobotUsbDeviceFtdi.read(RobotUsbDeviceFtdi.java:176)
03-05 18:52:44.653  6752  6839 E RobotCore: com.qualcomm.modernrobotics.ReadWriteRunnableUsbHandler.b(SourceFile:109)
03-05 18:52:44.653  6752  6839 E RobotCore: com.qualcomm.modernrobotics.ReadWriteRunnableUsbHandler.write(SourceFile:98)
03-05 18:52:44.653  6752  6839 E RobotCore: com.qualcomm.hardware.modernrobotics.ReadWriteRunnableStandard$1.run(ReadWriteRunnableStandard.java:394)
03-05 18:52:44.653  6752  6839 E RobotCore: com.qualcomm.robotcore.util.ThreadPool.logThreadLifeCycle(ThreadPool.java:513)
03-05 18:52:44.653  6752  6839 E RobotCore: com.qualcomm.hardware.modernrobotics.ReadWriteRunnableStandard.run(ReadWriteRunnableStandard.java:302)
03-05 18:52:44.653  6752  6839 E RobotCore: java.util.concurrent.ThreadPoolExecutor.runWorker(ThreadPoolExecutor.java:1113)
03-05 18:52:44.653  6752  6839 E RobotCore: java.util.concurrent.ThreadPoolExecutor$Worker.run(ThreadPoolExecutor.java:588)
03-05 18:52:44.653  6752  6839 E RobotCore: java.lang.Thread.run(Thread.java:818)
03-05 18:52:44.653  6752  6839 V RobotCore: thread: ...terminating 'r/w loop: Modern Robotics USB DC Motor Controller [A104OQ1P]'
03-05 18:52:44.654  6752  6849 D RobotCore: system telemetry: key=$System$Warning$ msg="problem communicating with Modern Robotics USB Core Device Interface Module [AI02RHDJ]; problem communicating with Modern Robotics USB Servo Controller [AL00VST0]; problem communicating with Modern Robotics USB DC Motor Controller [A104OQ1P]; problem communicating with Modern Robotics USB DC Motor Controller [AL00VWH0]; problem communicating with Modern Robotics USB DC Motor Controller [AL00VBIF]; problem communicating with Modern Robotics USB DC Motor Controller [AI049QOP]"
03-05 18:52:44.654  6752  6849 V RobotCore: event loop: device has shutdown abnormally
03-05 18:52:44.655  6752  6849 V RobotCore: event loop: detaching device owner
03-05 18:52:44.655  6752  6849 I FIRST   : ======= MODULE DETACH RECOVERY: disarm Modern Robotics USB Servo Controller [AL00VST0]=======
03-05 18:52:44.655  6752  6849 D RobotCore: disarming modern servo controller "Modern Robotics USB Servo Controller [AL00VST0]"...
03-05 18:52:44.655  6752  6849 V RobotCore: waiting for service ReadWriteRunnable for Modern Robotics USB Device
03-05 18:52:44.657  6752  6849 V RobotCore: awaitTermination returned, isTerminated=true
03-05 18:52:44.657  6752  6849 V RobotCore: executive service ReadWriteRunnable for Modern Robotics USB Device is terminated
03-05 18:52:44.657  6752  6849 D RobotCore: ...disarming modern servo controller Modern Robotics USB Servo Controller [AL00VST0] complete
03-05 18:52:44.657  6752  6849 I FIRST   : ======= MODULE DETACH RECOVERY: pretend Modern Robotics USB Servo Controller [AL00VST0]=======
03-05 18:52:44.657  6752  6849 D RobotCore: arming modern servo controller Modern Robotics USB Servo Controller [AL00VST0] (pretend)...
03-05 18:52:44.658  6752  6849 V RobotCore: Starting up pretend device AL00VST0
03-05 18:52:44.660  6752  6880 V RobotCore: thread: 'r/w loop: Modern Robotics USB Servo Controller [AL00VST0]' starting...
03-05 18:52:44.660  6752  6849 D RobotCore: ...arming modern servo controller Modern Robotics USB Servo Controller [AL00VST0] complete
03-05 18:52:44.661  6752  6849 I FIRST   : ======= MODULE DETACH RECOVERY: complete Modern Robotics USB Servo Controller [AL00VST0]=======
03-05 18:52:44.661  6752  6849 V RobotCore: event loop: device has shutdown abnormally
03-05 18:52:44.661  6752  6849 V RobotCore: event loop: detaching device owner
03-05 18:52:44.661  6752  6849 I FIRST   : ======= MODULE DETACH RECOVERY: disarm Modern Robotics USB Core Device Interface Module [AI02RHDJ]=======
03-05 18:52:44.662  6752  6849 V RobotCore: executive service ReadWriteRunnable for Modern Robotics USB Device is terminated
03-05 18:52:44.662  6752  6849 I FIRST   : ======= MODULE DETACH RECOVERY: pretend Modern Robotics USB Core Device Interface Module [AI02RHDJ]=======
03-05 18:52:44.662  6752  6849 V RobotCore: Starting up pretend device AI02RHDJ
03-05 18:52:44.663  6752  6881 V RobotCore: thread: 'r/w loop: Modern Robotics USB Core Device Interface Module [AI02RHDJ]' starting...
03-05 18:52:44.663  6752  6881 V RobotCore:i2cSynch(USB AI02RHDJ; port 2): doPortIsReadyCallbackBeginWork ...
03-05 18:52:44.663  6752  6881 V RobotCore:i2cSynch(USB AI02RHDJ; port 2): ... doPortIsReadyCallbackBeginWork complete
03-05 18:52:44.663  6752  6881 V RobotCore:i2cSynch(USB AI02RHDJ; port 4): doPortIsReadyCallbackBeginWork ...
03-05 18:52:44.663  6752  6881 V RobotCore:i2cSynch(USB AI02RHDJ; port 4): ... doPortIsReadyCallbackBeginWork complete
03-05 18:52:44.664  6752  6849 V RobotCore:i2cSynch(USB AI02RHDJ; port 4): onPretending ...
03-05 18:52:44.664  6752  6849 V RobotCore:i2cSynch(USB AI02RHDJ; port 4): doModuleIsArmedWork ...
03-05 18:52:44.664  6752  6849 V RobotCore:i2cSynch(USB AI02RHDJ; port 4): ... doModuleIsArmedWork complete
03-05 18:52:44.664  6752  6849 V RobotCore:i2cSynch(USB AI02RHDJ; port 4): ... onPretending
03-05 18:52:44.664  6752  6849 V RobotCore:i2cSynch(USB AI02RHDJ; port 2): onPretending ...
03-05 18:52:44.664  6752  6849 V RobotCore:i2cSynch(USB AI02RHDJ; port 2): doModuleIsArmedWork ...
03-05 18:52:44.664  6752  6849 V RobotCore:i2cSynch(USB AI02RHDJ; port 2): ... doModuleIsArmedWork complete
03-05 18:52:44.664  6752  6849 V RobotCore:i2cSynch(USB AI02RHDJ; port 2): ... onPretending
03-05 18:52:44.664  6752  6849 I FIRST   : ======= MODULE DETACH RECOVERY: complete Modern Robotics USB Core Device Interface Module [AI02RHDJ]=======
03-05 18:52:44.664  6752  6849 V RobotCore: event loop: device has shutdown abnormally
03-05 18:52:44.664  6752  6849 V RobotCore: event loop: detaching device owner
03-05 18:52:44.664  6752  6849 I FIRST   : ======= MODULE DETACH RECOVERY: disarm Modern Robotics USB DC Motor Controller [A104OQ1P]=======
03-05 18:52:44.665  6752  6849 D RobotCore: disarming modern motor controller Modern Robotics USB DC Motor Controller [A104OQ1P]...
03-05 18:52:44.665  6752  6849 V RobotCore: waiting for service ReadWriteRunnable for Modern Robotics USB Device
03-05 18:52:44.665  6752  6849 V RobotCore: awaitTermination returned, isTerminated=true
03-05 18:52:44.665  6752  6849 V RobotCore: executive service ReadWriteRunnable for Modern Robotics USB Device is terminated
03-05 18:52:44.666  6752  6849 D RobotCore: ...disarming modern motor controller Modern Robotics USB DC Motor Controller [A104OQ1P] complete
03-05 18:52:44.666  6752  6849 I FIRST   : ======= MODULE DETACH RECOVERY: pretend Modern Robotics USB DC Motor Controller [A104OQ1P]=======
03-05 18:52:44.666  6752  6849 D RobotCore: arming modern motor controller Modern Robotics USB DC Motor Controller [A104OQ1P] (pretend)...
03-05 18:52:44.666  6752  6849 V RobotCore: Starting up pretend device A104OQ1P
03-05 18:52:44.669  6752  6882 V RobotCore: thread: 'r/w loop: Modern Robotics USB DC Motor Controller [A104OQ1P]' starting...
03-05 18:52:44.670  6752  6849 D RobotCore: ...arming modern motor controller Modern Robotics USB DC Motor Controller [A104OQ1P] complete
03-05 18:52:44.670  6752  6849 I FIRST   : ======= MODULE DETACH RECOVERY: complete Modern Robotics USB DC Motor Controller [A104OQ1P]=======
03-05 18:52:44.670  6752  6849 V RobotCore: event loop: device has shutdown abnormally
03-05 18:52:44.670  6752  6849 V RobotCore: event loop: detaching device owner
03-05 18:52:44.670  6752  6849 I FIRST   : ======= MODULE DETACH RECOVERY: disarm Modern Robotics USB DC Motor Controller [AL00VWH0]=======
03-05 18:52:44.670  6752  6849 D RobotCore: disarming modern motor controller Modern Robotics USB DC Motor Controller [AL00VWH0]...
03-05 18:52:44.670  6752  6849 V RobotCore: waiting for service ReadWriteRunnable for Modern Robotics USB Device
03-05 18:52:44.671  6752  6849 V RobotCore: awaitTermination returned, isTerminated=true
03-05 18:52:44.671  6752  6849 V RobotCore: executive service ReadWriteRunnable for Modern Robotics USB Device is terminated
03-05 18:52:44.671  6752  6849 D RobotCore: ...disarming modern motor controller Modern Robotics USB DC Motor Controller [AL00VWH0] complete
03-05 18:52:44.671  6752  6849 I FIRST   : ======= MODULE DETACH RECOVERY: pretend Modern Robotics USB DC Motor Controller [AL00VWH0]=======
03-05 18:52:44.672  6752  6849 D RobotCore: arming modern motor controller Modern Robotics USB DC Motor Controller [AL00VWH0] (pretend)...
03-05 18:52:44.672  6752  6849 V RobotCore: Starting up pretend device AL00VWH0
03-05 18:52:44.673  6752  6883 V RobotCore: thread: 'r/w loop: Modern Robotics USB DC Motor Controller [AL00VWH0]' starting...
03-05 18:52:44.674  6752  6849 D RobotCore: ...arming modern motor controller Modern Robotics USB DC Motor Controller [AL00VWH0] complete
03-05 18:52:44.674  6752  6849 I FIRST   : ======= MODULE DETACH RECOVERY: complete Modern Robotics USB DC Motor Controller [AL00VWH0]=======
03-05 18:52:44.674  6752  6849 V RobotCore: event loop: device has shutdown abnormally
03-05 18:52:44.674  6752  6849 V RobotCore: event loop: detaching device owner
03-05 18:52:44.674  6752  6849 I FIRST   : ======= MODULE DETACH RECOVERY: disarm Modern Robotics USB DC Motor Controller [AI049QOP]=======
03-05 18:52:44.674  6752  6849 D RobotCore: disarming modern motor controller Modern Robotics USB DC Motor Controller [AI049QOP]...
03-05 18:52:44.674  6752  6849 V RobotCore: waiting for service ReadWriteRunnable for Modern Robotics USB Device
03-05 18:52:44.675  6752  6849 V RobotCore: awaitTermination returned, isTerminated=true
03-05 18:52:44.675  6752  6849 V RobotCore: executive service ReadWriteRunnable for Modern Robotics USB Device is terminated
03-05 18:52:44.675  6752  6849 D RobotCore: ...disarming modern motor controller Modern Robotics USB DC Motor Controller [AI049QOP] complete
03-05 18:52:44.675  6752  6849 I FIRST   : ======= MODULE DETACH RECOVERY: pretend Modern Robotics USB DC Motor Controller [AI049QOP]=======
03-05 18:52:44.675  6752  6849 D RobotCore: arming modern motor controller Modern Robotics USB DC Motor Controller [AI049QOP] (pretend)...
03-05 18:52:44.675  6752  6849 V RobotCore: Starting up pretend device AI049QOP
03-05 18:52:44.677  6752  6884 V RobotCore: thread: 'r/w loop: Modern Robotics USB DC Motor Controller [AI049QOP]' starting...
03-05 18:52:44.678  6752  6849 D RobotCore: ...arming modern motor controller Modern Robotics USB DC Motor Controller [AI049QOP] complete
03-05 18:52:44.678  6752  6849 I FIRST   : ======= MODULE DETACH RECOVERY: complete Modern Robotics USB DC Motor Controller [AI049QOP]=======
03-05 18:52:44.678  6752  6849 V RobotCore: event loop: device has shutdown abnormally
03-05 18:52:44.678  6752  6849 V RobotCore: event loop: detaching device owner
03-05 18:52:44.678  6752  6849 I FIRST   : ======= MODULE DETACH RECOVERY: disarm Modern Robotics USB DC Motor Controller [AL00VBIF]=======
03-05 18:52:44.678  6752  6849 D RobotCore: disarming modern motor controller Modern Robotics USB DC Motor Controller [AL00VBIF]...
03-05 18:52:44.679  6752  6849 V RobotCore: waiting for service ReadWriteRunnable for Modern Robotics USB Device
03-05 18:52:44.679  6752  6849 V RobotCore: awaitTermination returned, isTerminated=true
03-05 18:52:44.679  6752  6849 V RobotCore: executive service ReadWriteRunnable for Modern Robotics USB Device is terminated
03-05 18:52:44.679  6752  6849 D RobotCore: ...disarming modern motor controller Modern Robotics USB DC Motor Controller [AL00VBIF] complete
03-05 18:52:44.679  6752  6849 I FIRST   : ======= MODULE DETACH RECOVERY: pretend Modern Robotics USB DC Motor Controller [AL00VBIF]=======
03-05 18:52:44.679  6752  6849 D RobotCore: arming modern motor controller Modern Robotics USB DC Motor Controller [AL00VBIF] (pretend)...
03-05 18:52:44.679  6752  6849 V RobotCore: Starting up pretend device AL00VBIF
03-05 18:52:44.681  6752  6885 V RobotCore: thread: 'r/w loop: Modern Robotics USB DC Motor Controller [AL00VBIF]' starting...
03-05 18:52:44.681  6752  6849 D RobotCore: ...arming modern motor controller Modern Robotics USB DC Motor Controller [AL00VBIF] complete
03-05 18:52:44.681  6752  6849 I FIRST   : ======= MODULE DETACH RECOVERY: complete Modern Robotics USB DC Motor Controller [AL00VBIF]=======
03-05 18:52:55.618  6752  6752 V RCActivity: onPause()
03-05 18:52:56.823  6752  6758 I art     : Debugger is no longer active
03-05 18:52:56.861  6752  6752 V RCActivity: onResume()
03-05 18:53:43.604  6752  6752 V RCActivity: onPause()
03-05 18:53:43.613  6752  6752 V RCActivity: onStop()
03-05 18:53:43.613  6752  6752 V RobotCore: executive service robot setup is terminated
03-05 18:53:43.613  6752  6752 V Robocol : EventLoopManager.shutdown()
03-05 18:53:43.613  6752  6752 V RobotCore: waiting for service EventLoop
03-05 18:53:43.613  6752  6849 V RobotCore: EventLoopRunnable interrupted
03-05 18:53:43.614  6752  6849 V RobotCore: EventLoopManager state is STOPPED
03-05 18:53:43.614  6752  6849 V RobotCore: Robot Status: stopped
03-05 18:53:43.614  6752  6849 I FIRST   : ======= TEARDOWN =======
03-05 18:53:43.614  6752  6849 D RobotCore: disarming modern motor controller Modern Robotics USB DC Motor Controller [AL00VWH0]...
03-05 18:53:43.615  6752  6883 V RobotCore: thread: ...terminating 'r/w loop: Modern Robotics USB DC Motor Controller [AL00VWH0]'
03-05 18:53:43.616  6752  6849 V RobotCore: executive service ReadWriteRunnable for Modern Robotics USB Device is terminated
03-05 18:53:43.616  6752  6849 D RobotCore: ...disarming modern motor controller Modern Robotics USB DC Motor Controller [AL00VWH0] complete
03-05 18:53:43.616  6752  6849 D RobotCore: disarming modern motor controller Modern Robotics USB DC Motor Controller [A104OQ1P]...
03-05 18:53:43.623  6752  6882 V RobotCore: thread: ...terminating 'r/w loop: Modern Robotics USB DC Motor Controller [A104OQ1P]'
03-05 18:53:43.624  6752  6849 V RobotCore: executive service ReadWriteRunnable for Modern Robotics USB Device is terminated
03-05 18:53:43.624  6752  6849 D RobotCore: ...disarming modern motor controller Modern Robotics USB DC Motor Controller [A104OQ1P] complete
03-05 18:53:43.625  6752  6849 D RobotCore: disarming modern motor controller Modern Robotics USB DC Motor Controller [AL00VBIF]...
03-05 18:53:43.631  6752  6885 V RobotCore: thread: ...terminating 'r/w loop: Modern Robotics USB DC Motor Controller [AL00VBIF]'
03-05 18:53:43.632  6752  6849 V RobotCore: executive service ReadWriteRunnable for Modern Robotics USB Device is terminated
03-05 18:53:43.632  6752  6849 D RobotCore: ...disarming modern motor controller Modern Robotics USB DC Motor Controller [AL00VBIF] complete
03-05 18:53:43.632  6752  6849 D RobotCore: disarming modern motor controller Modern Robotics USB DC Motor Controller [AI049QOP]...
03-05 18:53:43.636  6752  6884 V RobotCore: thread: ...terminating 'r/w loop: Modern Robotics USB DC Motor Controller [AI049QOP]'
03-05 18:53:43.636  6752  6849 V RobotCore: waiting for service ReadWriteRunnable for Modern Robotics USB Device
03-05 18:53:43.636  6752  6849 V RobotCore: awaitTermination returned, isTerminated=true
03-05 18:53:43.636  6752  6849 V RobotCore: executive service ReadWriteRunnable for Modern Robotics USB Device is terminated
03-05 18:53:43.636  6752  6849 D RobotCore: ...disarming modern motor controller Modern Robotics USB DC Motor Controller [AI049QOP] complete
03-05 18:53:43.636  6752  6849 D RobotCore: disarming modern servo controller "Modern Robotics USB Servo Controller [AL00VST0]"...
03-05 18:53:43.642  6752  6880 V RobotCore: thread: ...terminating 'r/w loop: Modern Robotics USB Servo Controller [AL00VST0]'
03-05 18:53:43.643  6752  6849 V RobotCore: executive service ReadWriteRunnable for Modern Robotics USB Device is terminated
03-05 18:53:43.643  6752  6849 D RobotCore: ...disarming modern servo controller Modern Robotics USB Servo Controller [AL00VST0] complete
03-05 18:53:43.652  6752  6881 V RobotCore:i2cSynch(USB AI02RHDJ; port 2): onPortIsReadyCallbacksEnd ...
03-05 18:53:43.652  6752  6881 V RobotCore:i2cSynch(USB AI02RHDJ; port 2): ... onPortIsReadyCallbacksEnd complete
03-05 18:53:43.652  6752  6881 V RobotCore:i2cSynch(USB AI02RHDJ; port 4): onPortIsReadyCallbacksEnd ...
03-05 18:53:43.652  6752  6881 V RobotCore:i2cSynch(USB AI02RHDJ; port 4): ... onPortIsReadyCallbacksEnd complete
03-05 18:53:43.652  6752  6881 V RobotCore: thread: ...terminating 'r/w loop: Modern Robotics USB Core Device Interface Module [AI02RHDJ]'
03-05 18:53:43.652  6752  6849 V RobotCore: waiting for service ReadWriteRunnable for Modern Robotics USB Device
03-05 18:53:43.652  6752  6849 V RobotCore: awaitTermination returned, isTerminated=true
03-05 18:53:43.652  6752  6849 V RobotCore: executive service ReadWriteRunnable for Modern Robotics USB Device is terminated
03-05 18:53:43.653  6752  6849 I FIRST   : ======= TEARDOWN COMPLETE =======
03-05 18:53:43.653  6752  6849 V RobotCore: thread: ...terminating 'opmode loop()'
03-05 18:53:43.654  6752  6752 V RobotCore: awaitTermination returned, isTerminated=true
03-05 18:53:43.654  6752  6752 V RobotCore: executive service EventLoop is terminated
03-05 18:53:43.654  6752  6752 V RobotCore: EventLoopManager state is STOPPED
03-05 18:53:43.717  6752  6820 D RobotCore: system telemetry: key=$System$None$ msg=""
03-05 18:53:55.580  7386  7386 I art     : Late-enabling -Xcheck:jni
03-05 18:53:55.600  7386  7392 I art     : Debugger is no longer active
03-05 18:53:55.623  7386  7386 I InstantRun: Instant Run Runtime started. Android package is com.qualcomm.ftcrobotcontroller, real application class is org.firstinspires.ftc.robotcore.internal.RobotApplication.
03-05 18:53:56.223  7433  7433 I dex2oat : /system/bin/dex2oat --dex-file=/data/data/com.qualcomm.ftcrobotcontroller/files/instant-run/dex/slice-slice_8-classes.dex --oat-file=/data/user/0/com.qualcomm.ftcrobotcontroller/cache/slice-slice_8-classes.dex
03-05 18:53:56.402  7433  7433 I dex2oat : dex2oat took 179.546ms (threads: 4) arena alloc=1821KB java alloc=75KB native alloc=2MB free=42KB
03-05 18:53:56.567  7453  7453 I dex2oat : /system/bin/dex2oat --dex-file=/data/data/com.qualcomm.ftcrobotcontroller/files/instant-run/dex/slice-slice_2-classes.dex --oat-file=/data/user/0/com.qualcomm.ftcrobotcontroller/cache/slice-slice_2-classes.dex
03-05 18:53:57.009  7453  7453 I dex2oat : dex2oat took 442.655ms (threads: 4) arena alloc=110KB java alloc=111KB native alloc=2MB free=103KB
03-05 18:53:57.246  7386  7386 V RCActivity: onCreate()
03-05 18:53:57.252  7386  7459 V RobotCore: saving logcat to /storage/emulated/0/com.qualcomm.ftcrobotcontroller.logcat
03-05 18:53:57.252  7386  7459 V RobotCore: logging command line: logcat -f /storage/emulated/0/com.qualcomm.ftcrobotcontroller.logcat -r4096 -n4 -v threadtime UsbRequestJNI:S UsbRequest:S *:V
03-05 18:53:57.277  7386  7386 I WebViewFactory: Loading com.google.android.webview version 46.0.2490.76 (code 249007600)
03-05 18:53:57.285  7461  7461 W ps      : type=1400 audit(0.0:136108): avc: denied { getattr } for uid=10109 path="/proc/1" dev="proc" ino=301916 scontext=u:r:untrusted_app:s0:c512,c768 tcontext=u:r:init:s0 tclass=dir permissive=0
03-05 18:53:57.285  7461  7461 W ps      : type=1400 audit(0.0:136109): avc: denied { search } for uid=10109 name="1" dev="proc" ino=301916 scontext=u:r:untrusted_app:s0:c512,c768 tcontext=u:r:init:s0 tclass=dir permissive=0
03-05 18:53:57.285  7461  7461 W ps      : type=1400 audit(0.0:136110): avc: denied { search } for uid=10109 name="1" dev="proc" ino=301916 scontext=u:r:untrusted_app:s0:c512,c768 tcontext=u:r:init:s0 tclass=dir permissive=0
03-05 18:53:57.285  7461  7461 W ps      : type=1400 audit(0.0:136111): avc: denied { getattr } for uid=10109 path="/proc/2" dev="proc" ino=305438 scontext=u:r:untrusted_app:s0:c512,c768 tcontext=u:r:kernel:s0 tclass=dir permissive=0
03-05 18:53:57.285  7461  7461 W ps      : type=1400 audit(0.0:136112): avc: denied { search } for uid=10109 name="2" dev="proc" ino=305438 scontext=u:r:untrusted_app:s0:c512,c768 tcontext=u:r:kernel:s0 tclass=dir permissive=0
03-05 18:53:57.285  7461  7461 W ps      : type=1400 audit(0.0:136113): avc: denied { search } for uid=10109 name="2" dev="proc" ino=305438 scontext=u:r:untrusted_app:s0:c512,c768 tcontext=u:r:kernel:s0 tclass=dir permissive=0
03-05 18:53:57.285  7461  7461 W ps      : type=1400 audit(0.0:136114): avc: denied { getattr } for uid=10109 path="/proc/3" dev="proc" ino=305439 scontext=u:r:untrusted_app:s0:c512,c768 tcontext=u:r:kernel:s0 tclass=dir permissive=0
03-05 18:53:57.285  7461  7461 W ps      : type=1400 audit(0.0:136115): avc: denied { search } for uid=10109 name="3" dev="proc" ino=305439 scontext=u:r:untrusted_app:s0:c512,c768 tcontext=u:r:kernel:s0 tclass=dir permissive=0
03-05 18:53:57.285  7461  7461 W ps      : type=1400 audit(0.0:136116): avc: denied { search } for uid=10109 name="3" dev="proc" ino=305439 scontext=u:r:untrusted_app:s0:c512,c768 tcontext=u:r:kernel:s0 tclass=dir permissive=0
03-05 18:53:57.285  7461  7461 W ps      : type=1400 audit(0.0:136117): avc: denied { getattr } for uid=10109 path="/proc/5" dev="proc" ino=305440 scontext=u:r:untrusted_app:s0:c512,c768 tcontext=u:r:kernel:s0 tclass=dir permissive=0
03-05 18:53:57.285  7461  7461 W ps      : type=1400 audit(0.0:136118): avc: denied { search } for uid=10109 name="5" dev="proc" ino=305440 scontext=u:r:untrusted_app:s0:c512,c768 tcontext=u:r:kernel:s0 tclass=dir permissive=0
03-05 18:53:57.285  7461  7461 W ps      : type=1400 audit(0.0:136119): avc: denied { search } for uid=10109 name="5" dev="proc" ino=305440 scontext=u:r:untrusted_app:s0:c512,c768 tcontext=u:r:kernel:s0 tclass=dir permissive=0
03-05 18:53:57.285  7461  7461 W ps      : type=1400 audit(0.0:136120): avc: denied { getattr } for uid=10109 path="/proc/6" dev="proc" ino=305441 scontext=u:r:untrusted_app:s0:c512,c768 tcontext=u:r:kernel:s0 tclass=dir permissive=0
03-05 18:53:57.285  7461  7461 W ps      : type=1400 audit(0.0:136121): avc: denied { search } for uid=10109 name="6" dev="proc" ino=305441 scontext=u:r:untrusted_app:s0:c512,c768 tcontext=u:r:kernel:s0 tclass=dir permissive=0
03-05 18:53:57.285  7461  7461 W ps      : type=1400 audit(0.0:136122): avc: denied { search } for uid=10109 name="6" dev="proc" ino=305441 scontext=u:r:untrusted_app:s0:c512,c768 tcontext=u:r:kernel:s0 tclass=dir permissive=0
03-05 18:53:57.285  7461  7461 W ps      : type=1400 audit(0.0:136123): avc: denied { getattr } for uid=10109 path="/proc/7" dev="proc" ino=305442 scontext=u:r:untrusted_app:s0:c512,c768 tcontext=u:r:kernel:s0 tclass=dir permissive=0
03-05 18:53:57.285  7461  7461 W ps      : type=1400 audit(0.0:136124): avc: denied { search } for uid=10109 name="7" dev="proc" ino=305442 scontext=u:r:untrusted_app:s0:c512,c768 tcontext=u:r:kernel:s0 tclass=dir permissive=0
03-05 18:53:57.285  7461  7461 W ps      : type=1400 audit(0.0:136125): avc: denied { search } for uid=10109 name="7" dev="proc" ino=305442 scontext=u:r:untrusted_app:s0:c512,c768 tcontext=u:r:kernel:s0 tclass=dir permissive=0
03-05 18:53:57.285  7461  7461 W ps      : type=1400 audit(0.0:136126): avc: denied { getattr } for uid=10109 path="/proc/8" dev="proc" ino=305443 scontext=u:r:untrusted_app:s0:c512,c768 tcontext=u:r:kernel:s0 tclass=dir permissive=0
03-05 18:53:57.285  7461  7461 W ps      : type=1400 audit(0.0:136127): avc: denied { search } for uid=10109 name="8" dev="proc" ino=305443 scontext=u:r:untrusted_app:s0:c512,c768 tcontext=u:r:kernel:s0 tclass=dir permissive=0
03-05 18:53:57.305  7386  7386 W System  : ClassLoader referenced unknown path: /system/app/WebViewGoogle/lib/arm
03-05 18:53:57.313  7386  7386 I cr.library_loader: Time to load native libraries: 3 ms (timestamps 9261-9264)
03-05 18:53:57.313  7386  7386 I cr.library_loader: Expected native library version number "46.0.2490.76", actual native library version number "46.0.2490.76"
03-05 18:53:57.333  7386  7386 V WebViewChromiumFactoryProvider: Binding Chromium to main looper Looper (main, tid 1) {b347e6e}
03-05 18:53:57.334  7386  7386 I cr.library_loader: Expected native library version number "46.0.2490.76", actual native library version number "46.0.2490.76"
03-05 18:53:57.334  7386  7386 I chromium: [INFO:library_loader_hooks.cc(118)] Chromium logging enabled: level = 0, default verbosity = 0
03-05 18:53:57.342  7386  7386 I cr.BrowserStartup: Initializing chromium process, singleProcess=true
03-05 18:53:57.346  7386  7386 E SysUtils: ApplicationContext is null in ApplicationStatus
03-05 18:53:57.359  7386  7466 W chromium: [WARNING:dns_config_service_posix.cc(298)] Failed to read DnsConfig.
03-05 18:53:57.371  7386  7386 I Adreno-EGL: <qeglDrvAPI_eglInitialize:379>: EGL 1.4 QUALCOMM build:  (Ifd751822f5)
03-05 18:53:57.371  7386  7386 I Adreno-EGL: OpenGL ES Shader Compiler Version: XE031.06.00.05
03-05 18:53:57.371  7386  7386 I Adreno-EGL: Build Date: 01/26/16 Tue
03-05 18:53:57.371  7386  7386 I Adreno-EGL: Local Branch: AU12_SBA
03-05 18:53:57.371  7386  7386 I Adreno-EGL: Remote Branch: 
03-05 18:53:57.371  7386  7386 I Adreno-EGL: Local Patches: 
03-05 18:53:57.371  7386  7386 I Adreno-EGL: Reconstruct Branch: 
03-05 18:53:57.400  7386  7386 E chromium: [ERROR:browser_gpu_channel_host_factory.cc(258)] Failed to init browser shader disk cache.
03-05 18:53:57.437  7386  7386 E libEGL  : validate_display:255 error 3008 (EGL_BAD_DISPLAY)
03-05 18:53:57.469  7386  7386 W art     : Attempt to remove non-JNI local reference, dumping thread
03-05 18:53:57.478  7386  7386 W AwContents: onDetachedFromWindow called when already detached. Ignoring
03-05 18:53:58.855  7386  7386 W OpmodeRegistration: configuration error: 'AutoLoopTest' class doesn't inherit from the class 'OpMode'
03-05 18:53:58.965  7386  7386 V RobotCore: Network: inactive, disconnected
03-05 18:53:58.975  7386  7386 V RCActivity: onStart()
03-05 18:53:58.978  7386  7386 V RCActivity: onResume()
03-05 18:53:58.982  7386  7490 D OpenGLRenderer: Use EGL_SWAP_BEHAVIOR_PRESERVED: true
03-05 18:53:59.014  7386  7386 V FTCService: onCreate()
03-05 18:53:59.014  7386  7386 V FTCService: onBind()
03-05 18:53:59.014  7386  7386 V FTCService: Android device is motorola, MotoG3
03-05 18:53:59.015  7386  7386 V RobotCore: Starting network of type: WIFIDIRECT
03-05 18:53:59.018  7386  7386 V WifiDirect: There are 1 Wifi Direct Assistant Clients (+)
03-05 18:53:59.018  7386  7386 V WifiDirect: Enabling Wifi Direct Assistant
03-05 18:53:59.062  7386  7490 I OpenGLRenderer: Initialized EGL, version 1.4
03-05 18:53:59.076  7386  7386 D WifiDirect: broadcast: state - enabled: true
03-05 18:53:59.079  7386  7386 D WifiDirect: broadcast: connection changed: connectStatus=NOT_CONNECTED networkInfo.state=CONNECTED
03-05 18:53:59.080  7386  7386 V WifiDirect: NetworkInfo: [type: WIFI_P2P[], state: CONNECTED/CONNECTED, reason: (unspecified), extra: (none), roaming: false, failover: false, isAvailable: true]
03-05 18:53:59.080  7386  7386 V WifiDirect: WifiP2pInfo: groupFormed: true isGroupOwner: true operatingChannel: 2412 groupOwnerAddress: /192.168.49.1 mccMode: false
03-05 18:53:59.081  7386  7386 V WifiDirect: WifiP2pGroup: network: DIRECT-u3-9899-E-RC, isGO: true, Operating Channel: 2412, GO: Device: , deviceAddress: 24:da:9b:6a:a2:ba, primary type: null, secondary type: null, wps: 0, grpcapab: 0, devcapab: 0, status: 4, wfdInfo: WFD enabled: falseWFD DeviceInfo: 0, WFD CtrlPort: 0, WFD MaxThroughput: 0, level: 0, Client: Device: 9899-E-DS, deviceAddress: a4:70:d6:d3:3d:55, primary type: 10-0050F204-5, secondary type: null, wps: 392, grpcapab: 0, devcapab: 37, status: 0, wfdInfo: null, level: 60, interface: p2p0, networkId: 1, mGoOperFreq: 2412
03-05 18:53:59.083  7386  7386 D WifiDirect: broadcast: this device changed
03-05 18:53:59.083  7386  7386 V WifiDirect: device information: 9899-E-RC 24:da:9b:6a:a2:ba
03-05 18:53:59.083  7386  7386 V FTCService: RCActivity.controllerService=bound
03-05 18:53:59.084  7386  7386 V RobotCore: Network: unknown, disconnected
03-05 18:53:59.085  7386  7386 V RobotCore: Robot Status: stopped
03-05 18:53:59.126  7386  7386 D OpmodeRegistration: registered {DefaultOpMode} as {$Stop$Robot$}
03-05 18:53:59.127  7386  7386 V FTCService: Processing robot setup
03-05 18:53:59.127  7386  7386 D WifiDirect: cannot create group, does group already exist?
03-05 18:53:59.129  7386  7502 V RobotCore: thread: 'RobotSetupRunnable.run()' starting...
03-05 18:53:59.129  7386  7502 V RobotCore: Robot Status: stopped, scanning for USB devices
03-05 18:53:59.134  7386  7497 D MediaPlayer: setSubtitleAnchor in MediaPlayer
03-05 18:53:59.174  7386  7495 D ExtendedUtils: extended extractor not needed, return default
03-05 18:53:59.175  7386  7495 I MediaCodec: (0xb86a8048) init name(audio/raw) isType(1) encoder(0)
03-05 18:53:59.177  7386  7505 I OMXClient: Using client-side OMX mux.
03-05 18:53:59.180  7386  7505 E OMXMaster: A component of name 'OMX.qcom.audio.decoder.aac' already exists, ignoring this one.
03-05 18:53:59.181  7386  7505 I MediaCodec: (0xb86a8048) Component Allocated (OMX.google.raw.decoder)
03-05 18:53:59.181  7386  7495 I MediaCodec: (0xb86a8048) configure surface(0x0) crypto(0x0) flags(0)
03-05 18:53:59.181  7386  7495 D MediaCodec: (0xb86a8048) configure format: AMessage(what = 0x00000000) = {
03-05 18:53:59.181  7386  7495 D MediaCodec:    string mime = "audio/raw"
03-05 18:53:59.181  7386  7495 D MediaCodec:    int64_t durationUs = 929183
03-05 18:53:59.181  7386  7495 D MediaCodec:    int32_t channel-count = 2
03-05 18:53:59.181  7386  7495 D MediaCodec:    int32_t sample-rate = 44100
03-05 18:53:59.181  7386  7495 D MediaCodec:    int32_t channel-mask = 0
03-05 18:53:59.181  7386  7495 D MediaCodec:  }
03-05 18:53:59.183  7386  7495 I MediaCodec: (0xb86a8048) start
03-05 18:53:59.184  7386  7505 I MediaCodec: (0xb86a8048) input buffers allocated
03-05 18:53:59.184  7386  7505 I MediaCodec: (0xb86a8048) numBuffers (4)
03-05 18:53:59.184  7386  7505 I MediaCodec: (0xb86a8048) output buffers allocated
03-05 18:53:59.184  7386  7505 I MediaCodec: (0xb86a8048) numBuffers (4)
03-05 18:53:59.186  7386  7505 I MediaCodec: (0xb86a8048) codec output format changed
03-05 18:53:59.186  7386  7505 D MediaCodec: (0xb86a8048) output format: AMessage(what = 'codc', target = 2) = {
03-05 18:53:59.186  7386  7505 D MediaCodec:    string mime = "audio/raw"
03-05 18:53:59.186  7386  7505 D MediaCodec:    int32_t channel-count = 2
03-05 18:53:59.186  7386  7505 D MediaCodec:    int32_t sample-rate = 44100
03-05 18:53:59.186  7386  7505 D MediaCodec:    int32_t channel-mask = 0
03-05 18:53:59.186  7386  7505 D MediaCodec:    int32_t what = 1869968451
03-05 18:53:59.186  7386  7505 D MediaCodec:  }
03-05 18:53:59.191  7386  7495 I MediaCodec: (0xb86a8048) stop
03-05 18:53:59.192  7386  7495 I MediaCodec: (0xb86a8048) release
03-05 18:53:59.197  7386  7497 W AudioTrack: AUDIO_OUTPUT_FLAG_FAST denied by client; transfer 4, track 44100 Hz, output 48000 Hz
03-05 18:53:59.237  7386  7386 D WifiDirect: group owners address: /192.168.49.1
03-05 18:53:59.237  7386  7386 D WifiDirect: group formed, this device is the group owner (GO)
03-05 18:53:59.237  7386  7386 I FTCService: Wifi Direct - connected as group owner
03-05 18:53:59.237  7386  7386 D WifiDirect: stop discovering peers
03-05 18:53:59.244  7386  7386 V RobotCore: Network: enabled, disconnected
03-05 18:53:59.246  7386  7386 W MediaPlayer: mediaplayer went away with unhandled events
03-05 18:53:59.276  7386  7386 V WifiDirect: connection information available
03-05 18:53:59.276  7386  7386 V WifiDirect: connection information - groupOwnerName = 9899-E-RC
03-05 18:53:59.276  7386  7386 V WifiDirect: connection information - groupOwnerMacAddress = 24:da:9b:6a:a2:ba
03-05 18:53:59.276  7386  7386 V WifiDirect: connection information - groupInterface = p2p0
03-05 18:53:59.276  7386  7386 V WifiDirect: connection information - groupNetworkName = DIRECT-u3-9899-E-RC
03-05 18:53:59.276  7386  7386 I FTCService: Network Connection Passphrase: ZY55bu2t
03-05 18:53:59.277  7386  7386 V RobotCore: Network: active, disconnected
03-05 18:54:04.131  7386  7502 V RobotCore: EventLoopManager state is NOT_STARTED
03-05 18:54:04.131  7386  7502 V RobotCore: Robot Status: stopped, waiting on network
03-05 18:54:04.132  7386  7502 V RobotCore: Robot Status: stopped, starting robot
03-05 18:54:04.132  7386  7502 V Robocol : EventLoopManager.start()
03-05 18:54:04.132  7386  7502 V RobotCore: Starting network of type: WIFIDIRECT
03-05 18:54:04.132  7386  7502 V Robocol : Spoofing a Network Connection event...
03-05 18:54:04.133  7386  7502 V RobotCore: executive service EventLoop is terminated
03-05 18:54:04.133  7386  7502 V RobotCore: EventLoopManager state is STOPPED
03-05 18:54:04.133  7386  7502 V Robocol : eventLoop=FtcEventLoop
03-05 18:54:04.134  7386  7502 V RobotCore: EventLoopManager state is INIT
03-05 18:54:04.134  7386  7502 V RobotCore: Robot Status: initializing, starting robot
03-05 18:54:04.134  7386  7502 I FIRST   : ======= INIT START =======
03-05 18:54:04.139  7386  7386 I RobotCore: Battery Checker, Level Remaining: 71.0
03-05 18:54:04.141  7386  7386 I RobotCore: Battery Checker, Level Remaining: 71.0
03-05 18:54:04.144  7386  7502 D OpmodeRegistration: registered {Shooter} as {Shooter}
03-05 18:54:04.144  7386  7502 D OpmodeRegistration: registered {BlueAlternateCenter} as {BlueAlternateCenter}
03-05 18:54:04.145  7386  7502 D OpmodeRegistration: registered {BlueAlternateCorner} as {BlueAlternateCorner}
03-05 18:54:04.146  7386  7512 V RobotCore: thread: 'SetupRunnable.run()' starting...
03-05 18:54:04.146  7386  7502 D OpmodeRegistration: registered {BlueStandardCenter} as {BlueStandardCenter}
03-05 18:54:04.147  7386  7502 D OpmodeRegistration: registered {BlueStandardCorner} as {BlueStandardCorner}
03-05 18:54:04.148  7386  7502 D OpmodeRegistration: registered {FinalTeleOp} as {FinalTeleOp}
03-05 18:54:04.148  7386  7502 D OpmodeRegistration: registered {RedAlternateCenter} as {RedAlternateCenter}
03-05 18:54:04.150  7386  7502 D OpmodeRegistration: registered {RedAlternateCorner} as {RedAlternateCorner}
03-05 18:54:04.151  7386  7502 D OpmodeRegistration: registered {RedStandardCenter} as {RedStandardCenter}
03-05 18:54:04.151  7386  7502 D OpmodeRegistration: registered {RedStandardCorner} as {RedStandardCorner}
03-05 18:54:04.161  7386  7502 V D2xx::  : Start constructor
03-05 18:54:04.169  7386  7502 V D2xx::  : End constructor
03-05 18:54:04.176  7386  7502 V RobotCore: Creating Modern Robotics USB Servo Controller [AL00VST0]
03-05 18:54:04.186  7386  7502 D RobotCore: arming modern servo controller Modern Robotics USB Servo Controller [AL00VST0]...
03-05 18:54:04.187  7386  7512 D Robocol : RobocolDatagramSocket listening addr=/192.168.49.1:20884 cbRec=65520 cbSend=163840 msRecTO=300
03-05 18:54:04.188  7386  7512 V Robocol : RecvLoopRunnable created
03-05 18:54:04.188  7386  7502 W System.err: unable to find USB device with serial number AL00VST0
03-05 18:54:04.189  7386  7502 D RobotCore: arming modern servo controller Modern Robotics USB Servo Controller [AL00VST0] (pretend)...
03-05 18:54:04.190  7386  7512 V PeerDiscovery: Starting peer discovery
03-05 18:54:04.193  7386  7502 V RobotCore: Starting up pretend device AL00VST0
