04-09 20:27:18.573 31798 31798 E ActivityThread: Service com.qualcomm.ftccommon.FtcRobotControllerService has leaked IntentReceiver com.qualcomm.robotcore.wifi.WifiDirectAssistant$WifiP2pBroadcastReceiver@f6ea30f that was originally registered here. Are you missing a call to unregisterReceiver()?
04-09 20:27:18.573 31798 31798 E ActivityThread: android.app.IntentReceiverLeaked: Service com.qualcomm.ftccommon.FtcRobotControllerService has leaked IntentReceiver com.qualcomm.robotcore.wifi.WifiDirectAssistant$WifiP2pBroadcastReceiver@f6ea30f that was originally registered here. Are you missing a call to unregisterReceiver()?
04-09 20:27:18.573 31798 31798 E ActivityThread: 	at android.app.LoadedApk$ReceiverDispatcher.<init>(LoadedApk.java:918)
04-09 20:27:18.573 31798 31798 E ActivityThread: 	at android.app.LoadedApk.getReceiverDispatcher(LoadedApk.java:719)
04-09 20:27:18.573 31798 31798 E ActivityThread: 	at android.app.ContextImpl.registerReceiverInternal(ContextImpl.java:1172)
04-09 20:27:18.573 31798 31798 E ActivityThread: 	at android.app.ContextImpl.registerReceiver(ContextImpl.java:1152)
04-09 20:27:18.573 31798 31798 E ActivityThread: 	at android.app.ContextImpl.registerReceiver(ContextImpl.java:1146)
04-09 20:27:18.573 31798 31798 E ActivityThread: 	at com.qualcomm.robotcore.wifi.WifiDirectAssistant.enable(WifiDirectAssistant.java:284)
04-09 20:27:18.573 31798 31798 E ActivityThread: 	at com.qualcomm.ftccommon.FtcRobotControllerService.onBind(FtcRobotControllerService.java:234)
04-09 20:27:18.573 31798 31798 E ActivityThread: 	at android.app.ActivityThread.handleBindService(ActivityThread.java:2922)
04-09 20:27:18.573 31798 31798 E ActivityThread: 	at android.app.ActivityThread.-wrap2(ActivityThread.java)
04-09 20:27:18.573 31798 31798 E ActivityThread: 	at android.app.ActivityThread$H.handleMessage(ActivityThread.java:1442)
04-09 20:27:18.573 31798 31798 E ActivityThread: 	at android.os.Handler.dispatchMessage(Handler.java:102)
04-09 20:27:18.573 31798 31798 E ActivityThread: 	at android.os.Looper.loop(Looper.java:148)
04-09 20:27:18.573 31798 31798 E ActivityThread: 	at android.app.ActivityThread.main(ActivityThread.java:5456)
04-09 20:27:18.573 31798 31798 E ActivityThread: 	at java.lang.reflect.Method.invoke(Native Method)
04-09 20:27:18.573 31798 31798 E ActivityThread: 	at com.android.internal.os.ZygoteInit$MethodAndArgsCaller.run(ZygoteInit.java:728)
04-09 20:27:18.573 31798 31798 E ActivityThread: 	at com.android.internal.os.ZygoteInit.main(ZygoteInit.java:618)
04-10 19:19:50.578 17127 17127 E AndroidRuntime: FATAL EXCEPTION: main
04-10 19:19:50.578 17127 17127 E AndroidRuntime: Process: com.qualcomm.ftcrobotcontroller, PID: 17127
04-10 19:19:50.578 17127 17127 E AndroidRuntime: java.lang.RuntimeException: Unable to stop activity {com.qualcomm.ftcrobotcontroller/org.firstinspires.ftc.robotcontroller.internal.FtcRobotControllerActivity}: java.lang.NullPointerException: Attempt to invoke virtual method 'void com.qualcomm.ftccommon.FtcRobotControllerService.shutdownRobot()' on a null object reference
04-10 19:19:50.578 17127 17127 E AndroidRuntime: 	at android.app.ActivityThread.handleSleeping(ActivityThread.java:3645)
04-10 19:19:50.578 17127 17127 E AndroidRuntime: 	at android.app.ActivityThread.-wrap19(ActivityThread.java)
04-10 19:19:50.578 17127 17127 E AndroidRuntime: 	at android.app.ActivityThread$H.handleMessage(ActivityThread.java:1529)
04-10 19:19:50.578 17127 17127 E AndroidRuntime: 	at android.os.Handler.dispatchMessage(Handler.java:102)
04-10 19:19:50.578 17127 17127 E AndroidRuntime: 	at android.os.Looper.loop(Looper.java:148)
04-10 19:19:50.578 17127 17127 E AndroidRuntime: 	at android.app.ActivityThread.main(ActivityThread.java:5456)
04-10 19:19:50.578 17127 17127 E AndroidRuntime: 	at java.lang.reflect.Method.invoke(Native Method)
04-10 19:19:50.578 17127 17127 E AndroidRuntime: 	at com.android.internal.os.ZygoteInit$MethodAndArgsCaller.run(ZygoteInit.java:728)
04-10 19:19:50.578 17127 17127 E AndroidRuntime: 	at com.android.internal.os.ZygoteInit.main(ZygoteInit.java:618)
04-10 19:19:50.578 17127 17127 E AndroidRuntime: Caused by: java.lang.NullPointerException: Attempt to invoke virtual method 'void com.qualcomm.ftccommon.FtcRobotControllerService.shutdownRobot()' on a null object reference
04-10 19:19:50.578 17127 17127 E AndroidRuntime: 	at org.firstinspires.ftc.robotcontroller.internal.FtcRobotControllerActivity.onStop(FtcRobotControllerActivity.java:318)
04-10 19:19:50.578 17127 17127 E AndroidRuntime: 	at android.app.Instrumentation.callActivityOnStop(Instrumentation.java:1301)
04-10 19:19:50.578 17127 17127 E AndroidRuntime: 	at android.app.Activity.performStop(Activity.java:6403)
04-10 19:19:50.578 17127 17127 E AndroidRuntime: 	at android.app.ActivityThread.handleSleeping(ActivityThread.java:3642)
04-10 19:19:50.578 17127 17127 E AndroidRuntime: 	... 8 more
04-10 19:22:23.335 17444 17444 E AndroidRuntime: FATAL EXCEPTION: main
04-10 19:22:23.335 17444 17444 E AndroidRuntime: Process: com.qualcomm.ftcrobotcontroller, PID: 17444
04-10 19:22:23.335 17444 17444 E AndroidRuntime: java.lang.RuntimeException: Unable to stop activity {com.qualcomm.ftcrobotcontroller/org.firstinspires.ftc.robotcontroller.internal.FtcRobotControllerActivity}: java.lang.NullPointerException: Attempt to invoke virtual method 'void com.qualcomm.ftccommon.FtcRobotControllerService.shutdownRobot()' on a null object reference
04-10 19:22:23.335 17444 17444 E AndroidRuntime: 	at android.app.ActivityThread.handleSleeping(ActivityThread.java:3645)
04-10 19:22:23.335 17444 17444 E AndroidRuntime: 	at android.app.ActivityThread.-wrap19(ActivityThread.java)
04-10 19:22:23.335 17444 17444 E AndroidRuntime: 	at android.app.ActivityThread$H.handleMessage(ActivityThread.java:1529)
04-10 19:22:23.335 17444 17444 E AndroidRuntime: 	at android.os.Handler.dispatchMessage(Handler.java:102)
04-10 19:22:23.335 17444 17444 E AndroidRuntime: 	at android.os.Looper.loop(Looper.java:148)
04-10 19:22:23.335 17444 17444 E AndroidRuntime: 	at android.app.ActivityThread.main(ActivityThread.java:5456)
04-10 19:22:23.335 17444 17444 E AndroidRuntime: 	at java.lang.reflect.Method.invoke(Native Method)
04-10 19:22:23.335 17444 17444 E AndroidRuntime: 	at com.android.internal.os.ZygoteInit$MethodAndArgsCaller.run(ZygoteInit.java:728)
04-10 19:22:23.335 17444 17444 E AndroidRuntime: 	at com.android.internal.os.ZygoteInit.main(ZygoteInit.java:618)
04-10 19:22:23.335 17444 17444 E AndroidRuntime: Caused by: java.lang.NullPointerException: Attempt to invoke virtual method 'void com.qualcomm.ftccommon.FtcRobotControllerService.shutdownRobot()' on a null object reference
04-10 19:22:23.335 17444 17444 E AndroidRuntime: 	at org.firstinspires.ftc.robotcontroller.internal.FtcRobotControllerActivity.onStop(FtcRobotControllerActivity.java:318)
04-10 19:22:23.335 17444 17444 E AndroidRuntime: 	at android.app.Instrumentation.callActivityOnStop(Instrumentation.java:1301)
04-10 19:22:23.335 17444 17444 E AndroidRuntime: 	at android.app.Activity.performStop(Activity.java:6403)
04-10 19:22:23.335 17444 17444 E AndroidRuntime: 	at android.app.ActivityThread.handleSleeping(ActivityThread.java:3642)
04-10 19:22:23.335 17444 17444 E AndroidRuntime: 	... 8 more
--------- beginning of main
04-10 20:51:21.865 22128 22128 I art     : Late-enabling -Xcheck:jni
04-10 20:51:21.954 22128 22128 I InstantRun: Instant Run Runtime started. Android package is com.qualcomm.ftcrobotcontroller, real application class is org.firstinspires.ftc.robotcore.internal.RobotApplication.
04-10 20:51:22.344 22128 22128 V RCActivity: onCreate()
04-10 20:51:22.357 22128 22142 V RobotCore: saving logcat to /storage/emulated/0/com.qualcomm.ftcrobotcontroller.logcat
04-10 20:51:22.357 22128 22142 V RobotCore: logging command line: logcat -f /storage/emulated/0/com.qualcomm.ftcrobotcontroller.logcat -r4096 -n4 -v threadtime UsbRequestJNI:S UsbRequest:S *:V
04-10 20:51:22.377 22128 22128 I WebViewFactory: Loading com.google.android.webview version 46.0.2490.76 (code 249007600)
04-10 20:51:22.384 22144 22144 W ps      : type=1400 audit(0.0:92344): avc: denied { getattr } for uid=10109 path="/proc/1" dev="proc" ino=750425 scontext=u:r:untrusted_app:s0:c512,c768 tcontext=u:r:init:s0 tclass=dir permissive=0
04-10 20:51:22.384 22144 22144 W ps      : type=1400 audit(0.0:92345): avc: denied { search } for uid=10109 name="1" dev="proc" ino=750425 scontext=u:r:untrusted_app:s0:c512,c768 tcontext=u:r:init:s0 tclass=dir permissive=0
04-10 20:51:22.384 22144 22144 W ps      : type=1400 audit(0.0:92346): avc: denied { search } for uid=10109 name="1" dev="proc" ino=750425 scontext=u:r:untrusted_app:s0:c512,c768 tcontext=u:r:init:s0 tclass=dir permissive=0
04-10 20:51:22.384 22144 22144 W ps      : type=1400 audit(0.0:92347): avc: denied { getattr } for uid=10109 path="/proc/2" dev="proc" ino=750918 scontext=u:r:untrusted_app:s0:c512,c768 tcontext=u:r:kernel:s0 tclass=dir permissive=0
04-10 20:51:22.394 22144 22144 W ps      : type=1400 audit(0.0:92348): avc: denied { search } for uid=10109 name="2" dev="proc" ino=750918 scontext=u:r:untrusted_app:s0:c512,c768 tcontext=u:r:kernel:s0 tclass=dir permissive=0
04-10 20:51:22.394 22144 22144 W ps      : type=1400 audit(0.0:92349): avc: denied { search } for uid=10109 name="2" dev="proc" ino=750918 scontext=u:r:untrusted_app:s0:c512,c768 tcontext=u:r:kernel:s0 tclass=dir permissive=0
04-10 20:51:22.394 22144 22144 W ps      : type=1400 audit(0.0:92350): avc: denied { getattr } for uid=10109 path="/proc/3" dev="proc" ino=750919 scontext=u:r:untrusted_app:s0:c512,c768 tcontext=u:r:kernel:s0 tclass=dir permissive=0
04-10 20:51:22.394 22144 22144 W ps      : type=1400 audit(0.0:92351): avc: denied { search } for uid=10109 name="3" dev="proc" ino=750919 scontext=u:r:untrusted_app:s0:c512,c768 tcontext=u:r:kernel:s0 tclass=dir permissive=0
04-10 20:51:22.394 22144 22144 W ps      : type=1400 audit(0.0:92352): avc: denied { search } for uid=10109 name="3" dev="proc" ino=750919 scontext=u:r:untrusted_app:s0:c512,c768 tcontext=u:r:kernel:s0 tclass=dir permissive=0
04-10 20:51:22.394 22144 22144 W ps      : type=1400 audit(0.0:92353): avc: denied { getattr } for uid=10109 path="/proc/5" dev="proc" ino=750920 scontext=u:r:untrusted_app:s0:c512,c768 tcontext=u:r:kernel:s0 tclass=dir permissive=0
04-10 20:51:22.394 22144 22144 W ps      : type=1400 audit(0.0:92354): avc: denied { search } for uid=10109 name="5" dev="proc" ino=750920 scontext=u:r:untrusted_app:s0:c512,c768 tcontext=u:r:kernel:s0 tclass=dir permissive=0
04-10 20:51:22.394 22144 22144 W ps      : type=1400 audit(0.0:92355): avc: denied { search } for uid=10109 name="5" dev="proc" ino=750920 scontext=u:r:untrusted_app:s0:c512,c768 tcontext=u:r:kernel:s0 tclass=dir permissive=0
04-10 20:51:22.394 22144 22144 W ps      : type=1400 audit(0.0:92356): avc: denied { getattr } for uid=10109 path="/proc/6" dev="proc" ino=750921 scontext=u:r:untrusted_app:s0:c512,c768 tcontext=u:r:kernel:s0 tclass=dir permissive=0
04-10 20:51:22.394 22144 22144 W ps      : type=1400 audit(0.0:92357): avc: denied { search } for uid=10109 name="6" dev="proc" ino=750921 scontext=u:r:untrusted_app:s0:c512,c768 tcontext=u:r:kernel:s0 tclass=dir permissive=0
04-10 20:51:22.394 22144 22144 W ps      : type=1400 audit(0.0:92358): avc: denied { search } for uid=10109 name="6" dev="proc" ino=750921 scontext=u:r:untrusted_app:s0:c512,c768 tcontext=u:r:kernel:s0 tclass=dir permissive=0
04-10 20:51:22.394 22144 22144 W ps      : type=1400 audit(0.0:92359): avc: denied { getattr } for uid=10109 path="/proc/7" dev="proc" ino=750922 scontext=u:r:untrusted_app:s0:c512,c768 tcontext=u:r:kernel:s0 tclass=dir permissive=0
04-10 20:51:22.394 22144 22144 W ps      : type=1400 audit(0.0:92360): avc: denied { search } for uid=10109 name="7" dev="proc" ino=750922 scontext=u:r:untrusted_app:s0:c512,c768 tcontext=u:r:kernel:s0 tclass=dir permissive=0
04-10 20:51:22.394 22144 22144 W ps      : type=1400 audit(0.0:92361): avc: denied { search } for uid=10109 name="7" dev="proc" ino=750922 scontext=u:r:untrusted_app:s0:c512,c768 tcontext=u:r:kernel:s0 tclass=dir permissive=0
04-10 20:51:22.394 22144 22144 W ps      : type=1400 audit(0.0:92362): avc: denied { getattr } for uid=10109 path="/proc/8" dev="proc" ino=750923 scontext=u:r:untrusted_app:s0:c512,c768 tcontext=u:r:kernel:s0 tclass=dir permissive=0
04-10 20:51:22.394 22144 22144 W ps      : type=1400 audit(0.0:92363): avc: denied { search } for uid=10109 name="8" dev="proc" ino=750923 scontext=u:r:untrusted_app:s0:c512,c768 tcontext=u:r:kernel:s0 tclass=dir permissive=0
04-10 20:51:22.412 22128 22128 W System  : ClassLoader referenced unknown path: /system/app/WebViewGoogle/lib/arm
04-10 20:51:22.420 22128 22128 I cr.library_loader: Time to load native libraries: 3 ms (timestamps 7419-7422)
04-10 20:51:22.420 22128 22128 I cr.library_loader: Expected native library version number "46.0.2490.76", actual native library version number "46.0.2490.76"
04-10 20:51:22.443 22128 22128 V WebViewChromiumFactoryProvider: Binding Chromium to main looper Looper (main, tid 1) {e802d8c}
04-10 20:51:22.443 22128 22128 I cr.library_loader: Expected native library version number "46.0.2490.76", actual native library version number "46.0.2490.76"
04-10 20:51:22.444 22128 22128 I chromium: [INFO:library_loader_hooks.cc(118)] Chromium logging enabled: level = 0, default verbosity = 0
04-10 20:51:22.452 22128 22128 I cr.BrowserStartup: Initializing chromium process, singleProcess=true
04-10 20:51:22.458 22128 22128 E SysUtils: ApplicationContext is null in ApplicationStatus
04-10 20:51:22.471 22128 22149 W chromium: [WARNING:dns_config_service_posix.cc(298)] Failed to read DnsConfig.
04-10 20:51:22.482 22128 22128 I Adreno-EGL: <qeglDrvAPI_eglInitialize:379>: EGL 1.4 QUALCOMM build:  (Ifd751822f5)
04-10 20:51:22.482 22128 22128 I Adreno-EGL: OpenGL ES Shader Compiler Version: XE031.06.00.05
04-10 20:51:22.482 22128 22128 I Adreno-EGL: Build Date: 01/26/16 Tue
04-10 20:51:22.482 22128 22128 I Adreno-EGL: Local Branch: AU12_SBA
04-10 20:51:22.482 22128 22128 I Adreno-EGL: Remote Branch: 
04-10 20:51:22.482 22128 22128 I Adreno-EGL: Local Patches: 
04-10 20:51:22.482 22128 22128 I Adreno-EGL: Reconstruct Branch: 
04-10 20:51:22.509 22128 22128 E chromium: [ERROR:browser_gpu_channel_host_factory.cc(258)] Failed to init browser shader disk cache.
04-10 20:51:22.529 22128 22128 E libEGL  : validate_display:255 error 3008 (EGL_BAD_DISPLAY)
04-10 20:51:22.563 22128 22128 W art     : Attempt to remove non-JNI local reference, dumping thread
04-10 20:51:22.572 22128 22128 W AwContents: onDetachedFromWindow called when already detached. Ignoring
04-10 20:51:24.082 22128 22128 V RobotCore: Network: inactive, disconnected
04-10 20:51:24.090 22128 22128 V RCActivity: onStart()
04-10 20:51:24.093 22128 22128 V RCActivity: onResume()
04-10 20:51:24.097 22128 22172 D OpenGLRenderer: Use EGL_SWAP_BEHAVIOR_PRESERVED: true
04-10 20:51:24.128 22128 22128 V RCActivity: onPause()
04-10 20:51:24.129 22128 22128 V RCActivity: onResume()
04-10 20:51:24.130 22128 22128 V RCActivity: onPause()
04-10 20:51:24.130 22128 22128 V RCActivity: onResume()
04-10 20:51:24.130 22128 22128 V RCActivity: onPause()
04-10 20:51:24.130 22128 22128 V RCActivity: onResume()
04-10 20:51:24.133 22128 22128 V RCActivity: onPause()
04-10 20:51:24.133 22128 22128 V RCActivity: onResume()
04-10 20:51:24.133 22128 22128 V RCActivity: onPause()
04-10 20:51:24.133 22128 22128 V RCActivity: onResume()
04-10 20:51:24.136 22128 22128 V FTCService: onCreate()
04-10 20:51:24.136 22128 22128 V FTCService: onBind()
04-10 20:51:24.136 22128 22128 V FTCService: Android device is motorola, MotoG3
04-10 20:51:24.137 22128 22128 V RobotCore: Starting network of type: WIFIDIRECT
04-10 20:51:24.140 22128 22128 V WifiDirect: There are 1 Wifi Direct Assistant Clients (+)
04-10 20:51:24.141 22128 22128 V WifiDirect: Enabling Wifi Direct Assistant
04-10 20:51:24.176 22128 22172 I OpenGLRenderer: Initialized EGL, version 1.4
04-10 20:51:24.193 22128 22128 D WifiDirect: broadcast: state - enabled: true
04-10 20:51:24.196 22128 22128 D WifiDirect: broadcast: connection changed: connectStatus=NOT_CONNECTED networkInfo.state=CONNECTED
04-10 20:51:24.196 22128 22128 V WifiDirect: NetworkInfo: [type: WIFI_P2P[], state: CONNECTED/CONNECTED, reason: (unspecified), extra: (none), roaming: false, failover: false, isAvailable: true]
04-10 20:51:24.196 22128 22128 V WifiDirect: WifiP2pInfo: groupFormed: true isGroupOwner: true operatingChannel: 2437 groupOwnerAddress: /192.168.49.1 mccMode: false
04-10 20:51:24.196 22128 22128 V WifiDirect: WifiP2pGroup: network: DIRECT-9r-9899-E-RC, isGO: true, Operating Channel: 2437, GO: Device: , deviceAddress: 24:da:9b:6a:a2:ba, primary type: null, secondary type: null, wps: 0, grpcapab: 0, devcapab: 0, status: 4, wfdInfo: WFD enabled: falseWFD DeviceInfo: 0, WFD CtrlPort: 0, WFD MaxThroughput: 0, level: 0, Client: Device: 9899-E-DS, deviceAddress: a4:70:d6:d3:3d:55, primary type: 10-0050F204-5, secondary type: null, wps: 392, grpcapab: 0, devcapab: 37, status: 0, wfdInfo: null, level: 60, interface: p2p0, networkId: 0, mGoOperFreq: 2437
04-10 20:51:24.197 22128 22128 D WifiDirect: broadcast: this device changed
04-10 20:51:24.197 22128 22128 V WifiDirect: device information: 9899-E-RC 24:da:9b:6a:a2:ba
04-10 20:51:24.197 22128 22128 V FTCService: RCActivity.controllerService=bound
04-10 20:51:24.198 22128 22128 V RobotCore: Network: unknown, disconnected
04-10 20:51:24.198 22128 22128 V RobotCore: Robot Status: stopped
04-10 20:51:24.215 22128 22128 D OpmodeRegistration: registered {DefaultOpMode} as {$Stop$Robot$}
04-10 20:51:24.216 22128 22128 V FTCService: Processing robot setup
04-10 20:51:24.217 22128 22128 V D2xx::  : Start constructor
04-10 20:51:24.221 22128 22128 V D2xx::  : End constructor
04-10 20:51:24.221 22128 22128 V D2xx::  : Vendor: 0403, Product: 6001
04-10 20:51:24.221 22128 22128 V D2xx::  : Vendor: 0403, Product: 6001
04-10 20:51:24.222 22128 22128 I FIRST   : ignoring: unable get serial number of attached UsbDevice vendor=0x0403, product=0x6001 device=0x03ec name=/dev/bus/usb/001/004
04-10 20:51:24.222 22128 22128 V D2xx::  : Vendor: 0403, Product: 6001
04-10 20:51:24.222 22128 22128 V D2xx::  : Vendor: 0403, Product: 6001
04-10 20:51:24.222 22128 22128 I FIRST   : ignoring: unable get serial number of attached UsbDevice vendor=0x0403, product=0x6001 device=0x03ed name=/dev/bus/usb/001/005
04-10 20:51:24.222 22128 22128 V D2xx::  : Vendor: 0403, Product: 6001
04-10 20:51:24.222 22128 22128 V D2xx::  : Vendor: 0403, Product: 6001
04-10 20:51:24.222 22128 22128 I FIRST   : ignoring: unable get serial number of attached UsbDevice vendor=0x0403, product=0x6001 device=0x03ee name=/dev/bus/usb/001/006
04-10 20:51:24.222 22128 22128 V D2xx::  : Vendor: 0403, Product: 6001
04-10 20:51:24.222 22128 22128 V D2xx::  : Vendor: 0403, Product: 6001
04-10 20:51:24.222 22128 22128 I FIRST   : ignoring: unable get serial number of attached UsbDevice vendor=0x0403, product=0x6001 device=0x03ef name=/dev/bus/usb/001/007
04-10 20:51:24.222 22128 22128 V D2xx::  : Vendor: 0403, Product: 6001
04-10 20:51:24.222 22128 22128 V D2xx::  : Vendor: 0403, Product: 6001
04-10 20:51:24.222 22128 22128 I FIRST   : ignoring: unable get serial number of attached UsbDevice vendor=0x0403, product=0x6001 device=0x03f0 name=/dev/bus/usb/001/008
04-10 20:51:24.222 22128 22128 D WifiDirect: cannot create group, does group already exist?
04-10 20:51:24.223 22128 22176 V RobotCore: thread: 'RobotSetupRunnable.run()' starting...
04-10 20:51:24.224 22128 22176 V RobotCore: Robot Status: stopped, scanning for USB devices
04-10 20:51:24.256 22128 22128 D WifiDirect: group owners address: /192.168.49.1
04-10 20:51:24.256 22128 22128 D WifiDirect: group formed, this device is the group owner (GO)
04-10 20:51:24.256 22128 22128 I FTCService: Wifi Direct - connected as group owner
04-10 20:51:24.256 22128 22128 D WifiDirect: stop discovering peers
04-10 20:51:24.262 22128 22128 V RobotCore: Network: enabled, disconnected
04-10 20:51:24.289 22128 22128 V WifiDirect: connection information available
04-10 20:51:24.289 22128 22128 V WifiDirect: connection information - groupOwnerName = 9899-E-RC
04-10 20:51:24.289 22128 22128 V WifiDirect: connection information - groupOwnerMacAddress = 24:da:9b:6a:a2:ba
04-10 20:51:24.289 22128 22128 V WifiDirect: connection information - groupInterface = p2p0
04-10 20:51:24.290 22128 22128 V WifiDirect: connection information - groupNetworkName = DIRECT-9r-9899-E-RC
04-10 20:51:24.290 22128 22128 I FTCService: Network Connection Passphrase: qzyGStT1
04-10 20:51:24.291 22128 22128 V RobotCore: Network: active, disconnected
04-10 20:51:29.223 22128 22128 I RobotCore: Battery Checker, Level Remaining: 100.0
04-10 20:51:29.225 22128 22128 I RobotCore: Battery Checker, Level Remaining: 100.0
04-10 20:51:29.225 22128 22176 V RobotCore: EventLoopManager state is NOT_STARTED
04-10 20:51:29.226 22128 22176 V RobotCore: Robot Status: stopped, waiting on network
04-10 20:51:29.228 22128 22176 V RobotCore: Robot Status: stopped, starting robot
04-10 20:51:29.228 22128 22176 V Robocol : EventLoopManager.start()
04-10 20:51:29.229 22128 22176 V RobotCore: Starting network of type: WIFIDIRECT
04-10 20:51:29.229 22128 22176 V Robocol : Spoofing a Network Connection event...
04-10 20:51:29.231 22128 22176 V RobotCore: executive service EventLoop is terminated
04-10 20:51:29.231 22128 22176 V RobotCore: EventLoopManager state is STOPPED
04-10 20:51:29.231 22128 22184 V RobotCore: thread: 'SetupRunnable.run()' starting...
04-10 20:51:29.231 22128 22176 V Robocol : eventLoop=FtcEventLoop
04-10 20:51:29.231 22128 22176 V RobotCore: EventLoopManager state is INIT
04-10 20:51:29.232 22128 22176 V RobotCore: Robot Status: initializing, starting robot
04-10 20:51:29.232 22128 22176 I FIRST   : ======= INIT START =======
04-10 20:51:29.247 22128 22176 D OpmodeRegistration: registered {MenusTest} as {MenusTest}
04-10 20:51:29.251 22128 22176 D OpmodeRegistration: registered {RedStandardTest} as {RedStandardTest}
04-10 20:51:29.252 22128 22176 D OpmodeRegistration: registered {TestOpMode} as {Test}
04-10 20:51:29.252 22128 22176 D OpmodeRegistration: registered {BlueAlternateCenter} as {BlueAlternateCenter}
04-10 20:51:29.253 22128 22176 D OpmodeRegistration: registered {BlueAlternateCorner} as {BlueAlternateCorner}
04-10 20:51:29.254 22128 22176 D OpmodeRegistration: registered {BlueStandardCenter} as {BlueStandardCenter}
04-10 20:51:29.254 22128 22176 D OpmodeRegistration: registered {BlueStandardCorner} as {BlueStandardCorner}
04-10 20:51:29.255 22128 22176 D OpmodeRegistration: registered {FinalTeleOp} as {FinalTeleOp}
04-10 20:51:29.255 22128 22176 D OpmodeRegistration: registered {RedAlternateCenter} as {RedAlternateCenter}
04-10 20:51:29.256 22128 22176 D OpmodeRegistration: registered {RedAlternateCorner} as {RedAlternateCorner}
04-10 20:51:29.257 22128 22176 D OpmodeRegistration: registered {RedStandardCenter} as {RedStandardCenter}
04-10 20:51:29.259 22128 22176 D OpmodeRegistration: registered {RedStandardCorner} as {RedStandardCorner}
04-10 20:51:29.272 22128 22176 V RobotCore: Creating Modern Robotics USB Servo Controller [AL00VST0]
04-10 20:51:29.277 22128 22184 D Robocol : RobocolDatagramSocket listening addr=/192.168.49.1:20884 cbRec=65520 cbSend=163840 msRecTO=300
04-10 20:51:29.278 22128 22184 V Robocol : RecvLoopRunnable created
04-10 20:51:29.279 22128 22184 V PeerDiscovery: Starting peer discovery
04-10 20:51:29.281 22128 22184 V RobotCore: Setup complete
04-10 20:51:29.281 22128 22184 V RobotCore: thread: ...terminating 'SetupRunnable.run()'
04-10 20:51:29.281 22128 22186 V RobotCore: thread: 'RecvLoopRunnable.run()' starting...
04-10 20:51:29.283 22128 22176 D RobotCore: arming modern servo controller Modern Robotics USB Servo Controller [AL00VST0]...
04-10 20:51:29.286 22128 22176 V D2xx::  : Vendor: 0403, Product: 6001
04-10 20:51:29.295 22128 22176 D UsbDeviceConnectionJNI: close
04-10 20:51:29.296 22128 22176 V D2xx::  : Vendor: 0403, Product: 6001
04-10 20:51:29.304 22128 22176 D UsbDeviceConnectionJNI: close
04-10 20:51:29.305 22128 22176 V D2xx::  : Vendor: 0403, Product: 6001
04-10 20:51:29.314 22128 22176 D UsbDeviceConnectionJNI: close
04-10 20:51:29.315 22128 22176 V D2xx::  : Vendor: 0403, Product: 6001
04-10 20:51:29.325 22128 22176 D UsbDeviceConnectionJNI: close
04-10 20:51:29.325 22128 22176 V D2xx::  : Vendor: 0403, Product: 6001
04-10 20:51:29.335 22128 22176 D UsbDeviceConnectionJNI: close
04-10 20:51:29.335 22128 22176 V D2xx::  : Vendor: 0403, Product: 6001
04-10 20:51:29.343 22128 22176 D UsbDeviceConnectionJNI: close
04-10 20:51:29.345 22128 22176 D FTDI_Device::: open SUCCESS
04-10 20:51:29.345 22128 22176 I FTDI_Device::: EP: 0x81
04-10 20:51:29.345 22128 22176 I FTDI_Device::: EP: 0x02
04-10 20:51:29.345 22128 22176 D D2XX::  : **********************Device Opened**********************
04-10 20:51:29.578 22128 22186 D Robocol : no packet received: SocketTimeoutException
04-10 20:51:29.798 22128 22176 V RobotCore: Starting up device AL00VST0
04-10 20:51:29.803 22128 22190 V RobotCore: thread: 'r/w loop: Modern Robotics USB Servo Controller [AL00VST0]' starting...
04-10 20:51:29.804 22128 22176 D RobotCore: ...arming modern servo controller Modern Robotics USB Servo Controller [AL00VST0] complete
04-10 20:51:29.804 22128 22176 V RobotCore: Creating Modern Robotics USB Core Device Interface Module [AI02RHDJ]
04-10 20:51:29.816 22128 22176 V D2xx::  : Vendor: 0403, Product: 6001
04-10 20:51:29.819 22128 22176 V D2xx::  : Vendor: 0403, Product: 6001
04-10 20:51:29.820 22128 22176 V D2xx::  : Vendor: 0403, Product: 6001
04-10 20:51:29.821 22128 22176 V D2xx::  : Vendor: 0403, Product: 6001
04-10 20:51:29.822 22128 22176 V D2xx::  : Vendor: 0403, Product: 6001
04-10 20:51:29.824 22128 22176 V D2xx::  : Vendor: 0403, Product: 6001
04-10 20:51:29.825 22128 22176 D FTDI_Device::: open SUCCESS
04-10 20:51:29.825 22128 22176 I FTDI_Device::: EP: 0x81
04-10 20:51:29.825 22128 22176 I FTDI_Device::: EP: 0x02
04-10 20:51:29.825 22128 22176 D D2XX::  : **********************Device Opened**********************
04-10 20:51:30.243 22128 22176 V RobotCore: Starting up device AI02RHDJ
04-10 20:51:30.248 22128 22193 V RobotCore: thread: 'r/w loop: Modern Robotics USB Core Device Interface Module [AI02RHDJ]' starting...
04-10 20:51:30.250 22128 22176 V RobotCore: Creating I2C Device - Port: 2
04-10 20:51:30.250 22128 22176 V RobotCore: Creating Modern Robotics I2C Gyro Sensor - Port: 3
04-10 20:51:30.257 22128 22176 V RobotCore: Creating I2C Device - Port: 4
04-10 20:51:30.257 22128 22176 V RobotCore: Creating Modern Robotics Analog Optical Distance Sensor - Port: 6
04-10 20:51:30.260 22128 22176 V RobotCore: Creating Modern Robotics Analog Optical Distance Sensor - Port: 7
04-10 20:51:30.260 22128 22176 V RobotCore: Creating Modern Robotics USB DC Motor Controller [A104OQ1P]
04-10 20:51:30.270 22128 22176 D RobotCore: arming modern motor controller Modern Robotics USB DC Motor Controller [A104OQ1P]...
04-10 20:51:30.272 22128 22176 V D2xx::  : Vendor: 0403, Product: 6001
04-10 20:51:30.273 22128 22176 V D2xx::  : Vendor: 0403, Product: 6001
04-10 20:51:30.274 22128 22176 V D2xx::  : Vendor: 0403, Product: 6001
04-10 20:51:30.275 22128 22176 V D2xx::  : Vendor: 0403, Product: 6001
04-10 20:51:30.276 22128 22176 V D2xx::  : Vendor: 0403, Product: 6001
04-10 20:51:30.278 22128 22176 V D2xx::  : Vendor: 0403, Product: 6001
04-10 20:51:30.281 22128 22176 D FTDI_Device::: open SUCCESS
04-10 20:51:30.281 22128 22176 I FTDI_Device::: EP: 0x81
04-10 20:51:30.281 22128 22176 I FTDI_Device::: EP: 0x02
04-10 20:51:30.281 22128 22176 D D2XX::  : **********************Device Opened**********************
04-10 20:51:30.698 22128 22176 V RobotCore: Starting up device A104OQ1P
04-10 20:51:30.700 22128 22197 V RobotCore: thread: 'r/w loop: Modern Robotics USB DC Motor Controller [A104OQ1P]' starting...
04-10 20:51:30.701 22128 22176 D RobotCore: ...arming modern motor controller Modern Robotics USB DC Motor Controller [A104OQ1P] complete
04-10 20:51:30.750 22128 22176 V RobotCore: Creating Modern Robotics USB DC Motor Controller [AL00VWH0]
04-10 20:51:30.751 22128 22176 D RobotCore: arming modern motor controller Modern Robotics USB DC Motor Controller [AL00VWH0]...
04-10 20:51:30.752 22128 22176 V D2xx::  : Vendor: 0403, Product: 6001
04-10 20:51:30.754 22128 22176 V D2xx::  : Vendor: 0403, Product: 6001
04-10 20:51:30.756 22128 22176 V D2xx::  : Vendor: 0403, Product: 6001
04-10 20:51:30.758 22128 22176 V D2xx::  : Vendor: 0403, Product: 6001
04-10 20:51:30.759 22128 22176 V D2xx::  : Vendor: 0403, Product: 6001
04-10 20:51:30.760 22128 22176 V D2xx::  : Vendor: 0403, Product: 6001
04-10 20:51:30.762 22128 22176 D FTDI_Device::: open SUCCESS
04-10 20:51:30.762 22128 22176 I FTDI_Device::: EP: 0x81
04-10 20:51:30.762 22128 22176 I FTDI_Device::: EP: 0x02
04-10 20:51:30.762 22128 22176 D D2XX::  : **********************Device Opened**********************
04-10 20:51:31.182 22128 22176 V RobotCore: Starting up device AL00VWH0
04-10 20:51:31.184 22128 22200 V RobotCore: thread: 'r/w loop: Modern Robotics USB DC Motor Controller [AL00VWH0]' starting...
04-10 20:51:31.184 22128 22176 D RobotCore: ...arming modern motor controller Modern Robotics USB DC Motor Controller [AL00VWH0] complete
04-10 20:51:31.255 22128 22176 V RobotCore: Creating Modern Robotics USB DC Motor Controller [AI049QOP]
04-10 20:51:31.255 22128 22176 D RobotCore: arming modern motor controller Modern Robotics USB DC Motor Controller [AI049QOP]...
04-10 20:51:31.258 22128 22176 V D2xx::  : Vendor: 0403, Product: 6001
04-10 20:51:31.260 22128 22176 V D2xx::  : Vendor: 0403, Product: 6001
04-10 20:51:31.261 22128 22176 V D2xx::  : Vendor: 0403, Product: 6001
04-10 20:51:31.263 22128 22176 V D2xx::  : Vendor: 0403, Product: 6001
04-10 20:51:31.265 22128 22176 V D2xx::  : Vendor: 0403, Product: 6001
04-10 20:51:31.268 22128 22176 V D2xx::  : Vendor: 0403, Product: 6001
04-10 20:51:31.271 22128 22176 D FTDI_Device::: open SUCCESS
04-10 20:51:31.271 22128 22176 I FTDI_Device::: EP: 0x81
04-10 20:51:31.271 22128 22176 I FTDI_Device::: EP: 0x02
04-10 20:51:31.271 22128 22176 D D2XX::  : **********************Device Opened**********************
04-10 20:51:31.697 22128 22176 V RobotCore: Starting up device AI049QOP
04-10 20:51:31.699 22128 22203 V RobotCore: thread: 'r/w loop: Modern Robotics USB DC Motor Controller [AI049QOP]' starting...
04-10 20:51:31.700 22128 22176 D RobotCore: ...arming modern motor controller Modern Robotics USB DC Motor Controller [AI049QOP] complete
04-10 20:51:31.776 22128 22176 V RobotCore: Creating Modern Robotics USB DC Motor Controller [AL00VBIF]
04-10 20:51:31.776 22128 22176 D RobotCore: arming modern motor controller Modern Robotics USB DC Motor Controller [AL00VBIF]...
04-10 20:51:31.778 22128 22176 V D2xx::  : Vendor: 0403, Product: 6001
04-10 20:51:31.780 22128 22176 V D2xx::  : Vendor: 0403, Product: 6001
04-10 20:51:31.782 22128 22176 V D2xx::  : Vendor: 0403, Product: 6001
04-10 20:51:31.785 22128 22176 V D2xx::  : Vendor: 0403, Product: 6001
04-10 20:51:31.786 22128 22176 V D2xx::  : Vendor: 0403, Product: 6001
04-10 20:51:31.788 22128 22176 V D2xx::  : Vendor: 0403, Product: 6001
04-10 20:51:31.792 22128 22176 D FTDI_Device::: open SUCCESS
04-10 20:51:31.792 22128 22176 I FTDI_Device::: EP: 0x81
04-10 20:51:31.792 22128 22176 I FTDI_Device::: EP: 0x02
04-10 20:51:31.792 22128 22176 D D2XX::  : **********************Device Opened**********************
04-10 20:51:32.222 22128 22176 V RobotCore: Starting up device AL00VBIF
04-10 20:51:32.224 22128 22206 V RobotCore: thread: 'r/w loop: Modern Robotics USB DC Motor Controller [AL00VBIF]' starting...
04-10 20:51:32.224 22128 22176 D RobotCore: ...arming modern motor controller Modern Robotics USB DC Motor Controller [AL00VBIF] complete
04-10 20:51:32.330 22128 22176 I RobotCore: Analytics has completed initialization.
04-10 20:51:32.330 22128 22176 I RobotCore: ========= Device Information ===================================================
04-10 20:51:32.330 22128 22176 I RobotCore: Type                                               Name                           Connection
04-10 20:51:32.331 22128 22176 I RobotCore: I2cDevice                                          colorBack                      USB AI02RHDJ; port 4
04-10 20:51:32.331 22128 22176 I RobotCore: Modern Robotics USB DC Motor Controller v2.0       Shooter                        USB AI049QOP
04-10 20:51:32.331 22128 22176 I RobotCore: DC Motor                                           rightFront                     USB AL00VWH0; port 1
04-10 20:51:32.331 22128 22176 I RobotCore: Modern Robotics Analog Optical Distance Sensor     ods2                           USB AI02RHDJ; analog port 6
04-10 20:51:32.331 22128 22176 I RobotCore: Modern Robotics USB DC Motor Controller v2.0       Front Motors                   USB AL00VWH0
04-10 20:51:32.332 22128 22176 I RobotCore: Modern Robotics USB DC Motor Controller v2.0       Back Motors                    USB A104OQ1P
04-10 20:51:32.332 22128 22176 I RobotCore: DC Motor                                           leftBack                       USB A104OQ1P; port 2
04-10 20:51:32.332 22128 22176 I RobotCore: DC Motor                                           led                            USB AL00VBIF; port 2
04-10 20:51:32.332 22128 22176 I RobotCore: Servo                                              upDown                         USB AL00VST0; port 1
04-10 20:51:32.332 22128 22176 I RobotCore: DC Motor                                           shooter2                       USB AI049QOP; port 2
04-10 20:51:32.332 22128 22176 I RobotCore: DC Motor                                           shooter1                       USB AI049QOP; port 1
04-10 20:51:32.332 22128 22176 I RobotCore: DC Motor                                           leftFront                      USB AL00VWH0; port 2
04-10 20:51:32.332 22128 22176 I RobotCore: DC Motor                                           rightBack                      USB A104OQ1P; port 1
04-10 20:51:32.332 22128 22176 I RobotCore: Servo                                              ballFeeder                     USB AL00VST0; port 2
04-10 20:51:32.332 22128 22176 I RobotCore: Modern Robotics USB DC Motor Controller v2.0       Intake                         USB AL00VBIF
04-10 20:51:32.332 22128 22176 I RobotCore: Modern Robotics USB Core Device Interface Module v2.0 Sensors                        USB AI02RHDJ
04-10 20:51:32.332 22128 22176 I RobotCore: I2cDevice                                          colorFront                     USB AI02RHDJ; port 2
04-10 20:51:32.333 22128 22176 I RobotCore: Modern Robotics USB Servo Controller v2.0          Servos                         USB AL00VST0
04-10 20:51:32.333 22128 22176 I RobotCore: DC Motor                                           intake                         USB AL00VBIF; port 1
04-10 20:51:32.335 22128 22176 I RobotCore: Modern Robotics Gyro                               gyro                           USB AI02RHDJ; I2C port: 3
04-10 20:51:32.336 22128 22176 I RobotCore: Modern Robotics Analog Optical Distance Sensor     ods                            USB AI02RHDJ; analog port 7
04-10 20:51:32.336 22128 22176 I FIRST   : ======= INIT FINISH =======
04-10 20:51:32.336 22128 22176 V RobotCore: EventLoopManager state is RUNNING
04-10 20:51:32.369 22128 22176 V RobotCore: Robot Status: running, starting robot
04-10 20:51:32.369 22128 22176 V RobotCore: Robot Status: running
04-10 20:51:32.371 22128 22176 V RobotCore: thread: ...terminating 'RobotSetupRunnable.run()'
04-10 20:51:32.375 22128 22211 V RobotCore: thread: 'opmode loop()' starting...
04-10 20:51:32.380 22128 22211 D RobotCore: system telemetry: key=$System$None$ msg=""
04-10 20:51:32.403 22128 22210 D MediaPlayer: setSubtitleAnchor in MediaPlayer
04-10 20:51:32.403 22128 22128 D MediaPlayer: setSubtitleAnchor in MediaPlayer
04-10 20:51:32.455 22128 22208 D ExtendedUtils: extended extractor not needed, return default
04-10 20:51:32.455 22128 22208 I MediaCodec: (0xb7f1b0f0) init name(audio/raw) isType(1) encoder(0)
04-10 20:51:32.459 22128 22215 I OMXClient: Using client-side OMX mux.
04-10 20:51:32.468 22128 22215 E OMXMaster: A component of name 'OMX.qcom.audio.decoder.aac' already exists, ignoring this one.
04-10 20:51:32.476 22128 22215 I MediaCodec: (0xb7f1b0f0) Component Allocated (OMX.google.raw.decoder)
04-10 20:51:32.476 22128 22208 I MediaCodec: (0xb7f1b0f0) configure surface(0x0) crypto(0x0) flags(0)
04-10 20:51:32.476 22128 22208 D MediaCodec: (0xb7f1b0f0) configure format: AMessage(what = 0x00000000) = {
04-10 20:51:32.476 22128 22208 D MediaCodec:    string mime = "audio/raw"
04-10 20:51:32.476 22128 22208 D MediaCodec:    int64_t durationUs = 1019125
04-10 20:51:32.476 22128 22208 D MediaCodec:    int32_t channel-count = 1
04-10 20:51:32.476 22128 22208 D MediaCodec:    int32_t sample-rate = 8000
04-10 20:51:32.476 22128 22208 D MediaCodec:    int32_t channel-mask = 0
04-10 20:51:32.476 22128 22208 D MediaCodec:  }
04-10 20:51:32.477 22128 22208 I MediaCodec: (0xb7f1b0f0) start
04-10 20:51:32.478 22128 22215 I MediaCodec: (0xb7f1b0f0) input buffers allocated
04-10 20:51:32.478 22128 22215 I MediaCodec: (0xb7f1b0f0) numBuffers (4)
04-10 20:51:32.478 22128 22215 I MediaCodec: (0xb7f1b0f0) output buffers allocated
04-10 20:51:32.478 22128 22215 I MediaCodec: (0xb7f1b0f0) numBuffers (4)
04-10 20:51:32.482 22128 22215 I MediaCodec: (0xb7f1b0f0) codec output format changed
04-10 20:51:32.482 22128 22215 D MediaCodec: (0xb7f1b0f0) output format: AMessage(what = 'codc', target = 2) = {
04-10 20:51:32.482 22128 22215 D MediaCodec:    string mime = "audio/raw"
04-10 20:51:32.482 22128 22215 D MediaCodec:    int32_t channel-count = 1
04-10 20:51:32.482 22128 22215 D MediaCodec:    int32_t sample-rate = 8000
04-10 20:51:32.482 22128 22215 D MediaCodec:    int32_t channel-mask = 0
04-10 20:51:32.482 22128 22215 D MediaCodec:    int32_t what = 1869968451
04-10 20:51:32.482 22128 22215 D MediaCodec:  }
04-10 20:51:32.485 22128 22208 I MediaCodec: (0xb7f1b0f0) stop
04-10 20:51:32.486 22128 22208 I MediaCodec: (0xb7f1b0f0) release
04-10 20:51:32.508 22128 22210 W AudioTrack: AUDIO_OUTPUT_FLAG_FAST denied by client; transfer 4, track 8000 Hz, output 48000 Hz
04-10 20:51:32.883 22128 22211 I RobotCore: Attempting to switch to op mode $Stop$Robot$
04-10 20:51:33.622 22128 22211 I RobotCore: robot battery read duration: n=4, mean=6.568ms sd=13.102ms
04-10 20:51:47.432 22128 22186 V PeerDiscovery: new remote peer discovered: 192.168.49.134
04-10 20:51:47.433 22128 22186 D Robocol : RobocolDatagramSocket connected to /192.168.49.134:20884
04-10 20:51:47.433 22128 22186 V NetworkConnectionHandler: starting sending loop
04-10 20:51:47.434 22128 22186 V Robocol : SendOnceRunnable created
04-10 20:51:47.435 22128 22186 V RobotCore: Network: active, connected
04-10 20:51:47.467 22128 22210 D MediaPlayer: setSubtitleAnchor in MediaPlayer
04-10 20:51:47.467 22128 22128 D MediaPlayer: setSubtitleAnchor in MediaPlayer
04-10 20:51:47.471 22128 22186 V Robocol : received command: CMD_REQUEST_OP_MODE_LIST(10005) 
04-10 20:51:47.471 22128 22186 V Robocol : received command: CMD_REQUEST_ACTIVE_CONFIGURATION(10006) 
04-10 20:51:47.476 22128 22228 V Robocol : sending CMD_REQUEST_USER_SENSOR_LIST_RESP(37), attempt: 0
04-10 20:51:47.488 22128 22208 D ExtendedUtils: extended extractor not needed, return default
04-10 20:51:47.488 22128 22208 I MediaCodec: (0xb7d96de0) init name(audio/raw) isType(1) encoder(0)
04-10 20:51:47.494 22128 22232 I OMXClient: Using client-side OMX mux.
04-10 20:51:47.505 22128 22232 E OMXMaster: A component of name 'OMX.qcom.audio.decoder.aac' already exists, ignoring this one.
04-10 20:51:47.513 22128 22232 I MediaCodec: (0xb7d96de0) Component Allocated (OMX.google.raw.decoder)
04-10 20:51:47.513 22128 22208 I MediaCodec: (0xb7d96de0) configure surface(0x0) crypto(0x0) flags(0)
04-10 20:51:47.513 22128 22208 D MediaCodec: (0xb7d96de0) configure format: AMessage(what = 0x00000000) = {
04-10 20:51:47.513 22128 22208 D MediaCodec:    string mime = "audio/raw"
04-10 20:51:47.513 22128 22208 D MediaCodec:    int64_t durationUs = 485011
04-10 20:51:47.513 22128 22208 D MediaCodec:    int32_t channel-count = 2
04-10 20:51:47.513 22128 22208 D MediaCodec:    int32_t sample-rate = 44100
04-10 20:51:47.513 22128 22208 D MediaCodec:    int32_t channel-mask = 0
04-10 20:51:47.513 22128 22208 D MediaCodec:  }
04-10 20:51:47.516 22128 22208 I MediaCodec: (0xb7d96de0) start
04-10 20:51:47.517 22128 22232 I MediaCodec: (0xb7d96de0) input buffers allocated
04-10 20:51:47.517 22128 22232 I MediaCodec: (0xb7d96de0) numBuffers (4)
04-10 20:51:47.517 22128 22232 I MediaCodec: (0xb7d96de0) output buffers allocated
04-10 20:51:47.517 22128 22232 I MediaCodec: (0xb7d96de0) numBuffers (4)
04-10 20:51:47.523 22128 22232 I MediaCodec: (0xb7d96de0) codec output format changed
04-10 20:51:47.523 22128 22232 D MediaCodec: (0xb7d96de0) output format: AMessage(what = 'codc', target = 6) = {
04-10 20:51:47.523 22128 22232 D MediaCodec:    string mime = "audio/raw"
04-10 20:51:47.523 22128 22232 D MediaCodec:    int32_t channel-count = 2
04-10 20:51:47.523 22128 22232 D MediaCodec:    int32_t sample-rate = 44100
04-10 20:51:47.523 22128 22232 D MediaCodec:    int32_t channel-mask = 0
04-10 20:51:47.523 22128 22232 D MediaCodec:    int32_t what = 1869968451
04-10 20:51:47.523 22128 22232 D MediaCodec:  }
04-10 20:51:47.532 22128 22208 I MediaCodec: (0xb7d96de0) stop
04-10 20:51:47.534 22128 22208 I MediaCodec: (0xb7d96de0) release
04-10 20:51:47.536 22128 22186 V Robocol : received command: CMD_REQUEST_USER_SENSOR_LIST_RESP(37) [{"description":"a MR compass sensor","flavor":"I2C","name":"MR Compass Sensor","xmlTag":"ModernRoboticsI2cCompassSensor"},{"description":"an Adafruit IMU","flavor":"I2C","name":"Adafruit IMU","xmlTag":"AdafruitBNO055IMU"},{"description":"a MR range sensor","flavor":"I2C","name":"MR Range Sensor","xmlTag":"ModernRoboticsI2cRangeSensor"}]
04-10 20:51:47.554 22128 22228 V Robocol : sending CMD_REQUEST_OP_MODE_LIST_RESP(44), attempt: 0
04-10 20:51:47.554 22128 22228 V Robocol : sending CMD_REQUEST_USER_SENSOR_LIST_RESP(45), attempt: 0
04-10 20:51:47.588 22128 22186 V Robocol : received command: CMD_REQUEST_OP_MODE_LIST_RESP(44) [{"flavor":"TELEOP","group":"Test","name":"MenusTest"},{"flavor":"AUTONOMOUS","group":"Test","name":"RedStandardTest"},{"flavor":"AUTONOMOUS","group":"Test","name":"Test"},{"flavor":"AUTONOMOUS","group":"Competition","name":"BlueAlternateCenter"},{"flavor":"AUTONOMOUS","group":"Competition","name":"BlueAlternateCorner"},{"flavor":"AUTONOMOUS","group":"Competition","name":"BlueStandardCenter"},{"flavor":"AUTONOMOUS","group":"Competition","name":"BlueStandardCorner"},{"flavor":"TELEOP","group":"Competition","name":"FinalTeleOp"},{"flavor":"AUTONOMOUS","group":"Competition","name":"RedAlternateCenter"},{"flavor":"AUTONOMOUS","group":"Competition","name":"RedAlternateCorner"},{"flavor":"AUTONOMOUS","group":"Competition","name":"RedStandardCenter"},{"flavor":"AUTONOMOUS","group":"Competition","name":"RedStandardCorner"}]
04-10 20:51:47.588 22128 22186 V Robocol : received command: CMD_INIT_OP_MODE(10015) $Stop$Robot$
04-10 20:51:47.592 22128 22186 V Robocol : received command: CMD_REQUEST_USER_SENSOR_LIST_RESP(45) [{"description":"a MR compass sensor","flavor":"I2C","name":"MR Compass Sensor","xmlTag":"ModernRoboticsI2cCompassSensor"},{"description":"an Adafruit IMU","flavor":"I2C","name":"Adafruit IMU","xmlTag":"AdafruitBNO055IMU"},{"description":"a MR range sensor","flavor":"I2C","name":"MR Range Sensor","xmlTag":"ModernRoboticsI2cRangeSensor"}]
04-10 20:51:47.594 22128 22228 V Robocol : sending CMD_REQUEST_ACTIVE_CONFIGURATION_RESP(50), attempt: 0
04-10 20:51:47.606 22128 22210 W AudioTrack: AUDIO_OUTPUT_FLAG_FAST denied by client; transfer 4, track 44100 Hz, output 48000 Hz
04-10 20:51:47.629 22128 22186 V Robocol : received command: CMD_REQUEST_ACTIVE_CONFIGURATION_RESP(50) {"isDirty":false,"location":"LOCAL_STORAGE","name":"FINAL_CONFIG_2017","resourceId":0}
04-10 20:51:47.674 22128 22211 I RobotCore: Attempting to switch to op mode $Stop$Robot$
04-10 20:51:47.715 22128 22228 V Robocol : sending CMD_INIT_OP_MODE_RESP(61), attempt: 0
04-10 20:51:47.747 22128 22186 V Robocol : received command: CMD_INIT_OP_MODE_RESP(61) $Stop$Robot$
04-10 20:51:48.428 22128 22186 V Robocol : received command: CMD_INIT_OP_MODE(10034) $Stop$Robot$
04-10 20:51:48.462 22128 22211 I RobotCore: Attempting to switch to op mode $Stop$Robot$
04-10 20:51:48.474 22128 22228 V Robocol : sending CMD_INIT_OP_MODE_RESP(78), attempt: 0
04-10 20:51:48.510 22128 22186 V Robocol : received command: CMD_INIT_OP_MODE_RESP(78) $Stop$Robot$
04-10 20:51:49.628 22128 22186 V Robocol : received command: CMD_INIT_OP_MODE(10053) FinalTeleOp
04-10 20:51:49.743 22128 22211 I RobotCore: Attempting to switch to op mode FinalTeleOp
04-10 20:51:49.898 22128 22236 V RobotCore: thread: 'LinearOpMode main' starting...
04-10 20:51:49.914 22128 22228 V Robocol : sending CMD_INIT_OP_MODE_RESP(103), attempt: 0
04-10 20:51:49.948 22128 22186 V Robocol : received command: CMD_INIT_OP_MODE_RESP(103) FinalTeleOp
04-10 20:51:50.428 22128 22186 V Robocol : received command: CMD_RUN_OP_MODE(10066) FinalTeleOp
04-10 20:51:50.474 22128 22228 V Robocol : sending CMD_RUN_OP_MODE_RESP(113), attempt: 0
04-10 20:51:50.508 22128 22186 V Robocol : received command: CMD_RUN_OP_MODE_RESP(113) FinalTeleOp
04-10 20:52:22.500 22128 22236 I RobotCore: SHOOTER RPM1: 115.83011583011583
04-10 20:52:22.500 22128 22236 I RobotCore: SHOOTER RPM2: 0.0
04-10 20:52:22.529 22128 22236 I RobotCore: SHOOTER RPM1: 2.412122362143187
04-10 20:52:22.529 22128 22236 I RobotCore: SHOOTER RPM2: 0.0
04-10 20:52:22.539 22128 22236 I RobotCore: SHOOTER RPM1: 143.59105268196177
04-10 20:52:22.539 22128 22236 I RobotCore: SHOOTER RPM2: 0.0
04-10 20:52:22.550 22128 22236 I RobotCore: SHOOTER RPM1: 191.4547369092824
04-10 20:52:22.550 22128 22236 I RobotCore: SHOOTER RPM2: 95.7273684546412
04-10 20:52:22.561 22128 22236 I RobotCore: SHOOTER RPM1: 115.83011583011583
04-10 20:52:22.561 22128 22236 I RobotCore: SHOOTER RPM2: 57.915057915057915
04-10 20:52:22.571 22128 22236 I RobotCore: SHOOTER RPM1: 95.7273684546412
04-10 20:52:22.571 22128 22236 I RobotCore: SHOOTER RPM2: 0.0
04-10 20:52:22.582 22128 22236 I RobotCore: SHOOTER RPM1: 143.59105268196177
04-10 20:52:22.582 22128 22236 I RobotCore: SHOOTER RPM2: 95.7273684546412
04-10 20:52:22.593 22128 22236 I RobotCore: SHOOTER RPM1: 289.57528957528956
04-10 20:52:22.593 22128 22236 I RobotCore: SHOOTER RPM2: 115.83011583011583
04-10 20:52:22.603 22128 22236 I RobotCore: SHOOTER RPM1: 0.0
04-10 20:52:22.603 22128 22236 I RobotCore: SHOOTER RPM2: 0.0
04-10 20:52:22.614 22128 22236 I RobotCore: SHOOTER RPM1: 694.980694980695
04-10 20:52:22.614 22128 22236 I RobotCore: SHOOTER RPM2: 463.3204633204633
04-10 20:52:22.624 22128 22236 I RobotCore: SHOOTER RPM1: 191.4547369092824
04-10 20:52:22.624 22128 22236 I RobotCore: SHOOTER RPM2: 143.59105268196177
04-10 20:52:22.635 22128 22236 I RobotCore: SHOOTER RPM1: 526.5005265005266
04-10 20:52:22.635 22128 22236 I RobotCore: SHOOTER RPM2: 382.9094738185648
04-10 20:52:22.646 22128 22236 I RobotCore: SHOOTER RPM1: 239.31842113660295
04-10 20:52:22.646 22128 22236 I RobotCore: SHOOTER RPM2: 191.4547369092824
04-10 20:52:22.656 22128 22236 I RobotCore: SHOOTER RPM1: 405.4054054054054
04-10 20:52:22.657 22128 22236 I RobotCore: SHOOTER RPM2: 289.57528957528956
04-10 20:52:22.667 22128 22236 I RobotCore: SHOOTER RPM1: 239.31842113660295
04-10 20:52:22.667 22128 22236 I RobotCore: SHOOTER RPM2: 191.4547369092824
04-10 20:52:22.678 22128 22236 I RobotCore: SHOOTER RPM1: 463.3204633204633
04-10 20:52:22.678 22128 22236 I RobotCore: SHOOTER RPM2: 405.4054054054054
04-10 20:52:22.688 22128 22236 I RobotCore: SHOOTER RPM1: 287.18210536392354
04-10 20:52:22.688 22128 22236 I RobotCore: SHOOTER RPM2: 239.31842113660295
04-10 20:52:22.699 22128 22236 I RobotCore: SHOOTER RPM1: 382.9094738185648
04-10 20:52:22.699 22128 22236 I RobotCore: SHOOTER RPM2: 287.18210536392354
04-10 20:52:22.710 22128 22236 I RobotCore: SHOOTER RPM1: 289.57528957528956
04-10 20:52:22.710 22128 22236 I RobotCore: SHOOTER RPM2: 231.66023166023166
04-10 20:52:22.720 22128 22236 I RobotCore: SHOOTER RPM1: 287.18210536392354
04-10 20:52:22.720 22128 22236 I RobotCore: SHOOTER RPM2: 239.31842113660295
04-10 20:52:22.731 22128 22236 I RobotCore: SHOOTER RPM1: 622.2278949551677
04-10 20:52:22.731 22128 22236 I RobotCore: SHOOTER RPM2: 526.5005265005266
04-10 20:52:22.741 22128 22236 I RobotCore: SHOOTER RPM1: 405.4054054054054
04-10 20:52:22.742 22128 22236 I RobotCore: SHOOTER RPM2: 289.57528957528956
04-10 20:52:22.752 22128 22236 I RobotCore: SHOOTER RPM1: 335.0457895912441
04-10 20:52:22.752 22128 22236 I RobotCore: SHOOTER RPM2: 287.18210536392354
04-10 20:52:22.763 22128 22236 I RobotCore: SHOOTER RPM1: 287.18210536392354
04-10 20:52:22.763 22128 22236 I RobotCore: SHOOTER RPM2: 239.31842113660295
04-10 20:52:22.774 22128 22236 I RobotCore: SHOOTER RPM1: 463.3204633204633
04-10 20:52:22.774 22128 22236 I RobotCore: SHOOTER RPM2: 405.4054054054054
04-10 20:52:22.784 22128 22236 I RobotCore: SHOOTER RPM1: 622.2278949551677
04-10 20:52:22.784 22128 22236 I RobotCore: SHOOTER RPM2: 526.5005265005266
04-10 20:52:22.795 22128 22236 I RobotCore: SHOOTER RPM1: 579.1505791505791
04-10 20:52:22.795 22128 22236 I RobotCore: SHOOTER RPM2: 463.3204633204633
04-10 20:52:22.805 22128 22236 I RobotCore: SHOOTER RPM1: 0.0
04-10 20:52:22.805 22128 22236 I RobotCore: SHOOTER RPM2: 0.0
04-10 20:52:22.816 22128 22236 I RobotCore: SHOOTER RPM1: 810.8108108108108
