02-05 16:21:01.375  6705  6792 D RobotCore: ...arming modern servo controller Modern Robotics USB Servo Controller [AL00VST0] complete
02-05 16:21:01.375  6705  6792 I FIRST   : ======= MODULE DETACH RECOVERY: complete Modern Robotics USB Servo Controller [AL00VST0]=======
02-05 16:21:01.596  6705  6779 W RobotCore: Modern Robotics USB header sync bytes are incorrect
02-05 16:21:01.597  6705  6779 W RobotCore: [55 aa 80 03 15] -> [00 00 00 00 00]
02-05 16:21:01.597  6705  6779 W RobotCore: could not read Modern Robotics USB Core Device Interface Module [AI02RHDJ]: comm timeout
02-05 16:21:01.645  6705  6791 W RobotCore: Modern Robotics USB header sync bytes are incorrect
02-05 16:21:01.646  6705  6791 W RobotCore: [55 aa 80 40 1e] -> [00 00 00 00 00]
02-05 16:21:01.646  6705  6791 W RobotCore: could not read Modern Robotics USB DC Motor Controller [AL00VBIF]: comm timeout
02-05 16:21:01.675  6705  6785 W RobotCore: Modern Robotics USB header sync bytes are incorrect
02-05 16:21:01.675  6705  6785 W RobotCore: [55 aa 80 40 1e] -> [00 00 00 00 00]
02-05 16:21:01.675  6705  6785 W RobotCore: could not read Modern Robotics USB DC Motor Controller [AL00VWH0]: comm timeout
02-05 16:21:01.681  6705  6791 E FTDI_Device::: UsbConnection.requestWait() == null
02-05 16:21:01.688  6705  6705 D UsbDeviceConnectionJNI: close
02-05 16:21:01.689  6705  6789 D BulkIn::: Stop BulkIn thread
02-05 16:21:01.689  6705  6790 D ProcessRequestThread::: Device has been closed.
02-05 16:21:01.689  6705  6790 W System.err: java.lang.InterruptedException
02-05 16:21:01.690  6705  6790 W System.err: 	at java.util.concurrent.locks.AbstractQueuedSynchronizer.doAcquireSharedInterruptibly(AbstractQueuedSynchronizer.java:972)
02-05 16:21:01.690  6705  6790 W System.err: 	at java.util.concurrent.locks.AbstractQueuedSynchronizer.acquireSharedInterruptibly(AbstractQueuedSynchronizer.java:1278)
02-05 16:21:01.690  6705  6790 W System.err: 	at java.util.concurrent.Semaphore.acquire(Semaphore.java:284)
02-05 16:21:01.690  6705  6790 W System.err: 	at com.ftdi.j2xx.ProcessInCtrl.acquireReadableBuffer(FT_Device.java:2294)
02-05 16:21:01.690  6705  6790 W System.err: 	at com.ftdi.j2xx.ProcessRequestWorker.run(FT_Device.java:2764)
02-05 16:21:01.690  6705  6790 W System.err: 	at java.lang.Thread.run(Thread.java:818)
02-05 16:21:01.690  6705  6791 W RobotCore: could not write to Modern Robotics USB DC Motor Controller [AL00VBIF]: FTDI Null Pointer Exception
02-05 16:21:01.690  6705  6791 E RobotCore: java.lang.NullPointerException: Attempt to invoke interface method 'void java.util.concurrent.locks.Lock.unlock()' on a null object reference
02-05 16:21:01.690  6705  6791 E RobotCore: com.ftdi.j2xx.ProcessInCtrl.readBulkInData(FT_Device.java:2520)
02-05 16:21:01.690  6705  6791 E RobotCore: com.ftdi.j2xx.FT_Device.read(FT_Device.java:666)
02-05 16:21:01.691  6705  6791 E RobotCore: com.qualcomm.robotcore.hardware.usb.ftdi.RobotUsbDeviceFtdi.read(RobotUsbDeviceFtdi.java:199)
02-05 16:21:01.691  6705  6791 E RobotCore: com.qualcomm.robotcore.hardware.usb.ftdi.RobotUsbDeviceFtdi.read(RobotUsbDeviceFtdi.java:176)
02-05 16:21:01.691  6705  6791 E RobotCore: com.qualcomm.modernrobotics.ReadWriteRunnableUsbHandler.b(SourceFile:109)
02-05 16:21:01.691  6705  6791 E RobotCore: com.qualcomm.modernrobotics.ReadWriteRunnableUsbHandler.write(SourceFile:98)
02-05 16:21:01.691  6705  6791 E RobotCore: com.qualcomm.hardware.modernrobotics.ReadWriteRunnableStandard$1.run(ReadWriteRunnableStandard.java:394)
02-05 16:21:01.691  6705  6791 E RobotCore: com.qualcomm.robotcore.util.ThreadPool.logThreadLifeCycle(ThreadPool.java:513)
02-05 16:21:01.691  6705  6791 E RobotCore: com.qualcomm.hardware.modernrobotics.ReadWriteRunnableStandard.run(ReadWriteRunnableStandard.java:302)
02-05 16:21:01.691  6705  6791 E RobotCore: java.util.concurrent.ThreadPoolExecutor.runWorker(ThreadPoolExecutor.java:1113)
02-05 16:21:01.691  6705  6791 E RobotCore: java.util.concurrent.ThreadPoolExecutor$Worker.run(ThreadPoolExecutor.java:588)
02-05 16:21:01.691  6705  6791 E RobotCore: java.lang.Thread.run(Thread.java:818)
02-05 16:21:01.691  6705  6791 V RobotCore: thread: ...terminating 'r/w loop: Modern Robotics USB DC Motor Controller [AL00VBIF]'
02-05 16:21:01.692  6705  6789 W System.err: java.lang.NullPointerException: Null pointer exception during instruction 'monitor-enter v2'
02-05 16:21:01.692  6705  6779 E FTDI_Device::: UsbConnection.requestWait() == null
02-05 16:21:01.692  6705  6789 W System.err: 	at com.ftdi.j2xx.ProcessInCtrl.getBuffer(FT_Device.java:2269)
02-05 16:21:01.692  6705  6789 W System.err: 	at com.ftdi.j2xx.ProcessInCtrl.releaseWritableBuffers(FT_Device.java:2675)
02-05 16:21:01.692  6705  6789 W System.err: 	at com.ftdi.j2xx.BulkInWorker.run(FT_Device.java:2879)
02-05 16:21:01.692  6705  6789 W System.err: 	at java.lang.Thread.run(Thread.java:818)
02-05 16:21:01.694  6705  6705 D UsbDeviceConnectionJNI: close
02-05 16:21:01.694  6705  6787 D ProcessRequestThread::: Device has been closed.
02-05 16:21:01.694  6705  6787 W System.err: java.lang.InterruptedException
02-05 16:21:01.695  6705  6787 W System.err: 	at java.util.concurrent.locks.AbstractQueuedSynchronizer.doAcquireSharedInterruptibly(AbstractQueuedSynchronizer.java:972)
02-05 16:21:01.695  6705  6787 W System.err: 	at java.util.concurrent.locks.AbstractQueuedSynchronizer.acquireSharedInterruptibly(AbstractQueuedSynchronizer.java:1278)
02-05 16:21:01.695  6705  6787 W System.err: 	at java.util.concurrent.Semaphore.acquire(Semaphore.java:284)
02-05 16:21:01.695  6705  6786 D BulkIn::: Stop BulkIn thread
02-05 16:21:01.695  6705  6787 W System.err: 	at com.ftdi.j2xx.ProcessInCtrl.acquireReadableBuffer(FT_Device.java:2294)
02-05 16:21:01.695  6705  6787 W System.err: 	at com.ftdi.j2xx.ProcessRequestWorker.run(FT_Device.java:2764)
02-05 16:21:01.695  6705  6787 W System.err: 	at java.lang.Thread.run(Thread.java:818)
02-05 16:21:01.696  6705  6788 W RobotCore: could not write to Modern Robotics USB DC Motor Controller [AI049QOP]: FTDI Null Pointer Exception
02-05 16:21:01.696  6705  6786 W System.err: java.lang.NullPointerException: Attempt to invoke virtual method 'boolean com.ftdi.j2xx.InBuffer.acquired()' on a null object reference
02-05 16:21:01.697  6705  6786 W System.err: 	at com.ftdi.j2xx.ProcessInCtrl.releaseWritableBuffers(FT_Device.java:2675)
02-05 16:21:01.697  6705  6786 W System.err: 	at com.ftdi.j2xx.BulkInWorker.run(FT_Device.java:2879)
02-05 16:21:01.697  6705  6788 E RobotCore: java.lang.NullPointerException: Attempt to invoke interface method 'void java.util.concurrent.locks.Lock.unlock()' on a null object reference
02-05 16:21:01.697  6705  6786 W System.err: 	at java.lang.Thread.run(Thread.java:818)
02-05 16:21:01.698  6705  6788 E RobotCore: com.ftdi.j2xx.ProcessInCtrl.readBulkInData(FT_Device.java:2520)
02-05 16:21:01.698  6705  6788 E RobotCore: com.ftdi.j2xx.FT_Device.read(FT_Device.java:666)
02-05 16:21:01.698  6705  6788 E RobotCore: com.qualcomm.robotcore.hardware.usb.ftdi.RobotUsbDeviceFtdi.read(RobotUsbDeviceFtdi.java:199)
02-05 16:21:01.699  6705  6788 E RobotCore: com.qualcomm.robotcore.hardware.usb.ftdi.RobotUsbDeviceFtdi.read(RobotUsbDeviceFtdi.java:176)
02-05 16:21:01.699  6705  6788 E RobotCore: com.qualcomm.modernrobotics.ReadWriteRunnableUsbHandler.a(SourceFile:77)
02-05 16:21:01.699  6705  6788 E RobotCore: com.qualcomm.modernrobotics.ReadWriteRunnableUsbHandler.read(SourceFile:66)
02-05 16:21:01.699  6705  6788 E RobotCore: com.qualcomm.hardware.modernrobotics.ReadWriteRunnableStandard$1.run(ReadWriteRunnableStandard.java:343)
02-05 16:21:01.699  6705  6785 E FTDI_Device::: UsbConnection.requestWait() == null
02-05 16:21:01.699  6705  6788 E RobotCore: com.qualcomm.robotcore.util.ThreadPool.logThreadLifeCycle(ThreadPool.java:513)
02-05 16:21:01.699  6705  6788 E RobotCore: com.qualcomm.hardware.modernrobotics.ReadWriteRunnableStandard.run(ReadWriteRunnableStandard.java:302)
02-05 16:21:01.699  6705  6788 E RobotCore: java.util.concurrent.ThreadPoolExecutor.runWorker(ThreadPoolExecutor.java:1113)
02-05 16:21:01.699  6705  6788 E RobotCore: java.util.concurrent.ThreadPoolExecutor$Worker.run(ThreadPoolExecutor.java:588)
02-05 16:21:01.699  6705  6788 E RobotCore: java.lang.Thread.run(Thread.java:818)
02-05 16:21:01.700  6705  6788 V RobotCore: thread: ...terminating 'r/w loop: Modern Robotics USB DC Motor Controller [AI049QOP]'
02-05 16:21:01.702  6705  6705 D UsbDeviceConnectionJNI: close
02-05 16:21:01.702  6705  6778 D ProcessRequestThread::: Device has been closed.
02-05 16:21:01.702  6705  6778 W System.err: java.lang.InterruptedException
02-05 16:21:01.702  6705  6778 W System.err: 	at java.util.concurrent.locks.AbstractQueuedSynchronizer.doAcquireSharedInterruptibly(AbstractQueuedSynchronizer.java:972)
02-05 16:21:01.702  6705  6777 D BulkIn::: Stop BulkIn thread
02-05 16:21:01.702  6705  6778 W System.err: 	at java.util.concurrent.locks.AbstractQueuedSynchronizer.acquireSharedInterruptibly(AbstractQueuedSynchronizer.java:1278)
02-05 16:21:01.703  6705  6778 W System.err: 	at java.util.concurrent.Semaphore.acquire(Semaphore.java:284)
02-05 16:21:01.703  6705  6778 W System.err: 	at com.ftdi.j2xx.ProcessInCtrl.acquireReadableBuffer(FT_Device.java:2294)
02-05 16:21:01.703  6705  6778 W System.err: 	at com.ftdi.j2xx.ProcessRequestWorker.run(FT_Device.java:2764)
02-05 16:21:01.703  6705  6778 W System.err: 	at java.lang.Thread.run(Thread.java:818)
02-05 16:21:01.703  6705  6779 W RobotCore: could not write to Modern Robotics USB Core Device Interface Module [AI02RHDJ]: FTDI Null Pointer Exception
02-05 16:21:01.703  6705  6779 E RobotCore: java.lang.NullPointerException: Attempt to invoke interface method 'void java.util.concurrent.locks.Lock.unlock()' on a null object reference
02-05 16:21:01.703  6705  6779 E RobotCore: com.ftdi.j2xx.ProcessInCtrl.readBulkInData(FT_Device.java:2520)
02-05 16:21:01.703  6705  6779 E RobotCore: com.ftdi.j2xx.FT_Device.read(FT_Device.java:666)
02-05 16:21:01.703  6705  6779 E RobotCore: com.qualcomm.robotcore.hardware.usb.ftdi.RobotUsbDeviceFtdi.read(RobotUsbDeviceFtdi.java:199)
02-05 16:21:01.703  6705  6779 E RobotCore: com.qualcomm.robotcore.hardware.usb.ftdi.RobotUsbDeviceFtdi.read(RobotUsbDeviceFtdi.java:176)
02-05 16:21:01.703  6705  6779 E RobotCore: com.qualcomm.modernrobotics.ReadWriteRunnableUsbHandler.a(SourceFile:77)
02-05 16:21:01.703  6705  6779 E RobotCore: com.qualcomm.modernrobotics.ReadWriteRunnableUsbHandler.read(SourceFile:66)
02-05 16:21:01.703  6705  6779 E RobotCore: com.qualcomm.hardware.modernrobotics.ReadWriteRunnableStandard$1.run(ReadWriteRunnableStandard.java:343)
02-05 16:21:01.703  6705  6779 E RobotCore: com.qualcomm.robotcore.util.ThreadPool.logThreadLifeCycle(ThreadPool.java:513)
02-05 16:21:01.703  6705  6779 E RobotCore: com.qualcomm.hardware.modernrobotics.ReadWriteRunnableStandard.run(ReadWriteRunnableStandard.java:302)
02-05 16:21:01.703  6705  6779 E RobotCore: java.util.concurrent.ThreadPoolExecutor.runWorker(ThreadPoolExecutor.java:1113)
02-05 16:21:01.703  6705  6779 E RobotCore: java.util.concurrent.ThreadPoolExecutor$Worker.run(ThreadPoolExecutor.java:588)
02-05 16:21:01.703  6705  6779 E RobotCore: java.lang.Thread.run(Thread.java:818)
02-05 16:21:01.704  6705  6779 V RobotCore: thread: ...terminating 'r/w loop: Modern Robotics USB Core Device Interface Module [AI02RHDJ]'
02-05 16:21:01.704  6705  6777 W System.err: java.lang.NullPointerException: Null pointer exception during instruction 'monitor-enter v2'
02-05 16:21:01.704  6705  6777 W System.err: 	at com.ftdi.j2xx.ProcessInCtrl.getBuffer(FT_Device.java:2269)
02-05 16:21:01.704  6705  6777 W System.err: 	at com.ftdi.j2xx.ProcessInCtrl.releaseWritableBuffers(FT_Device.java:2675)
02-05 16:21:01.704  6705  6777 W System.err: 	at com.ftdi.j2xx.BulkInWorker.run(FT_Device.java:2879)
02-05 16:21:01.704  6705  6777 W System.err: 	at java.lang.Thread.run(Thread.java:818)
02-05 16:21:01.705  6705  6705 D UsbDeviceConnectionJNI: close
02-05 16:21:01.705  6705  6784 D ProcessRequestThread::: Device has been closed.
02-05 16:21:01.705  6705  6784 W System.err: java.lang.InterruptedException
02-05 16:21:01.705  6705  6784 W System.err: 	at java.util.concurrent.locks.AbstractQueuedSynchronizer.doAcquireSharedInterruptibly(AbstractQueuedSynchronizer.java:972)
02-05 16:21:01.705  6705  6784 W System.err: 	at java.util.concurrent.locks.AbstractQueuedSynchronizer.acquireSharedInterruptibly(AbstractQueuedSynchronizer.java:1278)
02-05 16:21:01.705  6705  6784 W System.err: 	at java.util.concurrent.Semaphore.acquire(Semaphore.java:284)
02-05 16:21:01.705  6705  6784 W System.err: 	at com.ftdi.j2xx.ProcessInCtrl.acquireReadableBuffer(FT_Device.java:2294)
02-05 16:21:01.705  6705  6784 W System.err: 	at com.ftdi.j2xx.ProcessRequestWorker.run(FT_Device.java:2764)
02-05 16:21:01.705  6705  6784 W System.err: 	at java.lang.Thread.run(Thread.java:818)
02-05 16:21:01.706  6705  6783 D BulkIn::: Stop BulkIn thread
02-05 16:21:01.706  6705  6783 W System.err: java.lang.NullPointerException: Attempt to invoke virtual method 'int com.ftdi.j2xx.D2xxManager$DriverParameters.getBufferNumber()' on a null object reference
02-05 16:21:01.706  6705  6785 W RobotCore: could not write to Modern Robotics USB DC Motor Controller [AL00VWH0]: FTDI Null Pointer Exception
02-05 16:21:01.706  6705  6785 E RobotCore: java.lang.NullPointerException: Attempt to invoke interface method 'void java.util.concurrent.locks.Lock.unlock()' on a null object reference
02-05 16:21:01.706  6705  6783 W System.err: 	at com.ftdi.j2xx.ProcessInCtrl.releaseWritableBuffers(FT_Device.java:2672)
02-05 16:21:01.706  6705  6783 W System.err: 	at com.ftdi.j2xx.BulkInWorker.run(FT_Device.java:2879)
02-05 16:21:01.706  6705  6783 W System.err: 	at java.lang.Thread.run(Thread.java:818)
02-05 16:21:01.706  6705  6785 E RobotCore: com.ftdi.j2xx.ProcessInCtrl.readBulkInData(FT_Device.java:2520)
02-05 16:21:01.706  6705  6785 E RobotCore: com.ftdi.j2xx.FT_Device.read(FT_Device.java:666)
02-05 16:21:01.706  6705  6785 E RobotCore: com.qualcomm.robotcore.hardware.usb.ftdi.RobotUsbDeviceFtdi.read(RobotUsbDeviceFtdi.java:199)
02-05 16:21:01.706  6705  6785 E RobotCore: com.qualcomm.robotcore.hardware.usb.ftdi.RobotUsbDeviceFtdi.read(RobotUsbDeviceFtdi.java:176)
02-05 16:21:01.706  6705  6785 E RobotCore: com.qualcomm.modernrobotics.ReadWriteRunnableUsbHandler.b(SourceFile:109)
02-05 16:21:01.706  6705  6785 E RobotCore: com.qualcomm.modernrobotics.ReadWriteRunnableUsbHandler.write(SourceFile:98)
02-05 16:21:01.707  6705  6785 E RobotCore: com.qualcomm.hardware.modernrobotics.ReadWriteRunnableStandard$1.run(ReadWriteRunnableStandard.java:394)
02-05 16:21:01.707  6705  6785 E RobotCore: com.qualcomm.robotcore.util.ThreadPool.logThreadLifeCycle(ThreadPool.java:513)
02-05 16:21:01.707  6705  6785 E RobotCore: com.qualcomm.hardware.modernrobotics.ReadWriteRunnableStandard.run(ReadWriteRunnableStandard.java:302)
02-05 16:21:01.707  6705  6785 E RobotCore: java.util.concurrent.ThreadPoolExecutor.runWorker(ThreadPoolExecutor.java:1113)
02-05 16:21:01.707  6705  6785 E RobotCore: java.util.concurrent.ThreadPoolExecutor$Worker.run(ThreadPoolExecutor.java:588)
02-05 16:21:01.707  6705  6785 E RobotCore: java.lang.Thread.run(Thread.java:818)
02-05 16:21:01.707  6705  6705 D UsbDeviceConnectionJNI: close
02-05 16:21:01.707  6705  6781 D ProcessRequestThread::: Device has been closed.
02-05 16:21:01.707  6705  6781 W System.err: java.lang.InterruptedException
02-05 16:21:01.707  6705  6781 W System.err: 	at java.util.concurrent.locks.AbstractQueuedSynchronizer.doAcquireSharedInterruptibly(AbstractQueuedSynchronizer.java:972)
02-05 16:21:01.707  6705  6781 W System.err: 	at java.util.concurrent.locks.AbstractQueuedSynchronizer.acquireSharedInterruptibly(AbstractQueuedSynchronizer.java:1278)
02-05 16:21:01.708  6705  6781 W System.err: 	at java.util.concurrent.Semaphore.acquire(Semaphore.java:284)
02-05 16:21:01.708  6705  6781 W System.err: 	at com.ftdi.j2xx.ProcessInCtrl.acquireReadableBuffer(FT_Device.java:2294)
02-05 16:21:01.708  6705  6781 W System.err: 	at com.ftdi.j2xx.ProcessRequestWorker.run(FT_Device.java:2764)
02-05 16:21:01.708  6705  6781 W System.err: 	at java.lang.Thread.run(Thread.java:818)
02-05 16:21:01.708  6705  6780 D BulkIn::: Stop BulkIn thread
02-05 16:21:01.708  6705  6780 W System.err: java.lang.NullPointerException: Attempt to invoke virtual method 'int com.ftdi.j2xx.D2xxManager$DriverParameters.getBufferNumber()' on a null object reference
02-05 16:21:01.708  6705  6785 V RobotCore: thread: ...terminating 'r/w loop: Modern Robotics USB DC Motor Controller [AL00VWH0]'
02-05 16:21:01.708  6705  6780 W System.err: 	at com.ftdi.j2xx.ProcessInCtrl.releaseWritableBuffers(FT_Device.java:2672)
02-05 16:21:01.708  6705  6780 W System.err: 	at com.ftdi.j2xx.BulkInWorker.run(FT_Device.java:2879)
02-05 16:21:01.708  6705  6780 W System.err: 	at java.lang.Thread.run(Thread.java:818)
02-05 16:21:01.709  6705  6782 W RobotCore: could not write to Modern Robotics USB DC Motor Controller [A104OQ1P]: FTDI Null Pointer Exception
02-05 16:21:01.709  6705  6782 E RobotCore: java.lang.NullPointerException: Attempt to invoke interface method 'void java.util.concurrent.locks.Lock.unlock()' on a null object reference
02-05 16:21:01.709  6705  6782 E RobotCore: com.ftdi.j2xx.ProcessInCtrl.readBulkInData(FT_Device.java:2520)
02-05 16:21:01.709  6705  6782 E RobotCore: com.ftdi.j2xx.FT_Device.read(FT_Device.java:666)
02-05 16:21:01.709  6705  6782 E RobotCore: com.qualcomm.robotcore.hardware.usb.ftdi.RobotUsbDeviceFtdi.read(RobotUsbDeviceFtdi.java:199)
02-05 16:21:01.709  6705  6782 E RobotCore: com.qualcomm.robotcore.hardware.usb.ftdi.RobotUsbDeviceFtdi.read(RobotUsbDeviceFtdi.java:176)
02-05 16:21:01.709  6705  6782 E RobotCore: com.qualcomm.modernrobotics.ReadWriteRunnableUsbHandler.a(SourceFile:77)
02-05 16:21:01.709  6705  6782 E RobotCore: com.qualcomm.modernrobotics.ReadWriteRunnableUsbHandler.read(SourceFile:66)
02-05 16:21:01.709  6705  6782 E RobotCore: com.qualcomm.hardware.modernrobotics.ReadWriteRunnableStandard$1.run(ReadWriteRunnableStandard.java:343)
02-05 16:21:01.710  6705  6782 E RobotCore: com.qualcomm.robotcore.util.ThreadPool.logThreadLifeCycle(ThreadPool.java:513)
02-05 16:21:01.710  6705  6782 E RobotCore: com.qualcomm.hardware.modernrobotics.ReadWriteRunnableStandard.run(ReadWriteRunnableStandard.java:302)
02-05 16:21:01.710  6705  6782 E RobotCore: java.util.concurrent.ThreadPoolExecutor.runWorker(ThreadPoolExecutor.java:1113)
02-05 16:21:01.710  6705  6782 E RobotCore: java.util.concurrent.ThreadPoolExecutor$Worker.run(ThreadPoolExecutor.java:588)
02-05 16:21:01.710  6705  6782 E RobotCore: java.lang.Thread.run(Thread.java:818)
02-05 16:21:01.711  6705  6792 D RobotCore: system telemetry: key=$System$Warning$ msg="problem communicating with Modern Robotics USB DC Motor Controller [AL00VBIF]; problem communicating with Modern Robotics USB DC Motor Controller [AI049QOP]; problem communicating with Modern Robotics USB DC Motor Controller [AL00VWH0]; problem communicating with Modern Robotics USB DC Motor Controller [A104OQ1P]; problem communicating with Modern Robotics USB Core Device Interface Module [AI02RHDJ]; problem communicating with Modern Robotics USB Servo Controller [AL00VST0]"
02-05 16:21:01.712  6705  6792 V RobotCore: event loop: device has shutdown abnormally
02-05 16:21:01.712  6705  6792 V RobotCore: event loop: detaching device owner
02-05 16:21:01.712  6705  6792 I FIRST   : ======= MODULE DETACH RECOVERY: disarm Modern Robotics USB Core Device Interface Module [AI02RHDJ]=======
02-05 16:21:01.713  6705  6792 V RobotCore: waiting for service ReadWriteRunnable for Modern Robotics USB Device
02-05 16:21:01.713  6705  6782 V RobotCore: thread: ...terminating 'r/w loop: Modern Robotics USB DC Motor Controller [A104OQ1P]'
02-05 16:21:01.716  6705  6792 V RobotCore: awaitTermination returned, isTerminated=true
02-05 16:21:01.716  6705  6792 V RobotCore: executive service ReadWriteRunnable for Modern Robotics USB Device is terminated
02-05 16:21:01.717  6705  6792 I FIRST   : ======= MODULE DETACH RECOVERY: pretend Modern Robotics USB Core Device Interface Module [AI02RHDJ]=======
02-05 16:21:01.717  6705  6792 V RobotCore: Starting up pretend device AI02RHDJ
02-05 16:21:01.720  6705  6821 V RobotCore: thread: 'r/w loop: Modern Robotics USB Core Device Interface Module [AI02RHDJ]' starting...
02-05 16:21:01.721  6705  6792 I FIRST   : ======= MODULE DETACH RECOVERY: complete Modern Robotics USB Core Device Interface Module [AI02RHDJ]=======
02-05 16:21:01.721  6705  6792 V RobotCore: event loop: device has shutdown abnormally
02-05 16:21:01.721  6705  6792 V RobotCore: event loop: detaching device owner
02-05 16:21:01.721  6705  6792 I FIRST   : ======= MODULE DETACH RECOVERY: disarm Modern Robotics USB DC Motor Controller [A104OQ1P]=======
02-05 16:21:01.721  6705  6792 D RobotCore: disarming modern motor controller Modern Robotics USB DC Motor Controller [A104OQ1P]...
02-05 16:21:01.721  6705  6792 V RobotCore: waiting for service ReadWriteRunnable for Modern Robotics USB Device
02-05 16:21:01.722  6705  6792 V RobotCore: awaitTermination returned, isTerminated=true
02-05 16:21:01.722  6705  6792 V RobotCore: executive service ReadWriteRunnable for Modern Robotics USB Device is terminated
02-05 16:21:01.722  6705  6792 D RobotCore: ...disarming modern motor controller Modern Robotics USB DC Motor Controller [A104OQ1P] complete
02-05 16:21:01.722  6705  6792 I FIRST   : ======= MODULE DETACH RECOVERY: pretend Modern Robotics USB DC Motor Controller [A104OQ1P]=======
02-05 16:21:01.722  6705  6792 D RobotCore: arming modern motor controller Modern Robotics USB DC Motor Controller [A104OQ1P] (pretend)...
02-05 16:21:01.723  6705  6792 V RobotCore: Starting up pretend device A104OQ1P
02-05 16:21:01.724  6705  6822 V RobotCore: thread: 'r/w loop: Modern Robotics USB DC Motor Controller [A104OQ1P]' starting...
02-05 16:21:01.724  6705  6792 D RobotCore: ...arming modern motor controller Modern Robotics USB DC Motor Controller [A104OQ1P] complete
02-05 16:21:01.724  6705  6792 I FIRST   : ======= MODULE DETACH RECOVERY: complete Modern Robotics USB DC Motor Controller [A104OQ1P]=======
02-05 16:21:01.724  6705  6792 V RobotCore: event loop: device has shutdown abnormally
02-05 16:21:01.724  6705  6792 V RobotCore: event loop: detaching device owner
02-05 16:21:01.725  6705  6792 I FIRST   : ======= MODULE DETACH RECOVERY: disarm Modern Robotics USB DC Motor Controller [AL00VWH0]=======
02-05 16:21:01.725  6705  6792 D RobotCore: disarming modern motor controller Modern Robotics USB DC Motor Controller [AL00VWH0]...
02-05 16:21:01.725  6705  6792 V RobotCore: waiting for service ReadWriteRunnable for Modern Robotics USB Device
02-05 16:21:01.726  6705  6792 V RobotCore: awaitTermination returned, isTerminated=true
02-05 16:21:01.726  6705  6792 V RobotCore: executive service ReadWriteRunnable for Modern Robotics USB Device is terminated
02-05 16:21:01.726  6705  6792 D RobotCore: ...disarming modern motor controller Modern Robotics USB DC Motor Controller [AL00VWH0] complete
02-05 16:21:01.726  6705  6792 I FIRST   : ======= MODULE DETACH RECOVERY: pretend Modern Robotics USB DC Motor Controller [AL00VWH0]=======
02-05 16:21:01.726  6705  6792 D RobotCore: arming modern motor controller Modern Robotics USB DC Motor Controller [AL00VWH0] (pretend)...
02-05 16:21:01.726  6705  6792 V RobotCore: Starting up pretend device AL00VWH0
02-05 16:21:01.727  6705  6823 V RobotCore: thread: 'r/w loop: Modern Robotics USB DC Motor Controller [AL00VWH0]' starting...
02-05 16:21:01.727  6705  6792 D RobotCore: ...arming modern motor controller Modern Robotics USB DC Motor Controller [AL00VWH0] complete
02-05 16:21:01.728  6705  6792 I FIRST   : ======= MODULE DETACH RECOVERY: complete Modern Robotics USB DC Motor Controller [AL00VWH0]=======
02-05 16:21:01.728  6705  6792 V RobotCore: event loop: device has shutdown abnormally
02-05 16:21:01.728  6705  6792 V RobotCore: event loop: detaching device owner
02-05 16:21:01.728  6705  6792 I FIRST   : ======= MODULE DETACH RECOVERY: disarm Modern Robotics USB DC Motor Controller [AI049QOP]=======
02-05 16:21:01.728  6705  6792 D RobotCore: disarming modern motor controller Modern Robotics USB DC Motor Controller [AI049QOP]...
02-05 16:21:01.728  6705  6792 V RobotCore: executive service ReadWriteRunnable for Modern Robotics USB Device is terminated
02-05 16:21:01.728  6705  6792 D RobotCore: ...disarming modern motor controller Modern Robotics USB DC Motor Controller [AI049QOP] complete
02-05 16:21:01.728  6705  6792 I FIRST   : ======= MODULE DETACH RECOVERY: pretend Modern Robotics USB DC Motor Controller [AI049QOP]=======
02-05 16:21:01.728  6705  6792 D RobotCore: arming modern motor controller Modern Robotics USB DC Motor Controller [AI049QOP] (pretend)...
02-05 16:21:01.728  6705  6792 V RobotCore: Starting up pretend device AI049QOP
02-05 16:21:01.730  6705  6824 V RobotCore: thread: 'r/w loop: Modern Robotics USB DC Motor Controller [AI049QOP]' starting...
02-05 16:21:01.730  6705  6792 D RobotCore: ...arming modern motor controller Modern Robotics USB DC Motor Controller [AI049QOP] complete
02-05 16:21:01.730  6705  6792 I FIRST   : ======= MODULE DETACH RECOVERY: complete Modern Robotics USB DC Motor Controller [AI049QOP]=======
02-05 16:21:01.730  6705  6792 V RobotCore: event loop: device has shutdown abnormally
02-05 16:21:01.730  6705  6792 V RobotCore: event loop: detaching device owner
02-05 16:21:01.730  6705  6792 I FIRST   : ======= MODULE DETACH RECOVERY: disarm Modern Robotics USB DC Motor Controller [AL00VBIF]=======
02-05 16:21:01.730  6705  6792 D RobotCore: disarming modern motor controller Modern Robotics USB DC Motor Controller [AL00VBIF]...
02-05 16:21:01.731  6705  6792 V RobotCore: waiting for service ReadWriteRunnable for Modern Robotics USB Device
02-05 16:21:01.731  6705  6792 V RobotCore: awaitTermination returned, isTerminated=true
02-05 16:21:01.731  6705  6792 V RobotCore: executive service ReadWriteRunnable for Modern Robotics USB Device is terminated
02-05 16:21:01.731  6705  6792 D RobotCore: ...disarming modern motor controller Modern Robotics USB DC Motor Controller [AL00VBIF] complete
02-05 16:21:01.731  6705  6792 I FIRST   : ======= MODULE DETACH RECOVERY: pretend Modern Robotics USB DC Motor Controller [AL00VBIF]=======
02-05 16:21:01.731  6705  6792 D RobotCore: arming modern motor controller Modern Robotics USB DC Motor Controller [AL00VBIF] (pretend)...
02-05 16:21:01.732  6705  6792 V RobotCore: Starting up pretend device AL00VBIF
02-05 16:21:01.733  6705  6825 V RobotCore: thread: 'r/w loop: Modern Robotics USB DC Motor Controller [AL00VBIF]' starting...
02-05 16:21:01.733  6705  6792 D RobotCore: ...arming modern motor controller Modern Robotics USB DC Motor Controller [AL00VBIF] complete
02-05 16:21:01.733  6705  6792 I FIRST   : ======= MODULE DETACH RECOVERY: complete Modern Robotics USB DC Motor Controller [AL00VBIF]=======
02-05 16:21:17.160  6705  6705 V RCActivity: onPause()
02-05 16:21:17.169  6705  6705 V RCActivity: onStop()
02-05 16:21:17.170  6705  6705 V RobotCore: executive service robot setup is terminated
02-05 16:21:17.170  6705  6705 V Robocol : EventLoopManager.shutdown()
02-05 16:21:17.170  6705  6705 V RobotCore: waiting for service EventLoop
02-05 16:21:17.170  6705  6792 V RobotCore: EventLoopRunnable interrupted
02-05 16:21:17.170  6705  6792 V RobotCore: EventLoopManager state is STOPPED
02-05 16:21:17.170  6705  6792 V RobotCore: Robot Status: stopped
02-05 16:21:17.170  6705  6792 I FIRST   : ======= TEARDOWN =======
02-05 16:21:17.171  6705  6792 D RobotCore: disarming modern motor controller Modern Robotics USB DC Motor Controller [AL00VBIF]...
02-05 16:21:17.175  6705  6825 V RobotCore: thread: ...terminating 'r/w loop: Modern Robotics USB DC Motor Controller [AL00VBIF]'
02-05 16:21:17.175  6705  6792 V RobotCore: waiting for service ReadWriteRunnable for Modern Robotics USB Device
02-05 16:21:17.175  6705  6792 V RobotCore: awaitTermination returned, isTerminated=true
02-05 16:21:17.176  6705  6792 V RobotCore: executive service ReadWriteRunnable for Modern Robotics USB Device is terminated
02-05 16:21:17.176  6705  6792 D RobotCore: ...disarming modern motor controller Modern Robotics USB DC Motor Controller [AL00VBIF] complete
02-05 16:21:17.176  6705  6792 D RobotCore: disarming modern motor controller Modern Robotics USB DC Motor Controller [AI049QOP]...
02-05 16:21:17.180  6705  6824 V RobotCore: thread: ...terminating 'r/w loop: Modern Robotics USB DC Motor Controller [AI049QOP]'
02-05 16:21:17.181  6705  6792 V RobotCore: executive service ReadWriteRunnable for Modern Robotics USB Device is terminated
02-05 16:21:17.181  6705  6792 D RobotCore: ...disarming modern motor controller Modern Robotics USB DC Motor Controller [AI049QOP] complete
02-05 16:21:17.181  6705  6792 D RobotCore: disarming modern motor controller Modern Robotics USB DC Motor Controller [A104OQ1P]...
02-05 16:21:17.182  6705  6760 D RobotCore: system telemetry: key=$System$Warning$ msg="problem communicating with Modern Robotics USB DC Motor Controller [AI049QOP]; problem communicating with Modern Robotics USB DC Motor Controller [AL00VWH0]; problem communicating with Modern Robotics USB DC Motor Controller [A104OQ1P]; problem communicating with Modern Robotics USB Core Device Interface Module [AI02RHDJ]; problem communicating with Modern Robotics USB Servo Controller [AL00VST0]"
02-05 16:21:17.185  6705  6822 V RobotCore: thread: ...terminating 'r/w loop: Modern Robotics USB DC Motor Controller [A104OQ1P]'
02-05 16:21:17.186  6705  6792 V RobotCore: executive service ReadWriteRunnable for Modern Robotics USB Device is terminated
02-05 16:21:17.186  6705  6792 D RobotCore: ...disarming modern motor controller Modern Robotics USB DC Motor Controller [A104OQ1P] complete
02-05 16:21:17.186  6705  6792 D RobotCore: disarming modern motor controller Modern Robotics USB DC Motor Controller [AL00VWH0]...
02-05 16:21:17.192  6705  6792 V RobotCore: waiting for service ReadWriteRunnable for Modern Robotics USB Device
02-05 16:21:17.192  6705  6823 V RobotCore: thread: ...terminating 'r/w loop: Modern Robotics USB DC Motor Controller [AL00VWH0]'
02-05 16:21:17.192  6705  6792 V RobotCore: awaitTermination returned, isTerminated=true
02-05 16:21:17.192  6705  6792 V RobotCore: executive service ReadWriteRunnable for Modern Robotics USB Device is terminated
02-05 16:21:17.192  6705  6792 D RobotCore: ...disarming modern motor controller Modern Robotics USB DC Motor Controller [AL00VWH0] complete
02-05 16:21:17.193  6705  6792 D RobotCore: disarming modern servo controller "Modern Robotics USB Servo Controller [AL00VST0]"...
02-05 16:21:17.200  6705  6820 V RobotCore: thread: ...terminating 'r/w loop: Modern Robotics USB Servo Controller [AL00VST0]'
02-05 16:21:17.200  6705  6792 V RobotCore: waiting for service ReadWriteRunnable for Modern Robotics USB Device
02-05 16:21:17.200  6705  6792 V RobotCore: awaitTermination returned, isTerminated=true
02-05 16:21:17.200  6705  6792 V RobotCore: executive service ReadWriteRunnable for Modern Robotics USB Device is terminated
02-05 16:21:17.200  6705  6792 D RobotCore: ...disarming modern servo controller Modern Robotics USB Servo Controller [AL00VST0] complete
02-05 16:21:17.208  6705  6821 V RobotCore: thread: ...terminating 'r/w loop: Modern Robotics USB Core Device Interface Module [AI02RHDJ]'
02-05 16:21:17.208  6705  6792 V RobotCore: waiting for service ReadWriteRunnable for Modern Robotics USB Device
02-05 16:21:17.208  6705  6792 V RobotCore: awaitTermination returned, isTerminated=true
02-05 16:21:17.208  6705  6792 V RobotCore: executive service ReadWriteRunnable for Modern Robotics USB Device is terminated
02-05 16:21:17.208  6705  6792 I FIRST   : ======= TEARDOWN COMPLETE =======
02-05 16:21:17.208  6705  6792 V RobotCore: thread: ...terminating 'opmode loop()'
02-05 16:21:17.209  6705  6705 V RobotCore: awaitTermination returned, isTerminated=true
02-05 16:21:17.209  6705  6705 V RobotCore: executive service EventLoop is terminated
02-05 16:21:17.209  6705  6705 V RobotCore: EventLoopManager state is STOPPED
02-05 16:21:17.248  6705  6760 D RobotCore: system telemetry: key=$System$None$ msg=""
