03-05 18:54:04.193  7386  7514 V RobotCore: thread: 'RecvLoopRunnable.run()' starting...
03-05 18:54:04.193  7386  7512 V RobotCore: Setup complete
03-05 18:54:04.193  7386  7512 V RobotCore: thread: ...terminating 'SetupRunnable.run()'
03-05 18:54:04.197  7386  7515 V RobotCore: thread: 'r/w loop: Modern Robotics USB Servo Controller [AL00VST0]' starting...
03-05 18:54:04.198  7386  7502 D RobotCore: ...arming modern servo controller Modern Robotics USB Servo Controller [AL00VST0] complete
03-05 18:54:04.199  7386  7502 V RobotCore: Creating Modern Robotics USB Core Device Interface Module [AI02RHDJ]
03-05 18:54:04.204  7386  7502 W System.err: unable to find USB device with serial number AI02RHDJ
03-05 18:54:04.204  7386  7502 V RobotCore: Starting up pretend device AI02RHDJ
03-05 18:54:04.205  7386  7517 V RobotCore: thread: 'r/w loop: Modern Robotics USB Core Device Interface Module [AI02RHDJ]' starting...
03-05 18:54:04.206  7386  7502 V RobotCore: Creating I2C Device - Port: 2
03-05 18:54:04.206  7386  7502 V RobotCore: Creating Modern Robotics I2C Gyro Sensor - Port: 3
03-05 18:54:04.209  7386  7502 V RobotCore: Creating I2C Device - Port: 4
03-05 18:54:04.209  7386  7502 V RobotCore: Creating Modern Robotics Analog Optical Distance Sensor - Port: 7
03-05 18:54:04.210  7386  7502 V RobotCore: Creating Modern Robotics USB DC Motor Controller [A104OQ1P]
03-05 18:54:04.215  7386  7502 D RobotCore: arming modern motor controller Modern Robotics USB DC Motor Controller [A104OQ1P]...
03-05 18:54:04.216  7386  7502 W System.err: unable to find USB device with serial number A104OQ1P
03-05 18:54:04.216  7386  7502 D RobotCore: arming modern motor controller Modern Robotics USB DC Motor Controller [A104OQ1P] (pretend)...
03-05 18:54:04.216  7386  7502 V RobotCore: Starting up pretend device A104OQ1P
03-05 18:54:04.218  7386  7518 V RobotCore: thread: 'r/w loop: Modern Robotics USB DC Motor Controller [A104OQ1P]' starting...
03-05 18:54:04.218  7386  7502 D RobotCore: ...arming modern motor controller Modern Robotics USB DC Motor Controller [A104OQ1P] complete
03-05 18:54:04.219  7386  7502 V RobotCore: Creating Modern Robotics USB DC Motor Controller [AL00VWH0]
03-05 18:54:04.219  7386  7502 D RobotCore: arming modern motor controller Modern Robotics USB DC Motor Controller [AL00VWH0]...
03-05 18:54:04.219  7386  7502 W System.err: unable to find USB device with serial number AL00VWH0
03-05 18:54:04.220  7386  7502 D RobotCore: arming modern motor controller Modern Robotics USB DC Motor Controller [AL00VWH0] (pretend)...
03-05 18:54:04.220  7386  7502 V RobotCore: Starting up pretend device AL00VWH0
03-05 18:54:04.221  7386  7519 V RobotCore: thread: 'r/w loop: Modern Robotics USB DC Motor Controller [AL00VWH0]' starting...
03-05 18:54:04.222  7386  7502 D RobotCore: ...arming modern motor controller Modern Robotics USB DC Motor Controller [AL00VWH0] complete
03-05 18:54:04.222  7386  7502 V RobotCore: Creating Modern Robotics USB DC Motor Controller [AI049QOP]
03-05 18:54:04.222  7386  7502 D RobotCore: arming modern motor controller Modern Robotics USB DC Motor Controller [AI049QOP]...
03-05 18:54:04.222  7386  7502 W System.err: unable to find USB device with serial number AI049QOP
03-05 18:54:04.223  7386  7502 D RobotCore: arming modern motor controller Modern Robotics USB DC Motor Controller [AI049QOP] (pretend)...
03-05 18:54:04.223  7386  7502 V RobotCore: Starting up pretend device AI049QOP
03-05 18:54:04.224  7386  7520 V RobotCore: thread: 'r/w loop: Modern Robotics USB DC Motor Controller [AI049QOP]' starting...
03-05 18:54:04.226  7386  7502 D RobotCore: ...arming modern motor controller Modern Robotics USB DC Motor Controller [AI049QOP] complete
03-05 18:54:04.226  7386  7502 V RobotCore: Creating Modern Robotics USB DC Motor Controller [AL00VBIF]
03-05 18:54:04.226  7386  7502 D RobotCore: arming modern motor controller Modern Robotics USB DC Motor Controller [AL00VBIF]...
03-05 18:54:04.226  7386  7502 W System.err: unable to find USB device with serial number AL00VBIF
03-05 18:54:04.227  7386  7502 D RobotCore: arming modern motor controller Modern Robotics USB DC Motor Controller [AL00VBIF] (pretend)...
03-05 18:54:04.227  7386  7502 V RobotCore: Starting up pretend device AL00VBIF
03-05 18:54:04.228  7386  7521 V RobotCore: thread: 'r/w loop: Modern Robotics USB DC Motor Controller [AL00VBIF]' starting...
03-05 18:54:04.228  7386  7502 D RobotCore: ...arming modern motor controller Modern Robotics USB DC Motor Controller [AL00VBIF] complete
03-05 18:54:04.254  7386  7502 I RobotCore: Analytics has completed initialization.
03-05 18:54:04.254  7386  7502 I RobotCore: ========= Device Information ===================================================
03-05 18:54:04.254  7386  7502 I RobotCore: Type                                               Name                           Connection
03-05 18:54:04.255  7386  7502 I RobotCore: I2cDevice                                          colorBack                      USB AI02RHDJ; port 4
03-05 18:54:04.255  7386  7502 I RobotCore: Modern Robotics USB DC Motor Controller            Shooter                        USB AI049QOP
03-05 18:54:04.256  7386  7502 I RobotCore: DC Motor                                           rightFront                     USB AL00VWH0; port 1
03-05 18:54:04.256  7386  7502 I RobotCore: Modern Robotics USB DC Motor Controller            Front Motors                   USB AL00VWH0
03-05 18:54:04.256  7386  7502 I RobotCore: Modern Robotics USB DC Motor Controller            Back Motors                    USB A104OQ1P
03-05 18:54:04.256  7386  7502 I RobotCore: DC Motor                                           leftBack                       USB A104OQ1P; port 2
03-05 18:54:04.256  7386  7502 I RobotCore: DC Motor                                           led                            USB AL00VBIF; port 2
03-05 18:54:04.256  7386  7502 I RobotCore: Servo                                              upDown                         USB AL00VST0; port 1
03-05 18:54:04.256  7386  7502 I RobotCore: DC Motor                                           shooter2                       USB AI049QOP; port 2
03-05 18:54:04.256  7386  7502 I RobotCore: DC Motor                                           shooter1                       USB AI049QOP; port 1
03-05 18:54:04.256  7386  7502 I RobotCore: DC Motor                                           leftFront                      USB AL00VWH0; port 2
03-05 18:54:04.256  7386  7502 I RobotCore: DC Motor                                           rightBack                      USB A104OQ1P; port 1
03-05 18:54:04.256  7386  7502 I RobotCore: Servo                                              ballFeeder                     USB AL00VST0; port 2
03-05 18:54:04.256  7386  7502 I RobotCore: Modern Robotics USB DC Motor Controller            Intake                         USB AL00VBIF
03-05 18:54:04.256  7386  7502 I RobotCore: Modern Robotics USB Core Device Interface Module   Sensors                        USB AI02RHDJ
03-05 18:54:04.256  7386  7502 I RobotCore: I2cDevice                                          colorFront                     USB AI02RHDJ; port 2
03-05 18:54:04.257  7386  7502 I RobotCore: Modern Robotics USB Servo Controller               Servos                         USB AL00VST0
03-05 18:54:04.257  7386  7502 I RobotCore: DC Motor                                           intake                         USB AL00VBIF; port 1
03-05 18:54:04.257  7386  7502 I RobotCore: Modern Robotics Gyro                               gyro                           USB AI02RHDJ; I2C port: 3
03-05 18:54:04.257  7386  7502 I RobotCore: Modern Robotics Analog Optical Distance Sensor     ods                            USB AI02RHDJ; analog port 7
03-05 18:54:04.257  7386  7502 I FIRST   : ======= INIT FINISH =======
03-05 18:54:04.257  7386  7502 V RobotCore: EventLoopManager state is RUNNING
03-05 18:54:04.257  7386  7502 V RobotCore: Robot Status: running, starting robot
03-05 18:54:04.257  7386  7502 V RobotCore: Robot Status: running
03-05 18:54:04.258  7386  7502 V RobotCore: thread: ...terminating 'RobotSetupRunnable.run()'
03-05 18:54:04.260  7386  7522 V RobotCore: thread: 'opmode loop()' starting...
03-05 18:54:04.265  7386  7522 D RobotCore: system telemetry: key=$System$Warning$ msg="unable to open Modern Robotics USB DC Motor Controller [A104OQ1P]; unable to open Modern Robotics USB Core Device Interface Module [AI02RHDJ]; unable to open Modern Robotics USB DC Motor Controller [AI049QOP]; unable to open Modern Robotics USB Servo Controller [AL00VST0]; unable to open Modern Robotics USB DC Motor Controller [AL00VWH0]; unable to open Modern Robotics USB DC Motor Controller [AL00VBIF]"
03-05 18:54:04.267  7386  7497 D MediaPlayer: setSubtitleAnchor in MediaPlayer
03-05 18:54:04.277  7386  7495 D ExtendedUtils: extended extractor not needed, return default
03-05 18:54:04.278  7386  7495 I MediaCodec: (0xb86426f0) init name(audio/raw) isType(1) encoder(0)
03-05 18:54:04.280  7386  7386 W MediaPlayer: mediaplayer went away with unhandled events
03-05 18:54:04.282  7386  7526 I OMXClient: Using client-side OMX mux.
03-05 18:54:04.287  7386  7526 E OMXMaster: A component of name 'OMX.qcom.audio.decoder.aac' already exists, ignoring this one.
03-05 18:54:04.289  7386  7526 I MediaCodec: (0xb86426f0) Component Allocated (OMX.google.raw.decoder)
03-05 18:54:04.289  7386  7495 I MediaCodec: (0xb86426f0) configure surface(0x0) crypto(0x0) flags(0)
03-05 18:54:04.289  7386  7495 D MediaCodec: (0xb86426f0) configure format: AMessage(what = 0x00000000) = {
03-05 18:54:04.289  7386  7495 D MediaCodec:    string mime = "audio/raw"
03-05 18:54:04.289  7386  7495 D MediaCodec:    int64_t durationUs = 1019125
03-05 18:54:04.289  7386  7495 D MediaCodec:    int32_t channel-count = 1
03-05 18:54:04.289  7386  7495 D MediaCodec:    int32_t sample-rate = 8000
03-05 18:54:04.289  7386  7495 D MediaCodec:    int32_t channel-mask = 0
03-05 18:54:04.289  7386  7495 D MediaCodec:  }
03-05 18:54:04.290  7386  7495 I MediaCodec: (0xb86426f0) start
03-05 18:54:04.291  7386  7526 I MediaCodec: (0xb86426f0) input buffers allocated
03-05 18:54:04.291  7386  7526 I MediaCodec: (0xb86426f0) numBuffers (4)
03-05 18:54:04.291  7386  7526 I MediaCodec: (0xb86426f0) output buffers allocated
03-05 18:54:04.291  7386  7526 I MediaCodec: (0xb86426f0) numBuffers (4)
03-05 18:54:04.292  7386  7526 I MediaCodec: (0xb86426f0) codec output format changed
03-05 18:54:04.292  7386  7526 D MediaCodec: (0xb86426f0) output format: AMessage(what = 'codc', target = 6) = {
03-05 18:54:04.292  7386  7526 D MediaCodec:    string mime = "audio/raw"
03-05 18:54:04.292  7386  7526 D MediaCodec:    int32_t channel-count = 1
03-05 18:54:04.292  7386  7526 D MediaCodec:    int32_t sample-rate = 8000
03-05 18:54:04.292  7386  7526 D MediaCodec:    int32_t channel-mask = 0
03-05 18:54:04.292  7386  7526 D MediaCodec:    int32_t what = 1869968451
03-05 18:54:04.292  7386  7526 D MediaCodec:  }
03-05 18:54:04.293  7386  7495 I MediaCodec: (0xb86426f0) stop
03-05 18:54:04.294  7386  7495 I MediaCodec: (0xb86426f0) release
03-05 18:54:04.299  7386  7497 W AudioTrack: AUDIO_OUTPUT_FLAG_FAST denied by client; transfer 4, track 8000 Hz, output 48000 Hz
03-05 18:54:04.329  7386  7386 D MediaPlayer: setSubtitleAnchor in MediaPlayer
03-05 18:54:04.329  7386  7497 D MediaPlayer: setSubtitleAnchor in MediaPlayer
03-05 18:54:04.352  7386  7495 D ExtendedUtils: extended extractor not needed, return default
03-05 18:54:04.352  7386  7495 I MediaCodec: (0xb86429e8) init name(audio/raw) isType(1) encoder(0)
03-05 18:54:04.356  7386  7533 I OMXClient: Using client-side OMX mux.
03-05 18:54:04.361  7386  7533 E OMXMaster: A component of name 'OMX.qcom.audio.decoder.aac' already exists, ignoring this one.
03-05 18:54:04.364  7386  7533 I MediaCodec: (0xb86429e8) Component Allocated (OMX.google.raw.decoder)
03-05 18:54:04.364  7386  7495 I MediaCodec: (0xb86429e8) configure surface(0x0) crypto(0x0) flags(0)
03-05 18:54:04.364  7386  7495 D MediaCodec: (0xb86429e8) configure format: AMessage(what = 0x00000000) = {
03-05 18:54:04.364  7386  7495 D MediaCodec:    string mime = "audio/raw"
03-05 18:54:04.364  7386  7495 D MediaCodec:    int64_t durationUs = 1043650
03-05 18:54:04.364  7386  7495 D MediaCodec:    int32_t channel-count = 2
03-05 18:54:04.364  7386  7495 D MediaCodec:    int32_t sample-rate = 44100
03-05 18:54:04.364  7386  7495 D MediaCodec:    int32_t channel-mask = 0
03-05 18:54:04.364  7386  7495 D MediaCodec:  }
03-05 18:54:04.365  7386  7495 I MediaCodec: (0xb86429e8) start
03-05 18:54:04.365  7386  7533 I MediaCodec: (0xb86429e8) input buffers allocated
03-05 18:54:04.365  7386  7533 I MediaCodec: (0xb86429e8) numBuffers (4)
03-05 18:54:04.366  7386  7533 I MediaCodec: (0xb86429e8) output buffers allocated
03-05 18:54:04.366  7386  7533 I MediaCodec: (0xb86429e8) numBuffers (4)
03-05 18:54:04.367  7386  7533 I MediaCodec: (0xb86429e8) codec output format changed
03-05 18:54:04.367  7386  7533 D MediaCodec: (0xb86429e8) output format: AMessage(what = 'codc', target = 10) = {
03-05 18:54:04.367  7386  7533 D MediaCodec:    string mime = "audio/raw"
03-05 18:54:04.367  7386  7533 D MediaCodec:    int32_t channel-count = 2
03-05 18:54:04.367  7386  7533 D MediaCodec:    int32_t sample-rate = 44100
03-05 18:54:04.367  7386  7533 D MediaCodec:    int32_t channel-mask = 0
03-05 18:54:04.367  7386  7533 D MediaCodec:    int32_t what = 1869968451
03-05 18:54:04.367  7386  7533 D MediaCodec:  }
03-05 18:54:04.372  7386  7495 I MediaCodec: (0xb86429e8) stop
03-05 18:54:04.373  7386  7495 I MediaCodec: (0xb86429e8) release
03-05 18:54:04.418  7386  7514 V PeerDiscovery: new remote peer discovered: 192.168.49.134
03-05 18:54:04.418  7386  7514 D Robocol : RobocolDatagramSocket connected to /192.168.49.134:20884
03-05 18:54:04.419  7386  7514 V NetworkConnectionHandler: starting sending loop
03-05 18:54:04.419  7386  7514 V Robocol : SendOnceRunnable created
03-05 18:54:04.419  7386  7514 V RobotCore: Network: active, connected
03-05 18:54:04.459  7386  7536 V Robocol : sending CMD_REQUEST_USER_SENSOR_LIST_RESP(10), attempt: 0
03-05 18:54:04.463  7386  7514 V Robocol : received command: CMD_REQUEST_OP_MODE_LIST(10001) 
03-05 18:54:04.480  7386  7514 V Robocol : received command: CMD_REQUEST_ACTIVE_CONFIGURATION(10002) 
03-05 18:54:04.497  7386  7514 V Robocol : received command: CMD_REQUEST_USER_SENSOR_LIST_RESP(10) [{"description":"a MR compass sensor","flavor":"I2C","name":"MR Compass Sensor","xmlTag":"ModernRoboticsI2cCompassSensor"},{"description":"an Adafruit IMU","flavor":"I2C","name":"Adafruit IMU","xmlTag":"AdafruitBNO055IMU"},{"description":"a MR range sensor","flavor":"I2C","name":"MR Range Sensor","xmlTag":"ModernRoboticsI2cRangeSensor"}]
03-05 18:54:04.499  7386  7536 V Robocol : sending CMD_REQUEST_OP_MODE_LIST_RESP(16), attempt: 0
03-05 18:54:04.500  7386  7536 V Robocol : sending CMD_REQUEST_USER_SENSOR_LIST_RESP(17), attempt: 0
03-05 18:54:04.500  7386  7536 V Robocol : sending CMD_REQUEST_ACTIVE_CONFIGURATION_RESP(22), attempt: 0
03-05 18:54:04.537  7386  7514 V Robocol : received command: CMD_REQUEST_OP_MODE_LIST_RESP(16) [{"flavor":"AUTONOMOUS","group":"Test","name":"Shooter"},{"flavor":"AUTONOMOUS","group":"Competition","name":"BlueAlternateCenter"},{"flavor":"AUTONOMOUS","group":"Competition","name":"BlueAlternateCorner"},{"flavor":"AUTONOMOUS","group":"Competition","name":"BlueStandardCenter"},{"flavor":"AUTONOMOUS","group":"Competition","name":"BlueStandardCorner"},{"flavor":"TELEOP","group":"Competition","name":"FinalTeleOp"},{"flavor":"AUTONOMOUS","group":"Competition","name":"RedAlternateCenter"},{"flavor":"AUTONOMOUS","group":"Competition","name":"RedAlternateCorner"},{"flavor":"AUTONOMOUS","group":"Competition","name":"RedStandardCenter"},{"flavor":"AUTONOMOUS","group":"Competition","name":"RedStandardCorner"}]
03-05 18:54:04.537  7386  7514 V Robocol : received command: CMD_INIT_OP_MODE(10012) $Stop$Robot$
03-05 18:54:04.539  7386  7514 V Robocol : received command: CMD_REQUEST_USER_SENSOR_LIST_RESP(17) [{"description":"a MR compass sensor","flavor":"I2C","name":"MR Compass Sensor","xmlTag":"ModernRoboticsI2cCompassSensor"},{"description":"an Adafruit IMU","flavor":"I2C","name":"Adafruit IMU","xmlTag":"AdafruitBNO055IMU"},{"description":"a MR range sensor","flavor":"I2C","name":"MR Range Sensor","xmlTag":"ModernRoboticsI2cRangeSensor"}]
03-05 18:54:04.539  7386  7514 V Robocol : received command: CMD_REQUEST_ACTIVE_CONFIGURATION_RESP(22) {"isDirty":false,"location":"LOCAL_STORAGE","name":"FINAL_CONFIG_2017","resourceId":0}
03-05 18:54:04.767  7386  7522 I RobotCore: Attempting to switch to op mode $Stop$Robot$
03-05 18:54:04.779  7386  7536 V Robocol : sending CMD_INIT_OP_MODE_RESP(34), attempt: 0
03-05 18:54:04.817  7386  7514 V Robocol : received command: CMD_INIT_OP_MODE_RESP(34) $Stop$Robot$
03-05 18:54:05.024  7386  7522 I RobotCore: robot battery read duration: n=0, mean=0.000ms sd=-0.000ms
03-05 18:54:05.318  7386  7497 W AudioTrack: AUDIO_OUTPUT_FLAG_FAST denied by client; transfer 4, track 44100 Hz, output 48000 Hz
03-05 18:54:05.342  7386  7497 D MediaPlayer: setSubtitleAnchor in MediaPlayer
03-05 18:54:05.342  7386  7386 D MediaPlayer: setSubtitleAnchor in MediaPlayer
03-05 18:54:05.345  7386  7386 E MediaPlayer: invoke failed: wrong state 8
03-05 18:54:05.345  7386  7386 W MediaPlayer: mediaplayer went away with unhandled events
03-05 18:54:05.359  7386  7495 D ExtendedUtils: extended extractor not needed, return default
03-05 18:54:05.359  7386  7495 I MediaCodec: (0xb8645e50) init name(audio/raw) isType(1) encoder(0)
03-05 18:54:05.362  7386  7543 I OMXClient: Using client-side OMX mux.
03-05 18:54:05.365  7386  7543 E OMXMaster: A component of name 'OMX.qcom.audio.decoder.aac' already exists, ignoring this one.
03-05 18:54:05.368  7386  7543 I MediaCodec: (0xb8645e50) Component Allocated (OMX.google.raw.decoder)
03-05 18:54:05.368  7386  7495 I MediaCodec: (0xb8645e50) configure surface(0x0) crypto(0x0) flags(0)
03-05 18:54:05.368  7386  7495 D MediaCodec: (0xb8645e50) configure format: AMessage(what = 0x00000000) = {
03-05 18:54:05.368  7386  7495 D MediaCodec:    string mime = "audio/raw"
03-05 18:54:05.368  7386  7495 D MediaCodec:    int64_t durationUs = 485011
03-05 18:54:05.368  7386  7495 D MediaCodec:    int32_t channel-count = 2
03-05 18:54:05.368  7386  7495 D MediaCodec:    int32_t sample-rate = 44100
03-05 18:54:05.368  7386  7495 D MediaCodec:    int32_t channel-mask = 0
03-05 18:54:05.368  7386  7495 D MediaCodec:  }
03-05 18:54:05.369  7386  7495 I MediaCodec: (0xb8645e50) start
03-05 18:54:05.370  7386  7543 I MediaCodec: (0xb8645e50) input buffers allocated
03-05 18:54:05.370  7386  7543 I MediaCodec: (0xb8645e50) numBuffers (4)
03-05 18:54:05.370  7386  7543 I MediaCodec: (0xb8645e50) output buffers allocated
03-05 18:54:05.370  7386  7543 I MediaCodec: (0xb8645e50) numBuffers (4)
03-05 18:54:05.371  7386  7543 I MediaCodec: (0xb8645e50) codec output format changed
03-05 18:54:05.371  7386  7543 D MediaCodec: (0xb8645e50) output format: AMessage(what = 'codc', target = 14) = {
03-05 18:54:05.371  7386  7543 D MediaCodec:    string mime = "audio/raw"
03-05 18:54:05.371  7386  7543 D MediaCodec:    int32_t channel-count = 2
03-05 18:54:05.371  7386  7543 D MediaCodec:    int32_t sample-rate = 44100
03-05 18:54:05.371  7386  7543 D MediaCodec:    int32_t channel-mask = 0
03-05 18:54:05.371  7386  7543 D MediaCodec:    int32_t what = 1869968451
03-05 18:54:05.371  7386  7543 D MediaCodec:  }
03-05 18:54:05.375  7386  7495 I MediaCodec: (0xb8645e50) stop
03-05 18:54:05.375  7386  7495 I MediaCodec: (0xb8645e50) release
03-05 18:54:06.362  7386  7497 W AudioTrack: AUDIO_OUTPUT_FLAG_FAST denied by client; transfer 4, track 44100 Hz, output 48000 Hz
03-05 18:54:35.811  7386  7386 V RCActivity: onPause()
03-05 18:54:35.991  7386  7386 V RCActivity: onStop()
03-05 18:54:35.991  7386  7386 V RobotCore: executive service robot setup is terminated
03-05 18:54:35.991  7386  7386 V Robocol : EventLoopManager.shutdown()
03-05 18:54:35.991  7386  7386 V RobotCore: waiting for service EventLoop
03-05 18:54:35.991  7386  7522 V RobotCore: EventLoopRunnable interrupted
03-05 18:54:35.991  7386  7522 V RobotCore: EventLoopManager state is STOPPED
03-05 18:54:35.991  7386  7522 V RobotCore: Robot Status: stopped
03-05 18:54:35.992  7386  7522 I FIRST   : ======= TEARDOWN =======
03-05 18:54:35.992  7386  7522 D RobotCore: disarming modern motor controller Modern Robotics USB DC Motor Controller [A104OQ1P]...
03-05 18:54:35.997  7386  7518 V RobotCore: thread: ...terminating 'r/w loop: Modern Robotics USB DC Motor Controller [A104OQ1P]'
03-05 18:54:35.997  7386  7522 V RobotCore: waiting for service ReadWriteRunnable for Modern Robotics USB Device
03-05 18:54:35.997  7386  7522 V RobotCore: awaitTermination returned, isTerminated=true
03-05 18:54:35.997  7386  7522 V RobotCore: executive service ReadWriteRunnable for Modern Robotics USB Device is terminated
03-05 18:54:35.997  7386  7522 D RobotCore: ...disarming modern motor controller Modern Robotics USB DC Motor Controller [A104OQ1P] complete
03-05 18:54:35.998  7386  7522 D RobotCore: disarming modern motor controller Modern Robotics USB DC Motor Controller [AI049QOP]...
03-05 18:54:36.006  7386  7520 V RobotCore: thread: ...terminating 'r/w loop: Modern Robotics USB DC Motor Controller [AI049QOP]'
03-05 18:54:36.009  7386  7522 V RobotCore: executive service ReadWriteRunnable for Modern Robotics USB Device is terminated
03-05 18:54:36.009  7386  7522 D RobotCore: ...disarming modern motor controller Modern Robotics USB DC Motor Controller [AI049QOP] complete
03-05 18:54:36.009  7386  7522 D RobotCore: disarming modern motor controller Modern Robotics USB DC Motor Controller [AL00VWH0]...
03-05 18:54:36.014  7386  7522 V RobotCore: waiting for service ReadWriteRunnable for Modern Robotics USB Device
03-05 18:54:36.014  7386  7519 V RobotCore: thread: ...terminating 'r/w loop: Modern Robotics USB DC Motor Controller [AL00VWH0]'
03-05 18:54:36.014  7386  7522 V RobotCore: awaitTermination returned, isTerminated=true
03-05 18:54:36.014  7386  7522 V RobotCore: executive service ReadWriteRunnable for Modern Robotics USB Device is terminated
03-05 18:54:36.014  7386  7522 D RobotCore: ...disarming modern motor controller Modern Robotics USB DC Motor Controller [AL00VWH0] complete
03-05 18:54:36.015  7386  7522 D RobotCore: disarming modern motor controller Modern Robotics USB DC Motor Controller [AL00VBIF]...
03-05 18:54:36.015  7386  7521 V RobotCore: thread: ...terminating 'r/w loop: Modern Robotics USB DC Motor Controller [AL00VBIF]'
03-05 18:54:36.015  7386  7522 V RobotCore: waiting for service ReadWriteRunnable for Modern Robotics USB Device
03-05 18:54:36.015  7386  7522 V RobotCore: awaitTermination returned, isTerminated=true
03-05 18:54:36.015  7386  7522 V RobotCore: executive service ReadWriteRunnable for Modern Robotics USB Device is terminated
03-05 18:54:36.015  7386  7522 D RobotCore: ...disarming modern motor controller Modern Robotics USB DC Motor Controller [AL00VBIF] complete
03-05 18:54:36.015  7386  7522 D RobotCore: disarming modern servo controller "Modern Robotics USB Servo Controller [AL00VST0]"...
03-05 18:54:36.016  7386  7514 D RobotCore: system telemetry: key=$System$Warning$ msg="unable to open Modern Robotics USB Core Device Interface Module [AI02RHDJ]; unable to open Modern Robotics USB Servo Controller [AL00VST0]"
03-05 18:54:36.020  7386  7515 V RobotCore: thread: ...terminating 'r/w loop: Modern Robotics USB Servo Controller [AL00VST0]'
03-05 18:54:36.020  7386  7522 V RobotCore: waiting for service ReadWriteRunnable for Modern Robotics USB Device
03-05 18:54:36.020  7386  7522 V RobotCore: awaitTermination returned, isTerminated=true
03-05 18:54:36.020  7386  7522 V RobotCore: executive service ReadWriteRunnable for Modern Robotics USB Device is terminated
03-05 18:54:36.020  7386  7522 D RobotCore: ...disarming modern servo controller Modern Robotics USB Servo Controller [AL00VST0] complete
03-05 18:54:36.036  7386  7517 V RobotCore: thread: ...terminating 'r/w loop: Modern Robotics USB Core Device Interface Module [AI02RHDJ]'
03-05 18:54:36.036  7386  7522 V RobotCore: waiting for service ReadWriteRunnable for Modern Robotics USB Device
03-05 18:54:36.036  7386  7522 V RobotCore: awaitTermination returned, isTerminated=true
03-05 18:54:36.036  7386  7522 V RobotCore: executive service ReadWriteRunnable for Modern Robotics USB Device is terminated
03-05 18:54:36.037  7386  7522 I FIRST   : ======= TEARDOWN COMPLETE =======
03-05 18:54:36.037  7386  7522 V RobotCore: thread: ...terminating 'opmode loop()'
03-05 18:54:36.037  7386  7386 V RobotCore: awaitTermination returned, isTerminated=true
03-05 18:54:36.037  7386  7386 V RobotCore: executive service EventLoop is terminated
03-05 18:54:36.037  7386  7386 V RobotCore: EventLoopManager state is STOPPED
03-05 18:54:36.136  7386  7514 D RobotCore: system telemetry: key=$System$None$ msg=""
--------- beginning of crash
03-04 16:48:34.962  8650  8650 E AndroidRuntime: FATAL EXCEPTION: main
03-04 16:48:34.962  8650  8650 E AndroidRuntime: Process: com.qualcomm.ftcrobotcontroller, PID: 8650
03-04 16:48:34.962  8650  8650 E AndroidRuntime: java.lang.RuntimeException: Unable to stop activity {com.qualcomm.ftcrobotcontroller/org.firstinspires.ftc.robotcontroller.internal.FtcRobotControllerActivity}: java.lang.NullPointerException: Attempt to invoke virtual method 'void com.qualcomm.ftccommon.FtcRobotControllerService.shutdownRobot()' on a null object reference
03-04 16:48:34.962  8650  8650 E AndroidRuntime: 	at android.app.ActivityThread.handleSleeping(ActivityThread.java:3645)
03-04 16:48:34.962  8650  8650 E AndroidRuntime: 	at android.app.ActivityThread.-wrap19(ActivityThread.java)
03-04 16:48:34.962  8650  8650 E AndroidRuntime: 	at android.app.ActivityThread$H.handleMessage(ActivityThread.java:1529)
03-04 16:48:34.962  8650  8650 E AndroidRuntime: 	at android.os.Handler.dispatchMessage(Handler.java:102)
03-04 16:48:34.962  8650  8650 E AndroidRuntime: 	at android.os.Looper.loop(Looper.java:148)
03-04 16:48:34.962  8650  8650 E AndroidRuntime: 	at android.app.ActivityThread.main(ActivityThread.java:5456)
03-04 16:48:34.962  8650  8650 E AndroidRuntime: 	at java.lang.reflect.Method.invoke(Native Method)
03-04 16:48:34.962  8650  8650 E AndroidRuntime: 	at com.android.internal.os.ZygoteInit$MethodAndArgsCaller.run(ZygoteInit.java:728)
03-04 16:48:34.962  8650  8650 E AndroidRuntime: 	at com.android.internal.os.ZygoteInit.main(ZygoteInit.java:618)
03-04 16:48:34.962  8650  8650 E AndroidRuntime: Caused by: java.lang.NullPointerException: Attempt to invoke virtual method 'void com.qualcomm.ftccommon.FtcRobotControllerService.shutdownRobot()' on a null object reference
03-04 16:48:34.962  8650  8650 E AndroidRuntime: 	at org.firstinspires.ftc.robotcontroller.internal.FtcRobotControllerActivity.onStop(FtcRobotControllerActivity.java:318)
03-04 16:48:34.962  8650  8650 E AndroidRuntime: 	at android.app.Instrumentation.callActivityOnStop(Instrumentation.java:1301)
03-04 16:48:34.962  8650  8650 E AndroidRuntime: 	at android.app.Activity.performStop(Activity.java:6403)
03-04 16:48:34.962  8650  8650 E AndroidRuntime: 	at android.app.ActivityThread.handleSleeping(ActivityThread.java:3642)
03-04 16:48:34.962  8650  8650 E AndroidRuntime: 	... 8 more
--------- beginning of system
03-04 16:52:01.281  9006  9006 E ActivityThread: Activity org.firstinspires.ftc.robotcontroller.internal.FtcRobotControllerActivity has leaked IntentReceiver com.qualcomm.analytics.Analytics@910301b that was originally registered here. Are you missing a call to unregisterReceiver()?
03-04 16:52:01.281  9006  9006 E ActivityThread: android.app.IntentReceiverLeaked: Activity org.firstinspires.ftc.robotcontroller.internal.FtcRobotControllerActivity has leaked IntentReceiver com.qualcomm.analytics.Analytics@910301b that was originally registered here. Are you missing a call to unregisterReceiver()?
03-04 16:52:01.281  9006  9006 E ActivityThread: 	at android.app.LoadedApk$ReceiverDispatcher.<init>(LoadedApk.java:918)
03-04 16:52:01.281  9006  9006 E ActivityThread: 	at android.app.LoadedApk.getReceiverDispatcher(LoadedApk.java:719)
03-04 16:52:01.281  9006  9006 E ActivityThread: 	at android.app.ContextImpl.registerReceiverInternal(ContextImpl.java:1172)
03-04 16:52:01.281  9006  9006 E ActivityThread: 	at android.app.ContextImpl.registerReceiver(ContextImpl.java:1152)
03-04 16:52:01.281  9006  9006 E ActivityThread: 	at android.app.ContextImpl.registerReceiver(ContextImpl.java:1146)
03-04 16:52:01.281  9006  9006 E ActivityThread: 	at android.content.ContextWrapper.registerReceiver(ContextWrapper.java:554)
03-04 16:52:01.281  9006  9006 E ActivityThread: 	at com.qualcomm.analytics.Analytics.register(SourceFile:209)
03-04 16:52:01.281  9006  9006 E ActivityThread: 	at com.qualcomm.analytics.Analytics.<init>(SourceFile:235)
03-04 16:52:01.281  9006  9006 E ActivityThread: 	at com.qualcomm.modernrobotics.ModernRoboticsUsbUtil.init(SourceFile:85)
03-04 16:52:01.281  9006  9006 E ActivityThread: 	at com.qualcomm.ftccommon.FtcEventLoop.init(FtcEventLoop.java:191)
03-04 16:52:01.281  9006  9006 E ActivityThread: 	at com.qualcomm.robotcore.eventloop.EventLoopManager.startEventLoop(EventLoopManager.java:571)
03-04 16:52:01.281  9006  9006 E ActivityThread: 	at com.qualcomm.robotcore.eventloop.EventLoopManager.setEventLoop(EventLoopManager.java:545)
03-04 16:52:01.281  9006  9006 E ActivityThread: 	at com.qualcomm.robotcore.eventloop.EventLoopManager.start(EventLoopManager.java:489)
03-04 16:52:01.281  9006  9006 E ActivityThread: 	at com.qualcomm.robotcore.robot.Robot.start(Robot.java:59)
03-04 16:52:01.281  9006  9006 E ActivityThread: 	at com.qualcomm.ftccommon.FtcRobotControllerService$RobotSetupRunnable$1.run(FtcRobotControllerService.java:186)
03-04 16:52:01.281  9006  9006 E ActivityThread: 	at com.qualcomm.robotcore.util.ThreadPool.logThreadLifeCycle(ThreadPool.java:513)
03-04 16:52:01.281  9006  9006 E ActivityThread: 	at com.qualcomm.ftccommon.FtcRobotControllerService$RobotSetupRunnable.run(FtcRobotControllerService.java:128)
03-04 16:52:01.281  9006  9006 E ActivityThread: 	at java.util.concurrent.ThreadPoolExecutor.runWorker(ThreadPoolExecutor.java:1113)
03-04 16:52:01.281  9006  9006 E ActivityThread: 	at java.util.concurrent.ThreadPoolExecutor$Worker.run(ThreadPoolExecutor.java:588)
03-04 16:52:01.281  9006  9006 E ActivityThread: 	at java.lang.Thread.run(Thread.java:818)
03-04 16:52:01.316  9006  9006 E ActivityThread: Service com.qualcomm.ftccommon.FtcRobotControllerService has leaked IntentReceiver com.qualcomm.robotcore.wifi.WifiDirectAssistant$WifiP2pBroadcastReceiver@3fa2f1c that was originally registered here. Are you missing a call to unregisterReceiver()?
03-04 16:52:01.316  9006  9006 E ActivityThread: android.app.IntentReceiverLeaked: Service com.qualcomm.ftccommon.FtcRobotControllerService has leaked IntentReceiver com.qualcomm.robotcore.wifi.WifiDirectAssistant$WifiP2pBroadcastReceiver@3fa2f1c that was originally registered here. Are you missing a call to unregisterReceiver()?
03-04 16:52:01.316  9006  9006 E ActivityThread: 	at android.app.LoadedApk$ReceiverDispatcher.<init>(LoadedApk.java:918)
03-04 16:52:01.316  9006  9006 E ActivityThread: 	at android.app.LoadedApk.getReceiverDispatcher(LoadedApk.java:719)
03-04 16:52:01.316  9006  9006 E ActivityThread: 	at android.app.ContextImpl.registerReceiverInternal(ContextImpl.java:1172)
03-04 16:52:01.316  9006  9006 E ActivityThread: 	at android.app.ContextImpl.registerReceiver(ContextImpl.java:1152)
03-04 16:52:01.316  9006  9006 E ActivityThread: 	at android.app.ContextImpl.registerReceiver(ContextImpl.java:1146)
03-04 16:52:01.316  9006  9006 E ActivityThread: 	at com.qualcomm.robotcore.wifi.WifiDirectAssistant.enable(WifiDirectAssistant.java:284)
03-04 16:52:01.316  9006  9006 E ActivityThread: 	at com.qualcomm.ftccommon.FtcRobotControllerService.onBind(FtcRobotControllerService.java:234)
03-04 16:52:01.316  9006  9006 E ActivityThread: 	at android.app.ActivityThread.handleBindService(ActivityThread.java:2922)
03-04 16:52:01.316  9006  9006 E ActivityThread: 	at android.app.ActivityThread.-wrap2(ActivityThread.java)
03-04 16:52:01.316  9006  9006 E ActivityThread: 	at android.app.ActivityThread$H.handleMessage(ActivityThread.java:1442)
03-04 16:52:01.316  9006  9006 E ActivityThread: 	at android.os.Handler.dispatchMessage(Handler.java:102)
03-04 16:52:01.316  9006  9006 E ActivityThread: 	at android.os.Looper.loop(Looper.java:148)
03-04 16:52:01.316  9006  9006 E ActivityThread: 	at android.app.ActivityThread.main(ActivityThread.java:5456)
03-04 16:52:01.316  9006  9006 E ActivityThread: 	at java.lang.reflect.Method.invoke(Native Method)
03-04 16:52:01.316  9006  9006 E ActivityThread: 	at com.android.internal.os.ZygoteInit$MethodAndArgsCaller.run(ZygoteInit.java:728)
03-04 16:52:01.316  9006  9006 E ActivityThread: 	at com.android.internal.os.ZygoteInit.main(ZygoteInit.java:618)
03-04 18:30:19.358 11539 11539 E AndroidRuntime: FATAL EXCEPTION: main
03-04 18:30:19.358 11539 11539 E AndroidRuntime: Process: com.qualcomm.ftcrobotcontroller, PID: 11539
03-04 18:30:19.358 11539 11539 E AndroidRuntime: java.lang.RuntimeException: Unable to stop activity {com.qualcomm.ftcrobotcontroller/org.firstinspires.ftc.robotcontroller.internal.FtcRobotControllerActivity}: java.lang.NullPointerException: Attempt to invoke virtual method 'void com.qualcomm.ftccommon.FtcRobotControllerService.shutdownRobot()' on a null object reference
03-04 18:30:19.358 11539 11539 E AndroidRuntime: 	at android.app.ActivityThread.handleSleeping(ActivityThread.java:3645)
03-04 18:30:19.358 11539 11539 E AndroidRuntime: 	at android.app.ActivityThread.-wrap19(ActivityThread.java)
03-04 18:30:19.358 11539 11539 E AndroidRuntime: 	at android.app.ActivityThread$H.handleMessage(ActivityThread.java:1529)
03-04 18:30:19.358 11539 11539 E AndroidRuntime: 	at android.os.Handler.dispatchMessage(Handler.java:102)
03-04 18:30:19.358 11539 11539 E AndroidRuntime: 	at android.os.Looper.loop(Looper.java:148)
03-04 18:30:19.358 11539 11539 E AndroidRuntime: 	at android.app.ActivityThread.main(ActivityThread.java:5456)
03-04 18:30:19.358 11539 11539 E AndroidRuntime: 	at java.lang.reflect.Method.invoke(Native Method)
03-04 18:30:19.358 11539 11539 E AndroidRuntime: 	at com.android.internal.os.ZygoteInit$MethodAndArgsCaller.run(ZygoteInit.java:728)
03-04 18:30:19.358 11539 11539 E AndroidRuntime: 	at com.android.internal.os.ZygoteInit.main(ZygoteInit.java:618)
03-04 18:30:19.358 11539 11539 E AndroidRuntime: Caused by: java.lang.NullPointerException: Attempt to invoke virtual method 'void com.qualcomm.ftccommon.FtcRobotControllerService.shutdownRobot()' on a null object reference
03-04 18:30:19.358 11539 11539 E AndroidRuntime: 	at org.firstinspires.ftc.robotcontroller.internal.FtcRobotControllerActivity.onStop(FtcRobotControllerActivity.java:318)
03-04 18:30:19.358 11539 11539 E AndroidRuntime: 	at android.app.Instrumentation.callActivityOnStop(Instrumentation.java:1301)
03-04 18:30:19.358 11539 11539 E AndroidRuntime: 	at android.app.Activity.performStop(Activity.java:6403)
03-04 18:30:19.358 11539 11539 E AndroidRuntime: 	at android.app.ActivityThread.handleSleeping(ActivityThread.java:3642)
03-04 18:30:19.358 11539 11539 E AndroidRuntime: 	... 8 more
03-04 18:38:19.009 12389 12389 E ActivityThread: Activity org.firstinspires.ftc.robotcontroller.internal.FtcRobotControllerActivity has leaked IntentReceiver com.qualcomm.analytics.Analytics@6feaa71 that was originally registered here. Are you missing a call to unregisterReceiver()?
03-04 18:38:19.009 12389 12389 E ActivityThread: android.app.IntentReceiverLeaked: Activity org.firstinspires.ftc.robotcontroller.internal.FtcRobotControllerActivity has leaked IntentReceiver com.qualcomm.analytics.Analytics@6feaa71 that was originally registered here. Are you missing a call to unregisterReceiver()?
03-04 18:38:19.009 12389 12389 E ActivityThread: 	at android.app.LoadedApk$ReceiverDispatcher.<init>(LoadedApk.java:918)
03-04 18:38:19.009 12389 12389 E ActivityThread: 	at android.app.LoadedApk.getReceiverDispatcher(LoadedApk.java:719)
03-04 18:38:19.009 12389 12389 E ActivityThread: 	at android.app.ContextImpl.registerReceiverInternal(ContextImpl.java:1172)
03-04 18:38:19.009 12389 12389 E ActivityThread: 	at android.app.ContextImpl.registerReceiver(ContextImpl.java:1152)
03-04 18:38:19.009 12389 12389 E ActivityThread: 	at android.app.ContextImpl.registerReceiver(ContextImpl.java:1146)
03-04 18:38:19.009 12389 12389 E ActivityThread: 	at android.content.ContextWrapper.registerReceiver(ContextWrapper.java:554)
03-04 18:38:19.009 12389 12389 E ActivityThread: 	at com.qualcomm.analytics.Analytics.register(SourceFile:209)
03-04 18:38:19.009 12389 12389 E ActivityThread: 	at com.qualcomm.analytics.Analytics.<init>(SourceFile:235)
03-04 18:38:19.009 12389 12389 E ActivityThread: 	at com.qualcomm.modernrobotics.ModernRoboticsUsbUtil.init(SourceFile:85)
03-04 18:38:19.009 12389 12389 E ActivityThread: 	at com.qualcomm.ftccommon.FtcEventLoop.init(FtcEventLoop.java:191)
03-04 18:38:19.009 12389 12389 E ActivityThread: 	at com.qualcomm.robotcore.eventloop.EventLoopManager.startEventLoop(EventLoopManager.java:571)
03-04 18:38:19.009 12389 12389 E ActivityThread: 	at com.qualcomm.robotcore.eventloop.EventLoopManager.setEventLoop(EventLoopManager.java:545)
03-04 18:38:19.009 12389 12389 E ActivityThread: 	at com.qualcomm.robotcore.eventloop.EventLoopManager.start(EventLoopManager.java:489)
03-04 18:38:19.009 12389 12389 E ActivityThread: 	at com.qualcomm.robotcore.robot.Robot.start(Robot.java:59)
03-04 18:38:19.009 12389 12389 E ActivityThread: 	at com.qualcomm.ftccommon.FtcRobotControllerService$RobotSetupRunnable$1.run(FtcRobotControllerService.java:186)
03-04 18:38:19.009 12389 12389 E ActivityThread: 	at com.qualcomm.robotcore.util.ThreadPool.logThreadLifeCycle(ThreadPool.java:513)
03-04 18:38:19.009 12389 12389 E ActivityThread: 	at com.qualcomm.ftccommon.FtcRobotControllerService$RobotSetupRunnable.run(FtcRobotControllerService.java:128)
03-04 18:38:19.009 12389 12389 E ActivityThread: 	at java.util.concurrent.ThreadPoolExecutor.runWorker(ThreadPoolExecutor.java:1113)
03-04 18:38:19.009 12389 12389 E ActivityThread: 	at java.util.concurrent.ThreadPoolExecutor$Worker.run(ThreadPoolExecutor.java:588)
03-04 18:38:19.009 12389 12389 E ActivityThread: 	at java.lang.Thread.run(Thread.java:818)
03-04 18:38:19.062 12389 12389 E ActivityThread: Service com.qualcomm.ftccommon.FtcRobotControllerService has leaked IntentReceiver com.qualcomm.robotcore.wifi.WifiDirectAssistant$WifiP2pBroadcastReceiver@d8840fa that was originally registered here. Are you missing a call to unregisterReceiver()?
03-04 18:38:19.062 12389 12389 E ActivityThread: android.app.IntentReceiverLeaked: Service com.qualcomm.ftccommon.FtcRobotControllerService has leaked IntentReceiver com.qualcomm.robotcore.wifi.WifiDirectAssistant$WifiP2pBroadcastReceiver@d8840fa that was originally registered here. Are you missing a call to unregisterReceiver()?
03-04 18:38:19.062 12389 12389 E ActivityThread: 	at android.app.LoadedApk$ReceiverDispatcher.<init>(LoadedApk.java:918)
03-04 18:38:19.062 12389 12389 E ActivityThread: 	at android.app.LoadedApk.getReceiverDispatcher(LoadedApk.java:719)
03-04 18:38:19.062 12389 12389 E ActivityThread: 	at android.app.ContextImpl.registerReceiverInternal(ContextImpl.java:1172)
03-04 18:38:19.062 12389 12389 E ActivityThread: 	at android.app.ContextImpl.registerReceiver(ContextImpl.java:1152)
03-04 18:38:19.062 12389 12389 E ActivityThread: 	at android.app.ContextImpl.registerReceiver(ContextImpl.java:1146)
03-04 18:38:19.062 12389 12389 E ActivityThread: 	at com.qualcomm.robotcore.wifi.WifiDirectAssistant.enable(WifiDirectAssistant.java:284)
03-04 18:38:19.062 12389 12389 E ActivityThread: 	at com.qualcomm.ftccommon.FtcRobotControllerService.onBind(FtcRobotControllerService.java:234)
03-04 18:38:19.062 12389 12389 E ActivityThread: 	at android.app.ActivityThread.handleBindService(ActivityThread.java:2922)
03-04 18:38:19.062 12389 12389 E ActivityThread: 	at android.app.ActivityThread.-wrap2(ActivityThread.java)
03-04 18:38:19.062 12389 12389 E ActivityThread: 	at android.app.ActivityThread$H.handleMessage(ActivityThread.java:1442)
03-04 18:38:19.062 12389 12389 E ActivityThread: 	at android.os.Handler.dispatchMessage(Handler.java:102)
03-04 18:38:19.062 12389 12389 E ActivityThread: 	at android.os.Looper.loop(Looper.java:148)
03-04 18:38:19.062 12389 12389 E ActivityThread: 	at android.app.ActivityThread.main(ActivityThread.java:5456)
03-04 18:38:19.062 12389 12389 E ActivityThread: 	at java.lang.reflect.Method.invoke(Native Method)
03-04 18:38:19.062 12389 12389 E ActivityThread: 	at com.android.internal.os.ZygoteInit$MethodAndArgsCaller.run(ZygoteInit.java:728)
03-04 18:38:19.062 12389 12389 E ActivityThread: 	at com.android.internal.os.ZygoteInit.main(ZygoteInit.java:618)
03-04 19:15:04.026 14104 14104 E ActivityThread: Activity org.firstinspires.ftc.robotcontroller.internal.FtcRobotControllerActivity has leaked IntentReceiver com.qualcomm.analytics.Analytics@381b6f0 that was originally registered here. Are you missing a call to unregisterReceiver()?
03-04 19:15:04.026 14104 14104 E ActivityThread: android.app.IntentReceiverLeaked: Activity org.firstinspires.ftc.robotcontroller.internal.FtcRobotControllerActivity has leaked IntentReceiver com.qualcomm.analytics.Analytics@381b6f0 that was originally registered here. Are you missing a call to unregisterReceiver()?
03-04 19:15:04.026 14104 14104 E ActivityThread: 	at android.app.LoadedApk$ReceiverDispatcher.<init>(LoadedApk.java:918)
03-04 19:15:04.026 14104 14104 E ActivityThread: 	at android.app.LoadedApk.getReceiverDispatcher(LoadedApk.java:719)
03-04 19:15:04.026 14104 14104 E ActivityThread: 	at android.app.ContextImpl.registerReceiverInternal(ContextImpl.java:1172)
03-04 19:15:04.026 14104 14104 E ActivityThread: 	at android.app.ContextImpl.registerReceiver(ContextImpl.java:1152)
03-04 19:15:04.026 14104 14104 E ActivityThread: 	at android.app.ContextImpl.registerReceiver(ContextImpl.java:1146)
03-04 19:15:04.026 14104 14104 E ActivityThread: 	at android.content.ContextWrapper.registerReceiver(ContextWrapper.java:554)
03-04 19:15:04.026 14104 14104 E ActivityThread: 	at com.qualcomm.analytics.Analytics.register(SourceFile:209)
03-04 19:15:04.026 14104 14104 E ActivityThread: 	at com.qualcomm.analytics.Analytics.<init>(SourceFile:235)
03-04 19:15:04.026 14104 14104 E ActivityThread: 	at com.qualcomm.modernrobotics.ModernRoboticsUsbUtil.init(SourceFile:85)
03-04 19:15:04.026 14104 14104 E ActivityThread: 	at com.qualcomm.ftccommon.FtcEventLoop.init(FtcEventLoop.java:191)
03-04 19:15:04.026 14104 14104 E ActivityThread: 	at com.qualcomm.robotcore.eventloop.EventLoopManager.startEventLoop(EventLoopManager.java:571)
03-04 19:15:04.026 14104 14104 E ActivityThread: 	at com.qualcomm.robotcore.eventloop.EventLoopManager.setEventLoop(EventLoopManager.java:545)
03-04 19:15:04.026 14104 14104 E ActivityThread: 	at com.qualcomm.robotcore.eventloop.EventLoopManager.start(EventLoopManager.java:489)
03-04 19:15:04.026 14104 14104 E ActivityThread: 	at com.qualcomm.robotcore.robot.Robot.start(Robot.java:59)
03-04 19:15:04.026 14104 14104 E ActivityThread: 	at com.qualcomm.ftccommon.FtcRobotControllerService$RobotSetupRunnable$1.run(FtcRobotControllerService.java:186)
03-04 19:15:04.026 14104 14104 E ActivityThread: 	at com.qualcomm.robotcore.util.ThreadPool.logThreadLifeCycle(ThreadPool.java:513)
03-04 19:15:04.026 14104 14104 E ActivityThread: 	at com.qualcomm.ftccommon.FtcRobotControllerService$RobotSetupRunnable.run(FtcRobotControllerService.java:128)
03-04 19:15:04.026 14104 14104 E ActivityThread: 	at java.util.concurrent.ThreadPoolExecutor.runWorker(ThreadPoolExecutor.java:1113)
03-04 19:15:04.026 14104 14104 E ActivityThread: 	at java.util.concurrent.ThreadPoolExecutor$Worker.run(ThreadPoolExecutor.java:588)
03-04 19:15:04.026 14104 14104 E ActivityThread: 	at java.lang.Thread.run(Thread.java:818)
03-04 19:15:04.052 14104 14104 E ActivityThread: Service com.qualcomm.ftccommon.FtcRobotControllerService has leaked IntentReceiver com.qualcomm.robotcore.wifi.WifiDirectAssistant$WifiP2pBroadcastReceiver@788c725 that was originally registered here. Are you missing a call to unregisterReceiver()?
03-04 19:15:04.052 14104 14104 E ActivityThread: android.app.IntentReceiverLeaked: Service com.qualcomm.ftccommon.FtcRobotControllerService has leaked IntentReceiver com.qualcomm.robotcore.wifi.WifiDirectAssistant$WifiP2pBroadcastReceiver@788c725 that was originally registered here. Are you missing a call to unregisterReceiver()?
03-04 19:15:04.052 14104 14104 E ActivityThread: 	at android.app.LoadedApk$ReceiverDispatcher.<init>(LoadedApk.java:918)
03-04 19:15:04.052 14104 14104 E ActivityThread: 	at android.app.LoadedApk.getReceiverDispatcher(LoadedApk.java:719)
03-04 19:15:04.052 14104 14104 E ActivityThread: 	at android.app.ContextImpl.registerReceiverInternal(ContextImpl.java:1172)
03-04 19:15:04.052 14104 14104 E ActivityThread: 	at android.app.ContextImpl.registerReceiver(ContextImpl.java:1152)
03-04 19:15:04.052 14104 14104 E ActivityThread: 	at android.app.ContextImpl.registerReceiver(ContextImpl.java:1146)
03-04 19:15:04.052 14104 14104 E ActivityThread: 	at com.qualcomm.robotcore.wifi.WifiDirectAssistant.enable(WifiDirectAssistant.java:284)
03-04 19:15:04.052 14104 14104 E ActivityThread: 	at com.qualcomm.ftccommon.FtcRobotControllerService.onBind(FtcRobotControllerService.java:234)
03-04 19:15:04.052 14104 14104 E ActivityThread: 	at android.app.ActivityThread.handleBindService(ActivityThread.java:2922)
03-04 19:15:04.052 14104 14104 E ActivityThread: 	at android.app.ActivityThread.-wrap2(ActivityThread.java)
03-04 19:15:04.052 14104 14104 E ActivityThread: 	at android.app.ActivityThread$H.handleMessage(ActivityThread.java:1442)
03-04 19:15:04.052 14104 14104 E ActivityThread: 	at android.os.Handler.dispatchMessage(Handler.java:102)
03-04 19:15:04.052 14104 14104 E ActivityThread: 	at android.os.Looper.loop(Looper.java:148)
03-04 19:15:04.052 14104 14104 E ActivityThread: 	at android.app.ActivityThread.main(ActivityThread.java:5456)
03-04 19:15:04.052 14104 14104 E ActivityThread: 	at java.lang.reflect.Method.invoke(Native Method)
03-04 19:15:04.052 14104 14104 E ActivityThread: 	at com.android.internal.os.ZygoteInit$MethodAndArgsCaller.run(ZygoteInit.java:728)
03-04 19:15:04.052 14104 14104 E ActivityThread: 	at com.android.internal.os.ZygoteInit.main(ZygoteInit.java:618)
03-04 19:40:53.622 16247 16247 E ActivityThread: Activity org.firstinspires.ftc.robotcontroller.internal.FtcRobotControllerActivity has leaked IntentReceiver com.qualcomm.analytics.Analytics@5032333 that was originally registered here. Are you missing a call to unregisterReceiver()?
03-04 19:40:53.622 16247 16247 E ActivityThread: android.app.IntentReceiverLeaked: Activity org.firstinspires.ftc.robotcontroller.internal.FtcRobotControllerActivity has leaked IntentReceiver com.qualcomm.analytics.Analytics@5032333 that was originally registered here. Are you missing a call to unregisterReceiver()?
03-04 19:40:53.622 16247 16247 E ActivityThread: 	at android.app.LoadedApk$ReceiverDispatcher.<init>(LoadedApk.java:918)
03-04 19:40:53.622 16247 16247 E ActivityThread: 	at android.app.LoadedApk.getReceiverDispatcher(LoadedApk.java:719)
03-04 19:40:53.622 16247 16247 E ActivityThread: 	at android.app.ContextImpl.registerReceiverInternal(ContextImpl.java:1172)
03-04 19:40:53.622 16247 16247 E ActivityThread: 	at android.app.ContextImpl.registerReceiver(ContextImpl.java:1152)
03-04 19:40:53.622 16247 16247 E ActivityThread: 	at android.app.ContextImpl.registerReceiver(ContextImpl.java:1146)
03-04 19:40:53.622 16247 16247 E ActivityThread: 	at android.content.ContextWrapper.registerReceiver(ContextWrapper.java:554)
03-04 19:40:53.622 16247 16247 E ActivityThread: 	at com.qualcomm.analytics.Analytics.register(SourceFile:209)
03-04 19:40:53.622 16247 16247 E ActivityThread: 	at com.qualcomm.analytics.Analytics.<init>(SourceFile:235)
03-04 19:40:53.622 16247 16247 E ActivityThread: 	at com.qualcomm.modernrobotics.ModernRoboticsUsbUtil.init(SourceFile:85)
03-04 19:40:53.622 16247 16247 E ActivityThread: 	at com.qualcomm.ftccommon.FtcEventLoop.init(FtcEventLoop.java:191)
03-04 19:40:53.622 16247 16247 E ActivityThread: 	at com.qualcomm.robotcore.eventloop.EventLoopManager.startEventLoop(EventLoopManager.java:571)
03-04 19:40:53.622 16247 16247 E ActivityThread: 	at com.qualcomm.robotcore.eventloop.EventLoopManager.setEventLoop(EventLoopManager.java:545)
03-04 19:40:53.622 16247 16247 E ActivityThread: 	at com.qualcomm.robotcore.eventloop.EventLoopManager.start(EventLoopManager.java:489)
03-04 19:40:53.622 16247 16247 E ActivityThread: 	at com.qualcomm.robotcore.robot.Robot.start(Robot.java:59)
03-04 19:40:53.622 16247 16247 E ActivityThread: 	at com.qualcomm.ftccommon.FtcRobotControllerService$RobotSetupRunnable$1.run(FtcRobotControllerService.java:186)
03-04 19:40:53.622 16247 16247 E ActivityThread: 	at com.qualcomm.robotcore.util.ThreadPool.logThreadLifeCycle(ThreadPool.java:513)
03-04 19:40:53.622 16247 16247 E ActivityThread: 	at com.qualcomm.ftccommon.FtcRobotControllerService$RobotSetupRunnable.run(FtcRobotControllerService.java:128)
03-04 19:40:53.622 16247 16247 E ActivityThread: 	at java.util.concurrent.ThreadPoolExecutor.runWorker(ThreadPoolExecutor.java:1113)
03-04 19:40:53.622 16247 16247 E ActivityThread: 	at java.util.concurrent.ThreadPoolExecutor$Worker.run(ThreadPoolExecutor.java:588)
