01-08 13:29:17.165  8254  8344 V RobotCore: waiting for service ReadWriteRunnable for Modern Robotics USB Device
01-08 13:29:17.166  8254  8344 V RobotCore: awaitTermination returned, isTerminated=true
01-08 13:29:17.166  8254  8344 V RobotCore: executive service ReadWriteRunnable for Modern Robotics USB Device is terminated
01-08 13:29:17.166  8254  8344 D RobotCore: ...disarming modern motor controller Modern Robotics USB DC Motor Controller [AL00VBIF] complete
01-08 13:29:17.166  8254  8344 I FIRST   : ======= MODULE DETACH RECOVERY: pretend Modern Robotics USB DC Motor Controller [AL00VBIF]=======
01-08 13:29:17.166  8254  8344 D RobotCore: arming modern motor controller Modern Robotics USB DC Motor Controller [AL00VBIF] (pretend)...
01-08 13:29:17.166  8254  8344 V RobotCore: Starting up pretend device AL00VBIF
01-08 13:29:17.168  8254  8375 V RobotCore: thread: 'r/w loop: Modern Robotics USB DC Motor Controller [AL00VBIF]' starting...
01-08 13:29:17.168  8254  8344 D RobotCore: ...arming modern motor controller Modern Robotics USB DC Motor Controller [AL00VBIF] complete
01-08 13:29:17.168  8254  8344 I FIRST   : ======= MODULE DETACH RECOVERY: complete Modern Robotics USB DC Motor Controller [AL00VBIF]=======
01-08 13:29:17.168  8254  8344 I RobotCore: Attempting to switch to op mode $Stop$Robot$
01-08 13:29:17.193  8254  8310 V Robocol : sending CMD_INIT_OP_MODE_RESP(475), attempt: 0
01-08 13:29:17.204  8254  8308 V Robocol : received command: CMD_INIT_OP_MODE_RESP(475) $Stop$Robot$
01-08 13:29:17.204  8254  8308 V Robocol : received command: CMD_RUN_OP_MODE(10419) $Stop$Robot$
01-08 13:29:17.233  8254  8310 V Robocol : sending CMD_RUN_OP_MODE_RESP(480), attempt: 0
01-08 13:29:17.244  8254  8308 V Robocol : received command: CMD_RUN_OP_MODE_RESP(480) $Stop$Robot$
01-08 13:29:19.220  8254  8308 D Robocol : no packet received: SocketTimeoutException
01-08 13:29:20.954  8254  8310 V Robocol : issuing peerDisconnected(): lastRecvPacket=2.029 s
01-08 13:29:20.955  8254  8310 V RobotCore: Network: active, disconnected
01-08 13:29:20.955  8254  8310 I RobotCore: Lost connection while running op mode: $Stop$Robot$
01-08 13:29:20.986  8254  8314 D MediaPlayer: setSubtitleAnchor in MediaPlayer
01-08 13:29:20.987  8254  8254 D MediaPlayer: setSubtitleAnchor in MediaPlayer
01-08 13:29:21.007  8254  8312 D ExtendedUtils: extended extractor not needed, return default
01-08 13:29:21.009  8254  8312 I MediaCodec: (0xb762d2f8) init name(audio/raw) isType(1) encoder(0)
01-08 13:29:21.010  8254  8380 I OMXClient: Using client-side OMX mux.
01-08 13:29:21.015  8254  8380 E OMXMaster: A component of name 'OMX.qcom.audio.decoder.aac' already exists, ignoring this one.
01-08 13:29:21.018  8254  8380 I MediaCodec: (0xb762d2f8) Component Allocated (OMX.google.raw.decoder)
01-08 13:29:21.018  8254  8312 I MediaCodec: (0xb762d2f8) configure surface(0x0) crypto(0x0) flags(0)
01-08 13:29:21.018  8254  8312 D MediaCodec: (0xb762d2f8) configure format: AMessage(what = 0x00000000) = {
01-08 13:29:21.018  8254  8312 D MediaCodec:    string mime = "audio/raw"
01-08 13:29:21.018  8254  8312 D MediaCodec:    int64_t durationUs = 516598
01-08 13:29:21.018  8254  8312 D MediaCodec:    int32_t channel-count = 2
01-08 13:29:21.018  8254  8312 D MediaCodec:    int32_t sample-rate = 44100
01-08 13:29:21.018  8254  8312 D MediaCodec:    int32_t channel-mask = 0
01-08 13:29:21.018  8254  8312 D MediaCodec:  }
01-08 13:29:21.019  8254  8312 I MediaCodec: (0xb762d2f8) start
01-08 13:29:21.019  8254  8380 I MediaCodec: (0xb762d2f8) input buffers allocated
01-08 13:29:21.019  8254  8380 I MediaCodec: (0xb762d2f8) numBuffers (4)
01-08 13:29:21.019  8254  8380 I MediaCodec: (0xb762d2f8) output buffers allocated
01-08 13:29:21.019  8254  8380 I MediaCodec: (0xb762d2f8) numBuffers (4)
01-08 13:29:21.021  8254  8380 I MediaCodec: (0xb762d2f8) codec output format changed
01-08 13:29:21.021  8254  8380 D MediaCodec: (0xb762d2f8) output format: AMessage(what = 'codc', target = 14) = {
01-08 13:29:21.021  8254  8380 D MediaCodec:    string mime = "audio/raw"
01-08 13:29:21.021  8254  8380 D MediaCodec:    int32_t channel-count = 2
01-08 13:29:21.021  8254  8380 D MediaCodec:    int32_t sample-rate = 44100
01-08 13:29:21.021  8254  8380 D MediaCodec:    int32_t channel-mask = 0
01-08 13:29:21.021  8254  8380 D MediaCodec:    int32_t what = 1869968451
01-08 13:29:21.021  8254  8380 D MediaCodec:  }
01-08 13:29:21.025  8254  8312 I MediaCodec: (0xb762d2f8) stop
01-08 13:29:21.026  8254  8312 I MediaCodec: (0xb762d2f8) release
01-08 13:29:21.032  8254  8314 W AudioTrack: AUDIO_OUTPUT_FLAG_FAST denied by client; transfer 4, track 44100 Hz, output 48000 Hz
01-08 13:29:21.457  8254  8344 I RobotCore: Attempting to switch to op mode $Stop$Robot$
01-08 13:29:26.302  8254  8254 V RCActivity: onPause()
01-08 13:29:26.310  8254  8254 V RCActivity: onStop()
01-08 13:29:26.310  8254  8254 V RobotCore: executive service robot setup is terminated
01-08 13:29:26.310  8254  8254 V Robocol : EventLoopManager.shutdown()
01-08 13:29:26.310  8254  8344 V RobotCore: EventLoopRunnable interrupted
01-08 13:29:26.310  8254  8344 V RobotCore: EventLoopManager state is STOPPED
01-08 13:29:26.310  8254  8344 V RobotCore: Robot Status: stopped
01-08 13:29:26.310  8254  8344 I FIRST   : ======= TEARDOWN =======
01-08 13:29:26.311  8254  8254 V RobotCore: waiting for service EventLoop
01-08 13:29:26.312  8254  8344 D RobotCore: disarming modern motor controller Modern Robotics USB DC Motor Controller [AI049QOP]...
01-08 13:29:26.315  8254  8374 V RobotCore: thread: ...terminating 'r/w loop: Modern Robotics USB DC Motor Controller [AI049QOP]'
01-08 13:29:26.316  8254  8344 V RobotCore: executive service ReadWriteRunnable for Modern Robotics USB Device is terminated
01-08 13:29:26.316  8254  8344 D RobotCore: ...disarming modern motor controller Modern Robotics USB DC Motor Controller [AI049QOP] complete
01-08 13:29:26.316  8254  8344 D RobotCore: disarming modern motor controller Modern Robotics USB DC Motor Controller [A104OQ1P]...
01-08 13:29:26.317  8254  8372 V RobotCore: thread: ...terminating 'r/w loop: Modern Robotics USB DC Motor Controller [A104OQ1P]'
01-08 13:29:26.317  8254  8344 V RobotCore: executive service ReadWriteRunnable for Modern Robotics USB Device is terminated
01-08 13:29:26.317  8254  8344 D RobotCore: ...disarming modern motor controller Modern Robotics USB DC Motor Controller [A104OQ1P] complete
01-08 13:29:26.318  8254  8344 D RobotCore: disarming modern motor controller Modern Robotics USB DC Motor Controller [AL00VWH0]...
01-08 13:29:26.319  8254  8344 V RobotCore: waiting for service ReadWriteRunnable for Modern Robotics USB Device
01-08 13:29:26.319  8254  8373 V RobotCore: thread: ...terminating 'r/w loop: Modern Robotics USB DC Motor Controller [AL00VWH0]'
01-08 13:29:26.319  8254  8344 V RobotCore: awaitTermination returned, isTerminated=true
01-08 13:29:26.319  8254  8344 V RobotCore: executive service ReadWriteRunnable for Modern Robotics USB Device is terminated
01-08 13:29:26.320  8254  8344 D RobotCore: ...disarming modern motor controller Modern Robotics USB DC Motor Controller [AL00VWH0] complete
01-08 13:29:26.320  8254  8344 D RobotCore: disarming modern motor controller Modern Robotics USB DC Motor Controller [AL00VBIF]...
01-08 13:29:26.327  8254  8344 V RobotCore: waiting for service ReadWriteRunnable for Modern Robotics USB Device
01-08 13:29:26.327  8254  8375 V RobotCore: thread: ...terminating 'r/w loop: Modern Robotics USB DC Motor Controller [AL00VBIF]'
01-08 13:29:26.327  8254  8344 V RobotCore: awaitTermination returned, isTerminated=true
01-08 13:29:26.327  8254  8344 V RobotCore: executive service ReadWriteRunnable for Modern Robotics USB Device is terminated
01-08 13:29:26.327  8254  8344 D RobotCore: ...disarming modern motor controller Modern Robotics USB DC Motor Controller [AL00VBIF] complete
01-08 13:29:26.328  8254  8344 D RobotCore: disarming modern servo controller "Modern Robotics USB Servo Controller [AL00VSDY]"...
01-08 13:29:26.332  8254  8370 V RobotCore: thread: ...terminating 'r/w loop: Modern Robotics USB Servo Controller [AL00VSDY]'
01-08 13:29:26.333  8254  8344 V RobotCore: executive service ReadWriteRunnable for Modern Robotics USB Device is terminated
01-08 13:29:26.333  8254  8344 D RobotCore: ...disarming modern servo controller Modern Robotics USB Servo Controller [AL00VSDY] complete
01-08 13:29:26.338  8254  8371 V RobotCore: thread: ...terminating 'r/w loop: Modern Robotics USB Core Device Interface Module [AL00VFK6]'
01-08 13:29:26.338  8254  8344 V RobotCore: executive service ReadWriteRunnable for Modern Robotics USB Device is terminated
01-08 13:29:26.339  8254  8344 I FIRST   : ======= TEARDOWN COMPLETE =======
01-08 13:29:26.339  8254  8344 V RobotCore: thread: ...terminating 'opmode loop()'
01-08 13:29:26.339  8254  8254 V RobotCore: awaitTermination returned, isTerminated=true
01-08 13:29:26.339  8254  8254 V RobotCore: executive service EventLoop is terminated
01-08 13:29:26.340  8254  8254 V RobotCore: EventLoopManager state is STOPPED
