04-10 19:24:14.007 17540 17641 I RobotCore: SHOOTER RPM2: 574.3642107278471
04-10 19:24:14.017 17540 17641 I RobotCore: SHOOTER RPM1: 717.9552634098088
04-10 19:24:14.017 17540 17641 I RobotCore: SHOOTER RPM2: 765.8189476371296
04-10 19:24:14.028 17540 17641 I RobotCore: SHOOTER RPM1: 1005.1373687737324
04-10 19:24:14.028 17540 17641 I RobotCore: SHOOTER RPM2: 1100.8647372283738
04-10 19:24:14.039 17540 17641 I RobotCore: SHOOTER RPM1: 813.6826318644502
04-10 19:24:14.039 17540 17641 I RobotCore: SHOOTER RPM2: 861.5463160917708
04-10 19:24:14.050 17540 17641 I RobotCore: SHOOTER RPM1: 405.4054054054054
04-10 19:24:14.050 17540 17641 I RobotCore: SHOOTER RPM2: 405.4054054054054
04-10 19:24:14.060 17540 17641 I RobotCore: SHOOTER RPM1: 861.5463160917708
04-10 19:24:14.060 17540 17641 I RobotCore: SHOOTER RPM2: 957.2736845464118
04-10 19:24:14.072 17540 17641 I RobotCore: SHOOTER RPM1: 683.7194337194339
04-10 19:24:14.072 17540 17641 I RobotCore: SHOOTER RPM2: 764.1570141570143
04-10 19:24:14.084 17540 17641 I RobotCore: SHOOTER RPM1: 925.0321750321751
04-10 19:24:14.084 17540 17641 I RobotCore: SHOOTER RPM2: 1005.4697554697558
04-10 19:24:14.095 17540 17641 I RobotCore: SHOOTER RPM1: 1158.3011583011582
04-10 19:24:14.095 17540 17641 I RobotCore: SHOOTER RPM2: 1274.131274131274
04-10 19:24:14.105 17540 17641 I RobotCore: SHOOTER RPM1: 526.5005265005266
04-10 19:24:14.105 17540 17641 I RobotCore: SHOOTER RPM2: 526.5005265005266
04-10 19:24:14.116 17540 17641 I RobotCore: SHOOTER RPM1: 1100.3861003861005
04-10 19:24:14.116 17540 17641 I RobotCore: SHOOTER RPM2: 1216.2162162162163
04-10 19:24:14.127 17540 17641 I RobotCore: SHOOTER RPM1: 683.7194337194339
04-10 19:24:14.127 17540 17641 I RobotCore: SHOOTER RPM2: 764.1570141570143
04-10 19:24:14.137 17540 17641 I RobotCore: SHOOTER RPM1: 926.6409266409266
04-10 19:24:14.137 17540 17641 I RobotCore: SHOOTER RPM2: 984.5559845559845
04-10 19:24:14.148 17540 17641 I RobotCore: SHOOTER RPM1: 861.5463160917708
04-10 19:24:14.148 17540 17641 I RobotCore: SHOOTER RPM2: 1005.1373687737324
04-10 19:24:14.159 17540 17641 I RobotCore: SHOOTER RPM1: 521.2355212355212
04-10 19:24:14.159 17540 17641 I RobotCore: SHOOTER RPM2: 463.3204633204633
04-10 19:24:14.170 17540 17641 I RobotCore: SHOOTER RPM1: 1005.4697554697558
04-10 19:24:14.170 17540 17641 I RobotCore: SHOOTER RPM2: 1126.1261261261266
04-10 19:24:14.180 17540 17641 I RobotCore: SHOOTER RPM1: 694.980694980695
04-10 19:24:14.180 17540 17641 I RobotCore: SHOOTER RPM2: 752.8957528957529
04-10 19:24:14.191 17540 17641 I RobotCore: SHOOTER RPM1: 861.5463160917708
04-10 19:24:14.191 17540 17641 I RobotCore: SHOOTER RPM2: 957.2736845464118
04-10 19:24:14.202 17540 17641 I RobotCore: SHOOTER RPM1: 717.9552634098088
04-10 19:24:14.202 17540 17641 I RobotCore: SHOOTER RPM2: 765.8189476371296
04-10 19:24:14.214 17540 17641 I RobotCore: SHOOTER RPM1: 813.6826318644502
04-10 19:24:14.214 17540 17641 I RobotCore: SHOOTER RPM2: 861.5463160917708
04-10 19:24:14.224 17540 17641 I RobotCore: SHOOTER RPM1: 1196.592105683015
04-10 19:24:14.224 17540 17641 I RobotCore: SHOOTER RPM2: 1340.1831583649764
04-10 19:24:14.235 17540 17641 I RobotCore: SHOOTER RPM1: 765.8189476371296
04-10 19:24:14.235 17540 17641 I RobotCore: SHOOTER RPM2: 813.6826318644502
04-10 19:24:14.245 17540 17641 I RobotCore: SHOOTER RPM1: 637.065637065637
04-10 19:24:14.245 17540 17641 I RobotCore: SHOOTER RPM2: 637.065637065637
04-10 19:24:14.256 17540 17641 I RobotCore: SHOOTER RPM1: 1005.1373687737324
04-10 19:24:14.256 17540 17641 I RobotCore: SHOOTER RPM2: 1100.8647372283738
04-10 19:24:14.267 17540 17641 I RobotCore: SHOOTER RPM1: 0.0
04-10 19:24:14.267 17540 17641 I RobotCore: SHOOTER RPM2: 0.0
04-10 19:24:14.277 17540 17641 I RobotCore: SHOOTER RPM1: 1505.7915057915059
04-10 19:24:14.277 17540 17641 I RobotCore: SHOOTER RPM2: 1679.5366795366795
04-10 19:24:14.288 17540 17641 I RobotCore: SHOOTER RPM1: 909.4100003190913
04-10 19:24:14.288 17540 17641 I RobotCore: SHOOTER RPM2: 957.2736845464118
04-10 19:24:14.299 17540 17641 I RobotCore: SHOOTER RPM1: 810.8108108108108
04-10 19:24:14.299 17540 17641 I RobotCore: SHOOTER RPM2: 926.6409266409266
04-10 19:24:14.309 17540 17641 I RobotCore: SHOOTER RPM1: 861.5463160917708
04-10 19:24:14.309 17540 17641 I RobotCore: SHOOTER RPM2: 909.4100003190913
04-10 19:24:14.320 17540 17641 I RobotCore: SHOOTER RPM1: 752.8957528957529
04-10 19:24:14.320 17540 17641 I RobotCore: SHOOTER RPM2: 810.8108108108108
04-10 19:24:14.330 17540 17641 I RobotCore: SHOOTER RPM1: 813.6826318644502
04-10 19:24:14.330 17540 17641 I RobotCore: SHOOTER RPM2: 909.4100003190913
04-10 19:24:14.351 17540 17641 I RobotCore: SHOOTER RPM1: 492.27799227799227
04-10 19:24:14.351 17540 17641 I RobotCore: SHOOTER RPM2: 535.7142857142857
04-10 19:24:14.361 17540 17641 I RobotCore: SHOOTER RPM1: 717.9552634098088
04-10 19:24:14.361 17540 17641 I RobotCore: SHOOTER RPM2: 765.8189476371296
04-10 19:24:14.375 17540 17641 I RobotCore: STATUS: shots fired as of now
04-10 19:24:14.859 17540 17641 I RobotCore: SHOOTER RPM1: 17.7945815919397
04-10 19:24:14.859 17540 17641 I RobotCore: SHOOTER RPM2: 19.405901972312193
04-10 19:24:14.890 17540 17641 I RobotCore: SHOOTER RPM1: 144.63698126549323
04-10 19:24:14.890 17540 17641 I RobotCore: SHOOTER RPM2: 162.71660392367986
04-10 19:24:14.900 17540 17641 I RobotCore: SHOOTER RPM1: 0.0
04-10 19:24:14.900 17540 17641 I RobotCore: SHOOTER RPM2: 0.0
04-10 19:24:14.911 17540 17641 I RobotCore: SHOOTER RPM1: 1909.0909090909092
04-10 19:24:14.911 17540 17641 I RobotCore: SHOOTER RPM2: 1909.0909090909092
04-10 19:24:14.921 17540 17641 I RobotCore: SHOOTER RPM1: 0.0
04-10 19:24:14.921 17540 17641 I RobotCore: SHOOTER RPM2: 0.0
04-10 19:24:14.932 17540 17641 I RobotCore: SHOOTER RPM1: 1579.5015795015797
04-10 19:24:14.932 17540 17641 I RobotCore: SHOOTER RPM2: 1723.0926321835416
04-10 19:24:14.944 17540 17641 I RobotCore: SHOOTER RPM1: 603.2818532818534
04-10 19:24:14.944 17540 17641 I RobotCore: SHOOTER RPM2: 643.5006435006436
04-10 19:24:14.954 17540 17641 I RobotCore: SHOOTER RPM1: 926.6409266409266
04-10 19:24:14.954 17540 17641 I RobotCore: SHOOTER RPM2: 1042.4710424710424
04-10 19:24:14.965 17540 17641 I RobotCore: SHOOTER RPM1: 1100.8647372283738
04-10 19:24:14.965 17540 17641 I RobotCore: SHOOTER RPM2: 1148.7284214556942
04-10 19:24:14.975 17540 17641 I RobotCore: SHOOTER RPM1: 1158.3011583011582
04-10 19:24:14.975 17540 17641 I RobotCore: SHOOTER RPM2: 1332.046332046332
04-10 19:24:14.986 17540 17641 I RobotCore: SHOOTER RPM1: 765.8189476371296
04-10 19:24:14.986 17540 17641 I RobotCore: SHOOTER RPM2: 813.6826318644502
04-10 19:24:14.996 17540 17641 I RobotCore: SHOOTER RPM1: 347.4903474903475
04-10 19:24:14.996 17540 17641 I RobotCore: SHOOTER RPM2: 405.4054054054054
04-10 19:24:15.007 17540 17641 I RobotCore: SHOOTER RPM1: 1196.592105683015
04-10 19:24:15.007 17540 17641 I RobotCore: SHOOTER RPM2: 1340.1831583649764
04-10 19:24:15.017 17540 17641 I RobotCore: SHOOTER RPM1: 1042.4710424710424
04-10 19:24:15.017 17540 17641 I RobotCore: SHOOTER RPM2: 1042.4710424710424
04-10 19:24:15.028 17540 17641 I RobotCore: SHOOTER RPM1: 0.0
04-10 19:24:15.028 17540 17641 I RobotCore: SHOOTER RPM2: 0.0
04-10 19:24:15.038 17540 17641 I RobotCore: SHOOTER RPM1: 0.0
04-10 19:24:15.038 17540 17641 I RobotCore: SHOOTER RPM2: 0.0
04-10 19:24:15.049 17540 17641 I RobotCore: SHOOTER RPM1: 1909.0909090909092
04-10 19:24:15.049 17540 17641 I RobotCore: SHOOTER RPM2: 1909.0909090909092
04-10 19:24:15.059 17540 17641 I RobotCore: SHOOTER RPM1: 579.1505791505791
04-10 19:24:15.059 17540 17641 I RobotCore: SHOOTER RPM2: 579.1505791505791
04-10 19:24:15.070 17540 17641 I RobotCore: SHOOTER RPM1: 670.0915791824882
04-10 19:24:15.070 17540 17641 I RobotCore: SHOOTER RPM2: 717.9552634098088
04-10 19:24:15.081 17540 17641 I RobotCore: SHOOTER RPM1: 1435.9105268196176
04-10 19:24:15.081 17540 17641 I RobotCore: SHOOTER RPM2: 1579.5015795015797
04-10 19:24:15.092 17540 17641 I RobotCore: SHOOTER RPM1: 694.980694980695
04-10 19:24:15.092 17540 17641 I RobotCore: SHOOTER RPM2: 752.8957528957529
04-10 19:24:15.102 17540 17641 I RobotCore: SHOOTER RPM1: 622.2278949551677
04-10 19:24:15.102 17540 17641 I RobotCore: SHOOTER RPM2: 717.9552634098088
04-10 19:24:15.113 17540 17641 I RobotCore: SHOOTER RPM1: 1196.592105683015
04-10 19:24:15.113 17540 17641 I RobotCore: SHOOTER RPM2: 1244.4557899103354
04-10 19:24:15.124 17540 17641 I RobotCore: SHOOTER RPM1: 984.5559845559845
04-10 19:24:15.124 17540 17641 I RobotCore: SHOOTER RPM2: 1042.4710424710424
04-10 19:24:15.134 17540 17641 I RobotCore: SHOOTER RPM1: 478.6368422732059
04-10 19:24:15.134 17540 17641 I RobotCore: SHOOTER RPM2: 574.3642107278471
04-10 19:24:15.145 17540 17641 I RobotCore: SHOOTER RPM1: 1274.131274131274
04-10 19:24:15.145 17540 17641 I RobotCore: SHOOTER RPM2: 1389.96138996139
04-10 19:24:15.155 17540 17641 I RobotCore: SHOOTER RPM1: 717.9552634098088
04-10 19:24:15.155 17540 17641 I RobotCore: SHOOTER RPM2: 813.6826318644502
04-10 19:24:15.166 17540 17641 I RobotCore: SHOOTER RPM1: 670.0915791824882
04-10 19:24:15.166 17540 17641 I RobotCore: SHOOTER RPM2: 670.0915791824882
04-10 19:24:15.176 17540 17641 I RobotCore: SHOOTER RPM1: 1042.4710424710424
04-10 19:24:15.176 17540 17641 I RobotCore: SHOOTER RPM2: 1158.3011583011582
04-10 19:24:15.188 17540 17641 I RobotCore: SHOOTER RPM1: 670.0915791824882
04-10 19:24:15.188 17540 17641 I RobotCore: SHOOTER RPM2: 670.0915791824882
04-10 19:24:15.198 17540 17641 I RobotCore: SHOOTER RPM1: 1005.1373687737324
04-10 19:24:15.198 17540 17641 I RobotCore: SHOOTER RPM2: 1100.8647372283738
04-10 19:24:15.209 17540 17641 I RobotCore: SHOOTER RPM1: 526.5005265005266
04-10 19:24:15.209 17540 17641 I RobotCore: SHOOTER RPM2: 622.2278949551677
04-10 19:24:15.219 17540 17641 I RobotCore: SHOOTER RPM1: 0.0
04-10 19:24:15.219 17540 17641 I RobotCore: SHOOTER RPM2: 0.0
04-10 19:24:15.231 17540 17641 I RobotCore: SHOOTER RPM1: 1126.1261261261266
04-10 19:24:15.231 17540 17641 I RobotCore: SHOOTER RPM2: 1206.5637065637068
04-10 19:24:15.242 17540 17641 I RobotCore: SHOOTER RPM1: 765.8189476371296
04-10 19:24:15.242 17540 17641 I RobotCore: SHOOTER RPM2: 861.5463160917708
04-10 19:24:15.253 17540 17641 I RobotCore: SHOOTER RPM1: 1389.96138996139
04-10 19:24:15.253 17540 17641 I RobotCore: SHOOTER RPM2: 1447.8764478764479
04-10 19:24:15.263 17540 17641 I RobotCore: SHOOTER RPM1: 813.6826318644502
04-10 19:24:15.263 17540 17641 I RobotCore: SHOOTER RPM2: 909.4100003190913
04-10 19:24:15.274 17540 17641 I RobotCore: SHOOTER RPM1: 909.4100003190913
04-10 19:24:15.274 17540 17641 I RobotCore: SHOOTER RPM2: 1005.1373687737324
04-10 19:24:15.284 17540 17641 I RobotCore: SHOOTER RPM1: 1216.2162162162163
04-10 19:24:15.284 17540 17641 I RobotCore: SHOOTER RPM2: 1332.046332046332
04-10 19:24:15.295 17540 17641 I RobotCore: SHOOTER RPM1: 622.2278949551677
04-10 19:24:15.295 17540 17641 I RobotCore: SHOOTER RPM2: 717.9552634098088
04-10 19:24:15.305 17540 17641 I RobotCore: SHOOTER RPM1: 637.065637065637
04-10 19:24:15.305 17540 17641 I RobotCore: SHOOTER RPM2: 637.065637065637
04-10 19:24:15.316 17540 17641 I RobotCore: SHOOTER RPM1: 1244.4557899103354
04-10 19:24:15.316 17540 17641 I RobotCore: SHOOTER RPM2: 1340.1831583649764
04-10 19:24:15.327 17540 17641 I RobotCore: SHOOTER RPM1: 622.2278949551677
04-10 19:24:15.327 17540 17641 I RobotCore: SHOOTER RPM2: 717.9552634098088
04-10 19:24:15.347 17540 17641 I RobotCore: SHOOTER RPM1: 521.2355212355212
04-10 19:24:15.347 17540 17641 I RobotCore: SHOOTER RPM2: 550.1930501930502
04-10 19:24:15.358 17540 17641 I RobotCore: SHOOTER RPM1: 239.31842113660295
04-10 19:24:15.358 17540 17641 I RobotCore: SHOOTER RPM2: 335.0457895912441
04-10 19:24:15.369 17540 17641 I RobotCore: SHOOTER RPM1: 1053.0010530010532
04-10 19:24:15.369 17540 17641 I RobotCore: SHOOTER RPM2: 1053.0010530010532
04-10 19:24:15.385 17540 17641 I RobotCore: STATUS: shots fired as of now
04-10 19:24:15.873 17540 17641 I RobotCore: SHOOTER RPM1: 18.4906116028565
04-10 19:24:15.873 17540 17641 I RobotCore: SHOOTER RPM2: 20.154994644790563
04-10 19:24:15.884 17540 17641 I RobotCore: SHOOTER RPM1: 670.0915791824882
04-10 19:24:15.884 17540 17641 I RobotCore: SHOOTER RPM2: 765.8189476371296
04-10 19:24:15.895 17540 17641 I RobotCore: SHOOTER RPM1: 1274.131274131274
04-10 19:24:15.895 17540 17641 I RobotCore: SHOOTER RPM2: 1332.046332046332
04-10 19:24:15.906 17540 17641 I RobotCore: SHOOTER RPM1: 603.2818532818534
04-10 19:24:15.906 17540 17641 I RobotCore: SHOOTER RPM2: 643.5006435006436
04-10 19:24:15.916 17540 17641 I RobotCore: SHOOTER RPM1: 1158.3011583011582
04-10 19:24:15.917 17540 17641 I RobotCore: SHOOTER RPM2: 1274.131274131274
04-10 19:24:15.927 17540 17641 I RobotCore: SHOOTER RPM1: 765.8189476371296
04-10 19:24:15.927 17540 17641 I RobotCore: SHOOTER RPM2: 813.6826318644502
04-10 19:24:15.938 17540 17641 I RobotCore: SHOOTER RPM1: 1435.9105268196176
04-10 19:24:15.938 17540 17641 I RobotCore: SHOOTER RPM2: 1579.5015795015797
04-10 19:24:15.948 17540 17641 I RobotCore: SHOOTER RPM1: 405.4054054054054
04-10 19:24:15.949 17540 17641 I RobotCore: SHOOTER RPM2: 405.4054054054054
04-10 19:24:15.959 17540 17641 I RobotCore: SHOOTER RPM1: 1196.592105683015
04-10 19:24:15.959 17540 17641 I RobotCore: SHOOTER RPM2: 1340.1831583649764
04-10 19:24:15.970 17540 17641 I RobotCore: SHOOTER RPM1: 382.9094738185648
04-10 19:24:15.970 17540 17641 I RobotCore: SHOOTER RPM2: 382.9094738185648
04-10 19:24:15.980 17540 17641 I RobotCore: SHOOTER RPM1: 984.5559845559845
04-10 19:24:15.981 17540 17641 I RobotCore: SHOOTER RPM2: 1100.3861003861005
04-10 19:24:15.992 17540 17641 I RobotCore: SHOOTER RPM1: 884.8133848133851
04-10 19:24:15.992 17540 17641 I RobotCore: SHOOTER RPM2: 925.0321750321751
04-10 19:24:16.002 17540 17641 I RobotCore: SHOOTER RPM1: 752.8957528957529
04-10 19:24:16.002 17540 17641 I RobotCore: SHOOTER RPM2: 868.7258687258687
04-10 19:24:16.013 17540 17641 I RobotCore: SHOOTER RPM1: 1579.5015795015797
04-10 19:24:16.013 17540 17641 I RobotCore: SHOOTER RPM2: 1675.2289479562207
04-10 19:24:16.026 17540 17641 I RobotCore: SHOOTER RPM1: 0.0
04-10 19:24:16.026 17540 17641 I RobotCore: SHOOTER RPM2: 0.0
04-10 19:24:16.038 17540 17641 I RobotCore: SHOOTER RPM1: 925.0321750321751
04-10 19:24:16.038 17540 17641 I RobotCore: SHOOTER RPM2: 1005.4697554697558
04-10 19:24:16.049 17540 17641 I RobotCore: SHOOTER RPM1: 861.5463160917708
04-10 19:24:16.049 17540 17641 I RobotCore: SHOOTER RPM2: 1005.1373687737324
04-10 19:24:16.060 17540 17641 I RobotCore: SHOOTER RPM1: 1196.592105683015
04-10 19:24:16.060 17540 17641 I RobotCore: SHOOTER RPM2: 1292.319474137656
04-10 19:24:16.070 17540 17641 I RobotCore: SHOOTER RPM1: 1505.7915057915059
04-10 19:24:16.071 17540 17641 I RobotCore: SHOOTER RPM2: 1621.6216216216217
04-10 19:24:16.081 17540 17641 I RobotCore: SHOOTER RPM1: 717.9552634098088
04-10 19:24:16.081 17540 17641 I RobotCore: SHOOTER RPM2: 765.8189476371296
04-10 19:24:16.092 17540 17641 I RobotCore: SHOOTER RPM1: 0.0
04-10 19:24:16.092 17540 17641 I RobotCore: SHOOTER RPM2: 0.0
04-10 19:24:16.103 17540 17641 I RobotCore: SHOOTER RPM1: 1866.6836848655034
04-10 19:24:16.103 17540 17641 I RobotCore: SHOOTER RPM2: 1909.0909090909092
04-10 19:24:16.113 17540 17641 I RobotCore: SHOOTER RPM1: 926.6409266409266
04-10 19:24:16.114 17540 17641 I RobotCore: SHOOTER RPM2: 926.6409266409266
04-10 19:24:16.124 17540 17641 I RobotCore: SHOOTER RPM1: 1005.1373687737324
04-10 19:24:16.124 17540 17641 I RobotCore: SHOOTER RPM2: 1100.8647372283738
04-10 19:24:16.135 17540 17641 I RobotCore: SHOOTER RPM1: 670.0915791824882
04-10 19:24:16.135 17540 17641 I RobotCore: SHOOTER RPM2: 765.8189476371296
04-10 19:24:16.146 17540 17641 I RobotCore: SHOOTER RPM1: 1100.3861003861005
04-10 19:24:16.146 17540 17641 I RobotCore: SHOOTER RPM2: 1158.3011583011582
04-10 19:24:16.156 17540 17641 I RobotCore: SHOOTER RPM1: 909.4100003190913
04-10 19:24:16.156 17540 17641 I RobotCore: SHOOTER RPM2: 957.2736845464118
04-10 19:24:16.167 17540 17641 I RobotCore: SHOOTER RPM1: 0.0
04-10 19:24:16.167 17540 17641 I RobotCore: SHOOTER RPM2: 0.0
04-10 19:24:16.177 17540 17641 I RobotCore: SHOOTER RPM1: 861.5463160917708
04-10 19:24:16.177 17540 17641 I RobotCore: SHOOTER RPM2: 957.2736845464118
04-10 19:24:16.188 17540 17641 I RobotCore: SHOOTER RPM1: 0.0
04-10 19:24:16.188 17540 17641 I RobotCore: SHOOTER RPM2: 0.0
04-10 19:24:16.198 17540 17641 I RobotCore: SHOOTER RPM1: 2100.0
04-10 19:24:16.199 17540 17641 I RobotCore: SHOOTER RPM2: 2100.0
04-10 19:24:16.209 17540 17641 I RobotCore: SHOOTER RPM1: 861.5463160917708
04-10 19:24:16.209 17540 17641 I RobotCore: SHOOTER RPM2: 1005.1373687737324
04-10 19:24:16.220 17540 17641 I RobotCore: SHOOTER RPM1: 861.5463160917708
04-10 19:24:16.220 17540 17641 I RobotCore: SHOOTER RPM2: 909.4100003190913
04-10 19:24:16.230 17540 17641 I RobotCore: SHOOTER RPM1: 984.5559845559845
04-10 19:24:16.231 17540 17641 I RobotCore: SHOOTER RPM2: 1042.4710424710424
04-10 19:24:16.241 17540 17641 I RobotCore: SHOOTER RPM1: 813.6826318644502
04-10 19:24:16.241 17540 17641 I RobotCore: SHOOTER RPM2: 957.2736845464118
04-10 19:24:16.252 17540 17641 I RobotCore: SHOOTER RPM1: 810.8108108108108
04-10 19:24:16.252 17540 17641 I RobotCore: SHOOTER RPM2: 810.8108108108108
04-10 19:24:16.262 17540 17641 I RobotCore: SHOOTER RPM1: 622.2278949551677
04-10 19:24:16.262 17540 17641 I RobotCore: SHOOTER RPM2: 717.9552634098088
04-10 19:24:16.273 17540 17641 I RobotCore: SHOOTER RPM1: 926.6409266409266
04-10 19:24:16.273 17540 17641 I RobotCore: SHOOTER RPM2: 984.5559845559845
04-10 19:24:16.283 17540 17641 I RobotCore: SHOOTER RPM1: 861.5463160917708
04-10 19:24:16.283 17540 17641 I RobotCore: SHOOTER RPM2: 957.2736845464118
04-10 19:24:16.294 17540 17641 I RobotCore: SHOOTER RPM1: 637.065637065637
04-10 19:24:16.294 17540 17641 I RobotCore: SHOOTER RPM2: 637.065637065637
04-10 19:24:16.304 17540 17641 I RobotCore: SHOOTER RPM1: 1531.637895274259
04-10 19:24:16.304 17540 17641 I RobotCore: SHOOTER RPM2: 1675.2289479562207
04-10 19:24:16.315 17540 17641 I RobotCore: SHOOTER RPM1: 765.8189476371296
04-10 19:24:16.315 17540 17641 I RobotCore: SHOOTER RPM2: 861.5463160917708
04-10 19:24:16.326 17540 17641 I RobotCore: SHOOTER RPM1: 0.0
04-10 19:24:16.326 17540 17641 I RobotCore: SHOOTER RPM2: 0.0
04-10 19:24:16.336 17540 17641 I RobotCore: SHOOTER RPM1: 1332.046332046332
04-10 19:24:16.336 17540 17641 I RobotCore: SHOOTER RPM2: 1447.8764478764479
04-10 19:24:16.356 17540 17641 I RobotCore: SHOOTER RPM1: 448.8416988416988
04-10 19:24:16.356 17540 17641 I RobotCore: SHOOTER RPM2: 477.7992277992278
04-10 19:24:16.384 17540 17641 I RobotCore: SHOOTER RPM1: 428.45323457568355
04-10 19:24:16.384 17540 17641 I RobotCore: SHOOTER RPM2: 465.3888582460011
04-10 19:24:16.394 17540 17641 I RobotCore: SHOOTER RPM1: 1100.3861003861005
04-10 19:24:16.394 17540 17641 I RobotCore: SHOOTER RPM2: 1158.3011583011582
04-10 19:24:16.405 17540 17641 I RobotCore: SHOOTER RPM1: 984.5559845559845
04-10 19:24:16.405 17540 17641 I RobotCore: SHOOTER RPM2: 1100.3861003861005
04-10 19:24:16.415 17540 17641 I RobotCore: SHOOTER RPM1: 765.8189476371296
04-10 19:24:16.415 17540 17641 I RobotCore: SHOOTER RPM2: 861.5463160917708
04-10 19:24:16.426 17540 17641 I RobotCore: SHOOTER RPM1: 810.8108108108108
04-10 19:24:16.426 17540 17641 I RobotCore: SHOOTER RPM2: 810.8108108108108
04-10 19:24:16.436 17540 17641 I RobotCore: SHOOTER RPM1: 1100.8647372283738
04-10 19:24:16.436 17540 17641 I RobotCore: SHOOTER RPM2: 1244.4557899103354
04-10 19:24:16.447 17540 17641 I RobotCore: SHOOTER RPM1: 405.4054054054054
04-10 19:24:16.447 17540 17641 I RobotCore: SHOOTER RPM2: 463.3204633204633
04-10 19:24:16.457 17540 17641 I RobotCore: SHOOTER RPM1: 1483.7742110469383
04-10 19:24:16.457 17540 17641 I RobotCore: SHOOTER RPM2: 1579.5015795015797
04-10 19:24:16.468 17540 17641 I RobotCore: SHOOTER RPM1: 868.7258687258687
04-10 19:24:16.468 17540 17641 I RobotCore: SHOOTER RPM2: 926.6409266409266
04-10 19:24:16.478 17540 17641 I RobotCore: SHOOTER RPM1: 0.0
04-10 19:24:16.478 17540 17641 I RobotCore: SHOOTER RPM2: 0.0
04-10 19:24:16.488 17540 17641 I RobotCore: SHOOTER RPM1: 1621.6216216216217
04-10 19:24:16.489 17540 17641 I RobotCore: SHOOTER RPM2: 1737.4517374517375
04-10 19:24:16.499 17540 17641 I RobotCore: SHOOTER RPM1: 670.0915791824882
04-10 19:24:16.499 17540 17641 I RobotCore: SHOOTER RPM2: 765.8189476371296
04-10 19:24:16.510 17540 17641 I RobotCore: SHOOTER RPM1: 1292.319474137656
04-10 19:24:16.510 17540 17641 I RobotCore: SHOOTER RPM2: 1388.0468425922973
04-10 19:24:16.520 17540 17641 I RobotCore: SHOOTER RPM1: 1216.2162162162163
04-10 19:24:16.520 17540 17641 I RobotCore: SHOOTER RPM2: 1332.046332046332
04-10 19:24:16.531 17540 17641 I RobotCore: SHOOTER RPM1: 0.0
04-10 19:24:16.531 17540 17641 I RobotCore: SHOOTER RPM2: 0.0
04-10 19:24:16.542 17540 17641 I RobotCore: SHOOTER RPM1: 2100.0
04-10 19:24:16.542 17540 17641 I RobotCore: SHOOTER RPM2: 2100.0
04-10 19:24:16.552 17540 17641 I RobotCore: SHOOTER RPM1: 861.5463160917708
04-10 19:24:16.552 17540 17641 I RobotCore: SHOOTER RPM2: 909.4100003190913
04-10 19:24:16.563 17540 17641 I RobotCore: SHOOTER RPM1: 622.2278949551677
04-10 19:24:16.563 17540 17641 I RobotCore: SHOOTER RPM2: 670.0915791824882
04-10 19:24:16.573 17540 17641 I RobotCore: SHOOTER RPM1: 810.8108108108108
04-10 19:24:16.574 17540 17641 I RobotCore: SHOOTER RPM2: 868.7258687258687
04-10 19:24:16.613 17540 17641 I RobotCore: SHOOTER RPM1: 1166.6666666666667
04-10 19:24:16.613 17540 17641 I RobotCore: SHOOTER RPM2: 1166.6666666666667
04-10 19:24:16.624 17540 17641 I RobotCore: SHOOTER RPM1: 0.0
04-10 19:24:16.624 17540 17641 I RobotCore: SHOOTER RPM2: 0.0
04-10 19:24:16.634 17540 17641 I RobotCore: SHOOTER RPM1: 1389.96138996139
04-10 19:24:16.634 17540 17641 I RobotCore: SHOOTER RPM2: 1505.7915057915059
04-10 19:24:16.645 17540 17641 I RobotCore: SHOOTER RPM1: 813.6826318644502
04-10 19:24:16.645 17540 17641 I RobotCore: SHOOTER RPM2: 861.5463160917708
04-10 19:24:16.656 17540 17641 I RobotCore: SHOOTER RPM1: 1005.1373687737324
04-10 19:24:16.656 17540 17641 I RobotCore: SHOOTER RPM2: 1053.0010530010532
04-10 19:24:16.666 17540 17641 I RobotCore: SHOOTER RPM1: 1216.2162162162163
04-10 19:24:16.666 17540 17641 I RobotCore: SHOOTER RPM2: 1332.046332046332
04-10 19:24:16.677 17540 17641 I RobotCore: SHOOTER RPM1: 1005.1373687737324
04-10 19:24:16.677 17540 17641 I RobotCore: SHOOTER RPM2: 1100.8647372283738
04-10 19:24:16.688 17540 17641 I RobotCore: SHOOTER RPM1: 717.9552634098088
04-10 19:24:16.688 17540 17641 I RobotCore: SHOOTER RPM2: 765.8189476371296
04-10 19:24:16.699 17540 17641 I RobotCore: SHOOTER RPM1: 622.2278949551677
04-10 19:24:16.699 17540 17641 I RobotCore: SHOOTER RPM2: 670.0915791824882
04-10 19:24:16.710 17540 17641 I RobotCore: SHOOTER RPM1: 1100.8647372283738
04-10 19:24:16.710 17540 17641 I RobotCore: SHOOTER RPM2: 1196.592105683015
04-10 19:24:16.720 17540 17641 I RobotCore: SHOOTER RPM1: 868.7258687258687
04-10 19:24:16.720 17540 17641 I RobotCore: SHOOTER RPM2: 984.5559845559845
04-10 19:24:16.731 17540 17641 I RobotCore: SHOOTER RPM1: 1053.0010530010532
04-10 19:24:16.731 17540 17641 I RobotCore: SHOOTER RPM2: 1148.7284214556942
04-10 19:24:16.742 17540 17641 I RobotCore: SHOOTER RPM1: 926.6409266409266
04-10 19:24:16.742 17540 17641 I RobotCore: SHOOTER RPM2: 926.6409266409266
04-10 19:24:16.752 17540 17641 I RobotCore: SHOOTER RPM1: 957.2736845464118
04-10 19:24:16.752 17540 17641 I RobotCore: SHOOTER RPM2: 1100.8647372283738
04-10 19:24:16.763 17540 17641 I RobotCore: SHOOTER RPM1: 1053.0010530010532
04-10 19:24:16.763 17540 17641 I RobotCore: SHOOTER RPM2: 1100.8647372283738
04-10 19:24:16.774 17540 17641 I RobotCore: SHOOTER RPM1: 526.5005265005266
04-10 19:24:16.774 17540 17641 I RobotCore: SHOOTER RPM2: 526.5005265005266
04-10 19:24:16.784 17540 17641 I RobotCore: SHOOTER RPM1: 926.6409266409266
04-10 19:24:16.784 17540 17641 I RobotCore: SHOOTER RPM2: 1042.4710424710424
04-10 19:24:16.795 17540 17641 I RobotCore: SHOOTER RPM1: 1005.1373687737324
04-10 19:24:16.795 17540 17641 I RobotCore: SHOOTER RPM2: 1100.8647372283738
04-10 19:24:16.805 17540 17641 I RobotCore: SHOOTER RPM1: 1042.4710424710424
04-10 19:24:16.806 17540 17641 I RobotCore: SHOOTER RPM2: 1100.3861003861005
04-10 19:24:16.816 17540 17641 I RobotCore: SHOOTER RPM1: 1148.7284214556942
04-10 19:24:16.816 17540 17641 I RobotCore: SHOOTER RPM2: 1244.4557899103354
04-10 19:24:16.826 17540 17641 I RobotCore: SHOOTER RPM1: 810.8108108108108
04-10 19:24:16.826 17540 17641 I RobotCore: SHOOTER RPM2: 926.6409266409266
04-10 19:24:16.837 17540 17641 I RobotCore: SHOOTER RPM1: 861.5463160917708
04-10 19:24:16.837 17540 17641 I RobotCore: SHOOTER RPM2: 861.5463160917708
04-10 19:24:16.862 17540 17641 I RobotCore: SHOOTER RPM1: 333.5907335907336
04-10 19:24:16.862 17540 17641 I RobotCore: SHOOTER RPM2: 370.65637065637065
04-10 19:24:16.884 17540 17641 I RobotCore: SHOOTER RPM1: 490.60276333003605
04-10 19:24:16.885 17540 17641 I RobotCore: SHOOTER RPM2: 538.4664475573566
04-10 19:24:16.896 17540 17641 I RobotCore: SHOOTER RPM1: 1126.1261261261266
04-10 19:24:16.896 17540 17641 I RobotCore: SHOOTER RPM2: 1166.3449163449166
04-10 19:24:16.907 17540 17641 I RobotCore: SHOOTER RPM1: 574.3642107278471
04-10 19:24:16.907 17540 17641 I RobotCore: SHOOTER RPM2: 670.0915791824882
04-10 19:24:16.918 17540 17641 I RobotCore: SHOOTER RPM1: 957.2736845464118
04-10 19:24:16.918 17540 17641 I RobotCore: SHOOTER RPM2: 1005.1373687737324
04-10 19:24:16.929 17540 17641 I RobotCore: SHOOTER RPM1: 1216.2162162162163
04-10 19:24:16.929 17540 17641 I RobotCore: SHOOTER RPM2: 1274.131274131274
04-10 19:24:16.940 17540 17641 I RobotCore: SHOOTER RPM1: 563.0630630630633
04-10 19:24:16.940 17540 17641 I RobotCore: SHOOTER RPM2: 643.5006435006436
04-10 19:24:16.952 17540 17641 I RobotCore: SHOOTER RPM1: 765.8189476371296
04-10 19:24:16.952 17540 17641 I RobotCore: SHOOTER RPM2: 813.6826318644502
04-10 19:24:16.963 17540 17641 I RobotCore: SHOOTER RPM1: 1244.4557899103354
04-10 19:24:16.963 17540 17641 I RobotCore: SHOOTER RPM2: 1388.0468425922973
04-10 19:24:16.973 17540 17641 I RobotCore: SHOOTER RPM1: 1053.0010530010532
04-10 19:24:16.973 17540 17641 I RobotCore: SHOOTER RPM2: 1148.7284214556942
04-10 19:24:16.983 17540 17641 I RobotCore: SHOOTER RPM1: 347.4903474903475
04-10 19:24:16.983 17540 17641 I RobotCore: SHOOTER RPM2: 347.4903474903475
04-10 19:24:16.994 17540 17641 I RobotCore: SHOOTER RPM1: 765.8189476371296
04-10 19:24:16.994 17540 17641 I RobotCore: SHOOTER RPM2: 861.5463160917708
04-10 19:24:17.004 17540 17641 I RobotCore: SHOOTER RPM1: 1389.96138996139
04-10 19:24:17.004 17540 17641 I RobotCore: SHOOTER RPM2: 1505.7915057915059
04-10 19:24:17.015 17540 17641 I RobotCore: SHOOTER RPM1: 861.5463160917708
04-10 19:24:17.015 17540 17641 I RobotCore: SHOOTER RPM2: 909.4100003190913
04-10 19:24:17.025 17540 17641 I RobotCore: SHOOTER RPM1: 1100.3861003861005
04-10 19:24:17.025 17540 17641 I RobotCore: SHOOTER RPM2: 1158.3011583011582
04-10 19:24:17.037 17540 17641 I RobotCore: SHOOTER RPM1: 1045.688545688546
04-10 19:24:17.037 17540 17641 I RobotCore: SHOOTER RPM2: 1166.3449163449166
04-10 19:24:17.048 17540 17641 I RobotCore: SHOOTER RPM1: 926.6409266409266
04-10 19:24:17.048 17540 17641 I RobotCore: SHOOTER RPM2: 984.5559845559845
04-10 19:24:17.059 17540 17641 I RobotCore: SHOOTER RPM1: 844.5945945945947
04-10 19:24:17.059 17540 17641 I RobotCore: SHOOTER RPM2: 884.8133848133851
04-10 19:24:17.071 17540 17641 I RobotCore: SHOOTER RPM1: 764.1570141570143
04-10 19:24:17.071 17540 17641 I RobotCore: SHOOTER RPM2: 844.5945945945947
04-10 19:24:17.081 17540 17641 I RobotCore: SHOOTER RPM1: 984.5559845559845
04-10 19:24:17.081 17540 17641 I RobotCore: SHOOTER RPM2: 1042.4710424710424
04-10 19:24:17.119 17540 17641 I RobotCore: SHOOTER RPM1: 653.5553410553413
04-10 19:24:17.119 17540 17641 I RobotCore: SHOOTER RPM2: 713.8835263835266
04-10 19:24:17.130 17540 17641 I RobotCore: SHOOTER RPM1: 138.996138996139
04-10 19:24:17.130 17540 17641 I RobotCore: SHOOTER RPM2: 157.52895752895756
04-10 19:24:17.141 17540 17641 I RobotCore: SHOOTER RPM1: 463.3204633204633
04-10 19:24:17.141 17540 17641 I RobotCore: SHOOTER RPM2: 463.3204633204633
04-10 19:24:17.151 17540 17641 I RobotCore: SHOOTER RPM1: 909.4100003190913
04-10 19:24:17.151 17540 17641 I RobotCore: SHOOTER RPM2: 1005.1373687737324
04-10 19:24:17.162 17540 17641 I RobotCore: SHOOTER RPM1: 1244.4557899103354
04-10 19:24:17.162 17540 17641 I RobotCore: SHOOTER RPM2: 1388.0468425922973
04-10 19:24:17.173 17540 17641 I RobotCore: SHOOTER RPM1: 810.8108108108108
04-10 19:24:17.173 17540 17641 I RobotCore: SHOOTER RPM2: 868.7258687258687
04-10 19:24:17.183 17540 17641 I RobotCore: SHOOTER RPM1: 622.2278949551677
04-10 19:24:17.183 17540 17641 I RobotCore: SHOOTER RPM2: 670.0915791824882
04-10 19:24:17.194 17540 17641 I RobotCore: SHOOTER RPM1: 1100.8647372283738
04-10 19:24:17.194 17540 17641 I RobotCore: SHOOTER RPM2: 1196.592105683015
04-10 19:24:17.205 17540 17641 I RobotCore: SHOOTER RPM1: 813.6826318644502
04-10 19:24:17.205 17540 17641 I RobotCore: SHOOTER RPM2: 861.5463160917708
04-10 19:24:17.215 17540 17641 I RobotCore: SHOOTER RPM1: 868.7258687258687
04-10 19:24:17.215 17540 17641 I RobotCore: SHOOTER RPM2: 926.6409266409266
04-10 19:24:17.226 17540 17641 I RobotCore: SHOOTER RPM1: 717.9552634098088
04-10 19:24:17.226 17540 17641 I RobotCore: SHOOTER RPM2: 813.6826318644502
04-10 19:24:17.237 17540 17641 I RobotCore: SHOOTER RPM1: 1911.1969111969113
04-10 19:24:17.237 17540 17641 I RobotCore: SHOOTER RPM2: 2100.0
04-10 19:24:17.248 17540 17641 I RobotCore: SHOOTER RPM1: 522.844272844273
04-10 19:24:17.248 17540 17641 I RobotCore: SHOOTER RPM2: 522.844272844273
04-10 19:24:17.259 17540 17641 I RobotCore: SHOOTER RPM1: 1148.7284214556942
04-10 19:24:17.259 17540 17641 I RobotCore: SHOOTER RPM2: 1292.319474137656
04-10 19:24:17.270 17540 17641 I RobotCore: SHOOTER RPM1: 0.0
04-10 19:24:17.270 17540 17641 I RobotCore: SHOOTER RPM2: 0.0
04-10 19:24:17.281 17540 17641 I RobotCore: SHOOTER RPM1: 1005.1373687737324
04-10 19:24:17.281 17540 17641 I RobotCore: SHOOTER RPM2: 1053.0010530010532
04-10 19:24:17.293 17540 17641 I RobotCore: SHOOTER RPM1: 1488.0952380952385
04-10 19:24:17.293 17540 17641 I RobotCore: SHOOTER RPM2: 1648.9703989703994
04-10 19:24:17.303 17540 17641 I RobotCore: SHOOTER RPM1: 868.7258687258687
04-10 19:24:17.303 17540 17641 I RobotCore: SHOOTER RPM2: 926.6409266409266
04-10 19:24:17.314 17540 17641 I RobotCore: SHOOTER RPM1: 909.4100003190913
04-10 19:24:17.314 17540 17641 I RobotCore: SHOOTER RPM2: 1005.1373687737324
04-10 19:24:17.324 17540 17641 I RobotCore: SHOOTER RPM1: 405.4054054054054
04-10 19:24:17.324 17540 17641 I RobotCore: SHOOTER RPM2: 405.4054054054054
04-10 19:24:17.335 17540 17641 I RobotCore: SHOOTER RPM1: 813.6826318644502
04-10 19:24:17.335 17540 17641 I RobotCore: SHOOTER RPM2: 957.2736845464118
04-10 19:24:17.346 17540 17641 I RobotCore: SHOOTER RPM1: 1340.1831583649764
04-10 19:24:17.346 17540 17641 I RobotCore: SHOOTER RPM2: 1435.9105268196176
04-10 19:24:17.370 17540 17641 I RobotCore: SHOOTER RPM1: 392.1332046332047
04-10 19:24:17.370 17540 17641 I RobotCore: SHOOTER RPM2: 422.29729729729735
04-10 19:24:17.407 17540 17641 I RobotCore: SHOOTER RPM1: 241.3127413127413
04-10 19:24:17.407 17540 17641 I RobotCore: SHOOTER RPM2: 263.6565136565137
04-10 19:24:17.417 17540 17641 I RobotCore: SHOOTER RPM1: 861.5463160917708
04-10 19:24:17.417 17540 17641 I RobotCore: SHOOTER RPM2: 1005.1373687737324
04-10 19:24:17.428 17540 17641 I RobotCore: SHOOTER RPM1: 1435.9105268196176
04-10 19:24:17.428 17540 17641 I RobotCore: SHOOTER RPM2: 1531.637895274259
04-10 19:24:17.439 17540 17641 I RobotCore: SHOOTER RPM1: 637.065637065637
04-10 19:24:17.439 17540 17641 I RobotCore: SHOOTER RPM2: 694.980694980695
04-10 19:24:17.449 17540 17641 I RobotCore: SHOOTER RPM1: 1100.8647372283738
04-10 19:24:17.449 17540 17641 I RobotCore: SHOOTER RPM2: 1196.592105683015
04-10 19:24:17.460 17540 17641 I RobotCore: SHOOTER RPM1: 0.0
04-10 19:24:17.460 17540 17641 I RobotCore: SHOOTER RPM2: 0.0
04-10 19:24:17.470 17540 17641 I RobotCore: SHOOTER RPM1: 1723.0926321835416
04-10 19:24:17.471 17540 17641 I RobotCore: SHOOTER RPM2: 1866.6836848655034
04-10 19:24:17.481 17540 17641 I RobotCore: SHOOTER RPM1: 239.31842113660295
04-10 19:24:17.481 17540 17641 I RobotCore: SHOOTER RPM2: 287.18210536392354
04-10 19:24:26.450 17540 17597 V Robocol : received command: CMD_INIT_OP_MODE(11391) $Stop$Robot$
04-10 19:24:26.475 17540 17629 V RobotCore: waiting for service user linear op mode
04-10 19:24:26.475 17540 17641 D RobotCore: LinearOpMode received an InterruptedException; shutting down this linear op mode
04-10 19:24:26.476 17540 17641 V RobotCore: thread: ...terminating 'LinearOpMode main'
04-10 19:24:26.476 17540 17629 V RobotCore: awaitTermination returned, isTerminated=true
04-10 19:24:26.476 17540 17629 V RobotCore: executive service user linear op mode is terminated
04-10 19:24:26.477 17540 17629 I RobotCore: Attempting to switch to op mode $Stop$Robot$
04-10 19:24:26.543 17540 17602 V Robocol : sending CMD_INIT_OP_MODE_RESP(1491), attempt: 0
04-10 19:24:26.570 17540 17597 V Robocol : received command: CMD_INIT_OP_MODE_RESP(1491) $Stop$Robot$
04-10 19:24:26.570 17540 17597 V Robocol : received command: CMD_RUN_OP_MODE(11397) $Stop$Robot$
04-10 19:24:26.703 17540 17602 V Robocol : sending CMD_RUN_OP_MODE_RESP(1497), attempt: 0
04-10 19:24:26.731 17540 17597 V Robocol : received command: CMD_RUN_OP_MODE_RESP(1497) $Stop$Robot$
04-10 19:24:37.892 17540 17622 W RobotCore: Modern Robotics USB header sync bytes are incorrect
04-10 19:24:37.892 17540 17622 W RobotCore: [55 aa 00 40 1e] -> [00 00 00 00 00]
04-10 19:24:37.892 17540 17625 W RobotCore: [55 aa 80 40 1e] -> [33 cc 80 40 1e]
04-10 19:24:37.893 17540 17625 W RobotCore: could not read Modern Robotics USB DC Motor Controller [AI049QOP]: comm timeout on payload
04-10 19:24:37.893 17540 17622 W RobotCore: could not write to Modern Robotics USB DC Motor Controller [AL00VWH0]: comm timeout
04-10 19:24:37.894 17540 17616 W RobotCore: [55 aa 80 03 15] -> [33 cc 80 03 15]
04-10 19:24:37.894 17540 17616 W RobotCore: could not read Modern Robotics USB Core Device Interface Module [AI02RHDJ]: comm timeout on payload
04-10 19:24:37.956 17540 17540 D UsbDeviceConnectionJNI: close
04-10 19:24:37.957 17540 17600 D ProcessRequestThread::: Device has been closed.
04-10 19:24:37.958 17540 17600 W System.err: java.lang.InterruptedException
04-10 19:24:37.958 17540 17600 W System.err: 	at java.util.concurrent.locks.AbstractQueuedSynchronizer.doAcquireSharedInterruptibly(AbstractQueuedSynchronizer.java:972)
04-10 19:24:37.958 17540 17600 W System.err: 	at java.util.concurrent.locks.AbstractQueuedSynchronizer.acquireSharedInterruptibly(AbstractQueuedSynchronizer.java:1278)
04-10 19:24:37.958 17540 17599 D BulkIn::: Stop BulkIn thread
04-10 19:24:37.958 17540 17600 W System.err: 	at java.util.concurrent.Semaphore.acquire(Semaphore.java:284)
04-10 19:24:37.958 17540 17600 W System.err: 	at com.ftdi.j2xx.ProcessInCtrl.acquireReadableBuffer(FT_Device.java:2294)
04-10 19:24:37.958 17540 17600 W System.err: 	at com.ftdi.j2xx.ProcessRequestWorker.run(FT_Device.java:2764)
04-10 19:24:37.958 17540 17600 W System.err: 	at java.lang.Thread.run(Thread.java:818)
04-10 19:24:37.959 17540 17599 W System.err: java.lang.NullPointerException: Attempt to invoke virtual method 'int com.ftdi.j2xx.D2xxManager$DriverParameters.getBufferNumber()' on a null object reference
04-10 19:24:37.959 17540 17599 W System.err: 	at com.ftdi.j2xx.ProcessInCtrl.releaseWritableBuffers(FT_Device.java:2672)
04-10 19:24:37.959 17540 17599 W System.err: 	at com.ftdi.j2xx.BulkInWorker.run(FT_Device.java:2879)
04-10 19:24:37.959 17540 17599 W System.err: 	at java.lang.Thread.run(Thread.java:818)
04-10 19:24:38.002 17540 17619 E FTDI_Device::: UsbConnection.requestWait() == null
04-10 19:24:38.002 17540 17601 W RobotCore: error: closed: FT_Device.read()=-1
04-10 19:24:38.002 17540 17601 V RobotCore: thread: ...terminating 'r/w loop: Modern Robotics USB Servo Controller [AL00VST0]'
04-10 19:24:38.006 17540 17540 D UsbDeviceConnectionJNI: close
04-10 19:24:38.007 17540 17627 D ProcessRequestThread::: Device has been closed.
04-10 19:24:38.007 17540 17627 W System.err: java.lang.InterruptedException
04-10 19:24:38.008 17540 17627 W System.err: 	at java.util.concurrent.locks.AbstractQueuedSynchronizer.doAcquireSharedInterruptibly(AbstractQueuedSynchronizer.java:972)
04-10 19:24:38.008 17540 17627 W System.err: 	at java.util.concurrent.locks.AbstractQueuedSynchronizer.acquireSharedInterruptibly(AbstractQueuedSynchronizer.java:1278)
04-10 19:24:38.008 17540 17627 W System.err: 	at java.util.concurrent.Semaphore.acquire(Semaphore.java:284)
04-10 19:24:38.008 17540 17627 W System.err: 	at com.ftdi.j2xx.ProcessInCtrl.acquireReadableBuffer(FT_Device.java:2294)
04-10 19:24:38.008 17540 17627 W System.err: 	at com.ftdi.j2xx.ProcessRequestWorker.run(FT_Device.java:2764)
04-10 19:24:38.008 17540 17627 W System.err: 	at java.lang.Thread.run(Thread.java:818)
04-10 19:24:38.008 17540 17628 W RobotCore: could not write to Modern Robotics USB DC Motor Controller [AL00VBIF]: FTDI Null Pointer Exception
04-10 19:24:38.008 17540 17628 E RobotCore: java.lang.NullPointerException: Attempt to invoke interface method 'void java.util.concurrent.locks.Lock.unlock()' on a null object reference
04-10 19:24:38.009 17540 17628 E RobotCore: com.ftdi.j2xx.ProcessInCtrl.readBulkInData(FT_Device.java:2520)
04-10 19:24:38.009 17540 17628 E RobotCore: com.ftdi.j2xx.FT_Device.read(FT_Device.java:666)
04-10 19:24:38.009 17540 17628 E RobotCore: com.qualcomm.robotcore.hardware.usb.ftdi.RobotUsbDeviceFtdi.read(RobotUsbDeviceFtdi.java:199)
04-10 19:24:38.009 17540 17628 E RobotCore: com.qualcomm.robotcore.hardware.usb.ftdi.RobotUsbDeviceFtdi.read(RobotUsbDeviceFtdi.java:176)
04-10 19:24:38.009 17540 17628 E RobotCore: com.qualcomm.modernrobotics.ReadWriteRunnableUsbHandler.a(SourceFile:77)
04-10 19:24:38.009 17540 17628 E RobotCore: com.qualcomm.modernrobotics.ReadWriteRunnableUsbHandler.read(SourceFile:66)
04-10 19:24:38.009 17540 17628 E RobotCore: com.qualcomm.hardware.modernrobotics.ReadWriteRunnableStandard$1.run(ReadWriteRunnableStandard.java:343)
04-10 19:24:38.009 17540 17628 E RobotCore: com.qualcomm.robotcore.util.ThreadPool.logThreadLifeCycle(ThreadPool.java:513)
04-10 19:24:38.009 17540 17628 E RobotCore: com.qualcomm.hardware.modernrobotics.ReadWriteRunnableStandard.run(ReadWriteRunnableStandard.java:302)
04-10 19:24:38.009 17540 17628 E RobotCore: java.util.concurrent.ThreadPoolExecutor.runWorker(ThreadPoolExecutor.java:1113)
04-10 19:24:38.009 17540 17628 E RobotCore: java.util.concurrent.ThreadPoolExecutor$Worker.run(ThreadPoolExecutor.java:588)
04-10 19:24:38.009 17540 17628 E RobotCore: java.lang.Thread.run(Thread.java:818)
04-10 19:24:38.010 17540 17626 D BulkIn::: Stop BulkIn thread
04-10 19:24:38.010 17540 17626 W System.err: java.lang.NullPointerException: Attempt to invoke virtual method 'int com.ftdi.j2xx.D2xxManager$DriverParameters.getBufferNumber()' on a null object reference
04-10 19:24:38.010 17540 17626 W System.err: 	at com.ftdi.j2xx.ProcessInCtrl.releaseWritableBuffers(FT_Device.java:2672)
04-10 19:24:38.010 17540 17626 W System.err: 	at com.ftdi.j2xx.BulkInWorker.run(FT_Device.java:2879)
04-10 19:24:38.010 17540 17626 W System.err: 	at java.lang.Thread.run(Thread.java:818)
04-10 19:24:38.011 17540 17628 V RobotCore: thread: ...terminating 'r/w loop: Modern Robotics USB DC Motor Controller [AL00VBIF]'
04-10 19:24:38.012 17540 17597 D RobotCore: system telemetry: key=$System$Warning$ msg="problem communicating with Modern Robotics USB DC Motor Controller [AL00VBIF]; problem communicating with Modern Robotics USB Servo Controller [AL00VST0]"
04-10 19:24:38.047 17540 17625 E FTDI_Device::: UsbConnection.requestWait() == null
04-10 19:24:38.059 17540 17540 D UsbDeviceConnectionJNI: close
04-10 19:24:38.060 17540 17625 W RobotCore: could not write to Modern Robotics USB DC Motor Controller [AI049QOP]: FTDI Null Pointer Exception
04-10 19:24:38.060 17540 17625 E RobotCore: java.lang.NullPointerException: Attempt to invoke interface method 'void java.util.concurrent.locks.Lock.unlock()' on a null object reference
04-10 19:24:38.060 17540 17623 D BulkIn::: Stop BulkIn thread
04-10 19:24:38.060 17540 17623 W System.err: java.lang.NullPointerException: Attempt to invoke virtual method 'int com.ftdi.j2xx.D2xxManager$DriverParameters.getBufferNumber()' on a null object reference
04-10 19:24:38.060 17540 17625 E RobotCore: com.ftdi.j2xx.ProcessInCtrl.readBulkInData(FT_Device.java:2520)
04-10 19:24:38.060 17540 17625 E RobotCore: com.ftdi.j2xx.FT_Device.read(FT_Device.java:666)
04-10 19:24:38.060 17540 17624 D ProcessRequestThread::: Device has been closed.
04-10 19:24:38.060 17540 17625 E RobotCore: com.qualcomm.robotcore.hardware.usb.ftdi.RobotUsbDeviceFtdi.read(RobotUsbDeviceFtdi.java:199)
04-10 19:24:38.060 17540 17623 W System.err: 	at com.ftdi.j2xx.ProcessInCtrl.releaseWritableBuffers(FT_Device.java:2672)
04-10 19:24:38.060 17540 17625 E RobotCore: com.qualcomm.robotcore.hardware.usb.ftdi.RobotUsbDeviceFtdi.read(RobotUsbDeviceFtdi.java:176)
04-10 19:24:38.060 17540 17625 E RobotCore: com.qualcomm.modernrobotics.ReadWriteRunnableUsbHandler.a(SourceFile:77)
04-10 19:24:38.060 17540 17623 W System.err: 	at com.ftdi.j2xx.BulkInWorker.run(FT_Device.java:2879)
04-10 19:24:38.060 17540 17625 E RobotCore: com.qualcomm.modernrobotics.ReadWriteRunnableUsbHandler.read(SourceFile:66)
04-10 19:24:38.060 17540 17623 W System.err: 	at java.lang.Thread.run(Thread.java:818)
04-10 19:24:38.060 17540 17625 E RobotCore: com.qualcomm.hardware.modernrobotics.ReadWriteRunnableStandard$1.run(ReadWriteRunnableStandard.java:343)
04-10 19:24:38.060 17540 17625 E RobotCore: com.qualcomm.robotcore.util.ThreadPool.logThreadLifeCycle(ThreadPool.java:513)
04-10 19:24:38.060 17540 17625 E RobotCore: com.qualcomm.hardware.modernrobotics.ReadWriteRunnableStandard.run(ReadWriteRunnableStandard.java:302)
04-10 19:24:38.060 17540 17625 E RobotCore: java.util.concurrent.ThreadPoolExecutor.runWorker(ThreadPoolExecutor.java:1113)
04-10 19:24:38.060 17540 17625 E RobotCore: java.util.concurrent.ThreadPoolExecutor$Worker.run(ThreadPoolExecutor.java:588)
04-10 19:24:38.060 17540 17625 E RobotCore: java.lang.Thread.run(Thread.java:818)
04-10 19:24:38.060 17540 17624 W System.err: java.lang.InterruptedException
04-10 19:24:38.060 17540 17625 V RobotCore: thread: ...terminating 'r/w loop: Modern Robotics USB DC Motor Controller [AI049QOP]'
04-10 19:24:38.061 17540 17624 W System.err: 	at java.util.concurrent.locks.AbstractQueuedSynchronizer.doAcquireSharedInterruptibly(AbstractQueuedSynchronizer.java:972)
04-10 19:24:38.061 17540 17624 W System.err: 	at java.util.concurrent.locks.AbstractQueuedSynchronizer.acquireSharedInterruptibly(AbstractQueuedSynchronizer.java:1278)
04-10 19:24:38.061 17540 17624 W System.err: 	at java.util.concurrent.Semaphore.acquire(Semaphore.java:284)
04-10 19:24:38.061 17540 17624 W System.err: 	at com.ftdi.j2xx.ProcessInCtrl.acquireReadableBuffer(FT_Device.java:2294)
04-10 19:24:38.061 17540 17624 W System.err: 	at com.ftdi.j2xx.ProcessRequestWorker.run(FT_Device.java:2764)
04-10 19:24:38.061 17540 17624 W System.err: 	at java.lang.Thread.run(Thread.java:818)
04-10 19:24:38.065 17540 17540 D MediaPlayer: setSubtitleAnchor in MediaPlayer
04-10 19:24:38.065 17540 17608 D MediaPlayer: setSubtitleAnchor in MediaPlayer
04-10 19:24:38.086 17540 17606 D ExtendedUtils: extended extractor not needed, return default
04-10 19:24:38.087 17540 17606 I MediaCodec: (0xb7f6ec08) init name(audio/raw) isType(1) encoder(0)
04-10 19:24:38.088 17540 17670 I OMXClient: Using client-side OMX mux.
04-10 19:24:38.091 17540 17670 E OMXMaster: A component of name 'OMX.qcom.audio.decoder.aac' already exists, ignoring this one.
04-10 19:24:38.092 17540 17540 D UsbDeviceConnectionJNI: close
04-10 19:24:38.093 17540 17616 W RobotCore: could not write to Modern Robotics USB Core Device Interface Module [AI02RHDJ]: FTDI Null Pointer Exception
04-10 19:24:38.093 17540 17616 E RobotCore: java.lang.NullPointerException: Attempt to invoke virtual method 'int android.hardware.usb.UsbDeviceConnection.controlTransfer(int, int, int, int, byte[], int, int)' on a null object reference
04-10 19:24:38.093 17540 17616 E RobotCore: com.ftdi.j2xx.FT_Device.purgeRxTx(FT_Device.java:1746)
04-10 19:24:38.093 17540 17616 E RobotCore: com.ftdi.j2xx.FT_Device.purge(FT_Device.java:1730)
04-10 19:24:38.093 17540 17616 E RobotCore: com.qualcomm.robotcore.hardware.usb.ftdi.RobotUsbDeviceFtdi.purgeIfNecessary(RobotUsbDeviceFtdi.java:101)
04-10 19:24:38.093 17540 17616 E RobotCore: com.qualcomm.robotcore.hardware.usb.ftdi.RobotUsbDeviceFtdi.write(RobotUsbDeviceFtdi.java:150)
04-10 19:24:38.093 17540 17616 E RobotCore: com.qualcomm.modernrobotics.ReadWriteRunnableUsbHandler.b(SourceFile:106)
04-10 19:24:38.093 17540 17616 E RobotCore: com.qualcomm.modernrobotics.ReadWriteRunnableUsbHandler.write(SourceFile:98)
04-10 19:24:38.093 17540 17616 E RobotCore: com.qualcomm.hardware.modernrobotics.ReadWriteRunnableStandard$1.run(ReadWriteRunnableStandard.java:408)
04-10 19:24:38.093 17540 17616 E RobotCore: com.qualcomm.robotcore.util.ThreadPool.logThreadLifeCycle(ThreadPool.java:513)
04-10 19:24:38.093 17540 17616 E RobotCore: com.qualcomm.hardware.modernrobotics.ReadWriteRunnableStandard.run(ReadWriteRunnableStandard.java:302)
04-10 19:24:38.093 17540 17616 E RobotCore: java.util.concurrent.ThreadPoolExecutor.runWorker(ThreadPoolExecutor.java:1113)
04-10 19:24:38.093 17540 17616 E RobotCore: java.util.concurrent.ThreadPoolExecutor$Worker.run(ThreadPoolExecutor.java:588)
04-10 19:24:38.093 17540 17616 E RobotCore: java.lang.Thread.run(Thread.java:818)
04-10 19:24:38.094 17540 17603 D BulkIn::: Stop BulkIn thread
04-10 19:24:38.094 17540 17603 W System.err: java.lang.NullPointerException: Attempt to invoke virtual method 'int com.ftdi.j2xx.D2xxManager$DriverParameters.getBufferNumber()' on a null object reference
04-10 19:24:38.094 17540 17603 W System.err: 	at com.ftdi.j2xx.ProcessInCtrl.releaseWritableBuffers(FT_Device.java:2672)
04-10 19:24:38.094 17540 17603 W System.err: 	at com.ftdi.j2xx.BulkInWorker.run(FT_Device.java:2879)
04-10 19:24:38.094 17540 17603 W System.err: 	at java.lang.Thread.run(Thread.java:818)
04-10 19:24:38.094 17540 17604 D ProcessRequestThread::: Device has been closed.
04-10 19:24:38.094 17540 17604 W System.err: java.lang.InterruptedException
04-10 19:24:38.094 17540 17604 W System.err: 	at java.util.concurrent.locks.AbstractQueuedSynchronizer.doAcquireSharedInterruptibly(AbstractQueuedSynchronizer.java:972)
04-10 19:24:38.094 17540 17604 W System.err: 	at java.util.concurrent.locks.AbstractQueuedSynchronizer.acquireSharedInterruptibly(AbstractQueuedSynchronizer.java:1278)
04-10 19:24:38.095 17540 17604 W System.err: 	at java.util.concurrent.Semaphore.acquire(Semaphore.java:284)
04-10 19:24:38.095 17540 17604 W System.err: 	at com.ftdi.j2xx.ProcessInCtrl.acquireReadableBuffer(FT_Device.java:2294)
04-10 19:24:38.095 17540 17604 W System.err: 	at com.ftdi.j2xx.ProcessRequestWorker.run(FT_Device.java:2764)
04-10 19:24:38.095 17540 17604 W System.err: 	at java.lang.Thread.run(Thread.java:818)
04-10 19:24:38.095 17540 17616 V RobotCore: thread: ...terminating 'r/w loop: Modern Robotics USB Core Device Interface Module [AI02RHDJ]'
04-10 19:24:38.096 17540 17670 I MediaCodec: (0xb7f6ec08) Component Allocated (OMX.google.raw.decoder)
04-10 19:24:38.097 17540 17606 I MediaCodec: (0xb7f6ec08) configure surface(0x0) crypto(0x0) flags(0)
04-10 19:24:38.097 17540 17606 D MediaCodec: (0xb7f6ec08) configure format: AMessage(what = 0x00000000) = {
04-10 19:24:38.097 17540 17606 D MediaCodec:    string mime = "audio/raw"
04-10 19:24:38.097 17540 17606 D MediaCodec:    int64_t durationUs = 1043650
04-10 19:24:38.097 17540 17606 D MediaCodec:    int32_t channel-count = 2
04-10 19:24:38.097 17540 17606 D MediaCodec:    int32_t sample-rate = 44100
04-10 19:24:38.097 17540 17606 D MediaCodec:    int32_t channel-mask = 0
04-10 19:24:38.097 17540 17606 D MediaCodec:  }
04-10 19:24:38.098 17540 17606 I MediaCodec: (0xb7f6ec08) start
04-10 19:24:38.098 17540 17670 I MediaCodec: (0xb7f6ec08) input buffers allocated
04-10 19:24:38.098 17540 17670 I MediaCodec: (0xb7f6ec08) numBuffers (4)
04-10 19:24:38.098 17540 17670 I MediaCodec: (0xb7f6ec08) output buffers allocated
04-10 19:24:38.098 17540 17670 I MediaCodec: (0xb7f6ec08) numBuffers (4)
04-10 19:24:38.100 17540 17670 I MediaCodec: (0xb7f6ec08) codec output format changed
04-10 19:24:38.100 17540 17670 D MediaCodec: (0xb7f6ec08) output format: AMessage(what = 'codc', target = 10) = {
04-10 19:24:38.100 17540 17670 D MediaCodec:    string mime = "audio/raw"
04-10 19:24:38.100 17540 17670 D MediaCodec:    int32_t channel-count = 2
04-10 19:24:38.100 17540 17670 D MediaCodec:    int32_t sample-rate = 44100
04-10 19:24:38.100 17540 17670 D MediaCodec:    int32_t channel-mask = 0
04-10 19:24:38.100 17540 17670 D MediaCodec:    int32_t what = 1869968451
04-10 19:24:38.100 17540 17670 D MediaCodec:  }
04-10 19:24:38.106 17540 17606 I MediaCodec: (0xb7f6ec08) stop
04-10 19:24:38.108 17540 17606 I MediaCodec: (0xb7f6ec08) release
04-10 19:24:38.112 17540 17608 W AudioTrack: AUDIO_OUTPUT_FLAG_FAST denied by client; transfer 4, track 44100 Hz, output 48000 Hz
