--------- beginning of crash
01-05 23:02:03.801  7323  7323 E AndroidRuntime: FATAL EXCEPTION: main
01-05 23:02:03.801  7323  7323 E AndroidRuntime: Process: com.qualcomm.ftcrobotcontroller, PID: 7323
01-05 23:02:03.801  7323  7323 E AndroidRuntime: java.lang.RuntimeException: Unable to stop activity {com.qualcomm.ftcrobotcontroller/org.firstinspires.ftc.robotcontroller.internal.FtcRobotControllerActivity}: java.lang.NullPointerException: Attempt to invoke virtual method 'void com.qualcomm.ftccommon.FtcRobotControllerService.shutdownRobot()' on a null object reference
01-05 23:02:03.801  7323  7323 E AndroidRuntime: 	at android.app.ActivityThread.handleSleeping(ActivityThread.java:3645)
01-05 23:02:03.801  7323  7323 E AndroidRuntime: 	at android.app.ActivityThread.-wrap19(ActivityThread.java)
01-05 23:02:03.801  7323  7323 E AndroidRuntime: 	at android.app.ActivityThread$H.handleMessage(ActivityThread.java:1529)
01-05 23:02:03.801  7323  7323 E AndroidRuntime: 	at android.os.Handler.dispatchMessage(Handler.java:102)
01-05 23:02:03.801  7323  7323 E AndroidRuntime: 	at android.os.Looper.loop(Looper.java:148)
01-05 23:02:03.801  7323  7323 E AndroidRuntime: 	at android.app.ActivityThread.main(ActivityThread.java:5456)
01-05 23:02:03.801  7323  7323 E AndroidRuntime: 	at java.lang.reflect.Method.invoke(Native Method)
01-05 23:02:03.801  7323  7323 E AndroidRuntime: 	at com.android.internal.os.ZygoteInit$MethodAndArgsCaller.run(ZygoteInit.java:728)
01-05 23:02:03.801  7323  7323 E AndroidRuntime: 	at com.android.internal.os.ZygoteInit.main(ZygoteInit.java:618)
01-05 23:02:03.801  7323  7323 E AndroidRuntime: Caused by: java.lang.NullPointerException: Attempt to invoke virtual method 'void com.qualcomm.ftccommon.FtcRobotControllerService.shutdownRobot()' on a null object reference
01-05 23:02:03.801  7323  7323 E AndroidRuntime: 	at org.firstinspires.ftc.robotcontroller.internal.FtcRobotControllerActivity.onStop(FtcRobotControllerActivity.java:319)
01-05 23:02:03.801  7323  7323 E AndroidRuntime: 	at android.app.Instrumentation.callActivityOnStop(Instrumentation.java:1301)
01-05 23:02:03.801  7323  7323 E AndroidRuntime: 	at android.app.Activity.performStop(Activity.java:6403)
01-05 23:02:03.801  7323  7323 E AndroidRuntime: 	at android.app.ActivityThread.handleSleeping(ActivityThread.java:3642)
01-05 23:02:03.801  7323  7323 E AndroidRuntime: 	... 8 more
--------- beginning of main
01-05 23:39:28.184 11546 11666 I chatty  : uid=10109(com.qualcomm.ftcrobotcontroller) expire 9 lines
01-05 23:39:28.253 11546 11643 I chatty  : uid=10109(com.qualcomm.ftcrobotcontroller) expire 7 lines
01-05 23:39:28.553 11546 11655 I chatty  : uid=10109(com.qualcomm.ftcrobotcontroller) expire 2 lines
01-05 23:39:43.014 11546 11552 I chatty  : uid=10109(com.qualcomm.ftcrobotcontroller) expire 1 line
01-05 23:39:45.244 11546 11806 I chatty  : uid=10109(com.qualcomm.ftcrobotcontroller) expire 1 line
01-05 23:39:45.246 11546 11652 I chatty  : uid=10109(com.qualcomm.ftcrobotcontroller) expire 7 lines
01-05 23:39:45.250 11546 11810 I chatty  : uid=10109(com.qualcomm.ftcrobotcontroller) expire 9 lines
01-05 23:39:45.275 11546 11643 I chatty  : uid=10109(com.qualcomm.ftcrobotcontroller) expire 9 lines
01-05 23:39:45.285 11546 11806 I chatty  : uid=10109(com.qualcomm.ftcrobotcontroller) expire 4 lines
01-05 23:39:45.639 11546 11655 I chatty  : uid=10109(com.qualcomm.ftcrobotcontroller) expire 27 lines
01-05 23:39:53.681 11546 11546 I chatty  : uid=10109(com.qualcomm.ftcrobotcontroller) expire 9 lines
01-05 23:39:53.702 11546 11647 I chatty  : uid=10109(com.qualcomm.ftcrobotcontroller) expire 1 line
01-05 23:39:53.810 11546 11649 I chatty  : uid=10109(com.qualcomm.ftcrobotcontroller) expire 1 line
01-05 23:39:53.819 11546 11648 I chatty  : uid=10109(com.qualcomm.ftcrobotcontroller) expire 1 line
01-05 23:39:53.826 11546 11650 I chatty  : uid=10109(com.qualcomm.ftcrobotcontroller) expire 1 line
01-05 23:39:53.833 11546 11645 I chatty  : uid=10109(com.qualcomm.ftcrobotcontroller) expire 1 line
01-05 23:39:53.837 11546 11646 I chatty  : uid=10109(com.qualcomm.ftcrobotcontroller) expire 1 line
01-05 23:39:55.844 11994 11994 I chatty  : uid=10109(com.qualcomm.ftcrobotcontroller) expire 57 lines
01-05 23:39:56.258 11994 12009 I chatty  : uid=10109(com.qualcomm.ftcrobotcontroller) expire 2 lines
01-05 23:39:58.106 11994 12040 I chatty  : uid=10109(com.qualcomm.ftcrobotcontroller) expire 2 lines
01-05 23:39:58.235 11994 12045 I chatty  : uid=10109(com.qualcomm.ftcrobotcontroller) expire 4 lines
01-05 23:41:51.434 12977 12977 I chatty  : uid=10109(com.qualcomm.ftcrobotcontroller) expire 2 lines
01-05 23:41:52.091 13005 13005 I chatty  : uid=10109(com.qualcomm.ftcrobotcontroller) expire 2 lines
01-05 23:41:52.686 12977 12977 I chatty  : uid=10109(com.qualcomm.ftcrobotcontroller) expire 1 line
01-05 23:41:52.690 12977 13012 I chatty  : uid=10109(com.qualcomm.ftcrobotcontroller) expire 2 lines
01-05 23:41:52.720 12977 12977 I chatty  : uid=10109(com.qualcomm.ftcrobotcontroller) expire 1 line
01-05 23:41:52.713 13014 13014 I chatty  : uid=10109(com.qualcomm.ftcrobotcontroller) ps expire 3 lines
01-05 23:41:52.713 13014 13014 W ps      : type=1400 audit(0.0:76695): avc: denied { getattr } for uid=10109 path="/proc/2" dev="proc" ino=1529584 scontext=u:r:untrusted_app:s0:c512,c768 tcontext=u:r:kernel:s0 tclass=dir permissive=0
01-05 23:41:52.713 13014 13014 W ps      : type=1400 audit(0.0:76696): avc: denied { search } for uid=10109 name="2" dev="proc" ino=1529584 scontext=u:r:untrusted_app:s0:c512,c768 tcontext=u:r:kernel:s0 tclass=dir permissive=0
01-05 23:41:52.713 13014 13014 W ps      : type=1400 audit(0.0:76697): avc: denied { search } for uid=10109 name="2" dev="proc" ino=1529584 scontext=u:r:untrusted_app:s0:c512,c768 tcontext=u:r:kernel:s0 tclass=dir permissive=0
01-05 23:41:52.713 13014 13014 W ps      : type=1400 audit(0.0:76698): avc: denied { getattr } for uid=10109 path="/proc/3" dev="proc" ino=1529585 scontext=u:r:untrusted_app:s0:c512,c768 tcontext=u:r:kernel:s0 tclass=dir permissive=0
01-05 23:41:52.713 13014 13014 W ps      : type=1400 audit(0.0:76699): avc: denied { search } for uid=10109 name="3" dev="proc" ino=1529585 scontext=u:r:untrusted_app:s0:c512,c768 tcontext=u:r:kernel:s0 tclass=dir permissive=0
01-05 23:41:52.713 13014 13014 W ps      : type=1400 audit(0.0:76700): avc: denied { search } for uid=10109 name="3" dev="proc" ino=1529585 scontext=u:r:untrusted_app:s0:c512,c768 tcontext=u:r:kernel:s0 tclass=dir permissive=0
01-05 23:41:52.713 13014 13014 W ps      : type=1400 audit(0.0:76701): avc: denied { getattr } for uid=10109 path="/proc/5" dev="proc" ino=1529586 scontext=u:r:untrusted_app:s0:c512,c768 tcontext=u:r:kernel:s0 tclass=dir permissive=0
01-05 23:41:52.713 13014 13014 W ps      : type=1400 audit(0.0:76702): avc: denied { search } for uid=10109 name="5" dev="proc" ino=1529586 scontext=u:r:untrusted_app:s0:c512,c768 tcontext=u:r:kernel:s0 tclass=dir permissive=0
01-05 23:41:52.713 13014 13014 W ps      : type=1400 audit(0.0:76703): avc: denied { search } for uid=10109 name="5" dev="proc" ino=1529586 scontext=u:r:untrusted_app:s0:c512,c768 tcontext=u:r:kernel:s0 tclass=dir permissive=0
01-05 23:41:52.713 13014 13014 W ps      : type=1400 audit(0.0:76704): avc: denied { getattr } for uid=10109 path="/proc/6" dev="proc" ino=1529587 scontext=u:r:untrusted_app:s0:c512,c768 tcontext=u:r:kernel:s0 tclass=dir permissive=0
01-05 23:41:52.713 13014 13014 W ps      : type=1400 audit(0.0:76705): avc: denied { search } for uid=10109 name="6" dev="proc" ino=1529587 scontext=u:r:untrusted_app:s0:c512,c768 tcontext=u:r:kernel:s0 tclass=dir permissive=0
01-05 23:41:52.713 13014 13014 W ps      : type=1400 audit(0.0:76706): avc: denied { search } for uid=10109 name="6" dev="proc" ino=1529587 scontext=u:r:untrusted_app:s0:c512,c768 tcontext=u:r:kernel:s0 tclass=dir permissive=0
01-05 23:41:52.713 13014 13014 W ps      : type=1400 audit(0.0:76707): avc: denied { getattr } for uid=10109 path="/proc/7" dev="proc" ino=1529588 scontext=u:r:untrusted_app:s0:c512,c768 tcontext=u:r:kernel:s0 tclass=dir permissive=0
01-05 23:41:52.713 13014 13014 W ps      : type=1400 audit(0.0:76708): avc: denied { search } for uid=10109 name="7" dev="proc" ino=1529588 scontext=u:r:untrusted_app:s0:c512,c768 tcontext=u:r:kernel:s0 tclass=dir permissive=0
01-05 23:41:52.713 13014 13014 W ps      : type=1400 audit(0.0:76709): avc: denied { search } for uid=10109 name="7" dev="proc" ino=1529588 scontext=u:r:untrusted_app:s0:c512,c768 tcontext=u:r:kernel:s0 tclass=dir permissive=0
01-05 23:41:52.713 13014 13014 W ps      : type=1400 audit(0.0:76710): avc: denied { getattr } for uid=10109 path="/proc/8" dev="proc" ino=1529589 scontext=u:r:untrusted_app:s0:c512,c768 tcontext=u:r:kernel:s0 tclass=dir permissive=0
01-05 23:41:52.713 13014 13014 W ps      : type=1400 audit(0.0:76711): avc: denied { search } for uid=10109 name="8" dev="proc" ino=1529589 scontext=u:r:untrusted_app:s0:c512,c768 tcontext=u:r:kernel:s0 tclass=dir permissive=0
01-05 23:41:52.749 12977 12977 W System  : ClassLoader referenced unknown path: /system/app/WebViewGoogle/lib/arm
01-05 23:41:52.763 12977 12977 I cr.library_loader: Time to load native libraries: 9 ms (timestamps 2893-2902)
01-05 23:41:52.763 12977 12977 I cr.library_loader: Expected native library version number "46.0.2490.76", actual native library version number "46.0.2490.76"
01-05 23:41:52.775 12977 12977 V WebViewChromiumFactoryProvider: Binding Chromium to main looper Looper (main, tid 1) {717921f}
01-05 23:41:52.776 12977 12977 I cr.library_loader: Expected native library version number "46.0.2490.76", actual native library version number "46.0.2490.76"
01-05 23:41:52.776 12977 12977 I chromium: [INFO:library_loader_hooks.cc(118)] Chromium logging enabled: level = 0, default verbosity = 0
01-05 23:41:52.783 12977 12977 I cr.BrowserStartup: Initializing chromium process, singleProcess=true
01-05 23:41:52.788 12977 12977 E SysUtils: ApplicationContext is null in ApplicationStatus
01-05 23:41:52.809 12977 12977 I Adreno-EGL: <qeglDrvAPI_eglInitialize:379>: EGL 1.4 QUALCOMM build:  (Ifd751822f5)
01-05 23:41:52.809 12977 12977 I Adreno-EGL: OpenGL ES Shader Compiler Version: XE031.06.00.05
01-05 23:41:52.809 12977 12977 I Adreno-EGL: Build Date: 01/26/16 Tue
01-05 23:41:52.809 12977 12977 I Adreno-EGL: Local Branch: AU12_SBA
01-05 23:41:52.809 12977 12977 I Adreno-EGL: Remote Branch: 
01-05 23:41:52.809 12977 12977 I Adreno-EGL: Local Patches: 
01-05 23:41:52.809 12977 12977 I Adreno-EGL: Reconstruct Branch: 
01-05 23:41:52.838 12977 12977 E chromium: [ERROR:browser_gpu_channel_host_factory.cc(258)] Failed to init browser shader disk cache.
01-05 23:41:52.854 12977 12977 E libEGL  : validate_display:255 error 3008 (EGL_BAD_DISPLAY)
01-05 23:41:52.883 12977 12977 W art     : Attempt to remove non-JNI local reference, dumping thread
01-05 23:41:52.893 12977 12977 W AwContents: onDetachedFromWindow called when already detached. Ignoring
01-05 23:41:54.418 12977 12977 V RobotCore: Network: inactive, disconnected
01-05 23:41:54.426 12977 12977 V RCActivity: onStart()
01-05 23:41:54.429 12977 12977 V RCActivity: onResume()
01-05 23:41:54.434 12977 13042 D OpenGLRenderer: Use EGL_SWAP_BEHAVIOR_PRESERVED: true
01-05 23:41:54.465 12977 12977 V FTCService: onCreate()
01-05 23:41:54.465 12977 12977 V FTCService: onBind()
01-05 23:41:54.465 12977 12977 V FTCService: Android device is motorola, MotoG3
01-05 23:41:54.466 12977 12977 V RobotCore: Starting network of type: WIFIDIRECT
01-05 23:41:54.469 12977 12977 V WifiDirect: There are 1 Wifi Direct Assistant Clients (+)
01-05 23:41:54.469 12977 12977 V WifiDirect: Enabling Wifi Direct Assistant
01-05 23:41:54.506 12977 13042 I OpenGLRenderer: Initialized EGL, version 1.4
01-05 23:41:54.525 12977 12977 D WifiDirect: broadcast: state - enabled: true
01-05 23:41:54.527 12977 12977 D WifiDirect: broadcast: connection changed: connectStatus=NOT_CONNECTED networkInfo.state=CONNECTED
01-05 23:41:54.528 12977 12977 V WifiDirect: NetworkInfo: [type: WIFI_P2P[], state: CONNECTED/CONNECTED, reason: (unspecified), extra: (none), roaming: false, failover: false, isAvailable: true]
01-05 23:41:54.528 12977 12977 V WifiDirect: WifiP2pInfo: groupFormed: true isGroupOwner: true operatingChannel: 2412 groupOwnerAddress: /192.168.49.1 mccMode: false
01-05 23:41:54.528 12977 12977 V WifiDirect: WifiP2pGroup: network: DIRECT-u3-9899-E-RC, isGO: true, Operating Channel: 2412, GO: Device: , deviceAddress: 24:da:9b:6a:a2:ba, primary type: null, secondary type: null, wps: 0, grpcapab: 0, devcapab: 0, status: 4, wfdInfo: WFD enabled: falseWFD DeviceInfo: 0, WFD CtrlPort: 0, WFD MaxThroughput: 0, level: 0, Client: Device: 9899-D-DS, deviceAddress: a4:70:d6:d3:3d:55, primary type: 10-0050F204-5, secondary type: null, wps: 392, grpcapab: 0, devcapab: 37, status: 0, wfdInfo: null, level: 60, interface: p2p0, networkId: 1, mGoOperFreq: 2412
01-05 23:41:54.529 12977 12977 D WifiDirect: broadcast: this device changed
01-05 23:41:54.529 12977 12977 V WifiDirect: device information: 9899-E-RC 24:da:9b:6a:a2:ba
01-05 23:41:54.529 12977 12977 V FTCService: RCActivity.controllerService=bound
01-05 23:41:54.529 12977 12977 V RobotCore: Network: unknown, disconnected
01-05 23:41:54.530 12977 12977 V RobotCore: Robot Status: stopped
01-05 23:41:54.547 12977 12977 D OpmodeRegistration: registered {DefaultOpMode} as {$Stop$Robot$}
01-05 23:41:54.547 12977 12977 V FTCService: Processing robot setup
01-05 23:41:54.549 12977 12977 D WifiDirect: cannot create group, does group already exist?
01-05 23:41:54.552 12977 13046 V RobotCore: thread: 'RobotSetupRunnable.run()' starting...
01-05 23:41:54.552 12977 13046 V RobotCore: Robot Status: stopped, scanning for USB devices
01-05 23:41:54.634 12977 12977 D WifiDirect: group owners address: /192.168.49.1
01-05 23:41:54.635 12977 12977 D WifiDirect: group formed, this device is the group owner (GO)
01-05 23:41:54.635 12977 12977 I FTCService: Wifi Direct - connected as group owner
01-05 23:41:54.635 12977 12977 D WifiDirect: stop discovering peers
01-05 23:41:54.641 12977 12977 V RobotCore: Network: enabled, disconnected
01-05 23:41:54.667 12977 12977 V WifiDirect: connection information available
01-05 23:41:54.667 12977 12977 V WifiDirect: connection information - groupOwnerName = 9899-E-RC
01-05 23:41:54.667 12977 12977 V WifiDirect: connection information - groupOwnerMacAddress = 24:da:9b:6a:a2:ba
01-05 23:41:54.667 12977 12977 V WifiDirect: connection information - groupInterface = p2p0
01-05 23:41:54.667 12977 12977 V WifiDirect: connection information - groupNetworkName = DIRECT-u3-9899-E-RC
01-05 23:41:54.667 12977 12977 I FTCService: Network Connection Passphrase: ZY55bu2t
01-05 23:41:54.668 12977 12977 V RobotCore: Network: active, disconnected
01-05 23:41:59.548 12977 12977 I RobotCore: Battery Checker, Level Remaining: 100.0
01-05 23:41:59.549 12977 12977 I RobotCore: Battery Checker, Level Remaining: 100.0
01-05 23:41:59.553 12977 13046 V RobotCore: EventLoopManager state is NOT_STARTED
01-05 23:41:59.554 12977 13046 V RobotCore: Robot Status: stopped, waiting on network
01-05 23:41:59.557 12977 13046 V RobotCore: Robot Status: stopped, starting robot
01-05 23:41:59.557 12977 13046 V Robocol : EventLoopManager.start()
01-05 23:41:59.558 12977 13046 V RobotCore: Starting network of type: WIFIDIRECT
01-05 23:41:59.558 12977 13046 V Robocol : Spoofing a Network Connection event...
01-05 23:41:59.559 12977 13046 V RobotCore: executive service EventLoop is terminated
01-05 23:41:59.559 12977 13046 V RobotCore: EventLoopManager state is STOPPED
01-05 23:41:59.560 12977 13050 V RobotCore: thread: 'SetupRunnable.run()' starting...
01-05 23:41:59.561 12977 13046 V Robocol : eventLoop=FtcEventLoop
01-05 23:41:59.561 12977 13046 V RobotCore: EventLoopManager state is INIT
01-05 23:41:59.562 12977 13046 V RobotCore: Robot Status: initializing, starting robot
01-05 23:41:59.562 12977 13046 I FIRST   : ======= INIT START =======
01-05 23:41:59.568 12977 13046 D OpmodeRegistration: registered {RunAMotorOrTwo} as {RunAMotorOrTwo}
01-05 23:41:59.569 12977 13046 D OpmodeRegistration: registered {Shooter} as {Shooter}
01-05 23:41:59.569 12977 13046 D OpmodeRegistration: registered {ShooterData} as {ShooterData}
01-05 23:41:59.570 12977 13046 D OpmodeRegistration: registered {WestCoastBluePID_AutoTest} as {WestCoastBluePID_AutoTest}
01-05 23:41:59.571 12977 13046 D OpmodeRegistration: registered {WestCoastRedPID_AutoTest} as {WestCoastRedPID_AutoTest}
01-05 23:41:59.572 12977 13046 D OpmodeRegistration: registered {FinalTeleOp} as {FinalTeleOp}
01-05 23:41:59.585 12977 13046 V D2xx::  : Start constructor
01-05 23:41:59.602 12977 13046 V D2xx::  : End constructor
01-05 23:41:59.604 12977 13050 D Robocol : RobocolDatagramSocket listening addr=/192.168.49.1:20884 cbRec=65520 cbSend=163840 msRecTO=300
01-05 23:41:59.605 12977 13050 V Robocol : RecvLoopRunnable created
01-05 23:41:59.606 12977 13046 V RobotCore: Creating Modern Robotics USB Servo Controller [AL00VSDY]
01-05 23:41:59.607 12977 13050 V PeerDiscovery: Starting peer discovery
01-05 23:41:59.610 12977 13052 V RobotCore: thread: 'RecvLoopRunnable.run()' starting...
01-05 23:41:59.611 12977 13050 V RobotCore: Setup complete
01-05 23:41:59.611 12977 13050 V RobotCore: thread: ...terminating 'SetupRunnable.run()'
01-05 23:41:59.615 12977 13046 D RobotCore: arming modern servo controller Modern Robotics USB Servo Controller [AL00VSDY]...
01-05 23:41:59.617 12977 13046 W System.err: unable to find USB device with serial number AL00VSDY
01-05 23:41:59.617 12977 13046 D RobotCore: arming modern servo controller Modern Robotics USB Servo Controller [AL00VSDY] (pretend)...
01-05 23:41:59.621 12977 13046 V RobotCore: Starting up pretend device AL00VSDY
01-05 23:41:59.627 12977 13054 V RobotCore: thread: 'r/w loop: Modern Robotics USB Servo Controller [AL00VSDY]' starting...
01-05 23:41:59.628 12977 13046 D RobotCore: ...arming modern servo controller Modern Robotics USB Servo Controller [AL00VSDY] complete
01-05 23:41:59.628 12977 13046 V RobotCore: Creating Modern Robotics USB Core Device Interface Module [AL00VFK6]
01-05 23:41:59.634 12977 13046 W System.err: unable to find USB device with serial number AL00VFK6
01-05 23:41:59.635 12977 13046 V RobotCore: Starting up pretend device AL00VFK6
01-05 23:41:59.636 12977 13055 V RobotCore: thread: 'r/w loop: Modern Robotics USB Core Device Interface Module [AL00VFK6]' starting...
01-05 23:41:59.637 12977 13046 V RobotCore: Creating Modern Robotics I2C Gyro Sensor - Port: 3
01-05 23:41:59.639 12977 13046 V RobotCore: Creating I2C Device - Port: 4
01-05 23:41:59.639 12977 13046 V RobotCore: Creating Modern Robotics Analog Optical Distance Sensor - Port: 7
01-05 23:41:59.640 12977 13046 V RobotCore: Creating Modern Robotics USB DC Motor Controller [A104OQ1P]
01-05 23:41:59.646 12977 13046 D RobotCore: arming modern motor controller Modern Robotics USB DC Motor Controller [A104OQ1P]...
01-05 23:41:59.646 12977 13046 W System.err: unable to find USB device with serial number A104OQ1P
01-05 23:41:59.647 12977 13046 D RobotCore: arming modern motor controller Modern Robotics USB DC Motor Controller [A104OQ1P] (pretend)...
01-05 23:41:59.647 12977 13046 V RobotCore: Starting up pretend device A104OQ1P
01-05 23:41:59.649 12977 13056 V RobotCore: thread: 'r/w loop: Modern Robotics USB DC Motor Controller [A104OQ1P]' starting...
01-05 23:41:59.649 12977 13046 D RobotCore: ...arming modern motor controller Modern Robotics USB DC Motor Controller [A104OQ1P] complete
01-05 23:41:59.649 12977 13046 V RobotCore: Creating Modern Robotics USB DC Motor Controller [AL00VWH0]
01-05 23:41:59.650 12977 13046 D RobotCore: arming modern motor controller Modern Robotics USB DC Motor Controller [AL00VWH0]...
01-05 23:41:59.650 12977 13046 W System.err: unable to find USB device with serial number AL00VWH0
01-05 23:41:59.650 12977 13046 D RobotCore: arming modern motor controller Modern Robotics USB DC Motor Controller [AL00VWH0] (pretend)...
01-05 23:41:59.651 12977 13046 V RobotCore: Starting up pretend device AL00VWH0
01-05 23:41:59.652 12977 13057 V RobotCore: thread: 'r/w loop: Modern Robotics USB DC Motor Controller [AL00VWH0]' starting...
01-05 23:41:59.652 12977 13046 D RobotCore: ...arming modern motor controller Modern Robotics USB DC Motor Controller [AL00VWH0] complete
01-05 23:41:59.652 12977 13046 V RobotCore: Creating Modern Robotics USB DC Motor Controller [AI049QOP]
01-05 23:41:59.653 12977 13046 D RobotCore: arming modern motor controller Modern Robotics USB DC Motor Controller [AI049QOP]...
01-05 23:41:59.653 12977 13046 W System.err: unable to find USB device with serial number AI049QOP
01-05 23:41:59.653 12977 13046 D RobotCore: arming modern motor controller Modern Robotics USB DC Motor Controller [AI049QOP] (pretend)...
01-05 23:41:59.653 12977 13046 V RobotCore: Starting up pretend device AI049QOP
01-05 23:41:59.654 12977 13058 V RobotCore: thread: 'r/w loop: Modern Robotics USB DC Motor Controller [AI049QOP]' starting...
01-05 23:41:59.655 12977 13046 D RobotCore: ...arming modern motor controller Modern Robotics USB DC Motor Controller [AI049QOP] complete
01-05 23:41:59.656 12977 13046 V RobotCore: Creating Modern Robotics USB DC Motor Controller [AL00VBIF]
01-05 23:41:59.656 12977 13046 D RobotCore: arming modern motor controller Modern Robotics USB DC Motor Controller [AL00VBIF]...
01-05 23:41:59.656 12977 13046 W System.err: unable to find USB device with serial number AL00VBIF
01-05 23:41:59.657 12977 13046 D RobotCore: arming modern motor controller Modern Robotics USB DC Motor Controller [AL00VBIF] (pretend)...
01-05 23:41:59.657 12977 13046 V RobotCore: Starting up pretend device AL00VBIF
01-05 23:41:59.659 12977 13059 V RobotCore: thread: 'r/w loop: Modern Robotics USB DC Motor Controller [AL00VBIF]' starting...
01-05 23:41:59.659 12977 13046 D RobotCore: ...arming modern motor controller Modern Robotics USB DC Motor Controller [AL00VBIF] complete
01-05 23:41:59.680 12977 13046 I RobotCore: Analytics has completed initialization.
01-05 23:41:59.680 12977 13046 I RobotCore: ========= Device Information ===================================================
01-05 23:41:59.680 12977 13046 I RobotCore: Type                                               Name                           Connection
01-05 23:41:59.684 12977 13046 I RobotCore: Modern Robotics USB DC Motor Controller            Shooter                        USB AI049QOP
01-05 23:41:59.685 12977 13046 I RobotCore: I2cDevice                                          color                          USB AL00VFK6; port 4
01-05 23:41:59.685 12977 13046 I RobotCore: DC Motor                                           rightFront                     USB AL00VWH0; port 1
01-05 23:41:59.685 12977 13046 I RobotCore: Modern Robotics USB DC Motor Controller            Front Motors                   USB AL00VWH0
01-05 23:41:59.685 12977 13046 I RobotCore: Modern Robotics USB DC Motor Controller            Back Motors                    USB A104OQ1P
01-05 23:41:59.685 12977 13046 I RobotCore: DC Motor                                           leftBack                       USB A104OQ1P; port 2
01-05 23:41:59.686 12977 13046 I RobotCore: Servo                                              upDown                         USB AL00VSDY; port 1
01-05 23:41:59.686 12977 13046 I RobotCore: DC Motor                                           shooter2                       USB AI049QOP; port 2
01-05 23:41:59.686 12977 13046 I RobotCore: DC Motor                                           shooter1                       USB AI049QOP; port 1
01-05 23:41:59.686 12977 13046 I RobotCore: DC Motor                                           leftFront                      USB AL00VWH0; port 2
01-05 23:41:59.686 12977 13046 I RobotCore: DC Motor                                           rightBack                      USB A104OQ1P; port 1
01-05 23:41:59.686 12977 13046 I RobotCore: DC Motor                                           intake2                        USB AL00VBIF; port 2
01-05 23:41:59.686 12977 13046 I RobotCore: DC Motor                                           intake1                        USB AL00VBIF; port 1
01-05 23:41:59.686 12977 13046 I RobotCore: Servo                                              ballFeeder                     USB AL00VSDY; port 2
01-05 23:41:59.686 12977 13046 I RobotCore: Modern Robotics USB DC Motor Controller            Intake                         USB AL00VBIF
01-05 23:41:59.687 12977 13046 I RobotCore: Modern Robotics USB Core Device Interface Module   Sensors                        USB AL00VFK6
01-05 23:41:59.687 12977 13046 I RobotCore: Modern Robotics USB Servo Controller               Servos                         USB AL00VSDY
01-05 23:41:59.687 12977 13046 I RobotCore: Modern Robotics Gyro                               gyro                           USB AL00VFK6; I2C port: 3
01-05 23:41:59.687 12977 13046 I RobotCore: Modern Robotics Analog Optical Distance Sensor     ods                            USB AL00VFK6; analog port 7
01-05 23:41:59.687 12977 13046 I FIRST   : ======= INIT FINISH =======
01-05 23:41:59.687 12977 13046 V RobotCore: EventLoopManager state is RUNNING
01-05 23:41:59.700 12977 13046 V RobotCore: Robot Status: running, starting robot
01-05 23:41:59.700 12977 13046 V RobotCore: Robot Status: running
01-05 23:41:59.701 12977 13046 V RobotCore: thread: ...terminating 'RobotSetupRunnable.run()'
01-05 23:41:59.706 12977 13064 V RobotCore: thread: 'opmode loop()' starting...
01-05 23:41:59.712 12977 13064 D RobotCore: system telemetry: key=$System$Warning$ msg="unable to open Modern Robotics USB Core Device Interface Module [AL00VFK6]; unable to open Modern Robotics USB DC Motor Controller [AL00VWH0]; unable to open Modern Robotics USB DC Motor Controller [A104OQ1P]; unable to open Modern Robotics USB Servo Controller [AL00VSDY]; unable to open Modern Robotics USB DC Motor Controller [AL00VBIF]; unable to open Modern Robotics USB DC Motor Controller [AI049QOP]"
01-05 23:41:59.729 12977 13063 D MediaPlayer: setSubtitleAnchor in MediaPlayer
01-05 23:41:59.751 12977 12977 W MediaPlayer: mediaplayer went away with unhandled events
01-05 23:41:59.769 12977 13061 D ExtendedUtils: extended extractor not needed, return default
01-05 23:41:59.770 12977 13061 I MediaCodec: (0xb7620778) init name(audio/raw) isType(1) encoder(0)
01-05 23:41:59.773 12977 13068 I OMXClient: Using client-side OMX mux.
01-05 23:41:59.778 12977 13068 E OMXMaster: A component of name 'OMX.qcom.audio.decoder.aac' already exists, ignoring this one.
01-05 23:41:59.780 12977 13068 I MediaCodec: (0xb7620778) Component Allocated (OMX.google.raw.decoder)
01-05 23:41:59.781 12977 13061 I MediaCodec: (0xb7620778) configure surface(0x0) crypto(0x0) flags(0)
01-05 23:41:59.781 12977 13061 D MediaCodec: (0xb7620778) configure format: AMessage(what = 0x00000000) = {
01-05 23:41:59.781 12977 13061 D MediaCodec:    string mime = "audio/raw"
01-05 23:41:59.781 12977 13061 D MediaCodec:    int64_t durationUs = 1019125
01-05 23:41:59.781 12977 13061 D MediaCodec:    int32_t channel-count = 1
01-05 23:41:59.781 12977 13061 D MediaCodec:    int32_t sample-rate = 8000
01-05 23:41:59.781 12977 13061 D MediaCodec:    int32_t channel-mask = 0
01-05 23:41:59.781 12977 13061 D MediaCodec:  }
01-05 23:41:59.782 12977 13061 I MediaCodec: (0xb7620778) start
01-05 23:41:59.782 12977 13068 I MediaCodec: (0xb7620778) input buffers allocated
01-05 23:41:59.782 12977 13068 I MediaCodec: (0xb7620778) numBuffers (4)
01-05 23:41:59.783 12977 13068 I MediaCodec: (0xb7620778) output buffers allocated
01-05 23:41:59.783 12977 13068 I MediaCodec: (0xb7620778) numBuffers (4)
01-05 23:41:59.784 12977 13068 I MediaCodec: (0xb7620778) codec output format changed
01-05 23:41:59.784 12977 13068 D MediaCodec: (0xb7620778) output format: AMessage(what = 'codc', target = 2) = {
01-05 23:41:59.784 12977 13068 D MediaCodec:    string mime = "audio/raw"
01-05 23:41:59.784 12977 13068 D MediaCodec:    int32_t channel-count = 1
01-05 23:41:59.784 12977 13068 D MediaCodec:    int32_t sample-rate = 8000
01-05 23:41:59.784 12977 13068 D MediaCodec:    int32_t channel-mask = 0
01-05 23:41:59.784 12977 13068 D MediaCodec:    int32_t what = 1869968451
01-05 23:41:59.784 12977 13068 D MediaCodec:  }
01-05 23:41:59.785 12977 13061 I MediaCodec: (0xb7620778) stop
01-05 23:41:59.786 12977 13061 I MediaCodec: (0xb7620778) release
01-05 23:41:59.794 12977 13063 W AudioTrack: AUDIO_OUTPUT_FLAG_FAST denied by client; transfer 4, track 8000 Hz, output 48000 Hz
01-05 23:41:59.823 12977 13063 D MediaPlayer: setSubtitleAnchor in MediaPlayer
01-05 23:41:59.823 12977 12977 D MediaPlayer: setSubtitleAnchor in MediaPlayer
01-05 23:41:59.842 12977 13061 D ExtendedUtils: extended extractor not needed, return default
01-05 23:41:59.842 12977 13061 I MediaCodec: (0xb76232b8) init name(audio/raw) isType(1) encoder(0)
01-05 23:41:59.844 12977 13075 I OMXClient: Using client-side OMX mux.
01-05 23:41:59.847 12977 13075 E OMXMaster: A component of name 'OMX.qcom.audio.decoder.aac' already exists, ignoring this one.
01-05 23:41:59.848 12977 13075 I MediaCodec: (0xb76232b8) Component Allocated (OMX.google.raw.decoder)
01-05 23:41:59.848 12977 13061 I MediaCodec: (0xb76232b8) configure surface(0x0) crypto(0x0) flags(0)
01-05 23:41:59.848 12977 13061 D MediaCodec: (0xb76232b8) configure format: AMessage(what = 0x00000000) = {
01-05 23:41:59.848 12977 13061 D MediaCodec:    string mime = "audio/raw"
01-05 23:41:59.848 12977 13061 D MediaCodec:    int64_t durationUs = 1043650
01-05 23:41:59.848 12977 13061 D MediaCodec:    int32_t channel-count = 2
01-05 23:41:59.848 12977 13061 D MediaCodec:    int32_t sample-rate = 44100
01-05 23:41:59.848 12977 13061 D MediaCodec:    int32_t channel-mask = 0
01-05 23:41:59.848 12977 13061 D MediaCodec:  }
01-05 23:41:59.849 12977 13061 I MediaCodec: (0xb76232b8) start
01-05 23:41:59.850 12977 13075 I MediaCodec: (0xb76232b8) input buffers allocated
01-05 23:41:59.850 12977 13075 I MediaCodec: (0xb76232b8) numBuffers (4)
01-05 23:41:59.850 12977 13075 I MediaCodec: (0xb76232b8) output buffers allocated
01-05 23:41:59.850 12977 13075 I MediaCodec: (0xb76232b8) numBuffers (4)
01-05 23:41:59.851 12977 13075 I MediaCodec: (0xb76232b8) codec output format changed
01-05 23:41:59.851 12977 13075 D MediaCodec: (0xb76232b8) output format: AMessage(what = 'codc', target = 6) = {
01-05 23:41:59.851 12977 13075 D MediaCodec:    string mime = "audio/raw"
01-05 23:41:59.851 12977 13075 D MediaCodec:    int32_t channel-count = 2
01-05 23:41:59.851 12977 13075 D MediaCodec:    int32_t sample-rate = 44100
01-05 23:41:59.851 12977 13075 D MediaCodec:    int32_t channel-mask = 0
01-05 23:41:59.851 12977 13075 D MediaCodec:    int32_t what = 1869968451
01-05 23:41:59.851 12977 13075 D MediaCodec:  }
01-05 23:41:59.856 12977 13061 I MediaCodec: (0xb76232b8) stop
01-05 23:41:59.858 12977 13061 I MediaCodec: (0xb76232b8) release
01-05 23:41:59.910 12977 13052 D Robocol : no packet received: SocketTimeoutException
01-05 23:41:59.990 12977 12977 V RCActivity: onPause()
01-05 23:41:59.998 12977 12977 V RCActivity: onStop()
01-05 23:41:59.998 12977 12977 V RobotCore: executive service robot setup is terminated
01-05 23:41:59.999 12977 12977 V Robocol : EventLoopManager.shutdown()
01-05 23:41:59.999 12977 12977 V RobotCore: waiting for service EventLoop
01-05 23:41:59.999 12977 13064 V RobotCore: EventLoopRunnable interrupted
01-05 23:41:59.999 12977 13064 V RobotCore: EventLoopManager state is STOPPED
01-05 23:41:59.999 12977 13064 V RobotCore: Robot Status: stopped
01-05 23:41:59.999 12977 13064 I FIRST   : ======= TEARDOWN =======
01-05 23:42:00.000 12977 13064 D RobotCore: disarming modern motor controller Modern Robotics USB DC Motor Controller [AL00VWH0]...
01-05 23:42:00.007 12977 13057 V RobotCore: thread: ...terminating 'r/w loop: Modern Robotics USB DC Motor Controller [AL00VWH0]'
01-05 23:42:00.007 12977 13064 V RobotCore: waiting for service ReadWriteRunnable for Modern Robotics USB Device
01-05 23:42:00.007 12977 13064 V RobotCore: awaitTermination returned, isTerminated=true
01-05 23:42:00.008 12977 13064 V RobotCore: executive service ReadWriteRunnable for Modern Robotics USB Device is terminated
01-05 23:42:00.008 12977 13064 D RobotCore: ...disarming modern motor controller Modern Robotics USB DC Motor Controller [AL00VWH0] complete
01-05 23:42:00.008 12977 13064 D RobotCore: disarming modern motor controller Modern Robotics USB DC Motor Controller [AL00VBIF]...
01-05 23:42:00.011 12977 13064 V RobotCore: waiting for service ReadWriteRunnable for Modern Robotics USB Device
01-05 23:42:00.011 12977 13059 V RobotCore: thread: ...terminating 'r/w loop: Modern Robotics USB DC Motor Controller [AL00VBIF]'
01-05 23:42:00.011 12977 13064 V RobotCore: awaitTermination returned, isTerminated=true
01-05 23:42:00.011 12977 13064 V RobotCore: executive service ReadWriteRunnable for Modern Robotics USB Device is terminated
01-05 23:42:00.011 12977 13064 D RobotCore: ...disarming modern motor controller Modern Robotics USB DC Motor Controller [AL00VBIF] complete
01-05 23:42:00.012 12977 13064 D RobotCore: disarming modern motor controller Modern Robotics USB DC Motor Controller [AI049QOP]...
01-05 23:42:00.014 12977 13064 V RobotCore: waiting for service ReadWriteRunnable for Modern Robotics USB Device
01-05 23:42:00.014 12977 13058 V RobotCore: thread: ...terminating 'r/w loop: Modern Robotics USB DC Motor Controller [AI049QOP]'
01-05 23:42:00.014 12977 13064 V RobotCore: awaitTermination returned, isTerminated=true
01-05 23:42:00.015 12977 13064 V RobotCore: executive service ReadWriteRunnable for Modern Robotics USB Device is terminated
01-05 23:42:00.015 12977 13064 D RobotCore: ...disarming modern motor controller Modern Robotics USB DC Motor Controller [AI049QOP] complete
01-05 23:42:00.015 12977 13064 D RobotCore: disarming modern motor controller Modern Robotics USB DC Motor Controller [A104OQ1P]...
01-05 23:42:00.022 12977 13056 V RobotCore: thread: ...terminating 'r/w loop: Modern Robotics USB DC Motor Controller [A104OQ1P]'
01-05 23:42:00.022 12977 13064 V RobotCore: waiting for service ReadWriteRunnable for Modern Robotics USB Device
01-05 23:42:00.022 12977 13064 V RobotCore: awaitTermination returned, isTerminated=true
01-05 23:42:00.022 12977 13064 V RobotCore: executive service ReadWriteRunnable for Modern Robotics USB Device is terminated
01-05 23:42:00.022 12977 13064 D RobotCore: ...disarming modern motor controller Modern Robotics USB DC Motor Controller [A104OQ1P] complete
01-05 23:42:00.023 12977 13064 D RobotCore: disarming modern servo controller "Modern Robotics USB Servo Controller [AL00VSDY]"...
01-05 23:42:00.029 12977 13054 V RobotCore: thread: ...terminating 'r/w loop: Modern Robotics USB Servo Controller [AL00VSDY]'
01-05 23:42:00.029 12977 13064 V RobotCore: waiting for service ReadWriteRunnable for Modern Robotics USB Device
01-05 23:42:00.029 12977 13064 V RobotCore: awaitTermination returned, isTerminated=true
01-05 23:42:00.029 12977 13064 V RobotCore: executive service ReadWriteRunnable for Modern Robotics USB Device is terminated
01-05 23:42:00.030 12977 13064 D RobotCore: ...disarming modern servo controller Modern Robotics USB Servo Controller [AL00VSDY] complete
01-05 23:42:00.036 12977 13064 V RobotCore: waiting for service ReadWriteRunnable for Modern Robotics USB Device
01-05 23:42:00.038 12977 13055 V RobotCore: thread: ...terminating 'r/w loop: Modern Robotics USB Core Device Interface Module [AL00VFK6]'
01-05 23:42:00.038 12977 13064 V RobotCore: awaitTermination returned, isTerminated=true
01-05 23:42:00.038 12977 13064 V RobotCore: executive service ReadWriteRunnable for Modern Robotics USB Device is terminated
01-05 23:42:00.039 12977 13064 I FIRST   : ======= TEARDOWN COMPLETE =======
01-05 23:42:00.039 12977 13064 V RobotCore: thread: ...terminating 'opmode loop()'
01-05 23:42:00.039 12977 12977 V RobotCore: awaitTermination returned, isTerminated=true
01-05 23:42:00.039 12977 12977 V RobotCore: executive service EventLoop is terminated
01-05 23:42:00.039 12977 12977 V RobotCore: EventLoopManager state is STOPPED
01-05 23:42:00.203 12977 13052 D RobotCore: system telemetry: key=$System$None$ msg=""
01-05 23:42:00.204 12977 13052 V PeerDiscovery: new remote peer discovered: 192.168.49.134
01-05 23:42:00.204 12977 13052 D Robocol : RobocolDatagramSocket connected to /192.168.49.134:20884
01-05 23:42:00.204 12977 13052 V NetworkConnectionHandler: starting sending loop
01-05 23:42:00.205 12977 13052 V Robocol : SendOnceRunnable created
01-05 23:42:00.206 12977 13052 V RobotCore: Network: active, connected
01-05 23:42:00.245 12977 13081 V Robocol : sending CMD_REQUEST_USER_SENSOR_LIST_RESP(11), attempt: 0
01-05 23:42:00.272 12977 13052 V Robocol : received command: CMD_REQUEST_OP_MODE_LIST(10002) 
01-05 23:42:00.272 12977 13052 V Robocol : received command: CMD_REQUEST_ACTIVE_CONFIGURATION(10003) 
01-05 23:42:00.273 12977 13052 V Robocol : received command: CMD_REQUEST_USER_SENSOR_LIST_RESP(11) [{"description":"a MR compass sensor","flavor":"I2C","name":"MR Compass Sensor","xmlTag":"ModernRoboticsI2cCompassSensor"},{"description":"an Adafruit IMU","flavor":"I2C","name":"Adafruit IMU","xmlTag":"AdafruitBNO055IMU"},{"description":"a MR range sensor","flavor":"I2C","name":"MR Range Sensor","xmlTag":"ModernRoboticsI2cRangeSensor"}]
01-05 23:42:00.273 12977 13051 V Robocol : unable to process command CMD_REQUEST_OP_MODE_LIST callbacks=EventLoopManager
01-05 23:42:00.285 12977 13081 V Robocol : sending CMD_REQUEST_ACTIVE_CONFIGURATION_RESP(17), attempt: 0
01-05 23:42:00.311 12977 13052 V Robocol : received command: CMD_REQUEST_ACTIVE_CONFIGURATION_RESP(17) {"isDirty":false,"location":"LOCAL_STORAGE","name":"WestCoastTank_all+intake","resourceId":0}
01-05 23:42:00.811 12977 13063 W AudioTrack: AUDIO_OUTPUT_FLAG_FAST denied by client; transfer 4, track 44100 Hz, output 48000 Hz
01-05 23:42:00.828 12977 13063 D MediaPlayer: setSubtitleAnchor in MediaPlayer
01-05 23:42:00.828 12977 12977 D MediaPlayer: setSubtitleAnchor in MediaPlayer
01-05 23:42:00.844 12977 13061 D ExtendedUtils: extended extractor not needed, return default
01-05 23:42:00.845 12977 13061 I MediaCodec: (0xb7575760) init name(audio/raw) isType(1) encoder(0)
01-05 23:42:00.849 12977 13086 I OMXClient: Using client-side OMX mux.
01-05 23:42:00.852 12977 13086 E OMXMaster: A component of name 'OMX.qcom.audio.decoder.aac' already exists, ignoring this one.
01-05 23:42:00.854 12977 13086 I MediaCodec: (0xb7575760) Component Allocated (OMX.google.raw.decoder)
01-05 23:42:00.854 12977 13061 I MediaCodec: (0xb7575760) configure surface(0x0) crypto(0x0) flags(0)
01-05 23:42:00.854 12977 13061 D MediaCodec: (0xb7575760) configure format: AMessage(what = 0x00000000) = {
01-05 23:42:00.854 12977 13061 D MediaCodec:    string mime = "audio/raw"
01-05 23:42:00.854 12977 13061 D MediaCodec:    int64_t durationUs = 485011
01-05 23:42:00.854 12977 13061 D MediaCodec:    int32_t channel-count = 2
01-05 23:42:00.854 12977 13061 D MediaCodec:    int32_t sample-rate = 44100
01-05 23:42:00.854 12977 13061 D MediaCodec:    int32_t channel-mask = 0
01-05 23:42:00.854 12977 13061 D MediaCodec:  }
01-05 23:42:00.855 12977 13061 I MediaCodec: (0xb7575760) start
01-05 23:42:00.856 12977 13086 I MediaCodec: (0xb7575760) input buffers allocated
01-05 23:42:00.856 12977 13086 I MediaCodec: (0xb7575760) numBuffers (4)
01-05 23:42:00.856 12977 13086 I MediaCodec: (0xb7575760) output buffers allocated
01-05 23:42:00.856 12977 13086 I MediaCodec: (0xb7575760) numBuffers (4)
01-05 23:42:00.858 12977 13086 I MediaCodec: (0xb7575760) codec output format changed
01-05 23:42:00.858 12977 13086 D MediaCodec: (0xb7575760) output format: AMessage(what = 'codc', target = 10) = {
01-05 23:42:00.858 12977 13086 D MediaCodec:    string mime = "audio/raw"
01-05 23:42:00.858 12977 13086 D MediaCodec:    int32_t channel-count = 2
01-05 23:42:00.858 12977 13086 D MediaCodec:    int32_t sample-rate = 44100
01-05 23:42:00.858 12977 13086 D MediaCodec:    int32_t channel-mask = 0
01-05 23:42:00.858 12977 13086 D MediaCodec:    int32_t what = 1869968451
01-05 23:42:00.858 12977 13086 D MediaCodec:  }
01-05 23:42:00.862 12977 13061 I MediaCodec: (0xb7575760) stop
01-05 23:42:00.863 12977 13061 I MediaCodec: (0xb7575760) release
01-05 23:42:02.241 13163 13163 I art     : Late-enabling -Xcheck:jni
01-05 23:42:02.310 13163 13163 I InstantRun: Instant Run Runtime started. Android package is com.qualcomm.ftcrobotcontroller, real application class is org.firstinspires.ftc.robotcore.internal.RobotApplication.
01-05 23:42:02.739 13163 13163 V RCActivity: onCreate()
01-05 23:42:02.742 13163 13182 V RobotCore: saving logcat to /storage/emulated/0/com.qualcomm.ftcrobotcontroller.logcat
01-05 23:42:02.743 13163 13182 V RobotCore: logging command line: logcat -f /storage/emulated/0/com.qualcomm.ftcrobotcontroller.logcat -r4096 -n4 -v threadtime UsbRequestJNI:S UsbRequest:S *:V
01-05 23:42:02.780 13163 13163 I WebViewFactory: Loading com.google.android.webview version 46.0.2490.76 (code 249007600)
01-05 23:42:02.773 13184 13184 W ps      : type=1400 audit(0.0:77376): avc: denied { getattr } for uid=10109 path="/proc/1" dev="proc" ino=1530934 scontext=u:r:untrusted_app:s0:c512,c768 tcontext=u:r:init:s0 tclass=dir permissive=0
01-05 23:42:02.773 13184 13184 W ps      : type=1400 audit(0.0:77377): avc: denied { search } for uid=10109 name="1" dev="proc" ino=1530934 scontext=u:r:untrusted_app:s0:c512,c768 tcontext=u:r:init:s0 tclass=dir permissive=0
01-05 23:42:02.773 13184 13184 W ps      : type=1400 audit(0.0:77378): avc: denied { search } for uid=10109 name="1" dev="proc" ino=1530934 scontext=u:r:untrusted_app:s0:c512,c768 tcontext=u:r:init:s0 tclass=dir permissive=0
01-05 23:42:02.773 13184 13184 W ps      : type=1400 audit(0.0:77379): avc: denied { getattr } for uid=10109 path="/proc/2" dev="proc" ino=1529584 scontext=u:r:untrusted_app:s0:c512,c768 tcontext=u:r:kernel:s0 tclass=dir permissive=0
01-05 23:42:02.773 13184 13184 W ps      : type=1400 audit(0.0:77380): avc: denied { search } for uid=10109 name="2" dev="proc" ino=1529584 scontext=u:r:untrusted_app:s0:c512,c768 tcontext=u:r:kernel:s0 tclass=dir permissive=0
01-05 23:42:02.773 13184 13184 W ps      : type=1400 audit(0.0:77381): avc: denied { search } for uid=10109 name="2" dev="proc" ino=1529584 scontext=u:r:untrusted_app:s0:c512,c768 tcontext=u:r:kernel:s0 tclass=dir permissive=0
01-05 23:42:02.773 13184 13184 W ps      : type=1400 audit(0.0:77382): avc: denied { getattr } for uid=10109 path="/proc/3" dev="proc" ino=1529585 scontext=u:r:untrusted_app:s0:c512,c768 tcontext=u:r:kernel:s0 tclass=dir permissive=0
01-05 23:42:02.773 13184 13184 W ps      : type=1400 audit(0.0:77383): avc: denied { search } for uid=10109 name="3" dev="proc" ino=1529585 scontext=u:r:untrusted_app:s0:c512,c768 tcontext=u:r:kernel:s0 tclass=dir permissive=0
01-05 23:42:02.773 13184 13184 W ps      : type=1400 audit(0.0:77384): avc: denied { search } for uid=10109 name="3" dev="proc" ino=1529585 scontext=u:r:untrusted_app:s0:c512,c768 tcontext=u:r:kernel:s0 tclass=dir permissive=0
01-05 23:42:02.773 13184 13184 W ps      : type=1400 audit(0.0:77385): avc: denied { getattr } for uid=10109 path="/proc/5" dev="proc" ino=1529586 scontext=u:r:untrusted_app:s0:c512,c768 tcontext=u:r:kernel:s0 tclass=dir permissive=0
01-05 23:42:02.773 13184 13184 W ps      : type=1400 audit(0.0:77386): avc: denied { search } for uid=10109 name="5" dev="proc" ino=1529586 scontext=u:r:untrusted_app:s0:c512,c768 tcontext=u:r:kernel:s0 tclass=dir permissive=0
01-05 23:42:02.773 13184 13184 W ps      : type=1400 audit(0.0:77387): avc: denied { search } for uid=10109 name="5" dev="proc" ino=1529586 scontext=u:r:untrusted_app:s0:c512,c768 tcontext=u:r:kernel:s0 tclass=dir permissive=0
01-05 23:42:02.773 13184 13184 W ps      : type=1400 audit(0.0:77388): avc: denied { getattr } for uid=10109 path="/proc/6" dev="proc" ino=1529587 scontext=u:r:untrusted_app:s0:c512,c768 tcontext=u:r:kernel:s0 tclass=dir permissive=0
01-05 23:42:02.773 13184 13184 W ps      : type=1400 audit(0.0:77389): avc: denied { search } for uid=10109 name="6" dev="proc" ino=1529587 scontext=u:r:untrusted_app:s0:c512,c768 tcontext=u:r:kernel:s0 tclass=dir permissive=0
01-05 23:42:02.773 13184 13184 W ps      : type=1400 audit(0.0:77390): avc: denied { search } for uid=10109 name="6" dev="proc" ino=1529587 scontext=u:r:untrusted_app:s0:c512,c768 tcontext=u:r:kernel:s0 tclass=dir permissive=0
01-05 23:42:02.773 13184 13184 W ps      : type=1400 audit(0.0:77391): avc: denied { getattr } for uid=10109 path="/proc/7" dev="proc" ino=1529588 scontext=u:r:untrusted_app:s0:c512,c768 tcontext=u:r:kernel:s0 tclass=dir permissive=0
01-05 23:42:02.773 13184 13184 W ps      : type=1400 audit(0.0:77392): avc: denied { search } for uid=10109 name="7" dev="proc" ino=1529588 scontext=u:r:untrusted_app:s0:c512,c768 tcontext=u:r:kernel:s0 tclass=dir permissive=0
01-05 23:42:02.773 13184 13184 W ps      : type=1400 audit(0.0:77393): avc: denied { search } for uid=10109 name="7" dev="proc" ino=1529588 scontext=u:r:untrusted_app:s0:c512,c768 tcontext=u:r:kernel:s0 tclass=dir permissive=0
01-05 23:42:02.773 13184 13184 W ps      : type=1400 audit(0.0:77394): avc: denied { getattr } for uid=10109 path="/proc/8" dev="proc" ino=1529589 scontext=u:r:untrusted_app:s0:c512,c768 tcontext=u:r:kernel:s0 tclass=dir permissive=0
01-05 23:42:02.773 13184 13184 W ps      : type=1400 audit(0.0:77395): avc: denied { search } for uid=10109 name="8" dev="proc" ino=1529589 scontext=u:r:untrusted_app:s0:c512,c768 tcontext=u:r:kernel:s0 tclass=dir permissive=0
01-05 23:42:02.808 13163 13163 W System  : ClassLoader referenced unknown path: /system/app/WebViewGoogle/lib/arm
01-05 23:42:02.816 13163 13163 I cr.library_loader: Time to load native libraries: 3 ms (timestamps 2952-2955)
01-05 23:42:02.816 13163 13163 I cr.library_loader: Expected native library version number "46.0.2490.76", actual native library version number "46.0.2490.76"
01-05 23:42:02.860 13163 13163 V WebViewChromiumFactoryProvider: Binding Chromium to main looper Looper (main, tid 1) {715a112}
01-05 23:42:02.861 13163 13163 I cr.library_loader: Expected native library version number "46.0.2490.76", actual native library version number "46.0.2490.76"
01-05 23:42:02.861 13163 13163 I chromium: [INFO:library_loader_hooks.cc(118)] Chromium logging enabled: level = 0, default verbosity = 0
01-05 23:42:02.868 13163 13163 I cr.BrowserStartup: Initializing chromium process, singleProcess=true
01-05 23:42:02.874 13163 13163 E SysUtils: ApplicationContext is null in ApplicationStatus
01-05 23:42:02.897 13163 13163 I Adreno-EGL: <qeglDrvAPI_eglInitialize:379>: EGL 1.4 QUALCOMM build:  (Ifd751822f5)
01-05 23:42:02.897 13163 13163 I Adreno-EGL: OpenGL ES Shader Compiler Version: XE031.06.00.05
01-05 23:42:02.897 13163 13163 I Adreno-EGL: Build Date: 01/26/16 Tue
01-05 23:42:02.897 13163 13163 I Adreno-EGL: Local Branch: AU12_SBA
01-05 23:42:02.897 13163 13163 I Adreno-EGL: Remote Branch: 
01-05 23:42:02.897 13163 13163 I Adreno-EGL: Local Patches: 
01-05 23:42:02.897 13163 13163 I Adreno-EGL: Reconstruct Branch: 
01-05 23:42:02.932 13163 13163 E chromium: [ERROR:browser_gpu_channel_host_factory.cc(258)] Failed to init browser shader disk cache.
01-05 23:42:02.946 13163 13163 E libEGL  : validate_display:255 error 3008 (EGL_BAD_DISPLAY)
01-05 23:42:02.984 13163 13163 W art     : Attempt to remove non-JNI local reference, dumping thread
01-05 23:42:02.994 13163 13163 W AwContents: onDetachedFromWindow called when already detached. Ignoring
01-05 23:42:04.612 13163 13163 V RobotCore: Network: inactive, disconnected
01-05 23:42:04.619 13163 13163 V RCActivity: onStart()
01-05 23:42:04.622 13163 13163 V RCActivity: onResume()
01-05 23:42:04.627 13163 13214 D OpenGLRenderer: Use EGL_SWAP_BEHAVIOR_PRESERVED: true
01-05 23:42:04.657 13163 13163 V FTCService: onCreate()
01-05 23:42:04.658 13163 13163 V FTCService: onBind()
01-05 23:42:04.658 13163 13163 V FTCService: Android device is motorola, MotoG3
01-05 23:42:04.659 13163 13163 V RobotCore: Starting network of type: WIFIDIRECT
01-05 23:42:04.662 13163 13163 V WifiDirect: There are 1 Wifi Direct Assistant Clients (+)
01-05 23:42:04.662 13163 13163 V WifiDirect: Enabling Wifi Direct Assistant
01-05 23:42:04.690 13163 13214 I OpenGLRenderer: Initialized EGL, version 1.4
01-05 23:42:04.704 13163 13163 D WifiDirect: broadcast: state - enabled: true
01-05 23:42:04.706 13163 13163 D WifiDirect: broadcast: connection changed: connectStatus=NOT_CONNECTED networkInfo.state=CONNECTED
01-05 23:42:04.707 13163 13163 V WifiDirect: NetworkInfo: [type: WIFI_P2P[], state: CONNECTED/CONNECTED, reason: (unspecified), extra: (none), roaming: false, failover: false, isAvailable: true]
01-05 23:42:04.707 13163 13163 V WifiDirect: WifiP2pInfo: groupFormed: true isGroupOwner: true operatingChannel: 2412 groupOwnerAddress: /192.168.49.1 mccMode: false
01-05 23:42:04.707 13163 13163 V WifiDirect: WifiP2pGroup: network: DIRECT-u3-9899-E-RC, isGO: true, Operating Channel: 2412, GO: Device: , deviceAddress: 24:da:9b:6a:a2:ba, primary type: null, secondary type: null, wps: 0, grpcapab: 0, devcapab: 0, status: 4, wfdInfo: WFD enabled: falseWFD DeviceInfo: 0, WFD CtrlPort: 0, WFD MaxThroughput: 0, level: 0, Client: Device: 9899-D-DS, deviceAddress: a4:70:d6:d3:3d:55, primary type: 10-0050F204-5, secondary type: null, wps: 392, grpcapab: 0, devcapab: 37, status: 0, wfdInfo: null, level: 60, interface: p2p0, networkId: 1, mGoOperFreq: 2412
01-05 23:42:04.708 13163 13163 D WifiDirect: broadcast: this device changed
01-05 23:42:04.708 13163 13163 V WifiDirect: device information: 9899-E-RC 24:da:9b:6a:a2:ba
