01-05 23:25:34.992 10443 10443 D WifiDirect: broadcast: this device changed
01-05 23:25:34.993 10443 10443 V WifiDirect: device information: 9899-E-RC 24:da:9b:6a:a2:ba
01-05 23:25:34.993 10443 10443 V FTCService: RCActivity.controllerService=bound
01-05 23:25:34.993 10443 10443 V RobotCore: Network: unknown, disconnected
01-05 23:25:34.994 10443 10443 V RobotCore: Robot Status: stopped
01-05 23:25:35.010 10443 10443 D OpmodeRegistration: registered {DefaultOpMode} as {$Stop$Robot$}
01-05 23:25:35.011 10443 10443 V FTCService: Processing robot setup
01-05 23:25:35.012 10443 10443 D WifiDirect: cannot create group, does group already exist?
01-05 23:25:35.015 10443 10508 V RobotCore: thread: 'RobotSetupRunnable.run()' starting...
01-05 23:25:35.020 10443 10508 V RobotCore: Robot Status: stopped, scanning for USB devices
01-05 23:25:35.050 10443 10443 D WifiDirect: group owners address: /192.168.49.1
01-05 23:25:35.050 10443 10443 D WifiDirect: group formed, this device is the group owner (GO)
01-05 23:25:35.051 10443 10443 I FTCService: Wifi Direct - connected as group owner
01-05 23:25:35.051 10443 10443 D WifiDirect: stop discovering peers
01-05 23:25:35.056 10443 10443 V RobotCore: Network: enabled, disconnected
01-05 23:25:35.084 10443 10443 V WifiDirect: connection information available
01-05 23:25:35.084 10443 10443 V WifiDirect: connection information - groupOwnerName = 9899-E-RC
01-05 23:25:35.085 10443 10443 V WifiDirect: connection information - groupOwnerMacAddress = 24:da:9b:6a:a2:ba
01-05 23:25:35.085 10443 10443 V WifiDirect: connection information - groupInterface = p2p0
01-05 23:25:35.085 10443 10443 V WifiDirect: connection information - groupNetworkName = DIRECT-u3-9899-E-RC
01-05 23:25:35.085 10443 10443 I FTCService: Network Connection Passphrase: ZY55bu2t
01-05 23:25:35.085 10443 10443 V RobotCore: Network: active, disconnected
01-05 23:25:37.265 10443 10443 V RCActivity: onPause()
01-05 23:25:37.273 10443 10443 V RCActivity: onStop()
01-05 23:25:37.273 10443 10443 V RobotCore: waiting for service robot setup
01-05 23:25:37.273 10443 10508 V RobotCore: Robot Status: stopped, internal error
01-05 23:25:37.273 10443 10508 V RobotCore: thread: ...terminating 'RobotSetupRunnable.run()'
01-05 23:25:37.275 10443 10443 V RobotCore: awaitTermination returned, isTerminated=true
01-05 23:25:37.275 10443 10443 V RobotCore: executive service robot setup is terminated
01-05 23:25:37.275 10443 10443 V RobotCore: Robot Status: stopped
01-05 23:26:12.313 10704 10704 I art     : Late-enabling -Xcheck:jni
01-05 23:26:12.377 10704 10704 I InstantRun: Instant Run Runtime started. Android package is com.qualcomm.ftcrobotcontroller, real application class is org.firstinspires.ftc.robotcore.internal.RobotApplication.
01-05 23:26:12.754 10704 10704 V RCActivity: onCreate()
01-05 23:26:12.758 10704 10718 V RobotCore: saving logcat to /storage/emulated/0/com.qualcomm.ftcrobotcontroller.logcat
01-05 23:26:12.758 10704 10718 V RobotCore: logging command line: logcat -f /storage/emulated/0/com.qualcomm.ftcrobotcontroller.logcat -r4096 -n4 -v threadtime UsbRequestJNI:S UsbRequest:S *:V
01-05 23:26:12.801 10704 10704 I WebViewFactory: Loading com.google.android.webview version 46.0.2490.76 (code 249007600)
01-05 23:26:12.808 10720 10720 W ps      : type=1400 audit(0.0:74694): avc: denied { getattr } for uid=10109 path="/proc/1" dev="proc" ino=1515507 scontext=u:r:untrusted_app:s0:c512,c768 tcontext=u:r:init:s0 tclass=dir permissive=0
01-05 23:26:12.808 10720 10720 W ps      : type=1400 audit(0.0:74695): avc: denied { search } for uid=10109 name="1" dev="proc" ino=1515507 scontext=u:r:untrusted_app:s0:c512,c768 tcontext=u:r:init:s0 tclass=dir permissive=0
01-05 23:26:12.808 10720 10720 W ps      : type=1400 audit(0.0:74696): avc: denied { search } for uid=10109 name="1" dev="proc" ino=1515507 scontext=u:r:untrusted_app:s0:c512,c768 tcontext=u:r:init:s0 tclass=dir permissive=0
01-05 23:26:12.808 10720 10720 W ps      : type=1400 audit(0.0:74697): avc: denied { getattr } for uid=10109 path="/proc/2" dev="proc" ino=1515508 scontext=u:r:untrusted_app:s0:c512,c768 tcontext=u:r:kernel:s0 tclass=dir permissive=0
01-05 23:26:12.808 10720 10720 W ps      : type=1400 audit(0.0:74698): avc: denied { search } for uid=10109 name="2" dev="proc" ino=1515508 scontext=u:r:untrusted_app:s0:c512,c768 tcontext=u:r:kernel:s0 tclass=dir permissive=0
01-05 23:26:12.808 10720 10720 W ps      : type=1400 audit(0.0:74699): avc: denied { search } for uid=10109 name="2" dev="proc" ino=1515508 scontext=u:r:untrusted_app:s0:c512,c768 tcontext=u:r:kernel:s0 tclass=dir permissive=0
01-05 23:26:12.808 10720 10720 W ps      : type=1400 audit(0.0:74700): avc: denied { getattr } for uid=10109 path="/proc/3" dev="proc" ino=1515509 scontext=u:r:untrusted_app:s0:c512,c768 tcontext=u:r:kernel:s0 tclass=dir permissive=0
01-05 23:26:12.808 10720 10720 W ps      : type=1400 audit(0.0:74701): avc: denied { search } for uid=10109 name="3" dev="proc" ino=1515509 scontext=u:r:untrusted_app:s0:c512,c768 tcontext=u:r:kernel:s0 tclass=dir permissive=0
01-05 23:26:12.808 10720 10720 W ps      : type=1400 audit(0.0:74702): avc: denied { search } for uid=10109 name="3" dev="proc" ino=1515509 scontext=u:r:untrusted_app:s0:c512,c768 tcontext=u:r:kernel:s0 tclass=dir permissive=0
01-05 23:26:12.808 10720 10720 W ps      : type=1400 audit(0.0:74703): avc: denied { getattr } for uid=10109 path="/proc/5" dev="proc" ino=1515510 scontext=u:r:untrusted_app:s0:c512,c768 tcontext=u:r:kernel:s0 tclass=dir permissive=0
01-05 23:26:12.808 10720 10720 W ps      : type=1400 audit(0.0:74704): avc: denied { search } for uid=10109 name="5" dev="proc" ino=1515510 scontext=u:r:untrusted_app:s0:c512,c768 tcontext=u:r:kernel:s0 tclass=dir permissive=0
01-05 23:26:12.808 10720 10720 W ps      : type=1400 audit(0.0:74705): avc: denied { search } for uid=10109 name="5" dev="proc" ino=1515510 scontext=u:r:untrusted_app:s0:c512,c768 tcontext=u:r:kernel:s0 tclass=dir permissive=0
01-05 23:26:12.808 10720 10720 W ps      : type=1400 audit(0.0:74706): avc: denied { getattr } for uid=10109 path="/proc/6" dev="proc" ino=1515511 scontext=u:r:untrusted_app:s0:c512,c768 tcontext=u:r:kernel:s0 tclass=dir permissive=0
01-05 23:26:12.808 10720 10720 W ps      : type=1400 audit(0.0:74707): avc: denied { search } for uid=10109 name="6" dev="proc" ino=1515511 scontext=u:r:untrusted_app:s0:c512,c768 tcontext=u:r:kernel:s0 tclass=dir permissive=0
01-05 23:26:12.808 10720 10720 W ps      : type=1400 audit(0.0:74708): avc: denied { search } for uid=10109 name="6" dev="proc" ino=1515511 scontext=u:r:untrusted_app:s0:c512,c768 tcontext=u:r:kernel:s0 tclass=dir permissive=0
01-05 23:26:12.808 10720 10720 W ps      : type=1400 audit(0.0:74709): avc: denied { getattr } for uid=10109 path="/proc/7" dev="proc" ino=1515512 scontext=u:r:untrusted_app:s0:c512,c768 tcontext=u:r:kernel:s0 tclass=dir permissive=0
01-05 23:26:12.808 10720 10720 W ps      : type=1400 audit(0.0:74710): avc: denied { search } for uid=10109 name="7" dev="proc" ino=1515512 scontext=u:r:untrusted_app:s0:c512,c768 tcontext=u:r:kernel:s0 tclass=dir permissive=0
01-05 23:26:12.808 10720 10720 W ps      : type=1400 audit(0.0:74711): avc: denied { search } for uid=10109 name="7" dev="proc" ino=1515512 scontext=u:r:untrusted_app:s0:c512,c768 tcontext=u:r:kernel:s0 tclass=dir permissive=0
01-05 23:26:12.808 10720 10720 W ps      : type=1400 audit(0.0:74712): avc: denied { getattr } for uid=10109 path="/proc/8" dev="proc" ino=1515513 scontext=u:r:untrusted_app:s0:c512,c768 tcontext=u:r:kernel:s0 tclass=dir permissive=0
01-05 23:26:12.808 10720 10720 W ps      : type=1400 audit(0.0:74713): avc: denied { search } for uid=10109 name="8" dev="proc" ino=1515513 scontext=u:r:untrusted_app:s0:c512,c768 tcontext=u:r:kernel:s0 tclass=dir permissive=0
01-05 23:26:12.828 10704 10704 W System  : ClassLoader referenced unknown path: /system/app/WebViewGoogle/lib/arm
01-05 23:26:12.835 10704 10704 I cr.library_loader: Time to load native libraries: 3 ms (timestamps 4949-4952)
01-05 23:26:12.836 10704 10704 I cr.library_loader: Expected native library version number "46.0.2490.76", actual native library version number "46.0.2490.76"
01-05 23:26:12.864 10704 10704 V WebViewChromiumFactoryProvider: Binding Chromium to main looper Looper (main, tid 1) {4ddb89d}
01-05 23:26:12.864 10704 10704 I cr.library_loader: Expected native library version number "46.0.2490.76", actual native library version number "46.0.2490.76"
01-05 23:26:12.864 10704 10704 I chromium: [INFO:library_loader_hooks.cc(118)] Chromium logging enabled: level = 0, default verbosity = 0
01-05 23:26:12.871 10704 10704 I cr.BrowserStartup: Initializing chromium process, singleProcess=true
01-05 23:26:12.877 10704 10704 E SysUtils: ApplicationContext is null in ApplicationStatus
01-05 23:26:12.909 10704 10704 I Adreno-EGL: <qeglDrvAPI_eglInitialize:379>: EGL 1.4 QUALCOMM build:  (Ifd751822f5)
01-05 23:26:12.909 10704 10704 I Adreno-EGL: OpenGL ES Shader Compiler Version: XE031.06.00.05
01-05 23:26:12.909 10704 10704 I Adreno-EGL: Build Date: 01/26/16 Tue
01-05 23:26:12.909 10704 10704 I Adreno-EGL: Local Branch: AU12_SBA
01-05 23:26:12.909 10704 10704 I Adreno-EGL: Remote Branch: 
01-05 23:26:12.909 10704 10704 I Adreno-EGL: Local Patches: 
01-05 23:26:12.909 10704 10704 I Adreno-EGL: Reconstruct Branch: 
01-05 23:26:12.936 10704 10704 E chromium: [ERROR:browser_gpu_channel_host_factory.cc(258)] Failed to init browser shader disk cache.
01-05 23:26:12.950 10704 10704 E libEGL  : validate_display:255 error 3008 (EGL_BAD_DISPLAY)
01-05 23:26:12.982 10704 10704 W art     : Attempt to remove non-JNI local reference, dumping thread
01-05 23:26:12.990 10704 10704 W AwContents: onDetachedFromWindow called when already detached. Ignoring
01-05 23:26:14.524 10704 10704 V RobotCore: Network: inactive, disconnected
01-05 23:26:14.532 10704 10704 V RCActivity: onStart()
01-05 23:26:14.535 10704 10704 V RCActivity: onResume()
01-05 23:26:14.544 10704 10749 D OpenGLRenderer: Use EGL_SWAP_BEHAVIOR_PRESERVED: true
01-05 23:26:14.571 10704 10704 V RCActivity: onPause()
01-05 23:26:14.572 10704 10704 V RCActivity: onResume()
01-05 23:26:14.573 10704 10704 V RCActivity: onPause()
01-05 23:26:14.573 10704 10704 V RCActivity: onResume()
01-05 23:26:14.574 10704 10704 V RCActivity: onPause()
01-05 23:26:14.574 10704 10704 V RCActivity: onResume()
01-05 23:26:14.578 10704 10704 V RCActivity: onPause()
01-05 23:26:14.578 10704 10704 V RCActivity: onResume()
01-05 23:26:14.579 10704 10704 V RCActivity: onPause()
01-05 23:26:14.579 10704 10704 V RCActivity: onResume()
01-05 23:26:14.582 10704 10704 V FTCService: onCreate()
01-05 23:26:14.582 10704 10704 V FTCService: onBind()
01-05 23:26:14.582 10704 10704 V FTCService: Android device is motorola, MotoG3
01-05 23:26:14.584 10704 10704 V RobotCore: Starting network of type: WIFIDIRECT
01-05 23:26:14.587 10704 10704 V WifiDirect: There are 1 Wifi Direct Assistant Clients (+)
01-05 23:26:14.587 10704 10704 V WifiDirect: Enabling Wifi Direct Assistant
01-05 23:26:14.626 10704 10749 I OpenGLRenderer: Initialized EGL, version 1.4
01-05 23:26:14.640 10704 10704 D WifiDirect: broadcast: state - enabled: true
01-05 23:26:14.642 10704 10704 D WifiDirect: broadcast: connection changed: connectStatus=NOT_CONNECTED networkInfo.state=CONNECTED
01-05 23:26:14.643 10704 10704 V WifiDirect: NetworkInfo: [type: WIFI_P2P[], state: CONNECTED/CONNECTED, reason: (unspecified), extra: (none), roaming: false, failover: false, isAvailable: true]
01-05 23:26:14.643 10704 10704 V WifiDirect: WifiP2pInfo: groupFormed: true isGroupOwner: true operatingChannel: 2412 groupOwnerAddress: /192.168.49.1 mccMode: false
01-05 23:26:14.643 10704 10704 V WifiDirect: WifiP2pGroup: network: DIRECT-u3-9899-E-RC, isGO: true, Operating Channel: 2412, GO: Device: , deviceAddress: 24:da:9b:6a:a2:ba, primary type: null, secondary type: null, wps: 0, grpcapab: 0, devcapab: 0, status: 4, wfdInfo: WFD enabled: falseWFD DeviceInfo: 0, WFD CtrlPort: 0, WFD MaxThroughput: 0, level: 0, Client: Device: 9899-D-DS, deviceAddress: a4:70:d6:d3:3d:55, primary type: 10-0050F204-5, secondary type: null, wps: 392, grpcapab: 0, devcapab: 37, status: 0, wfdInfo: null, level: 60, interface: p2p0, networkId: 1, mGoOperFreq: 2412
01-05 23:26:14.644 10704 10704 D WifiDirect: broadcast: this device changed
01-05 23:26:14.645 10704 10704 V WifiDirect: device information: 9899-E-RC 24:da:9b:6a:a2:ba
01-05 23:26:14.645 10704 10704 D WifiDirect: cannot create group, does group already exist?
01-05 23:26:14.645 10704 10704 V FTCService: RCActivity.controllerService=bound
01-05 23:26:14.645 10704 10704 V RobotCore: Network: unknown, disconnected
01-05 23:26:14.646 10704 10704 V RobotCore: Robot Status: stopped
01-05 23:26:14.662 10704 10704 D OpmodeRegistration: registered {DefaultOpMode} as {$Stop$Robot$}
01-05 23:26:14.663 10704 10704 V FTCService: Processing robot setup
01-05 23:26:14.664 10704 10704 V D2xx::  : Start constructor
01-05 23:26:14.667 10704 10753 V RobotCore: thread: 'RobotSetupRunnable.run()' starting...
01-05 23:26:14.667 10704 10753 V RobotCore: Robot Status: stopped, scanning for USB devices
01-05 23:26:14.668 10704 10704 V D2xx::  : End constructor
01-05 23:26:14.668 10704 10704 V D2xx::  : Vendor: 0403, Product: 6001
01-05 23:26:14.668 10704 10704 V D2xx::  : Vendor: 0403, Product: 6001
01-05 23:26:14.669 10704 10704 I FIRST   : ignoring: unable get serial number of attached UsbDevice vendor=0x0403, product=0x6001 device=0x03ec name=/dev/bus/usb/001/004
01-05 23:26:14.669 10704 10704 V D2xx::  : Vendor: 0403, Product: 6001
01-05 23:26:14.669 10704 10704 V D2xx::  : Vendor: 0403, Product: 6001
01-05 23:26:14.669 10704 10704 I FIRST   : ignoring: unable get serial number of attached UsbDevice vendor=0x0403, product=0x6001 device=0x03ed name=/dev/bus/usb/001/005
01-05 23:26:14.669 10704 10704 V D2xx::  : Vendor: 0403, Product: 6001
01-05 23:26:14.669 10704 10704 V D2xx::  : Vendor: 0403, Product: 6001
01-05 23:26:14.669 10704 10704 I FIRST   : ignoring: unable get serial number of attached UsbDevice vendor=0x0403, product=0x6001 device=0x03ee name=/dev/bus/usb/001/006
01-05 23:26:14.669 10704 10704 V D2xx::  : Vendor: 0403, Product: 6001
01-05 23:26:14.669 10704 10704 V D2xx::  : Vendor: 0403, Product: 6001
01-05 23:26:14.669 10704 10704 I FIRST   : ignoring: unable get serial number of attached UsbDevice vendor=0x0403, product=0x6001 device=0x03ef name=/dev/bus/usb/001/007
01-05 23:26:14.669 10704 10704 V D2xx::  : Vendor: 0403, Product: 6001
01-05 23:26:14.669 10704 10704 V D2xx::  : Vendor: 0403, Product: 6001
01-05 23:26:14.669 10704 10704 I FIRST   : ignoring: unable get serial number of attached UsbDevice vendor=0x0403, product=0x6001 device=0x03f0 name=/dev/bus/usb/001/008
01-05 23:26:14.704 10704 10704 D WifiDirect: group owners address: /192.168.49.1
01-05 23:26:14.704 10704 10704 D WifiDirect: group formed, this device is the group owner (GO)
01-05 23:26:14.704 10704 10704 I FTCService: Wifi Direct - connected as group owner
01-05 23:26:14.704 10704 10704 D WifiDirect: stop discovering peers
01-05 23:26:14.710 10704 10704 V RobotCore: Network: enabled, disconnected
01-05 23:26:14.736 10704 10704 V WifiDirect: connection information available
01-05 23:26:14.737 10704 10704 V WifiDirect: connection information - groupOwnerName = 9899-E-RC
01-05 23:26:14.737 10704 10704 V WifiDirect: connection information - groupOwnerMacAddress = 24:da:9b:6a:a2:ba
01-05 23:26:14.737 10704 10704 V WifiDirect: connection information - groupInterface = p2p0
01-05 23:26:14.737 10704 10704 V WifiDirect: connection information - groupNetworkName = DIRECT-u3-9899-E-RC
01-05 23:26:14.737 10704 10704 I FTCService: Network Connection Passphrase: ZY55bu2t
01-05 23:26:14.737 10704 10704 V RobotCore: Network: active, disconnected
01-05 23:26:19.670 10704 10753 V RobotCore: EventLoopManager state is NOT_STARTED
01-05 23:26:19.670 10704 10753 V RobotCore: Robot Status: stopped, waiting on network
01-05 23:26:19.671 10704 10753 V RobotCore: Robot Status: stopped, starting robot
01-05 23:26:19.671 10704 10753 V Robocol : EventLoopManager.start()
01-05 23:26:19.671 10704 10753 V RobotCore: Starting network of type: WIFIDIRECT
01-05 23:26:19.671 10704 10753 V Robocol : Spoofing a Network Connection event...
01-05 23:26:19.673 10704 10753 V RobotCore: executive service EventLoop is terminated
01-05 23:26:19.673 10704 10753 V RobotCore: EventLoopManager state is STOPPED
01-05 23:26:19.675 10704 10753 V Robocol : eventLoop=FtcEventLoop
01-05 23:26:19.675 10704 10753 V RobotCore: EventLoopManager state is INIT
01-05 23:26:19.675 10704 10704 I RobotCore: Battery Checker, Level Remaining: 100.0
01-05 23:26:19.675 10704 10753 V RobotCore: Robot Status: initializing, starting robot
01-05 23:26:19.675 10704 10753 I FIRST   : ======= INIT START =======
01-05 23:26:19.676 10704 10704 I RobotCore: Battery Checker, Level Remaining: 100.0
01-05 23:26:19.681 10704 10756 V RobotCore: thread: 'SetupRunnable.run()' starting...
01-05 23:26:19.687 10704 10753 D OpmodeRegistration: registered {RunAMotorOrTwo} as {RunAMotorOrTwo}
01-05 23:26:19.688 10704 10753 D OpmodeRegistration: registered {Shooter} as {Shooter}
01-05 23:26:19.688 10704 10753 D OpmodeRegistration: registered {ShooterData} as {ShooterData}
01-05 23:26:19.689 10704 10753 D OpmodeRegistration: registered {WestCoastBluePID_AutoTest} as {WestCoastBluePID_AutoTest}
01-05 23:26:19.690 10704 10753 D OpmodeRegistration: registered {WestCoastRedPID_AutoTest} as {WestCoastRedPID_AutoTest}
01-05 23:26:19.690 10704 10753 D OpmodeRegistration: registered {FinalTeleOp} as {FinalTeleOp}
01-05 23:26:19.704 10704 10753 V RobotCore: Creating Modern Robotics USB Servo Controller [AL00VSDY]
01-05 23:26:19.714 10704 10753 D RobotCore: arming modern servo controller Modern Robotics USB Servo Controller [AL00VSDY]...
01-05 23:26:19.718 10704 10753 V D2xx::  : Vendor: 0403, Product: 6001
01-05 23:26:19.721 10704 10756 D Robocol : RobocolDatagramSocket listening addr=/192.168.49.1:20884 cbRec=65520 cbSend=163840 msRecTO=300
01-05 23:26:19.722 10704 10756 V Robocol : RecvLoopRunnable created
01-05 23:26:19.724 10704 10756 V PeerDiscovery: Starting peer discovery
01-05 23:26:19.725 10704 10758 V RobotCore: thread: 'RecvLoopRunnable.run()' starting...
01-05 23:26:19.725 10704 10756 V RobotCore: Setup complete
01-05 23:26:19.725 10704 10756 V RobotCore: thread: ...terminating 'SetupRunnable.run()'
01-05 23:26:19.728 10704 10753 D UsbDeviceConnectionJNI: close
01-05 23:26:19.728 10704 10753 V D2xx::  : Vendor: 0403, Product: 6001
01-05 23:26:19.737 10704 10753 D UsbDeviceConnectionJNI: close
01-05 23:26:19.737 10704 10753 V D2xx::  : Vendor: 0403, Product: 6001
01-05 23:26:19.746 10704 10753 D UsbDeviceConnectionJNI: close
01-05 23:26:19.748 10704 10753 V D2xx::  : Vendor: 0403, Product: 6001
01-05 23:26:19.758 10704 10753 D UsbDeviceConnectionJNI: close
01-05 23:26:19.758 10704 10753 V D2xx::  : Vendor: 0403, Product: 6001
01-05 23:26:19.767 10704 10753 D UsbDeviceConnectionJNI: close
01-05 23:26:19.767 10704 10753 V D2xx::  : Vendor: 0403, Product: 6001
01-05 23:26:19.775 10704 10753 D UsbDeviceConnectionJNI: close
01-05 23:26:19.776 10704 10753 D FTDI_Device::: open SUCCESS
01-05 23:26:19.776 10704 10753 I FTDI_Device::: EP: 0x81
01-05 23:26:19.776 10704 10753 I FTDI_Device::: EP: 0x02
01-05 23:26:19.777 10704 10753 D D2XX::  : **********************Device Opened**********************
01-05 23:26:19.983 10704 10758 D RobotCore: system telemetry: key=$System$None$ msg=""
01-05 23:26:19.986 10704 10758 V PeerDiscovery: new remote peer discovered: 192.168.49.134
01-05 23:26:19.986 10704 10758 D Robocol : RobocolDatagramSocket connected to /192.168.49.134:20884
01-05 23:26:19.987 10704 10758 V NetworkConnectionHandler: starting sending loop
01-05 23:26:19.988 10704 10758 V Robocol : SendOnceRunnable created
01-05 23:26:20.010 10704 10758 V RobotCore: Network: active, connected
01-05 23:26:20.042 10704 10766 D MediaPlayer: setSubtitleAnchor in MediaPlayer
01-05 23:26:20.042 10704 10704 D MediaPlayer: setSubtitleAnchor in MediaPlayer
01-05 23:26:20.053 10704 10758 V Robocol : received command: CMD_INIT_OP_MODE(10000) $Stop$Robot$
01-05 23:26:20.055 10704 10758 V Robocol : received command: CMD_INIT_OP_MODE(10001) $Stop$Robot$
01-05 23:26:20.056 10704 10758 V Robocol : received command: CMD_REQUEST_OP_MODE_LIST(10003) 
01-05 23:26:20.068 10704 10762 V Robocol : sending CMD_REQUEST_USER_SENSOR_LIST_RESP(10), attempt: 0
01-05 23:26:20.074 10704 10758 V Robocol : received command: CMD_REQUEST_ACTIVE_CONFIGURATION(10004) 
01-05 23:26:20.089 10704 10764 D ExtendedUtils: extended extractor not needed, return default
01-05 23:26:20.090 10704 10758 V Robocol : received command: CMD_REQUEST_USER_SENSOR_LIST_RESP(10) [{"description":"a MR compass sensor","flavor":"I2C","name":"MR Compass Sensor","xmlTag":"ModernRoboticsI2cCompassSensor"},{"description":"an Adafruit IMU","flavor":"I2C","name":"Adafruit IMU","xmlTag":"AdafruitBNO055IMU"},{"description":"a MR range sensor","flavor":"I2C","name":"MR Range Sensor","xmlTag":"ModernRoboticsI2cRangeSensor"}]
01-05 23:26:20.090 10704 10764 I MediaCodec: (0xb7619840) init name(audio/raw) isType(1) encoder(0)
01-05 23:26:20.092 10704 10770 I OMXClient: Using client-side OMX mux.
01-05 23:26:20.095 10704 10770 E OMXMaster: A component of name 'OMX.qcom.audio.decoder.aac' already exists, ignoring this one.
01-05 23:26:20.097 10704 10770 I MediaCodec: (0xb7619840) Component Allocated (OMX.google.raw.decoder)
01-05 23:26:20.097 10704 10764 I MediaCodec: (0xb7619840) configure surface(0x0) crypto(0x0) flags(0)
01-05 23:26:20.097 10704 10764 D MediaCodec: (0xb7619840) configure format: AMessage(what = 0x00000000) = {
01-05 23:26:20.097 10704 10764 D MediaCodec:    string mime = "audio/raw"
01-05 23:26:20.097 10704 10764 D MediaCodec:    int64_t durationUs = 485011
01-05 23:26:20.097 10704 10764 D MediaCodec:    int32_t channel-count = 2
01-05 23:26:20.097 10704 10764 D MediaCodec:    int32_t sample-rate = 44100
01-05 23:26:20.097 10704 10764 D MediaCodec:    int32_t channel-mask = 0
01-05 23:26:20.097 10704 10764 D MediaCodec:  }
01-05 23:26:20.099 10704 10764 I MediaCodec: (0xb7619840) start
01-05 23:26:20.099 10704 10770 I MediaCodec: (0xb7619840) input buffers allocated
01-05 23:26:20.099 10704 10770 I MediaCodec: (0xb7619840) numBuffers (4)
01-05 23:26:20.099 10704 10770 I MediaCodec: (0xb7619840) output buffers allocated
01-05 23:26:20.099 10704 10770 I MediaCodec: (0xb7619840) numBuffers (4)
01-05 23:26:20.101 10704 10770 I MediaCodec: (0xb7619840) codec output format changed
01-05 23:26:20.101 10704 10770 D MediaCodec: (0xb7619840) output format: AMessage(what = 'codc', target = 2) = {
01-05 23:26:20.101 10704 10770 D MediaCodec:    string mime = "audio/raw"
01-05 23:26:20.101 10704 10770 D MediaCodec:    int32_t channel-count = 2
01-05 23:26:20.101 10704 10770 D MediaCodec:    int32_t sample-rate = 44100
01-05 23:26:20.101 10704 10770 D MediaCodec:    int32_t channel-mask = 0
01-05 23:26:20.101 10704 10770 D MediaCodec:    int32_t what = 1869968451
01-05 23:26:20.101 10704 10770 D MediaCodec:  }
01-05 23:26:20.108 10704 10764 I MediaCodec: (0xb7619840) stop
01-05 23:26:20.108 10704 10762 V Robocol : sending CMD_REQUEST_OP_MODE_LIST_RESP(16), attempt: 0
01-05 23:26:20.108 10704 10762 V Robocol : sending CMD_REQUEST_USER_SENSOR_LIST_RESP(17), attempt: 0
01-05 23:26:20.109 10704 10762 V Robocol : sending CMD_REQUEST_ACTIVE_CONFIGURATION_RESP(20), attempt: 0
01-05 23:26:20.110 10704 10764 I MediaCodec: (0xb7619840) release
01-05 23:26:20.115 10704 10766 W AudioTrack: AUDIO_OUTPUT_FLAG_FAST denied by client; transfer 4, track 44100 Hz, output 48000 Hz
01-05 23:26:20.130 10704 10758 V Robocol : received command: CMD_REQUEST_OP_MODE_LIST_RESP(16) [{"flavor":"TELEOP","group":"Test","name":"RunAMotorOrTwo"},{"flavor":"AUTONOMOUS","group":"Test","name":"Shooter"},{"flavor":"TELEOP","group":"Test","name":"ShooterData"},{"flavor":"AUTONOMOUS","group":"Test","name":"WestCoastBluePID_AutoTest"},{"flavor":"AUTONOMOUS","group":"Test","name":"WestCoastRedPID_AutoTest"},{"flavor":"TELEOP","group":"Competition","name":"FinalTeleOp"}]
01-05 23:26:20.130 10704 10758 V Robocol : received command: CMD_REQUEST_USER_SENSOR_LIST_RESP(17) [{"description":"a MR compass sensor","flavor":"I2C","name":"MR Compass Sensor","xmlTag":"ModernRoboticsI2cCompassSensor"},{"description":"an Adafruit IMU","flavor":"I2C","name":"Adafruit IMU","xmlTag":"AdafruitBNO055IMU"},{"description":"a MR range sensor","flavor":"I2C","name":"MR Range Sensor","xmlTag":"ModernRoboticsI2cRangeSensor"}]
01-05 23:26:20.130 10704 10758 V Robocol : received command: CMD_REQUEST_ACTIVE_CONFIGURATION_RESP(20) {"isDirty":false,"location":"LOCAL_STORAGE","name":"WestCoastTank_all+intake","resourceId":0}
01-05 23:26:20.131 10704 10758 V Robocol : received command: CMD_INIT_OP_MODE(10015) $Stop$Robot$
01-05 23:26:20.210 10704 10753 V RobotCore: Starting up device AL00VSDY
01-05 23:26:20.220 10704 10774 V RobotCore: thread: 'r/w loop: Modern Robotics USB Servo Controller [AL00VSDY]' starting...
01-05 23:26:20.222 10704 10753 D RobotCore: ...arming modern servo controller Modern Robotics USB Servo Controller [AL00VSDY] complete
01-05 23:26:20.223 10704 10753 V RobotCore: Creating Modern Robotics USB Core Device Interface Module [AL00VFK6]
01-05 23:26:20.235 10704 10753 V D2xx::  : Vendor: 0403, Product: 6001
01-05 23:26:20.237 10704 10753 V D2xx::  : Vendor: 0403, Product: 6001
01-05 23:26:20.238 10704 10753 V D2xx::  : Vendor: 0403, Product: 6001
01-05 23:26:20.239 10704 10753 V D2xx::  : Vendor: 0403, Product: 6001
01-05 23:26:20.241 10704 10753 V D2xx::  : Vendor: 0403, Product: 6001
01-05 23:26:20.242 10704 10753 V D2xx::  : Vendor: 0403, Product: 6001
01-05 23:26:20.244 10704 10753 D FTDI_Device::: open SUCCESS
01-05 23:26:20.244 10704 10753 I FTDI_Device::: EP: 0x81
01-05 23:26:20.244 10704 10753 I FTDI_Device::: EP: 0x02
01-05 23:26:20.245 10704 10753 D D2XX::  : **********************Device Opened**********************
01-05 23:26:20.661 10704 10753 V RobotCore: Starting up device AL00VFK6
01-05 23:26:20.668 10704 10777 V RobotCore: thread: 'r/w loop: Modern Robotics USB Core Device Interface Module [AL00VFK6]' starting...
01-05 23:26:20.669 10704 10753 V RobotCore: Creating Modern Robotics I2C Gyro Sensor - Port: 3
01-05 23:26:20.677 10704 10753 V RobotCore: Creating I2C Device - Port: 4
01-05 23:26:20.677 10704 10753 V RobotCore: Creating Modern Robotics Analog Optical Distance Sensor - Port: 7
01-05 23:26:20.679 10704 10753 V RobotCore: Creating Modern Robotics USB DC Motor Controller [A104OQ1P]
01-05 23:26:20.693 10704 10753 D RobotCore: arming modern motor controller Modern Robotics USB DC Motor Controller [A104OQ1P]...
01-05 23:26:20.695 10704 10753 V D2xx::  : Vendor: 0403, Product: 6001
01-05 23:26:20.697 10704 10753 V D2xx::  : Vendor: 0403, Product: 6001
01-05 23:26:20.698 10704 10753 V D2xx::  : Vendor: 0403, Product: 6001
01-05 23:26:20.699 10704 10753 V D2xx::  : Vendor: 0403, Product: 6001
01-05 23:26:20.701 10704 10753 V D2xx::  : Vendor: 0403, Product: 6001
01-05 23:26:20.702 10704 10753 V D2xx::  : Vendor: 0403, Product: 6001
01-05 23:26:20.704 10704 10753 D FTDI_Device::: open SUCCESS
01-05 23:26:20.704 10704 10753 I FTDI_Device::: EP: 0x81
01-05 23:26:20.704 10704 10753 I FTDI_Device::: EP: 0x02
01-05 23:26:20.704 10704 10753 D D2XX::  : **********************Device Opened**********************
01-05 23:26:21.119 10704 10753 V RobotCore: Starting up device A104OQ1P
01-05 23:26:21.122 10704 10780 V RobotCore: thread: 'r/w loop: Modern Robotics USB DC Motor Controller [A104OQ1P]' starting...
01-05 23:26:21.122 10704 10753 D RobotCore: ...arming modern motor controller Modern Robotics USB DC Motor Controller [A104OQ1P] complete
01-05 23:26:21.166 10704 10753 V RobotCore: Creating Modern Robotics USB DC Motor Controller [AL00VWH0]
01-05 23:26:21.166 10704 10753 D RobotCore: arming modern motor controller Modern Robotics USB DC Motor Controller [AL00VWH0]...
01-05 23:26:21.168 10704 10753 V D2xx::  : Vendor: 0403, Product: 6001
01-05 23:26:21.169 10704 10753 V D2xx::  : Vendor: 0403, Product: 6001
01-05 23:26:21.170 10704 10753 V D2xx::  : Vendor: 0403, Product: 6001
01-05 23:26:21.170 10704 10753 V D2xx::  : Vendor: 0403, Product: 6001
01-05 23:26:21.172 10704 10753 V D2xx::  : Vendor: 0403, Product: 6001
01-05 23:26:21.173 10704 10753 V D2xx::  : Vendor: 0403, Product: 6001
01-05 23:26:21.178 10704 10753 D FTDI_Device::: open SUCCESS
01-05 23:26:21.178 10704 10753 I FTDI_Device::: EP: 0x81
01-05 23:26:21.178 10704 10753 I FTDI_Device::: EP: 0x02
01-05 23:26:21.178 10704 10753 D D2XX::  : **********************Device Opened**********************
01-05 23:26:21.600 10704 10753 V RobotCore: Starting up device AL00VWH0
01-05 23:26:21.602 10704 10783 V RobotCore: thread: 'r/w loop: Modern Robotics USB DC Motor Controller [AL00VWH0]' starting...
01-05 23:26:21.602 10704 10753 D RobotCore: ...arming modern motor controller Modern Robotics USB DC Motor Controller [AL00VWH0] complete
01-05 23:26:21.638 10704 10753 V RobotCore: Creating Modern Robotics USB DC Motor Controller [AI049QOP]
01-05 23:26:21.639 10704 10753 D RobotCore: arming modern motor controller Modern Robotics USB DC Motor Controller [AI049QOP]...
01-05 23:26:21.641 10704 10753 V D2xx::  : Vendor: 0403, Product: 6001
01-05 23:26:21.642 10704 10753 V D2xx::  : Vendor: 0403, Product: 6001
01-05 23:26:21.643 10704 10753 V D2xx::  : Vendor: 0403, Product: 6001
01-05 23:26:21.645 10704 10753 V D2xx::  : Vendor: 0403, Product: 6001
01-05 23:26:21.646 10704 10753 V D2xx::  : Vendor: 0403, Product: 6001
01-05 23:26:21.647 10704 10753 V D2xx::  : Vendor: 0403, Product: 6001
01-05 23:26:21.648 10704 10753 D FTDI_Device::: open SUCCESS
01-05 23:26:21.648 10704 10753 I FTDI_Device::: EP: 0x81
01-05 23:26:21.648 10704 10753 I FTDI_Device::: EP: 0x02
01-05 23:26:21.648 10704 10753 D D2XX::  : **********************Device Opened**********************
01-05 23:26:22.070 10704 10753 V RobotCore: Starting up device AI049QOP
01-05 23:26:22.072 10704 10786 V RobotCore: thread: 'r/w loop: Modern Robotics USB DC Motor Controller [AI049QOP]' starting...
01-05 23:26:22.073 10704 10753 D RobotCore: ...arming modern motor controller Modern Robotics USB DC Motor Controller [AI049QOP] complete
01-05 23:26:22.146 10704 10753 V RobotCore: Creating Modern Robotics USB DC Motor Controller [AL00VBIF]
01-05 23:26:22.146 10704 10753 D RobotCore: arming modern motor controller Modern Robotics USB DC Motor Controller [AL00VBIF]...
01-05 23:26:22.147 10704 10753 V D2xx::  : Vendor: 0403, Product: 6001
01-05 23:26:22.148 10704 10753 V D2xx::  : Vendor: 0403, Product: 6001
01-05 23:26:22.149 10704 10753 V D2xx::  : Vendor: 0403, Product: 6001
01-05 23:26:22.150 10704 10753 V D2xx::  : Vendor: 0403, Product: 6001
01-05 23:26:22.152 10704 10753 V D2xx::  : Vendor: 0403, Product: 6001
01-05 23:26:22.152 10704 10753 V D2xx::  : Vendor: 0403, Product: 6001
01-05 23:26:22.154 10704 10753 D FTDI_Device::: open SUCCESS
01-05 23:26:22.155 10704 10753 I FTDI_Device::: EP: 0x81
01-05 23:26:22.155 10704 10753 I FTDI_Device::: EP: 0x02
01-05 23:26:22.155 10704 10753 D D2XX::  : **********************Device Opened**********************
01-05 23:26:22.580 10704 10753 V RobotCore: Starting up device AL00VBIF
01-05 23:26:22.581 10704 10791 V RobotCore: thread: 'r/w loop: Modern Robotics USB DC Motor Controller [AL00VBIF]' starting...
01-05 23:26:22.582 10704 10753 D RobotCore: ...arming modern motor controller Modern Robotics USB DC Motor Controller [AL00VBIF] complete
01-05 23:26:22.666 10704 10753 I RobotCore: Analytics has completed initialization.
01-05 23:26:22.666 10704 10753 I RobotCore: ========= Device Information ===================================================
01-05 23:26:22.666 10704 10753 I RobotCore: Type                                               Name                           Connection
01-05 23:26:22.667 10704 10753 I RobotCore: Modern Robotics USB DC Motor Controller v2.0       Shooter                        USB AI049QOP
01-05 23:26:22.667 10704 10753 I RobotCore: I2cDevice                                          color                          USB AL00VFK6; port 4
01-05 23:26:22.667 10704 10753 I RobotCore: DC Motor                                           rightFront                     USB AL00VWH0; port 1
01-05 23:26:22.667 10704 10753 I RobotCore: Modern Robotics USB DC Motor Controller v2.0       Front Motors                   USB AL00VWH0
01-05 23:26:22.668 10704 10753 I RobotCore: Modern Robotics USB DC Motor Controller v2.0       Back Motors                    USB A104OQ1P
01-05 23:26:22.668 10704 10753 I RobotCore: DC Motor                                           leftBack                       USB A104OQ1P; port 2
01-05 23:26:22.668 10704 10753 I RobotCore: Servo                                              upDown                         USB AL00VSDY; port 1
01-05 23:26:22.668 10704 10753 I RobotCore: DC Motor                                           shooter2                       USB AI049QOP; port 2
01-05 23:26:22.668 10704 10753 I RobotCore: DC Motor                                           shooter1                       USB AI049QOP; port 1
01-05 23:26:22.668 10704 10753 I RobotCore: DC Motor                                           leftFront                      USB AL00VWH0; port 2
01-05 23:26:22.668 10704 10753 I RobotCore: DC Motor                                           rightBack                      USB A104OQ1P; port 1
01-05 23:26:22.668 10704 10753 I RobotCore: DC Motor                                           intake2                        USB AL00VBIF; port 2
01-05 23:26:22.668 10704 10753 I RobotCore: DC Motor                                           intake1                        USB AL00VBIF; port 1
01-05 23:26:22.668 10704 10753 I RobotCore: Servo                                              ballFeeder                     USB AL00VSDY; port 2
01-05 23:26:22.668 10704 10753 I RobotCore: Modern Robotics USB DC Motor Controller v2.0       Intake                         USB AL00VBIF
01-05 23:26:22.668 10704 10753 I RobotCore: Modern Robotics USB Core Device Interface Module v1.5 Sensors                        USB AL00VFK6
01-05 23:26:22.669 10704 10753 I RobotCore: Modern Robotics USB Servo Controller v1.6          Servos                         USB AL00VSDY
01-05 23:26:22.669 10704 10753 I RobotCore: Modern Robotics Gyro                               gyro                           USB AL00VFK6; I2C port: 3
01-05 23:26:22.669 10704 10753 I RobotCore: Modern Robotics Analog Optical Distance Sensor     ods                            USB AL00VFK6; analog port 7
01-05 23:26:22.669 10704 10753 I FIRST   : ======= INIT FINISH =======
01-05 23:26:22.669 10704 10753 V RobotCore: EventLoopManager state is RUNNING
01-05 23:26:22.669 10704 10753 V RobotCore: Robot Status: running, starting robot
01-05 23:26:22.669 10704 10753 V RobotCore: Robot Status: running
01-05 23:26:22.670 10704 10753 V RobotCore: thread: ...terminating 'RobotSetupRunnable.run()'
01-05 23:26:22.677 10704 10792 V RobotCore: thread: 'opmode loop()' starting...
01-05 23:26:22.693 10704 10766 D MediaPlayer: setSubtitleAnchor in MediaPlayer
01-05 23:26:22.694 10704 10704 D MediaPlayer: setSubtitleAnchor in MediaPlayer
01-05 23:26:22.705 10704 10764 D ExtendedUtils: extended extractor not needed, return default
01-05 23:26:22.706 10704 10764 I MediaCodec: (0xb766a028) init name(audio/raw) isType(1) encoder(0)
01-05 23:26:22.708 10704 10796 I OMXClient: Using client-side OMX mux.
01-05 23:26:22.717 10704 10796 E OMXMaster: A component of name 'OMX.qcom.audio.decoder.aac' already exists, ignoring this one.
01-05 23:26:22.721 10704 10796 I MediaCodec: (0xb766a028) Component Allocated (OMX.google.raw.decoder)
01-05 23:26:22.721 10704 10764 I MediaCodec: (0xb766a028) configure surface(0x0) crypto(0x0) flags(0)
01-05 23:26:22.721 10704 10764 D MediaCodec: (0xb766a028) configure format: AMessage(what = 0x00000000) = {
01-05 23:26:22.721 10704 10764 D MediaCodec:    string mime = "audio/raw"
01-05 23:26:22.721 10704 10764 D MediaCodec:    int64_t durationUs = 1019125
01-05 23:26:22.721 10704 10764 D MediaCodec:    int32_t channel-count = 1
01-05 23:26:22.721 10704 10764 D MediaCodec:    int32_t sample-rate = 8000
01-05 23:26:22.721 10704 10764 D MediaCodec:    int32_t channel-mask = 0
01-05 23:26:22.721 10704 10764 D MediaCodec:  }
01-05 23:26:22.722 10704 10764 I MediaCodec: (0xb766a028) start
01-05 23:26:22.724 10704 10796 I MediaCodec: (0xb766a028) input buffers allocated
01-05 23:26:22.724 10704 10796 I MediaCodec: (0xb766a028) numBuffers (4)
01-05 23:26:22.724 10704 10796 I MediaCodec: (0xb766a028) output buffers allocated
01-05 23:26:22.724 10704 10796 I MediaCodec: (0xb766a028) numBuffers (4)
01-05 23:26:22.732 10704 10796 I MediaCodec: (0xb766a028) codec output format changed
01-05 23:26:22.732 10704 10796 D MediaCodec: (0xb766a028) output format: AMessage(what = 'codc', target = 6) = {
01-05 23:26:22.732 10704 10796 D MediaCodec:    string mime = "audio/raw"
01-05 23:26:22.732 10704 10796 D MediaCodec:    int32_t channel-count = 1
01-05 23:26:22.732 10704 10796 D MediaCodec:    int32_t sample-rate = 8000
01-05 23:26:22.732 10704 10796 D MediaCodec:    int32_t channel-mask = 0
01-05 23:26:22.732 10704 10796 D MediaCodec:    int32_t what = 1869968451
01-05 23:26:22.732 10704 10796 D MediaCodec:  }
01-05 23:26:22.737 10704 10764 I MediaCodec: (0xb766a028) stop
01-05 23:26:22.739 10704 10764 I MediaCodec: (0xb766a028) release
01-05 23:26:22.765 10704 10766 W AudioTrack: AUDIO_OUTPUT_FLAG_FAST denied by client; transfer 4, track 8000 Hz, output 48000 Hz
01-05 23:26:23.184 10704 10792 I RobotCore: Attempting to switch to op mode $Stop$Robot$
01-05 23:26:23.268 10704 10762 V Robocol : sending CMD_INIT_OP_MODE_RESP(57), attempt: 0
01-05 23:26:23.291 10704 10758 V Robocol : received command: CMD_INIT_OP_MODE_RESP(57) $Stop$Robot$
01-05 23:26:23.443 10704 10792 I RobotCore: robot battery read duration: n=4, mean=0.015ms sd=0.009ms
01-05 23:26:24.063 10704 10758 D Robocol : no packet received: SocketTimeoutException
01-05 23:26:33.170 10704 10758 V Robocol : received command: CMD_INIT_OP_MODE(10165) $Stop$Robot$
01-05 23:26:33.251 10704 10792 I RobotCore: Attempting to switch to op mode $Stop$Robot$
01-05 23:26:33.348 10704 10762 V Robocol : sending CMD_INIT_OP_MODE_RESP(197), attempt: 0
01-05 23:26:33.372 10704 10758 V Robocol : received command: CMD_INIT_OP_MODE_RESP(197) $Stop$Robot$
01-05 23:26:36.971 10704 10758 V Robocol : received command: CMD_INIT_OP_MODE(10216) Shooter
01-05 23:26:36.982 10704 10792 I RobotCore: Attempting to switch to op mode Shooter
01-05 23:26:37.049 10704 10803 V RobotCore: thread: 'LinearOpMode main' starting...
01-05 23:26:37.068 10704 10762 V Robocol : sending CMD_INIT_OP_MODE_RESP(254), attempt: 0
01-05 23:26:37.171 10704 10758 V Robocol : received command: CMD_INIT_OP_MODE_RESP(254) Shooter
01-05 23:26:41.130 10704 10758 V Robocol : received command: CMD_RUN_OP_MODE(10258) Shooter
01-05 23:26:41.148 10704 10762 V Robocol : sending CMD_RUN_OP_MODE_RESP(298), attempt: 0
01-05 23:26:41.170 10704 10758 V Robocol : received command: CMD_RUN_OP_MODE_RESP(298) Shooter
01-05 23:26:42.158 10704 10803 I RobotCore: SHOOTER RPM1: 393702.82887965813
01-05 23:26:42.158 10704 10803 I RobotCore: SHOOTER RPM2: 326485.2727294726
01-05 23:26:42.197 10704 10803 I RobotCore: SHOOTER RPM1: 1510.2233464227184
01-05 23:26:42.198 10704 10803 I RobotCore: SHOOTER RPM2: 1235.6372834367694
01-05 23:26:42.218 10704 10803 I RobotCore: SHOOTER RPM1: 2961.0320912394163
01-05 23:26:42.218 10704 10803 I RobotCore: SHOOTER RPM2: 2434.626386130187
01-05 23:26:42.239 10704 10803 I RobotCore: SHOOTER RPM1: 3014.318931013153
01-05 23:26:42.239 10704 10803 I RobotCore: SHOOTER RPM2: 2490.089551706518
01-05 23:26:42.259 10704 10803 I RobotCore: SHOOTER RPM1: 3180.9903086067175
01-05 23:26:42.259 10704 10803 I RobotCore: SHOOTER RPM2: 2584.554625742958
01-05 23:26:42.279 10704 10803 I RobotCore: SHOOTER RPM1: 3251.878959554186
01-05 23:26:42.279 10704 10803 I RobotCore: SHOOTER RPM2: 2720.959945749421
01-05 23:26:42.300 10704 10803 I RobotCore: SHOOTER RPM1: 3311.324066041047
01-05 23:26:42.300 10704 10803 I RobotCore: SHOOTER RPM2: 2781.5122154744795
01-05 23:26:42.322 10704 10803 I RobotCore: SHOOTER RPM1: 3083.5701752038017
01-05 23:26:42.322 10704 10803 I RobotCore: SHOOTER RPM2: 2539.410732520778
01-05 23:26:42.343 10704 10803 I RobotCore: SHOOTER RPM1: 3441.063848960494
01-05 23:26:42.343 10704 10803 I RobotCore: SHOOTER RPM2: 2856.7322519672025
01-05 23:26:42.364 10704 10803 I RobotCore: SHOOTER RPM1: 3602.157326521377
01-05 23:26:42.364 10704 10803 I RobotCore: SHOOTER RPM2: 2947.2196307902177
01-05 23:26:42.435 10704 10803 I RobotCore: SHOOTER RPM1: 338.9441137647088
01-05 23:26:42.435 10704 10803 I RobotCore: SHOOTER RPM2: 282.4534281372573
01-05 23:26:42.486 10704 10803 I RobotCore: SHOOTER RPM1: 508.5582440375899
01-05 23:26:42.486 10704 10803 I RobotCore: SHOOTER RPM2: 428.25957392639145
01-05 23:26:42.506 10704 10803 I RobotCore: SHOOTER RPM1: 1260.378182815446
01-05 23:26:42.506 10704 10803 I RobotCore: SHOOTER RPM2: 1061.3711013182703
01-05 23:26:42.527 10704 10803 I RobotCore: SHOOTER RPM1: 1262.1239074522375
01-05 23:26:42.527 10704 10803 I RobotCore: SHOOTER RPM2: 1062.841185222937
01-05 23:26:42.547 10704 10803 I RobotCore: SHOOTER RPM1: 1254.1383976336008
01-05 23:26:42.547 10704 10803 I RobotCore: SHOOTER RPM2: 1056.116545375664
01-05 23:26:42.567 10704 10803 I RobotCore: SHOOTER RPM1: 1260.9552606025463
01-05 23:26:42.567 10704 10803 I RobotCore: SHOOTER RPM2: 1061.857061560039
01-05 23:26:42.588 10704 10803 I RobotCore: SHOOTER RPM1: 1317.7086035665432
01-05 23:26:42.588 10704 10803 I RobotCore: SHOOTER RPM2: 1120.0523130315617
01-05 23:26:42.608 10704 10803 I RobotCore: SHOOTER RPM1: 1328.0176822685876
01-05 23:26:42.608 10704 10803 I RobotCore: SHOOTER RPM2: 1128.8150299282995
01-05 23:26:42.629 10704 10803 I RobotCore: SHOOTER RPM1: 1385.328309272661
01-05 23:26:42.629 10704 10803 I RobotCore: SHOOTER RPM2: 1121.4562503635827
01-05 23:26:42.649 10704 10803 I RobotCore: SHOOTER RPM1: 1252.0870742894392
01-05 23:26:42.649 10704 10803 I RobotCore: SHOOTER RPM2: 1054.3891151911068
01-05 23:26:42.670 10704 10803 I RobotCore: SHOOTER RPM1: 1057.8820451945776
01-05 23:26:42.670 10704 10803 I RobotCore: SHOOTER RPM2: 859.5291617205943
01-05 23:26:42.696 10704 10803 I RobotCore: SHOOTER RPM1: 760.9049712284634
01-05 23:26:42.696 10704 10803 I RobotCore: SHOOTER RPM2: 659.4509750646683
01-05 23:26:42.717 10704 10803 I RobotCore: SHOOTER RPM1: 1048.8269261519022
01-05 23:26:42.717 10704 10803 I RobotCore: SHOOTER RPM2: 852.1718774984205
01-05 23:26:42.737 10704 10803 I RobotCore: SHOOTER RPM1: 990.4443801445018
01-05 23:26:42.737 10704 10803 I RobotCore: SHOOTER RPM2: 858.3851294585683
01-05 23:26:42.758 10704 10803 I RobotCore: SHOOTER RPM1: 994.498893568267
01-05 23:26:42.758 10704 10803 I RobotCore: SHOOTER RPM2: 861.899041092498
01-05 23:26:42.778 10704 10803 I RobotCore: SHOOTER RPM1: 1058.632047472004
01-05 23:26:42.778 10704 10803 I RobotCore: SHOOTER RPM2: 860.1385385710032
01-05 23:26:42.799 10704 10803 I RobotCore: SHOOTER RPM1: 995.7303666041829
01-05 23:26:42.799 10704 10803 I RobotCore: SHOOTER RPM2: 796.5842932833463
01-05 23:26:42.819 10704 10803 I RobotCore: SHOOTER RPM1: 1051.1746370691453
01-05 23:26:42.819 10704 10803 I RobotCore: SHOOTER RPM2: 854.0793926186806
01-05 23:26:42.840 10704 10803 I RobotCore: SHOOTER RPM1: 995.5826713690877
01-05 23:26:42.840 10704 10803 I RobotCore: SHOOTER RPM2: 862.8383151865428
01-05 23:26:42.860 10704 10803 I RobotCore: SHOOTER RPM1: 1056.8451901275198
01-05 23:26:42.860 10704 10803 I RobotCore: SHOOTER RPM2: 924.7395413615798
01-05 23:26:42.880 10704 10803 I RobotCore: SHOOTER RPM1: 1060.804232498564
01-05 23:26:42.880 10704 10803 I RobotCore: SHOOTER RPM2: 861.9034389050834
01-05 23:26:42.901 10704 10803 I RobotCore: SHOOTER RPM1: 989.580605526906
01-05 23:26:42.901 10704 10803 I RobotCore: SHOOTER RPM2: 857.6365247899852
01-05 23:26:42.922 10704 10803 I RobotCore: SHOOTER RPM1: 972.90975718859
01-05 23:26:42.922 10704 10803 I RobotCore: SHOOTER RPM2: 843.1884562301112
01-05 23:26:42.942 10704 10803 I RobotCore: SHOOTER RPM1: 988.7710505681733
01-05 23:26:42.942 10704 10803 I RobotCore: SHOOTER RPM2: 856.9349104924169
01-05 23:26:42.966 10704 10803 I RobotCore: SHOOTER RPM1: 896.1362935839638
01-05 23:26:42.966 10704 10803 I RobotCore: SHOOTER RPM2: 784.1192568859684
01-05 23:26:42.987 10704 10803 I RobotCore: SHOOTER RPM1: 989.1530479107859
01-05 23:26:42.987 10704 10803 I RobotCore: SHOOTER RPM2: 857.2659748560144
01-05 23:26:43.007 10704 10803 I RobotCore: SHOOTER RPM1: 1055.4801977877007
01-05 23:26:43.007 10704 10803 I RobotCore: SHOOTER RPM2: 857.5776607025069
01-05 23:26:43.028 10704 10803 I RobotCore: SHOOTER RPM1: 1054.1213478432487
01-05 23:26:43.028 10704 10803 I RobotCore: SHOOTER RPM2: 922.3561793628426
01-05 23:26:43.048 10704 10803 I RobotCore: SHOOTER RPM1: 1054.6087664008323
01-05 23:26:43.048 10704 10803 I RobotCore: SHOOTER RPM2: 922.7826706007282
01-05 23:26:43.069 10704 10803 I RobotCore: SHOOTER RPM1: 1061.2707121422707
01-05 23:26:43.069 10704 10803 I RobotCore: SHOOTER RPM2: 862.2824536155949
01-05 23:26:43.089 10704 10803 I RobotCore: SHOOTER RPM1: 1052.9796857184695
01-05 23:26:43.089 10704 10803 I RobotCore: SHOOTER RPM2: 921.3572250036608
01-05 23:26:43.110 10704 10803 I RobotCore: SHOOTER RPM1: 1055.2253172232859
01-05 23:26:43.110 10704 10803 I RobotCore: SHOOTER RPM2: 923.3221525703751
01-05 23:26:43.130 10704 10803 I RobotCore: SHOOTER RPM1: 1052.6939773828778
01-05 23:26:43.130 10704 10803 I RobotCore: SHOOTER RPM2: 921.1072302100181
01-05 23:26:43.151 10704 10803 I RobotCore: SHOOTER RPM1: 1053.8243361561372
01-05 23:26:43.151 10704 10803 I RobotCore: SHOOTER RPM2: 922.09629413662
01-05 23:26:43.171 10704 10803 I RobotCore: SHOOTER RPM1: 1052.645955875029
01-05 23:26:43.171 10704 10803 I RobotCore: SHOOTER RPM2: 921.0652113906503
01-05 23:26:43.192 10704 10803 I RobotCore: SHOOTER RPM1: 1108.6756796225611
01-05 23:26:43.192 10704 10803 I RobotCore: SHOOTER RPM2: 913.0270302774032
01-05 23:26:43.212 10704 10803 I RobotCore: SHOOTER RPM1: 1128.309681907107
01-05 23:26:43.212 10704 10803 I RobotCore: SHOOTER RPM2: 929.1962086293823
01-05 23:26:43.233 10704 10803 I RobotCore: SHOOTER RPM1: 975.2452788688129
01-05 23:26:43.233 10704 10803 I RobotCore: SHOOTER RPM2: 845.2125750196378
01-05 23:26:43.254 10704 10803 I RobotCore: SHOOTER RPM1: 1058.2299285612123
01-05 23:26:43.254 10704 10803 I RobotCore: SHOOTER RPM2: 925.9511874910609
01-05 23:26:43.274 10704 10803 I RobotCore: SHOOTER RPM1: 1053.0357895063173
01-05 23:26:43.274 10704 10803 I RobotCore: SHOOTER RPM2: 921.4063158180276
01-05 23:26:43.295 10704 10803 I RobotCore: SHOOTER RPM1: 1125.9852675769666
01-05 23:26:43.295 10704 10803 I RobotCore: SHOOTER RPM2: 927.2819850633842
01-05 23:26:43.315 10704 10803 I RobotCore: SHOOTER RPM1: 1120.433554743043
01-05 23:26:43.315 10704 10803 I RobotCore: SHOOTER RPM2: 922.7099862589765
01-05 23:26:43.335 10704 10803 I RobotCore: SHOOTER RPM1: 1128.6041868485438
01-05 23:26:43.335 10704 10803 I RobotCore: SHOOTER RPM2: 929.4387421105655
01-05 23:26:43.356 10704 10803 I RobotCore: SHOOTER RPM1: 1125.3819397355853
01-05 23:26:43.356 10704 10803 I RobotCore: SHOOTER RPM2: 926.7851268410702
01-05 23:26:43.376 10704 10803 I RobotCore: SHOOTER RPM1: 1059.9619227493577
01-05 23:26:43.376 10704 10803 I RobotCore: SHOOTER RPM2: 927.466682405688
01-05 23:26:43.397 10704 10803 I RobotCore: SHOOTER RPM1: 1055.0054091380146
01-05 23:26:43.397 10704 10803 I RobotCore: SHOOTER RPM2: 923.1297329957628
01-05 23:26:43.417 10704 10803 I RobotCore: SHOOTER RPM1: 989.7315993195245
01-05 23:26:43.417 10704 10803 I RobotCore: SHOOTER RPM2: 857.7673860769212
01-05 23:26:43.438 10704 10803 I RobotCore: SHOOTER RPM1: 1121.7015085432356
01-05 23:26:43.438 10704 10803 I RobotCore: SHOOTER RPM2: 989.7366251852079
01-05 23:26:43.472 10704 10803 I RobotCore: SHOOTER RPM1: 706.8316977628751
01-05 23:26:43.472 10704 10803 I RobotCore: SHOOTER RPM2: 628.294842455889
01-05 23:26:43.502 10704 10803 I RobotCore: SHOOTER RPM1: 851.5007982564533
01-05 23:26:43.502 10704 10803 I RobotCore: SHOOTER RPM2: 717.0533037949081
01-05 23:26:43.523 10704 10803 I RobotCore: SHOOTER RPM1: 1187.6084506717864
01-05 23:26:43.523 10704 10803 I RobotCore: SHOOTER RPM2: 1055.651956152699
01-05 23:26:43.543 10704 10803 I RobotCore: SHOOTER RPM1: 1189.5171469967306
01-05 23:26:43.543 10704 10803 I RobotCore: SHOOTER RPM2: 1057.3485751082048
01-05 23:26:43.564 10704 10803 I RobotCore: SHOOTER RPM1: 1254.2437104899534
01-05 23:26:43.564 10704 10803 I RobotCore: SHOOTER RPM2: 1056.2052298862766
01-05 23:26:43.584 10704 10803 I RobotCore: SHOOTER RPM1: 1190.5905989884188
01-05 23:26:43.584 10704 10803 I RobotCore: SHOOTER RPM2: 1058.3027546563724
01-05 23:26:43.604 10704 10803 I RobotCore: SHOOTER RPM1: 1259.4218425175843
01-05 23:26:43.604 10704 10803 I RobotCore: SHOOTER RPM2: 1060.565762120071
01-05 23:26:43.625 10704 10803 I RobotCore: SHOOTER RPM1: 1256.3182177238166
01-05 23:26:43.625 10704 10803 I RobotCore: SHOOTER RPM2: 1057.9521833463718
01-05 23:26:43.646 10704 10803 I RobotCore: SHOOTER RPM1: 1273.7238080654686
01-05 23:26:43.646 10704 10803 I RobotCore: SHOOTER RPM2: 1082.6652368556483
01-05 23:26:43.666 10704 10803 I RobotCore: SHOOTER RPM1: 1260.9456001216602
01-05 23:26:43.667 10704 10803 I RobotCore: SHOOTER RPM2: 1128.2144843193803
01-05 23:26:43.687 10704 10803 I RobotCore: SHOOTER RPM1: 1056.8559350240532
01-05 23:26:43.687 10704 10803 I RobotCore: SHOOTER RPM2: 924.7489431460466
