04-09 20:33:54.168   503   570 W System.err: 	at java.util.concurrent.locks.AbstractQueuedSynchronizer.acquireSharedInterruptibly(AbstractQueuedSynchronizer.java:1278)
04-09 20:33:54.168   503   570 W System.err: 	at java.util.concurrent.Semaphore.acquire(Semaphore.java:284)
04-09 20:33:54.168   503   570 W System.err: 	at com.ftdi.j2xx.ProcessInCtrl.acquireReadableBuffer(FT_Device.java:2294)
04-09 20:33:54.168   503   570 W System.err: 	at com.ftdi.j2xx.ProcessRequestWorker.run(FT_Device.java:2764)
04-09 20:33:54.168   503   570 W System.err: 	at java.lang.Thread.run(Thread.java:818)
04-09 20:33:54.169   503   569 D BulkIn::: Stop BulkIn thread
04-09 20:33:54.169   503   569 W System.err: java.lang.NullPointerException: Attempt to invoke virtual method 'int com.ftdi.j2xx.D2xxManager$DriverParameters.getBufferNumber()' on a null object reference
04-09 20:33:54.170   503   569 W System.err: 	at com.ftdi.j2xx.ProcessInCtrl.releaseWritableBuffers(FT_Device.java:2672)
04-09 20:33:54.170   503   569 W System.err: 	at com.ftdi.j2xx.BulkInWorker.run(FT_Device.java:2879)
04-09 20:33:54.170   503   569 W System.err: 	at java.lang.Thread.run(Thread.java:818)
04-09 20:33:54.175   503   503 D UsbDeviceConnectionJNI: close
04-09 20:33:54.176   503   598 D ProcessRequestThread::: Device has been closed.
04-09 20:33:54.176   503   598 W System.err: java.lang.InterruptedException
04-09 20:33:54.176   503   503 D UsbDeviceConnectionJNI: close
04-09 20:33:54.176   503   598 W System.err: 	at java.util.concurrent.locks.AbstractQueuedSynchronizer.doAcquireSharedInterruptibly(AbstractQueuedSynchronizer.java:972)
04-09 20:33:54.176   503   600 W RobotCore: could not write to Modern Robotics USB DC Motor Controller [AL00VBIF]: FTDI Null Pointer Exception
04-09 20:33:54.176   503   600 E RobotCore: java.lang.NullPointerException: Attempt to invoke interface method 'void java.util.concurrent.locks.Lock.unlock()' on a null object reference
04-09 20:33:54.176   503   598 W System.err: 	at java.util.concurrent.locks.AbstractQueuedSynchronizer.acquireSharedInterruptibly(AbstractQueuedSynchronizer.java:1278)
04-09 20:33:54.176   503   598 W System.err: 	at java.util.concurrent.Semaphore.acquire(Semaphore.java:284)
04-09 20:33:54.176   503   598 W System.err: 	at com.ftdi.j2xx.ProcessInCtrl.acquireReadableBuffer(FT_Device.java:2294)
04-09 20:33:54.176   503   598 W System.err: 	at com.ftdi.j2xx.ProcessRequestWorker.run(FT_Device.java:2764)
04-09 20:33:54.176   503   598 W System.err: 	at java.lang.Thread.run(Thread.java:818)
04-09 20:33:54.176   503   600 E RobotCore: com.ftdi.j2xx.ProcessInCtrl.readBulkInData(FT_Device.java:2520)
04-09 20:33:54.176   503   600 E RobotCore: com.ftdi.j2xx.FT_Device.read(FT_Device.java:666)
04-09 20:33:54.176   503   600 E RobotCore: com.qualcomm.robotcore.hardware.usb.ftdi.RobotUsbDeviceFtdi.read(RobotUsbDeviceFtdi.java:199)
04-09 20:33:54.176   503   600 E RobotCore: com.qualcomm.robotcore.hardware.usb.ftdi.RobotUsbDeviceFtdi.read(RobotUsbDeviceFtdi.java:176)
04-09 20:33:54.176   503   600 E RobotCore: com.qualcomm.modernrobotics.ReadWriteRunnableUsbHandler.a(SourceFile:89)
04-09 20:33:54.176   503   600 E RobotCore: com.qualcomm.modernrobotics.ReadWriteRunnableUsbHandler.read(SourceFile:66)
04-09 20:33:54.176   503   600 E RobotCore: com.qualcomm.hardware.modernrobotics.ReadWriteRunnableStandard$1.run(ReadWriteRunnableStandard.java:343)
04-09 20:33:54.176   503   600 E RobotCore: com.qualcomm.robotcore.util.ThreadPool.logThreadLifeCycle(ThreadPool.java:513)
04-09 20:33:54.176   503   597 D BulkIn::: Stop BulkIn thread
04-09 20:33:54.176   503   600 E RobotCore: com.qualcomm.hardware.modernrobotics.ReadWriteRunnableStandard.run(ReadWriteRunnableStandard.java:302)
04-09 20:33:54.176   503   600 E RobotCore: java.util.concurrent.ThreadPoolExecutor.runWorker(ThreadPoolExecutor.java:1113)
04-09 20:33:54.176   503   597 W System.err: java.lang.NullPointerException: Attempt to invoke virtual method 'int com.ftdi.j2xx.D2xxManager$DriverParameters.getBufferNumber()' on a null object reference
04-09 20:33:54.176   503   600 E RobotCore: java.util.concurrent.ThreadPoolExecutor$Worker.run(ThreadPoolExecutor.java:588)
04-09 20:33:54.176   503   600 E RobotCore: java.lang.Thread.run(Thread.java:818)
04-09 20:33:54.177   503   595 D ProcessRequestThread::: Device has been closed.
04-09 20:33:54.177   503   597 W System.err: 	at com.ftdi.j2xx.ProcessInCtrl.releaseWritableBuffers(FT_Device.java:2672)
04-09 20:33:54.177   503   597 W System.err: 	at com.ftdi.j2xx.BulkInWorker.run(FT_Device.java:2879)
04-09 20:33:54.177   503   597 W System.err: 	at java.lang.Thread.run(Thread.java:818)
04-09 20:33:54.177   503   600 V RobotCore: thread: ...terminating 'r/w loop: Modern Robotics USB DC Motor Controller [AL00VBIF]'
04-09 20:33:54.177   503   594 D BulkIn::: Stop BulkIn thread
04-09 20:33:54.177   503   594 W System.err: java.lang.NullPointerException: Attempt to invoke virtual method 'int com.ftdi.j2xx.D2xxManager$DriverParameters.getBufferNumber()' on a null object reference
04-09 20:33:54.177   503   594 W System.err: 	at com.ftdi.j2xx.ProcessInCtrl.releaseWritableBuffers(FT_Device.java:2672)
04-09 20:33:54.177   503   594 W System.err: 	at com.ftdi.j2xx.BulkInWorker.run(FT_Device.java:2879)
04-09 20:33:54.177   503   594 W System.err: 	at java.lang.Thread.run(Thread.java:818)
04-09 20:33:54.177   503   595 W System.err: java.lang.InterruptedException
04-09 20:33:54.177   503   595 W System.err: 	at java.util.concurrent.locks.AbstractQueuedSynchronizer.doAcquireSharedInterruptibly(AbstractQueuedSynchronizer.java:972)
04-09 20:33:54.177   503   595 W System.err: 	at java.util.concurrent.locks.AbstractQueuedSynchronizer.acquireSharedInterruptibly(AbstractQueuedSynchronizer.java:1278)
04-09 20:33:54.177   503   595 W System.err: 	at java.util.concurrent.Semaphore.acquire(Semaphore.java:284)
04-09 20:33:54.177   503   595 W System.err: 	at com.ftdi.j2xx.ProcessInCtrl.acquireReadableBuffer(FT_Device.java:2294)
04-09 20:33:54.177   503   595 W System.err: 	at com.ftdi.j2xx.ProcessRequestWorker.run(FT_Device.java:2764)
04-09 20:33:54.178   503   595 W System.err: 	at java.lang.Thread.run(Thread.java:818)
04-09 20:33:54.178   503   587 E FTDI_Device::: UsbConnection.requestWait() == null
04-09 20:33:54.178   503   584 W RobotCore: error: closed: FT_Device.read()=-1
04-09 20:33:54.178   503   584 V RobotCore: thread: ...terminating 'r/w loop: Modern Robotics USB Servo Controller [AL00VST0]'
04-09 20:33:54.178   503   596 W RobotCore: error: closed: FT_Device.read()=-1
04-09 20:33:54.179   503   596 V RobotCore: thread: ...terminating 'r/w loop: Modern Robotics USB DC Motor Controller [AI049QOP]'
04-09 20:33:54.179   503   503 D UsbDeviceConnectionJNI: close
04-09 20:33:54.180   503   585 D BulkIn::: Stop BulkIn thread
04-09 20:33:54.180   503   585 W System.err: java.lang.NullPointerException: Null pointer exception during instruction 'monitor-enter v2'
04-09 20:33:54.180   503   586 D ProcessRequestThread::: Device has been closed.
04-09 20:33:54.180   503   586 W System.err: java.lang.InterruptedException
04-09 20:33:54.180   503   585 W System.err: 	at com.ftdi.j2xx.ProcessInCtrl.getBuffer(FT_Device.java:2269)
04-09 20:33:54.180   503   585 W System.err: 	at 	at com.ftdi.j2xx.ProcessInCtrl.releaseWritableBuffers(FT_Device.java:2675)
04-09 20:33:54.180   503   585 W System.err: 	at com.ftdi.j2xx.BulkInWorker.run(FT_Device.java:2879)
04-09 20:33:54.180   503   585 W System.err: 	at java.lang.Thread.run(Thread.java:818)
04-09 20:33:54.180   503   586 W System.err: java.util.concurrent.locks.AbstractQueuedSynchronizer.doAcquireSharedInterruptibly(AbstractQueuedSynchronizer.java:972)
04-09 20:33:54.180   503   586 W System.err: 	at java.util.concurrent.locks.AbstractQueuedSynchronizer.acquireSharedInterruptibly(AbstractQueuedSynchronizer.java:1278)
04-09 20:33:54.180   503   586 W System.err: 	at java.util.concurrent.Semaphore.acquire(Semaphore.java:284)
04-09 20:33:54.180   503   586 W System.err: 	at com.ftdi.j2xx.ProcessInCtrl.acquireReadableBuffer(FT_Device.java:2294)
04-09 20:33:54.180   503   601 D RobotCore: system telemetry: key=$System$Warning$ msg="problem communicating with Modern Robotics USB DC Motor Controller [AL00VBIF]; problem communicating with Modern Robotics USB DC Motor Controller [AI049QOP]; problem communicating with Modern Robotics USB Servo Controller [AL00VST0]"
04-09 20:33:54.180   503   586 W System.err: 	at com.ftdi.j2xx.ProcessRequestWorker.run(FT_Device.java:2764)
04-09 20:33:54.180   503   586 W System.err: 	at java.lang.Thread.run(Thread.java:818)
04-09 20:33:54.181   503   601 V RobotCore: event loop: device has shutdown abnormally
04-09 20:33:54.181   503   601 V RobotCore: event loop: detaching device owner
04-09 20:33:54.181   503   601 I FIRST   : ======= MODULE DETACH RECOVERY: disarm Modern Robotics USB Servo Controller [AL00VST0]=======
04-09 20:33:54.181   503   601 D RobotCore: disarming modern servo controller "Modern Robotics USB Servo Controller [AL00VST0]"...
04-09 20:33:54.181   503   587 W RobotCore: could not write to Modern Robotics USB Core Device Interface Module [AI02RHDJ]: FTDI Null Pointer Exception
04-09 20:33:54.181   503   587 E RobotCore: java.lang.NullPointerException: Attempt to invoke interface method 'void java.util.concurrent.locks.Lock.unlock()' on a null object reference
04-09 20:33:54.181   503   601 V RobotCore: waiting for service ReadWriteRunnable for Modern Robotics USB Device
04-09 20:33:54.181   503   587 E RobotCore: com.ftdi.j2xx.ProcessInCtrl.readBulkInData(FT_Device.java:2520)
04-09 20:33:54.181   503   587 E RobotCore: com.ftdi.j2xx.FT_Device.read(FT_Device.java:666)
04-09 20:33:54.181   503   587 E RobotCore: com.qualcomm.robotcore.hardware.usb.ftdi.RobotUsbDeviceFtdi.read(RobotUsbDeviceFtdi.java:199)
04-09 20:33:54.181   503   587 E RobotCore: com.qualcomm.robotcore.hardware.usb.ftdi.RobotUsbDeviceFtdi.read(RobotUsbDeviceFtdi.java:176)
04-09 20:33:54.181   503   587 E RobotCore: com.qualcomm.modernrobotics.ReadWriteRunnableUsbHandler.a(SourceFile:77)
04-09 20:33:54.181   503   587 E RobotCore: com.qualcomm.modernrobotics.ReadWriteRunnableUsbHandler.read(SourceFile:66)
04-09 20:33:54.181   503   587 E RobotCore: com.qualcomm.hardware.modernrobotics.ReadWriteRunnableStandard$1.run(ReadWriteRunnableStandard.java:343)
04-09 20:33:54.181   503   587 E RobotCore: com.qualcomm.robotcore.util.ThreadPool.logThreadLifeCycle(ThreadPool.java:513)
04-09 20:33:54.181   503   587 E RobotCore: com.qualcomm.hardware.modernrobotics.ReadWriteRunnableStandard.run(ReadWriteRunnableStandard.java:302)
04-09 20:33:54.182   503   587 E RobotCore: java.util.concurrent.ThreadPoolExecutor.runWorker(ThreadPoolExecutor.java:1113)
04-09 20:33:54.182   503   587 E RobotCore: java.util.concurrent.ThreadPoolExecutor$Worker.run(ThreadPoolExecutor.java:588)
04-09 20:33:54.182   503   587 E RobotCore: java.lang.Thread.run(Thread.java:818)
04-09 20:33:54.182   503   601 V RobotCore: awaitTermination returned, isTerminated=true
04-09 20:33:54.182   503   601 V RobotCore: executive service ReadWriteRunnable for Modern Robotics USB Device is terminated
04-09 20:33:54.182   503   587 V RobotCore: thread: ...terminating 'r/w loop: Modern Robotics USB Core Device Interface Module [AI02RHDJ]'
04-09 20:33:54.182   503   601 D RobotCore: ...disarming modern servo controller Modern Robotics USB Servo Controller [AL00VST0] complete
04-09 20:33:54.182   503   601 I FIRST   : ======= MODULE DETACH RECOVERY: pretend Modern Robotics USB Servo Controller [AL00VST0]=======
04-09 20:33:54.182   503   601 D RobotCore: arming modern servo controller Modern Robotics USB Servo Controller [AL00VST0] (pretend)...
04-09 20:33:54.183   503   601 V RobotCore: Starting up pretend device AL00VST0
04-09 20:33:54.184   503   635 V RobotCore: thread: 'r/w loop: Modern Robotics USB Servo Controller [AL00VST0]' starting...
04-09 20:33:54.184   503   601 D RobotCore: ...arming modern servo controller Modern Robotics USB Servo Controller [AL00VST0] complete
04-09 20:33:54.184   503   601 I FIRST   : ======= MODULE DETACH RECOVERY: complete Modern Robotics USB Servo Controller [AL00VST0]=======
04-09 20:33:54.185   503   601 V RobotCore: event loop: device has shutdown abnormally
04-09 20:33:54.185   503   601 V RobotCore: event loop: detaching device owner
04-09 20:33:54.185   503   601 I FIRST   : ======= MODULE DETACH RECOVERY: disarm Modern Robotics USB Core Device Interface Module [AI02RHDJ]=======
04-09 20:33:54.185   503   601 V RobotCore: waiting for service ReadWriteRunnable for Modern Robotics USB Device
04-09 20:33:54.185   503   601 V RobotCore: awaitTermination returned, isTerminated=true
04-09 20:33:54.185   503   601 V RobotCore: executive service ReadWriteRunnable for Modern Robotics USB Device is terminated
04-09 20:33:54.185   503   601 I FIRST   : ======= MODULE DETACH RECOVERY: pretend Modern Robotics USB Core Device Interface Module [AI02RHDJ]=======
04-09 20:33:54.185   503   601 V RobotCore: Starting up pretend device AI02RHDJ
04-09 20:33:54.188   503   503 D UsbDeviceConnectionJNI: close
04-09 20:33:54.188   503   636 V RobotCore: thread: 'r/w loop: Modern Robotics USB Core Device Interface Module [AI02RHDJ]' starting...
04-09 20:33:54.190   503   591 D BulkIn::: Stop BulkIn thread
04-09 20:33:54.190   503   591 W System.err: java.lang.NullPointerException: Attempt to invoke virtual method 'boolean com.ftdi.j2xx.InBuffer.acquired()' on a null object reference
04-09 20:33:54.190   503   601 I FIRST   : ======= MODULE DETACH RECOVERY: complete Modern Robotics USB Core Device Interface Module [AI02RHDJ]=======
04-09 20:33:54.190   503   601 V RobotCore: event loop: device has shutdown abnormally
04-09 20:33:54.190   503   601 V RobotCore: event loop: detaching device owner
04-09 20:33:54.190   503   591 W System.err: 	at com.ftdi.j2xx.ProcessInCtrl.releaseWritableBuffers(FT_Device.java:2675)
04-09 20:33:54.190   503   591 W System.err: 	at com.ftdi.j2xx.BulkInWorker.run(FT_Device.java:2879)
04-09 20:33:54.190   503   601 I FIRST   : ======= MODULE DETACH RECOVERY: disarm Modern Robotics USB DC Motor Controller [AI049QOP]=======
04-09 20:33:54.190   503   591 W System.err: 	at java.lang.Thread.run(Thread.java:818)
04-09 20:33:54.190   503   601 D RobotCore: disarming modern motor controller Modern Robotics USB DC Motor Controller [AI049QOP]...
04-09 20:33:54.190   503   592 D ProcessRequestThread::: Device has been closed.
04-09 20:33:54.190   503   601 V RobotCore: waiting for service ReadWriteRunnable for Modern Robotics USB Device
04-09 20:33:54.190   503   592 W System.err: java.lang.InterruptedException
04-09 20:33:54.190   503   592 W System.err: 	at java.util.concurrent.locks.AbstractQueuedSynchronizer.doAcquireSharedInterruptibly(AbstractQueuedSynchronizer.java:972)
04-09 20:33:54.190   503   592 W System.err: 	at java.util.concurrent.locks.AbstractQueuedSynchronizer.acquireSharedInterruptibly(AbstractQueuedSynchronizer.java:1278)
04-09 20:33:54.190   503   592 W System.err: 	at java.util.concurrent.Semaphore.acquire(Semaphore.java:284)
04-09 20:33:54.190   503   592 W System.err: 	at com.ftdi.j2xx.ProcessInCtrl.acquireReadableBuffer(FT_Device.java:2294)
04-09 20:33:54.190   503   592 W System.err: 	at com.ftdi.j2xx.ProcessRequestWorker.run(FT_Device.java:2764)
04-09 20:33:54.190   503   592 W System.err: 	at java.lang.Thread.run(Thread.java:818)
04-09 20:33:54.190   503   503 D UsbDeviceConnectionJNI: close
04-09 20:33:54.191   503   593 W RobotCore: Modern Robotics USB header sync bytes are incorrect
04-09 20:33:54.191   503   593 W RobotCore: [55 aa 80 40 1e] -> [00 00 00 00 00]
04-09 20:33:54.191   503   593 W RobotCore: could not read Modern Robotics USB DC Motor Controller [AL00VWH0]: comm timeout
04-09 20:33:54.191   503   593 W RobotCore: error: closed: FT_Device.read()=-1
04-09 20:33:54.191   503   593 V RobotCore: thread: ...terminating 'r/w loop: Modern Robotics USB DC Motor Controller [AL00VWH0]'
04-09 20:33:54.192   503   589 D ProcessRequestThread::: Device has been closed.
04-09 20:33:54.192   503   589 W System.err: java.lang.InterruptedException
04-09 20:33:54.192   503   589 W System.err: 	at java.util.concurrent.locks.AbstractQueuedSynchronizer.doAcquireSharedInterruptibly(AbstractQueuedSynchronizer.java:972)
04-09 20:33:54.192   503   589 W System.err: 	at java.util.concurrent.locks.AbstractQueuedSynchronizer.acquireSharedInterruptibly(AbstractQueuedSynchronizer.java:1278)
04-09 20:33:54.192   503   589 W System.err: 	at java.util.concurrent.Semaphore.acquire(Semaphore.java:284)
04-09 20:33:54.192   503   589 W System.err: 	at com.ftdi.j2xx.ProcessInCtrl.acquireReadableBuffer(FT_Device.java:2294)
04-09 20:33:54.193   503   589 W System.err: 	at com.ftdi.j2xx.ProcessRequestWorker.run(FT_Device.java:2764)
04-09 20:33:54.193   503   589 W System.err: 	at java.lang.Thread.run(Thread.java:818)
04-09 20:33:54.193   503   601 V RobotCore: awaitTermination returned, isTerminated=true
04-09 20:33:54.193   503   601 V RobotCore: executive service ReadWriteRunnable for Modern Robotics USB Device is terminated
04-09 20:33:54.193   503   601 D RobotCore: ...disarming modern motor controller Modern Robotics USB DC Motor Controller [AI049QOP] complete
04-09 20:33:54.193   503   590 W RobotCore: could not write to Modern Robotics USB DC Motor Controller [A104OQ1P]: FTDI Null Pointer Exception
04-09 20:33:54.193   503   590 E RobotCore: java.lang.NullPointerException: Attempt to invoke interface method 'void java.util.concurrent.locks.Lock.unlock()' on a null object reference
04-09 20:33:54.193   503   601 I FIRST   : ======= MODULE DETACH RECOVERY: pretend Modern Robotics USB DC Motor Controller [AI049QOP]=======
04-09 20:33:54.193   503   601 D RobotCore: arming modern motor controller Modern Robotics USB DC Motor Controller [AI049QOP] (pretend)...
04-09 20:33:54.193   503   590 E RobotCore: com.ftdi.j2xx.ProcessInCtrl.readBulkInData(FT_Device.java:2520)
04-09 20:33:54.193   503   590 E RobotCore: com.ftdi.j2xx.FT_Device.read(FT_Device.java:666)
04-09 20:33:54.193   503   590 E RobotCore: com.qualcomm.robotcore.hardware.usb.ftdi.RobotUsbDeviceFtdi.read(RobotUsbDeviceFtdi.java:199)
04-09 20:33:54.193   503   590 E RobotCore: com.qualcomm.robotcore.hardware.usb.ftdi.RobotUsbDeviceFtdi.read(RobotUsbDeviceFtdi.java:176)
04-09 20:33:54.193   503   601 V RobotCore: Starting up pretend device AI049QOP
04-09 20:33:54.193   503   590 E RobotCore: com.qualcomm.modernrobotics.ReadWriteRunnableUsbHandler.a(SourceFile:77)
04-09 20:33:54.195   503   590 E RobotCore: com.qualcomm.modernrobotics.ReadWriteRunnableUsbHandler.read(SourceFile:66)
04-09 20:33:54.197   503   590 E RobotCore: com.qualcomm.hardware.modernrobotics.ReadWriteRunnableStandard$1.run(ReadWriteRunnableStandard.java:343)
04-09 20:33:54.197   503   590 E RobotCore: com.qualcomm.robotcore.util.ThreadPool.logThreadLifeCycle(ThreadPool.java:513)
04-09 20:33:54.197   503   590 E RobotCore: com.qualcomm.hardware.modernrobotics.ReadWriteRunnableStandard.run(ReadWriteRunnableStandard.java:302)
04-09 20:33:54.197   503   590 E RobotCore: java.util.concurrent.ThreadPoolExecutor.runWorker(ThreadPoolExecutor.java:1113)
04-09 20:33:54.197   503   590 E RobotCore: java.util.concurrent.ThreadPoolExecutor$Worker.run(ThreadPoolExecutor.java:588)
04-09 20:33:54.197   503   590 E RobotCore: java.lang.Thread.run(Thread.java:818)
04-09 20:33:54.198   503   590 V RobotCore: thread: ...terminating 'r/w loop: Modern Robotics USB DC Motor Controller [A104OQ1P]'
04-09 20:33:54.200   503   639 V RobotCore: thread: 'r/w loop: Modern Robotics USB DC Motor Controller [AI049QOP]' starting...
04-09 20:33:54.201   503   601 D RobotCore: ...arming modern motor controller Modern Robotics USB DC Motor Controller [AI049QOP] complete
04-09 20:33:54.201   503   601 I FIRST   : ======= MODULE DETACH RECOVERY: complete Modern Robotics USB DC Motor Controller [AI049QOP]=======
04-09 20:33:54.201   503   601 V RobotCore: event loop: device has shutdown abnormally
04-09 20:33:54.201   503   601 V RobotCore: event loop: detaching device owner
04-09 20:33:54.201   503   601 I FIRST   : ======= MODULE DETACH RECOVERY: disarm Modern Robotics USB DC Motor Controller [AL00VBIF]=======
04-09 20:33:54.201   503   601 D RobotCore: disarming modern motor controller Modern Robotics USB DC Motor Controller [AL00VBIF]...
04-09 20:33:54.201   503   601 V RobotCore: waiting for service ReadWriteRunnable for Modern Robotics USB Device
04-09 20:33:54.201   503   601 V RobotCore: awaitTermination returned, isTerminated=true
04-09 20:33:54.201   503   601 V RobotCore: executive service ReadWriteRunnable for Modern Robotics USB Device is terminated
04-09 20:33:54.201   503   601 D RobotCore: ...disarming modern motor controller Modern Robotics USB DC Motor Controller [AL00VBIF] complete
04-09 20:33:54.202   503   601 I FIRST   : ======= MODULE DETACH RECOVERY: pretend Modern Robotics USB DC Motor Controller [AL00VBIF]=======
04-09 20:33:54.202   503   601 D RobotCore: arming modern motor controller Modern Robotics USB DC Motor Controller [AL00VBIF] (pretend)...
04-09 20:33:54.202   503   601 V RobotCore: Starting up pretend device AL00VBIF
04-09 20:33:54.208   503   640 V RobotCore: thread: 'r/w loop: Modern Robotics USB DC Motor Controller [AL00VBIF]' starting...
04-09 20:33:54.210   503   601 D RobotCore: ...arming modern motor controller Modern Robotics USB DC Motor Controller [AL00VBIF] complete
04-09 20:33:54.210   503   601 I FIRST   : ======= MODULE DETACH RECOVERY: complete Modern Robotics USB DC Motor Controller [AL00VBIF]=======
04-09 20:33:54.211   503   601 D RobotCore: system telemetry: key=$System$Warning$ msg="problem communicating with Modern Robotics USB Core Device Interface Module [AI02RHDJ]; problem communicating with Modern Robotics USB DC Motor Controller [AL00VBIF]; problem communicating with Modern Robotics USB DC Motor Controller [AI049QOP]; problem communicating with Modern Robotics USB DC Motor Controller [A104OQ1P]; problem communicating with Modern Robotics USB Servo Controller [AL00VST0]; problem communicating with Modern Robotics USB DC Motor Controller [AL00VWH0]"
04-09 20:33:54.211   503   601 V RobotCore: event loop: device has shutdown abnormally
04-09 20:33:54.211   503   601 V RobotCore: event loop: detaching device owner
04-09 20:33:54.211   503   601 I FIRST   : ======= MODULE DETACH RECOVERY: disarm Modern Robotics USB DC Motor Controller [A104OQ1P]=======
04-09 20:33:54.211   503   601 D RobotCore: disarming modern motor controller Modern Robotics USB DC Motor Controller [A104OQ1P]...
04-09 20:33:54.212   503   601 V RobotCore: waiting for service ReadWriteRunnable for Modern Robotics USB Device
04-09 20:33:54.212   503   601 V RobotCore: awaitTermination returned, isTerminated=true
04-09 20:33:54.212   503   601 V RobotCore: executive service ReadWriteRunnable for Modern Robotics USB Device is terminated
04-09 20:33:54.212   503   601 D RobotCore: ...disarming modern motor controller Modern Robotics USB DC Motor Controller [A104OQ1P] complete
04-09 20:33:54.212   503   601 I FIRST   : ======= MODULE DETACH RECOVERY: pretend Modern Robotics USB DC Motor Controller [A104OQ1P]=======
04-09 20:33:54.212   503   601 D RobotCore: arming modern motor controller Modern Robotics USB DC Motor Controller [A104OQ1P] (pretend)...
04-09 20:33:54.212   503   601 V RobotCore: Starting up pretend device A104OQ1P
04-09 20:33:54.214   503   641 V RobotCore: thread: 'r/w loop: Modern Robotics USB DC Motor Controller [A104OQ1P]' starting...
04-09 20:33:54.214   503   601 D RobotCore: ...arming modern motor controller Modern Robotics USB DC Motor Controller [A104OQ1P] complete
04-09 20:33:54.214   503   601 I FIRST   : ======= MODULE DETACH RECOVERY: complete Modern Robotics USB DC Motor Controller [A104OQ1P]=======
04-09 20:33:54.214   503   601 V RobotCore: event loop: device has shutdown abnormally
04-09 20:33:54.214   503   601 V RobotCore: event loop: detaching device owner
04-09 20:33:54.214   503   601 I FIRST   : ======= MODULE DETACH RECOVERY: disarm Modern Robotics USB DC Motor Controller [AL00VWH0]=======
04-09 20:33:54.214   503   601 D RobotCore: disarming modern motor controller Modern Robotics USB DC Motor Controller [AL00VWH0]...
04-09 20:33:54.215   503   601 V RobotCore: waiting for service ReadWriteRunnable for Modern Robotics USB Device
04-09 20:33:54.216   503   601 V RobotCore: awaitTermination returned, isTerminated=true
04-09 20:33:54.216   503   601 V RobotCore: executive service ReadWriteRunnable for Modern Robotics USB Device is terminated
04-09 20:33:54.216   503   601 D RobotCore: ...disarming modern motor controller Modern Robotics USB DC Motor Controller [AL00VWH0] complete
04-09 20:33:54.216   503   601 I FIRST   : ======= MODULE DETACH RECOVERY: pretend Modern Robotics USB DC Motor Controller [AL00VWH0]=======
04-09 20:33:54.216   503   601 D RobotCore: arming modern motor controller Modern Robotics USB DC Motor Controller [AL00VWH0] (pretend)...
04-09 20:33:54.216   503   601 V RobotCore: Starting up pretend device AL00VWH0
04-09 20:33:54.217   503   644 V RobotCore: thread: 'r/w loop: Modern Robotics USB DC Motor Controller [AL00VWH0]' starting...
04-09 20:33:54.218   503   601 D RobotCore: ...arming modern motor controller Modern Robotics USB DC Motor Controller [AL00VWH0] complete
04-09 20:33:54.218   503   601 I FIRST   : ======= MODULE DETACH RECOVERY: complete Modern Robotics USB DC Motor Controller [AL00VWH0]=======
04-09 20:33:54.218   503   575 D MediaPlayer: setSubtitleAnchor in MediaPlayer
04-09 20:33:54.230   503   503 W MediaPlayer: mediaplayer went away with unhandled events
04-09 20:33:54.242   503   573 D ExtendedUtils: extended extractor not needed, return default
04-09 20:33:54.243   503   573 I MediaCodec: (0xb7f26f80) init name(audio/raw) isType(1) encoder(0)
04-09 20:33:54.245   503   646 I OMXClient: Using client-side OMX mux.
04-09 20:33:54.249   503   646 E OMXMaster: A component of name 'OMX.qcom.audio.decoder.aac' already exists, ignoring this one.
04-09 20:33:54.251   503   646 I MediaCodec: (0xb7f26f80) Component Allocated (OMX.google.raw.decoder)
04-09 20:33:54.251   503   573 I MediaCodec: (0xb7f26f80) configure surface(0x0) crypto(0x0) flags(0)
04-09 20:33:54.251   503   573 D MediaCodec: (0xb7f26f80) configure format: AMessage(what = 0x00000000) = {
04-09 20:33:54.251   503   573 D MediaCodec:    string mime = "audio/raw"
04-09 20:33:54.251   503   573 D MediaCodec:    int64_t durationUs = 1043650
04-09 20:33:54.251   503   573 D MediaCodec:    int32_t channel-count = 2
04-09 20:33:54.251   503   573 D MediaCodec:    int32_t sample-rate = 44100
04-09 20:33:54.251   503   573 D MediaCodec:    int32_t channel-mask = 0
04-09 20:33:54.251   503   573 D MediaCodec:  }
04-09 20:33:54.252   503   573 I MediaCodec: (0xb7f26f80) start
04-09 20:33:54.252   503   646 I MediaCodec: (0xb7f26f80) input buffers allocated
04-09 20:33:54.252   503   646 I MediaCodec: (0xb7f26f80) numBuffers (4)
04-09 20:33:54.252   503   646 I MediaCodec: (0xb7f26f80) output buffers allocated
04-09 20:33:54.252   503   646 I MediaCodec: (0xb7f26f80) numBuffers (4)
04-09 20:33:54.254   503   646 I MediaCodec: (0xb7f26f80) codec output format changed
04-09 20:33:54.254   503   646 D MediaCodec: (0xb7f26f80) output format: AMessage(what = 'codc', target = 10) = {
04-09 20:33:54.254   503   646 D MediaCodec:    string mime = "audio/raw"
04-09 20:33:54.254   503   646 D MediaCodec:    int32_t channel-count = 2
04-09 20:33:54.254   503   646 D MediaCodec:    int32_t sample-rate = 44100
04-09 20:33:54.254   503   646 D MediaCodec:    int32_t channel-mask = 0
04-09 20:33:54.254   503   646 D MediaCodec:    int32_t what = 1869968451
04-09 20:33:54.254   503   646 D MediaCodec:  }
04-09 20:33:54.264   503   573 I MediaCodec: (0xb7f26f80) stop
04-09 20:33:54.265   503   573 I MediaCodec: (0xb7f26f80) release
04-09 20:33:54.270   503   575 W AudioTrack: AUDIO_OUTPUT_FLAG_FAST denied by client; transfer 4, track 44100 Hz, output 48000 Hz
04-09 20:33:55.316   503   575 W AudioTrack: AUDIO_OUTPUT_FLAG_FAST denied by client; transfer 4, track 44100 Hz, output 48000 Hz
04-09 20:34:09.240   503   503 V RCActivity: onPause()
04-09 20:34:09.248   503   503 V RCActivity: onStop()
04-09 20:34:09.249   503   503 V RobotCore: executive service robot setup is terminated
04-09 20:34:09.249   503   503 V Robocol : EventLoopManager.shutdown()
04-09 20:34:09.249   503   503 V RobotCore: waiting for service EventLoop
04-09 20:34:09.249   503   601 V RobotCore: EventLoopRunnable interrupted
04-09 20:34:09.249   503   601 V RobotCore: EventLoopManager state is STOPPED
04-09 20:34:09.249   503   601 V RobotCore: Robot Status: stopped
04-09 20:34:09.249   503   601 I FIRST   : ======= TEARDOWN =======
04-09 20:34:09.250   503   601 D RobotCore: disarming modern motor controller Modern Robotics USB DC Motor Controller [AL00VWH0]...
04-09 20:34:09.251   503   601 V RobotCore: waiting for service ReadWriteRunnable for Modern Robotics USB Device
04-09 20:34:09.252   503   644 V RobotCore: thread: ...terminating 'r/w loop: Modern Robotics USB DC Motor Controller [AL00VWH0]'
04-09 20:34:09.253   503   601 V RobotCore: awaitTermination returned, isTerminated=true
04-09 20:34:09.253   503   601 V RobotCore: executive service ReadWriteRunnable for Modern Robotics USB Device is terminated
04-09 20:34:09.253   503   601 D RobotCore: ...disarming modern motor controller Modern Robotics USB DC Motor Controller [AL00VWH0] complete
04-09 20:34:09.253   503   601 D RobotCore: disarming modern motor controller Modern Robotics USB DC Motor Controller [AL00VBIF]...
04-09 20:34:09.260   503   640 V RobotCore: thread: ...terminating 'r/w loop: Modern Robotics USB DC Motor Controller [AL00VBIF]'
04-09 20:34:09.262   503   601 V RobotCore: executive service ReadWriteRunnable for Modern Robotics USB Device is terminated
04-09 20:34:09.262   503   601 D RobotCore: ...disarming modern motor controller Modern Robotics USB DC Motor Controller [AL00VBIF] complete
04-09 20:34:09.262   503   601 D RobotCore: disarming modern motor controller Modern Robotics USB DC Motor Controller [AI049QOP]...
04-09 20:34:09.267   503   601 V RobotCore: waiting for service ReadWriteRunnable for Modern Robotics USB Device
04-09 20:34:09.268   503   639 V RobotCore: thread: ...terminating 'r/w loop: Modern Robotics USB DC Motor Controller [AI049QOP]'
04-09 20:34:09.268   503   601 V RobotCore: awaitTermination returned, isTerminated=true
04-09 20:34:09.269   503   601 V RobotCore: executive service ReadWriteRunnable for Modern Robotics USB Device is terminated
04-09 20:34:09.269   503   601 D RobotCore: ...disarming modern motor controller Modern Robotics USB DC Motor Controller [AI049QOP] complete
04-09 20:34:09.269   503   601 D RobotCore: disarming modern motor controller Modern Robotics USB DC Motor Controller [A104OQ1P]...
04-09 20:34:09.276   503   641 V RobotCore: thread: ...terminating 'r/w loop: Modern Robotics USB DC Motor Controller [A104OQ1P]'
04-09 20:34:09.276   503   601 V RobotCore: waiting for service ReadWriteRunnable for Modern Robotics USB Device
04-09 20:34:09.277   503   601 V RobotCore: awaitTermination returned, isTerminated=true
04-09 20:34:09.277   503   601 V RobotCore: executive service ReadWriteRunnable for Modern Robotics USB Device is terminated
04-09 20:34:09.277   503   601 D RobotCore: ...disarming modern motor controller Modern Robotics USB DC Motor Controller [A104OQ1P] complete
04-09 20:34:09.277   503   601 D RobotCore: disarming modern servo controller "Modern Robotics USB Servo Controller [AL00VST0]"...
04-09 20:34:09.280   503   601 V RobotCore: waiting for service ReadWriteRunnable for Modern Robotics USB Device
04-09 20:34:09.280   503   635 V RobotCore: thread: ...terminating 'r/w loop: Modern Robotics USB Servo Controller [AL00VST0]'
04-09 20:34:09.281   503   601 V RobotCore: awaitTermination returned, isTerminated=true
04-09 20:34:09.281   503   601 V RobotCore: executive service ReadWriteRunnable for Modern Robotics USB Device is terminated
04-09 20:34:09.281   503   601 D RobotCore: ...disarming modern servo controller Modern Robotics USB Servo Controller [AL00VST0] complete
04-09 20:34:09.297   503   601 V RobotCore: waiting for service ReadWriteRunnable for Modern Robotics USB Device
04-09 20:34:09.297   503   636 V RobotCore: thread: ...terminating 'r/w loop: Modern Robotics USB Core Device Interface Module [AI02RHDJ]'
04-09 20:34:09.297   503   601 V RobotCore: awaitTermination returned, isTerminated=true
04-09 20:34:09.297   503   601 V RobotCore: executive service ReadWriteRunnable for Modern Robotics USB Device is terminated
04-09 20:34:09.298   503   601 I FIRST   : ======= TEARDOWN COMPLETE =======
04-09 20:34:09.298   503   601 V RobotCore: thread: ...terminating 'opmode loop()'
04-09 20:34:09.300   503   503 V RobotCore: awaitTermination returned, isTerminated=true
04-09 20:34:09.300   503   503 V RobotCore: executive service EventLoop is terminated
04-09 20:34:09.300   503   503 V RobotCore: EventLoopManager state is STOPPED
04-09 20:34:09.443   503   567 D RobotCore: system telemetry: key=$System$None$ msg=""
