01-08 13:21:04.264  7050  7155 I RobotCore: SHOOTER RPM1: 1049.243059531276
01-08 13:21:04.264  7050  7155 I RobotCore: SHOOTER RPM2: 1049.243059531276
01-08 13:21:04.275  7050  7155 I RobotCore: SHOOTER power: 0.9
01-08 13:21:04.275  7050  7155 I RobotCore: SHOOTER RPM1: 896.865943727971
01-08 13:21:04.275  7050  7155 I RobotCore: SHOOTER RPM2: 896.865943727971
01-08 13:21:04.285  7050  7155 I RobotCore: SHOOTER power: 0.9
01-08 13:21:04.285  7050  7155 I RobotCore: SHOOTER RPM1: 1172.1918550582375
01-08 13:21:04.285  7050  7155 I RobotCore: SHOOTER RPM2: 1302.4353945091527
01-08 13:21:04.296  7050  7155 I RobotCore: SHOOTER power: 0.9
01-08 13:21:04.296  7050  7155 I RobotCore: SHOOTER RPM1: 1694.2035429638017
01-08 13:21:04.296  7050  7155 I RobotCore: SHOOTER RPM2: 1563.8801935050478
01-08 13:21:04.306  7050  7155 I RobotCore: SHOOTER power: 0.9
01-08 13:21:04.306  7050  7155 I RobotCore: SHOOTER RPM1: 1416.165108619838
01-08 13:21:04.306  7050  7155 I RobotCore: SHOOTER RPM2: 1416.165108619838
01-08 13:21:04.317  7050  7155 I RobotCore: SHOOTER power: 0.9
01-08 13:21:04.317  7050  7155 I RobotCore: SHOOTER RPM1: 1419.6731202640592
01-08 13:21:04.317  7050  7155 I RobotCore: SHOOTER RPM2: 1419.6731202640592
01-08 13:21:04.327  7050  7155 I RobotCore: SHOOTER power: 0.9
01-08 13:21:04.327  7050  7155 I RobotCore: SHOOTER RPM1: 1162.0824639643781
01-08 13:21:04.327  7050  7155 I RobotCore: SHOOTER RPM2: 1291.2027377381978
01-08 13:21:04.338  7050  7155 I RobotCore: SHOOTER power: 0.9
01-08 13:21:04.338  7050  7155 I RobotCore: SHOOTER RPM1: 1544.0646442015573
01-08 13:21:04.338  7050  7155 I RobotCore: SHOOTER RPM2: 1415.3925905180943
01-08 13:21:04.348  7050  7155 I RobotCore: SHOOTER power: 0.9
01-08 13:21:04.348  7050  7155 I RobotCore: SHOOTER RPM1: 1290.1434621209842
01-08 13:21:04.348  7050  7155 I RobotCore: SHOOTER RPM2: 1419.1578083330826
01-08 13:21:04.359  7050  7155 I RobotCore: SHOOTER power: 0.9
01-08 13:21:04.359  7050  7155 I RobotCore: SHOOTER RPM1: 509.12584660245966
01-08 13:21:04.359  7050  7155 I RobotCore: SHOOTER RPM2: 509.12584660245966
01-08 13:21:04.369  7050  7155 I RobotCore: SHOOTER power: 0.9
01-08 13:21:04.369  7050  7155 I RobotCore: SHOOTER RPM1: 2352.520373617144
01-08 13:21:04.369  7050  7155 I RobotCore: SHOOTER RPM2: 2352.520373617144
01-08 13:21:04.379  7050  7155 I RobotCore: SHOOTER power: 0.9
01-08 13:21:04.379  7050  7155 I RobotCore: SHOOTER RPM1: 1179.7127194520278
01-08 13:21:04.379  7050  7155 I RobotCore: SHOOTER RPM2: 1179.7127194520278
01-08 13:21:04.390  7050  7155 I RobotCore: SHOOTER power: 0.9
01-08 13:21:04.390  7050  7155 I RobotCore: SHOOTER RPM1: 1572.5053601990214
01-08 13:21:04.390  7050  7155 I RobotCore: SHOOTER RPM2: 1572.5053601990214
01-08 13:21:04.400  7050  7155 I RobotCore: SHOOTER power: 0.9
01-08 13:21:04.400  7050  7155 I RobotCore: SHOOTER RPM1: 905.2204404196425
01-08 13:21:04.400  7050  7155 I RobotCore: SHOOTER RPM2: 905.2204404196425
01-08 13:21:04.410  7050  7155 I RobotCore: SHOOTER power: 0.9
01-08 13:21:04.410  7050  7155 I RobotCore: SHOOTER RPM1: 1573.8647420483296
01-08 13:21:04.410  7050  7155 I RobotCore: SHOOTER RPM2: 1573.8647420483296
01-08 13:21:04.421  7050  7155 I RobotCore: SHOOTER power: 0.9
01-08 13:21:04.421  7050  7155 I RobotCore: SHOOTER RPM1: 1160.471239519059
01-08 13:21:04.421  7050  7155 I RobotCore: SHOOTER RPM2: 1160.471239519059
01-08 13:21:04.431  7050  7155 I RobotCore: SHOOTER power: 0.9
01-08 13:21:04.431  7050  7155 I RobotCore: SHOOTER RPM1: 901.8358899959959
01-08 13:21:04.431  7050  7155 I RobotCore: SHOOTER RPM2: 901.8358899959959
01-08 13:21:04.442  7050  7155 I RobotCore: SHOOTER power: 0.9
01-08 13:21:04.442  7050  7155 I RobotCore: SHOOTER RPM1: 1174.4261410681324
01-08 13:21:04.442  7050  7155 I RobotCore: SHOOTER RPM2: 1174.4261410681324
01-08 13:21:04.452  7050  7155 I RobotCore: SHOOTER power: 0.9
01-08 13:21:04.452  7050  7155 I RobotCore: SHOOTER RPM1: 2069.2610326906874
01-08 13:21:04.452  7050  7155 I RobotCore: SHOOTER RPM2: 2198.589847233856
01-08 13:21:04.463  7050  7155 I RobotCore: SHOOTER power: 0.9
01-08 13:21:04.463  7050  7155 I RobotCore: SHOOTER RPM1: 380.98839270095124
01-08 13:21:04.463  7050  7155 I RobotCore: SHOOTER RPM2: 380.98839270095124
01-08 13:21:04.473  7050  7155 I RobotCore: SHOOTER power: 0.9
01-08 13:21:04.473  7050  7155 I RobotCore: SHOOTER RPM1: 1035.2600568604164
01-08 13:21:04.473  7050  7155 I RobotCore: SHOOTER RPM2: 1035.2600568604164
01-08 13:21:04.484  7050  7155 I RobotCore: SHOOTER power: 0.9
01-08 13:21:04.484  7050  7155 I RobotCore: SHOOTER RPM1: 1545.9735786776912
01-08 13:21:04.484  7050  7155 I RobotCore: SHOOTER RPM2: 1417.142447121217
01-08 13:21:04.494  7050  7155 I RobotCore: SHOOTER power: 0.9
01-08 13:21:04.494  7050  7155 I RobotCore: SHOOTER RPM1: 1552.5726603810988
01-08 13:21:04.494  7050  7155 I RobotCore: SHOOTER RPM2: 1681.953715412857
01-08 13:21:04.505  7050  7155 I RobotCore: SHOOTER power: 0.9
01-08 13:21:04.505  7050  7155 I RobotCore: SHOOTER RPM1: 1270.141668426342
01-08 13:21:04.505  7050  7155 I RobotCore: SHOOTER RPM2: 1270.141668426342
01-08 13:21:04.515  7050  7155 I RobotCore: SHOOTER power: 0.9
01-08 13:21:04.515  7050  7155 I RobotCore: SHOOTER RPM1: 1546.6955148065044
01-08 13:21:04.515  7050  7155 I RobotCore: SHOOTER RPM2: 1546.6955148065044
01-08 13:21:04.526  7050  7155 I RobotCore: SHOOTER power: 0.9
01-08 13:21:04.526  7050  7155 I RobotCore: SHOOTER RPM1: 1047.1733970499251
01-08 13:21:04.526  7050  7155 I RobotCore: SHOOTER RPM2: 1047.1733970499251
01-08 13:21:04.536  7050  7155 I RobotCore: SHOOTER power: 0.9
01-08 13:21:04.536  7050  7155 I RobotCore: SHOOTER RPM1: 1290.8237233852124
01-08 13:21:04.536  7050  7155 I RobotCore: SHOOTER RPM2: 1290.8237233852124
01-08 13:21:04.547  7050  7155 I RobotCore: SHOOTER power: 0.9
01-08 13:21:04.547  7050  7155 I RobotCore: SHOOTER RPM1: 2197.417844279478
01-08 13:21:04.547  7050  7155 I RobotCore: SHOOTER RPM2: 2197.417844279478
01-08 13:21:04.557  7050  7155 I RobotCore: SHOOTER power: 0.9
01-08 13:21:04.557  7050  7155 I RobotCore: SHOOTER RPM1: 1414.6839211326162
01-08 13:21:04.557  7050  7155 I RobotCore: SHOOTER RPM2: 1414.6839211326162
01-08 13:21:04.568  7050  7155 I RobotCore: SHOOTER power: 0.9
01-08 13:21:04.568  7050  7155 I RobotCore: SHOOTER RPM1: 646.8213627750963
01-08 13:21:04.568  7050  7155 I RobotCore: SHOOTER RPM2: 776.1856353301156
01-08 13:21:04.578  7050  7155 I RobotCore: SHOOTER power: 0.9
01-08 13:21:04.578  7050  7155 I RobotCore: SHOOTER RPM1: 1162.9565286642837
01-08 13:21:04.578  7050  7155 I RobotCore: SHOOTER RPM2: 1033.7391365904746
01-08 13:21:04.588  7050  7155 I RobotCore: SHOOTER power: 0.9
01-08 13:21:04.589  7050  7155 I RobotCore: SHOOTER RPM1: 1155.9501758245171
01-08 13:21:04.589  7050  7155 I RobotCore: SHOOTER RPM2: 1155.9501758245171
01-08 13:21:04.599  7050  7155 I RobotCore: SHOOTER power: 0.9
01-08 13:21:04.599  7050  7155 I RobotCore: SHOOTER RPM1: 2069.632415251379
01-08 13:21:04.599  7050  7155 I RobotCore: SHOOTER RPM2: 2198.98444120459
01-08 13:21:04.609  7050  7155 I RobotCore: SHOOTER power: 0.9
01-08 13:21:04.609  7050  7155 I RobotCore: SHOOTER RPM1: 1048.8401542747374
01-08 13:21:04.609  7050  7155 I RobotCore: SHOOTER RPM2: 1048.8401542747374
01-08 13:21:04.620  7050  7155 I RobotCore: SHOOTER time: 5243541978
01-08 13:21:04.620  7050  7155 I RobotCore: SHOOTER measurements / sec: 95.54610263482476
01-08 13:21:04.634  7050  7155 V RobotCore: thread: ...terminating 'LinearOpMode main'
01-08 13:21:04.634  7050  7140 I FIRST   : auto-stopping OpMode 'ShooterData'
01-08 13:21:04.634  7050  7140 V RobotCore: waiting for service user linear op mode
01-08 13:21:04.635  7050  7140 V RobotCore: awaitTermination returned, isTerminated=true
01-08 13:21:04.635  7050  7140 V RobotCore: executive service user linear op mode is terminated
01-08 13:21:04.636  7050  7140 V RobotCore: executive service user linear op mode is terminated
01-08 13:21:04.636  7050  7140 I RobotCore: Attempting to switch to op mode $Stop$Robot$
01-08 13:21:04.697  7050  7109 V Robocol : sending CMD_INIT_OP_MODE_RESP(544), attempt: 0
01-08 13:21:04.728  7050  7105 V Robocol : received command: CMD_INIT_OP_MODE_RESP(544) $Stop$Robot$
01-08 13:21:04.729  7050  7105 V Robocol : received command: CMD_RUN_OP_MODE(10484) $Stop$Robot$
01-08 13:21:04.857  7050  7109 V Robocol : sending CMD_RUN_OP_MODE_RESP(550), attempt: 0
01-08 13:21:04.885  7050  7105 V Robocol : received command: CMD_RUN_OP_MODE_RESP(550) $Stop$Robot$
01-08 13:21:16.458  7050  7121 E FTDI_Device::: UsbConnection.requestWait() == null
01-08 13:21:16.463  7050  7050 D UsbDeviceConnectionJNI: close
01-08 13:21:16.464  7050  7108 D ProcessRequestThread::: Device has been closed.
01-08 13:21:16.464  7050  7108 W System.err: java.lang.InterruptedException
01-08 13:21:16.464  7050  7121 W RobotCore: Modern Robotics USB header sync bytes are incorrect
01-08 13:21:16.464  7050  7108 W System.err: 	at java.util.concurrent.locks.AbstractQueuedSynchronizer.doAcquireSharedInterruptibly(AbstractQueuedSynchronizer.java:972)
01-08 13:21:16.464  7050  7108 W System.err: 	at java.util.concurrent.locks.AbstractQueuedSynchronizer.acquireSharedInterruptibly(AbstractQueuedSynchronizer.java:1278)
01-08 13:21:16.464  7050  7108 W System.err: 	at java.util.concurrent.Semaphore.acquire(Semaphore.java:284)
01-08 13:21:16.465  7050  7121 W RobotCore: [55 aa 80 40 09] -> [00 00 00 00 00]
01-08 13:21:16.465  7050  7108 W System.err: 	at com.ftdi.j2xx.ProcessInCtrl.acquireReadableBuffer(FT_Device.java:2294)
01-08 13:21:16.465  7050  7108 W System.err: 	at com.ftdi.j2xx.ProcessRequestWorker.run(FT_Device.java:2764)
01-08 13:21:16.465  7050  7108 W System.err: 	at java.lang.Thread.run(Thread.java:818)
01-08 13:21:16.465  7050  7121 W RobotCore: could not read Modern Robotics USB Servo Controller [AL00VSDY]: comm timeout
01-08 13:21:16.466  7050  7107 D BulkIn::: Stop BulkIn thread
01-08 13:21:16.466  7050  7107 W System.err: java.lang.NullPointerException: Attempt to invoke virtual method 'int com.ftdi.j2xx.D2xxManager$DriverParameters.getBufferNumber()' on a null object reference
01-08 13:21:16.470  7050  7107 W System.err: 	at com.ftdi.j2xx.ProcessInCtrl.releaseWritableBuffers(FT_Device.java:2672)
01-08 13:21:16.470  7050  7107 W System.err: 	at com.ftdi.j2xx.BulkInWorker.run(FT_Device.java:2879)
01-08 13:21:16.470  7050  7107 W System.err: 	at java.lang.Thread.run(Thread.java:818)
01-08 13:21:16.512  7050  7124 W RobotCore: Modern Robotics USB header sync bytes are incorrect
01-08 13:21:16.512  7050  7124 W RobotCore: [55 aa 80 03 15] -> [00 00 00 00 00]
01-08 13:21:16.513  7050  7124 W RobotCore: could not read Modern Robotics USB Core Device Interface Module [AL00VFK6]: comm timeout
01-08 13:21:16.527  7050  7121 W RobotCore: error: closed: FT_Device.read()=-1
01-08 13:21:16.527  7050  7121 V RobotCore: thread: ...terminating 'r/w loop: Modern Robotics USB Servo Controller [AL00VSDY]'
01-08 13:21:16.549  7050  7139 W RobotCore: Modern Robotics USB header sync bytes are incorrect
01-08 13:21:16.549  7050  7139 W RobotCore: [55 aa 80 40 1e] -> [00 00 00 00 00]
01-08 13:21:16.550  7050  7139 W RobotCore: could not read Modern Robotics USB DC Motor Controller [AL00VBIF]: comm timeout
01-08 13:21:16.570  7050  7130 W RobotCore: Modern Robotics USB header sync bytes are incorrect
01-08 13:21:16.570  7050  7130 W RobotCore: [55 aa 80 40 1e] -> [00 00 00 00 00]
01-08 13:21:16.571  7050  7130 W RobotCore: could not read Modern Robotics USB DC Motor Controller [AL00VWH0]: comm timeout
01-08 13:21:16.621  7050  7127 W RobotCore: Modern Robotics USB header sync bytes are incorrect
01-08 13:21:16.621  7050  7127 W RobotCore: [55 aa 80 40 1e] -> [00 00 00 00 00]
01-08 13:21:16.622  7050  7127 W RobotCore: could not read Modern Robotics USB DC Motor Controller [A104OQ1P]: comm timeout
01-08 13:21:16.647  7050  7105 D RobotCore: system telemetry: key=$System$Warning$ msg="problem communicating with Modern Robotics USB Servo Controller [AL00VSDY]"
01-08 13:21:16.657  7050  7133 W RobotCore: Modern Robotics USB header sync bytes are incorrect
01-08 13:21:16.658  7050  7133 W RobotCore: [55 aa 80 40 1e] -> [00 00 00 00 00]
01-08 13:21:16.658  7050  7133 W RobotCore: could not read Modern Robotics USB DC Motor Controller [AI049QOP]: comm timeout
01-08 13:21:16.691  7050  7113 D MediaPlayer: setSubtitleAnchor in MediaPlayer
01-08 13:21:16.691  7050  7050 D MediaPlayer: setSubtitleAnchor in MediaPlayer
01-08 13:21:16.694  7050  7050 E MediaPlayer: invoke failed: wrong state 8
01-08 13:21:16.695  7050  7050 W MediaPlayer: mediaplayer went away with unhandled events
01-08 13:21:16.708  7050  7111 D ExtendedUtils: extended extractor not needed, return default
01-08 13:21:16.709  7050  7111 I MediaCodec: (0xb7640ab8) init name(audio/raw) isType(1) encoder(0)
01-08 13:21:16.710  7050  7163 I OMXClient: Using client-side OMX mux.
01-08 13:21:16.713  7050  7163 E OMXMaster: A component of name 'OMX.qcom.audio.decoder.aac' already exists, ignoring this one.
01-08 13:21:16.715  7050  7163 I MediaCodec: (0xb7640ab8) Component Allocated (OMX.google.raw.decoder)
01-08 13:21:16.715  7050  7111 I MediaCodec: (0xb7640ab8) configure surface(0x0) crypto(0x0) flags(0)
01-08 13:21:16.715  7050  7111 D MediaCodec: (0xb7640ab8) configure format: AMessage(what = 0x00000000) = {
01-08 13:21:16.715  7050  7111 D MediaCodec:    string mime = "audio/raw"
01-08 13:21:16.715  7050  7111 D MediaCodec:    int64_t durationUs = 1043650
01-08 13:21:16.715  7050  7111 D MediaCodec:    int32_t channel-count = 2
01-08 13:21:16.715  7050  7111 D MediaCodec:    int32_t sample-rate = 44100
01-08 13:21:16.715  7050  7111 D MediaCodec:    int32_t channel-mask = 0
01-08 13:21:16.715  7050  7111 D MediaCodec:  }
01-08 13:21:16.716  7050  7111 I MediaCodec: (0xb7640ab8) start
01-08 13:21:16.716  7050  7163 I MediaCodec: (0xb7640ab8) input buffers allocated
01-08 13:21:16.716  7050  7163 I MediaCodec: (0xb7640ab8) numBuffers (4)
01-08 13:21:16.716  7050  7163 I MediaCodec: (0xb7640ab8) output buffers allocated
01-08 13:21:16.716  7050  7163 I MediaCodec: (0xb7640ab8) numBuffers (4)
01-08 13:21:16.718  7050  7163 I MediaCodec: (0xb7640ab8) codec output format changed
01-08 13:21:16.718  7050  7163 D MediaCodec: (0xb7640ab8) output format: AMessage(what = 'codc', target = 10) = {
01-08 13:21:16.718  7050  7163 D MediaCodec:    string mime = "audio/raw"
01-08 13:21:16.718  7050  7163 D MediaCodec:    int32_t channel-count = 2
01-08 13:21:16.718  7050  7163 D MediaCodec:    int32_t sample-rate = 44100
01-08 13:21:16.718  7050  7163 D MediaCodec:    int32_t channel-mask = 0
01-08 13:21:16.718  7050  7163 D MediaCodec:    int32_t what = 1869968451
01-08 13:21:16.718  7050  7163 D MediaCodec:  }
01-08 13:21:16.728  7050  7111 I MediaCodec: (0xb7640ab8) stop
01-08 13:21:16.730  7050  7111 I MediaCodec: (0xb7640ab8) release
01-08 13:21:16.735  7050  7113 W AudioTrack: AUDIO_OUTPUT_FLAG_FAST denied by client; transfer 4, track 44100 Hz, output 48000 Hz
01-08 13:21:16.973  7050  7124 W RobotCore: Modern Robotics USB header sync bytes are incorrect
01-08 13:21:16.974  7050  7124 W RobotCore: [55 aa 00 90 20] -> [00 00 00 00 00]
01-08 13:21:16.974  7050  7124 W RobotCore: could not write to Modern Robotics USB Core Device Interface Module [AL00VFK6]: comm timeout
01-08 13:21:17.003  7050  7139 W RobotCore: Modern Robotics USB header sync bytes are incorrect
01-08 13:21:17.003  7050  7139 W RobotCore: [55 aa 80 40 1e] -> [00 00 00 00 00]
01-08 13:21:17.004  7050  7139 W RobotCore: could not read Modern Robotics USB DC Motor Controller [AL00VBIF]: comm timeout
01-08 13:21:17.037  7050  7130 W RobotCore: Modern Robotics USB header sync bytes are incorrect
01-08 13:21:17.038  7050  7130 W RobotCore: [55 aa 80 40 1e] -> [00 00 00 00 00]
01-08 13:21:17.038  7050  7130 W RobotCore: could not read Modern Robotics USB DC Motor Controller [AL00VWH0]: comm timeout
01-08 13:21:17.061  7050  7127 W RobotCore: Modern Robotics USB header sync bytes are incorrect
01-08 13:21:17.061  7050  7127 W RobotCore: [55 aa 80 40 1e] -> [00 00 00 00 00]
01-08 13:21:17.061  7050  7127 W RobotCore: could not read Modern Robotics USB DC Motor Controller [A104OQ1P]: comm timeout
01-08 13:21:17.101  7050  7133 W RobotCore: Modern Robotics USB header sync bytes are incorrect
01-08 13:21:17.102  7050  7133 W RobotCore: [55 aa 00 40 1e] -> [00 00 00 00 00]
01-08 13:21:17.102  7050  7133 W RobotCore: could not write to Modern Robotics USB DC Motor Controller [AI049QOP]: comm timeout
01-08 13:21:17.369  7050  7124 W RobotCore: Modern Robotics USB header sync bytes are incorrect
01-08 13:21:17.370  7050  7124 W RobotCore: [55 aa 80 03 15] -> [00 00 00 00 00]
01-08 13:21:17.370  7050  7124 W RobotCore: could not read Modern Robotics USB Core Device Interface Module [AL00VFK6]: comm timeout
01-08 13:21:17.402  7050  7139 W RobotCore: Modern Robotics USB header sync bytes are incorrect
01-08 13:21:17.403  7050  7139 W RobotCore: [55 aa 00 40 1e] -> [00 00 00 00 00]
01-08 13:21:17.403  7050  7139 W RobotCore: could not write to Modern Robotics USB DC Motor Controller [AL00VBIF]: comm timeout
01-08 13:21:17.435  7050  7130 W RobotCore: Modern Robotics USB header sync bytes are incorrect
01-08 13:21:17.436  7050  7130 W RobotCore: [55 aa 80 40 1e] -> [00 00 00 00 00]
01-08 13:21:17.436  7050  7130 W RobotCore: could not read Modern Robotics USB DC Motor Controller [AL00VWH0]: comm timeout
01-08 13:21:17.472  7050  7127 W RobotCore: Modern Robotics USB header sync bytes are incorrect
01-08 13:21:17.472  7050  7127 W RobotCore: [55 aa 80 40 1e] -> [00 00 00 00 00]
01-08 13:21:17.473  7050  7127 W RobotCore: could not read Modern Robotics USB DC Motor Controller [A104OQ1P]: comm timeout
01-08 13:21:17.514  7050  7133 W RobotCore: Modern Robotics USB header sync bytes are incorrect
01-08 13:21:17.514  7050  7133 W RobotCore: [55 aa 80 40 1e] -> [00 00 00 00 00]
01-08 13:21:17.514  7050  7133 W RobotCore: could not read Modern Robotics USB DC Motor Controller [AI049QOP]: comm timeout
01-08 13:21:17.773  7050  7124 W RobotCore: Modern Robotics USB header sync bytes are incorrect
01-08 13:21:17.773  7050  7124 W RobotCore: [55 aa 80 03 15] -> [00 00 00 00 00]
01-08 13:21:17.774  7050  7124 W RobotCore: could not read Modern Robotics USB Core Device Interface Module [AL00VFK6]: comm timeout
01-08 13:21:17.791  7050  7139 W RobotCore: Modern Robotics USB header sync bytes are incorrect
01-08 13:21:17.792  7050  7139 W RobotCore: [55 aa 80 40 1e] -> [00 00 00 00 00]
01-08 13:21:17.792  7050  7139 W RobotCore: could not read Modern Robotics USB DC Motor Controller [AL00VBIF]: comm timeout
01-08 13:21:17.827  7050  7130 W RobotCore: Modern Robotics USB header sync bytes are incorrect
01-08 13:21:17.828  7050  7130 W RobotCore: [55 aa 00 40 1e] -> [00 00 00 00 00]
01-08 13:21:17.828  7050  7130 W RobotCore: could not write to Modern Robotics USB DC Motor Controller [AL00VWH0]: comm timeout
01-08 13:21:17.865  7050  7127 W RobotCore: Modern Robotics USB header sync bytes are incorrect
01-08 13:21:17.866  7050  7127 W RobotCore: [55 aa 00 40 1e] -> [00 00 00 00 00]
01-08 13:21:17.866  7050  7127 W RobotCore: could not write to Modern Robotics USB DC Motor Controller [A104OQ1P]: comm timeout
01-08 13:21:17.969  7050  7133 W RobotCore: Modern Robotics USB header sync bytes are incorrect
01-08 13:21:17.969  7050  7133 W RobotCore: [55 aa 00 40 1e] -> [00 00 00 00 00]
01-08 13:21:17.970  7050  7133 W RobotCore: could not write to Modern Robotics USB DC Motor Controller [AI049QOP]: comm timeout
01-08 13:21:18.166  7050  7124 W RobotCore: Modern Robotics USB header sync bytes are incorrect
01-08 13:21:18.167  7050  7124 W RobotCore: [55 aa 80 03 15] -> [00 00 00 00 00]
01-08 13:21:18.167  7050  7124 W RobotCore: could not read Modern Robotics USB Core Device Interface Module [AL00VFK6]: comm timeout
01-08 13:21:18.200  7050  7139 W RobotCore: Modern Robotics USB header sync bytes are incorrect
01-08 13:21:18.200  7050  7139 W RobotCore: [55 aa 00 40 1e] -> [00 00 00 00 00]
01-08 13:21:18.201  7050  7139 W RobotCore: could not write to Modern Robotics USB DC Motor Controller [AL00VBIF]: comm timeout
01-08 13:21:18.242  7050  7130 W RobotCore: Modern Robotics USB header sync bytes are incorrect
01-08 13:21:18.243  7050  7130 W RobotCore: [55 aa 80 40 1e] -> [00 00 00 00 00]
01-08 13:21:18.243  7050  7130 W RobotCore: could not read Modern Robotics USB DC Motor Controller [AL00VWH0]: comm timeout
01-08 13:21:18.263  7050  7127 W RobotCore: Modern Robotics USB header sync bytes are incorrect
01-08 13:21:18.263  7050  7127 W RobotCore: [55 aa 80 40 1e] -> [00 00 00 00 00]
01-08 13:21:18.264  7050  7127 W RobotCore: could not read Modern Robotics USB DC Motor Controller [A104OQ1P]: comm timeout
01-08 13:21:18.357  7050  7133 W RobotCore: Modern Robotics USB header sync bytes are incorrect
01-08 13:21:18.358  7050  7133 W RobotCore: [55 aa 80 40 1e] -> [00 00 00 00 00]
01-08 13:21:18.358  7050  7133 W RobotCore: could not read Modern Robotics USB DC Motor Controller [AI049QOP]: comm timeout
01-08 13:21:18.561  7050  7124 W RobotCore: Modern Robotics USB header sync bytes are incorrect
01-08 13:21:18.562  7050  7124 W RobotCore: [55 aa 80 03 15] -> [00 00 00 00 00]
01-08 13:21:18.562  7050  7124 W RobotCore: could not read Modern Robotics USB Core Device Interface Module [AL00VFK6]: comm timeout
01-08 13:21:18.588  7050  7139 W RobotCore: Modern Robotics USB header sync bytes are incorrect
01-08 13:21:18.589  7050  7139 W RobotCore: [55 aa 80 40 1e] -> [00 00 00 00 00]
01-08 13:21:18.589  7050  7139 W RobotCore: could not read Modern Robotics USB DC Motor Controller [AL00VBIF]: comm timeout
01-08 13:21:18.636  7050  7130 W RobotCore: Modern Robotics USB header sync bytes are incorrect
01-08 13:21:18.636  7050  7130 W RobotCore: [55 aa 00 40 1e] -> [00 00 00 00 00]
01-08 13:21:18.636  7050  7130 W RobotCore: could not write to Modern Robotics USB DC Motor Controller [AL00VWH0]: comm timeout
01-08 13:21:18.668  7050  7127 W RobotCore: Modern Robotics USB header sync bytes are incorrect
01-08 13:21:18.669  7050  7127 W RobotCore: [55 aa 00 40 1e] -> [00 00 00 00 00]
01-08 13:21:18.669  7050  7127 W RobotCore: could not write to Modern Robotics USB DC Motor Controller [A104OQ1P]: comm timeout
01-08 13:21:18.750  7050  7133 W RobotCore: Modern Robotics USB header sync bytes are incorrect
01-08 13:21:18.750  7050  7133 W RobotCore: [55 aa 00 40 1e] -> [00 00 00 00 00]
01-08 13:21:18.750  7050  7133 W RobotCore: could not write to Modern Robotics USB DC Motor Controller [AI049QOP]: comm timeout
01-08 13:21:18.950  7050  7124 W RobotCore: Modern Robotics USB header sync bytes are incorrect
01-08 13:21:18.951  7050  7124 W RobotCore: [55 aa 00 90 20] -> [00 00 00 00 00]
01-08 13:21:18.951  7050  7124 W RobotCore: could not write to Modern Robotics USB Core Device Interface Module [AL00VFK6]: comm timeout
01-08 13:21:18.983  7050  7139 W RobotCore: Modern Robotics USB header sync bytes are incorrect
01-08 13:21:18.984  7050  7139 W RobotCore: [55 aa 00 40 1e] -> [00 00 00 00 00]
01-08 13:21:18.984  7050  7139 W RobotCore: could not write to Modern Robotics USB DC Motor Controller [AL00VBIF]: comm timeout
01-08 13:21:19.031  7050  7130 W RobotCore: Modern Robotics USB header sync bytes are incorrect
01-08 13:21:19.032  7050  7130 W RobotCore: [55 aa 80 40 1e] -> [00 00 00 00 00]
01-08 13:21:19.032  7050  7130 W RobotCore: could not read Modern Robotics USB DC Motor Controller [AL00VWH0]: comm timeout
01-08 13:21:19.064  7050  7127 W RobotCore: Modern Robotics USB header sync bytes are incorrect
01-08 13:21:19.065  7050  7127 W RobotCore: [55 aa 80 40 1e] -> [00 00 00 00 00]
01-08 13:21:19.065  7050  7127 W RobotCore: could not read Modern Robotics USB DC Motor Controller [A104OQ1P]: comm timeout
01-08 13:21:19.140  7050  7133 W RobotCore: Modern Robotics USB header sync bytes are incorrect
01-08 13:21:19.141  7050  7133 W RobotCore: [55 aa 80 40 1e] -> [00 00 00 00 00]
01-08 13:21:19.141  7050  7133 W RobotCore: could not read Modern Robotics USB DC Motor Controller [AI049QOP]: comm timeout
01-08 13:21:19.339  7050  7124 W RobotCore: Modern Robotics USB header sync bytes are incorrect
01-08 13:21:19.340  7050  7124 W RobotCore: [55 aa 80 03 15] -> [00 00 00 00 00]
01-08 13:21:19.340  7050  7124 W RobotCore: could not read Modern Robotics USB Core Device Interface Module [AL00VFK6]: comm timeout
01-08 13:21:19.371  7050  7139 W RobotCore: Modern Robotics USB header sync bytes are incorrect
01-08 13:21:19.372  7050  7139 W RobotCore: [55 aa 80 40 1e] -> [00 00 00 00 00]
01-08 13:21:19.372  7050  7139 W RobotCore: could not read Modern Robotics USB DC Motor Controller [AL00VBIF]: comm timeout
01-08 13:21:19.428  7050  7130 W RobotCore: Modern Robotics USB header sync bytes are incorrect
01-08 13:21:19.429  7050  7130 W RobotCore: [55 aa 00 40 1e] -> [00 00 00 00 00]
01-08 13:21:19.429  7050  7130 W RobotCore: could not write to Modern Robotics USB DC Motor Controller [AL00VWH0]: comm timeout
01-08 13:21:19.461  7050  7127 W RobotCore: Modern Robotics USB header sync bytes are incorrect
01-08 13:21:19.462  7050  7127 W RobotCore: [55 aa 00 40 1e] -> [00 00 00 00 00]
01-08 13:21:19.462  7050  7127 W RobotCore: could not write to Modern Robotics USB DC Motor Controller [A104OQ1P]: comm timeout
01-08 13:21:19.528  7050  7133 W RobotCore: Modern Robotics USB header sync bytes are incorrect
01-08 13:21:19.528  7050  7133 W RobotCore: [55 aa 00 40 1e] -> [00 00 00 00 00]
01-08 13:21:19.529  7050  7133 W RobotCore: could not write to Modern Robotics USB DC Motor Controller [AI049QOP]: comm timeout
01-08 13:21:19.598  7050  7139 E FTDI_Device::: UsbConnection.requestWait() == null
01-08 13:21:19.599  7050  7130 E FTDI_Device::: UsbConnection.requestWait() == null
01-08 13:21:19.603  7050  7050 D UsbDeviceConnectionJNI: close
01-08 13:21:19.604  7050  7130 W RobotCore: Modern Robotics USB header sync bytes are incorrect
01-08 13:21:19.604  7050  7129 D ProcessRequestThread::: Device has been closed.
01-08 13:21:19.604  7050  7130 W RobotCore: [55 aa 80 40 1e] -> [00 00 00 00 00]
01-08 13:21:19.604  7050  7129 W System.err: java.lang.InterruptedException
01-08 13:21:19.604  7050  7129 W System.err: 	at java.util.concurrent.locks.AbstractQueuedSynchronizer.doAcquireSharedInterruptibly(AbstractQueuedSynchronizer.java:972)
01-08 13:21:19.604  7050  7130 W RobotCore: could not read Modern Robotics USB DC Motor Controller [AL00VWH0]: comm timeout
01-08 13:21:19.604  7050  7129 W System.err: 	at java.util.concurrent.locks.AbstractQueuedSynchronizer.acquireSharedInterruptibly(AbstractQueuedSynchronizer.java:1278)
01-08 13:21:19.604  7050  7129 W System.err: 	at java.util.concurrent.Semaphore.acquire(Semaphore.java:284)
01-08 13:21:19.604  7050  7129 W System.err: 	at com.ftdi.j2xx.ProcessInCtrl.acquireReadableBuffer(FT_Device.java:2294)
01-08 13:21:19.604  7050  7129 W System.err: 	at com.ftdi.j2xx.ProcessRequestWorker.run(FT_Device.java:2764)
01-08 13:21:19.605  7050  7129 W System.err: 	at java.lang.Thread.run(Thread.java:818)
01-08 13:21:19.605  7050  7130 W RobotCore: error: closed: FT_Device.read()=-1
01-08 13:21:19.605  7050  7130 V RobotCore: thread: ...terminating 'r/w loop: Modern Robotics USB DC Motor Controller [AL00VWH0]'
01-08 13:21:19.606  7050  7128 D BulkIn::: Stop BulkIn thread
01-08 13:21:19.606  7050  7128 W System.err: java.lang.NullPointerException: Attempt to invoke virtual method 'int com.ftdi.j2xx.D2xxManager$DriverParameters.getBufferNumber()' on a null object reference
01-08 13:21:19.606  7050  7128 W System.err: 	at com.ftdi.j2xx.ProcessInCtrl.releaseWritableBuffers(FT_Device.java:2672)
01-08 13:21:19.606  7050  7128 W System.err: 	at com.ftdi.j2xx.BulkInWorker.run(FT_Device.java:2879)
01-08 13:21:19.606  7050  7128 W System.err: 	at java.lang.Thread.run(Thread.java:818)
01-08 13:21:19.612  7050  7050 D UsbDeviceConnectionJNI: close
01-08 13:21:19.613  7050  7050 D UsbDeviceConnectionJNI: close
01-08 13:21:19.614  7050  7123 D ProcessRequestThread::: Device has been closed.
01-08 13:21:19.614  7050  7123 W System.err: java.lang.InterruptedException
01-08 13:21:19.614  7050  7123 W System.err: 	at java.util.concurrent.locks.AbstractQueuedSynchronizer.doAcquireSharedInterruptibly(AbstractQueuedSynchronizer.java:972)
01-08 13:21:19.614  7050  7123 W System.err: 	at java.util.concurrent.locks.AbstractQueuedSynchronizer.acquireSharedInterruptibly(AbstractQueuedSynchronizer.java:1278)
01-08 13:21:19.614  7050  7123 W System.err: 	at java.util.concurrent.Semaphore.acquire(Semaphore.java:284)
01-08 13:21:19.614  7050  7123 W System.err: 	at com.ftdi.j2xx.ProcessInCtrl.acquireReadableBuffer(FT_Device.java:2294)
01-08 13:21:19.614  7050  7123 W System.err: 	at com.ftdi.j2xx.ProcessRequestWorker.run(FT_Device.java:2764)
01-08 13:21:19.614  7050  7123 W System.err: 	at java.lang.Thread.run(Thread.java:818)
01-08 13:21:19.615  7050  7122 D BulkIn::: Stop BulkIn thread
01-08 13:21:19.615  7050  7122 W System.err: java.lang.NullPointerException: Attempt to invoke virtual method 'int com.ftdi.j2xx.D2xxManager$DriverParameters.getBufferNumber()' on a null object reference
01-08 13:21:19.615  7050  7122 W System.err: 	at com.ftdi.j2xx.ProcessInCtrl.releaseWritableBuffers(FT_Device.java:2672)
01-08 13:21:19.615  7050  7122 W System.err: 	at com.ftdi.j2xx.BulkInWorker.run(FT_Device.java:2879)
01-08 13:21:19.615  7050  7122 W System.err: 	at java.lang.Thread.run(Thread.java:818)
01-08 13:21:19.616  7050  7124 W RobotCore: could not write to Modern Robotics USB Core Device Interface Module [AL00VFK6]: FTDI Null Pointer Exception
01-08 13:21:19.616  7050  7124 E RobotCore: java.lang.NullPointerException: Attempt to invoke interface method 'void java.util.concurrent.locks.Lock.unlock()' on a null object reference
01-08 13:21:19.617  7050  7124 E RobotCore: com.ftdi.j2xx.ProcessInCtrl.readBulkInData(FT_Device.java:2520)
01-08 13:21:19.617  7050  7124 E RobotCore: com.ftdi.j2xx.FT_Device.read(FT_Device.java:666)
01-08 13:21:19.617  7050  7124 E RobotCore: com.qualcomm.robotcore.hardware.usb.ftdi.RobotUsbDeviceFtdi.read(RobotUsbDeviceFtdi.java:199)
01-08 13:21:19.617  7050  7124 E RobotCore: com.qualcomm.robotcore.hardware.usb.ftdi.RobotUsbDeviceFtdi.read(RobotUsbDeviceFtdi.java:176)
01-08 13:21:19.617  7050  7124 E RobotCore: com.qualcomm.modernrobotics.ReadWriteRunnableUsbHandler.a(SourceFile:77)
01-08 13:21:19.617  7050  7124 E RobotCore: com.qualcomm.modernrobotics.ReadWriteRunnableUsbHandler.read(SourceFile:66)
01-08 13:21:19.617  7050  7124 E RobotCore: com.qualcomm.hardware.modernrobotics.ReadWriteRunnableStandard$1.run(ReadWriteRunnableStandard.java:343)
01-08 13:21:19.617  7050  7124 E RobotCore: com.qualcomm.robotcore.util.ThreadPool.logThreadLifeCycle(ThreadPool.java:513)
01-08 13:21:19.617  7050  7124 E RobotCore: com.qualcomm.hardware.modernrobotics.ReadWriteRunnableStandard.run(ReadWriteRunnableStandard.java:302)
01-08 13:21:19.617  7050  7124 E RobotCore: java.util.concurrent.ThreadPoolExecutor.runWorker(ThreadPoolExecutor.java:1113)
01-08 13:21:19.617  7050  7124 E RobotCore: java.util.concurrent.ThreadPoolExecutor$Worker.run(ThreadPoolExecutor.java:588)
01-08 13:21:19.617  7050  7124 E RobotCore: java.lang.Thread.run(Thread.java:818)
01-08 13:21:19.617  7050  7124 V RobotCore: thread: ...terminating 'r/w loop: Modern Robotics USB Core Device Interface Module [AL00VFK6]'
01-08 13:21:19.617  7050  7135 D ProcessRequestThread::: Device has been closed.
01-08 13:21:19.617  7050  7135 W System.err: java.lang.InterruptedException
01-08 13:21:19.618  7050  7135 W System.err: 	at java.util.concurrent.locks.AbstractQueuedSynchronizer.doAcquireSharedInterruptibly(AbstractQueuedSynchronizer.java:972)
01-08 13:21:19.618  7050  7135 W System.err: 	at java.util.concurrent.locks.AbstractQueuedSynchronizer.acquireSharedInterruptibly(AbstractQueuedSynchronizer.java:1278)
01-08 13:21:19.618  7050  7135 W System.err: 	at java.util.concurrent.Semaphore.acquire(Semaphore.java:284)
01-08 13:21:19.618  7050  7135 W System.err: 	at com.ftdi.j2xx.ProcessInCtrl.acquireReadableBuffer(FT_Device.java:2294)
01-08 13:21:19.618  7050  7135 W System.err: 	at com.ftdi.j2xx.ProcessRequestWorker.run(FT_Device.java:2764)
01-08 13:21:19.618  7050  7135 W System.err: 	at java.lang.Thread.run(Thread.java:818)
01-08 13:21:19.619  7050  7134 D BulkIn::: Stop BulkIn thread
01-08 13:21:19.619  7050  7134 W System.err: java.lang.NullPointerException: Attempt to invoke virtual method 'int com.ftdi.j2xx.D2xxManager$DriverParameters.getBufferNumber()' on a null object reference
01-08 13:21:19.619  7050  7134 W System.err: 	at com.ftdi.j2xx.ProcessInCtrl.releaseWritableBuffers(FT_Device.java:2672)
01-08 13:21:19.619  7050  7134 W System.err: 	at com.ftdi.j2xx.BulkInWorker.run(FT_Device.java:2879)
01-08 13:21:19.619  7050  7134 W System.err: 	at java.lang.Thread.run(Thread.java:818)
01-08 13:21:19.620  7050  7133 E FTDI_Device::: UsbConnection.requestWait() == null
01-08 13:21:19.621  7050  7139 W RobotCore: could not write to Modern Robotics USB DC Motor Controller [AL00VBIF]: FTDI Null Pointer Exception
01-08 13:21:19.621  7050  7139 E RobotCore: java.lang.NullPointerException: Attempt to invoke interface method 'void java.util.concurrent.locks.Lock.unlock()' on a null object reference
01-08 13:21:19.621  7050  7139 E RobotCore: com.ftdi.j2xx.ProcessInCtrl.readBulkInData(FT_Device.java:2520)
01-08 13:21:19.621  7050  7139 E RobotCore: com.ftdi.j2xx.FT_Device.read(FT_Device.java:666)
01-08 13:21:19.621  7050  7139 E RobotCore: com.qualcomm.robotcore.hardware.usb.ftdi.RobotUsbDeviceFtdi.read(RobotUsbDeviceFtdi.java:199)
01-08 13:21:19.621  7050  7139 E RobotCore: com.qualcomm.robotcore.hardware.usb.ftdi.RobotUsbDeviceFtdi.read(RobotUsbDeviceFtdi.java:176)
01-08 13:21:19.621  7050  7139 E RobotCore: com.qualcomm.modernrobotics.ReadWriteRunnableUsbHandler.b(SourceFile:109)
01-08 13:21:19.621  7050  7139 E RobotCore: com.qualcomm.modernrobotics.ReadWriteRunnableUsbHandler.write(SourceFile:98)
01-08 13:21:19.621  7050  7139 E RobotCore: com.qualcomm.hardware.modernrobotics.ReadWriteRunnableStandard$1.run(ReadWriteRunnableStandard.java:394)
01-08 13:21:19.621  7050  7139 E RobotCore: com.qualcomm.robotcore.util.ThreadPool.logThreadLifeCycle(ThreadPool.java:513)
01-08 13:21:19.621  7050  7139 E RobotCore: com.qualcomm.hardware.modernrobotics.ReadWriteRunnableStandard.run(ReadWriteRunnableStandard.java:302)
01-08 13:21:19.621  7050  7139 E RobotCore: java.util.concurrent.ThreadPoolExecutor.runWorker(ThreadPoolExecutor.java:1113)
01-08 13:21:19.622  7050  7139 E RobotCore: java.util.concurrent.ThreadPoolExecutor$Worker.run(ThreadPoolExecutor.java:588)
01-08 13:21:19.622  7050  7139 E RobotCore: java.lang.Thread.run(Thread.java:818)
01-08 13:21:19.622  7050  7050 D UsbDeviceConnectionJNI: close
01-08 13:21:19.622  7050  7139 V RobotCore: thread: ...terminating 'r/w loop: Modern Robotics USB DC Motor Controller [AL00VBIF]'
01-08 13:21:19.622  7050  7132 D ProcessRequestThread::: Device has been closed.
01-08 13:21:19.622  7050  7132 W System.err: java.lang.InterruptedException
01-08 13:21:19.622  7050  7132 W System.err: 	at java.util.concurrent.locks.AbstractQueuedSynchronizer.doAcquireSharedInterruptibly(AbstractQueuedSynchronizer.java:972)
01-08 13:21:19.622  7050  7132 W System.err: 	at java.util.concurrent.locks.AbstractQueuedSynchronizer.acquireSharedInterruptibly(AbstractQueuedSynchronizer.java:1278)
01-08 13:21:19.622  7050  7132 W System.err: 	at java.util.concurrent.Semaphore.acquire(Semaphore.java:284)
01-08 13:21:19.622  7050  7132 W System.err: 	at com.ftdi.j2xx.ProcessInCtrl.acquireReadableBuffer(FT_Device.java:2294)
01-08 13:21:19.622  7050  7132 W System.err: 	at com.ftdi.j2xx.ProcessRequestWorker.run(FT_Device.java:2764)
01-08 13:21:19.622  7050  7132 W System.err: 	at java.lang.Thread.run(Thread.java:818)
01-08 13:21:19.623  7050  7131 D BulkIn::: Stop BulkIn thread
01-08 13:21:19.623  7050  7127 E FTDI_Device::: UsbConnection.requestWait() == null
01-08 13:21:19.623  7050  7131 W System.err: java.lang.NullPointerException: Attempt to invoke virtual method 'int com.ftdi.j2xx.D2xxManager$DriverParameters.getBufferNumber()' on a null object reference
01-08 13:21:19.623  7050  7131 W System.err: 	at com.ftdi.j2xx.ProcessInCtrl.releaseWritableBuffers(FT_Device.java:2672)
01-08 13:21:19.623  7050  7131 W System.err: 	at com.ftdi.j2xx.BulkInWorker.run(FT_Device.java:2879)
01-08 13:21:19.623  7050  7131 W System.err: 	at java.lang.Thread.run(Thread.java:818)
01-08 13:21:19.623  7050  7133 W RobotCore: Modern Robotics USB header sync bytes are incorrect
01-08 13:21:19.624  7050  7133 W RobotCore: [55 aa 80 40 1e] -> [00 00 00 00 00]
01-08 13:21:19.624  7050  7133 W RobotCore: could not read Modern Robotics USB DC Motor Controller [AI049QOP]: comm timeout
01-08 13:21:19.624  7050  7133 W RobotCore: error: closed: FT_Device.read()=-1
01-08 13:21:19.626  7050  7050 D UsbDeviceConnectionJNI: close
01-08 13:21:19.626  7050  7127 W RobotCore: could not write to Modern Robotics USB DC Motor Controller [A104OQ1P]: FTDI Null Pointer Exception
01-08 13:21:19.626  7050  7127 E RobotCore: java.lang.NullPointerException: Attempt to invoke interface method 'void java.util.concurrent.locks.Lock.unlock()' on a null object reference
01-08 13:21:19.626  7050  7127 E RobotCore: com.ftdi.j2xx.ProcessInCtrl.readBulkInData(FT_Device.java:2520)
01-08 13:21:19.627  7050  7127 E RobotCore: com.ftdi.j2xx.FT_Device.read(FT_Device.java:666)
01-08 13:21:19.627  7050  7127 E RobotCore: com.qualcomm.robotcore.hardware.usb.ftdi.RobotUsbDeviceFtdi.read(RobotUsbDeviceFtdi.java:199)
01-08 13:21:19.627  7050  7127 E RobotCore: com.qualcomm.robotcore.hardware.usb.ftdi.RobotUsbDeviceFtdi.read(RobotUsbDeviceFtdi.java:176)
01-08 13:21:19.627  7050  7127 E RobotCore: com.qualcomm.modernrobotics.ReadWriteRunnableUsbHandler.a(SourceFile:77)
01-08 13:21:19.627  7050  7127 E RobotCore: com.qualcomm.modernrobotics.ReadWriteRunnableUsbHandler.read(SourceFile:66)
01-08 13:21:19.627  7050  7127 E RobotCore: com.qualcomm.hardware.modernrobotics.ReadWriteRunnableStandard$1.run(ReadWriteRunnableStandard.java:343)
01-08 13:21:19.627  7050  7127 E RobotCore: com.qualcomm.robotcore.util.ThreadPool.logThreadLifeCycle(ThreadPool.java:513)
01-08 13:21:19.627  7050  7127 E RobotCore: com.qualcomm.hardware.modernrobotics.ReadWriteRunnableStandard.run(ReadWriteRunnableStandard.java:302)
01-08 13:21:19.627  7050  7127 E RobotCore: java.util.concurrent.ThreadPoolExecutor.runWorker(ThreadPoolExecutor.java:1113)
01-08 13:21:19.627  7050  7127 E RobotCore: java.util.concurrent.ThreadPoolExecutor$Worker.run(ThreadPoolExecutor.java:588)
01-08 13:21:19.627  7050  7127 E RobotCore: java.lang.Thread.run(Thread.java:818)
01-08 13:21:19.627  7050  7127 V RobotCore: thread: ...terminating 'r/w loop: Modern Robotics USB DC Motor Controller [A104OQ1P]'
01-08 13:21:19.629  7050  7126 D ProcessRequestThread::: Device has been closed.
01-08 13:21:19.629  7050  7133 V RobotCore: thread: ...terminating 'r/w loop: Modern Robotics USB DC Motor Controller [AI049QOP]'
01-08 13:21:19.629  7050  7126 W System.err: java.lang.InterruptedException
01-08 13:21:19.629  7050  7125 D BulkIn::: Stop BulkIn thread
01-08 13:21:19.629  7050  7126 W System.err: 	at java.util.concurrent.locks.AbstractQueuedSynchronizer.doAcquireSharedInterruptibly(AbstractQueuedSynchronizer.java:972)
01-08 13:21:19.629  7050  7125 W System.err: 	at java.lang.NullPointerException: Attempt to invoke virtual method 'int com.ftdi.j2xx.D2xxManager$DriverParameters.getBufferNumber()' on a null object reference
01-08 13:21:19.629  7050  7126 W System.err: java.util.concurrent.locks.AbstractQueuedSynchronizer.acquireSharedInterruptibly(AbstractQueuedSynchronizer.java:1278)
01-08 13:21:19.629  7050  7126 W System.err: 	at 	at java.util.concurrent.Semaphore.acquire(Semaphore.java:284)
01-08 13:21:19.629  7050  7125 W System.err: com.ftdi.j2xx.ProcessInCtrl.releaseWritableBuffers(FT_Device.java:2672)
01-08 13:21:19.629  7050  7126 W System.err: 	at 	at com.ftdi.j2xx.ProcessInCtrl.acquireReadableBuffer(FT_Device.java:2294)
01-08 13:21:19.629  7050  7126 W System.err: 	at com.ftdi.j2xx.ProcessRequestWorker.run(FT_Device.java:2764)
01-08 13:21:19.629  7050  7125 W System.err: 	at com.ftdi.j2xx.BulkInWorker.run(FT_Device.java:2879)
01-08 13:21:19.629  7050  7126 W System.err: 	at java.lang.Thread.run(Thread.java:818)
01-08 13:21:19.629  7050  7125 W System.err: java.lang.Thread.run(Thread.java:818)
01-08 13:21:19.629  7050  7140 D RobotCore: system telemetry: key=$System$Warning$ msg="problem communicating with Modern Robotics USB Core Device Interface Module [AL00VFK6]; problem communicating with Modern Robotics USB DC Motor Controller [AL00VWH0]; problem communicating with Modern Robotics USB DC Motor Controller [AL00VBIF]; problem communicating with Modern Robotics USB DC Motor Controller [A104OQ1P]; problem communicating with Modern Robotics USB DC Motor Controller [AI049QOP]; problem communicating with Modern Robotics USB Servo Controller [AL00VSDY]"
01-08 13:21:19.636  7050  7140 V RobotCore: event loop: device has shutdown abnormally
01-08 13:21:19.636  7050  7140 V RobotCore: event loop: detaching device owner
01-08 13:21:19.636  7050  7140 I FIRST   : ======= MODULE DETACH RECOVERY: disarm Modern Robotics USB Servo Controller [AL00VSDY]=======
01-08 13:21:19.636  7050  7140 D RobotCore: disarming modern servo controller "Modern Robotics USB Servo Controller [AL00VSDY]"...
01-08 13:21:19.636  7050  7140 V RobotCore: waiting for service ReadWriteRunnable for Modern Robotics USB Device
01-08 13:21:19.637  7050  7140 V RobotCore: awaitTermination returned, isTerminated=true
01-08 13:21:19.637  7050  7140 V RobotCore: executive service ReadWriteRunnable for Modern Robotics USB Device is terminated
01-08 13:21:19.638  7050  7140 D RobotCore: ...disarming modern servo controller Modern Robotics USB Servo Controller [AL00VSDY] complete
01-08 13:21:19.638  7050  7140 I FIRST   : ======= MODULE DETACH RECOVERY: pretend Modern Robotics USB Servo Controller [AL00VSDY]=======
01-08 13:21:19.638  7050  7140 D RobotCore: arming modern servo controller Modern Robotics USB Servo Controller [AL00VSDY] (pretend)...
01-08 13:21:19.641  7050  7140 V RobotCore: Starting up pretend device AL00VSDY
01-08 13:21:19.643  7050  7169 V RobotCore: thread: 'r/w loop: Modern Robotics USB Servo Controller [AL00VSDY]' starting...
01-08 13:21:19.643  7050  7140 D RobotCore: ...arming modern servo controller Modern Robotics USB Servo Controller [AL00VSDY] complete
01-08 13:21:19.643  7050  7140 I FIRST   : ======= MODULE DETACH RECOVERY: complete Modern Robotics USB Servo Controller [AL00VSDY]=======
01-08 13:21:19.644  7050  7140 V RobotCore: event loop: device has shutdown abnormally
01-08 13:21:19.644  7050  7140 V RobotCore: event loop: detaching device owner
01-08 13:21:19.644  7050  7140 I FIRST   : ======= MODULE DETACH RECOVERY: disarm Modern Robotics USB Core Device Interface Module [AL00VFK6]=======
01-08 13:21:19.644  7050  7140 V RobotCore: waiting for service ReadWriteRunnable for Modern Robotics USB Device
01-08 13:21:19.645  7050  7140 V RobotCore: awaitTermination returned, isTerminated=true
01-08 13:21:19.645  7050  7140 V RobotCore: executive service ReadWriteRunnable for Modern Robotics USB Device is terminated
01-08 13:21:19.645  7050  7140 I FIRST   : ======= MODULE DETACH RECOVERY: pretend Modern Robotics USB Core Device Interface Module [AL00VFK6]=======
01-08 13:21:19.645  7050  7140 V RobotCore: Starting up pretend device AL00VFK6
01-08 13:21:19.647  7050  7170 V RobotCore: thread: 'r/w loop: Modern Robotics USB Core Device Interface Module [AL00VFK6]' starting...
01-08 13:21:19.648  7050  7140 I FIRST   : ======= MODULE DETACH RECOVERY: complete Modern Robotics USB Core Device Interface Module [AL00VFK6]=======
01-08 13:21:19.648  7050  7140 V RobotCore: event loop: device has shutdown abnormally
01-08 13:21:19.648  7050  7140 V RobotCore: event loop: detaching device owner
01-08 13:21:19.648  7050  7140 I FIRST   : ======= MODULE DETACH RECOVERY: disarm Modern Robotics USB DC Motor Controller [A104OQ1P]=======
01-08 13:21:19.648  7050  7140 D RobotCore: disarming modern motor controller Modern Robotics USB DC Motor Controller [A104OQ1P]...
01-08 13:21:19.648  7050  7140 V RobotCore: waiting for service ReadWriteRunnable for Modern Robotics USB Device
01-08 13:21:19.649  7050  7140 V RobotCore: awaitTermination returned, isTerminated=true
01-08 13:21:19.649  7050  7140 V RobotCore: executive service ReadWriteRunnable for Modern Robotics USB Device is terminated
01-08 13:21:19.649  7050  7140 D RobotCore: ...disarming modern motor controller Modern Robotics USB DC Motor Controller [A104OQ1P] complete
01-08 13:21:19.649  7050  7140 I FIRST   : ======= MODULE DETACH RECOVERY: pretend Modern Robotics USB DC Motor Controller [A104OQ1P]=======
01-08 13:21:19.649  7050  7140 D RobotCore: arming modern motor controller Modern Robotics USB DC Motor Controller [A104OQ1P] (pretend)...
01-08 13:21:19.649  7050  7140 V RobotCore: Starting up pretend device A104OQ1P
01-08 13:21:19.652  7050  7171 V RobotCore: thread: 'r/w loop: Modern Robotics USB DC Motor Controller [A104OQ1P]' starting...
01-08 13:21:19.652  7050  7140 D RobotCore: ...arming modern motor controller Modern Robotics USB DC Motor Controller [A104OQ1P] complete
01-08 13:21:19.652  7050  7140 I FIRST   : ======= MODULE DETACH RECOVERY: complete Modern Robotics USB DC Motor Controller [A104OQ1P]=======
01-08 13:21:19.652  7050  7140 V RobotCore: event loop: device has shutdown abnormally
01-08 13:21:19.652  7050  7140 V RobotCore: event loop: detaching device owner
01-08 13:21:19.652  7050  7140 I FIRST   : ======= MODULE DETACH RECOVERY: disarm Modern Robotics USB DC Motor Controller [AL00VWH0]=======
01-08 13:21:19.653  7050  7140 D RobotCore: disarming modern motor controller Modern Robotics USB DC Motor Controller [AL00VWH0]...
01-08 13:21:19.653  7050  7140 V RobotCore: waiting for service ReadWriteRunnable for Modern Robotics USB Device
01-08 13:21:19.653  7050  7140 V RobotCore: awaitTermination returned, isTerminated=true
01-08 13:21:19.653  7050  7140 V RobotCore: executive service ReadWriteRunnable for Modern Robotics USB Device is terminated
01-08 13:21:19.653  7050  7140 D RobotCore: ...disarming modern motor controller Modern Robotics USB DC Motor Controller [AL00VWH0] complete
01-08 13:21:19.654  7050  7140 I FIRST   : ======= MODULE DETACH RECOVERY: pretend Modern Robotics USB DC Motor Controller [AL00VWH0]=======
01-08 13:21:19.654  7050  7140 D RobotCore: arming modern motor controller Modern Robotics USB DC Motor Controller [AL00VWH0] (pretend)...
01-08 13:21:19.654  7050  7140 V RobotCore: Starting up pretend device AL00VWH0
01-08 13:21:19.656  7050  7172 V RobotCore: thread: 'r/w loop: Modern Robotics USB DC Motor Controller [AL00VWH0]' starting...
01-08 13:21:19.657  7050  7140 D RobotCore: ...arming modern motor controller Modern Robotics USB DC Motor Controller [AL00VWH0] complete
01-08 13:21:19.657  7050  7140 I FIRST   : ======= MODULE DETACH RECOVERY: complete Modern Robotics USB DC Motor Controller [AL00VWH0]=======
01-08 13:21:19.657  7050  7140 V RobotCore: event loop: device has shutdown abnormally
01-08 13:21:19.657  7050  7140 V RobotCore: event loop: detaching device owner
01-08 13:21:19.657  7050  7140 I FIRST   : ======= MODULE DETACH RECOVERY: disarm Modern Robotics USB DC Motor Controller [AI049QOP]=======
01-08 13:21:19.657  7050  7140 D RobotCore: disarming modern motor controller Modern Robotics USB DC Motor Controller [AI049QOP]...
01-08 13:21:19.657  7050  7140 V RobotCore: waiting for service ReadWriteRunnable for Modern Robotics USB Device
01-08 13:21:19.659  7050  7140 V RobotCore: awaitTermination returned, isTerminated=true
01-08 13:21:19.659  7050  7140 V RobotCore: executive service ReadWriteRunnable for Modern Robotics USB Device is terminated
01-08 13:21:19.659  7050  7140 D RobotCore: ...disarming modern motor controller Modern Robotics USB DC Motor Controller [AI049QOP] complete
01-08 13:21:19.659  7050  7140 I FIRST   : ======= MODULE DETACH RECOVERY: pretend Modern Robotics USB DC Motor Controller [AI049QOP]=======
01-08 13:21:19.659  7050  7140 D RobotCore: arming modern motor controller Modern Robotics USB DC Motor Controller [AI049QOP] (pretend)...
01-08 13:21:19.659  7050  7140 V RobotCore: Starting up pretend device AI049QOP
01-08 13:21:19.661  7050  7173 V RobotCore: thread: 'r/w loop: Modern Robotics USB DC Motor Controller [AI049QOP]' starting...
01-08 13:21:19.662  7050  7140 D RobotCore: ...arming modern motor controller Modern Robotics USB DC Motor Controller [AI049QOP] complete
01-08 13:21:19.662  7050  7140 I FIRST   : ======= MODULE DETACH RECOVERY: complete Modern Robotics USB DC Motor Controller [AI049QOP]=======
01-08 13:21:19.662  7050  7140 V RobotCore: event loop: device has shutdown abnormally
01-08 13:21:19.662  7050  7140 V RobotCore: event loop: detaching device owner
01-08 13:21:19.662  7050  7140 I FIRST   : ======= MODULE DETACH RECOVERY: disarm Modern Robotics USB DC Motor Controller [AL00VBIF]=======
01-08 13:21:19.662  7050  7140 D RobotCore: disarming modern motor controller Modern Robotics USB DC Motor Controller [AL00VBIF]...
01-08 13:21:19.662  7050  7140 V RobotCore: waiting for service ReadWriteRunnable for Modern Robotics USB Device
01-08 13:21:19.663  7050  7140 V RobotCore: awaitTermination returned, isTerminated=true
01-08 13:21:19.663  7050  7140 V RobotCore: executive service ReadWriteRunnable for Modern Robotics USB Device is terminated
01-08 13:21:19.663  7050  7140 D RobotCore: ...disarming modern motor controller Modern Robotics USB DC Motor Controller [AL00VBIF] complete
