04-10 19:24:38.130 17540 17597 D RobotCore: system telemetry: key=$System$Warning$ msg="problem communicating with Modern Robotics USB Core Device Interface Module [AI02RHDJ]; problem communicating with Modern Robotics USB DC Motor Controller [AI049QOP]; problem communicating with Modern Robotics USB DC Motor Controller [AL00VBIF]; problem communicating with Modern Robotics USB Servo Controller [AL00VST0]"
04-10 19:24:38.135 17540 17622 E FTDI_Device::: UsbConnection.requestWait() == null
04-10 19:24:38.142 17540 17540 D UsbDeviceConnectionJNI: close
04-10 19:24:38.142 17540 17621 D ProcessRequestThread::: Device has been closed.
04-10 19:24:38.142 17540 17621 W System.err: java.lang.InterruptedException
04-10 19:24:38.142 17540 17622 W RobotCore: could not write to Modern Robotics USB DC Motor Controller [AL00VWH0]: FTDI Null Pointer Exception
04-10 19:24:38.142 17540 17622 E RobotCore: java.lang.NullPointerException: Attempt to invoke interface method 'void java.util.concurrent.locks.Lock.unlock()' on a null object reference
04-10 19:24:38.142 17540 17621 W System.err: 	at java.util.concurrent.locks.AbstractQueuedSynchronizer.doAcquireSharedInterruptibly(AbstractQueuedSynchronizer.java:972)
04-10 19:24:38.142 17540 17621 W System.err: 	at java.util.concurrent.locks.AbstractQueuedSynchronizer.acquireSharedInterruptibly(AbstractQueuedSynchronizer.java:1278)
04-10 19:24:38.142 17540 17621 W System.err: 	at java.util.concurrent.Semaphore.acquire(Semaphore.java:284)
04-10 19:24:38.142 17540 17622 E RobotCore: com.ftdi.j2xx.ProcessInCtrl.readBulkInData(FT_Device.java:2520)
04-10 19:24:38.142 17540 17621 W System.err: 	at com.ftdi.j2xx.ProcessInCtrl.acquireReadableBuffer(FT_Device.java:2294)
04-10 19:24:38.142 17540 17622 E RobotCore: com.ftdi.j2xx.FT_Device.read(FT_Device.java:666)
04-10 19:24:38.142 17540 17621 W System.err: 	at com.ftdi.j2xx.ProcessRequestWorker.run(FT_Device.java:2764)
04-10 19:24:38.142 17540 17621 W System.err: 	at java.lang.Thread.run(Thread.java:818)
04-10 19:24:38.142 17540 17622 E RobotCore: com.qualcomm.robotcore.hardware.usb.ftdi.RobotUsbDeviceFtdi.read(RobotUsbDeviceFtdi.java:199)
04-10 19:24:38.142 17540 17622 E RobotCore: com.qualcomm.robotcore.hardware.usb.ftdi.RobotUsbDeviceFtdi.read(RobotUsbDeviceFtdi.java:176)
04-10 19:24:38.142 17540 17622 E RobotCore: com.qualcomm.modernrobotics.ReadWriteRunnableUsbHandler.a(SourceFile:77)
04-10 19:24:38.142 17540 17622 E RobotCore: com.qualcomm.modernrobotics.ReadWriteRunnableUsbHandler.read(SourceFile:66)
04-10 19:24:38.142 17540 17622 E RobotCore: com.qualcomm.hardware.modernrobotics.ReadWriteRunnableStandard$1.run(ReadWriteRunnableStandard.java:343)
04-10 19:24:38.142 17540 17622 E RobotCore: com.qualcomm.robotcore.util.ThreadPool.logThreadLifeCycle(ThreadPool.java:513)
04-10 19:24:38.142 17540 17622 E RobotCore: com.qualcomm.hardware.modernrobotics.ReadWriteRunnableStandard.run(ReadWriteRunnableStandard.java:302)
04-10 19:24:38.143 17540 17622 E RobotCore: java.util.concurrent.ThreadPoolExecutor.runWorker(ThreadPoolExecutor.java:1113)
04-10 19:24:38.143 17540 17622 E RobotCore: java.util.concurrent.ThreadPoolExecutor$Worker.run(ThreadPoolExecutor.java:588)
04-10 19:24:38.143 17540 17622 E RobotCore: java.lang.Thread.run(Thread.java:818)
04-10 19:24:38.143 17540 17620 D BulkIn::: Stop BulkIn thread
04-10 19:24:38.143 17540 17620 W System.err: java.lang.NullPointerException: Attempt to invoke virtual method 'int com.ftdi.j2xx.D2xxManager$DriverParameters.getBufferNumber()' on a null object reference
04-10 19:24:38.143 17540 17620 W System.err: 	at com.ftdi.j2xx.ProcessInCtrl.releaseWritableBuffers(FT_Device.java:2672)
04-10 19:24:38.143 17540 17622 V RobotCore: thread: ...terminating 'r/w loop: Modern Robotics USB DC Motor Controller [AL00VWH0]'
04-10 19:24:38.143 17540 17620 W System.err: 	at com.ftdi.j2xx.BulkInWorker.run(FT_Device.java:2879)
04-10 19:24:38.143 17540 17620 W System.err: 	at java.lang.Thread.run(Thread.java:818)
04-10 19:24:38.151 17540 17619 W RobotCore: Modern Robotics USB header sync bytes are incorrect
04-10 19:24:38.151 17540 17619 W RobotCore: [55 aa 80 40 1e] -> [00 00 00 00 00]
04-10 19:24:38.151 17540 17619 W RobotCore: could not read Modern Robotics USB DC Motor Controller [A104OQ1P]: comm timeout
04-10 19:24:38.157 17540 17619 E FTDI_Device::: UsbConnection.requestWait() == null
04-10 19:24:38.159 17540 17540 D UsbDeviceConnectionJNI: close
04-10 19:24:38.160 17540 17618 D ProcessRequestThread::: Device has been closed.
04-10 19:24:38.160 17540 17618 W System.err: java.lang.InterruptedException
04-10 19:24:38.160 17540 17618 W System.err: 	at java.util.concurrent.locks.AbstractQueuedSynchronizer.doAcquireSharedInterruptibly(AbstractQueuedSynchronizer.java:972)
04-10 19:24:38.160 17540 17618 W System.err: 	at java.util.concurrent.locks.AbstractQueuedSynchronizer.acquireSharedInterruptibly(AbstractQueuedSynchronizer.java:1278)
04-10 19:24:38.160 17540 17618 W System.err: 	at java.util.concurrent.Semaphore.acquire(Semaphore.java:284)
04-10 19:24:38.160 17540 17618 W System.err: 	at com.ftdi.j2xx.ProcessInCtrl.acquireReadableBuffer(FT_Device.java:2294)
04-10 19:24:38.160 17540 17618 W System.err: 	at com.ftdi.j2xx.ProcessRequestWorker.run(FT_Device.java:2764)
04-10 19:24:38.160 17540 17618 W System.err: 	at java.lang.Thread.run(Thread.java:818)
04-10 19:24:38.161 17540 17617 D BulkIn::: Stop BulkIn thread
04-10 19:24:38.161 17540 17617 W System.err: java.lang.NullPointerException: Attempt to invoke virtual method 'int com.ftdi.j2xx.D2xxManager$DriverParameters.getBufferNumber()' on a null object reference
04-10 19:24:38.161 17540 17617 W System.err: 	at com.ftdi.j2xx.ProcessInCtrl.releaseWritableBuffers(FT_Device.java:2672)
04-10 19:24:38.161 17540 17617 W System.err: 	at com.ftdi.j2xx.BulkInWorker.run(FT_Device.java:2879)
04-10 19:24:38.161 17540 17617 W System.err: 	at java.lang.Thread.run(Thread.java:818)
04-10 19:24:38.164 17540 17619 W RobotCore: could not write to Modern Robotics USB DC Motor Controller [A104OQ1P]: FTDI Null Pointer Exception
04-10 19:24:38.164 17540 17619 E RobotCore: java.lang.NullPointerException: Attempt to invoke interface method 'void java.util.concurrent.locks.Lock.unlock()' on a null object reference
04-10 19:24:38.164 17540 17619 E RobotCore: com.ftdi.j2xx.ProcessInCtrl.readBulkInData(FT_Device.java:2520)
04-10 19:24:38.164 17540 17619 E RobotCore: com.ftdi.j2xx.FT_Device.read(FT_Device.java:666)
04-10 19:24:38.164 17540 17619 E RobotCore: com.qualcomm.robotcore.hardware.usb.ftdi.RobotUsbDeviceFtdi.read(RobotUsbDeviceFtdi.java:199)
04-10 19:24:38.164 17540 17619 E RobotCore: com.qualcomm.robotcore.hardware.usb.ftdi.RobotUsbDeviceFtdi.read(RobotUsbDeviceFtdi.java:176)
04-10 19:24:38.164 17540 17619 E RobotCore: com.qualcomm.modernrobotics.ReadWriteRunnableUsbHandler.b(SourceFile:109)
04-10 19:24:38.164 17540 17619 E RobotCore: com.qualcomm.modernrobotics.ReadWriteRunnableUsbHandler.write(SourceFile:98)
04-10 19:24:38.164 17540 17619 E RobotCore: com.qualcomm.hardware.modernrobotics.ReadWriteRunnableStandard$1.run(ReadWriteRunnableStandard.java:394)
04-10 19:24:38.164 17540 17619 E RobotCore: com.qualcomm.robotcore.util.ThreadPool.logThreadLifeCycle(ThreadPool.java:513)
04-10 19:24:38.164 17540 17619 E RobotCore: com.qualcomm.hardware.modernrobotics.ReadWriteRunnableStandard.run(ReadWriteRunnableStandard.java:302)
04-10 19:24:38.164 17540 17619 E RobotCore: java.util.concurrent.ThreadPoolExecutor.runWorker(ThreadPoolExecutor.java:1113)
04-10 19:24:38.164 17540 17619 E RobotCore: java.util.concurrent.ThreadPoolExecutor$Worker.run(ThreadPoolExecutor.java:588)
04-10 19:24:38.164 17540 17619 E RobotCore: java.lang.Thread.run(Thread.java:818)
04-10 19:24:38.165 17540 17619 V RobotCore: thread: ...terminating 'r/w loop: Modern Robotics USB DC Motor Controller [A104OQ1P]'
04-10 19:24:38.165 17540 17629 D RobotCore: system telemetry: key=$System$Warning$ msg="problem communicating with Modern Robotics USB Core Device Interface Module [AI02RHDJ]; problem communicating with Modern Robotics USB DC Motor Controller [AL00VWH0]; problem communicating with Modern Robotics USB DC Motor Controller [AI049QOP]; problem communicating with Modern Robotics USB DC Motor Controller [AL00VBIF]; problem communicating with Modern Robotics USB DC Motor Controller [A104OQ1P]; problem communicating with Modern Robotics USB Servo Controller [AL00VST0]"
04-10 19:24:38.166 17540 17629 V RobotCore: event loop: device has shutdown abnormally
04-10 19:24:38.166 17540 17629 V RobotCore: event loop: detaching device owner
04-10 19:24:38.166 17540 17629 I FIRST   : ======= MODULE DETACH RECOVERY: disarm Modern Robotics USB Servo Controller [AL00VST0]=======
04-10 19:24:38.166 17540 17629 D RobotCore: disarming modern servo controller "Modern Robotics USB Servo Controller [AL00VST0]"...
04-10 19:24:38.167 17540 17629 V RobotCore: waiting for service ReadWriteRunnable for Modern Robotics USB Device
04-10 19:24:38.167 17540 17629 V RobotCore: awaitTermination returned, isTerminated=true
04-10 19:24:38.167 17540 17629 V RobotCore: executive service ReadWriteRunnable for Modern Robotics USB Device is terminated
04-10 19:24:38.167 17540 17629 D RobotCore: ...disarming modern servo controller Modern Robotics USB Servo Controller [AL00VST0] complete
04-10 19:24:38.167 17540 17629 I FIRST   : ======= MODULE DETACH RECOVERY: pretend Modern Robotics USB Servo Controller [AL00VST0]=======
04-10 19:24:38.168 17540 17629 D RobotCore: arming modern servo controller Modern Robotics USB Servo Controller [AL00VST0] (pretend)...
04-10 19:24:38.169 17540 17629 V RobotCore: Starting up pretend device AL00VST0
04-10 19:24:38.170 17540 17674 V RobotCore: thread: 'r/w loop: Modern Robotics USB Servo Controller [AL00VST0]' starting...
04-10 19:24:38.170 17540 17629 D RobotCore: ...arming modern servo controller Modern Robotics USB Servo Controller [AL00VST0] complete
04-10 19:24:38.171 17540 17629 I FIRST   : ======= MODULE DETACH RECOVERY: complete Modern Robotics USB Servo Controller [AL00VST0]=======
04-10 19:24:38.171 17540 17629 V RobotCore: event loop: device has shutdown abnormally
04-10 19:24:38.171 17540 17629 V RobotCore: event loop: detaching device owner
04-10 19:24:38.171 17540 17629 I FIRST   : ======= MODULE DETACH RECOVERY: disarm Modern Robotics USB Core Device Interface Module [AI02RHDJ]=======
04-10 19:24:38.171 17540 17629 V RobotCore: waiting for service ReadWriteRunnable for Modern Robotics USB Device
04-10 19:24:38.172 17540 17629 V RobotCore: awaitTermination returned, isTerminated=true
04-10 19:24:38.172 17540 17629 V RobotCore: executive service ReadWriteRunnable for Modern Robotics USB Device is terminated
04-10 19:24:38.172 17540 17629 I FIRST   : ======= MODULE DETACH RECOVERY: pretend Modern Robotics USB Core Device Interface Module [AI02RHDJ]=======
04-10 19:24:38.172 17540 17629 V RobotCore: Starting up pretend device AI02RHDJ
04-10 19:24:38.179 17540 17675 V RobotCore: thread: 'r/w loop: Modern Robotics USB Core Device Interface Module [AI02RHDJ]' starting...
04-10 19:24:38.180 17540 17629 I FIRST   : ======= MODULE DETACH RECOVERY: complete Modern Robotics USB Core Device Interface Module [AI02RHDJ]=======
04-10 19:24:38.180 17540 17629 V RobotCore: event loop: device has shutdown abnormally
04-10 19:24:38.180 17540 17629 V RobotCore: event loop: detaching device owner
04-10 19:24:38.180 17540 17629 I FIRST   : ======= MODULE DETACH RECOVERY: disarm Modern Robotics USB DC Motor Controller [A104OQ1P]=======
04-10 19:24:38.180 17540 17629 D RobotCore: disarming modern motor controller Modern Robotics USB DC Motor Controller [A104OQ1P]...
04-10 19:24:38.180 17540 17629 V RobotCore: waiting for service ReadWriteRunnable for Modern Robotics USB Device
04-10 19:24:38.181 17540 17629 V RobotCore: awaitTermination returned, isTerminated=true
04-10 19:24:38.181 17540 17629 V RobotCore: executive service ReadWriteRunnable for Modern Robotics USB Device is terminated
04-10 19:24:38.181 17540 17629 D RobotCore: ...disarming modern motor controller Modern Robotics USB DC Motor Controller [A104OQ1P] complete
04-10 19:24:38.181 17540 17629 I FIRST   : ======= MODULE DETACH RECOVERY: pretend Modern Robotics USB DC Motor Controller [A104OQ1P]=======
04-10 19:24:38.181 17540 17629 D RobotCore: arming modern motor controller Modern Robotics USB DC Motor Controller [A104OQ1P] (pretend)...
04-10 19:24:38.181 17540 17629 V RobotCore: Starting up pretend device A104OQ1P
04-10 19:24:38.182 17540 17676 V RobotCore: thread: 'r/w loop: Modern Robotics USB DC Motor Controller [A104OQ1P]' starting...
04-10 19:24:38.183 17540 17629 D RobotCore: ...arming modern motor controller Modern Robotics USB DC Motor Controller [A104OQ1P] complete
04-10 19:24:38.183 17540 17629 I FIRST   : ======= MODULE DETACH RECOVERY: complete Modern Robotics USB DC Motor Controller [A104OQ1P]=======
04-10 19:24:38.183 17540 17629 V RobotCore: event loop: device has shutdown abnormally
04-10 19:24:38.183 17540 17629 V RobotCore: event loop: detaching device owner
04-10 19:24:38.183 17540 17629 I FIRST   : ======= MODULE DETACH RECOVERY: disarm Modern Robotics USB DC Motor Controller [AL00VWH0]=======
04-10 19:24:38.183 17540 17629 D RobotCore: disarming modern motor controller Modern Robotics USB DC Motor Controller [AL00VWH0]...
04-10 19:24:38.183 17540 17629 V RobotCore: waiting for service ReadWriteRunnable for Modern Robotics USB Device
04-10 19:24:38.184 17540 17629 V RobotCore: awaitTermination returned, isTerminated=true
04-10 19:24:38.184 17540 17629 V RobotCore: executive service ReadWriteRunnable for Modern Robotics USB Device is terminated
04-10 19:24:38.184 17540 17629 D RobotCore: ...disarming modern motor controller Modern Robotics USB DC Motor Controller [AL00VWH0] complete
04-10 19:24:38.184 17540 17629 I FIRST   : ======= MODULE DETACH RECOVERY: pretend Modern Robotics USB DC Motor Controller [AL00VWH0]=======
04-10 19:24:38.184 17540 17629 D RobotCore: arming modern motor controller Modern Robotics USB DC Motor Controller [AL00VWH0] (pretend)...
04-10 19:24:38.184 17540 17629 V RobotCore: Starting up pretend device AL00VWH0
04-10 19:24:38.185 17540 17677 V RobotCore: thread: 'r/w loop: Modern Robotics USB DC Motor Controller [AL00VWH0]' starting...
04-10 19:24:38.185 17540 17629 D RobotCore: ...arming modern motor controller Modern Robotics USB DC Motor Controller [AL00VWH0] complete
04-10 19:24:38.185 17540 17629 I FIRST   : ======= MODULE DETACH RECOVERY: complete Modern Robotics USB DC Motor Controller [AL00VWH0]=======
04-10 19:24:38.186 17540 17629 V RobotCore: event loop: device has shutdown abnormally
04-10 19:24:38.186 17540 17629 V RobotCore: event loop: detaching device owner
04-10 19:24:38.186 17540 17629 I FIRST   : ======= MODULE DETACH RECOVERY: disarm Modern Robotics USB DC Motor Controller [AI049QOP]=======
04-10 19:24:38.186 17540 17629 D RobotCore: disarming modern motor controller Modern Robotics USB DC Motor Controller [AI049QOP]...
04-10 19:24:38.187 17540 17629 V RobotCore: waiting for service ReadWriteRunnable for Modern Robotics USB Device
04-10 19:24:38.187 17540 17629 V RobotCore: awaitTermination returned, isTerminated=true
04-10 19:24:38.187 17540 17629 V RobotCore: executive service ReadWriteRunnable for Modern Robotics USB Device is terminated
04-10 19:24:38.188 17540 17629 D RobotCore: ...disarming modern motor controller Modern Robotics USB DC Motor Controller [AI049QOP] complete
04-10 19:24:38.188 17540 17629 I FIRST   : ======= MODULE DETACH RECOVERY: pretend Modern Robotics USB DC Motor Controller [AI049QOP]=======
04-10 19:24:38.188 17540 17629 D RobotCore: arming modern motor controller Modern Robotics USB DC Motor Controller [AI049QOP] (pretend)...
04-10 19:24:38.188 17540 17629 V RobotCore: Starting up pretend device AI049QOP
04-10 19:24:38.189 17540 17678 V RobotCore: thread: 'r/w loop: Modern Robotics USB DC Motor Controller [AI049QOP]' starting...
04-10 19:24:38.189 17540 17629 D RobotCore: ...arming modern motor controller Modern Robotics USB DC Motor Controller [AI049QOP] complete
04-10 19:24:38.189 17540 17629 I FIRST   : ======= MODULE DETACH RECOVERY: complete Modern Robotics USB DC Motor Controller [AI049QOP]=======
04-10 19:24:38.189 17540 17629 V RobotCore: event loop: device has shutdown abnormally
04-10 19:24:38.189 17540 17629 V RobotCore: event loop: detaching device owner
04-10 19:24:38.190 17540 17629 I FIRST   : ======= MODULE DETACH RECOVERY: disarm Modern Robotics USB DC Motor Controller [AL00VBIF]=======
04-10 19:24:38.190 17540 17629 D RobotCore: disarming modern motor controller Modern Robotics USB DC Motor Controller [AL00VBIF]...
04-10 19:24:38.190 17540 17629 V RobotCore: waiting for service ReadWriteRunnable for Modern Robotics USB Device
04-10 19:24:38.190 17540 17629 V RobotCore: awaitTermination returned, isTerminated=true
04-10 19:24:38.190 17540 17629 V RobotCore: executive service ReadWriteRunnable for Modern Robotics USB Device is terminated
04-10 19:24:38.190 17540 17629 D RobotCore: ...disarming modern motor controller Modern Robotics USB DC Motor Controller [AL00VBIF] complete
04-10 19:24:38.190 17540 17629 I FIRST   : ======= MODULE DETACH RECOVERY: pretend Modern Robotics USB DC Motor Controller [AL00VBIF]=======
04-10 19:24:38.190 17540 17629 D RobotCore: arming modern motor controller Modern Robotics USB DC Motor Controller [AL00VBIF] (pretend)...
04-10 19:24:38.190 17540 17629 V RobotCore: Starting up pretend device AL00VBIF
04-10 19:24:38.191 17540 17679 V RobotCore: thread: 'r/w loop: Modern Robotics USB DC Motor Controller [AL00VBIF]' starting...
04-10 19:24:38.191 17540 17629 D RobotCore: ...arming modern motor controller Modern Robotics USB DC Motor Controller [AL00VBIF] complete
04-10 19:24:38.192 17540 17629 I FIRST   : ======= MODULE DETACH RECOVERY: complete Modern Robotics USB DC Motor Controller [AL00VBIF]=======
04-10 19:24:39.157 17540 17608 W AudioTrack: AUDIO_OUTPUT_FLAG_FAST denied by client; transfer 4, track 44100 Hz, output 48000 Hz
04-10 19:24:44.548 17540 17540 V RCActivity: onPause()
04-10 19:24:44.557 17540 17540 V RCActivity: onStop()
04-10 19:24:44.557 17540 17540 V RobotCore: executive service robot setup is terminated
04-10 19:24:44.557 17540 17540 V Robocol : EventLoopManager.shutdown()
04-10 19:24:44.557 17540 17540 V RobotCore: waiting for service EventLoop
04-10 19:24:44.557 17540 17629 V RobotCore: EventLoopRunnable interrupted
04-10 19:24:44.557 17540 17629 V RobotCore: EventLoopManager state is STOPPED
04-10 19:24:44.558 17540 17629 V RobotCore: Robot Status: stopped
04-10 19:24:44.558 17540 17629 I FIRST   : ======= TEARDOWN =======
04-10 19:24:44.558 17540 17629 D RobotCore: disarming modern motor controller Modern Robotics USB DC Motor Controller [AL00VWH0]...
04-10 19:24:44.563 17540 17629 V RobotCore: waiting for service ReadWriteRunnable for Modern Robotics USB Device
04-10 19:24:44.563 17540 17677 V RobotCore: thread: ...terminating 'r/w loop: Modern Robotics USB DC Motor Controller [AL00VWH0]'
04-10 19:24:44.563 17540 17629 V RobotCore: awaitTermination returned, isTerminated=true
04-10 19:24:44.563 17540 17629 V RobotCore: executive service ReadWriteRunnable for Modern Robotics USB Device is terminated
04-10 19:24:44.563 17540 17629 D RobotCore: ...disarming modern motor controller Modern Robotics USB DC Motor Controller [AL00VWH0] complete
04-10 19:24:44.563 17540 17629 D RobotCore: disarming modern motor controller Modern Robotics USB DC Motor Controller [AI049QOP]...
04-10 19:24:44.570 17540 17678 V RobotCore: thread: ...terminating 'r/w loop: Modern Robotics USB DC Motor Controller [AI049QOP]'
04-10 19:24:44.570 17540 17629 V RobotCore: waiting for service ReadWriteRunnable for Modern Robotics USB Device
04-10 19:24:44.570 17540 17629 V RobotCore: awaitTermination returned, isTerminated=true
04-10 19:24:44.570 17540 17629 V RobotCore: executive service ReadWriteRunnable for Modern Robotics USB Device is terminated
04-10 19:24:44.570 17540 17629 D RobotCore: ...disarming modern motor controller Modern Robotics USB DC Motor Controller [AI049QOP] complete
04-10 19:24:44.570 17540 17629 D RobotCore: disarming modern motor controller Modern Robotics USB DC Motor Controller [AL00VBIF]...
04-10 19:24:44.571 17540 17629 V RobotCore: waiting for service ReadWriteRunnable for Modern Robotics USB Device
04-10 19:24:44.571 17540 17679 V RobotCore: thread: ...terminating 'r/w loop: Modern Robotics USB DC Motor Controller [AL00VBIF]'
04-10 19:24:44.572 17540 17629 V RobotCore: awaitTermination returned, isTerminated=true
04-10 19:24:44.572 17540 17629 V RobotCore: executive service ReadWriteRunnable for Modern Robotics USB Device is terminated
04-10 19:24:44.572 17540 17629 D RobotCore: ...disarming modern motor controller Modern Robotics USB DC Motor Controller [AL00VBIF] complete
04-10 19:24:44.573 17540 17629 D RobotCore: disarming modern motor controller Modern Robotics USB DC Motor Controller [A104OQ1P]...
04-10 19:24:44.581 17540 17629 V RobotCore: waiting for service ReadWriteRunnable for Modern Robotics USB Device
04-10 19:24:44.581 17540 17676 V RobotCore: thread: ...terminating 'r/w loop: Modern Robotics USB DC Motor Controller [A104OQ1P]'
04-10 19:24:44.581 17540 17629 V RobotCore: awaitTermination returned, isTerminated=true
04-10 19:24:44.581 17540 17629 V RobotCore: executive service ReadWriteRunnable for Modern Robotics USB Device is terminated
04-10 19:24:44.582 17540 17629 D RobotCore: ...disarming modern motor controller Modern Robotics USB DC Motor Controller [A104OQ1P] complete
04-10 19:24:44.582 17540 17629 D RobotCore: disarming modern servo controller "Modern Robotics USB Servo Controller [AL00VST0]"...
04-10 19:24:44.589 17540 17629 V RobotCore: waiting for service ReadWriteRunnable for Modern Robotics USB Device
04-10 19:24:44.589 17540 17674 V RobotCore: thread: ...terminating 'r/w loop: Modern Robotics USB Servo Controller [AL00VST0]'
04-10 19:24:44.590 17540 17629 V RobotCore: awaitTermination returned, isTerminated=true
04-10 19:24:44.590 17540 17629 V RobotCore: executive service ReadWriteRunnable for Modern Robotics USB Device is terminated
04-10 19:24:44.590 17540 17629 D RobotCore: ...disarming modern servo controller Modern Robotics USB Servo Controller [AL00VST0] complete
04-10 19:24:44.596 17540 17675 V RobotCore: thread: ...terminating 'r/w loop: Modern Robotics USB Core Device Interface Module [AI02RHDJ]'
04-10 19:24:44.596 17540 17629 V RobotCore: executive service ReadWriteRunnable for Modern Robotics USB Device is terminated
04-10 19:24:44.597 17540 17629 I FIRST   : ======= TEARDOWN COMPLETE =======
04-10 19:24:44.597 17540 17629 V RobotCore: thread: ...terminating 'opmode loop()'
04-10 19:24:44.597 17540 17540 V RobotCore: awaitTermination returned, isTerminated=true
04-10 19:24:44.597 17540 17540 V RobotCore: executive service EventLoop is terminated
04-10 19:24:44.597 17540 17540 V RobotCore: EventLoopManager state is STOPPED
04-10 19:24:44.613 17540 17597 D RobotCore: system telemetry: key=$System$None$ msg=""
