02-09 22:42:52.219 10628 10678 W System.err: unable to find USB device with serial number AI02RHDJ
02-09 22:42:52.220 10628 10678 V RobotCore: Starting up pretend device AI02RHDJ
02-09 22:42:52.221 10628 10751 V RobotCore: thread: 'r/w loop: Modern Robotics USB Core Device Interface Module [AI02RHDJ]' starting...
02-09 22:42:52.222 10628 10678 V RobotCore: Creating I2C Device - Port: 2
02-09 22:42:52.222 10628 10678 V RobotCore: Creating Modern Robotics I2C Gyro Sensor - Port: 3
02-09 22:42:52.225 10628 10678 V RobotCore: Creating I2C Device - Port: 4
02-09 22:42:52.225 10628 10678 V RobotCore: Creating Modern Robotics Analog Optical Distance Sensor - Port: 7
02-09 22:42:52.226 10628 10678 V RobotCore: Creating Modern Robotics USB DC Motor Controller [A104OQ1P]
02-09 22:42:52.236 10628 10678 D RobotCore: arming modern motor controller Modern Robotics USB DC Motor Controller [A104OQ1P]...
02-09 22:42:52.236 10628 10678 W System.err: unable to find USB device with serial number A104OQ1P
02-09 22:42:52.237 10628 10678 D RobotCore: arming modern motor controller Modern Robotics USB DC Motor Controller [A104OQ1P] (pretend)...
02-09 22:42:52.237 10628 10678 V RobotCore: Starting up pretend device A104OQ1P
02-09 22:42:52.238 10628 10752 V RobotCore: thread: 'r/w loop: Modern Robotics USB DC Motor Controller [A104OQ1P]' starting...
02-09 22:42:52.239 10628 10678 D RobotCore: ...arming modern motor controller Modern Robotics USB DC Motor Controller [A104OQ1P] complete
02-09 22:42:52.239 10628 10678 V RobotCore: Creating Modern Robotics USB DC Motor Controller [AL00VWH0]
02-09 22:42:52.240 10628 10678 D RobotCore: arming modern motor controller Modern Robotics USB DC Motor Controller [AL00VWH0]...
02-09 22:42:52.241 10628 10678 W System.err: unable to find USB device with serial number AL00VWH0
02-09 22:42:52.241 10628 10678 D RobotCore: arming modern motor controller Modern Robotics USB DC Motor Controller [AL00VWH0] (pretend)...
02-09 22:42:52.241 10628 10678 V RobotCore: Starting up pretend device AL00VWH0
02-09 22:42:52.243 10628 10753 V RobotCore: thread: 'r/w loop: Modern Robotics USB DC Motor Controller [AL00VWH0]' starting...
02-09 22:42:52.243 10628 10678 D RobotCore: ...arming modern motor controller Modern Robotics USB DC Motor Controller [AL00VWH0] complete
02-09 22:42:52.244 10628 10678 V RobotCore: Creating Modern Robotics USB DC Motor Controller [AI049QOP]
02-09 22:42:52.244 10628 10678 D RobotCore: arming modern motor controller Modern Robotics USB DC Motor Controller [AI049QOP]...
02-09 22:42:52.245 10628 10678 W System.err: unable to find USB device with serial number AI049QOP
02-09 22:42:52.245 10628 10678 D RobotCore: arming modern motor controller Modern Robotics USB DC Motor Controller [AI049QOP] (pretend)...
02-09 22:42:52.245 10628 10678 V RobotCore: Starting up pretend device AI049QOP
02-09 22:42:52.246 10628 10754 V RobotCore: thread: 'r/w loop: Modern Robotics USB DC Motor Controller [AI049QOP]' starting...
02-09 22:42:52.246 10628 10678 D RobotCore: ...arming modern motor controller Modern Robotics USB DC Motor Controller [AI049QOP] complete
02-09 22:42:52.247 10628 10678 V RobotCore: Creating Modern Robotics USB DC Motor Controller [AL00VBIF]
02-09 22:42:52.247 10628 10678 D RobotCore: arming modern motor controller Modern Robotics USB DC Motor Controller [AL00VBIF]...
02-09 22:42:52.248 10628 10678 W System.err: unable to find USB device with serial number AL00VBIF
02-09 22:42:52.248 10628 10678 D RobotCore: arming modern motor controller Modern Robotics USB DC Motor Controller [AL00VBIF] (pretend)...
02-09 22:42:52.248 10628 10678 V RobotCore: Starting up pretend device AL00VBIF
02-09 22:42:52.249 10628 10755 V RobotCore: thread: 'r/w loop: Modern Robotics USB DC Motor Controller [AL00VBIF]' starting...
02-09 22:42:52.250 10628 10678 D RobotCore: ...arming modern motor controller Modern Robotics USB DC Motor Controller [AL00VBIF] complete
02-09 22:42:52.284 10628 10678 I RobotCore: Analytics has completed initialization.
02-09 22:42:52.284 10628 10678 I RobotCore: ========= Device Information ===================================================
02-09 22:42:52.284 10628 10678 I RobotCore: Type                                               Name                           Connection
02-09 22:42:52.285 10628 10678 I RobotCore: I2cDevice                                          colorBack                      USB AI02RHDJ; port 4
02-09 22:42:52.286 10628 10678 I RobotCore: Modern Robotics USB DC Motor Controller            Shooter                        USB AI049QOP
02-09 22:42:52.286 10628 10678 I RobotCore: DC Motor                                           rightFront                     USB AL00VWH0; port 1
02-09 22:42:52.286 10628 10678 I RobotCore: Modern Robotics USB DC Motor Controller            Front Motors                   USB AL00VWH0
02-09 22:42:52.286 10628 10678 I RobotCore: Modern Robotics USB DC Motor Controller            Back Motors                    USB A104OQ1P
02-09 22:42:52.286 10628 10678 I RobotCore: DC Motor                                           leftBack                       USB A104OQ1P; port 2
02-09 22:42:52.286 10628 10678 I RobotCore: Servo                                              upDown                         USB AL00VST0; port 1
02-09 22:42:52.286 10628 10678 I RobotCore: DC Motor                                           shooter2                       USB AI049QOP; port 2
02-09 22:42:52.287 10628 10678 I RobotCore: DC Motor                                           shooter1                       USB AI049QOP; port 1
02-09 22:42:52.287 10628 10678 I RobotCore: DC Motor                                           leftFront                      USB AL00VWH0; port 2
02-09 22:42:52.287 10628 10678 I RobotCore: DC Motor                                           rightBack                      USB A104OQ1P; port 1
02-09 22:42:52.287 10628 10678 I RobotCore: Servo                                              ballFeeder                     USB AL00VST0; port 2
02-09 22:42:52.287 10628 10678 I RobotCore: Modern Robotics USB DC Motor Controller            Intake                         USB AL00VBIF
02-09 22:42:52.287 10628 10678 I RobotCore: Modern Robotics USB Core Device Interface Module   Sensors                        USB AI02RHDJ
02-09 22:42:52.287 10628 10678 I RobotCore: I2cDevice                                          colorFront                     USB AI02RHDJ; port 2
02-09 22:42:52.287 10628 10678 I RobotCore: Modern Robotics USB Servo Controller               Servos                         USB AL00VST0
02-09 22:42:52.287 10628 10678 I RobotCore: DC Motor                                           intake                         USB AL00VBIF; port 1
02-09 22:42:52.288 10628 10678 I RobotCore: Modern Robotics Gyro                               gyro                           USB AI02RHDJ; I2C port: 3
02-09 22:42:52.288 10628 10678 I RobotCore: Modern Robotics Analog Optical Distance Sensor     ods                            USB AI02RHDJ; analog port 7
02-09 22:42:52.288 10628 10678 I FIRST   : ======= INIT FINISH =======
02-09 22:42:52.288 10628 10678 V RobotCore: EventLoopManager state is RUNNING
02-09 22:42:52.303 10628 10678 V RobotCore: Robot Status: running, starting robot
02-09 22:42:52.303 10628 10678 V RobotCore: Robot Status: running
02-09 22:42:52.303 10628 10678 V RobotCore: thread: ...terminating 'RobotSetupRunnable.run()'
02-09 22:42:52.308 10628 10761 V RobotCore: thread: 'opmode loop()' starting...
02-09 22:42:52.313 10628 10761 D RobotCore: system telemetry: key=$System$Warning$ msg="unable to open Modern Robotics USB DC Motor Controller [A104OQ1P]; unable to open Modern Robotics USB Core Device Interface Module [AI02RHDJ]; unable to open Modern Robotics USB Servo Controller [AL00VST0]; unable to open Modern Robotics USB DC Motor Controller [AL00VWH0]; unable to open Modern Robotics USB DC Motor Controller [AL00VBIF]; unable to open Modern Robotics USB DC Motor Controller [AI049QOP]"
02-09 22:42:52.316 10628 10759 D MediaPlayer: setSubtitleAnchor in MediaPlayer
02-09 22:42:52.329 10628 10628 W MediaPlayer: mediaplayer went away with unhandled events
02-09 22:42:52.359 10628 10757 D ExtendedUtils: extended extractor not needed, return default
02-09 22:42:52.360 10628 10757 I MediaCodec: (0xb74b25a8) init name(audio/raw) isType(1) encoder(0)
02-09 22:42:52.361 10628 10765 I OMXClient: Using client-side OMX mux.
02-09 22:42:52.365 10628 10765 E OMXMaster: A component of name 'OMX.qcom.audio.decoder.aac' already exists, ignoring this one.
02-09 22:42:52.366 10628 10765 I MediaCodec: (0xb74b25a8) Component Allocated (OMX.google.raw.decoder)
02-09 22:42:52.366 10628 10757 I MediaCodec: (0xb74b25a8) configure surface(0x0) crypto(0x0) flags(0)
02-09 22:42:52.367 10628 10757 D MediaCodec: (0xb74b25a8) configure format: AMessage(what = 0x00000000) = {
02-09 22:42:52.367 10628 10757 D MediaCodec:    string mime = "audio/raw"
02-09 22:42:52.367 10628 10757 D MediaCodec:    int64_t durationUs = 1019125
02-09 22:42:52.367 10628 10757 D MediaCodec:    int32_t channel-count = 1
02-09 22:42:52.367 10628 10757 D MediaCodec:    int32_t sample-rate = 8000
02-09 22:42:52.367 10628 10757 D MediaCodec:    int32_t channel-mask = 0
02-09 22:42:52.367 10628 10757 D MediaCodec:  }
02-09 22:42:52.368 10628 10757 I MediaCodec: (0xb74b25a8) start
02-09 22:42:52.368 10628 10765 I MediaCodec: (0xb74b25a8) input buffers allocated
02-09 22:42:52.368 10628 10765 I MediaCodec: (0xb74b25a8) numBuffers (4)
02-09 22:42:52.368 10628 10765 I MediaCodec: (0xb74b25a8) output buffers allocated
02-09 22:42:52.368 10628 10765 I MediaCodec: (0xb74b25a8) numBuffers (4)
02-09 22:42:52.370 10628 10765 I MediaCodec: (0xb74b25a8) codec output format changed
02-09 22:42:52.370 10628 10765 D MediaCodec: (0xb74b25a8) output format: AMessage(what = 'codc', target = 2) = {
02-09 22:42:52.370 10628 10765 D MediaCodec:    string mime = "audio/raw"
02-09 22:42:52.370 10628 10765 D MediaCodec:    int32_t channel-count = 1
02-09 22:42:52.370 10628 10765 D MediaCodec:    int32_t sample-rate = 8000
02-09 22:42:52.370 10628 10765 D MediaCodec:    int32_t channel-mask = 0
02-09 22:42:52.370 10628 10765 D MediaCodec:    int32_t what = 1869968451
02-09 22:42:52.370 10628 10765 D MediaCodec:  }
02-09 22:42:52.371 10628 10757 I MediaCodec: (0xb74b25a8) stop
02-09 22:42:52.372 10628 10757 I MediaCodec: (0xb74b25a8) release
02-09 22:42:52.376 10628 10759 W AudioTrack: AUDIO_OUTPUT_FLAG_FAST denied by client; transfer 4, track 8000 Hz, output 48000 Hz
02-09 22:42:52.404 10628 10759 D MediaPlayer: setSubtitleAnchor in MediaPlayer
02-09 22:42:52.405 10628 10628 D MediaPlayer: setSubtitleAnchor in MediaPlayer
02-09 22:42:52.422 10628 10757 D ExtendedUtils: extended extractor not needed, return default
02-09 22:42:52.423 10628 10757 I MediaCodec: (0xb75084f0) init name(audio/raw) isType(1) encoder(0)
02-09 22:42:52.425 10628 10772 I OMXClient: Using client-side OMX mux.
02-09 22:42:52.427 10628 10772 E OMXMaster: A component of name 'OMX.qcom.audio.decoder.aac' already exists, ignoring this one.
02-09 22:42:52.429 10628 10772 I MediaCodec: (0xb75084f0) Component Allocated (OMX.google.raw.decoder)
02-09 22:42:52.429 10628 10757 I MediaCodec: (0xb75084f0) configure surface(0x0) crypto(0x0) flags(0)
02-09 22:42:52.429 10628 10757 D MediaCodec: (0xb75084f0) configure format: AMessage(what = 0x00000000) = {
02-09 22:42:52.429 10628 10757 D MediaCodec:    string mime = "audio/raw"
02-09 22:42:52.429 10628 10757 D MediaCodec:    int64_t durationUs = 1043650
02-09 22:42:52.429 10628 10757 D MediaCodec:    int32_t channel-count = 2
02-09 22:42:52.429 10628 10757 D MediaCodec:    int32_t sample-rate = 44100
02-09 22:42:52.429 10628 10757 D MediaCodec:    int32_t channel-mask = 0
02-09 22:42:52.429 10628 10757 D MediaCodec:  }
02-09 22:42:52.430 10628 10757 I MediaCodec: (0xb75084f0) start
02-09 22:42:52.431 10628 10772 I MediaCodec: (0xb75084f0) input buffers allocated
02-09 22:42:52.431 10628 10772 I MediaCodec: (0xb75084f0) numBuffers (4)
02-09 22:42:52.431 10628 10772 I MediaCodec: (0xb75084f0) output buffers allocated
02-09 22:42:52.431 10628 10772 I MediaCodec: (0xb75084f0) numBuffers (4)
02-09 22:42:52.432 10628 10772 I MediaCodec: (0xb75084f0) codec output format changed
02-09 22:42:52.433 10628 10772 D MediaCodec: (0xb75084f0) output format: AMessage(what = 'codc', target = 6) = {
02-09 22:42:52.433 10628 10772 D MediaCodec:    string mime = "audio/raw"
02-09 22:42:52.433 10628 10772 D MediaCodec:    int32_t channel-count = 2
02-09 22:42:52.433 10628 10772 D MediaCodec:    int32_t sample-rate = 44100
02-09 22:42:52.433 10628 10772 D MediaCodec:    int32_t channel-mask = 0
02-09 22:42:52.433 10628 10772 D MediaCodec:    int32_t what = 1869968451
02-09 22:42:52.433 10628 10772 D MediaCodec:  }
02-09 22:42:52.437 10628 10757 I MediaCodec: (0xb75084f0) stop
02-09 22:42:52.438 10628 10757 I MediaCodec: (0xb75084f0) release
02-09 22:42:52.494 10628 10748 D Robocol : no packet received: SocketTimeoutException
02-09 22:42:52.762 10628 10748 V PeerDiscovery: new remote peer discovered: 192.168.49.134
02-09 22:42:52.762 10628 10748 D Robocol : RobocolDatagramSocket connected to /192.168.49.134:20884
02-09 22:42:52.763 10628 10748 V NetworkConnectionHandler: starting sending loop
02-09 22:42:52.763 10628 10748 V Robocol : SendOnceRunnable created
02-09 22:42:52.765 10628 10748 V RobotCore: Network: active, connected
02-09 22:42:52.804 10628 10776 V Robocol : sending CMD_REQUEST_USER_SENSOR_LIST_RESP(10), attempt: 0
02-09 22:42:52.817 10628 10761 I RobotCore: Attempting to switch to op mode $Stop$Robot$
02-09 22:42:52.833 10628 10748 V Robocol : received command: CMD_REQUEST_OP_MODE_LIST(10001) 
02-09 22:42:52.844 10628 10776 V Robocol : sending CMD_INIT_OP_MODE_RESP(14), attempt: 0
02-09 22:42:52.844 10628 10776 V Robocol : sending CMD_REQUEST_OP_MODE_LIST_RESP(19), attempt: 0
02-09 22:42:52.849 10628 10748 V Robocol : received command: CMD_REQUEST_ACTIVE_CONFIGURATION(10002) 
02-09 22:42:52.854 10628 10748 V Robocol : received command: CMD_REQUEST_USER_SENSOR_LIST_RESP(10) [{"description":"a MR compass sensor","flavor":"I2C","name":"MR Compass Sensor","xmlTag":"ModernRoboticsI2cCompassSensor"},{"description":"an Adafruit IMU","flavor":"I2C","name":"Adafruit IMU","xmlTag":"AdafruitBNO055IMU"},{"description":"a MR range sensor","flavor":"I2C","name":"MR Range Sensor","xmlTag":"ModernRoboticsI2cRangeSensor"}]
02-09 22:42:52.871 10628 10748 V Robocol : received command: CMD_INIT_OP_MODE_RESP(14) $Stop$Robot$
02-09 22:42:52.871 10628 10748 V Robocol : received command: CMD_REQUEST_OP_MODE_LIST_RESP(19) [{"flavor":"AUTONOMOUS","group":"Test","name":"Shooter"},{"flavor":"AUTONOMOUS","group":"Competition","name":"BluteAlternate"},{"flavor":"AUTONOMOUS","group":"Competition","name":"BlueAuto"},{"flavor":"TELEOP","group":"Competition","name":"FinalTeleOp"},{"flavor":"AUTONOMOUS","group":"Competition","name":"RedAlternate"},{"flavor":"AUTONOMOUS","group":"Competition","name":"RedAuto"}]
02-09 22:42:52.872 10628 10748 V Robocol : received command: CMD_INIT_OP_MODE(10011) $Stop$Robot$
02-09 22:42:52.884 10628 10776 V Robocol : sending CMD_REQUEST_USER_SENSOR_LIST_RESP(20), attempt: 0
02-09 22:42:52.884 10628 10776 V Robocol : sending CMD_REQUEST_ACTIVE_CONFIGURATION_RESP(25), attempt: 0
02-09 22:42:52.911 10628 10748 V Robocol : received command: CMD_REQUEST_USER_SENSOR_LIST_RESP(20) [{"description":"a MR compass sensor","flavor":"I2C","name":"MR Compass Sensor","xmlTag":"ModernRoboticsI2cCompassSensor"},{"description":"an Adafruit IMU","flavor":"I2C","name":"Adafruit IMU","xmlTag":"AdafruitBNO055IMU"},{"description":"a MR range sensor","flavor":"I2C","name":"MR Range Sensor","xmlTag":"ModernRoboticsI2cRangeSensor"}]
02-09 22:42:52.912 10628 10748 V Robocol : received command: CMD_REQUEST_ACTIVE_CONFIGURATION_RESP(25) {"isDirty":false,"location":"LOCAL_STORAGE","name":"FINAL_CONFIG_2017","resourceId":0}
02-09 22:42:53.326 10628 10761 I RobotCore: Attempting to switch to op mode $Stop$Robot$
02-09 22:42:53.364 10628 10776 V Robocol : sending CMD_INIT_OP_MODE_RESP(40), attempt: 0
02-09 22:42:53.391 10628 10748 V Robocol : received command: CMD_INIT_OP_MODE_RESP(40) $Stop$Robot$
02-09 22:42:53.396 10628 10759 W AudioTrack: AUDIO_OUTPUT_FLAG_FAST denied by client; transfer 4, track 44100 Hz, output 48000 Hz
02-09 22:42:53.421 10628 10759 D MediaPlayer: setSubtitleAnchor in MediaPlayer
02-09 22:42:53.421 10628 10628 D MediaPlayer: setSubtitleAnchor in MediaPlayer
02-09 22:42:53.438 10628 10757 D ExtendedUtils: extended extractor not needed, return default
02-09 22:42:53.438 10628 10757 I MediaCodec: (0xb74ea140) init name(audio/raw) isType(1) encoder(0)
02-09 22:42:53.440 10628 10782 I OMXClient: Using client-side OMX mux.
02-09 22:42:53.445 10628 10782 E OMXMaster: A component of name 'OMX.qcom.audio.decoder.aac' already exists, ignoring this one.
02-09 22:42:53.447 10628 10782 I MediaCodec: (0xb74ea140) Component Allocated (OMX.google.raw.decoder)
02-09 22:42:53.447 10628 10757 I MediaCodec: (0xb74ea140) configure surface(0x0) crypto(0x0) flags(0)
02-09 22:42:53.447 10628 10757 D MediaCodec: (0xb74ea140) configure format: AMessage(what = 0x00000000) = {
02-09 22:42:53.447 10628 10757 D MediaCodec:    string mime = "audio/raw"
02-09 22:42:53.447 10628 10757 D MediaCodec:    int64_t durationUs = 485011
02-09 22:42:53.447 10628 10757 D MediaCodec:    int32_t channel-count = 2
02-09 22:42:53.447 10628 10757 D MediaCodec:    int32_t sample-rate = 44100
02-09 22:42:53.447 10628 10757 D MediaCodec:    int32_t channel-mask = 0
02-09 22:42:53.447 10628 10757 D MediaCodec:  }
02-09 22:42:53.449 10628 10757 I MediaCodec: (0xb74ea140) start
02-09 22:42:53.449 10628 10782 I MediaCodec: (0xb74ea140) input buffers allocated
02-09 22:42:53.449 10628 10782 I MediaCodec: (0xb74ea140) numBuffers (4)
02-09 22:42:53.449 10628 10782 I MediaCodec: (0xb74ea140) output buffers allocated
02-09 22:42:53.449 10628 10782 I MediaCodec: (0xb74ea140) numBuffers (4)
02-09 22:42:53.451 10628 10782 I MediaCodec: (0xb74ea140) codec output format changed
02-09 22:42:53.451 10628 10782 D MediaCodec: (0xb74ea140) output format: AMessage(what = 'codc', target = 10) = {
02-09 22:42:53.451 10628 10782 D MediaCodec:    string mime = "audio/raw"
02-09 22:42:53.451 10628 10782 D MediaCodec:    int32_t channel-count = 2
02-09 22:42:53.451 10628 10782 D MediaCodec:    int32_t sample-rate = 44100
02-09 22:42:53.451 10628 10782 D MediaCodec:    int32_t channel-mask = 0
02-09 22:42:53.451 10628 10782 D MediaCodec:    int32_t what = 1869968451
02-09 22:42:53.451 10628 10782 D MediaCodec:  }
02-09 22:42:53.454 10628 10757 I MediaCodec: (0xb74ea140) stop
02-09 22:42:53.456 10628 10757 I MediaCodec: (0xb74ea140) release
02-09 22:42:53.584 10628 10761 I RobotCore: robot battery read duration: n=0, mean=0.000ms sd=-0.000ms
02-09 22:42:54.440 10628 10759 W AudioTrack: AUDIO_OUTPUT_FLAG_FAST denied by client; transfer 4, track 44100 Hz, output 48000 Hz
02-09 22:42:56.033 10628 10628 V RCActivity: onPause()
02-09 22:42:57.138 10628 10634 I art     : Debugger is no longer active
02-09 22:42:57.189 10628 10628 V RCActivity: onResume()
02-09 22:43:11.117 10628 10628 V RCActivity: onPause()
02-09 22:43:11.124 10628 10628 V RCActivity: onStop()
02-09 22:43:11.125 10628 10628 V RobotCore: executive service robot setup is terminated
02-09 22:43:11.125 10628 10628 V Robocol : EventLoopManager.shutdown()
02-09 22:43:11.125 10628 10628 V RobotCore: waiting for service EventLoop
02-09 22:43:11.125 10628 10761 V RobotCore: EventLoopRunnable interrupted
02-09 22:43:11.125 10628 10761 V RobotCore: EventLoopManager state is STOPPED
02-09 22:43:11.125 10628 10761 V RobotCore: Robot Status: stopped
02-09 22:43:11.125 10628 10761 I FIRST   : ======= TEARDOWN =======
02-09 22:43:11.125 10628 10761 D RobotCore: disarming modern motor controller Modern Robotics USB DC Motor Controller [AL00VBIF]...
02-09 22:43:11.131 10628 10755 V RobotCore: thread: ...terminating 'r/w loop: Modern Robotics USB DC Motor Controller [AL00VBIF]'
02-09 22:43:11.131 10628 10761 V RobotCore: waiting for service ReadWriteRunnable for Modern Robotics USB Device
02-09 22:43:11.131 10628 10761 V RobotCore: awaitTermination returned, isTerminated=true
02-09 22:43:11.131 10628 10761 V RobotCore: executive service ReadWriteRunnable for Modern Robotics USB Device is terminated
02-09 22:43:11.131 10628 10761 D RobotCore: ...disarming modern motor controller Modern Robotics USB DC Motor Controller [AL00VBIF] complete
02-09 22:43:11.131 10628 10761 D RobotCore: disarming modern motor controller Modern Robotics USB DC Motor Controller [A104OQ1P]...
02-09 22:43:11.133 10628 10752 V RobotCore: thread: ...terminating 'r/w loop: Modern Robotics USB DC Motor Controller [A104OQ1P]'
02-09 22:43:11.133 10628 10761 V RobotCore: executive service ReadWriteRunnable for Modern Robotics USB Device is terminated
02-09 22:43:11.133 10628 10761 D RobotCore: ...disarming modern motor controller Modern Robotics USB DC Motor Controller [A104OQ1P] complete
02-09 22:43:11.134 10628 10761 D RobotCore: disarming modern motor controller Modern Robotics USB DC Motor Controller [AL00VWH0]...
02-09 22:43:11.136 10628 10761 V RobotCore: waiting for service ReadWriteRunnable for Modern Robotics USB Device
02-09 22:43:11.137 10628 10753 V RobotCore: thread: ...terminating 'r/w loop: Modern Robotics USB DC Motor Controller [AL00VWH0]'
02-09 22:43:11.137 10628 10761 V RobotCore: awaitTermination returned, isTerminated=true
02-09 22:43:11.137 10628 10761 V RobotCore: executive service ReadWriteRunnable for Modern Robotics USB Device is terminated
02-09 22:43:11.137 10628 10761 D RobotCore: ...disarming modern motor controller Modern Robotics USB DC Motor Controller [AL00VWH0] complete
02-09 22:43:11.137 10628 10761 D RobotCore: disarming modern motor controller Modern Robotics USB DC Motor Controller [AI049QOP]...
02-09 22:43:11.145 10628 10754 V RobotCore: thread: ...terminating 'r/w loop: Modern Robotics USB DC Motor Controller [AI049QOP]'
02-09 22:43:11.145 10628 10761 V RobotCore: executive service ReadWriteRunnable for Modern Robotics USB Device is terminated
02-09 22:43:11.145 10628 10761 D RobotCore: ...disarming modern motor controller Modern Robotics USB DC Motor Controller [AI049QOP] complete
02-09 22:43:11.146 10628 10761 D RobotCore: disarming modern servo controller "Modern Robotics USB Servo Controller [AL00VST0]"...
02-09 22:43:11.147 10628 10761 V RobotCore: waiting for service ReadWriteRunnable for Modern Robotics USB Device
02-09 22:43:11.147 10628 10750 V RobotCore: thread: ...terminating 'r/w loop: Modern Robotics USB Servo Controller [AL00VST0]'
02-09 22:43:11.148 10628 10761 V RobotCore: awaitTermination returned, isTerminated=true
02-09 22:43:11.148 10628 10761 V RobotCore: executive service ReadWriteRunnable for Modern Robotics USB Device is terminated
02-09 22:43:11.148 10628 10761 D RobotCore: ...disarming modern servo controller Modern Robotics USB Servo Controller [AL00VST0] complete
02-09 22:43:11.154 10628 10761 V RobotCore: waiting for service ReadWriteRunnable for Modern Robotics USB Device
02-09 22:43:11.154 10628 10751 V RobotCore: thread: ...terminating 'r/w loop: Modern Robotics USB Core Device Interface Module [AI02RHDJ]'
02-09 22:43:11.154 10628 10761 V RobotCore: awaitTermination returned, isTerminated=true
02-09 22:43:11.154 10628 10761 V RobotCore: executive service ReadWriteRunnable for Modern Robotics USB Device is terminated
02-09 22:43:11.155 10628 10761 I FIRST   : ======= TEARDOWN COMPLETE =======
02-09 22:43:11.155 10628 10761 V RobotCore: thread: ...terminating 'opmode loop()'
02-09 22:43:11.155 10628 10628 V RobotCore: awaitTermination returned, isTerminated=true
02-09 22:43:11.155 10628 10628 V RobotCore: executive service EventLoop is terminated
02-09 22:43:11.155 10628 10628 V RobotCore: EventLoopManager state is STOPPED
02-09 22:43:11.227 10628 10748 D RobotCore: system telemetry: key=$System$None$ msg=""
02-09 22:43:30.437 11243 11243 I art     : Late-enabling -Xcheck:jni
02-09 22:43:30.499 11243 11243 I InstantRun: Instant Run Runtime started. Android package is com.qualcomm.ftcrobotcontroller, real application class is org.firstinspires.ftc.robotcore.internal.RobotApplication.
02-09 22:43:30.858 11243 11243 V RCActivity: onCreate()
02-09 22:43:30.861 11243 11257 V RobotCore: saving logcat to /storage/emulated/0/com.qualcomm.ftcrobotcontroller.logcat
02-09 22:43:30.861 11243 11257 V RobotCore: logging command line: logcat -f /storage/emulated/0/com.qualcomm.ftcrobotcontroller.logcat -r4096 -n4 -v threadtime UsbRequestJNI:S UsbRequest:S *:V
02-09 22:43:30.902 11243 11243 I WebViewFactory: Loading com.google.android.webview version 46.0.2490.76 (code 249007600)
02-09 22:43:30.903 11259 11259 W ps      : type=1400 audit(0.0:140637): avc: denied { getattr } for uid=10109 path="/proc/1" dev="proc" ino=1814676 scontext=u:r:untrusted_app:s0:c512,c768 tcontext=u:r:init:s0 tclass=dir permissive=0
02-09 22:43:30.903 11259 11259 W ps      : type=1400 audit(0.0:140638): avc: denied { search } for uid=10109 name="1" dev="proc" ino=1814676 scontext=u:r:untrusted_app:s0:c512,c768 tcontext=u:r:init:s0 tclass=dir permissive=0
02-09 22:43:30.903 11259 11259 W ps      : type=1400 audit(0.0:140639): avc: denied { search } for uid=10109 name="1" dev="proc" ino=1814676 scontext=u:r:untrusted_app:s0:c512,c768 tcontext=u:r:init:s0 tclass=dir permissive=0
02-09 22:43:30.903 11259 11259 W ps      : type=1400 audit(0.0:140640): avc: denied { getattr } for uid=10109 path="/proc/2" dev="proc" ino=1813026 scontext=u:r:untrusted_app:s0:c512,c768 tcontext=u:r:kernel:s0 tclass=dir permissive=0
02-09 22:43:30.903 11259 11259 W ps      : type=1400 audit(0.0:140641): avc: denied { search } for uid=10109 name="2" dev="proc" ino=1813026 scontext=u:r:untrusted_app:s0:c512,c768 tcontext=u:r:kernel:s0 tclass=dir permissive=0
02-09 22:43:30.903 11259 11259 W ps      : type=1400 audit(0.0:140642): avc: denied { search } for uid=10109 name="2" dev="proc" ino=1813026 scontext=u:r:untrusted_app:s0:c512,c768 tcontext=u:r:kernel:s0 tclass=dir permissive=0
02-09 22:43:30.903 11259 11259 W ps      : type=1400 audit(0.0:140643): avc: denied { getattr } for uid=10109 path="/proc/3" dev="proc" ino=1813027 scontext=u:r:untrusted_app:s0:c512,c768 tcontext=u:r:kernel:s0 tclass=dir permissive=0
02-09 22:43:30.903 11259 11259 W ps      : type=1400 audit(0.0:140644): avc: denied { search } for uid=10109 name="3" dev="proc" ino=1813027 scontext=u:r:untrusted_app:s0:c512,c768 tcontext=u:r:kernel:s0 tclass=dir permissive=0
02-09 22:43:30.903 11259 11259 W ps      : type=1400 audit(0.0:140645): avc: denied { search } for uid=10109 name="3" dev="proc" ino=1813027 scontext=u:r:untrusted_app:s0:c512,c768 tcontext=u:r:kernel:s0 tclass=dir permissive=0
02-09 22:43:30.903 11259 11259 W ps      : type=1400 audit(0.0:140646): avc: denied { getattr } for uid=10109 path="/proc/5" dev="proc" ino=1813028 scontext=u:r:untrusted_app:s0:c512,c768 tcontext=u:r:kernel:s0 tclass=dir permissive=0
02-09 22:43:30.903 11259 11259 W ps      : type=1400 audit(0.0:140647): avc: denied { search } for uid=10109 name="5" dev="proc" ino=1813028 scontext=u:r:untrusted_app:s0:c512,c768 tcontext=u:r:kernel:s0 tclass=dir permissive=0
02-09 22:43:30.903 11259 11259 W ps      : type=1400 audit(0.0:140648): avc: denied { search } for uid=10109 name="5" dev="proc" ino=1813028 scontext=u:r:untrusted_app:s0:c512,c768 tcontext=u:r:kernel:s0 tclass=dir permissive=0
02-09 22:43:30.903 11259 11259 W ps      : type=1400 audit(0.0:140649): avc: denied { getattr } for uid=10109 path="/proc/6" dev="proc" ino=1813029 scontext=u:r:untrusted_app:s0:c512,c768 tcontext=u:r:kernel:s0 tclass=dir permissive=0
02-09 22:43:30.903 11259 11259 W ps      : type=1400 audit(0.0:140650): avc: denied { search } for uid=10109 name="6" dev="proc" ino=1813029 scontext=u:r:untrusted_app:s0:c512,c768 tcontext=u:r:kernel:s0 tclass=dir permissive=0
02-09 22:43:30.903 11259 11259 W ps      : type=1400 audit(0.0:140651): avc: denied { search } for uid=10109 name="6" dev="proc" ino=1813029 scontext=u:r:untrusted_app:s0:c512,c768 tcontext=u:r:kernel:s0 tclass=dir permissive=0
02-09 22:43:30.903 11259 11259 W ps      : type=1400 audit(0.0:140652): avc: denied { getattr } for uid=10109 path="/proc/7" dev="proc" ino=1813030 scontext=u:r:untrusted_app:s0:c512,c768 tcontext=u:r:kernel:s0 tclass=dir permissive=0
02-09 22:43:30.903 11259 11259 W ps      : type=1400 audit(0.0:140653): avc: denied { search } for uid=10109 name="7" dev="proc" ino=1813030 scontext=u:r:untrusted_app:s0:c512,c768 tcontext=u:r:kernel:s0 tclass=dir permissive=0
02-09 22:43:30.903 11259 11259 W ps      : type=1400 audit(0.0:140654): avc: denied { search } for uid=10109 name="7" dev="proc" ino=1813030 scontext=u:r:untrusted_app:s0:c512,c768 tcontext=u:r:kernel:s0 tclass=dir permissive=0
02-09 22:43:30.903 11259 11259 W ps      : type=1400 audit(0.0:140655): avc: denied { getattr } for uid=10109 path="/proc/8" dev="proc" ino=1813031 scontext=u:r:untrusted_app:s0:c512,c768 tcontext=u:r:kernel:s0 tclass=dir permissive=0
02-09 22:43:30.903 11259 11259 W ps      : type=1400 audit(0.0:140656): avc: denied { search } for uid=10109 name="8" dev="proc" ino=1813031 scontext=u:r:untrusted_app:s0:c512,c768 tcontext=u:r:kernel:s0 tclass=dir permissive=0
02-09 22:43:30.931 11243 11243 W System  : ClassLoader referenced unknown path: /system/app/WebViewGoogle/lib/arm
02-09 22:43:30.945 11243 11243 I cr.library_loader: Time to load native libraries: 9 ms (timestamps 2482-2491)
02-09 22:43:30.946 11243 11243 I cr.library_loader: Expected native library version number "46.0.2490.76", actual native library version number "46.0.2490.76"
02-09 22:43:30.958 11243 11243 V WebViewChromiumFactoryProvider: Binding Chromium to main looper Looper (main, tid 1) {7de77ba}
02-09 22:43:30.958 11243 11243 I cr.library_loader: Expected native library version number "46.0.2490.76", actual native library version number "46.0.2490.76"
02-09 22:43:30.960 11243 11243 I chromium: [INFO:library_loader_hooks.cc(118)] Chromium logging enabled: level = 0, default verbosity = 0
02-09 22:43:30.966 11243 11243 I cr.BrowserStartup: Initializing chromium process, singleProcess=true
02-09 22:43:30.971 11243 11243 E SysUtils: ApplicationContext is null in ApplicationStatus
02-09 22:43:30.982 11243 11265 W chromium: [WARNING:dns_config_service_posix.cc(298)] Failed to read DnsConfig.
02-09 22:43:30.992 11243 11243 I Adreno-EGL: <qeglDrvAPI_eglInitialize:379>: EGL 1.4 QUALCOMM build:  (Ifd751822f5)
02-09 22:43:30.992 11243 11243 I Adreno-EGL: OpenGL ES Shader Compiler Version: XE031.06.00.05
02-09 22:43:30.992 11243 11243 I Adreno-EGL: Build Date: 01/26/16 Tue
02-09 22:43:30.992 11243 11243 I Adreno-EGL: Local Branch: AU12_SBA
02-09 22:43:30.992 11243 11243 I Adreno-EGL: Remote Branch: 
02-09 22:43:30.992 11243 11243 I Adreno-EGL: Local Patches: 
02-09 22:43:30.992 11243 11243 I Adreno-EGL: Reconstruct Branch: 
02-09 22:43:31.021 11243 11243 E chromium: [ERROR:browser_gpu_channel_host_factory.cc(258)] Failed to init browser shader disk cache.
02-09 22:43:31.038 11243 11243 E libEGL  : validate_display:255 error 3008 (EGL_BAD_DISPLAY)
02-09 22:43:31.071 11243 11243 W art     : Attempt to remove non-JNI local reference, dumping thread
02-09 22:43:31.079 11243 11243 W AwContents: onDetachedFromWindow called when already detached. Ignoring
02-09 22:43:32.640 11243 11243 V RobotCore: Network: inactive, disconnected
02-09 22:43:32.649 11243 11243 V RCActivity: onStart()
02-09 22:43:32.652 11243 11243 V RCActivity: onResume()
02-09 22:43:32.656 11243 11287 D OpenGLRenderer: Use EGL_SWAP_BEHAVIOR_PRESERVED: true
02-09 22:43:32.680 11243 11243 V RCActivity: onPause()
02-09 22:43:32.681 11243 11243 V RCActivity: onResume()
02-09 22:43:32.681 11243 11243 V RCActivity: onPause()
02-09 22:43:32.682 11243 11243 V RCActivity: onResume()
02-09 22:43:32.683 11243 11243 V RCActivity: onPause()
02-09 22:43:32.683 11243 11243 V RCActivity: onResume()
02-09 22:43:32.685 11243 11243 V RCActivity: onPause()
02-09 22:43:32.685 11243 11243 V RCActivity: onResume()
02-09 22:43:32.685 11243 11243 V RCActivity: onPause()
02-09 22:43:32.685 11243 11243 V RCActivity: onResume()
02-09 22:43:32.689 11243 11243 V FTCService: onCreate()
02-09 22:43:32.689 11243 11243 V FTCService: onBind()
02-09 22:43:32.689 11243 11243 V FTCService: Android device is motorola, MotoG3
02-09 22:43:32.690 11243 11243 V RobotCore: Starting network of type: WIFIDIRECT
02-09 22:43:32.693 11243 11243 V WifiDirect: There are 1 Wifi Direct Assistant Clients (+)
02-09 22:43:32.693 11243 11243 V WifiDirect: Enabling Wifi Direct Assistant
02-09 22:43:32.724 11243 11287 I OpenGLRenderer: Initialized EGL, version 1.4
02-09 22:43:32.740 11243 11243 D WifiDirect: broadcast: state - enabled: true
02-09 22:43:32.743 11243 11243 D WifiDirect: broadcast: connection changed: connectStatus=NOT_CONNECTED networkInfo.state=CONNECTED
02-09 22:43:32.744 11243 11243 V WifiDirect: NetworkInfo: [type: WIFI_P2P[], state: CONNECTED/CONNECTED, reason: (unspecified), extra: (none), roaming: false, failover: false, isAvailable: true]
02-09 22:43:32.744 11243 11243 V WifiDirect: WifiP2pInfo: groupFormed: true isGroupOwner: true operatingChannel: 2412 groupOwnerAddress: /192.168.49.1 mccMode: false
02-09 22:43:32.744 11243 11243 V WifiDirect: WifiP2pGroup: network: DIRECT-u3-9899-E-RC, isGO: true, Operating Channel: 2412, GO: Device: , deviceAddress: 24:da:9b:6a:a2:ba, primary type: null, secondary type: null, wps: 0, grpcapab: 0, devcapab: 0, status: 4, wfdInfo: WFD enabled: falseWFD DeviceInfo: 0, WFD CtrlPort: 0, WFD MaxThroughput: 0, level: 0, Client: Device: 9899-E-DS, deviceAddress: a4:70:d6:d3:3d:55, primary type: 10-0050F204-5, secondary type: null, wps: 392, grpcapab: 0, devcapab: 37, status: 0, wfdInfo: null, level: 60, interface: p2p0, networkId: 1, mGoOperFreq: 2412
02-09 22:43:32.744 11243 11243 D WifiDirect: broadcast: this device changed
02-09 22:43:32.745 11243 11243 V WifiDirect: device information: 9899-E-RC 24:da:9b:6a:a2:ba
02-09 22:43:32.745 11243 11243 V FTCService: RCActivity.controllerService=bound
02-09 22:43:32.745 11243 11243 V RobotCore: Network: unknown, disconnected
02-09 22:43:32.746 11243 11243 V RobotCore: Robot Status: stopped
02-09 22:43:32.763 11243 11243 D OpmodeRegistration: registered {DefaultOpMode} as {$Stop$Robot$}
02-09 22:43:32.763 11243 11243 V FTCService: Processing robot setup
02-09 22:43:32.765 11243 11243 V D2xx::  : Start constructor
02-09 22:43:32.767 11243 11292 V RobotCore: thread: 'RobotSetupRunnable.run()' starting...
02-09 22:43:32.767 11243 11292 V RobotCore: Robot Status: stopped, scanning for USB devices
02-09 22:43:32.769 11243 11243 V D2xx::  : End constructor
02-09 22:43:32.770 11243 11243 V D2xx::  : Vendor: 0403, Product: 6001
02-09 22:43:32.770 11243 11243 V D2xx::  : Vendor: 0403, Product: 6001
02-09 22:43:32.770 11243 11243 I FIRST   : ignoring: unable get serial number of attached UsbDevice vendor=0x0403, product=0x6001 device=0x03ec name=/dev/bus/usb/001/004
02-09 22:43:32.771 11243 11243 V D2xx::  : Vendor: 0403, Product: 6001
02-09 22:43:32.771 11243 11243 V D2xx::  : Vendor: 0403, Product: 6001
02-09 22:43:32.771 11243 11243 I FIRST   : ignoring: unable get serial number of attached UsbDevice vendor=0x0403, product=0x6001 device=0x03ed name=/dev/bus/usb/001/005
02-09 22:43:32.771 11243 11243 V D2xx::  : Vendor: 0403, Product: 6001
02-09 22:43:32.771 11243 11243 V D2xx::  : Vendor: 0403, Product: 6001
02-09 22:43:32.771 11243 11243 I FIRST   : ignoring: unable get serial number of attached UsbDevice vendor=0x0403, product=0x6001 device=0x03ee name=/dev/bus/usb/001/006
02-09 22:43:32.771 11243 11243 V D2xx::  : Vendor: 0403, Product: 6001
02-09 22:43:32.771 11243 11243 V D2xx::  : Vendor: 0403, Product: 6001
02-09 22:43:32.771 11243 11243 I FIRST   : ignoring: unable get serial number of attached UsbDevice vendor=0x0403, product=0x6001 device=0x03ef name=/dev/bus/usb/001/007
02-09 22:43:32.771 11243 11243 V D2xx::  : Vendor: 0403, Product: 6001
02-09 22:43:32.771 11243 11243 V D2xx::  : Vendor: 0403, Product: 6001
02-09 22:43:32.771 11243 11243 I FIRST   : ignoring: unable get serial number of attached UsbDevice vendor=0x0403, product=0x6001 device=0x03f0 name=/dev/bus/usb/001/008
02-09 22:43:32.771 11243 11243 D WifiDirect: cannot create group, does group already exist?
02-09 22:43:32.804 11243 11243 D WifiDirect: group owners address: /192.168.49.1
02-09 22:43:32.804 11243 11243 D WifiDirect: group formed, this device is the group owner (GO)
02-09 22:43:32.804 11243 11243 I FTCService: Wifi Direct - connected as group owner
02-09 22:43:32.804 11243 11243 D WifiDirect: stop discovering peers
02-09 22:43:32.811 11243 11243 V RobotCore: Network: enabled, disconnected
02-09 22:43:32.836 11243 11243 V WifiDirect: connection information available
02-09 22:43:32.836 11243 11243 V WifiDirect: connection information - groupOwnerName = 9899-E-RC
02-09 22:43:32.836 11243 11243 V WifiDirect: connection information - groupOwnerMacAddress = 24:da:9b:6a:a2:ba
02-09 22:43:32.836 11243 11243 V WifiDirect: connection information - groupInterface = p2p0
02-09 22:43:32.836 11243 11243 V WifiDirect: connection information - groupNetworkName = DIRECT-u3-9899-E-RC
02-09 22:43:32.836 11243 11243 I FTCService: Network Connection Passphrase: ZY55bu2t
02-09 22:43:32.837 11243 11243 V RobotCore: Network: active, disconnected
02-09 22:43:37.769 11243 11243 I RobotCore: Battery Checker, Level Remaining: 33.0
02-09 22:43:37.769 11243 11292 V RobotCore: EventLoopManager state is NOT_STARTED
02-09 22:43:37.769 11243 11292 V RobotCore: Robot Status: stopped, waiting on network
02-09 22:43:37.770 11243 11292 V RobotCore: Robot Status: stopped, starting robot
02-09 22:43:37.770 11243 11292 V Robocol : EventLoopManager.start()
02-09 22:43:37.770 11243 11292 V RobotCore: Starting network of type: WIFIDIRECT
02-09 22:43:37.771 11243 11292 V Robocol : Spoofing a Network Connection event...
02-09 22:43:37.772 11243 11243 I RobotCore: Battery Checker, Level Remaining: 33.0
02-09 22:43:37.772 11243 11292 V RobotCore: executive service EventLoop is terminated
02-09 22:43:37.772 11243 11292 V RobotCore: EventLoopManager state is STOPPED
02-09 22:43:37.773 11243 11292 V Robocol : eventLoop=FtcEventLoop
02-09 22:43:37.773 11243 11292 V RobotCore: EventLoopManager state is INIT
02-09 22:43:37.775 11243 11292 V RobotCore: Robot Status: initializing, starting robot
02-09 22:43:37.775 11243 11292 I FIRST   : ======= INIT START =======
02-09 22:43:37.775 11243 11295 V RobotCore: thread: 'SetupRunnable.run()' starting...
02-09 22:43:37.781 11243 11292 D OpmodeRegistration: registered {Shooter} as {Shooter}
02-09 22:43:37.782 11243 11292 D OpmodeRegistration: registered {BlueAlternate} as {BluteAlternate}
02-09 22:43:37.783 11243 11292 D OpmodeRegistration: registered {BlueAuto} as {BlueAuto}
02-09 22:43:37.783 11243 11292 D OpmodeRegistration: registered {FinalTeleOp} as {FinalTeleOp}
02-09 22:43:37.784 11243 11292 D OpmodeRegistration: registered {RedAlternate} as {RedAlternate}
02-09 22:43:37.785 11243 11292 D OpmodeRegistration: registered {RedAuto} as {RedAuto}
02-09 22:43:37.801 11243 11292 V RobotCore: Creating Modern Robotics USB Servo Controller [AL00VST0]
02-09 22:43:37.813 11243 11295 D Robocol : RobocolDatagramSocket listening addr=/192.168.49.1:20884 cbRec=65520 cbSend=163840 msRecTO=300
02-09 22:43:37.813 11243 11292 D RobotCore: arming modern servo controller Modern Robotics USB Servo Controller [AL00VST0]...
02-09 22:43:37.814 11243 11295 V Robocol : RecvLoopRunnable created
02-09 22:43:37.816 11243 11295 V PeerDiscovery: Starting peer discovery
02-09 22:43:37.817 11243 11297 V RobotCore: thread: 'RecvLoopRunnable.run()' starting...
02-09 22:43:37.817 11243 11295 V RobotCore: Setup complete
02-09 22:43:37.817 11243 11295 V RobotCore: thread: ...terminating 'SetupRunnable.run()'
02-09 22:43:37.818 11243 11292 V D2xx::  : Vendor: 0403, Product: 6001
02-09 22:43:37.828 11243 11292 D UsbDeviceConnectionJNI: close
02-09 22:43:37.828 11243 11292 V D2xx::  : Vendor: 0403, Product: 6001
02-09 22:43:37.837 11243 11292 D UsbDeviceConnectionJNI: close
02-09 22:43:37.837 11243 11292 V D2xx::  : Vendor: 0403, Product: 6001
02-09 22:43:37.846 11243 11292 D UsbDeviceConnectionJNI: close
02-09 22:43:37.846 11243 11292 V D2xx::  : Vendor: 0403, Product: 6001
02-09 22:43:37.855 11243 11292 D UsbDeviceConnectionJNI: close
02-09 22:43:37.855 11243 11292 V D2xx::  : Vendor: 0403, Product: 6001
02-09 22:43:37.864 11243 11292 D UsbDeviceConnectionJNI: close
02-09 22:43:37.864 11243 11292 V D2xx::  : Vendor: 0403, Product: 6001
02-09 22:43:37.874 11243 11292 D UsbDeviceConnectionJNI: close
02-09 22:43:37.875 11243 11292 D FTDI_Device::: open SUCCESS
02-09 22:43:37.875 11243 11292 I FTDI_Device::: EP: 0x81
02-09 22:43:37.875 11243 11292 I FTDI_Device::: EP: 0x02
02-09 22:43:37.875 11243 11292 D D2XX::  : **********************Device Opened**********************
02-09 22:43:38.116 11243 11297 D Robocol : no packet received: SocketTimeoutException
02-09 22:43:38.310 11243 11292 V RobotCore: Starting up device AL00VST0
02-09 22:43:38.317 11243 11301 V RobotCore: thread: 'r/w loop: Modern Robotics USB Servo Controller [AL00VST0]' starting...
02-09 22:43:38.318 11243 11292 D RobotCore: ...arming modern servo controller Modern Robotics USB Servo Controller [AL00VST0] complete
02-09 22:43:38.318 11243 11292 V RobotCore: Creating Modern Robotics USB Core Device Interface Module [AI02RHDJ]
02-09 22:43:38.327 11243 11292 V D2xx::  : Vendor: 0403, Product: 6001
02-09 22:43:38.328 11243 11292 V D2xx::  : Vendor: 0403, Product: 6001
02-09 22:43:38.330 11243 11292 V D2xx::  : Vendor: 0403, Product: 6001
02-09 22:43:38.331 11243 11292 V D2xx::  : Vendor: 0403, Product: 6001
02-09 22:43:38.332 11243 11292 V D2xx::  : Vendor: 0403, Product: 6001
02-09 22:43:38.333 11243 11292 V D2xx::  : Vendor: 0403, Product: 6001
02-09 22:43:38.335 11243 11292 D FTDI_Device::: open SUCCESS
02-09 22:43:38.335 11243 11292 I FTDI_Device::: EP: 0x81
02-09 22:43:38.335 11243 11292 I FTDI_Device::: EP: 0x02
02-09 22:43:38.335 11243 11292 D D2XX::  : **********************Device Opened**********************
02-09 22:43:38.750 11243 11292 V RobotCore: Starting up device AI02RHDJ
02-09 22:43:38.753 11243 11304 V RobotCore: thread: 'r/w loop: Modern Robotics USB Core Device Interface Module [AI02RHDJ]' starting...
02-09 22:43:38.754 11243 11292 V RobotCore: Creating I2C Device - Port: 2
02-09 22:43:38.754 11243 11292 V RobotCore: Creating Modern Robotics I2C Gyro Sensor - Port: 3
02-09 22:43:38.771 11243 11297 D RobotCore: system telemetry: key=$System$None$ msg=""
02-09 22:43:38.772 11243 11292 V RobotCore: Creating I2C Device - Port: 4
02-09 22:43:38.772 11243 11292 V RobotCore: Creating Modern Robotics Analog Optical Distance Sensor - Port: 7
02-09 22:43:38.775 11243 11292 V RobotCore: Creating Modern Robotics USB DC Motor Controller [A104OQ1P]
02-09 22:43:38.776 11243 11297 V PeerDiscovery: new remote peer discovered: 192.168.49.134
02-09 22:43:38.776 11243 11297 D Robocol : RobocolDatagramSocket connected to /192.168.49.134:20884
02-09 22:43:38.778 11243 11297 V NetworkConnectionHandler: starting sending loop
02-09 22:43:38.778 11243 11297 V Robocol : SendOnceRunnable created
02-09 22:43:38.782 11243 11292 D RobotCore: arming modern motor controller Modern Robotics USB DC Motor Controller [A104OQ1P]...
02-09 22:43:38.784 11243 11292 V D2xx::  : Vendor: 0403, Product: 6001
02-09 22:43:38.786 11243 11292 V D2xx::  : Vendor: 0403, Product: 6001
02-09 22:43:38.787 11243 11292 V D2xx::  : Vendor: 0403, Product: 6001
02-09 22:43:38.788 11243 11292 V D2xx::  : Vendor: 0403, Product: 6001
02-09 22:43:38.789 11243 11292 V D2xx::  : Vendor: 0403, Product: 6001
02-09 22:43:38.791 11243 11292 V D2xx::  : Vendor: 0403, Product: 6001
02-09 22:43:38.793 11243 11292 D FTDI_Device::: open SUCCESS
02-09 22:43:38.794 11243 11292 I FTDI_Device::: EP: 0x81
02-09 22:43:38.794 11243 11292 I FTDI_Device::: EP: 0x02
02-09 22:43:38.794 11243 11292 D D2XX::  : **********************Device Opened**********************
02-09 22:43:38.809 11243 11297 V RobotCore: Network: active, connected
02-09 22:43:38.837 11243 11297 V Robocol : received command: CMD_REQUEST_OP_MODE_LIST(10001) 
02-09 22:43:38.847 11243 11311 D MediaPlayer: setSubtitleAnchor in MediaPlayer
02-09 22:43:38.847 11243 11243 D MediaPlayer: setSubtitleAnchor in MediaPlayer
02-09 22:43:38.856 11243 11297 V Robocol : received command: CMD_REQUEST_ACTIVE_CONFIGURATION(10002) 
02-09 22:43:38.859 11243 11305 V Robocol : sending CMD_REQUEST_USER_SENSOR_LIST_RESP(10), attempt: 0
02-09 22:43:38.859 11243 11305 V Robocol : sending CMD_REQUEST_OP_MODE_LIST_RESP(14), attempt: 0
02-09 22:43:38.859 11243 11305 V Robocol : sending CMD_REQUEST_USER_SENSOR_LIST_RESP(15), attempt: 0
02-09 22:43:38.872 11243 11297 V Robocol : received command: CMD_REQUEST_USER_SENSOR_LIST_RESP(10) [{"description":"a MR compass sensor","flavor":"I2C","name":"MR Compass Sensor","xmlTag":"ModernRoboticsI2cCompassSensor"},{"description":"an Adafruit IMU","flavor":"I2C","name":"Adafruit IMU","xmlTag":"AdafruitBNO055IMU"},{"description":"a MR range sensor","flavor":"I2C","name":"MR Range Sensor","xmlTag":"ModernRoboticsI2cRangeSensor"}]
02-09 22:43:38.898 11243 11305 V Robocol : sending CMD_REQUEST_ACTIVE_CONFIGURATION_RESP(18), attempt: 0
02-09 22:43:38.900 11243 11309 D ExtendedUtils: extended extractor not needed, return default
02-09 22:43:38.901 11243 11309 I MediaCodec: (0xb74a93a8) init name(audio/raw) isType(1) encoder(0)
02-09 22:43:38.903 11243 11315 I OMXClient: Using client-side OMX mux.
02-09 22:43:38.907 11243 11315 E OMXMaster: A component of name 'OMX.qcom.audio.decoder.aac' already exists, ignoring this one.
02-09 22:43:38.911 11243 11297 V Robocol : received command: CMD_REQUEST_OP_MODE_LIST_RESP(14) [{"flavor":"AUTONOMOUS","group":"Test","name":"Shooter"},{"flavor":"AUTONOMOUS","group":"Competition","name":"BluteAlternate"},{"flavor":"AUTONOMOUS","group":"Competition","name":"BlueAuto"},{"flavor":"TELEOP","group":"Competition","name":"FinalTeleOp"},{"flavor":"AUTONOMOUS","group":"Competition","name":"RedAlternate"},{"flavor":"AUTONOMOUS","group":"Competition","name":"RedAuto"}]
02-09 22:43:38.911 11243 11315 I MediaCodec: (0xb74a93a8) Component Allocated (OMX.google.raw.decoder)
02-09 22:43:38.911 11243 11309 I MediaCodec: (0xb74a93a8) configure surface(0x0) crypto(0x0) flags(0)
02-09 22:43:38.911 11243 11309 D MediaCodec: (0xb74a93a8) configure format: AMessage(what = 0x00000000) = {
02-09 22:43:38.911 11243 11309 D MediaCodec:    string mime = "audio/raw"
02-09 22:43:38.911 11243 11309 D MediaCodec:    int64_t durationUs = 485011
02-09 22:43:38.911 11243 11309 D MediaCodec:    int32_t channel-count = 2
02-09 22:43:38.911 11243 11309 D MediaCodec:    int32_t sample-rate = 44100
02-09 22:43:38.911 11243 11309 D MediaCodec:    int32_t channel-mask = 0
02-09 22:43:38.911 11243 11309 D MediaCodec:  }
02-09 22:43:38.912 11243 11297 V Robocol : received command: CMD_REQUEST_USER_SENSOR_LIST_RESP(15) [{"description":"a MR compass sensor","flavor":"I2C","name":"MR Compass Sensor","xmlTag":"ModernRoboticsI2cCompassSensor"},{"description":"an Adafruit IMU","flavor":"I2C","name":"Adafruit IMU","xmlTag":"AdafruitBNO055IMU"},{"description":"a MR range sensor","flavor":"I2C","name":"MR Range Sensor","xmlTag":"ModernRoboticsI2cRangeSensor"}]
02-09 22:43:38.913 11243 11309 I MediaCodec: (0xb74a93a8) start
02-09 22:43:38.913 11243 11315 I MediaCodec: (0xb74a93a8) input buffers allocated
02-09 22:43:38.913 11243 11315 I MediaCodec: (0xb74a93a8) numBuffers (4)
02-09 22:43:38.913 11243 11315 I MediaCodec: (0xb74a93a8) output buffers allocated
02-09 22:43:38.913 11243 11315 I MediaCodec: (0xb74a93a8) numBuffers (4)
02-09 22:43:38.917 11243 11315 I MediaCodec: (0xb74a93a8) codec output format changed
02-09 22:43:38.917 11243 11315 D MediaCodec: (0xb74a93a8) output format: AMessage(what = 'codc', target = 2) = {
02-09 22:43:38.917 11243 11315 D MediaCodec:    string mime = "audio/raw"
02-09 22:43:38.917 11243 11315 D MediaCodec:    int32_t channel-count = 2
02-09 22:43:38.917 11243 11315 D MediaCodec:    int32_t sample-rate = 44100
02-09 22:43:38.917 11243 11315 D MediaCodec:    int32_t channel-mask = 0
02-09 22:43:38.917 11243 11315 D MediaCodec:    int32_t what = 1869968451
02-09 22:43:38.917 11243 11315 D MediaCodec:  }
02-09 22:43:38.921 11243 11309 I MediaCodec: (0xb74a93a8) stop
02-09 22:43:38.922 11243 11309 I MediaCodec: (0xb74a93a8) release
02-09 22:43:38.929 11243 11311 W AudioTrack: AUDIO_OUTPUT_FLAG_FAST denied by client; transfer 4, track 44100 Hz, output 48000 Hz
02-09 22:43:38.992 11243 11297 V Robocol : received command: CMD_INIT_OP_MODE(10011) $Stop$Robot$
02-09 22:43:38.994 11243 11297 V Robocol : received command: CMD_REQUEST_ACTIVE_CONFIGURATION_RESP(18) {"isDirty":false,"location":"LOCAL_STORAGE","name":"FINAL_CONFIG_2017","resourceId":0}
02-09 22:43:39.212 11243 11292 V RobotCore: Starting up device A104OQ1P
02-09 22:43:39.214 11243 11319 V RobotCore: thread: 'r/w loop: Modern Robotics USB DC Motor Controller [A104OQ1P]' starting...
02-09 22:43:39.215 11243 11292 D RobotCore: ...arming modern motor controller Modern Robotics USB DC Motor Controller [A104OQ1P] complete
02-09 22:43:39.253 11243 11292 V RobotCore: Creating Modern Robotics USB DC Motor Controller [AL00VWH0]
02-09 22:43:39.253 11243 11292 D RobotCore: arming modern motor controller Modern Robotics USB DC Motor Controller [AL00VWH0]...
02-09 22:43:39.255 11243 11292 V D2xx::  : Vendor: 0403, Product: 6001
02-09 22:43:39.256 11243 11292 V D2xx::  : Vendor: 0403, Product: 6001
02-09 22:43:39.257 11243 11292 V D2xx::  : Vendor: 0403, Product: 6001
