--------- beginning of crash
01-05 23:02:03.801  7323  7323 E AndroidRuntime: FATAL EXCEPTION: main
01-05 23:02:03.801  7323  7323 E AndroidRuntime: Process: com.qualcomm.ftcrobotcontroller, PID: 7323
01-05 23:02:03.801  7323  7323 E AndroidRuntime: java.lang.RuntimeException: Unable to stop activity {com.qualcomm.ftcrobotcontroller/org.firstinspires.ftc.robotcontroller.internal.FtcRobotControllerActivity}: java.lang.NullPointerException: Attempt to invoke virtual method 'void com.qualcomm.ftccommon.FtcRobotControllerService.shutdownRobot()' on a null object reference
01-05 23:02:03.801  7323  7323 E AndroidRuntime: 	at android.app.ActivityThread.handleSleeping(ActivityThread.java:3645)
01-05 23:02:03.801  7323  7323 E AndroidRuntime: 	at android.app.ActivityThread.-wrap19(ActivityThread.java)
01-05 23:02:03.801  7323  7323 E AndroidRuntime: 	at android.app.ActivityThread$H.handleMessage(ActivityThread.java:1529)
01-05 23:02:03.801  7323  7323 E AndroidRuntime: 	at android.os.Handler.dispatchMessage(Handler.java:102)
01-05 23:02:03.801  7323  7323 E AndroidRuntime: 	at android.os.Looper.loop(Looper.java:148)
01-05 23:02:03.801  7323  7323 E AndroidRuntime: 	at android.app.ActivityThread.main(ActivityThread.java:5456)
01-05 23:02:03.801  7323  7323 E AndroidRuntime: 	at java.lang.reflect.Method.invoke(Native Method)
01-05 23:02:03.801  7323  7323 E AndroidRuntime: 	at com.android.internal.os.ZygoteInit$MethodAndArgsCaller.run(ZygoteInit.java:728)
01-05 23:02:03.801  7323  7323 E AndroidRuntime: 	at com.android.internal.os.ZygoteInit.main(ZygoteInit.java:618)
01-05 23:02:03.801  7323  7323 E AndroidRuntime: Caused by: java.lang.NullPointerException: Attempt to invoke virtual method 'void com.qualcomm.ftccommon.FtcRobotControllerService.shutdownRobot()' on a null object reference
01-05 23:02:03.801  7323  7323 E AndroidRuntime: 	at org.firstinspires.ftc.robotcontroller.internal.FtcRobotControllerActivity.onStop(FtcRobotControllerActivity.java:319)
01-05 23:02:03.801  7323  7323 E AndroidRuntime: 	at android.app.Instrumentation.callActivityOnStop(Instrumentation.java:1301)
01-05 23:02:03.801  7323  7323 E AndroidRuntime: 	at android.app.Activity.performStop(Activity.java:6403)
01-05 23:02:03.801  7323  7323 E AndroidRuntime: 	at android.app.ActivityThread.handleSleeping(ActivityThread.java:3642)
01-05 23:02:03.801  7323  7323 E AndroidRuntime: 	... 8 more
--------- beginning of main
01-05 23:06:47.130  8762  8877 I chatty  : uid=10109(com.qualcomm.ftcrobotcontroller) expire 8 lines
01-05 23:06:47.131  8762  8870 I chatty  : uid=10109(com.qualcomm.ftcrobotcontroller) expire 8 lines
01-05 23:06:47.131  8762  8876 I chatty  : uid=10109(com.qualcomm.ftcrobotcontroller) expire 5 lines
01-05 23:06:47.131  8762  8869 I chatty  : uid=10109(com.qualcomm.ftcrobotcontroller) expire 5 lines
01-05 23:06:47.131  8762  8885 I chatty  : uid=10109(com.qualcomm.ftcrobotcontroller) expire 76 lines
01-05 23:06:47.139  8762  8883 I chatty  : uid=10109(com.qualcomm.ftcrobotcontroller) expire 8 lines
01-05 23:06:47.140  8762  8882 I chatty  : uid=10109(com.qualcomm.ftcrobotcontroller) expire 5 lines
01-05 23:06:47.143  8762  8896 I chatty  : uid=10109(com.qualcomm.ftcrobotcontroller) expire 2 lines
01-05 23:06:47.149  8762  8898 I chatty  : uid=10109(com.qualcomm.ftcrobotcontroller) expire 2 lines
01-05 23:06:47.152  8762  8873 I chatty  : uid=10109(com.qualcomm.ftcrobotcontroller) expire 8 lines
01-05 23:06:47.153  8762  8880 I chatty  : uid=10109(com.qualcomm.ftcrobotcontroller) expire 8 lines
01-05 23:06:47.153  8762  8879 I chatty  : uid=10109(com.qualcomm.ftcrobotcontroller) expire 5 lines
01-05 23:06:47.154  8762  8872 I chatty  : uid=10109(com.qualcomm.ftcrobotcontroller) expire 5 lines
01-05 23:06:47.156  8762  8900 I chatty  : uid=10109(com.qualcomm.ftcrobotcontroller) expire 2 lines
01-05 23:06:47.163  8762  8901 I chatty  : uid=10109(com.qualcomm.ftcrobotcontroller) expire 2 lines
01-05 23:06:47.165  8762  8902 I chatty  : uid=10109(com.qualcomm.ftcrobotcontroller) expire 2 lines
01-05 23:06:47.169  8762  8903 I chatty  : uid=10109(com.qualcomm.ftcrobotcontroller) expire 2 lines
01-05 23:06:47.192  8762  8824 I chatty  : uid=10109(com.qualcomm.ftcrobotcontroller) expire 7 lines
01-05 23:06:47.198  8762  8905 I chatty  : uid=10109(com.qualcomm.ftcrobotcontroller) expire 9 lines
01-05 23:07:03.420  8762  8885 I chatty  : uid=10109(com.qualcomm.ftcrobotcontroller) expire 28 lines
01-05 23:07:03.465  8762  8762 I chatty  : uid=10109(com.qualcomm.ftcrobotcontroller) expire 3 lines
01-05 23:24:23.096  9508  9508 I chatty  : uid=10109(com.qualcomm.ftcrobotcontroller) expire 4 lines
01-05 23:24:23.566  9508  9523 I chatty  : uid=10109(com.qualcomm.ftcrobotcontroller) expire 2 lines
01-05 23:24:23.598  9525  9525 I chatty  : uid=10109(com.qualcomm.ftcrobotcontroller) ps expire 20 lines
01-05 23:24:23.628  9508  9508 I chatty  : uid=10109(com.qualcomm.ftcrobotcontroller) expire 17 lines
01-05 23:24:25.337  9508  9568 I chatty  : uid=10109(com.qualcomm.ftcrobotcontroller) expire 1 line
01-05 23:24:25.368  9508  9508 I chatty  : uid=10109(com.qualcomm.ftcrobotcontroller) expire 6 lines
01-05 23:24:25.404  9508  9568 I chatty  : uid=10109(com.qualcomm.ftcrobotcontroller) expire 1 line
01-05 23:24:25.420  9508  9508 I chatty  : uid=10109(com.qualcomm.ftcrobotcontroller) expire 10 lines
01-05 23:24:25.442  9508  9508 D OpmodeRegistration: registered {DefaultOpMode} as {$Stop$Robot$}
01-05 23:24:25.442  9508  9508 V FTCService: Processing robot setup
01-05 23:24:25.445  9508  9572 V RobotCore: thread: 'RobotSetupRunnable.run()' starting...
01-05 23:24:25.446  9508  9572 V RobotCore: Robot Status: stopped, scanning for USB devices
01-05 23:24:25.478  9508  9508 D WifiDirect: group owners address: /192.168.49.1
01-05 23:24:25.478  9508  9508 D WifiDirect: group formed, this device is the group owner (GO)
01-05 23:24:25.478  9508  9508 I FTCService: Wifi Direct - connected as group owner
01-05 23:24:25.478  9508  9508 D WifiDirect: stop discovering peers
01-05 23:24:25.486  9508  9508 V RobotCore: Network: enabled, disconnected
01-05 23:24:25.514  9508  9508 V WifiDirect: connection information available
01-05 23:24:25.515  9508  9508 V WifiDirect: connection information - groupOwnerName = 9899-E-RC
01-05 23:24:25.515  9508  9508 V WifiDirect: connection information - groupOwnerMacAddress = 24:da:9b:6a:a2:ba
01-05 23:24:25.515  9508  9508 V WifiDirect: connection information - groupInterface = p2p0
01-05 23:24:25.515  9508  9508 V WifiDirect: connection information - groupNetworkName = DIRECT-u3-9899-E-RC
01-05 23:24:25.515  9508  9508 I FTCService: Network Connection Passphrase: ZY55bu2t
01-05 23:24:25.516  9508  9508 V RobotCore: Network: active, disconnected
01-05 23:24:27.813  9508  9508 V RCActivity: onPause()
01-05 23:24:27.821  9508  9508 V RCActivity: onStop()
01-05 23:24:27.821  9508  9508 V RobotCore: waiting for service robot setup
01-05 23:24:27.822  9508  9572 V RobotCore: Robot Status: stopped, internal error
01-05 23:24:27.822  9508  9572 V RobotCore: thread: ...terminating 'RobotSetupRunnable.run()'
01-05 23:24:27.822  9508  9508 V RobotCore: awaitTermination returned, isTerminated=true
01-05 23:24:27.822  9508  9508 V RobotCore: executive service robot setup is terminated
01-05 23:24:27.823  9508  9508 V RobotCore: Robot Status: stopped
01-05 23:24:50.630  9813  9813 I art     : Late-enabling -Xcheck:jni
01-05 23:24:50.662  9813  9818 E art     : Failed sending reply to debugger: Broken pipe
01-05 23:24:50.662  9813  9818 I art     : Debugger is no longer active
01-05 23:24:50.713  9813  9813 I InstantRun: Instant Run Runtime started. Android package is com.qualcomm.ftcrobotcontroller, real application class is org.firstinspires.ftc.robotcore.internal.RobotApplication.
01-05 23:24:51.359  9853  9853 I dex2oat : /system/bin/dex2oat --dex-file=/data/data/com.qualcomm.ftcrobotcontroller/files/instant-run/dex/slice-slice_2-classes.dex --oat-file=/data/user/0/com.qualcomm.ftcrobotcontroller/cache/slice-slice_2-classes.dex
01-05 23:24:51.742  9853  9853 I dex2oat : dex2oat took 383.525ms (threads: 4) arena alloc=154KB java alloc=107KB native alloc=2MB free=97KB
01-05 23:24:51.992  9813  9813 V RCActivity: onCreate()
01-05 23:24:51.996  9813  9859 V RobotCore: saving logcat to /storage/emulated/0/com.qualcomm.ftcrobotcontroller.logcat
01-05 23:24:51.996  9813  9859 V RobotCore: logging command line: logcat -f /storage/emulated/0/com.qualcomm.ftcrobotcontroller.logcat -r4096 -n4 -v threadtime UsbRequestJNI:S UsbRequest:S *:V
01-05 23:24:52.023  9813  9813 I WebViewFactory: Loading com.google.android.webview version 46.0.2490.76 (code 249007600)
01-05 23:24:52.028  9861  9861 W ps      : type=1400 audit(0.0:73341): avc: denied { getattr } for uid=10109 path="/proc/1" dev="proc" ino=1515507 scontext=u:r:untrusted_app:s0:c512,c768 tcontext=u:r:init:s0 tclass=dir permissive=0
01-05 23:24:52.028  9861  9861 W ps      : type=1400 audit(0.0:73342): avc: denied { search } for uid=10109 name="1" dev="proc" ino=1515507 scontext=u:r:untrusted_app:s0:c512,c768 tcontext=u:r:init:s0 tclass=dir permissive=0
01-05 23:24:52.028  9861  9861 W ps      : type=1400 audit(0.0:73343): avc: denied { search } for uid=10109 name="1" dev="proc" ino=1515507 scontext=u:r:untrusted_app:s0:c512,c768 tcontext=u:r:init:s0 tclass=dir permissive=0
01-05 23:24:52.028  9861  9861 W ps      : type=1400 audit(0.0:73344): avc: denied { getattr } for uid=10109 path="/proc/2" dev="proc" ino=1515508 scontext=u:r:untrusted_app:s0:c512,c768 tcontext=u:r:kernel:s0 tclass=dir permissive=0
01-05 23:24:52.028  9861  9861 W ps      : type=1400 audit(0.0:73345): avc: denied { search } for uid=10109 name="2" dev="proc" ino=1515508 scontext=u:r:untrusted_app:s0:c512,c768 tcontext=u:r:kernel:s0 tclass=dir permissive=0
01-05 23:24:52.028  9861  9861 W ps      : type=1400 audit(0.0:73346): avc: denied { search } for uid=10109 name="2" dev="proc" ino=1515508 scontext=u:r:untrusted_app:s0:c512,c768 tcontext=u:r:kernel:s0 tclass=dir permissive=0
01-05 23:24:52.028  9861  9861 W ps      : type=1400 audit(0.0:73347): avc: denied { getattr } for uid=10109 path="/proc/3" dev="proc" ino=1515509 scontext=u:r:untrusted_app:s0:c512,c768 tcontext=u:r:kernel:s0 tclass=dir permissive=0
01-05 23:24:52.028  9861  9861 W ps      : type=1400 audit(0.0:73348): avc: denied { search } for uid=10109 name="3" dev="proc" ino=1515509 scontext=u:r:untrusted_app:s0:c512,c768 tcontext=u:r:kernel:s0 tclass=dir permissive=0
01-05 23:24:52.028  9861  9861 W ps      : type=1400 audit(0.0:73349): avc: denied { search } for uid=10109 name="3" dev="proc" ino=1515509 scontext=u:r:untrusted_app:s0:c512,c768 tcontext=u:r:kernel:s0 tclass=dir permissive=0
01-05 23:24:52.028  9861  9861 W ps      : type=1400 audit(0.0:73350): avc: denied { getattr } for uid=10109 path="/proc/5" dev="proc" ino=1515510 scontext=u:r:untrusted_app:s0:c512,c768 tcontext=u:r:kernel:s0 tclass=dir permissive=0
01-05 23:24:52.028  9861  9861 W ps      : type=1400 audit(0.0:73351): avc: denied { search } for uid=10109 name="5" dev="proc" ino=1515510 scontext=u:r:untrusted_app:s0:c512,c768 tcontext=u:r:kernel:s0 tclass=dir permissive=0
01-05 23:24:52.028  9861  9861 W ps      : type=1400 audit(0.0:73352): avc: denied { search } for uid=10109 name="5" dev="proc" ino=1515510 scontext=u:r:untrusted_app:s0:c512,c768 tcontext=u:r:kernel:s0 tclass=dir permissive=0
01-05 23:24:52.028  9861  9861 W ps      : type=1400 audit(0.0:73353): avc: denied { getattr } for uid=10109 path="/proc/6" dev="proc" ino=1515511 scontext=u:r:untrusted_app:s0:c512,c768 tcontext=u:r:kernel:s0 tclass=dir permissive=0
01-05 23:24:52.028  9861  9861 W ps      : type=1400 audit(0.0:73354): avc: denied { search } for uid=10109 name="6" dev="proc" ino=1515511 scontext=u:r:untrusted_app:s0:c512,c768 tcontext=u:r:kernel:s0 tclass=dir permissive=0
01-05 23:24:52.028  9861  9861 W ps      : type=1400 audit(0.0:73355): avc: denied { search } for uid=10109 name="6" dev="proc" ino=1515511 scontext=u:r:untrusted_app:s0:c512,c768 tcontext=u:r:kernel:s0 tclass=dir permissive=0
01-05 23:24:52.028  9861  9861 W ps      : type=1400 audit(0.0:73356): avc: denied { getattr } for uid=10109 path="/proc/7" dev="proc" ino=1515512 scontext=u:r:untrusted_app:s0:c512,c768 tcontext=u:r:kernel:s0 tclass=dir permissive=0
01-05 23:24:52.028  9861  9861 W ps      : type=1400 audit(0.0:73357): avc: denied { search } for uid=10109 name="7" dev="proc" ino=1515512 scontext=u:r:untrusted_app:s0:c512,c768 tcontext=u:r:kernel:s0 tclass=dir permissive=0
01-05 23:24:52.028  9861  9861 W ps      : type=1400 audit(0.0:73358): avc: denied { search } for uid=10109 name="7" dev="proc" ino=1515512 scontext=u:r:untrusted_app:s0:c512,c768 tcontext=u:r:kernel:s0 tclass=dir permissive=0
01-05 23:24:52.028  9861  9861 W ps      : type=1400 audit(0.0:73359): avc: denied { getattr } for uid=10109 path="/proc/8" dev="proc" ino=1515513 scontext=u:r:untrusted_app:s0:c512,c768 tcontext=u:r:kernel:s0 tclass=dir permissive=0
01-05 23:24:52.028  9861  9861 W ps      : type=1400 audit(0.0:73360): avc: denied { search } for uid=10109 name="8" dev="proc" ino=1515513 scontext=u:r:untrusted_app:s0:c512,c768 tcontext=u:r:kernel:s0 tclass=dir permissive=0
01-05 23:24:52.053  9813  9813 W System  : ClassLoader referenced unknown path: /system/app/WebViewGoogle/lib/arm
01-05 23:24:52.087  9813  9813 I cr.library_loader: Time to load native libraries: 29 ms (timestamps 4175-4204)
01-05 23:24:52.088  9813  9813 I cr.library_loader: Expected native library version number "46.0.2490.76", actual native library version number "46.0.2490.76"
01-05 23:24:52.100  9813  9813 V WebViewChromiumFactoryProvider: Binding Chromium to main looper Looper (main, tid 1) {717921f}
01-05 23:24:52.100  9813  9813 I cr.library_loader: Expected native library version number "46.0.2490.76", actual native library version number "46.0.2490.76"
01-05 23:24:52.100  9813  9813 I chromium: [INFO:library_loader_hooks.cc(118)] Chromium logging enabled: level = 0, default verbosity = 0
01-05 23:24:52.108  9813  9813 I cr.BrowserStartup: Initializing chromium process, singleProcess=true
01-05 23:24:52.112  9813  9813 E SysUtils: ApplicationContext is null in ApplicationStatus
01-05 23:24:52.133  9813  9813 I Adreno-EGL: <qeglDrvAPI_eglInitialize:379>: EGL 1.4 QUALCOMM build:  (Ifd751822f5)
01-05 23:24:52.133  9813  9813 I Adreno-EGL: OpenGL ES Shader Compiler Version: XE031.06.00.05
01-05 23:24:52.133  9813  9813 I Adreno-EGL: Build Date: 01/26/16 Tue
01-05 23:24:52.133  9813  9813 I Adreno-EGL: Local Branch: AU12_SBA
01-05 23:24:52.133  9813  9813 I Adreno-EGL: Remote Branch: 
01-05 23:24:52.133  9813  9813 I Adreno-EGL: Local Patches: 
01-05 23:24:52.133  9813  9813 I Adreno-EGL: Reconstruct Branch: 
01-05 23:24:52.163  9813  9813 E chromium: [ERROR:browser_gpu_channel_host_factory.cc(258)] Failed to init browser shader disk cache.
01-05 23:24:52.180  9813  9813 E libEGL  : validate_display:255 error 3008 (EGL_BAD_DISPLAY)
01-05 23:24:52.211  9813  9813 W art     : Attempt to remove non-JNI local reference, dumping thread
01-05 23:24:52.220  9813  9813 W AwContents: onDetachedFromWindow called when already detached. Ignoring
01-05 23:24:53.715  9813  9813 V RobotCore: Network: inactive, disconnected
01-05 23:24:53.723  9813  9813 V RCActivity: onStart()
01-05 23:24:53.727  9813  9813 V RCActivity: onResume()
01-05 23:24:53.735  9813  9891 D OpenGLRenderer: Use EGL_SWAP_BEHAVIOR_PRESERVED: true
01-05 23:24:53.766  9813  9813 V FTCService: onCreate()
01-05 23:24:53.766  9813  9813 V FTCService: onBind()
01-05 23:24:53.766  9813  9813 V FTCService: Android device is motorola, MotoG3
01-05 23:24:53.767  9813  9813 V RobotCore: Starting network of type: WIFIDIRECT
01-05 23:24:53.771  9813  9813 V WifiDirect: There are 1 Wifi Direct Assistant Clients (+)
01-05 23:24:53.771  9813  9813 V WifiDirect: Enabling Wifi Direct Assistant
01-05 23:24:53.805  9813  9891 I OpenGLRenderer: Initialized EGL, version 1.4
01-05 23:24:53.820  9813  9813 D WifiDirect: broadcast: state - enabled: true
01-05 23:24:53.822  9813  9813 D WifiDirect: broadcast: connection changed: connectStatus=NOT_CONNECTED networkInfo.state=CONNECTED
01-05 23:24:53.823  9813  9813 V WifiDirect: NetworkInfo: [type: WIFI_P2P[], state: CONNECTED/CONNECTED, reason: (unspecified), extra: (none), roaming: false, failover: false, isAvailable: true]
01-05 23:24:53.823  9813  9813 V WifiDirect: WifiP2pInfo: groupFormed: true isGroupOwner: true operatingChannel: 2412 groupOwnerAddress: /192.168.49.1 mccMode: false
01-05 23:24:53.823  9813  9813 V WifiDirect: WifiP2pGroup: network: DIRECT-u3-9899-E-RC, isGO: true, Operating Channel: 2412, GO: Device: , deviceAddress: 24:da:9b:6a:a2:ba, primary type: null, secondary type: null, wps: 0, grpcapab: 0, devcapab: 0, status: 4, wfdInfo: WFD enabled: falseWFD DeviceInfo: 0, WFD CtrlPort: 0, WFD MaxThroughput: 0, level: 0, Client: Device: 9899-D-DS, deviceAddress: a4:70:d6:d3:3d:55, primary type: 10-0050F204-5, secondary type: null, wps: 392, grpcapab: 0, devcapab: 37, status: 0, wfdInfo: null, level: 60, interface: p2p0, networkId: 1, mGoOperFreq: 2412
01-05 23:24:53.824  9813  9813 D WifiDirect: broadcast: this device changed
01-05 23:24:53.824  9813  9813 V WifiDirect: device information: 9899-E-RC 24:da:9b:6a:a2:ba
01-05 23:24:53.824  9813  9813 V FTCService: RCActivity.controllerService=bound
01-05 23:24:53.824  9813  9813 V RobotCore: Network: unknown, disconnected
01-05 23:24:53.825  9813  9813 V RobotCore: Robot Status: stopped
01-05 23:24:53.843  9813  9813 D OpmodeRegistration: registered {DefaultOpMode} as {$Stop$Robot$}
01-05 23:24:53.843  9813  9813 V FTCService: Processing robot setup
01-05 23:24:53.844  9813  9813 D WifiDirect: cannot create group, does group already exist?
01-05 23:24:53.846  9813  9896 V RobotCore: thread: 'RobotSetupRunnable.run()' starting...
01-05 23:24:53.847  9813  9896 V RobotCore: Robot Status: stopped, scanning for USB devices
01-05 23:24:53.930  9813  9813 D WifiDirect: group owners address: /192.168.49.1
01-05 23:24:53.930  9813  9813 D WifiDirect: group formed, this device is the group owner (GO)
01-05 23:24:53.931  9813  9813 I FTCService: Wifi Direct - connected as group owner
01-05 23:24:53.931  9813  9813 D WifiDirect: stop discovering peers
01-05 23:24:53.936  9813  9813 V RobotCore: Network: enabled, disconnected
01-05 23:24:53.974  9813  9813 V WifiDirect: connection information available
01-05 23:24:53.974  9813  9813 V WifiDirect: connection information - groupOwnerName = 9899-E-RC
01-05 23:24:53.975  9813  9813 V WifiDirect: connection information - groupOwnerMacAddress = 24:da:9b:6a:a2:ba
01-05 23:24:53.975  9813  9813 V WifiDirect: connection information - groupInterface = p2p0
01-05 23:24:53.975  9813  9813 V WifiDirect: connection information - groupNetworkName = DIRECT-u3-9899-E-RC
01-05 23:24:53.975  9813  9813 I FTCService: Network Connection Passphrase: ZY55bu2t
01-05 23:24:53.976  9813  9813 V RobotCore: Network: active, disconnected
01-05 23:24:58.847  9813  9813 I RobotCore: Battery Checker, Level Remaining: 100.0
01-05 23:24:58.848  9813  9896 V RobotCore: EventLoopManager state is NOT_STARTED
01-05 23:24:58.849  9813  9896 V RobotCore: Robot Status: stopped, waiting on network
01-05 23:24:58.849  9813  9896 V RobotCore: Robot Status: stopped, starting robot
01-05 23:24:58.849  9813  9896 V Robocol : EventLoopManager.start()
01-05 23:24:58.850  9813  9813 I RobotCore: Battery Checker, Level Remaining: 100.0
01-05 23:24:58.850  9813  9896 V RobotCore: Starting network of type: WIFIDIRECT
01-05 23:24:58.850  9813  9896 V Robocol : Spoofing a Network Connection event...
01-05 23:24:58.852  9813  9896 V RobotCore: executive service EventLoop is terminated
01-05 23:24:58.852  9813  9896 V RobotCore: EventLoopManager state is STOPPED
01-05 23:24:58.853  9813  9896 V Robocol : eventLoop=FtcEventLoop
01-05 23:24:58.854  9813  9896 V RobotCore: EventLoopManager state is INIT
01-05 23:24:58.854  9813  9896 V RobotCore: Robot Status: initializing, starting robot
01-05 23:24:58.854  9813  9900 V RobotCore: thread: 'SetupRunnable.run()' starting...
01-05 23:24:58.855  9813  9896 I FIRST   : ======= INIT START =======
01-05 23:24:58.865  9813  9896 D OpmodeRegistration: registered {RunAMotorOrTwo} as {RunAMotorOrTwo}
01-05 23:24:58.866  9813  9896 D OpmodeRegistration: registered {Shooter} as {Shooter}
01-05 23:24:58.867  9813  9896 D OpmodeRegistration: registered {ShooterData} as {ShooterData}
01-05 23:24:58.868  9813  9896 D OpmodeRegistration: registered {WestCoastBluePID_AutoTest} as {WestCoastBluePID_AutoTest}
01-05 23:24:58.869  9813  9896 D OpmodeRegistration: registered {WestCoastRedPID_AutoTest} as {WestCoastRedPID_AutoTest}
01-05 23:24:58.870  9813  9896 D OpmodeRegistration: registered {FinalTeleOp} as {FinalTeleOp}
01-05 23:24:58.882  9813  9896 V D2xx::  : Start constructor
01-05 23:24:58.905  9813  9896 V D2xx::  : End constructor
01-05 23:24:58.905  9813  9900 D Robocol : RobocolDatagramSocket listening addr=/192.168.49.1:20884 cbRec=65520 cbSend=163840 msRecTO=300
01-05 23:24:58.907  9813  9900 V Robocol : RecvLoopRunnable created
01-05 23:24:58.909  9813  9900 V PeerDiscovery: Starting peer discovery
01-05 23:24:58.909  9813  9900 V RobotCore: Setup complete
01-05 23:24:58.910  9813  9900 V RobotCore: thread: ...terminating 'SetupRunnable.run()'
01-05 23:24:58.910  9813  9896 V RobotCore: Creating Modern Robotics USB Servo Controller [AL00VSDY]
01-05 23:24:58.911  9813  9902 V RobotCore: thread: 'RecvLoopRunnable.run()' starting...
01-05 23:24:58.919  9813  9896 D RobotCore: arming modern servo controller Modern Robotics USB Servo Controller [AL00VSDY]...
01-05 23:24:58.921  9813  9896 W System.err: unable to find USB device with serial number AL00VSDY
01-05 23:24:58.922  9813  9896 D RobotCore: arming modern servo controller Modern Robotics USB Servo Controller [AL00VSDY] (pretend)...
01-05 23:24:58.926  9813  9896 V RobotCore: Starting up pretend device AL00VSDY
01-05 23:24:58.930  9813  9904 V RobotCore: thread: 'r/w loop: Modern Robotics USB Servo Controller [AL00VSDY]' starting...
01-05 23:24:58.931  9813  9896 D RobotCore: ...arming modern servo controller Modern Robotics USB Servo Controller [AL00VSDY] complete
01-05 23:24:58.931  9813  9896 V RobotCore: Creating Modern Robotics USB Core Device Interface Module [AL00VFK6]
01-05 23:24:58.937  9813  9896 W System.err: unable to find USB device with serial number AL00VFK6
01-05 23:24:58.938  9813  9896 V RobotCore: Starting up pretend device AL00VFK6
01-05 23:24:58.939  9813  9905 V RobotCore: thread: 'r/w loop: Modern Robotics USB Core Device Interface Module [AL00VFK6]' starting...
01-05 23:24:58.940  9813  9896 V RobotCore: Creating Modern Robotics I2C Gyro Sensor - Port: 3
01-05 23:24:58.942  9813  9896 V RobotCore: Creating I2C Device - Port: 4
01-05 23:24:58.943  9813  9896 V RobotCore: Creating Modern Robotics Analog Optical Distance Sensor - Port: 7
01-05 23:24:58.944  9813  9896 V RobotCore: Creating Modern Robotics USB DC Motor Controller [A104OQ1P]
01-05 23:24:58.950  9813  9896 D RobotCore: arming modern motor controller Modern Robotics USB DC Motor Controller [A104OQ1P]...
01-05 23:24:58.950  9813  9896 W System.err: unable to find USB device with serial number A104OQ1P
01-05 23:24:58.951  9813  9896 D RobotCore: arming modern motor controller Modern Robotics USB DC Motor Controller [A104OQ1P] (pretend)...
01-05 23:24:58.951  9813  9896 V RobotCore: Starting up pretend device A104OQ1P
01-05 23:24:58.952  9813  9906 V RobotCore: thread: 'r/w loop: Modern Robotics USB DC Motor Controller [A104OQ1P]' starting...
01-05 23:24:58.952  9813  9896 D RobotCore: ...arming modern motor controller Modern Robotics USB DC Motor Controller [A104OQ1P] complete
01-05 23:24:58.953  9813  9896 V RobotCore: Creating Modern Robotics USB DC Motor Controller [AL00VWH0]
01-05 23:24:58.953  9813  9896 D RobotCore: arming modern motor controller Modern Robotics USB DC Motor Controller [AL00VWH0]...
01-05 23:24:58.954  9813  9896 W System.err: unable to find USB device with serial number AL00VWH0
01-05 23:24:58.954  9813  9896 D RobotCore: arming modern motor controller Modern Robotics USB DC Motor Controller [AL00VWH0] (pretend)...
01-05 23:24:58.954  9813  9896 V RobotCore: Starting up pretend device AL00VWH0
01-05 23:24:58.955  9813  9907 V RobotCore: thread: 'r/w loop: Modern Robotics USB DC Motor Controller [AL00VWH0]' starting...
01-05 23:24:58.955  9813  9896 D RobotCore: ...arming modern motor controller Modern Robotics USB DC Motor Controller [AL00VWH0] complete
01-05 23:24:58.956  9813  9896 V RobotCore: Creating Modern Robotics USB DC Motor Controller [AI049QOP]
01-05 23:24:58.956  9813  9896 D RobotCore: arming modern motor controller Modern Robotics USB DC Motor Controller [AI049QOP]...
01-05 23:24:58.956  9813  9896 W System.err: unable to find USB device with serial number AI049QOP
01-05 23:24:58.957  9813  9896 D RobotCore: arming modern motor controller Modern Robotics USB DC Motor Controller [AI049QOP] (pretend)...
01-05 23:24:58.957  9813  9896 V RobotCore: Starting up pretend device AI049QOP
01-05 23:24:58.958  9813  9908 V RobotCore: thread: 'r/w loop: Modern Robotics USB DC Motor Controller [AI049QOP]' starting...
01-05 23:24:58.959  9813  9896 D RobotCore: ...arming modern motor controller Modern Robotics USB DC Motor Controller [AI049QOP] complete
01-05 23:24:58.959  9813  9896 V RobotCore: Creating Modern Robotics USB DC Motor Controller [AL00VBIF]
01-05 23:24:58.959  9813  9896 D RobotCore: arming modern motor controller Modern Robotics USB DC Motor Controller [AL00VBIF]...
01-05 23:24:58.960  9813  9896 W System.err: unable to find USB device with serial number AL00VBIF
01-05 23:24:58.960  9813  9896 D RobotCore: arming modern motor controller Modern Robotics USB DC Motor Controller [AL00VBIF] (pretend)...
01-05 23:24:58.960  9813  9896 V RobotCore: Starting up pretend device AL00VBIF
01-05 23:24:58.962  9813  9909 V RobotCore: thread: 'r/w loop: Modern Robotics USB DC Motor Controller [AL00VBIF]' starting...
01-05 23:24:58.962  9813  9896 D RobotCore: ...arming modern motor controller Modern Robotics USB DC Motor Controller [AL00VBIF] complete
01-05 23:24:58.981  9813  9896 I RobotCore: Analytics has completed initialization.
01-05 23:24:58.981  9813  9896 I RobotCore: ========= Device Information ===================================================
01-05 23:24:58.982  9813  9896 I RobotCore: Type                                               Name                           Connection
01-05 23:24:58.982  9813  9896 I RobotCore: Modern Robotics USB DC Motor Controller            Shooter                        USB AI049QOP
01-05 23:24:58.983  9813  9896 I RobotCore: I2cDevice                                          color                          USB AL00VFK6; port 4
01-05 23:24:58.983  9813  9896 I RobotCore: DC Motor                                           rightFront                     USB AL00VWH0; port 1
01-05 23:24:58.983  9813  9896 I RobotCore: Modern Robotics USB DC Motor Controller            Front Motors                   USB AL00VWH0
01-05 23:24:58.984  9813  9896 I RobotCore: Modern Robotics USB DC Motor Controller            Back Motors                    USB A104OQ1P
01-05 23:24:58.984  9813  9896 I RobotCore: DC Motor                                           leftBack                       USB A104OQ1P; port 2
01-05 23:24:58.984  9813  9896 I RobotCore: Servo                                              upDown                         USB AL00VSDY; port 1
01-05 23:24:58.984  9813  9896 I RobotCore: DC Motor                                           shooter2                       USB AI049QOP; port 2
01-05 23:24:58.984  9813  9896 I RobotCore: DC Motor                                           shooter1                       USB AI049QOP; port 1
01-05 23:24:58.984  9813  9896 I RobotCore: DC Motor                                           leftFront                      USB AL00VWH0; port 2
01-05 23:24:58.984  9813  9896 I RobotCore: DC Motor                                           rightBack                      USB A104OQ1P; port 1
01-05 23:24:58.984  9813  9896 I RobotCore: DC Motor                                           intake2                        USB AL00VBIF; port 2
01-05 23:24:58.984  9813  9896 I RobotCore: DC Motor                                           intake1                        USB AL00VBIF; port 1
01-05 23:24:58.984  9813  9896 I RobotCore: Servo                                              ballFeeder                     USB AL00VSDY; port 2
01-05 23:24:58.984  9813  9896 I RobotCore: Modern Robotics USB DC Motor Controller            Intake                         USB AL00VBIF
01-05 23:24:58.984  9813  9896 I RobotCore: Modern Robotics USB Core Device Interface Module   Sensors                        USB AL00VFK6
01-05 23:24:58.984  9813  9896 I RobotCore: Modern Robotics USB Servo Controller               Servos                         USB AL00VSDY
01-05 23:24:58.985  9813  9896 I RobotCore: Modern Robotics Gyro                               gyro                           USB AL00VFK6; I2C port: 3
01-05 23:24:58.985  9813  9896 I RobotCore: Modern Robotics Analog Optical Distance Sensor     ods                            USB AL00VFK6; analog port 7
01-05 23:24:58.985  9813  9896 I FIRST   : ======= INIT FINISH =======
01-05 23:24:58.985  9813  9896 V RobotCore: EventLoopManager state is RUNNING
01-05 23:24:59.000  9813  9896 V RobotCore: Robot Status: running, starting robot
01-05 23:24:59.001  9813  9896 V RobotCore: Robot Status: running
01-05 23:24:59.001  9813  9896 V RobotCore: thread: ...terminating 'RobotSetupRunnable.run()'
01-05 23:24:59.004  9813  9914 V RobotCore: thread: 'opmode loop()' starting...
01-05 23:24:59.010  9813  9914 D RobotCore: system telemetry: key=$System$Warning$ msg="unable to open Modern Robotics USB Core Device Interface Module [AL00VFK6]; unable to open Modern Robotics USB DC Motor Controller [AL00VWH0]; unable to open Modern Robotics USB DC Motor Controller [A104OQ1P]; unable to open Modern Robotics USB Servo Controller [AL00VSDY]; unable to open Modern Robotics USB DC Motor Controller [AL00VBIF]; unable to open Modern Robotics USB DC Motor Controller [AI049QOP]"
01-05 23:24:59.018  9813  9913 D MediaPlayer: setSubtitleAnchor in MediaPlayer
01-05 23:24:59.078  9813  9911 D ExtendedUtils: extended extractor not needed, return default
01-05 23:24:59.079  9813  9911 I MediaCodec: (0xb76762b0) init name(audio/raw) isType(1) encoder(0)
01-05 23:24:59.081  9813  9918 I OMXClient: Using client-side OMX mux.
01-05 23:24:59.086  9813  9918 E OMXMaster: A component of name 'OMX.qcom.audio.decoder.aac' already exists, ignoring this one.
01-05 23:24:59.089  9813  9918 I MediaCodec: (0xb76762b0) Component Allocated (OMX.google.raw.decoder)
01-05 23:24:59.089  9813  9911 I MediaCodec: (0xb76762b0) configure surface(0x0) crypto(0x0) flags(0)
01-05 23:24:59.090  9813  9911 D MediaCodec: (0xb76762b0) configure format: AMessage(what = 0x00000000) = {
01-05 23:24:59.090  9813  9911 D MediaCodec:    string mime = "audio/raw"
01-05 23:24:59.090  9813  9911 D MediaCodec:    int64_t durationUs = 1019125
01-05 23:24:59.090  9813  9911 D MediaCodec:    int32_t channel-count = 1
01-05 23:24:59.090  9813  9911 D MediaCodec:    int32_t sample-rate = 8000
01-05 23:24:59.090  9813  9911 D MediaCodec:    int32_t channel-mask = 0
01-05 23:24:59.090  9813  9911 D MediaCodec:  }
01-05 23:24:59.092  9813  9911 I MediaCodec: (0xb76762b0) start
01-05 23:24:59.092  9813  9918 I MediaCodec: (0xb76762b0) input buffers allocated
01-05 23:24:59.092  9813  9918 I MediaCodec: (0xb76762b0) numBuffers (4)
01-05 23:24:59.092  9813  9918 I MediaCodec: (0xb76762b0) output buffers allocated
01-05 23:24:59.092  9813  9918 I MediaCodec: (0xb76762b0) numBuffers (4)
01-05 23:24:59.094  9813  9918 I MediaCodec: (0xb76762b0) codec output format changed
01-05 23:24:59.094  9813  9918 D MediaCodec: (0xb76762b0) output format: AMessage(what = 'codc', target = 2) = {
01-05 23:24:59.094  9813  9918 D MediaCodec:    string mime = "audio/raw"
01-05 23:24:59.094  9813  9918 D MediaCodec:    int32_t channel-count = 1
01-05 23:24:59.094  9813  9918 D MediaCodec:    int32_t sample-rate = 8000
01-05 23:24:59.094  9813  9918 D MediaCodec:    int32_t channel-mask = 0
01-05 23:24:59.094  9813  9918 D MediaCodec:    int32_t what = 1869968451
01-05 23:24:59.094  9813  9918 D MediaCodec:  }
01-05 23:24:59.094  9813  9911 I MediaCodec: (0xb76762b0) stop
01-05 23:24:59.095  9813  9911 I MediaCodec: (0xb76762b0) release
01-05 23:24:59.099  9813  9913 W AudioTrack: AUDIO_OUTPUT_FLAG_FAST denied by client; transfer 4, track 8000 Hz, output 48000 Hz
01-05 23:24:59.124  9813  9913 D MediaPlayer: setSubtitleAnchor in MediaPlayer
01-05 23:24:59.124  9813  9813 D MediaPlayer: setSubtitleAnchor in MediaPlayer
01-05 23:24:59.142  9813  9911 D ExtendedUtils: extended extractor not needed, return default
01-05 23:24:59.142  9813  9911 I MediaCodec: (0xb7559698) init name(audio/raw) isType(1) encoder(0)
01-05 23:24:59.145  9813  9925 I OMXClient: Using client-side OMX mux.
01-05 23:24:59.147  9813  9925 E OMXMaster: A component of name 'OMX.qcom.audio.decoder.aac' already exists, ignoring this one.
01-05 23:24:59.149  9813  9925 I MediaCodec: (0xb7559698) Component Allocated (OMX.google.raw.decoder)
01-05 23:24:59.149  9813  9911 I MediaCodec: (0xb7559698) configure surface(0x0) crypto(0x0) flags(0)
01-05 23:24:59.149  9813  9911 D MediaCodec: (0xb7559698) configure format: AMessage(what = 0x00000000) = {
01-05 23:24:59.149  9813  9911 D MediaCodec:    string mime = "audio/raw"
01-05 23:24:59.149  9813  9911 D MediaCodec:    int64_t durationUs = 1043650
01-05 23:24:59.149  9813  9911 D MediaCodec:    int32_t channel-count = 2
01-05 23:24:59.149  9813  9911 D MediaCodec:    int32_t sample-rate = 44100
01-05 23:24:59.149  9813  9911 D MediaCodec:    int32_t channel-mask = 0
01-05 23:24:59.149  9813  9911 D MediaCodec:  }
01-05 23:24:59.150  9813  9911 I MediaCodec: (0xb7559698) start
01-05 23:24:59.150  9813  9925 I MediaCodec: (0xb7559698) input buffers allocated
01-05 23:24:59.150  9813  9925 I MediaCodec: (0xb7559698) numBuffers (4)
01-05 23:24:59.150  9813  9925 I MediaCodec: (0xb7559698) output buffers allocated
01-05 23:24:59.150  9813  9925 I MediaCodec: (0xb7559698) numBuffers (4)
01-05 23:24:59.151  9813  9925 I MediaCodec: (0xb7559698) codec output format changed
01-05 23:24:59.151  9813  9925 D MediaCodec: (0xb7559698) output format: AMessage(what = 'codc', target = 6) = {
01-05 23:24:59.151  9813  9925 D MediaCodec:    string mime = "audio/raw"
01-05 23:24:59.151  9813  9925 D MediaCodec:    int32_t channel-count = 2
01-05 23:24:59.151  9813  9925 D MediaCodec:    int32_t sample-rate = 44100
01-05 23:24:59.151  9813  9925 D MediaCodec:    int32_t channel-mask = 0
01-05 23:24:59.151  9813  9925 D MediaCodec:    int32_t what = 1869968451
01-05 23:24:59.151  9813  9925 D MediaCodec:  }
01-05 23:24:59.157  9813  9911 I MediaCodec: (0xb7559698) stop
01-05 23:24:59.158  9813  9911 I MediaCodec: (0xb7559698) release
01-05 23:24:59.203  9813  9902 D Robocol : no packet received: SocketTimeoutException
01-05 23:24:59.512  9813  9914 I RobotCore: Attempting to switch to op mode $Stop$Robot$
01-05 23:25:00.021  9813  9914 I RobotCore: robot battery read duration: n=0, mean=0.000ms sd=-0.000ms
01-05 23:25:00.118  9813  9913 W AudioTrack: AUDIO_OUTPUT_FLAG_FAST denied by client; transfer 4, track 44100 Hz, output 48000 Hz
01-05 23:25:03.150  9813  9818 I art     : Debugger is no longer active
01-05 23:25:11.562  9813  9813 V RCActivity: onPause()
01-05 23:25:11.571  9813  9813 V RCActivity: onStop()
01-05 23:25:11.571  9813  9813 V RobotCore: executive service robot setup is terminated
01-05 23:25:11.572  9813  9813 V Robocol : EventLoopManager.shutdown()
01-05 23:25:11.572  9813  9813 V RobotCore: waiting for service EventLoop
01-05 23:25:11.572  9813  9914 V RobotCore: EventLoopRunnable interrupted
01-05 23:25:11.572  9813  9914 V RobotCore: EventLoopManager state is STOPPED
01-05 23:25:11.572  9813  9914 V RobotCore: Robot Status: stopped
01-05 23:25:11.572  9813  9914 I FIRST   : ======= TEARDOWN =======
01-05 23:25:11.572  9813  9914 D RobotCore: disarming modern motor controller Modern Robotics USB DC Motor Controller [AL00VWH0]...
01-05 23:25:11.576  9813  9907 V RobotCore: thread: ...terminating 'r/w loop: Modern Robotics USB DC Motor Controller [AL00VWH0]'
01-05 23:25:11.576  9813  9914 V RobotCore: waiting for service ReadWriteRunnable for Modern Robotics USB Device
01-05 23:25:11.578  9813  9914 V RobotCore: awaitTermination returned, isTerminated=true
01-05 23:25:11.578  9813  9914 V RobotCore: executive service ReadWriteRunnable for Modern Robotics USB Device is terminated
01-05 23:25:11.579  9813  9914 D RobotCore: ...disarming modern motor controller Modern Robotics USB DC Motor Controller [AL00VWH0] complete
01-05 23:25:11.579  9813  9914 D RobotCore: disarming modern motor controller Modern Robotics USB DC Motor Controller [AL00VBIF]...
01-05 23:25:11.583  9813  9909 V RobotCore: thread: ...terminating 'r/w loop: Modern Robotics USB DC Motor Controller [AL00VBIF]'
01-05 23:25:11.584  9813  9914 V RobotCore: executive service ReadWriteRunnable for Modern Robotics USB Device is terminated
01-05 23:25:11.584  9813  9914 D RobotCore: ...disarming modern motor controller Modern Robotics USB DC Motor Controller [AL00VBIF] complete
01-05 23:25:11.584  9813  9914 D RobotCore: disarming modern motor controller Modern Robotics USB DC Motor Controller [AI049QOP]...
01-05 23:25:11.587  9813  9914 V RobotCore: waiting for service ReadWriteRunnable for Modern Robotics USB Device
01-05 23:25:11.587  9813  9908 V RobotCore: thread: ...terminating 'r/w loop: Modern Robotics USB DC Motor Controller [AI049QOP]'
01-05 23:25:11.588  9813  9914 V RobotCore: awaitTermination returned, isTerminated=true
01-05 23:25:11.589  9813  9914 V RobotCore: executive service ReadWriteRunnable for Modern Robotics USB Device is terminated
01-05 23:25:11.589  9813  9914 D RobotCore: ...disarming modern motor controller Modern Robotics USB DC Motor Controller [AI049QOP] complete
01-05 23:25:11.589  9813  9914 D RobotCore: disarming modern motor controller Modern Robotics USB DC Motor Controller [A104OQ1P]...
01-05 23:25:11.595  9813  9914 V RobotCore: waiting for service ReadWriteRunnable for Modern Robotics USB Device
01-05 23:25:11.596  9813  9906 V RobotCore: thread: ...terminating 'r/w loop: Modern Robotics USB DC Motor Controller [A104OQ1P]'
01-05 23:25:11.596  9813  9914 V RobotCore: awaitTermination returned, isTerminated=true
01-05 23:25:11.596  9813  9914 V RobotCore: executive service ReadWriteRunnable for Modern Robotics USB Device is terminated
01-05 23:25:11.596  9813  9914 D RobotCore: ...disarming modern motor controller Modern Robotics USB DC Motor Controller [A104OQ1P] complete
01-05 23:25:11.597  9813  9914 D RobotCore: disarming modern servo controller "Modern Robotics USB Servo Controller [AL00VSDY]"...
01-05 23:25:11.601  9813  9914 V RobotCore: waiting for service ReadWriteRunnable for Modern Robotics USB Device
01-05 23:25:11.602  9813  9904 V RobotCore: thread: ...terminating 'r/w loop: Modern Robotics USB Servo Controller [AL00VSDY]'
01-05 23:25:11.603  9813  9914 V RobotCore: awaitTermination returned, isTerminated=true
01-05 23:25:11.604  9813  9914 V RobotCore: executive service ReadWriteRunnable for Modern Robotics USB Device is terminated
01-05 23:25:11.604  9813  9914 D RobotCore: ...disarming modern servo controller Modern Robotics USB Servo Controller [AL00VSDY] complete
01-05 23:25:11.611  9813  9914 V RobotCore: waiting for service ReadWriteRunnable for Modern Robotics USB Device
01-05 23:25:11.611  9813  9905 V RobotCore: thread: ...terminating 'r/w loop: Modern Robotics USB Core Device Interface Module [AL00VFK6]'
01-05 23:25:11.611  9813  9914 V RobotCore: awaitTermination returned, isTerminated=true
01-05 23:25:11.611  9813  9914 V RobotCore: executive service ReadWriteRunnable for Modern Robotics USB Device is terminated
01-05 23:25:11.612  9813  9914 I FIRST   : ======= TEARDOWN COMPLETE =======
01-05 23:25:11.612  9813  9914 V RobotCore: thread: ...terminating 'opmode loop()'
01-05 23:25:11.612  9813  9813 V RobotCore: awaitTermination returned, isTerminated=true
01-05 23:25:11.612  9813  9813 V RobotCore: executive service EventLoop is terminated
01-05 23:25:11.612  9813  9813 V RobotCore: EventLoopManager state is STOPPED
01-05 23:25:32.661 10443 10443 I art     : Late-enabling -Xcheck:jni
01-05 23:25:32.730 10443 10443 I InstantRun: Instant Run Runtime started. Android package is com.qualcomm.ftcrobotcontroller, real application class is org.firstinspires.ftc.robotcore.internal.RobotApplication.
01-05 23:25:33.087 10443 10443 V RCActivity: onCreate()
01-05 23:25:33.092 10443 10459 V RobotCore: saving logcat to /storage/emulated/0/com.qualcomm.ftcrobotcontroller.logcat
01-05 23:25:33.092 10443 10459 V RobotCore: logging command line: logcat -f /storage/emulated/0/com.qualcomm.ftcrobotcontroller.logcat -r4096 -n4 -v threadtime UsbRequestJNI:S UsbRequest:S *:V
01-05 23:25:33.124 10443 10443 I WebViewFactory: Loading com.google.android.webview version 46.0.2490.76 (code 249007600)
01-05 23:25:33.128 10461 10461 W ps      : type=1400 audit(0.0:74010): avc: denied { getattr } for uid=10109 path="/proc/1" dev="proc" ino=1515507 scontext=u:r:untrusted_app:s0:c512,c768 tcontext=u:r:init:s0 tclass=dir permissive=0
01-05 23:25:33.128 10461 10461 W ps      : type=1400 audit(0.0:74011): avc: denied { search } for uid=10109 name="1" dev="proc" ino=1515507 scontext=u:r:untrusted_app:s0:c512,c768 tcontext=u:r:init:s0 tclass=dir permissive=0
01-05 23:25:33.128 10461 10461 W ps      : type=1400 audit(0.0:74012): avc: denied { search } for uid=10109 name="1" dev="proc" ino=1515507 scontext=u:r:untrusted_app:s0:c512,c768 tcontext=u:r:init:s0 tclass=dir permissive=0
01-05 23:25:33.128 10461 10461 W ps      : type=1400 audit(0.0:74013): avc: denied { getattr } for uid=10109 path="/proc/2" dev="proc" ino=1515508 scontext=u:r:untrusted_app:s0:c512,c768 tcontext=u:r:kernel:s0 tclass=dir permissive=0
01-05 23:25:33.128 10461 10461 W ps      : type=1400 audit(0.0:74014): avc: denied { search } for uid=10109 name="2" dev="proc" ino=1515508 scontext=u:r:untrusted_app:s0:c512,c768 tcontext=u:r:kernel:s0 tclass=dir permissive=0
01-05 23:25:33.128 10461 10461 W ps      : type=1400 audit(0.0:74015): avc: denied { search } for uid=10109 name="2" dev="proc" ino=1515508 scontext=u:r:untrusted_app:s0:c512,c768 tcontext=u:r:kernel:s0 tclass=dir permissive=0
01-05 23:25:33.128 10461 10461 W ps      : type=1400 audit(0.0:74016): avc: denied { getattr } for uid=10109 path="/proc/3" dev="proc" ino=1515509 scontext=u:r:untrusted_app:s0:c512,c768 tcontext=u:r:kernel:s0 tclass=dir permissive=0
01-05 23:25:33.128 10461 10461 W ps      : type=1400 audit(0.0:74017): avc: denied { search } for uid=10109 name="3" dev="proc" ino=1515509 scontext=u:r:untrusted_app:s0:c512,c768 tcontext=u:r:kernel:s0 tclass=dir permissive=0
01-05 23:25:33.128 10461 10461 W ps      : type=1400 audit(0.0:74018): avc: denied { search } for uid=10109 name="3" dev="proc" ino=1515509 scontext=u:r:untrusted_app:s0:c512,c768 tcontext=u:r:kernel:s0 tclass=dir permissive=0
01-05 23:25:33.128 10461 10461 W ps      : type=1400 audit(0.0:74019): avc: denied { getattr } for uid=10109 path="/proc/5" dev="proc" ino=1515510 scontext=u:r:untrusted_app:s0:c512,c768 tcontext=u:r:kernel:s0 tclass=dir permissive=0
01-05 23:25:33.128 10461 10461 W ps      : type=1400 audit(0.0:74020): avc: denied { search } for uid=10109 name="5" dev="proc" ino=1515510 scontext=u:r:untrusted_app:s0:c512,c768 tcontext=u:r:kernel:s0 tclass=dir permissive=0
01-05 23:25:33.128 10461 10461 W ps      : type=1400 audit(0.0:74021): avc: denied { search } for uid=10109 name="5" dev="proc" ino=1515510 scontext=u:r:untrusted_app:s0:c512,c768 tcontext=u:r:kernel:s0 tclass=dir permissive=0
01-05 23:25:33.128 10461 10461 W ps      : type=1400 audit(0.0:74022): avc: denied { getattr } for uid=10109 path="/proc/6" dev="proc" ino=1515511 scontext=u:r:untrusted_app:s0:c512,c768 tcontext=u:r:kernel:s0 tclass=dir permissive=0
01-05 23:25:33.128 10461 10461 W ps      : type=1400 audit(0.0:74023): avc: denied { search } for uid=10109 name="6" dev="proc" ino=1515511 scontext=u:r:untrusted_app:s0:c512,c768 tcontext=u:r:kernel:s0 tclass=dir permissive=0
01-05 23:25:33.128 10461 10461 W ps      : type=1400 audit(0.0:74024): avc: denied { search } for uid=10109 name="6" dev="proc" ino=1515511 scontext=u:r:untrusted_app:s0:c512,c768 tcontext=u:r:kernel:s0 tclass=dir permissive=0
01-05 23:25:33.128 10461 10461 W ps      : type=1400 audit(0.0:74025): avc: denied { getattr } for uid=10109 path="/proc/7" dev="proc" ino=1515512 scontext=u:r:untrusted_app:s0:c512,c768 tcontext=u:r:kernel:s0 tclass=dir permissive=0
01-05 23:25:33.128 10461 10461 W ps      : type=1400 audit(0.0:74026): avc: denied { search } for uid=10109 name="7" dev="proc" ino=1515512 scontext=u:r:untrusted_app:s0:c512,c768 tcontext=u:r:kernel:s0 tclass=dir permissive=0
01-05 23:25:33.128 10461 10461 W ps      : type=1400 audit(0.0:74027): avc: denied { search } for uid=10109 name="7" dev="proc" ino=1515512 scontext=u:r:untrusted_app:s0:c512,c768 tcontext=u:r:kernel:s0 tclass=dir permissive=0
01-05 23:25:33.128 10461 10461 W ps      : type=1400 audit(0.0:74028): avc: denied { getattr } for uid=10109 path="/proc/8" dev="proc" ino=1515513 scontext=u:r:untrusted_app:s0:c512,c768 tcontext=u:r:kernel:s0 tclass=dir permissive=0
01-05 23:25:33.128 10461 10461 W ps      : type=1400 audit(0.0:74029): avc: denied { search } for uid=10109 name="8" dev="proc" ino=1515513 scontext=u:r:untrusted_app:s0:c512,c768 tcontext=u:r:kernel:s0 tclass=dir permissive=0
01-05 23:25:33.152 10443 10443 W System  : ClassLoader referenced unknown path: /system/app/WebViewGoogle/lib/arm
01-05 23:25:33.160 10443 10443 I cr.library_loader: Time to load native libraries: 3 ms (timestamps 5273-5276)
01-05 23:25:33.160 10443 10443 I cr.library_loader: Expected native library version number "46.0.2490.76", actual native library version number "46.0.2490.76"
01-05 23:25:33.204 10443 10443 V WebViewChromiumFactoryProvider: Binding Chromium to main looper Looper (main, tid 1) {13540e3}
01-05 23:25:33.204 10443 10443 I cr.library_loader: Expected native library version number "46.0.2490.76", actual native library version number "46.0.2490.76"
01-05 23:25:33.205 10443 10443 I chromium: [INFO:library_loader_hooks.cc(118)] Chromium logging enabled: level = 0, default verbosity = 0
01-05 23:25:33.213 10443 10443 I cr.BrowserStartup: Initializing chromium process, singleProcess=true
01-05 23:25:33.219 10443 10443 E SysUtils: ApplicationContext is null in ApplicationStatus
01-05 23:25:33.241 10443 10443 I Adreno-EGL: <qeglDrvAPI_eglInitialize:379>: EGL 1.4 QUALCOMM build:  (Ifd751822f5)
01-05 23:25:33.241 10443 10443 I Adreno-EGL: OpenGL ES Shader Compiler Version: XE031.06.00.05
01-05 23:25:33.241 10443 10443 I Adreno-EGL: Build Date: 01/26/16 Tue
01-05 23:25:33.241 10443 10443 I Adreno-EGL: Local Branch: AU12_SBA
01-05 23:25:33.241 10443 10443 I Adreno-EGL: Remote Branch: 
01-05 23:25:33.241 10443 10443 I Adreno-EGL: Local Patches: 
01-05 23:25:33.241 10443 10443 I Adreno-EGL: Reconstruct Branch: 
01-05 23:25:33.269 10443 10443 E chromium: [ERROR:browser_gpu_channel_host_factory.cc(258)] Failed to init browser shader disk cache.
01-05 23:25:33.296 10443 10443 E libEGL  : validate_display:255 error 3008 (EGL_BAD_DISPLAY)
01-05 23:25:33.347 10443 10443 W art     : Attempt to remove non-JNI local reference, dumping thread
01-05 23:25:33.357 10443 10443 W AwContents: onDetachedFromWindow called when already detached. Ignoring
01-05 23:25:34.885 10443 10443 V RobotCore: Network: inactive, disconnected
01-05 23:25:34.893 10443 10443 V RCActivity: onStart()
01-05 23:25:34.896 10443 10443 V RCActivity: onResume()
01-05 23:25:34.901 10443 10504 D OpenGLRenderer: Use EGL_SWAP_BEHAVIOR_PRESERVED: true
01-05 23:25:34.939 10443 10443 V FTCService: onCreate()
01-05 23:25:34.940 10443 10443 V FTCService: onBind()
01-05 23:25:34.940 10443 10443 V FTCService: Android device is motorola, MotoG3
01-05 23:25:34.941 10443 10443 V RobotCore: Starting network of type: WIFIDIRECT
01-05 23:25:34.944 10443 10443 V WifiDirect: There are 1 Wifi Direct Assistant Clients (+)
01-05 23:25:34.944 10443 10443 V WifiDirect: Enabling Wifi Direct Assistant
01-05 23:25:34.974 10443 10504 I OpenGLRenderer: Initialized EGL, version 1.4
01-05 23:25:34.987 10443 10443 D WifiDirect: broadcast: state - enabled: true
01-05 23:25:34.990 10443 10443 D WifiDirect: broadcast: connection changed: connectStatus=NOT_CONNECTED networkInfo.state=CONNECTED
01-05 23:25:34.990 10443 10443 V WifiDirect: NetworkInfo: [type: WIFI_P2P[], state: CONNECTED/CONNECTED, reason: (unspecified), extra: (none), roaming: false, failover: false, isAvailable: true]
01-05 23:25:34.990 10443 10443 V WifiDirect: WifiP2pInfo: groupFormed: true isGroupOwner: true operatingChannel: 2412 groupOwnerAddress: /192.168.49.1 mccMode: false
01-05 23:25:34.991 10443 10443 V WifiDirect: WifiP2pGroup: network: DIRECT-u3-9899-E-RC, isGO: true, Operating Channel: 2412, GO: Device: , deviceAddress: 24:da:9b:6a:a2:ba, primary type: null, secondary type: null, wps: 0, grpcapab: 0, devcapab: 0, status: 4, wfdInfo: WFD enabled: falseWFD DeviceInfo: 0, WFD CtrlPort: 0, WFD MaxThroughput: 0, level: 0, Client: Device: 9899-D-DS, deviceAddress: a4:70:d6:d3:3d:55, primary type: 10-0050F204-5, secondary type: null, wps: 392, grpcapab: 0, devcapab: 37, status: 0, wfdInfo: null, level: 60, interface: p2p0, networkId: 1, mGoOperFreq: 2412
