02-09 22:44:25.261 11243 11321 W System.err: 	at java.util.concurrent.locks.AbstractQueuedSynchronizer.acquireSharedInterruptibly(AbstractQueuedSynchronizer.java:1278)
02-09 22:44:25.261 11243 11342 V RobotCore: Starting up pretend device A104OQ1P
02-09 22:44:25.262 11243 11324 W System.err: 	at java.util.concurrent.Semaphore.acquire(Semaphore.java:284)
02-09 22:44:25.276 11243 11297 D RobotCore: system telemetry: key=$System$Warning$ msg="problem communicating with Modern Robotics USB DC Motor Controller [AI049QOP]; problem communicating with Modern Robotics USB Servo Controller [AL00VST0]; problem communicating with Modern Robotics USB DC Motor Controller [AL00VWH0]; problem communicating with Modern Robotics USB Core Device Interface Module [AI02RHDJ]; problem communicating with Modern Robotics USB DC Motor Controller [AL00VBIF]; problem communicating with Modern Robotics USB DC Motor Controller [A104OQ1P]"
02-09 22:44:25.276 11243 11368 V RobotCore: thread: 'r/w loop: Modern Robotics USB DC Motor Controller [A104OQ1P]' starting...
02-09 22:44:25.276 11243 11324 W System.err: 	at com.ftdi.j2xx.ProcessInCtrl.acquireReadableBuffer(FT_Device.java:2294)
02-09 22:44:25.276 11243 11306 W System.err: 	at java.lang.NullPointerException: Attempt to invoke virtual method 'int com.ftdi.j2xx.D2xxManager$DriverParameters.getBufferNumber()' on a null object reference	at 
02-09 22:44:25.277 11243 11306 W System.err: 	at com.ftdi.j2xx.ProcessInCtrl.releaseWritableBuffers(FT_Device.java:2672)
02-09 22:44:25.277 11243 11342 D RobotCore: ...arming modern motor controller Modern Robotics USB DC Motor Controller [A104OQ1P] complete
02-09 22:44:25.277 11243 11306 W System.err: 	at com.ftdi.j2xx.BulkInWorker.run(FT_Device.java:2879)
02-09 22:44:25.277 11243 11342 I FIRST   : ======= MODULE DETACH RECOVERY: complete Modern Robotics USB DC Motor Controller [A104OQ1P]=======
02-09 22:44:25.277 11243 11342 V RobotCore: event loop: device has shutdown abnormally
02-09 22:44:25.277 11243 11342 V RobotCore: event loop: detaching device owner
02-09 22:44:25.277 11243 11306 W System.err: 	at com.ftdi.j2xx.ProcessRequestWorker.run(FT_Device.java:2764)java.lang.Thread.run(Thread.java:818)	at 
02-09 22:44:25.277 11243 11342 I FIRST   : ======= MODULE DETACH RECOVERY: disarm Modern Robotics USB DC Motor Controller [AL00VWH0]=======
02-09 22:44:25.277 11243 11342 D RobotCore: disarming modern motor controller Modern Robotics USB DC Motor Controller [AL00VWH0]...
02-09 22:44:25.277 11243 11324 W System.err: 	at java.lang.Thread.run(Thread.java:818)
02-09 22:44:25.277 11243 11307 W System.err: com.ftdi.j2xx.ProcessInCtrl.acquireReadableBuffer(FT_Device.java:2294)
02-09 22:44:25.279 11243 11307 W System.err: 	at com.ftdi.j2xx.ProcessRequestWorker.run(FT_Device.java:2764)
02-09 22:44:25.280 11243 11307 W System.err: 	at java.lang.Thread.run(Thread.java:818)
02-09 22:44:25.280 11243 11342 V RobotCore: waiting for service ReadWriteRunnable for Modern Robotics USB Device
02-09 22:44:25.280 11243 11321 W System.err: 	at java.util.concurrent.Semaphore.acquire(Semaphore.java:284)
02-09 22:44:25.282 11243 11320 W System.err: com.ftdi.j2xx.ProcessInCtrl.releaseWritableBuffers(FT_Device.java:2672)
02-09 22:44:25.282 11243 11321 W System.err: 	at com.ftdi.j2xx.ProcessInCtrl.acquireReadableBuffer(FT_Device.java:2294)
02-09 22:44:25.282 11243 11321 W System.err: 	at com.ftdi.j2xx.ProcessRequestWorker.run(FT_Device.java:2764)
02-09 22:44:25.282 11243 11321 W System.err: 	at java.lang.Thread.run(Thread.java:818)
02-09 22:44:25.282 11243 11302 W System.err: 	at com.ftdi.j2xx.BulkInWorker.run(FT_Device.java:2879)
02-09 22:44:25.282 11243 11342 V RobotCore: awaitTermination returned, isTerminated=true
02-09 22:44:25.282 11243 11302 W System.err: 	at java.lang.Thread.run(Thread.java:818)
02-09 22:44:25.282 11243 11342 V RobotCore: executive service ReadWriteRunnable for Modern Robotics USB Device is terminated
02-09 22:44:25.283 11243 11320 W System.err: 	at com.ftdi.j2xx.BulkInWorker.run(FT_Device.java:2879)
02-09 22:44:25.283 11243 11342 D RobotCore: ...disarming modern motor controller Modern Robotics USB DC Motor Controller [AL00VWH0] complete
02-09 22:44:25.283 11243 11320 W System.err: 	at java.lang.Thread.run(Thread.java:818)
02-09 22:44:25.283 11243 11342 I FIRST   : ======= MODULE DETACH RECOVERY: pretend Modern Robotics USB DC Motor Controller [AL00VWH0]=======
02-09 22:44:25.284 11243 11342 D RobotCore: arming modern motor controller Modern Robotics USB DC Motor Controller [AL00VWH0] (pretend)...
02-09 22:44:25.284 11243 11342 V RobotCore: Starting up pretend device AL00VWH0
02-09 22:44:25.286 11243 11309 D ExtendedUtils: extended extractor not needed, return default
02-09 22:44:25.288 11243 11309 I MediaCodec: (0xb7409220) init name(audio/raw) isType(1) encoder(0)
02-09 22:44:25.288 11243 11370 V RobotCore: thread: 'r/w loop: Modern Robotics USB DC Motor Controller [AL00VWH0]' starting...
02-09 22:44:25.288 11243 11342 D RobotCore: ...arming modern motor controller Modern Robotics USB DC Motor Controller [AL00VWH0] complete
02-09 22:44:25.289 11243 11342 I FIRST   : ======= MODULE DETACH RECOVERY: complete Modern Robotics USB DC Motor Controller [AL00VWH0]=======
02-09 22:44:25.289 11243 11342 V RobotCore: event loop: device has shutdown abnormally
02-09 22:44:25.289 11243 11342 V RobotCore: event loop: detaching device owner
02-09 22:44:25.289 11243 11342 I FIRST   : ======= MODULE DETACH RECOVERY: disarm Modern Robotics USB DC Motor Controller [AI049QOP]=======
02-09 22:44:25.289 11243 11342 D RobotCore: disarming modern motor controller Modern Robotics USB DC Motor Controller [AI049QOP]...
02-09 22:44:25.289 11243 11342 V RobotCore: waiting for service ReadWriteRunnable for Modern Robotics USB Device
02-09 22:44:25.289 11243 11342 V RobotCore: awaitTermination returned, isTerminated=true
02-09 22:44:25.289 11243 11342 V RobotCore: executive service ReadWriteRunnable for Modern Robotics USB Device is terminated
02-09 22:44:25.289 11243 11342 D RobotCore: ...disarming modern motor controller Modern Robotics USB DC Motor Controller [AI049QOP] complete
02-09 22:44:25.289 11243 11342 I FIRST   : ======= MODULE DETACH RECOVERY: pretend Modern Robotics USB DC Motor Controller [AI049QOP]=======
02-09 22:44:25.289 11243 11342 D RobotCore: arming modern motor controller Modern Robotics USB DC Motor Controller [AI049QOP] (pretend)...
02-09 22:44:25.290 11243 11342 V RobotCore: Starting up pretend device AI049QOP
02-09 22:44:25.292 11243 11372 V RobotCore: thread: 'r/w loop: Modern Robotics USB DC Motor Controller [AI049QOP]' starting...
02-09 22:44:25.293 11243 11342 D RobotCore: ...arming modern motor controller Modern Robotics USB DC Motor Controller [AI049QOP] complete
02-09 22:44:25.293 11243 11342 I FIRST   : ======= MODULE DETACH RECOVERY: complete Modern Robotics USB DC Motor Controller [AI049QOP]=======
02-09 22:44:25.297 11243 11371 I OMXClient: Using client-side OMX mux.
02-09 22:44:25.302 11243 11371 E OMXMaster: A component of name 'OMX.qcom.audio.decoder.aac' already exists, ignoring this one.
02-09 22:44:25.303 11243 11371 I MediaCodec: (0xb7409220) Component Allocated (OMX.google.raw.decoder)
02-09 22:44:25.303 11243 11309 I MediaCodec: (0xb7409220) configure surface(0x0) crypto(0x0) flags(0)
02-09 22:44:25.304 11243 11309 D MediaCodec: (0xb7409220) configure format: AMessage(what = 0x00000000) = {
02-09 22:44:25.304 11243 11309 D MediaCodec:    string mime = "audio/raw"
02-09 22:44:25.304 11243 11309 D MediaCodec:    int64_t durationUs = 1043650
02-09 22:44:25.304 11243 11309 D MediaCodec:    int32_t channel-count = 2
02-09 22:44:25.304 11243 11309 D MediaCodec:    int32_t sample-rate = 44100
02-09 22:44:25.304 11243 11309 D MediaCodec:    int32_t channel-mask = 0
02-09 22:44:25.304 11243 11309 D MediaCodec:  }
02-09 22:44:25.304 11243 11309 I MediaCodec: (0xb7409220) start
02-09 22:44:25.305 11243 11371 I MediaCodec: (0xb7409220) input buffers allocated
02-09 22:44:25.305 11243 11371 I MediaCodec: (0xb7409220) numBuffers (4)
02-09 22:44:25.305 11243 11371 I MediaCodec: (0xb7409220) output buffers allocated
02-09 22:44:25.305 11243 11371 I MediaCodec: (0xb7409220) numBuffers (4)
02-09 22:44:25.308 11243 11371 I MediaCodec: (0xb7409220) codec output format changed
02-09 22:44:25.308 11243 11371 D MediaCodec: (0xb7409220) output format: AMessage(what = 'codc', target = 10) = {
02-09 22:44:25.308 11243 11371 D MediaCodec:    string mime = "audio/raw"
02-09 22:44:25.308 11243 11371 D MediaCodec:    int32_t channel-count = 2
02-09 22:44:25.308 11243 11371 D MediaCodec:    int32_t sample-rate = 44100
02-09 22:44:25.308 11243 11371 D MediaCodec:    int32_t channel-mask = 0
02-09 22:44:25.308 11243 11371 D MediaCodec:    int32_t what = 1869968451
02-09 22:44:25.308 11243 11371 D MediaCodec:  }
02-09 22:44:25.317 11243 11309 I MediaCodec: (0xb7409220) stop
02-09 22:44:25.319 11243 11309 I MediaCodec: (0xb7409220) release
02-09 22:44:25.324 11243 11311 W AudioTrack: AUDIO_OUTPUT_FLAG_FAST denied by client; transfer 4, track 44100 Hz, output 48000 Hz
02-09 22:44:26.369 11243 11311 W AudioTrack: AUDIO_OUTPUT_FLAG_FAST denied by client; transfer 4, track 44100 Hz, output 48000 Hz
02-09 22:44:29.221 11243 11243 V RCActivity: onPause()
02-09 22:44:29.230 11243 11243 V RCActivity: onStop()
02-09 22:44:29.230 11243 11243 V RobotCore: executive service robot setup is terminated
02-09 22:44:29.230 11243 11243 V Robocol : EventLoopManager.shutdown()
02-09 22:44:29.230 11243 11243 V RobotCore: waiting for service EventLoop
02-09 22:44:29.230 11243 11342 V RobotCore: EventLoopRunnable interrupted
02-09 22:44:29.230 11243 11342 V RobotCore: EventLoopManager state is STOPPED
02-09 22:44:29.230 11243 11342 V RobotCore: Robot Status: stopped
02-09 22:44:29.230 11243 11342 I FIRST   : ======= TEARDOWN =======
02-09 22:44:29.231 11243 11342 D RobotCore: disarming modern motor controller Modern Robotics USB DC Motor Controller [AI049QOP]...
02-09 22:44:29.235 11243 11372 V RobotCore: thread: ...terminating 'r/w loop: Modern Robotics USB DC Motor Controller [AI049QOP]'
02-09 22:44:29.236 11243 11342 V RobotCore: executive service ReadWriteRunnable for Modern Robotics USB Device is terminated
02-09 22:44:29.236 11243 11342 D RobotCore: ...disarming modern motor controller Modern Robotics USB DC Motor Controller [AI049QOP] complete
02-09 22:44:29.236 11243 11342 D RobotCore: disarming modern motor controller Modern Robotics USB DC Motor Controller [AL00VWH0]...
02-09 22:44:29.243 11243 11370 V RobotCore: thread: ...terminating 'r/w loop: Modern Robotics USB DC Motor Controller [AL00VWH0]'
02-09 22:44:29.243 11243 11342 V RobotCore: waiting for service ReadWriteRunnable for Modern Robotics USB Device
02-09 22:44:29.244 11243 11342 V RobotCore: awaitTermination returned, isTerminated=true
02-09 22:44:29.244 11243 11342 V RobotCore: executive service ReadWriteRunnable for Modern Robotics USB Device is terminated
02-09 22:44:29.244 11243 11342 D RobotCore: ...disarming modern motor controller Modern Robotics USB DC Motor Controller [AL00VWH0] complete
02-09 22:44:29.244 11243 11342 D RobotCore: disarming modern motor controller Modern Robotics USB DC Motor Controller [AL00VBIF]...
02-09 22:44:29.249 11243 11365 V RobotCore: thread: ...terminating 'r/w loop: Modern Robotics USB DC Motor Controller [AL00VBIF]'
02-09 22:44:29.250 11243 11342 V RobotCore: executive service ReadWriteRunnable for Modern Robotics USB Device is terminated
02-09 22:44:29.251 11243 11342 D RobotCore: ...disarming modern motor controller Modern Robotics USB DC Motor Controller [AL00VBIF] complete
02-09 22:44:29.251 11243 11342 D RobotCore: disarming modern motor controller Modern Robotics USB DC Motor Controller [A104OQ1P]...
02-09 22:44:29.258 11243 11342 V RobotCore: waiting for service ReadWriteRunnable for Modern Robotics USB Device
02-09 22:44:29.259 11243 11368 V RobotCore: thread: ...terminating 'r/w loop: Modern Robotics USB DC Motor Controller [A104OQ1P]'
02-09 22:44:29.260 11243 11342 V RobotCore: awaitTermination returned, isTerminated=true
02-09 22:44:29.260 11243 11342 V RobotCore: executive service ReadWriteRunnable for Modern Robotics USB Device is terminated
02-09 22:44:29.260 11243 11342 D RobotCore: ...disarming modern motor controller Modern Robotics USB DC Motor Controller [A104OQ1P] complete
02-09 22:44:29.260 11243 11342 D RobotCore: disarming modern servo controller "Modern Robotics USB Servo Controller [AL00VST0]"...
02-09 22:44:29.264 11243 11362 V RobotCore: thread: ...terminating 'r/w loop: Modern Robotics USB Servo Controller [AL00VST0]'
02-09 22:44:29.264 11243 11342 V RobotCore: waiting for service ReadWriteRunnable for Modern Robotics USB Device
02-09 22:44:29.264 11243 11342 V RobotCore: awaitTermination returned, isTerminated=true
02-09 22:44:29.264 11243 11342 V RobotCore: executive service ReadWriteRunnable for Modern Robotics USB Device is terminated
02-09 22:44:29.264 11243 11342 D RobotCore: ...disarming modern servo controller Modern Robotics USB Servo Controller [AL00VST0] complete
02-09 22:44:29.267 11243 11342 V RobotCore: waiting for service ReadWriteRunnable for Modern Robotics USB Device
02-09 22:44:29.267 11243 11367 V RobotCore: thread: ...terminating 'r/w loop: Modern Robotics USB Core Device Interface Module [AI02RHDJ]'
02-09 22:44:29.267 11243 11342 V RobotCore: awaitTermination returned, isTerminated=true
02-09 22:44:29.267 11243 11342 V RobotCore: executive service ReadWriteRunnable for Modern Robotics USB Device is terminated
02-09 22:44:29.267 11243 11342 I FIRST   : ======= TEARDOWN COMPLETE =======
02-09 22:44:29.267 11243 11342 V RobotCore: thread: ...terminating 'opmode loop()'
02-09 22:44:29.268 11243 11243 V RobotCore: awaitTermination returned, isTerminated=true
02-09 22:44:29.268 11243 11243 V RobotCore: executive service EventLoop is terminated
02-09 22:44:29.268 11243 11243 V RobotCore: EventLoopManager state is STOPPED
02-09 22:44:29.351 11243 11297 D RobotCore: system telemetry: key=$System$None$ msg=""
