01-08 13:27:27.019  7957  7957 W ps      : type=1400 audit(0.0:117427): avc: denied { search } for uid=10109 name="5" dev="proc" ino=2051343 scontext=u:r:untrusted_app:s0:c512,c768 tcontext=u:r:kernel:s0 tclass=dir permissive=0
01-08 13:27:27.019  7957  7957 W ps      : type=1400 audit(0.0:117428): avc: denied { search } for uid=10109 name="5" dev="proc" ino=2051343 scontext=u:r:untrusted_app:s0:c512,c768 tcontext=u:r:kernel:s0 tclass=dir permissive=0
01-08 13:27:27.019  7957  7957 W ps      : type=1400 audit(0.0:117429): avc: denied { getattr } for uid=10109 path="/proc/6" dev="proc" ino=2051344 scontext=u:r:untrusted_app:s0:c512,c768 tcontext=u:r:kernel:s0 tclass=dir permissive=0
01-08 13:27:27.035  7937  7937 I WebViewFactory: Loading com.google.android.webview version 46.0.2490.76 (code 249007600)
01-08 13:27:27.019  7957  7957 W ps      : type=1400 audit(0.0:117430): avc: denied { search } for uid=10109 name="6" dev="proc" ino=2051344 scontext=u:r:untrusted_app:s0:c512,c768 tcontext=u:r:kernel:s0 tclass=dir permissive=0
01-08 13:27:27.019  7957  7957 W ps      : type=1400 audit(0.0:117431): avc: denied { search } for uid=10109 name="6" dev="proc" ino=2051344 scontext=u:r:untrusted_app:s0:c512,c768 tcontext=u:r:kernel:s0 tclass=dir permissive=0
01-08 13:27:27.019  7957  7957 W ps      : type=1400 audit(0.0:117432): avc: denied { getattr } for uid=10109 path="/proc/7" dev="proc" ino=2051345 scontext=u:r:untrusted_app:s0:c512,c768 tcontext=u:r:kernel:s0 tclass=dir permissive=0
01-08 13:27:27.019  7957  7957 W ps      : type=1400 audit(0.0:117433): avc: denied { search } for uid=10109 name="7" dev="proc" ino=2051345 scontext=u:r:untrusted_app:s0:c512,c768 tcontext=u:r:kernel:s0 tclass=dir permissive=0
01-08 13:27:27.019  7957  7957 W ps      : type=1400 audit(0.0:117434): avc: denied { search } for uid=10109 name="7" dev="proc" ino=2051345 scontext=u:r:untrusted_app:s0:c512,c768 tcontext=u:r:kernel:s0 tclass=dir permissive=0
01-08 13:27:27.019  7957  7957 W ps      : type=1400 audit(0.0:117435): avc: denied { getattr } for uid=10109 path="/proc/8" dev="proc" ino=2051346 scontext=u:r:untrusted_app:s0:c512,c768 tcontext=u:r:kernel:s0 tclass=dir permissive=0
01-08 13:27:27.019  7957  7957 W ps      : type=1400 audit(0.0:117436): avc: denied { search } for uid=10109 name="8" dev="proc" ino=2051346 scontext=u:r:untrusted_app:s0:c512,c768 tcontext=u:r:kernel:s0 tclass=dir permissive=0
01-08 13:27:27.081  7937  7937 W System  : ClassLoader referenced unknown path: /system/app/WebViewGoogle/lib/arm
01-08 13:27:27.092  7937  7937 I cr.library_loader: Time to load native libraries: 4 ms (timestamps 5699-5703)
01-08 13:27:27.093  7937  7937 I cr.library_loader: Expected native library version number "46.0.2490.76", actual native library version number "46.0.2490.76"
01-08 13:27:27.107  7937  7937 V WebViewChromiumFactoryProvider: Binding Chromium to main looper Looper (main, tid 1) {715a112}
01-08 13:27:27.107  7937  7937 I cr.library_loader: Expected native library version number "46.0.2490.76", actual native library version number "46.0.2490.76"
01-08 13:27:27.108  7937  7937 I chromium: [INFO:library_loader_hooks.cc(118)] Chromium logging enabled: level = 0, default verbosity = 0
01-08 13:27:27.116  7937  7937 I cr.BrowserStartup: Initializing chromium process, singleProcess=true
01-08 13:27:27.121  7937  7937 E SysUtils: ApplicationContext is null in ApplicationStatus
01-08 13:27:27.144  7937  7937 I Adreno-EGL: <qeglDrvAPI_eglInitialize:379>: EGL 1.4 QUALCOMM build:  (Ifd751822f5)
01-08 13:27:27.144  7937  7937 I Adreno-EGL: OpenGL ES Shader Compiler Version: XE031.06.00.05
01-08 13:27:27.144  7937  7937 I Adreno-EGL: Build Date: 01/26/16 Tue
01-08 13:27:27.144  7937  7937 I Adreno-EGL: Local Branch: AU12_SBA
01-08 13:27:27.144  7937  7937 I Adreno-EGL: Remote Branch: 
01-08 13:27:27.144  7937  7937 I Adreno-EGL: Local Patches: 
01-08 13:27:27.144  7937  7937 I Adreno-EGL: Reconstruct Branch: 
01-08 13:27:27.175  7937  7937 E chromium: [ERROR:browser_gpu_channel_host_factory.cc(258)] Failed to init browser shader disk cache.
01-08 13:27:27.196  7937  7937 E libEGL  : validate_display:255 error 3008 (EGL_BAD_DISPLAY)
01-08 13:27:27.233  7937  7937 W art     : Attempt to remove non-JNI local reference, dumping thread
01-08 13:27:27.243  7937  7937 W AwContents: onDetachedFromWindow called when already detached. Ignoring
01-08 13:27:28.882  7937  7937 V RobotCore: Network: inactive, disconnected
01-08 13:27:28.889  7937  7937 V RCActivity: onStart()
01-08 13:27:28.892  7937  7937 V RCActivity: onResume()
01-08 13:27:28.897  7937  7988 D OpenGLRenderer: Use EGL_SWAP_BEHAVIOR_PRESERVED: true
01-08 13:27:28.928  7937  7937 V FTCService: onCreate()
01-08 13:27:28.928  7937  7937 V FTCService: onBind()
01-08 13:27:28.928  7937  7937 V FTCService: Android device is motorola, MotoG3
01-08 13:27:28.929  7937  7937 V RobotCore: Starting network of type: WIFIDIRECT
01-08 13:27:28.932  7937  7937 V WifiDirect: There are 1 Wifi Direct Assistant Clients (+)
01-08 13:27:28.933  7937  7937 V WifiDirect: Enabling Wifi Direct Assistant
01-08 13:27:28.961  7937  7988 I OpenGLRenderer: Initialized EGL, version 1.4
01-08 13:27:28.975  7937  7937 D WifiDirect: broadcast: state - enabled: true
01-08 13:27:28.978  7937  7937 D WifiDirect: broadcast: connection changed: connectStatus=NOT_CONNECTED networkInfo.state=CONNECTED
01-08 13:27:28.978  7937  7937 V WifiDirect: NetworkInfo: [type: WIFI_P2P[], state: CONNECTED/CONNECTED, reason: (unspecified), extra: (none), roaming: false, failover: false, isAvailable: true]
01-08 13:27:28.979  7937  7937 V WifiDirect: WifiP2pInfo: groupFormed: true isGroupOwner: true operatingChannel: 2422 groupOwnerAddress: /192.168.49.1 mccMode: false
01-08 13:27:28.979  7937  7937 V WifiDirect: WifiP2pGroup: network: DIRECT-u3-9899-E-RC, isGO: true, Operating Channel: 2422, GO: Device: , deviceAddress: 24:da:9b:6a:a2:ba, primary type: null, secondary type: null, wps: 0, grpcapab: 0, devcapab: 0, status: 4, wfdInfo: WFD enabled: falseWFD DeviceInfo: 0, WFD CtrlPort: 0, WFD MaxThroughput: 0, level: 0, Client: Device: 9899-E-DS, deviceAddress: a4:70:d6:d3:3d:55, primary type: 10-0050F204-5, secondary type: null, wps: 392, grpcapab: 0, devcapab: 37, status: 0, wfdInfo: null, level: 60, interface: p2p0, networkId: 1, mGoOperFreq: 2422
01-08 13:27:28.979  7937  7937 D WifiDirect: cannot create group, does group already exist?
01-08 13:27:28.979  7937  7937 D WifiDirect: broadcast: this device changed
01-08 13:27:28.980  7937  7937 V WifiDirect: device information: 9899-E-RC 24:da:9b:6a:a2:ba
01-08 13:27:28.980  7937  7937 V FTCService: RCActivity.controllerService=bound
01-08 13:27:28.980  7937  7937 V RobotCore: Network: unknown, disconnected
01-08 13:27:28.981  7937  7937 V RobotCore: Robot Status: stopped
01-08 13:27:29.000  7937  7937 D OpmodeRegistration: registered {DefaultOpMode} as {$Stop$Robot$}
01-08 13:27:29.001  7937  7937 V FTCService: Processing robot setup
01-08 13:27:29.004  7937  7992 V RobotCore: thread: 'RobotSetupRunnable.run()' starting...
01-08 13:27:29.005  7937  7992 V RobotCore: Robot Status: stopped, scanning for USB devices
01-08 13:27:29.038  7937  7937 D WifiDirect: group owners address: /192.168.49.1
01-08 13:27:29.038  7937  7937 D WifiDirect: group formed, this device is the group owner (GO)
01-08 13:27:29.038  7937  7937 I FTCService: Wifi Direct - connected as group owner
01-08 13:27:29.038  7937  7937 D WifiDirect: stop discovering peers
01-08 13:27:29.044  7937  7937 V RobotCore: Network: enabled, disconnected
01-08 13:27:29.072  7937  7937 V WifiDirect: connection information available
01-08 13:27:29.072  7937  7937 V WifiDirect: connection information - groupOwnerName = 9899-E-RC
01-08 13:27:29.072  7937  7937 V WifiDirect: connection information - groupOwnerMacAddress = 24:da:9b:6a:a2:ba
01-08 13:27:29.072  7937  7937 V WifiDirect: connection information - groupInterface = p2p0
01-08 13:27:29.072  7937  7937 V WifiDirect: connection information - groupNetworkName = DIRECT-u3-9899-E-RC
01-08 13:27:29.072  7937  7937 I FTCService: Network Connection Passphrase: ZY55bu2t
01-08 13:27:29.073  7937  7937 V RobotCore: Network: active, disconnected
01-08 13:27:32.781  7937  7937 V RCActivity: onPause()
01-08 13:27:32.789  7937  7937 V RCActivity: onStop()
01-08 13:27:32.790  7937  7992 V RobotCore: Robot Status: stopped, internal error
01-08 13:27:32.790  7937  7992 V RobotCore: thread: ...terminating 'RobotSetupRunnable.run()'
01-08 13:27:32.790  7937  7937 V RobotCore: executive service robot setup is terminated
01-08 13:27:32.793  7937  7937 V RobotCore: Robot Status: stopped
01-08 13:28:34.605  8254  8254 I art     : Late-enabling -Xcheck:jni
01-08 13:28:34.676  8254  8254 I InstantRun: Instant Run Runtime started. Android package is com.qualcomm.ftcrobotcontroller, real application class is org.firstinspires.ftc.robotcore.internal.RobotApplication.
01-08 13:28:35.056  8254  8254 V RCActivity: onCreate()
01-08 13:28:35.060  8254  8268 V RobotCore: saving logcat to /storage/emulated/0/com.qualcomm.ftcrobotcontroller.logcat
01-08 13:28:35.060  8254  8268 V RobotCore: logging command line: logcat -f /storage/emulated/0/com.qualcomm.ftcrobotcontroller.logcat -r4096 -n4 -v threadtime UsbRequestJNI:S UsbRequest:S *:V
01-08 13:28:35.079  8270  8270 W ps      : type=1400 audit(0.0:118086): avc: denied { getattr } for uid=10109 path="/proc/1" dev="proc" ino=2050353 scontext=u:r:untrusted_app:s0:c512,c768 tcontext=u:r:init:s0 tclass=dir permissive=0
01-08 13:28:35.079  8270  8270 W ps      : type=1400 audit(0.0:118087): avc: denied { search } for uid=10109 name="1" dev="proc" ino=2050353 scontext=u:r:untrusted_app:s0:c512,c768 tcontext=u:r:init:s0 tclass=dir permissive=0
01-08 13:28:35.079  8270  8270 W ps      : type=1400 audit(0.0:118088): avc: denied { search } for uid=10109 name="1" dev="proc" ino=2050353 scontext=u:r:untrusted_app:s0:c512,c768 tcontext=u:r:init:s0 tclass=dir permissive=0
01-08 13:28:35.079  8270  8270 W ps      : type=1400 audit(0.0:118089): avc: denied { getattr } for uid=10109 path="/proc/2" dev="proc" ino=2051341 scontext=u:r:untrusted_app:s0:c512,c768 tcontext=u:r:kernel:s0 tclass=dir permissive=0
01-08 13:28:35.079  8270  8270 W ps      : type=1400 audit(0.0:118090): avc: denied { search } for uid=10109 name="2" dev="proc" ino=2051341 scontext=u:r:untrusted_app:s0:c512,c768 tcontext=u:r:kernel:s0 tclass=dir permissive=0
01-08 13:28:35.079  8270  8270 W ps      : type=1400 audit(0.0:118091): avc: denied { search } for uid=10109 name="2" dev="proc" ino=2051341 scontext=u:r:untrusted_app:s0:c512,c768 tcontext=u:r:kernel:s0 tclass=dir permissive=0
01-08 13:28:35.079  8270  8270 W ps      : type=1400 audit(0.0:118092): avc: denied { getattr } for uid=10109 path="/proc/3" dev="proc" ino=2051342 scontext=u:r:untrusted_app:s0:c512,c768 tcontext=u:r:kernel:s0 tclass=dir permissive=0
01-08 13:28:35.079  8270  8270 W ps      : type=1400 audit(0.0:118093): avc: denied { search } for uid=10109 name="3" dev="proc" ino=2051342 scontext=u:r:untrusted_app:s0:c512,c768 tcontext=u:r:kernel:s0 tclass=dir permissive=0
01-08 13:28:35.079  8270  8270 W ps      : type=1400 audit(0.0:118094): avc: denied { search } for uid=10109 name="3" dev="proc" ino=2051342 scontext=u:r:untrusted_app:s0:c512,c768 tcontext=u:r:kernel:s0 tclass=dir permissive=0
01-08 13:28:35.079  8270  8270 W ps      : type=1400 audit(0.0:118095): avc: denied { getattr } for uid=10109 path="/proc/5" dev="proc" ino=2051343 scontext=u:r:untrusted_app:s0:c512,c768 tcontext=u:r:kernel:s0 tclass=dir permissive=0
01-08 13:28:35.079  8270  8270 W ps      : type=1400 audit(0.0:118096): avc: denied { search } for uid=10109 name="5" dev="proc" ino=2051343 scontext=u:r:untrusted_app:s0:c512,c768 tcontext=u:r:kernel:s0 tclass=dir permissive=0
01-08 13:28:35.079  8270  8270 W ps      : type=1400 audit(0.0:118097): avc: denied { search } for uid=10109 name="5" dev="proc" ino=2051343 scontext=u:r:untrusted_app:s0:c512,c768 tcontext=u:r:kernel:s0 tclass=dir permissive=0
01-08 13:28:35.079  8270  8270 W ps      : type=1400 audit(0.0:118098): avc: denied { getattr } for uid=10109 path="/proc/6" dev="proc" ino=2051344 scontext=u:r:untrusted_app:s0:c512,c768 tcontext=u:r:kernel:s0 tclass=dir permissive=0
01-08 13:28:35.079  8270  8270 W ps      : type=1400 audit(0.0:118099): avc: denied { search } for uid=10109 name="6" dev="proc" ino=2051344 scontext=u:r:untrusted_app:s0:c512,c768 tcontext=u:r:kernel:s0 tclass=dir permissive=0
01-08 13:28:35.079  8270  8270 W ps      : type=1400 audit(0.0:118100): avc: denied { search } for uid=10109 name="6" dev="proc" ino=2051344 scontext=u:r:untrusted_app:s0:c512,c768 tcontext=u:r:kernel:s0 tclass=dir permissive=0
01-08 13:28:35.079  8270  8270 W ps      : type=1400 audit(0.0:118101): avc: denied { getattr } for uid=10109 path="/proc/7" dev="proc" ino=2051345 scontext=u:r:untrusted_app:s0:c512,c768 tcontext=u:r:kernel:s0 tclass=dir permissive=0
01-08 13:28:35.079  8270  8270 W ps      : type=1400 audit(0.0:118102): avc: denied { search } for uid=10109 name="7" dev="proc" ino=2051345 scontext=u:r:untrusted_app:s0:c512,c768 tcontext=u:r:kernel:s0 tclass=dir permissive=0
01-08 13:28:35.079  8270  8270 W ps      : type=1400 audit(0.0:118103): avc: denied { search } for uid=10109 name="7" dev="proc" ino=2051345 scontext=u:r:untrusted_app:s0:c512,c768 tcontext=u:r:kernel:s0 tclass=dir permissive=0
01-08 13:28:35.079  8270  8270 W ps      : type=1400 audit(0.0:118104): avc: denied { getattr } for uid=10109 path="/proc/8" dev="proc" ino=2051346 scontext=u:r:untrusted_app:s0:c512,c768 tcontext=u:r:kernel:s0 tclass=dir permissive=0
01-08 13:28:35.079  8270  8270 W ps      : type=1400 audit(0.0:118105): avc: denied { search } for uid=10109 name="8" dev="proc" ino=2051346 scontext=u:r:untrusted_app:s0:c512,c768 tcontext=u:r:kernel:s0 tclass=dir permissive=0
01-08 13:28:35.093  8254  8254 I WebViewFactory: Loading com.google.android.webview version 46.0.2490.76 (code 249007600)
01-08 13:28:35.132  8254  8254 W System  : ClassLoader referenced unknown path: /system/app/WebViewGoogle/lib/arm
01-08 13:28:35.150  8254  8254 I cr.library_loader: Time to load native libraries: 13 ms (timestamps 3748-3761)
01-08 13:28:35.150  8254  8254 I cr.library_loader: Expected native library version number "46.0.2490.76", actual native library version number "46.0.2490.76"
01-08 13:28:35.162  8254  8254 V WebViewChromiumFactoryProvider: Binding Chromium to main looper Looper (main, tid 1) {4ddb89d}
01-08 13:28:35.163  8254  8254 I cr.library_loader: Expected native library version number "46.0.2490.76", actual native library version number "46.0.2490.76"
01-08 13:28:35.163  8254  8254 I chromium: [INFO:library_loader_hooks.cc(118)] Chromium logging enabled: level = 0, default verbosity = 0
01-08 13:28:35.171  8254  8254 I cr.BrowserStartup: Initializing chromium process, singleProcess=true
01-08 13:28:35.175  8254  8254 E SysUtils: ApplicationContext is null in ApplicationStatus
01-08 13:28:35.204  8254  8254 I Adreno-EGL: <qeglDrvAPI_eglInitialize:379>: EGL 1.4 QUALCOMM build:  (Ifd751822f5)
01-08 13:28:35.204  8254  8254 I Adreno-EGL: OpenGL ES Shader Compiler Version: XE031.06.00.05
01-08 13:28:35.204  8254  8254 I Adreno-EGL: Build Date: 01/26/16 Tue
01-08 13:28:35.204  8254  8254 I Adreno-EGL: Local Branch: AU12_SBA
01-08 13:28:35.204  8254  8254 I Adreno-EGL: Remote Branch: 
01-08 13:28:35.204  8254  8254 I Adreno-EGL: Local Patches: 
01-08 13:28:35.204  8254  8254 I Adreno-EGL: Reconstruct Branch: 
01-08 13:28:35.232  8254  8254 E chromium: [ERROR:browser_gpu_channel_host_factory.cc(258)] Failed to init browser shader disk cache.
01-08 13:28:35.245  8254  8254 E libEGL  : validate_display:255 error 3008 (EGL_BAD_DISPLAY)
01-08 13:28:35.279  8254  8254 W art     : Attempt to remove non-JNI local reference, dumping thread
01-08 13:28:35.288  8254  8254 W AwContents: onDetachedFromWindow called when already detached. Ignoring
01-08 13:28:36.762  8254  8254 V RobotCore: Network: inactive, disconnected
01-08 13:28:36.770  8254  8254 V RCActivity: onStart()
01-08 13:28:36.773  8254  8254 V RCActivity: onResume()
01-08 13:28:36.778  8254  8299 D OpenGLRenderer: Use EGL_SWAP_BEHAVIOR_PRESERVED: true
01-08 13:28:36.804  8254  8254 V RCActivity: onPause()
01-08 13:28:36.805  8254  8254 V RCActivity: onResume()
01-08 13:28:36.806  8254  8254 V RCActivity: onPause()
01-08 13:28:36.806  8254  8254 V RCActivity: onResume()
01-08 13:28:36.807  8254  8254 V RCActivity: onPause()
01-08 13:28:36.807  8254  8254 V RCActivity: onResume()
01-08 13:28:36.811  8254  8254 V RCActivity: onPause()
01-08 13:28:36.811  8254  8254 V RCActivity: onResume()
01-08 13:28:36.812  8254  8254 V RCActivity: onPause()
01-08 13:28:36.812  8254  8254 V RCActivity: onResume()
01-08 13:28:36.815  8254  8254 V FTCService: onCreate()
01-08 13:28:36.816  8254  8254 V FTCService: onBind()
01-08 13:28:36.816  8254  8254 V FTCService: Android device is motorola, MotoG3
01-08 13:28:36.817  8254  8254 V RobotCore: Starting network of type: WIFIDIRECT
01-08 13:28:36.819  8254  8254 V WifiDirect: There are 1 Wifi Direct Assistant Clients (+)
01-08 13:28:36.819  8254  8254 V WifiDirect: Enabling Wifi Direct Assistant
01-08 13:28:36.847  8254  8299 I OpenGLRenderer: Initialized EGL, version 1.4
01-08 13:28:36.861  8254  8254 D WifiDirect: broadcast: state - enabled: true
01-08 13:28:36.864  8254  8254 D WifiDirect: broadcast: connection changed: connectStatus=NOT_CONNECTED networkInfo.state=CONNECTED
01-08 13:28:36.864  8254  8254 V WifiDirect: NetworkInfo: [type: WIFI_P2P[], state: CONNECTED/CONNECTED, reason: (unspecified), extra: (none), roaming: false, failover: false, isAvailable: true]
01-08 13:28:36.864  8254  8254 V WifiDirect: WifiP2pInfo: groupFormed: true isGroupOwner: true operatingChannel: 2422 groupOwnerAddress: /192.168.49.1 mccMode: false
01-08 13:28:36.864  8254  8254 V WifiDirect: WifiP2pGroup: network: DIRECT-u3-9899-E-RC, isGO: true, Operating Channel: 2422, GO: Device: , deviceAddress: 24:da:9b:6a:a2:ba, primary type: null, secondary type: null, wps: 0, grpcapab: 0, devcapab: 0, status: 4, wfdInfo: WFD enabled: falseWFD DeviceInfo: 0, WFD CtrlPort: 0, WFD MaxThroughput: 0, level: 0, Client: Device: 9899-E-DS, deviceAddress: a4:70:d6:d3:3d:55, primary type: 10-0050F204-5, secondary type: null, wps: 392, grpcapab: 0, devcapab: 37, status: 0, wfdInfo: null, level: 60, interface: p2p0, networkId: 1, mGoOperFreq: 2422
01-08 13:28:36.867  8254  8254 D WifiDirect: broadcast: this device changed
01-08 13:28:36.867  8254  8254 V WifiDirect: device information: 9899-E-RC 24:da:9b:6a:a2:ba
01-08 13:28:36.867  8254  8254 D WifiDirect: cannot create group, does group already exist?
01-08 13:28:36.867  8254  8254 V FTCService: RCActivity.controllerService=bound
01-08 13:28:36.868  8254  8254 V RobotCore: Network: unknown, disconnected
01-08 13:28:36.868  8254  8254 V RobotCore: Robot Status: stopped
01-08 13:28:36.885  8254  8254 D OpmodeRegistration: registered {DefaultOpMode} as {$Stop$Robot$}
01-08 13:28:36.885  8254  8254 V FTCService: Processing robot setup
01-08 13:28:36.886  8254  8254 V D2xx::  : Start constructor
01-08 13:28:36.889  8254  8303 V RobotCore: thread: 'RobotSetupRunnable.run()' starting...
01-08 13:28:36.890  8254  8303 V RobotCore: Robot Status: stopped, scanning for USB devices
01-08 13:28:36.890  8254  8254 V D2xx::  : End constructor
01-08 13:28:36.891  8254  8254 V D2xx::  : Vendor: 0403, Product: 6001
01-08 13:28:36.891  8254  8254 V D2xx::  : Vendor: 0403, Product: 6001
01-08 13:28:36.891  8254  8254 I FIRST   : ignoring: unable get serial number of attached UsbDevice vendor=0x0403, product=0x6001 device=0x03ec name=/dev/bus/usb/001/004
01-08 13:28:36.891  8254  8254 V D2xx::  : Vendor: 0403, Product: 6001
01-08 13:28:36.891  8254  8254 V D2xx::  : Vendor: 0403, Product: 6001
01-08 13:28:36.892  8254  8254 I FIRST   : ignoring: unable get serial number of attached UsbDevice vendor=0x0403, product=0x6001 device=0x03ed name=/dev/bus/usb/001/005
01-08 13:28:36.892  8254  8254 V D2xx::  : Vendor: 0403, Product: 6001
01-08 13:28:36.892  8254  8254 V D2xx::  : Vendor: 0403, Product: 6001
01-08 13:28:36.892  8254  8254 I FIRST   : ignoring: unable get serial number of attached UsbDevice vendor=0x0403, product=0x6001 device=0x03ee name=/dev/bus/usb/001/006
01-08 13:28:36.892  8254  8254 V D2xx::  : Vendor: 0403, Product: 6001
01-08 13:28:36.892  8254  8254 V D2xx::  : Vendor: 0403, Product: 6001
01-08 13:28:36.892  8254  8254 I FIRST   : ignoring: unable get serial number of attached UsbDevice vendor=0x0403, product=0x6001 device=0x03ef name=/dev/bus/usb/001/007
01-08 13:28:36.892  8254  8254 V D2xx::  : Vendor: 0403, Product: 6001
01-08 13:28:36.892  8254  8254 V D2xx::  : Vendor: 0403, Product: 6001
01-08 13:28:36.892  8254  8254 I FIRST   : ignoring: unable get serial number of attached UsbDevice vendor=0x0403, product=0x6001 device=0x03f0 name=/dev/bus/usb/001/008
01-08 13:28:36.928  8254  8254 D WifiDirect: group owners address: /192.168.49.1
01-08 13:28:36.928  8254  8254 D WifiDirect: group formed, this device is the group owner (GO)
01-08 13:28:36.928  8254  8254 I FTCService: Wifi Direct - connected as group owner
01-08 13:28:36.928  8254  8254 D WifiDirect: stop discovering peers
01-08 13:28:36.933  8254  8254 V RobotCore: Network: enabled, disconnected
01-08 13:28:36.957  8254  8254 V WifiDirect: connection information available
01-08 13:28:36.957  8254  8254 V WifiDirect: connection information - groupOwnerName = 9899-E-RC
01-08 13:28:36.957  8254  8254 V WifiDirect: connection information - groupOwnerMacAddress = 24:da:9b:6a:a2:ba
01-08 13:28:36.957  8254  8254 V WifiDirect: connection information - groupInterface = p2p0
01-08 13:28:36.957  8254  8254 V WifiDirect: connection information - groupNetworkName = DIRECT-u3-9899-E-RC
01-08 13:28:36.957  8254  8254 I FTCService: Network Connection Passphrase: ZY55bu2t
01-08 13:28:36.958  8254  8254 V RobotCore: Network: active, disconnected
01-08 13:28:41.891  8254  8303 V RobotCore: EventLoopManager state is NOT_STARTED
01-08 13:28:41.892  8254  8303 V RobotCore: Robot Status: stopped, waiting on network
01-08 13:28:41.892  8254  8303 V RobotCore: Robot Status: stopped, starting robot
01-08 13:28:41.892  8254  8303 V Robocol : EventLoopManager.start()
01-08 13:28:41.893  8254  8303 V RobotCore: Starting network of type: WIFIDIRECT
01-08 13:28:41.893  8254  8303 V Robocol : Spoofing a Network Connection event...
01-08 13:28:41.895  8254  8254 I RobotCore: Battery Checker, Level Remaining: 100.0
01-08 13:28:41.897  8254  8254 I RobotCore: Battery Checker, Level Remaining: 100.0
01-08 13:28:41.897  8254  8303 V RobotCore: executive service EventLoop is terminated
01-08 13:28:41.897  8254  8303 V RobotCore: EventLoopManager state is STOPPED
01-08 13:28:41.898  8254  8303 V Robocol : eventLoop=FtcEventLoop
01-08 13:28:41.898  8254  8303 V RobotCore: EventLoopManager state is INIT
01-08 13:28:41.898  8254  8303 V RobotCore: Robot Status: initializing, starting robot
01-08 13:28:41.898  8254  8303 I FIRST   : ======= INIT START =======
01-08 13:28:41.901  8254  8306 V RobotCore: thread: 'SetupRunnable.run()' starting...
01-08 13:28:41.907  8254  8303 D OpmodeRegistration: registered {RunAMotorOrTwo} as {RunAMotorOrTwo}
01-08 13:28:41.907  8254  8303 D OpmodeRegistration: registered {ShooterControl} as {ShooterControl}
01-08 13:28:41.908  8254  8303 D OpmodeRegistration: registered {ShooterData} as {ShooterData}
01-08 13:28:41.911  8254  8303 D OpmodeRegistration: registered {FinalTeleOp} as {FinalTeleOp}
01-08 13:28:41.912  8254  8303 D OpmodeRegistration: registered {RedAuto} as {RedAuto}
01-08 13:28:41.928  8254  8303 V RobotCore: Creating Modern Robotics USB Servo Controller [AL00VSDY]
01-08 13:28:41.939  8254  8303 D RobotCore: arming modern servo controller Modern Robotics USB Servo Controller [AL00VSDY]...
01-08 13:28:41.942  8254  8306 D Robocol : RobocolDatagramSocket listening addr=/192.168.49.1:20884 cbRec=65520 cbSend=163840 msRecTO=300
01-08 13:28:41.942  8254  8303 V D2xx::  : Vendor: 0403, Product: 6001
01-08 13:28:41.944  8254  8306 V Robocol : RecvLoopRunnable created
01-08 13:28:41.947  8254  8306 V PeerDiscovery: Starting peer discovery
01-08 13:28:41.948  8254  8308 V RobotCore: thread: 'RecvLoopRunnable.run()' starting...
01-08 13:28:41.949  8254  8306 V RobotCore: Setup complete
01-08 13:28:41.950  8254  8306 V RobotCore: thread: ...terminating 'SetupRunnable.run()'
01-08 13:28:41.955  8254  8303 D UsbDeviceConnectionJNI: close
01-08 13:28:41.956  8254  8303 V D2xx::  : Vendor: 0403, Product: 6001
01-08 13:28:41.964  8254  8303 D UsbDeviceConnectionJNI: close
01-08 13:28:41.964  8254  8303 V D2xx::  : Vendor: 0403, Product: 6001
01-08 13:28:41.974  8254  8303 D UsbDeviceConnectionJNI: close
01-08 13:28:41.974  8254  8303 V D2xx::  : Vendor: 0403, Product: 6001
01-08 13:28:41.983  8254  8303 D UsbDeviceConnectionJNI: close
01-08 13:28:41.983  8254  8303 V D2xx::  : Vendor: 0403, Product: 6001
01-08 13:28:41.989  8254  8308 D RobotCore: system telemetry: key=$System$None$ msg=""
01-08 13:28:41.991  8254  8308 V PeerDiscovery: new remote peer discovered: 192.168.49.134
01-08 13:28:41.991  8254  8308 D Robocol : RobocolDatagramSocket connected to /192.168.49.134:20884
01-08 13:28:41.992  8254  8308 V NetworkConnectionHandler: starting sending loop
01-08 13:28:41.992  8254  8308 V Robocol : SendOnceRunnable created
01-08 13:28:41.993  8254  8303 D UsbDeviceConnectionJNI: close
01-08 13:28:41.993  8254  8303 V D2xx::  : Vendor: 0403, Product: 6001
01-08 13:28:42.003  8254  8303 D UsbDeviceConnectionJNI: close
01-08 13:28:42.004  8254  8303 D FTDI_Device::: open SUCCESS
01-08 13:28:42.004  8254  8303 I FTDI_Device::: EP: 0x81
01-08 13:28:42.004  8254  8303 I FTDI_Device::: EP: 0x02
01-08 13:28:42.005  8254  8303 D D2XX::  : **********************Device Opened**********************
01-08 13:28:42.016  8254  8308 V RobotCore: Network: active, connected
01-08 13:28:42.049  8254  8314 D MediaPlayer: setSubtitleAnchor in MediaPlayer
01-08 13:28:42.049  8254  8254 D MediaPlayer: setSubtitleAnchor in MediaPlayer
01-08 13:28:42.073  8254  8310 V Robocol : sending CMD_REQUEST_USER_SENSOR_LIST_RESP(10), attempt: 0
01-08 13:28:42.082  8254  8312 D ExtendedUtils: extended extractor not needed, return default
01-08 13:28:42.082  8254  8312 I MediaCodec: (0xb76747e0) init name(audio/raw) isType(1) encoder(0)
01-08 13:28:42.084  8254  8320 I OMXClient: Using client-side OMX mux.
01-08 13:28:42.087  8254  8320 E OMXMaster: A component of name 'OMX.qcom.audio.decoder.aac' already exists, ignoring this one.
01-08 13:28:42.089  8254  8320 I MediaCodec: (0xb76747e0) Component Allocated (OMX.google.raw.decoder)
01-08 13:28:42.089  8254  8312 I MediaCodec: (0xb76747e0) configure surface(0x0) crypto(0x0) flags(0)
01-08 13:28:42.090  8254  8312 D MediaCodec: (0xb76747e0) configure format: AMessage(what = 0x00000000) = {
01-08 13:28:42.090  8254  8312 D MediaCodec:    string mime = "audio/raw"
01-08 13:28:42.090  8254  8312 D MediaCodec:    int64_t durationUs = 485011
01-08 13:28:42.090  8254  8312 D MediaCodec:    int32_t channel-count = 2
01-08 13:28:42.090  8254  8312 D MediaCodec:    int32_t sample-rate = 44100
01-08 13:28:42.090  8254  8312 D MediaCodec:    int32_t channel-mask = 0
01-08 13:28:42.090  8254  8312 D MediaCodec:  }
01-08 13:28:42.091  8254  8312 I MediaCodec: (0xb76747e0) start
01-08 13:28:42.092  8254  8320 I MediaCodec: (0xb76747e0) input buffers allocated
01-08 13:28:42.092  8254  8320 I MediaCodec: (0xb76747e0) numBuffers (4)
01-08 13:28:42.092  8254  8320 I MediaCodec: (0xb76747e0) output buffers allocated
01-08 13:28:42.092  8254  8320 I MediaCodec: (0xb76747e0) numBuffers (4)
01-08 13:28:42.093  8254  8320 I MediaCodec: (0xb76747e0) codec output format changed
01-08 13:28:42.093  8254  8320 D MediaCodec: (0xb76747e0) output format: AMessage(what = 'codc', target = 2) = {
01-08 13:28:42.093  8254  8320 D MediaCodec:    string mime = "audio/raw"
01-08 13:28:42.093  8254  8320 D MediaCodec:    int32_t channel-count = 2
01-08 13:28:42.093  8254  8320 D MediaCodec:    int32_t sample-rate = 44100
01-08 13:28:42.093  8254  8320 D MediaCodec:    int32_t channel-mask = 0
01-08 13:28:42.093  8254  8320 D MediaCodec:    int32_t what = 1869968451
01-08 13:28:42.093  8254  8320 D MediaCodec:  }
01-08 13:28:42.101  8254  8312 I MediaCodec: (0xb76747e0) stop
01-08 13:28:42.103  8254  8312 I MediaCodec: (0xb76747e0) release
01-08 13:28:42.108  8254  8314 W AudioTrack: AUDIO_OUTPUT_FLAG_FAST denied by client; transfer 4, track 44100 Hz, output 48000 Hz
01-08 13:28:42.180  8254  8308 V Robocol : received command: CMD_REQUEST_OP_MODE_LIST(10001) 
01-08 13:28:42.180  8254  8308 V Robocol : received command: CMD_REQUEST_ACTIVE_CONFIGURATION(10002) 
01-08 13:28:42.193  8254  8310 V Robocol : sending CMD_REQUEST_OP_MODE_LIST_RESP(15), attempt: 0
01-08 13:28:42.193  8254  8310 V Robocol : sending CMD_REQUEST_USER_SENSOR_LIST_RESP(16), attempt: 0
01-08 13:28:42.198  8254  8308 V Robocol : received command: CMD_REQUEST_USER_SENSOR_LIST_RESP(10) [{"description":"a MR compass sensor","flavor":"I2C","name":"MR Compass Sensor","xmlTag":"ModernRoboticsI2cCompassSensor"},{"description":"an Adafruit IMU","flavor":"I2C","name":"Adafruit IMU","xmlTag":"AdafruitBNO055IMU"},{"description":"a MR range sensor","flavor":"I2C","name":"MR Range Sensor","xmlTag":"ModernRoboticsI2cRangeSensor"}]
01-08 13:28:42.233  8254  8310 V Robocol : sending CMD_REQUEST_ACTIVE_CONFIGURATION_RESP(18), attempt: 0
01-08 13:28:42.246  8254  8308 V Robocol : received command: CMD_REQUEST_OP_MODE_LIST_RESP(15) [{"flavor":"TELEOP","group":"Test","name":"RunAMotorOrTwo"},{"flavor":"TELEOP","group":"Test","name":"ShooterControl"},{"flavor":"AUTONOMOUS","group":"Test","name":"ShooterData"},{"flavor":"TELEOP","group":"Competition","name":"FinalTeleOp"},{"flavor":"AUTONOMOUS","group":"Competition","name":"RedAuto"}]
01-08 13:28:42.246  8254  8308 V Robocol : received command: CMD_INIT_OP_MODE(10010) $Stop$Robot$
01-08 13:28:42.247  8254  8308 V Robocol : received command: CMD_REQUEST_USER_SENSOR_LIST_RESP(16) [{"description":"a MR compass sensor","flavor":"I2C","name":"MR Compass Sensor","xmlTag":"ModernRoboticsI2cCompassSensor"},{"description":"an Adafruit IMU","flavor":"I2C","name":"Adafruit IMU","xmlTag":"AdafruitBNO055IMU"},{"description":"a MR range sensor","flavor":"I2C","name":"MR Range Sensor","xmlTag":"ModernRoboticsI2cRangeSensor"}]
01-08 13:28:42.247  8254  8308 V Robocol : received command: CMD_REQUEST_ACTIVE_CONFIGURATION_RESP(18) {"isDirty":false,"location":"LOCAL_STORAGE","name":"FINAL_CONFIG_2017","resourceId":0}
01-08 13:28:42.453  8254  8303 V RobotCore: Starting up device AL00VSDY
01-08 13:28:42.462  8254  8324 V RobotCore: thread: 'r/w loop: Modern Robotics USB Servo Controller [AL00VSDY]' starting...
01-08 13:28:42.463  8254  8303 D RobotCore: ...arming modern servo controller Modern Robotics USB Servo Controller [AL00VSDY] complete
01-08 13:28:42.464  8254  8303 V RobotCore: Creating Modern Robotics USB Core Device Interface Module [AL00VFK6]
01-08 13:28:42.479  8254  8303 V D2xx::  : Vendor: 0403, Product: 6001
01-08 13:28:42.481  8254  8303 V D2xx::  : Vendor: 0403, Product: 6001
01-08 13:28:42.482  8254  8303 V D2xx::  : Vendor: 0403, Product: 6001
01-08 13:28:42.484  8254  8303 V D2xx::  : Vendor: 0403, Product: 6001
01-08 13:28:42.485  8254  8303 V D2xx::  : Vendor: 0403, Product: 6001
01-08 13:28:42.486  8254  8303 V D2xx::  : Vendor: 0403, Product: 6001
01-08 13:28:42.489  8254  8303 D FTDI_Device::: open SUCCESS
01-08 13:28:42.489  8254  8303 I FTDI_Device::: EP: 0x81
01-08 13:28:42.489  8254  8303 I FTDI_Device::: EP: 0x02
01-08 13:28:42.489  8254  8303 D D2XX::  : **********************Device Opened**********************
01-08 13:28:42.903  8254  8303 V RobotCore: Starting up device AL00VFK6
01-08 13:28:42.906  8254  8328 V RobotCore: thread: 'r/w loop: Modern Robotics USB Core Device Interface Module [AL00VFK6]' starting...
01-08 13:28:42.909  8254  8303 V RobotCore: Creating I2C Device - Port: 2
01-08 13:28:42.909  8254  8303 V RobotCore: Creating Modern Robotics I2C Gyro Sensor - Port: 3
01-08 13:28:42.923  8254  8303 V RobotCore: Creating I2C Device - Port: 4
01-08 13:28:42.923  8254  8303 V RobotCore: Creating Modern Robotics Analog Optical Distance Sensor - Port: 7
01-08 13:28:42.926  8254  8303 V RobotCore: Creating Modern Robotics USB DC Motor Controller [A104OQ1P]
01-08 13:28:42.936  8254  8303 D RobotCore: arming modern motor controller Modern Robotics USB DC Motor Controller [A104OQ1P]...
01-08 13:28:42.938  8254  8303 V D2xx::  : Vendor: 0403, Product: 6001
01-08 13:28:42.940  8254  8303 V D2xx::  : Vendor: 0403, Product: 6001
01-08 13:28:42.941  8254  8303 V D2xx::  : Vendor: 0403, Product: 6001
01-08 13:28:42.943  8254  8303 V D2xx::  : Vendor: 0403, Product: 6001
01-08 13:28:42.944  8254  8303 V D2xx::  : Vendor: 0403, Product: 6001
01-08 13:28:42.946  8254  8303 V D2xx::  : Vendor: 0403, Product: 6001
01-08 13:28:42.949  8254  8303 D FTDI_Device::: open SUCCESS
01-08 13:28:42.949  8254  8303 I FTDI_Device::: EP: 0x81
01-08 13:28:42.949  8254  8303 I FTDI_Device::: EP: 0x02
01-08 13:28:42.949  8254  8303 D D2XX::  : **********************Device Opened**********************
01-08 13:28:43.364  8254  8303 V RobotCore: Starting up device A104OQ1P
01-08 13:28:43.366  8254  8331 V RobotCore: thread: 'r/w loop: Modern Robotics USB DC Motor Controller [A104OQ1P]' starting...
01-08 13:28:43.366  8254  8303 D RobotCore: ...arming modern motor controller Modern Robotics USB DC Motor Controller [A104OQ1P] complete
01-08 13:28:43.403  8254  8303 V RobotCore: Creating Modern Robotics USB DC Motor Controller [AL00VWH0]
01-08 13:28:43.403  8254  8303 D RobotCore: arming modern motor controller Modern Robotics USB DC Motor Controller [AL00VWH0]...
01-08 13:28:43.405  8254  8303 V D2xx::  : Vendor: 0403, Product: 6001
01-08 13:28:43.408  8254  8303 V D2xx::  : Vendor: 0403, Product: 6001
01-08 13:28:43.410  8254  8303 V D2xx::  : Vendor: 0403, Product: 6001
01-08 13:28:43.413  8254  8303 V D2xx::  : Vendor: 0403, Product: 6001
01-08 13:28:43.416  8254  8303 V D2xx::  : Vendor: 0403, Product: 6001
01-08 13:28:43.418  8254  8303 V D2xx::  : Vendor: 0403, Product: 6001
01-08 13:28:43.421  8254  8303 D FTDI_Device::: open SUCCESS
01-08 13:28:43.421  8254  8303 I FTDI_Device::: EP: 0x81
01-08 13:28:43.421  8254  8303 I FTDI_Device::: EP: 0x02
01-08 13:28:43.421  8254  8303 D D2XX::  : **********************Device Opened**********************
01-08 13:28:43.844  8254  8303 V RobotCore: Starting up device AL00VWH0
01-08 13:28:43.847  8254  8334 V RobotCore: thread: 'r/w loop: Modern Robotics USB DC Motor Controller [AL00VWH0]' starting...
01-08 13:28:43.847  8254  8303 D RobotCore: ...arming modern motor controller Modern Robotics USB DC Motor Controller [AL00VWH0] complete
01-08 13:28:43.893  8254  8303 V RobotCore: Creating Modern Robotics USB DC Motor Controller [AI049QOP]
01-08 13:28:43.893  8254  8303 D RobotCore: arming modern motor controller Modern Robotics USB DC Motor Controller [AI049QOP]...
01-08 13:28:43.895  8254  8303 V D2xx::  : Vendor: 0403, Product: 6001
01-08 13:28:43.898  8254  8303 V D2xx::  : Vendor: 0403, Product: 6001
01-08 13:28:43.899  8254  8303 V D2xx::  : Vendor: 0403, Product: 6001
01-08 13:28:43.902  8254  8303 V D2xx::  : Vendor: 0403, Product: 6001
01-08 13:28:43.903  8254  8303 V D2xx::  : Vendor: 0403, Product: 6001
01-08 13:28:43.904  8254  8303 V D2xx::  : Vendor: 0403, Product: 6001
01-08 13:28:43.906  8254  8303 D FTDI_Device::: open SUCCESS
01-08 13:28:43.906  8254  8303 I FTDI_Device::: EP: 0x81
01-08 13:28:43.906  8254  8303 I FTDI_Device::: EP: 0x02
01-08 13:28:43.906  8254  8303 D D2XX::  : **********************Device Opened**********************
01-08 13:28:44.327  8254  8303 V RobotCore: Starting up device AI049QOP
01-08 13:28:44.328  8254  8337 V RobotCore: thread: 'r/w loop: Modern Robotics USB DC Motor Controller [AI049QOP]' starting...
01-08 13:28:44.329  8254  8303 D RobotCore: ...arming modern motor controller Modern Robotics USB DC Motor Controller [AI049QOP] complete
01-08 13:28:44.387  8254  8303 V RobotCore: Creating Modern Robotics USB DC Motor Controller [AL00VBIF]
01-08 13:28:44.387  8254  8303 D RobotCore: arming modern motor controller Modern Robotics USB DC Motor Controller [AL00VBIF]...
01-08 13:28:44.388  8254  8303 V D2xx::  : Vendor: 0403, Product: 6001
01-08 13:28:44.389  8254  8303 V D2xx::  : Vendor: 0403, Product: 6001
01-08 13:28:44.391  8254  8303 V D2xx::  : Vendor: 0403, Product: 6001
01-08 13:28:44.392  8254  8303 V D2xx::  : Vendor: 0403, Product: 6001
01-08 13:28:44.393  8254  8303 V D2xx::  : Vendor: 0403, Product: 6001
01-08 13:28:44.396  8254  8303 V D2xx::  : Vendor: 0403, Product: 6001
01-08 13:28:44.398  8254  8303 D FTDI_Device::: open SUCCESS
01-08 13:28:44.398  8254  8303 I FTDI_Device::: EP: 0x81
01-08 13:28:44.398  8254  8303 I FTDI_Device::: EP: 0x02
01-08 13:28:44.398  8254  8303 D D2XX::  : **********************Device Opened**********************
01-08 13:28:44.816  8254  8303 V RobotCore: Starting up device AL00VBIF
01-08 13:28:44.818  8254  8343 V RobotCore: thread: 'r/w loop: Modern Robotics USB DC Motor Controller [AL00VBIF]' starting...
01-08 13:28:44.819  8254  8303 D RobotCore: ...arming modern motor controller Modern Robotics USB DC Motor Controller [AL00VBIF] complete
01-08 13:28:44.911  8254  8303 I RobotCore: Analytics has completed initialization.
01-08 13:28:44.912  8254  8303 I RobotCore: ========= Device Information ===================================================
01-08 13:28:44.912  8254  8303 I RobotCore: Type                                               Name                           Connection
01-08 13:28:44.912  8254  8303 I RobotCore: I2cDevice                                          colorBack                      USB AL00VFK6; port 4
01-08 13:28:44.913  8254  8303 I RobotCore: Modern Robotics USB DC Motor Controller v2.0       Shooter                        USB AI049QOP
01-08 13:28:44.913  8254  8303 I RobotCore: DC Motor                                           rightFront                     USB AL00VWH0; port 1
01-08 13:28:44.913  8254  8303 I RobotCore: Modern Robotics USB DC Motor Controller v2.0       Front Motors                   USB AL00VWH0
01-08 13:28:44.913  8254  8303 I RobotCore: Modern Robotics USB DC Motor Controller v2.0       Back Motors                    USB A104OQ1P
01-08 13:28:44.913  8254  8303 I RobotCore: DC Motor                                           leftBack                       USB A104OQ1P; port 2
01-08 13:28:44.913  8254  8303 I RobotCore: Servo                                              upDown                         USB AL00VSDY; port 1
01-08 13:28:44.913  8254  8303 I RobotCore: DC Motor                                           shooter2                       USB AI049QOP; port 2
01-08 13:28:44.913  8254  8303 I RobotCore: DC Motor                                           shooter1                       USB AI049QOP; port 1
01-08 13:28:44.913  8254  8303 I RobotCore: DC Motor                                           leftFront                      USB AL00VWH0; port 2
01-08 13:28:44.913  8254  8303 I RobotCore: DC Motor                                           rightBack                      USB A104OQ1P; port 1
01-08 13:28:44.913  8254  8303 I RobotCore: Servo                                              ballFeeder                     USB AL00VSDY; port 2
01-08 13:28:44.914  8254  8303 I RobotCore: Modern Robotics USB DC Motor Controller v2.0       Intake                         USB AL00VBIF
01-08 13:28:44.914  8254  8303 I RobotCore: Modern Robotics USB Core Device Interface Module v1.5 Sensors                        USB AL00VFK6
01-08 13:28:44.914  8254  8303 I RobotCore: I2cDevice                                          colorFront                     USB AL00VFK6; port 2
01-08 13:28:44.914  8254  8303 I RobotCore: Modern Robotics USB Servo Controller v1.6          Servos                         USB AL00VSDY
01-08 13:28:44.914  8254  8303 I RobotCore: DC Motor                                           intake                         USB AL00VBIF; port 1
01-08 13:28:44.914  8254  8303 I RobotCore: Modern Robotics Gyro                               gyro                           USB AL00VFK6; I2C port: 3
01-08 13:28:44.914  8254  8303 I RobotCore: Modern Robotics Analog Optical Distance Sensor     ods                            USB AL00VFK6; analog port 7
01-08 13:28:44.914  8254  8303 I FIRST   : ======= INIT FINISH =======
01-08 13:28:44.914  8254  8303 V RobotCore: EventLoopManager state is RUNNING
01-08 13:28:44.914  8254  8303 V RobotCore: Robot Status: running, starting robot
01-08 13:28:44.915  8254  8303 V RobotCore: Robot Status: running
01-08 13:28:44.915  8254  8303 V RobotCore: thread: ...terminating 'RobotSetupRunnable.run()'
01-08 13:28:44.919  8254  8344 V RobotCore: thread: 'opmode loop()' starting...
01-08 13:28:44.942  8254  8254 D MediaPlayer: setSubtitleAnchor in MediaPlayer
01-08 13:28:44.943  8254  8314 D MediaPlayer: setSubtitleAnchor in MediaPlayer
01-08 13:28:44.962  8254  8312 D ExtendedUtils: extended extractor not needed, return default
01-08 13:28:44.964  8254  8312 I MediaCodec: (0xb7638b40) init name(audio/raw) isType(1) encoder(0)
01-08 13:28:44.966  8254  8348 I OMXClient: Using client-side OMX mux.
01-08 13:28:44.977  8254  8348 E OMXMaster: A component of name 'OMX.qcom.audio.decoder.aac' already exists, ignoring this one.
01-08 13:28:44.981  8254  8348 I MediaCodec: (0xb7638b40) Component Allocated (OMX.google.raw.decoder)
01-08 13:28:44.982  8254  8312 I MediaCodec: (0xb7638b40) configure surface(0x0) crypto(0x0) flags(0)
01-08 13:28:44.982  8254  8312 D MediaCodec: (0xb7638b40) configure format: AMessage(what = 0x00000000) = {
01-08 13:28:44.982  8254  8312 D MediaCodec:    string mime = "audio/raw"
01-08 13:28:44.982  8254  8312 D MediaCodec:    int64_t durationUs = 1019125
01-08 13:28:44.982  8254  8312 D MediaCodec:    int32_t channel-count = 1
01-08 13:28:44.982  8254  8312 D MediaCodec:    int32_t sample-rate = 8000
01-08 13:28:44.982  8254  8312 D MediaCodec:    int32_t channel-mask = 0
01-08 13:28:44.982  8254  8312 D MediaCodec:  }
01-08 13:28:44.982  8254  8312 I MediaCodec: (0xb7638b40) start
01-08 13:28:44.983  8254  8348 I MediaCodec: (0xb7638b40) input buffers allocated
01-08 13:28:44.983  8254  8348 I MediaCodec: (0xb7638b40) numBuffers (4)
01-08 13:28:44.983  8254  8348 I MediaCodec: (0xb7638b40) output buffers allocated
01-08 13:28:44.983  8254  8348 I MediaCodec: (0xb7638b40) numBuffers (4)
01-08 13:28:44.989  8254  8348 I MediaCodec: (0xb7638b40) codec output format changed
01-08 13:28:44.989  8254  8348 D MediaCodec: (0xb7638b40) output format: AMessage(what = 'codc', target = 6) = {
01-08 13:28:44.989  8254  8348 D MediaCodec:    string mime = "audio/raw"
01-08 13:28:44.989  8254  8348 D MediaCodec:    int32_t channel-count = 1
01-08 13:28:44.989  8254  8348 D MediaCodec:    int32_t sample-rate = 8000
01-08 13:28:44.989  8254  8348 D MediaCodec:    int32_t channel-mask = 0
01-08 13:28:44.989  8254  8348 D MediaCodec:    int32_t what = 1869968451
01-08 13:28:44.989  8254  8348 D MediaCodec:  }
01-08 13:28:44.992  8254  8312 I MediaCodec: (0xb7638b40) stop
01-08 13:28:44.993  8254  8312 I MediaCodec: (0xb7638b40) release
01-08 13:28:45.022  8254  8314 W AudioTrack: AUDIO_OUTPUT_FLAG_FAST denied by client; transfer 4, track 8000 Hz, output 48000 Hz
01-08 13:28:45.425  8254  8344 I RobotCore: Attempting to switch to op mode $Stop$Robot$
01-08 13:28:45.513  8254  8310 V Robocol : sending CMD_INIT_OP_MODE_RESP(57), attempt: 0
01-08 13:28:45.525  8254  8308 V Robocol : received command: CMD_INIT_OP_MODE_RESP(57) $Stop$Robot$
01-08 13:28:45.681  8254  8344 I RobotCore: robot battery read duration: n=4, mean=0.017ms sd=0.009ms
01-08 13:28:51.765  8254  8308 V Robocol : received command: CMD_INIT_OP_MODE(10118) $Stop$Robot$
01-08 13:28:51.823  8254  8344 I RobotCore: Attempting to switch to op mode $Stop$Robot$
01-08 13:28:51.913  8254  8310 V Robocol : sending CMD_INIT_OP_MODE_RESP(149), attempt: 0
01-08 13:28:51.925  8254  8308 V Robocol : received command: CMD_INIT_OP_MODE_RESP(149) $Stop$Robot$
01-08 13:28:53.365  8254  8308 V Robocol : received command: CMD_INIT_OP_MODE(10143) ShooterData
01-08 13:28:53.372  8254  8344 I RobotCore: Attempting to switch to op mode ShooterData
01-08 13:28:53.530  8254  8355 V RobotCore: thread: 'LinearOpMode main' starting...
01-08 13:28:53.553  8254  8310 V Robocol : sending CMD_INIT_OP_MODE_RESP(177), attempt: 0
01-08 13:28:53.565  8254  8308 V Robocol : received command: CMD_INIT_OP_MODE_RESP(177) ShooterData
01-08 13:28:55.085  8254  8308 V Robocol : received command: CMD_RUN_OP_MODE(10164) ShooterData
01-08 13:28:55.093  8254  8355 I RobotCore: SHOOTER battery voltage: 14.59706744868035
01-08 13:28:55.113  8254  8310 V Robocol : sending CMD_RUN_OP_MODE_RESP(198), attempt: 0
01-08 13:28:55.129  8254  8355 I RobotCore: SHOOTER power: 0.24
01-08 13:28:55.129  8254  8355 I RobotCore: SHOOTER RPM1: 0.0
01-08 13:28:55.129  8254  8355 I RobotCore: SHOOTER RPM2: 0.0
01-08 13:28:55.145  8254  8355 I RobotCore: SHOOTER power: 0.24
01-08 13:28:55.145  8254  8355 I RobotCore: SHOOTER RPM1: 82.95376056680142
01-08 13:28:55.145  8254  8355 I RobotCore: SHOOTER RPM2: 0.0
01-08 13:28:55.155  8254  8355 I RobotCore: SHOOTER power: 0.24
01-08 13:28:55.155  8254  8355 I RobotCore: SHOOTER RPM1: 130.56403600885088
01-08 13:28:55.155  8254  8355 I RobotCore: SHOOTER RPM2: 130.56403600885088
01-08 13:28:55.166  8254  8355 I RobotCore: SHOOTER power: 0.24
01-08 13:28:55.166  8254  8355 I RobotCore: SHOOTER RPM1: 0.0
01-08 13:28:55.166  8254  8355 I RobotCore: SHOOTER RPM2: 0.0
01-08 13:28:55.176  8254  8355 I RobotCore: SHOOTER power: 0.24
01-08 13:28:55.176  8254  8355 I RobotCore: SHOOTER RPM1: 262.5164530546224
01-08 13:28:55.176  8254  8355 I RobotCore: SHOOTER RPM2: 131.2582265273112
01-08 13:28:55.186  8254  8355 I RobotCore: SHOOTER power: 0.24
01-08 13:28:55.186  8254  8355 I RobotCore: SHOOTER RPM1: 128.23070661433425
01-08 13:28:55.186  8254  8355 I RobotCore: SHOOTER RPM2: 128.23070661433425
01-08 13:28:55.197  8254  8355 I RobotCore: SHOOTER power: 0.24
01-08 13:28:55.197  8254  8355 I RobotCore: SHOOTER RPM1: 261.346388749314
01-08 13:28:55.197  8254  8355 I RobotCore: SHOOTER RPM2: 261.346388749314
01-08 13:28:55.205  8254  8308 V Robocol : received command: CMD_RUN_OP_MODE_RESP(198) ShooterData
01-08 13:28:55.207  8254  8355 I RobotCore: SHOOTER power: 0.24
01-08 13:28:55.207  8254  8355 I RobotCore: SHOOTER RPM1: 0.0
01-08 13:28:55.207  8254  8355 I RobotCore: SHOOTER RPM2: 0.0
01-08 13:28:55.218  8254  8355 I RobotCore: SHOOTER power: 0.24
01-08 13:28:55.218  8254  8355 I RobotCore: SHOOTER RPM1: 262.1014335221165
01-08 13:28:55.218  8254  8355 I RobotCore: SHOOTER RPM2: 262.1014335221165
01-08 13:28:55.228  8254  8355 I RobotCore: SHOOTER power: 0.24
01-08 13:28:55.228  8254  8355 I RobotCore: SHOOTER RPM1: 388.9694245760591
01-08 13:28:55.228  8254  8355 I RobotCore: SHOOTER RPM2: 388.9694245760591
01-08 13:28:55.238  8254  8355 I RobotCore: SHOOTER power: 0.24
01-08 13:28:55.238  8254  8355 I RobotCore: SHOOTER RPM1: 261.2411239246254
01-08 13:28:55.238  8254  8355 I RobotCore: SHOOTER RPM2: 130.6205619623127
01-08 13:28:55.249  8254  8355 I RobotCore: SHOOTER power: 0.24
01-08 13:28:55.249  8254  8355 I RobotCore: SHOOTER RPM1: 258.60219112705573
01-08 13:28:55.249  8254  8355 I RobotCore: SHOOTER RPM2: 258.60219112705573
01-08 13:28:55.261  8254  8355 I RobotCore: SHOOTER power: 0.24
01-08 13:28:55.261  8254  8355 I RobotCore: SHOOTER RPM1: 214.9302284787638
01-08 13:28:55.261  8254  8355 I RobotCore: SHOOTER RPM2: 214.9302284787638
01-08 13:28:55.272  8254  8355 I RobotCore: SHOOTER power: 0.24
01-08 13:28:55.272  8254  8355 I RobotCore: SHOOTER RPM1: 383.715466570495
01-08 13:28:55.272  8254  8355 I RobotCore: SHOOTER RPM2: 383.715466570495
01-08 13:28:55.282  8254  8355 I RobotCore: SHOOTER power: 0.24
01-08 13:28:55.282  8254  8355 I RobotCore: SHOOTER RPM1: 257.1209505847936
01-08 13:28:55.282  8254  8355 I RobotCore: SHOOTER RPM2: 257.1209505847936
01-08 13:28:55.293  8254  8355 I RobotCore: SHOOTER power: 0.24
01-08 13:28:55.293  8254  8355 I RobotCore: SHOOTER RPM1: 259.07732662055
01-08 13:28:55.293  8254  8355 I RobotCore: SHOOTER RPM2: 259.07732662055
01-08 13:28:55.303  8254  8355 I RobotCore: SHOOTER power: 0.24
01-08 13:28:55.304  8254  8355 I RobotCore: SHOOTER RPM1: 382.13682654151404
01-08 13:28:55.304  8254  8355 I RobotCore: SHOOTER RPM2: 382.13682654151404
01-08 13:28:55.314  8254  8355 I RobotCore: SHOOTER power: 0.24
01-08 13:28:55.314  8254  8355 I RobotCore: SHOOTER RPM1: 780.9007502738228
01-08 13:28:55.314  8254  8355 I RobotCore: SHOOTER RPM2: 650.7506252281858
01-08 13:28:55.324  8254  8355 I RobotCore: SHOOTER power: 0.24
01-08 13:28:55.324  8254  8355 I RobotCore: SHOOTER RPM1: 260.98358690402944
01-08 13:28:55.324  8254  8355 I RobotCore: SHOOTER RPM2: 260.98358690402944
01-08 13:28:55.335  8254  8355 I RobotCore: SHOOTER power: 0.24
01-08 13:28:55.335  8254  8355 I RobotCore: SHOOTER RPM1: 515.0355672231942
01-08 13:28:55.335  8254  8355 I RobotCore: SHOOTER RPM2: 515.0355672231942
01-08 13:28:55.345  8254  8355 I RobotCore: SHOOTER power: 0.24
01-08 13:28:55.345  8254  8355 I RobotCore: SHOOTER RPM1: 388.23025424950885
01-08 13:28:55.345  8254  8355 I RobotCore: SHOOTER RPM2: 388.23025424950885
01-08 13:28:55.355  8254  8355 I RobotCore: SHOOTER power: 0.24
01-08 13:28:55.355  8254  8355 I RobotCore: SHOOTER RPM1: 261.49519747987875
01-08 13:28:55.356  8254  8355 I RobotCore: SHOOTER RPM2: 392.2427962198181
01-08 13:28:55.366  8254  8355 I RobotCore: SHOOTER power: 0.24
