04-09 20:27:18.573 31798 31798 E ActivityThread: Service com.qualcomm.ftccommon.FtcRobotControllerService has leaked IntentReceiver com.qualcomm.robotcore.wifi.WifiDirectAssistant$WifiP2pBroadcastReceiver@f6ea30f that was originally registered here. Are you missing a call to unregisterReceiver()?
04-09 20:27:18.573 31798 31798 E ActivityThread: android.app.IntentReceiverLeaked: Service com.qualcomm.ftccommon.FtcRobotControllerService has leaked IntentReceiver com.qualcomm.robotcore.wifi.WifiDirectAssistant$WifiP2pBroadcastReceiver@f6ea30f that was originally registered here. Are you missing a call to unregisterReceiver()?
04-09 20:27:18.573 31798 31798 E ActivityThread: 	at android.app.LoadedApk$ReceiverDispatcher.<init>(LoadedApk.java:918)
04-09 20:27:18.573 31798 31798 E ActivityThread: 	at android.app.LoadedApk.getReceiverDispatcher(LoadedApk.java:719)
04-09 20:27:18.573 31798 31798 E ActivityThread: 	at android.app.ContextImpl.registerReceiverInternal(ContextImpl.java:1172)
04-09 20:27:18.573 31798 31798 E ActivityThread: 	at android.app.ContextImpl.registerReceiver(ContextImpl.java:1152)
04-09 20:27:18.573 31798 31798 E ActivityThread: 	at android.app.ContextImpl.registerReceiver(ContextImpl.java:1146)
04-09 20:27:18.573 31798 31798 E ActivityThread: 	at com.qualcomm.robotcore.wifi.WifiDirectAssistant.enable(WifiDirectAssistant.java:284)
04-09 20:27:18.573 31798 31798 E ActivityThread: 	at com.qualcomm.ftccommon.FtcRobotControllerService.onBind(FtcRobotControllerService.java:234)
04-09 20:27:18.573 31798 31798 E ActivityThread: 	at android.app.ActivityThread.handleBindService(ActivityThread.java:2922)
04-09 20:27:18.573 31798 31798 E ActivityThread: 	at android.app.ActivityThread.-wrap2(ActivityThread.java)
04-09 20:27:18.573 31798 31798 E ActivityThread: 	at android.app.ActivityThread$H.handleMessage(ActivityThread.java:1442)
04-09 20:27:18.573 31798 31798 E ActivityThread: 	at android.os.Handler.dispatchMessage(Handler.java:102)
04-09 20:27:18.573 31798 31798 E ActivityThread: 	at android.os.Looper.loop(Looper.java:148)
04-09 20:27:18.573 31798 31798 E ActivityThread: 	at android.app.ActivityThread.main(ActivityThread.java:5456)
04-09 20:27:18.573 31798 31798 E ActivityThread: 	at java.lang.reflect.Method.invoke(Native Method)
04-09 20:27:18.573 31798 31798 E ActivityThread: 	at com.android.internal.os.ZygoteInit$MethodAndArgsCaller.run(ZygoteInit.java:728)
04-09 20:27:18.573 31798 31798 E ActivityThread: 	at com.android.internal.os.ZygoteInit.main(ZygoteInit.java:618)
04-10 19:19:50.578 17127 17127 E AndroidRuntime: FATAL EXCEPTION: main
04-10 19:19:50.578 17127 17127 E AndroidRuntime: Process: com.qualcomm.ftcrobotcontroller, PID: 17127
04-10 19:19:50.578 17127 17127 E AndroidRuntime: java.lang.RuntimeException: Unable to stop activity {com.qualcomm.ftcrobotcontroller/org.firstinspires.ftc.robotcontroller.internal.FtcRobotControllerActivity}: java.lang.NullPointerException: Attempt to invoke virtual method 'void com.qualcomm.ftccommon.FtcRobotControllerService.shutdownRobot()' on a null object reference
04-10 19:19:50.578 17127 17127 E AndroidRuntime: 	at android.app.ActivityThread.handleSleeping(ActivityThread.java:3645)
04-10 19:19:50.578 17127 17127 E AndroidRuntime: 	at android.app.ActivityThread.-wrap19(ActivityThread.java)
04-10 19:19:50.578 17127 17127 E AndroidRuntime: 	at android.app.ActivityThread$H.handleMessage(ActivityThread.java:1529)
04-10 19:19:50.578 17127 17127 E AndroidRuntime: 	at android.os.Handler.dispatchMessage(Handler.java:102)
04-10 19:19:50.578 17127 17127 E AndroidRuntime: 	at android.os.Looper.loop(Looper.java:148)
04-10 19:19:50.578 17127 17127 E AndroidRuntime: 	at android.app.ActivityThread.main(ActivityThread.java:5456)
04-10 19:19:50.578 17127 17127 E AndroidRuntime: 	at java.lang.reflect.Method.invoke(Native Method)
04-10 19:19:50.578 17127 17127 E AndroidRuntime: 	at com.android.internal.os.ZygoteInit$MethodAndArgsCaller.run(ZygoteInit.java:728)
04-10 19:19:50.578 17127 17127 E AndroidRuntime: 	at com.android.internal.os.ZygoteInit.main(ZygoteInit.java:618)
04-10 19:19:50.578 17127 17127 E AndroidRuntime: Caused by: java.lang.NullPointerException: Attempt to invoke virtual method 'void com.qualcomm.ftccommon.FtcRobotControllerService.shutdownRobot()' on a null object reference
04-10 19:19:50.578 17127 17127 E AndroidRuntime: 	at org.firstinspires.ftc.robotcontroller.internal.FtcRobotControllerActivity.onStop(FtcRobotControllerActivity.java:318)
04-10 19:19:50.578 17127 17127 E AndroidRuntime: 	at android.app.Instrumentation.callActivityOnStop(Instrumentation.java:1301)
04-10 19:19:50.578 17127 17127 E AndroidRuntime: 	at android.app.Activity.performStop(Activity.java:6403)
04-10 19:19:50.578 17127 17127 E AndroidRuntime: 	at android.app.ActivityThread.handleSleeping(ActivityThread.java:3642)
04-10 19:19:50.578 17127 17127 E AndroidRuntime: 	... 8 more
04-10 19:22:23.335 17444 17444 E AndroidRuntime: FATAL EXCEPTION: main
04-10 19:22:23.335 17444 17444 E AndroidRuntime: Process: com.qualcomm.ftcrobotcontroller, PID: 17444
04-10 19:22:23.335 17444 17444 E AndroidRuntime: java.lang.RuntimeException: Unable to stop activity {com.qualcomm.ftcrobotcontroller/org.firstinspires.ftc.robotcontroller.internal.FtcRobotControllerActivity}: java.lang.NullPointerException: Attempt to invoke virtual method 'void com.qualcomm.ftccommon.FtcRobotControllerService.shutdownRobot()' on a null object reference
04-10 19:22:23.335 17444 17444 E AndroidRuntime: 	at android.app.ActivityThread.handleSleeping(ActivityThread.java:3645)
04-10 19:22:23.335 17444 17444 E AndroidRuntime: 	at android.app.ActivityThread.-wrap19(ActivityThread.java)
04-10 19:22:23.335 17444 17444 E AndroidRuntime: 	at android.app.ActivityThread$H.handleMessage(ActivityThread.java:1529)
04-10 19:22:23.335 17444 17444 E AndroidRuntime: 	at android.os.Handler.dispatchMessage(Handler.java:102)
04-10 19:22:23.335 17444 17444 E AndroidRuntime: 	at android.os.Looper.loop(Looper.java:148)
04-10 19:22:23.335 17444 17444 E AndroidRuntime: 	at android.app.ActivityThread.main(ActivityThread.java:5456)
04-10 19:22:23.335 17444 17444 E AndroidRuntime: 	at java.lang.reflect.Method.invoke(Native Method)
04-10 19:22:23.335 17444 17444 E AndroidRuntime: 	at com.android.internal.os.ZygoteInit$MethodAndArgsCaller.run(ZygoteInit.java:728)
04-10 19:22:23.335 17444 17444 E AndroidRuntime: 	at com.android.internal.os.ZygoteInit.main(ZygoteInit.java:618)
04-10 19:22:23.335 17444 17444 E AndroidRuntime: Caused by: java.lang.NullPointerException: Attempt to invoke virtual method 'void com.qualcomm.ftccommon.FtcRobotControllerService.shutdownRobot()' on a null object reference
04-10 19:22:23.335 17444 17444 E AndroidRuntime: 	at org.firstinspires.ftc.robotcontroller.internal.FtcRobotControllerActivity.onStop(FtcRobotControllerActivity.java:318)
04-10 19:22:23.335 17444 17444 E AndroidRuntime: 	at android.app.Instrumentation.callActivityOnStop(Instrumentation.java:1301)
04-10 19:22:23.335 17444 17444 E AndroidRuntime: 	at android.app.Activity.performStop(Activity.java:6403)
04-10 19:22:23.335 17444 17444 E AndroidRuntime: 	at android.app.ActivityThread.handleSleeping(ActivityThread.java:3642)
04-10 19:22:23.335 17444 17444 E AndroidRuntime: 	... 8 more
--------- beginning of main
04-10 19:24:38.094 17540 17604 W System.err: 	at java.util.concurrent.locks.AbstractQueuedSynchronizer.acquireSharedInterruptibly(AbstractQueuedSynchronizer.java:1278)
04-10 19:24:38.095 17540 17604 W System.err: 	at java.util.concurrent.Semaphore.acquire(Semaphore.java:284)
04-10 19:24:38.095 17540 17604 W System.err: 	at com.ftdi.j2xx.ProcessInCtrl.acquireReadableBuffer(FT_Device.java:2294)
04-10 19:24:38.095 17540 17604 W System.err: 	at com.ftdi.j2xx.ProcessRequestWorker.run(FT_Device.java:2764)
04-10 19:24:38.095 17540 17604 W System.err: 	at java.lang.Thread.run(Thread.java:818)
04-10 19:24:38.095 17540 17616 V RobotCore: thread: ...terminating 'r/w loop: Modern Robotics USB Core Device Interface Module [AI02RHDJ]'
04-10 19:24:38.096 17540 17670 I MediaCodec: (0xb7f6ec08) Component Allocated (OMX.google.raw.decoder)
04-10 19:24:38.097 17540 17606 I MediaCodec: (0xb7f6ec08) configure surface(0x0) crypto(0x0) flags(0)
04-10 19:24:38.097 17540 17606 D MediaCodec: (0xb7f6ec08) configure format: AMessage(what = 0x00000000) = {
04-10 19:24:38.097 17540 17606 D MediaCodec:    string mime = "audio/raw"
04-10 19:24:38.097 17540 17606 D MediaCodec:    int64_t durationUs = 1043650
04-10 19:24:38.097 17540 17606 D MediaCodec:    int32_t channel-count = 2
04-10 19:24:38.097 17540 17606 D MediaCodec:    int32_t sample-rate = 44100
04-10 19:24:38.097 17540 17606 D MediaCodec:    int32_t channel-mask = 0
04-10 19:24:38.097 17540 17606 D MediaCodec:  }
04-10 19:24:38.098 17540 17606 I MediaCodec: (0xb7f6ec08) start
04-10 19:24:38.098 17540 17670 I MediaCodec: (0xb7f6ec08) input buffers allocated
04-10 19:24:38.098 17540 17670 I MediaCodec: (0xb7f6ec08) numBuffers (4)
04-10 19:24:38.098 17540 17670 I MediaCodec: (0xb7f6ec08) output buffers allocated
04-10 19:24:38.098 17540 17670 I MediaCodec: (0xb7f6ec08) numBuffers (4)
04-10 19:24:38.100 17540 17670 I MediaCodec: (0xb7f6ec08) codec output format changed
04-10 19:24:38.100 17540 17670 D MediaCodec: (0xb7f6ec08) output format: AMessage(what = 'codc', target = 10) = {
04-10 19:24:38.100 17540 17670 D MediaCodec:    string mime = "audio/raw"
04-10 19:24:38.100 17540 17670 D MediaCodec:    int32_t channel-count = 2
04-10 19:24:38.100 17540 17670 D MediaCodec:    int32_t sample-rate = 44100
04-10 19:24:38.100 17540 17670 D MediaCodec:    int32_t channel-mask = 0
04-10 19:24:38.100 17540 17670 D MediaCodec:    int32_t what = 1869968451
04-10 19:24:38.100 17540 17670 D MediaCodec:  }
04-10 19:24:38.106 17540 17606 I MediaCodec: (0xb7f6ec08) stop
04-10 19:24:38.108 17540 17606 I MediaCodec: (0xb7f6ec08) release
04-10 19:24:38.112 17540 17608 W AudioTrack: AUDIO_OUTPUT_FLAG_FAST denied by client; transfer 4, track 44100 Hz, output 48000 Hz
04-10 19:24:38.130 17540 17597 D RobotCore: system telemetry: key=$System$Warning$ msg="problem communicating with Modern Robotics USB Core Device Interface Module [AI02RHDJ]; problem communicating with Modern Robotics USB DC Motor Controller [AI049QOP]; problem communicating with Modern Robotics USB DC Motor Controller [AL00VBIF]; problem communicating with Modern Robotics USB Servo Controller [AL00VST0]"
04-10 19:24:38.135 17540 17622 E FTDI_Device::: UsbConnection.requestWait() == null
04-10 19:24:38.142 17540 17540 D UsbDeviceConnectionJNI: close
04-10 19:24:38.142 17540 17621 D ProcessRequestThread::: Device has been closed.
04-10 19:24:38.142 17540 17621 W System.err: java.lang.InterruptedException
04-10 19:24:38.142 17540 17622 W RobotCore: could not write to Modern Robotics USB DC Motor Controller [AL00VWH0]: FTDI Null Pointer Exception
04-10 19:24:38.142 17540 17622 E RobotCore: java.lang.NullPointerException: Attempt to invoke interface method 'void java.util.concurrent.locks.Lock.unlock()' on a null object reference
04-10 19:24:38.142 17540 17621 W System.err: 	at java.util.concurrent.locks.AbstractQueuedSynchronizer.doAcquireSharedInterruptibly(AbstractQueuedSynchronizer.java:972)
04-10 19:24:38.142 17540 17621 W System.err: 	at java.util.concurrent.locks.AbstractQueuedSynchronizer.acquireSharedInterruptibly(AbstractQueuedSynchronizer.java:1278)
04-10 19:24:38.142 17540 17621 W System.err: 	at java.util.concurrent.Semaphore.acquire(Semaphore.java:284)
04-10 19:24:38.142 17540 17622 E RobotCore: com.ftdi.j2xx.ProcessInCtrl.readBulkInData(FT_Device.java:2520)
04-10 19:24:38.142 17540 17621 W System.err: 	at com.ftdi.j2xx.ProcessInCtrl.acquireReadableBuffer(FT_Device.java:2294)
04-10 19:24:38.142 17540 17622 E RobotCore: com.ftdi.j2xx.FT_Device.read(FT_Device.java:666)
04-10 19:24:38.142 17540 17621 W System.err: 	at com.ftdi.j2xx.ProcessRequestWorker.run(FT_Device.java:2764)
04-10 19:24:38.142 17540 17621 W System.err: 	at java.lang.Thread.run(Thread.java:818)
04-10 19:24:38.142 17540 17622 E RobotCore: com.qualcomm.robotcore.hardware.usb.ftdi.RobotUsbDeviceFtdi.read(RobotUsbDeviceFtdi.java:199)
04-10 19:24:38.142 17540 17622 E RobotCore: com.qualcomm.robotcore.hardware.usb.ftdi.RobotUsbDeviceFtdi.read(RobotUsbDeviceFtdi.java:176)
04-10 19:24:38.142 17540 17622 E RobotCore: com.qualcomm.modernrobotics.ReadWriteRunnableUsbHandler.a(SourceFile:77)
04-10 19:24:38.142 17540 17622 E RobotCore: com.qualcomm.modernrobotics.ReadWriteRunnableUsbHandler.read(SourceFile:66)
04-10 19:24:38.142 17540 17622 E RobotCore: com.qualcomm.hardware.modernrobotics.ReadWriteRunnableStandard$1.run(ReadWriteRunnableStandard.java:343)
04-10 19:24:38.142 17540 17622 E RobotCore: com.qualcomm.robotcore.util.ThreadPool.logThreadLifeCycle(ThreadPool.java:513)
04-10 19:24:38.142 17540 17622 E RobotCore: com.qualcomm.hardware.modernrobotics.ReadWriteRunnableStandard.run(ReadWriteRunnableStandard.java:302)
04-10 19:24:38.143 17540 17622 E RobotCore: java.util.concurrent.ThreadPoolExecutor.runWorker(ThreadPoolExecutor.java:1113)
04-10 19:24:38.143 17540 17622 E RobotCore: java.util.concurrent.ThreadPoolExecutor$Worker.run(ThreadPoolExecutor.java:588)
04-10 19:24:38.143 17540 17622 E RobotCore: java.lang.Thread.run(Thread.java:818)
04-10 19:24:38.143 17540 17620 D BulkIn::: Stop BulkIn thread
04-10 19:24:38.143 17540 17620 W System.err: java.lang.NullPointerException: Attempt to invoke virtual method 'int com.ftdi.j2xx.D2xxManager$DriverParameters.getBufferNumber()' on a null object reference
04-10 19:24:38.143 17540 17620 W System.err: 	at com.ftdi.j2xx.ProcessInCtrl.releaseWritableBuffers(FT_Device.java:2672)
04-10 19:24:38.143 17540 17622 V RobotCore: thread: ...terminating 'r/w loop: Modern Robotics USB DC Motor Controller [AL00VWH0]'
04-10 19:24:38.143 17540 17620 W System.err: 	at com.ftdi.j2xx.BulkInWorker.run(FT_Device.java:2879)
04-10 19:24:38.143 17540 17620 W System.err: 	at java.lang.Thread.run(Thread.java:818)
04-10 19:24:38.151 17540 17619 W RobotCore: Modern Robotics USB header sync bytes are incorrect
04-10 19:24:38.151 17540 17619 W RobotCore: [55 aa 80 40 1e] -> [00 00 00 00 00]
04-10 19:24:38.151 17540 17619 W RobotCore: could not read Modern Robotics USB DC Motor Controller [A104OQ1P]: comm timeout
04-10 19:24:38.157 17540 17619 E FTDI_Device::: UsbConnection.requestWait() == null
04-10 19:24:38.159 17540 17540 D UsbDeviceConnectionJNI: close
04-10 19:24:38.160 17540 17618 D ProcessRequestThread::: Device has been closed.
04-10 19:24:38.160 17540 17618 W System.err: java.lang.InterruptedException
04-10 19:24:38.160 17540 17618 W System.err: 	at java.util.concurrent.locks.AbstractQueuedSynchronizer.doAcquireSharedInterruptibly(AbstractQueuedSynchronizer.java:972)
04-10 19:24:38.160 17540 17618 W System.err: 	at java.util.concurrent.locks.AbstractQueuedSynchronizer.acquireSharedInterruptibly(AbstractQueuedSynchronizer.java:1278)
04-10 19:24:38.160 17540 17618 W System.err: 	at java.util.concurrent.Semaphore.acquire(Semaphore.java:284)
04-10 19:24:38.160 17540 17618 W System.err: 	at com.ftdi.j2xx.ProcessInCtrl.acquireReadableBuffer(FT_Device.java:2294)
04-10 19:24:38.160 17540 17618 W System.err: 	at com.ftdi.j2xx.ProcessRequestWorker.run(FT_Device.java:2764)
04-10 19:24:38.160 17540 17618 W System.err: 	at java.lang.Thread.run(Thread.java:818)
04-10 19:24:38.161 17540 17617 D BulkIn::: Stop BulkIn thread
04-10 19:24:38.161 17540 17617 W System.err: java.lang.NullPointerException: Attempt to invoke virtual method 'int com.ftdi.j2xx.D2xxManager$DriverParameters.getBufferNumber()' on a null object reference
04-10 19:24:38.161 17540 17617 W System.err: 	at com.ftdi.j2xx.ProcessInCtrl.releaseWritableBuffers(FT_Device.java:2672)
04-10 19:24:38.161 17540 17617 W System.err: 	at com.ftdi.j2xx.BulkInWorker.run(FT_Device.java:2879)
04-10 19:24:38.161 17540 17617 W System.err: 	at java.lang.Thread.run(Thread.java:818)
04-10 19:24:38.164 17540 17619 W RobotCore: could not write to Modern Robotics USB DC Motor Controller [A104OQ1P]: FTDI Null Pointer Exception
04-10 19:24:38.164 17540 17619 E RobotCore: java.lang.NullPointerException: Attempt to invoke interface method 'void java.util.concurrent.locks.Lock.unlock()' on a null object reference
04-10 19:24:38.164 17540 17619 E RobotCore: com.ftdi.j2xx.ProcessInCtrl.readBulkInData(FT_Device.java:2520)
04-10 19:24:38.164 17540 17619 E RobotCore: com.ftdi.j2xx.FT_Device.read(FT_Device.java:666)
04-10 19:24:38.164 17540 17619 E RobotCore: com.qualcomm.robotcore.hardware.usb.ftdi.RobotUsbDeviceFtdi.read(RobotUsbDeviceFtdi.java:199)
04-10 19:24:38.164 17540 17619 E RobotCore: com.qualcomm.robotcore.hardware.usb.ftdi.RobotUsbDeviceFtdi.read(RobotUsbDeviceFtdi.java:176)
04-10 19:24:38.164 17540 17619 E RobotCore: com.qualcomm.modernrobotics.ReadWriteRunnableUsbHandler.b(SourceFile:109)
04-10 19:24:38.164 17540 17619 E RobotCore: com.qualcomm.modernrobotics.ReadWriteRunnableUsbHandler.write(SourceFile:98)
04-10 19:24:38.164 17540 17619 E RobotCore: com.qualcomm.hardware.modernrobotics.ReadWriteRunnableStandard$1.run(ReadWriteRunnableStandard.java:394)
04-10 19:24:38.164 17540 17619 E RobotCore: com.qualcomm.robotcore.util.ThreadPool.logThreadLifeCycle(ThreadPool.java:513)
04-10 19:24:38.164 17540 17619 E RobotCore: com.qualcomm.hardware.modernrobotics.ReadWriteRunnableStandard.run(ReadWriteRunnableStandard.java:302)
04-10 19:24:38.164 17540 17619 E RobotCore: java.util.concurrent.ThreadPoolExecutor.runWorker(ThreadPoolExecutor.java:1113)
04-10 19:24:38.164 17540 17619 E RobotCore: java.util.concurrent.ThreadPoolExecutor$Worker.run(ThreadPoolExecutor.java:588)
04-10 19:24:38.164 17540 17619 E RobotCore: java.lang.Thread.run(Thread.java:818)
04-10 19:24:38.165 17540 17619 V RobotCore: thread: ...terminating 'r/w loop: Modern Robotics USB DC Motor Controller [A104OQ1P]'
04-10 19:24:38.165 17540 17629 D RobotCore: system telemetry: key=$System$Warning$ msg="problem communicating with Modern Robotics USB Core Device Interface Module [AI02RHDJ]; problem communicating with Modern Robotics USB DC Motor Controller [AL00VWH0]; problem communicating with Modern Robotics USB DC Motor Controller [AI049QOP]; problem communicating with Modern Robotics USB DC Motor Controller [AL00VBIF]; problem communicating with Modern Robotics USB DC Motor Controller [A104OQ1P]; problem communicating with Modern Robotics USB Servo Controller [AL00VST0]"
04-10 19:24:38.166 17540 17629 V RobotCore: event loop: device has shutdown abnormally
04-10 19:24:38.166 17540 17629 V RobotCore: event loop: detaching device owner
04-10 19:24:38.166 17540 17629 I FIRST   : ======= MODULE DETACH RECOVERY: disarm Modern Robotics USB Servo Controller [AL00VST0]=======
04-10 19:24:38.166 17540 17629 D RobotCore: disarming modern servo controller "Modern Robotics USB Servo Controller [AL00VST0]"...
04-10 19:24:38.167 17540 17629 V RobotCore: waiting for service ReadWriteRunnable for Modern Robotics USB Device
04-10 19:24:38.167 17540 17629 V RobotCore: awaitTermination returned, isTerminated=true
04-10 19:24:38.167 17540 17629 V RobotCore: executive service ReadWriteRunnable for Modern Robotics USB Device is terminated
04-10 19:24:38.167 17540 17629 D RobotCore: ...disarming modern servo controller Modern Robotics USB Servo Controller [AL00VST0] complete
04-10 19:24:38.167 17540 17629 I FIRST   : ======= MODULE DETACH RECOVERY: pretend Modern Robotics USB Servo Controller [AL00VST0]=======
04-10 19:24:38.168 17540 17629 D RobotCore: arming modern servo controller Modern Robotics USB Servo Controller [AL00VST0] (pretend)...
04-10 19:24:38.169 17540 17629 V RobotCore: Starting up pretend device AL00VST0
04-10 19:24:38.170 17540 17674 V RobotCore: thread: 'r/w loop: Modern Robotics USB Servo Controller [AL00VST0]' starting...
04-10 19:24:38.170 17540 17629 D RobotCore: ...arming modern servo controller Modern Robotics USB Servo Controller [AL00VST0] complete
04-10 19:24:38.171 17540 17629 I FIRST   : ======= MODULE DETACH RECOVERY: complete Modern Robotics USB Servo Controller [AL00VST0]=======
04-10 19:24:38.171 17540 17629 V RobotCore: event loop: device has shutdown abnormally
04-10 19:24:38.171 17540 17629 V RobotCore: event loop: detaching device owner
04-10 19:24:38.171 17540 17629 I FIRST   : ======= MODULE DETACH RECOVERY: disarm Modern Robotics USB Core Device Interface Module [AI02RHDJ]=======
04-10 19:24:38.171 17540 17629 V RobotCore: waiting for service ReadWriteRunnable for Modern Robotics USB Device
04-10 19:24:38.172 17540 17629 V RobotCore: awaitTermination returned, isTerminated=true
04-10 19:24:38.172 17540 17629 V RobotCore: executive service ReadWriteRunnable for Modern Robotics USB Device is terminated
04-10 19:24:38.172 17540 17629 I FIRST   : ======= MODULE DETACH RECOVERY: pretend Modern Robotics USB Core Device Interface Module [AI02RHDJ]=======
04-10 19:24:38.172 17540 17629 V RobotCore: Starting up pretend device AI02RHDJ
04-10 19:24:38.179 17540 17675 V RobotCore: thread: 'r/w loop: Modern Robotics USB Core Device Interface Module [AI02RHDJ]' starting...
04-10 19:24:38.180 17540 17629 I FIRST   : ======= MODULE DETACH RECOVERY: complete Modern Robotics USB Core Device Interface Module [AI02RHDJ]=======
04-10 19:24:38.180 17540 17629 V RobotCore: event loop: device has shutdown abnormally
04-10 19:24:38.180 17540 17629 V RobotCore: event loop: detaching device owner
04-10 19:24:38.180 17540 17629 I FIRST   : ======= MODULE DETACH RECOVERY: disarm Modern Robotics USB DC Motor Controller [A104OQ1P]=======
04-10 19:24:38.180 17540 17629 D RobotCore: disarming modern motor controller Modern Robotics USB DC Motor Controller [A104OQ1P]...
04-10 19:24:38.180 17540 17629 V RobotCore: waiting for service ReadWriteRunnable for Modern Robotics USB Device
04-10 19:24:38.181 17540 17629 V RobotCore: awaitTermination returned, isTerminated=true
04-10 19:24:38.181 17540 17629 V RobotCore: executive service ReadWriteRunnable for Modern Robotics USB Device is terminated
04-10 19:24:38.181 17540 17629 D RobotCore: ...disarming modern motor controller Modern Robotics USB DC Motor Controller [A104OQ1P] complete
04-10 19:24:38.181 17540 17629 I FIRST   : ======= MODULE DETACH RECOVERY: pretend Modern Robotics USB DC Motor Controller [A104OQ1P]=======
04-10 19:24:38.181 17540 17629 D RobotCore: arming modern motor controller Modern Robotics USB DC Motor Controller [A104OQ1P] (pretend)...
04-10 19:24:38.181 17540 17629 V RobotCore: Starting up pretend device A104OQ1P
04-10 19:24:38.182 17540 17676 V RobotCore: thread: 'r/w loop: Modern Robotics USB DC Motor Controller [A104OQ1P]' starting...
04-10 19:24:38.183 17540 17629 D RobotCore: ...arming modern motor controller Modern Robotics USB DC Motor Controller [A104OQ1P] complete
04-10 19:24:38.183 17540 17629 I FIRST   : ======= MODULE DETACH RECOVERY: complete Modern Robotics USB DC Motor Controller [A104OQ1P]=======
04-10 19:24:38.183 17540 17629 V RobotCore: event loop: device has shutdown abnormally
04-10 19:24:38.183 17540 17629 V RobotCore: event loop: detaching device owner
04-10 19:24:38.183 17540 17629 I FIRST   : ======= MODULE DETACH RECOVERY: disarm Modern Robotics USB DC Motor Controller [AL00VWH0]=======
04-10 19:24:38.183 17540 17629 D RobotCore: disarming modern motor controller Modern Robotics USB DC Motor Controller [AL00VWH0]...
04-10 19:24:38.183 17540 17629 V RobotCore: waiting for service ReadWriteRunnable for Modern Robotics USB Device
04-10 19:24:38.184 17540 17629 V RobotCore: awaitTermination returned, isTerminated=true
04-10 19:24:38.184 17540 17629 V RobotCore: executive service ReadWriteRunnable for Modern Robotics USB Device is terminated
04-10 19:24:38.184 17540 17629 D RobotCore: ...disarming modern motor controller Modern Robotics USB DC Motor Controller [AL00VWH0] complete
04-10 19:24:38.184 17540 17629 I FIRST   : ======= MODULE DETACH RECOVERY: pretend Modern Robotics USB DC Motor Controller [AL00VWH0]=======
04-10 19:24:38.184 17540 17629 D RobotCore: arming modern motor controller Modern Robotics USB DC Motor Controller [AL00VWH0] (pretend)...
04-10 19:24:38.184 17540 17629 V RobotCore: Starting up pretend device AL00VWH0
04-10 19:24:38.185 17540 17677 V RobotCore: thread: 'r/w loop: Modern Robotics USB DC Motor Controller [AL00VWH0]' starting...
04-10 19:24:38.185 17540 17629 D RobotCore: ...arming modern motor controller Modern Robotics USB DC Motor Controller [AL00VWH0] complete
04-10 19:24:38.185 17540 17629 I FIRST   : ======= MODULE DETACH RECOVERY: complete Modern Robotics USB DC Motor Controller [AL00VWH0]=======
04-10 19:24:38.186 17540 17629 V RobotCore: event loop: device has shutdown abnormally
04-10 19:24:38.186 17540 17629 V RobotCore: event loop: detaching device owner
04-10 19:24:38.186 17540 17629 I FIRST   : ======= MODULE DETACH RECOVERY: disarm Modern Robotics USB DC Motor Controller [AI049QOP]=======
04-10 19:24:38.186 17540 17629 D RobotCore: disarming modern motor controller Modern Robotics USB DC Motor Controller [AI049QOP]...
04-10 19:24:38.187 17540 17629 V RobotCore: waiting for service ReadWriteRunnable for Modern Robotics USB Device
04-10 19:24:38.187 17540 17629 V RobotCore: awaitTermination returned, isTerminated=true
04-10 19:24:38.187 17540 17629 V RobotCore: executive service ReadWriteRunnable for Modern Robotics USB Device is terminated
04-10 19:24:38.188 17540 17629 D RobotCore: ...disarming modern motor controller Modern Robotics USB DC Motor Controller [AI049QOP] complete
04-10 19:24:38.188 17540 17629 I FIRST   : ======= MODULE DETACH RECOVERY: pretend Modern Robotics USB DC Motor Controller [AI049QOP]=======
04-10 19:24:38.188 17540 17629 D RobotCore: arming modern motor controller Modern Robotics USB DC Motor Controller [AI049QOP] (pretend)...
04-10 19:24:38.188 17540 17629 V RobotCore: Starting up pretend device AI049QOP
04-10 19:24:38.189 17540 17678 V RobotCore: thread: 'r/w loop: Modern Robotics USB DC Motor Controller [AI049QOP]' starting...
04-10 19:24:38.189 17540 17629 D RobotCore: ...arming modern motor controller Modern Robotics USB DC Motor Controller [AI049QOP] complete
04-10 19:24:38.189 17540 17629 I FIRST   : ======= MODULE DETACH RECOVERY: complete Modern Robotics USB DC Motor Controller [AI049QOP]=======
04-10 19:24:38.189 17540 17629 V RobotCore: event loop: device has shutdown abnormally
04-10 19:24:38.189 17540 17629 V RobotCore: event loop: detaching device owner
04-10 19:24:38.190 17540 17629 I FIRST   : ======= MODULE DETACH RECOVERY: disarm Modern Robotics USB DC Motor Controller [AL00VBIF]=======
04-10 19:24:38.190 17540 17629 D RobotCore: disarming modern motor controller Modern Robotics USB DC Motor Controller [AL00VBIF]...
04-10 19:24:38.190 17540 17629 V RobotCore: waiting for service ReadWriteRunnable for Modern Robotics USB Device
04-10 19:24:38.190 17540 17629 V RobotCore: awaitTermination returned, isTerminated=true
04-10 19:24:38.190 17540 17629 V RobotCore: executive service ReadWriteRunnable for Modern Robotics USB Device is terminated
04-10 19:24:38.190 17540 17629 D RobotCore: ...disarming modern motor controller Modern Robotics USB DC Motor Controller [AL00VBIF] complete
04-10 19:24:38.190 17540 17629 I FIRST   : ======= MODULE DETACH RECOVERY: pretend Modern Robotics USB DC Motor Controller [AL00VBIF]=======
04-10 19:24:38.190 17540 17629 D RobotCore: arming modern motor controller Modern Robotics USB DC Motor Controller [AL00VBIF] (pretend)...
04-10 19:24:38.190 17540 17629 V RobotCore: Starting up pretend device AL00VBIF
04-10 19:24:38.191 17540 17679 V RobotCore: thread: 'r/w loop: Modern Robotics USB DC Motor Controller [AL00VBIF]' starting...
04-10 19:24:38.191 17540 17629 D RobotCore: ...arming modern motor controller Modern Robotics USB DC Motor Controller [AL00VBIF] complete
04-10 19:24:38.192 17540 17629 I FIRST   : ======= MODULE DETACH RECOVERY: complete Modern Robotics USB DC Motor Controller [AL00VBIF]=======
04-10 19:24:39.157 17540 17608 W AudioTrack: AUDIO_OUTPUT_FLAG_FAST denied by client; transfer 4, track 44100 Hz, output 48000 Hz
04-10 19:24:44.548 17540 17540 V RCActivity: onPause()
04-10 19:24:44.557 17540 17540 V RCActivity: onStop()
04-10 19:24:44.557 17540 17540 V RobotCore: executive service robot setup is terminated
04-10 19:24:44.557 17540 17540 V Robocol : EventLoopManager.shutdown()
04-10 19:24:44.557 17540 17540 V RobotCore: waiting for service EventLoop
04-10 19:24:44.557 17540 17629 V RobotCore: EventLoopRunnable interrupted
04-10 19:24:44.557 17540 17629 V RobotCore: EventLoopManager state is STOPPED
04-10 19:24:44.558 17540 17629 V RobotCore: Robot Status: stopped
04-10 19:24:44.558 17540 17629 I FIRST   : ======= TEARDOWN =======
04-10 19:24:44.558 17540 17629 D RobotCore: disarming modern motor controller Modern Robotics USB DC Motor Controller [AL00VWH0]...
04-10 19:24:44.563 17540 17629 V RobotCore: waiting for service ReadWriteRunnable for Modern Robotics USB Device
04-10 19:24:44.563 17540 17677 V RobotCore: thread: ...terminating 'r/w loop: Modern Robotics USB DC Motor Controller [AL00VWH0]'
04-10 19:24:44.563 17540 17629 V RobotCore: awaitTermination returned, isTerminated=true
04-10 19:24:44.563 17540 17629 V RobotCore: executive service ReadWriteRunnable for Modern Robotics USB Device is terminated
04-10 19:24:44.563 17540 17629 D RobotCore: ...disarming modern motor controller Modern Robotics USB DC Motor Controller [AL00VWH0] complete
04-10 19:24:44.563 17540 17629 D RobotCore: disarming modern motor controller Modern Robotics USB DC Motor Controller [AI049QOP]...
04-10 19:24:44.570 17540 17678 V RobotCore: thread: ...terminating 'r/w loop: Modern Robotics USB DC Motor Controller [AI049QOP]'
04-10 19:24:44.570 17540 17629 V RobotCore: waiting for service ReadWriteRunnable for Modern Robotics USB Device
04-10 19:24:44.570 17540 17629 V RobotCore: awaitTermination returned, isTerminated=true
04-10 19:24:44.570 17540 17629 V RobotCore: executive service ReadWriteRunnable for Modern Robotics USB Device is terminated
04-10 19:24:44.570 17540 17629 D RobotCore: ...disarming modern motor controller Modern Robotics USB DC Motor Controller [AI049QOP] complete
04-10 19:24:44.570 17540 17629 D RobotCore: disarming modern motor controller Modern Robotics USB DC Motor Controller [AL00VBIF]...
04-10 19:24:44.571 17540 17629 V RobotCore: waiting for service ReadWriteRunnable for Modern Robotics USB Device
04-10 19:24:44.571 17540 17679 V RobotCore: thread: ...terminating 'r/w loop: Modern Robotics USB DC Motor Controller [AL00VBIF]'
04-10 19:24:44.572 17540 17629 V RobotCore: awaitTermination returned, isTerminated=true
04-10 19:24:44.572 17540 17629 V RobotCore: executive service ReadWriteRunnable for Modern Robotics USB Device is terminated
04-10 19:24:44.572 17540 17629 D RobotCore: ...disarming modern motor controller Modern Robotics USB DC Motor Controller [AL00VBIF] complete
04-10 19:24:44.573 17540 17629 D RobotCore: disarming modern motor controller Modern Robotics USB DC Motor Controller [A104OQ1P]...
04-10 19:24:44.581 17540 17629 V RobotCore: waiting for service ReadWriteRunnable for Modern Robotics USB Device
04-10 19:24:44.581 17540 17676 V RobotCore: thread: ...terminating 'r/w loop: Modern Robotics USB DC Motor Controller [A104OQ1P]'
04-10 19:24:44.581 17540 17629 V RobotCore: awaitTermination returned, isTerminated=true
04-10 19:24:44.581 17540 17629 V RobotCore: executive service ReadWriteRunnable for Modern Robotics USB Device is terminated
04-10 19:24:44.582 17540 17629 D RobotCore: ...disarming modern motor controller Modern Robotics USB DC Motor Controller [A104OQ1P] complete
04-10 19:24:44.582 17540 17629 D RobotCore: disarming modern servo controller "Modern Robotics USB Servo Controller [AL00VST0]"...
04-10 19:24:44.589 17540 17629 V RobotCore: waiting for service ReadWriteRunnable for Modern Robotics USB Device
04-10 19:24:44.589 17540 17674 V RobotCore: thread: ...terminating 'r/w loop: Modern Robotics USB Servo Controller [AL00VST0]'
04-10 19:24:44.590 17540 17629 V RobotCore: awaitTermination returned, isTerminated=true
04-10 19:24:44.590 17540 17629 V RobotCore: executive service ReadWriteRunnable for Modern Robotics USB Device is terminated
04-10 19:24:44.590 17540 17629 D RobotCore: ...disarming modern servo controller Modern Robotics USB Servo Controller [AL00VST0] complete
04-10 19:24:44.596 17540 17675 V RobotCore: thread: ...terminating 'r/w loop: Modern Robotics USB Core Device Interface Module [AI02RHDJ]'
04-10 19:24:44.596 17540 17629 V RobotCore: executive service ReadWriteRunnable for Modern Robotics USB Device is terminated
04-10 19:24:44.597 17540 17629 I FIRST   : ======= TEARDOWN COMPLETE =======
04-10 19:24:44.597 17540 17629 V RobotCore: thread: ...terminating 'opmode loop()'
04-10 19:24:44.597 17540 17540 V RobotCore: awaitTermination returned, isTerminated=true
04-10 19:24:44.597 17540 17540 V RobotCore: executive service EventLoop is terminated
04-10 19:24:44.597 17540 17540 V RobotCore: EventLoopManager state is STOPPED
04-10 19:24:44.613 17540 17597 D RobotCore: system telemetry: key=$System$None$ msg=""
04-10 19:31:57.398 18889 18889 I art     : Late-enabling -Xcheck:jni
04-10 19:31:57.467 18889 18889 I InstantRun: Instant Run Runtime started. Android package is com.qualcomm.ftcrobotcontroller, real application class is org.firstinspires.ftc.robotcore.internal.RobotApplication.
04-10 19:31:58.184 18957 18957 I dex2oat : /system/bin/dex2oat --dex-file=/data/data/com.qualcomm.ftcrobotcontroller/files/instant-run/dex/slice-slice_2-classes.dex --oat-file=/data/user/0/com.qualcomm.ftcrobotcontroller/cache/slice-slice_2-classes.dex
04-10 19:31:58.631 18957 18957 I dex2oat : dex2oat took 448.043ms (threads: 4) arena alloc=124KB java alloc=116KB native alloc=2MB free=107KB
04-10 19:31:59.099 18889 18889 V RCActivity: onCreate()
04-10 19:31:59.116 18889 19033 V RobotCore: saving logcat to /storage/emulated/0/com.qualcomm.ftcrobotcontroller.logcat
04-10 19:31:59.116 18889 19033 V RobotCore: logging command line: logcat -f /storage/emulated/0/com.qualcomm.ftcrobotcontroller.logcat -r4096 -n4 -v threadtime UsbRequestJNI:S UsbRequest:S *:V
04-10 19:31:59.142 18889 18889 I WebViewFactory: Loading com.google.android.webview version 46.0.2490.76 (code 249007600)
04-10 19:31:59.161 19036 19036 W ps      : type=1400 audit(0.0:91660): avc: denied { getattr } for uid=10109 path="/proc/1" dev="proc" ino=728561 scontext=u:r:untrusted_app:s0:c512,c768 tcontext=u:r:init:s0 tclass=dir permissive=0
04-10 19:31:59.161 19036 19036 W ps      : type=1400 audit(0.0:91661): avc: denied { search } for uid=10109 name="1" dev="proc" ino=728561 scontext=u:r:untrusted_app:s0:c512,c768 tcontext=u:r:init:s0 tclass=dir permissive=0
04-10 19:31:59.161 19036 19036 W ps      : type=1400 audit(0.0:91662): avc: denied { search } for uid=10109 name="1" dev="proc" ino=728561 scontext=u:r:untrusted_app:s0:c512,c768 tcontext=u:r:init:s0 tclass=dir permissive=0
04-10 19:31:59.161 19036 19036 W ps      : type=1400 audit(0.0:91663): avc: denied { getattr } for uid=10109 path="/proc/2" dev="proc" ino=728793 scontext=u:r:untrusted_app:s0:c512,c768 tcontext=u:r:kernel:s0 tclass=dir permissive=0
04-10 19:31:59.161 19036 19036 W ps      : type=1400 audit(0.0:91664): avc: denied { search } for uid=10109 name="2" dev="proc" ino=728793 scontext=u:r:untrusted_app:s0:c512,c768 tcontext=u:r:kernel:s0 tclass=dir permissive=0
04-10 19:31:59.161 19036 19036 W ps      : type=1400 audit(0.0:91665): avc: denied { search } for uid=10109 name="2" dev="proc" ino=728793 scontext=u:r:untrusted_app:s0:c512,c768 tcontext=u:r:kernel:s0 tclass=dir permissive=0
04-10 19:31:59.161 19036 19036 W ps      : type=1400 audit(0.0:91666): avc: denied { getattr } for uid=10109 path="/proc/3" dev="proc" ino=728794 scontext=u:r:untrusted_app:s0:c512,c768 tcontext=u:r:kernel:s0 tclass=dir permissive=0
04-10 19:31:59.161 19036 19036 W ps      : type=1400 audit(0.0:91667): avc: denied { search } for uid=10109 name="3" dev="proc" ino=728794 scontext=u:r:untrusted_app:s0:c512,c768 tcontext=u:r:kernel:s0 tclass=dir permissive=0
04-10 19:31:59.161 19036 19036 W ps      : type=1400 audit(0.0:91668): avc: denied { search } for uid=10109 name="3" dev="proc" ino=728794 scontext=u:r:untrusted_app:s0:c512,c768 tcontext=u:r:kernel:s0 tclass=dir permissive=0
04-10 19:31:59.161 19036 19036 W ps      : type=1400 audit(0.0:91669): avc: denied { getattr } for uid=10109 path="/proc/5" dev="proc" ino=728795 scontext=u:r:untrusted_app:s0:c512,c768 tcontext=u:r:kernel:s0 tclass=dir permissive=0
04-10 19:31:59.161 19036 19036 W ps      : type=1400 audit(0.0:91670): avc: denied { search } for uid=10109 name="5" dev="proc" ino=728795 scontext=u:r:untrusted_app:s0:c512,c768 tcontext=u:r:kernel:s0 tclass=dir permissive=0
04-10 19:31:59.161 19036 19036 W ps      : type=1400 audit(0.0:91671): avc: denied { search } for uid=10109 name="5" dev="proc" ino=728795 scontext=u:r:untrusted_app:s0:c512,c768 tcontext=u:r:kernel:s0 tclass=dir permissive=0
04-10 19:31:59.161 19036 19036 W ps      : type=1400 audit(0.0:91672): avc: denied { getattr } for uid=10109 path="/proc/6" dev="proc" ino=728796 scontext=u:r:untrusted_app:s0:c512,c768 tcontext=u:r:kernel:s0 tclass=dir permissive=0
04-10 19:31:59.161 19036 19036 W ps      : type=1400 audit(0.0:91673): avc: denied { search } for uid=10109 name="6" dev="proc" ino=728796 scontext=u:r:untrusted_app:s0:c512,c768 tcontext=u:r:kernel:s0 tclass=dir permissive=0
04-10 19:31:59.161 19036 19036 W ps      : type=1400 audit(0.0:91674): avc: denied { search } for uid=10109 name="6" dev="proc" ino=728796 scontext=u:r:untrusted_app:s0:c512,c768 tcontext=u:r:kernel:s0 tclass=dir permissive=0
04-10 19:31:59.161 19036 19036 W ps      : type=1400 audit(0.0:91675): avc: denied { getattr } for uid=10109 path="/proc/7" dev="proc" ino=728797 scontext=u:r:untrusted_app:s0:c512,c768 tcontext=u:r:kernel:s0 tclass=dir permissive=0
04-10 19:31:59.161 19036 19036 W ps      : type=1400 audit(0.0:91676): avc: denied { search } for uid=10109 name="7" dev="proc" ino=728797 scontext=u:r:untrusted_app:s0:c512,c768 tcontext=u:r:kernel:s0 tclass=dir permissive=0
04-10 19:31:59.161 19036 19036 W ps      : type=1400 audit(0.0:91677): avc: denied { search } for uid=10109 name="7" dev="proc" ino=728797 scontext=u:r:untrusted_app:s0:c512,c768 tcontext=u:r:kernel:s0 tclass=dir permissive=0
04-10 19:31:59.161 19036 19036 W ps      : type=1400 audit(0.0:91678): avc: denied { getattr } for uid=10109 path="/proc/8" dev="proc" ino=728798 scontext=u:r:untrusted_app:s0:c512,c768 tcontext=u:r:kernel:s0 tclass=dir permissive=0
04-10 19:31:59.161 19036 19036 W ps      : type=1400 audit(0.0:91679): avc: denied { search } for uid=10109 name="8" dev="proc" ino=728798 scontext=u:r:untrusted_app:s0:c512,c768 tcontext=u:r:kernel:s0 tclass=dir permissive=0
04-10 19:31:59.264 18889 18889 W System  : ClassLoader referenced unknown path: /system/app/WebViewGoogle/lib/arm
04-10 19:31:59.275 18889 18889 I cr.library_loader: Time to load native libraries: 6 ms (timestamps 443-449)
04-10 19:31:59.275 18889 18889 I cr.library_loader: Expected native library version number "46.0.2490.76", actual native library version number "46.0.2490.76"
04-10 19:31:59.292 18889 18889 V WebViewChromiumFactoryProvider: Binding Chromium to main looper Looper (main, tid 1) {4468f16}
04-10 19:31:59.293 18889 18889 I cr.library_loader: Expected native library version number "46.0.2490.76", actual native library version number "46.0.2490.76"
04-10 19:31:59.293 18889 18889 I chromium: [INFO:library_loader_hooks.cc(118)] Chromium logging enabled: level = 0, default verbosity = 0
04-10 19:31:59.301 18889 18889 I cr.BrowserStartup: Initializing chromium process, singleProcess=true
04-10 19:31:59.310 18889 18889 E SysUtils: ApplicationContext is null in ApplicationStatus
04-10 19:31:59.327 18889 19057 W chromium: [WARNING:dns_config_service_posix.cc(298)] Failed to read DnsConfig.
04-10 19:31:59.342 18889 18889 I Adreno-EGL: <qeglDrvAPI_eglInitialize:379>: EGL 1.4 QUALCOMM build:  (Ifd751822f5)
04-10 19:31:59.342 18889 18889 I Adreno-EGL: OpenGL ES Shader Compiler Version: XE031.06.00.05
04-10 19:31:59.342 18889 18889 I Adreno-EGL: Build Date: 01/26/16 Tue
04-10 19:31:59.342 18889 18889 I Adreno-EGL: Local Branch: AU12_SBA
04-10 19:31:59.342 18889 18889 I Adreno-EGL: Remote Branch: 
04-10 19:31:59.342 18889 18889 I Adreno-EGL: Local Patches: 
04-10 19:31:59.342 18889 18889 I Adreno-EGL: Reconstruct Branch: 
04-10 19:31:59.383 18889 18889 E chromium: [ERROR:browser_gpu_channel_host_factory.cc(258)] Failed to init browser shader disk cache.
04-10 19:31:59.399 18889 18889 E libEGL  : validate_display:255 error 3008 (EGL_BAD_DISPLAY)
04-10 19:31:59.441 18889 18889 W art     : Attempt to remove non-JNI local reference, dumping thread
04-10 19:31:59.457 18889 18889 W AwContents: onDetachedFromWindow called when already detached. Ignoring
04-10 19:32:01.241 18889 18889 V RobotCore: Network: inactive, disconnected
04-10 19:32:01.256 18889 18889 V RCActivity: onStart()
04-10 19:32:01.260 18889 18889 V RCActivity: onResume()
04-10 19:32:01.266 18889 19144 D OpenGLRenderer: Use EGL_SWAP_BEHAVIOR_PRESERVED: true
04-10 19:32:01.306 18889 18889 V FTCService: onCreate()
04-10 19:32:01.307 18889 18889 V FTCService: onBind()
04-10 19:32:01.307 18889 18889 V FTCService: Android device is motorola, MotoG3
04-10 19:32:01.308 18889 18889 V RobotCore: Starting network of type: WIFIDIRECT
04-10 19:32:01.311 18889 18889 V WifiDirect: There are 1 Wifi Direct Assistant Clients (+)
04-10 19:32:01.311 18889 18889 V WifiDirect: Enabling Wifi Direct Assistant
04-10 19:32:01.350 18889 19144 I OpenGLRenderer: Initialized EGL, version 1.4
04-10 19:32:01.369 18889 18889 D WifiDirect: broadcast: state - enabled: true
04-10 19:32:01.371 18889 18889 D WifiDirect: broadcast: connection changed: connectStatus=NOT_CONNECTED networkInfo.state=CONNECTED
04-10 19:32:01.372 18889 18889 V WifiDirect: NetworkInfo: [type: WIFI_P2P[], state: CONNECTED/CONNECTED, reason: (unspecified), extra: (none), roaming: false, failover: false, isAvailable: true]
04-10 19:32:01.372 18889 18889 V WifiDirect: WifiP2pInfo: groupFormed: true isGroupOwner: true operatingChannel: 2437 groupOwnerAddress: /192.168.49.1 mccMode: false
04-10 19:32:01.372 18889 18889 V WifiDirect: WifiP2pGroup: network: DIRECT-9r-9899-E-RC, isGO: true, Operating Channel: 2437, GO: Device: , deviceAddress: 24:da:9b:6a:a2:ba, primary type: null, secondary type: null, wps: 0, grpcapab: 0, devcapab: 0, status: 4, wfdInfo: WFD enabled: falseWFD DeviceInfo: 0, WFD CtrlPort: 0, WFD MaxThroughput: 0, level: 0, Client: Device: 9899-E-DS, deviceAddress: a4:70:d6:d3:3d:55, primary type: 10-0050F204-5, secondary type: null, wps: 392, grpcapab: 0, devcapab: 37, status: 0, wfdInfo: null, level: 60, interface: p2p0, networkId: 0, mGoOperFreq: 2437
04-10 19:32:01.373 18889 18889 D WifiDirect: broadcast: this device changed
04-10 19:32:01.373 18889 18889 V WifiDirect: device information: 9899-E-RC 24:da:9b:6a:a2:ba
04-10 19:32:01.373 18889 18889 V FTCService: RCActivity.controllerService=bound
04-10 19:32:01.373 18889 18889 V RobotCore: Network: unknown, disconnected
04-10 19:32:01.374 18889 18889 V RobotCore: Robot Status: stopped
04-10 19:32:01.394 18889 18889 D OpmodeRegistration: registered {DefaultOpMode} as {$Stop$Robot$}
04-10 19:32:01.395 18889 18889 V FTCService: Processing robot setup
04-10 19:32:01.395 18889 18889 D WifiDirect: cannot create group, does group already exist?
04-10 19:32:01.398 18889 19152 V RobotCore: thread: 'RobotSetupRunnable.run()' starting...
04-10 19:32:01.398 18889 19152 V RobotCore: Robot Status: stopped, scanning for USB devices
04-10 19:32:01.503 18889 18889 D WifiDirect: group owners address: /192.168.49.1
04-10 19:32:01.503 18889 18889 D WifiDirect: group formed, this device is the group owner (GO)
04-10 19:32:01.503 18889 18889 I FTCService: Wifi Direct - connected as group owner
04-10 19:32:01.503 18889 18889 D WifiDirect: stop discovering peers
04-10 19:32:01.509 18889 18889 V RobotCore: Network: enabled, disconnected
04-10 19:32:01.550 18889 18889 V WifiDirect: connection information available
04-10 19:32:01.550 18889 18889 V WifiDirect: connection information - groupOwnerName = 9899-E-RC
04-10 19:32:01.550 18889 18889 V WifiDirect: connection information - groupOwnerMacAddress = 24:da:9b:6a:a2:ba
04-10 19:32:01.550 18889 18889 V WifiDirect: connection information - groupInterface = p2p0
04-10 19:32:01.550 18889 18889 V WifiDirect: connection information - groupNetworkName = DIRECT-9r-9899-E-RC
04-10 19:32:01.550 18889 18889 I FTCService: Network Connection Passphrase: qzyGStT1
04-10 19:32:01.551 18889 18889 V RobotCore: Network: active, disconnected
04-10 19:32:05.127 18889 18896 I art     : Debugger is no longer active
04-10 19:32:06.401 18889 19152 V RobotCore: EventLoopManager state is NOT_STARTED
04-10 19:32:06.401 18889 18889 I RobotCore: Battery Checker, Level Remaining: 100.0
04-10 19:32:06.401 18889 19152 V RobotCore: Robot Status: stopped, waiting on network
04-10 19:32:06.402 18889 19152 V RobotCore: Robot Status: stopped, starting robot
04-10 19:32:06.402 18889 19152 V Robocol : EventLoopManager.start()
04-10 19:32:06.402 18889 18889 I RobotCore: Battery Checker, Level Remaining: 100.0
04-10 19:32:06.402 18889 19152 V RobotCore: Starting network of type: WIFIDIRECT
04-10 19:32:06.402 18889 19152 V Robocol : Spoofing a Network Connection event...
04-10 19:32:06.404 18889 19152 V RobotCore: executive service EventLoop is terminated
04-10 19:32:06.405 18889 19152 V RobotCore: EventLoopManager state is STOPPED
04-10 19:32:06.405 18889 19152 V Robocol : eventLoop=FtcEventLoop
04-10 19:32:06.405 18889 19152 V RobotCore: EventLoopManager state is INIT
04-10 19:32:06.406 18889 19152 V RobotCore: Robot Status: initializing, starting robot
04-10 19:32:06.408 18889 19274 V RobotCore: thread: 'SetupRunnable.run()' starting...
04-10 19:32:06.408 18889 19152 I FIRST   : ======= INIT START =======
04-10 19:32:06.418 18889 19152 D OpmodeRegistration: registered {MenusTest} as {MenusTest}
04-10 19:32:06.419 18889 19152 D OpmodeRegistration: registered {RedStandardTest} as {RedStandardTest}
04-10 19:32:06.420 18889 19152 D OpmodeRegistration: registered {TestOpMode} as {Test}
04-10 19:32:06.420 18889 19152 D OpmodeRegistration: registered {BlueAlternateCenter} as {BlueAlternateCenter}
04-10 19:32:06.421 18889 19152 D OpmodeRegistration: registered {BlueAlternateCorner} as {BlueAlternateCorner}
04-10 19:32:06.422 18889 19152 D OpmodeRegistration: registered {BlueStandardCenter} as {BlueStandardCenter}
04-10 19:32:06.423 18889 19152 D OpmodeRegistration: registered {BlueStandardCorner} as {BlueStandardCorner}
04-10 19:32:06.423 18889 19152 D OpmodeRegistration: registered {FinalTeleOp} as {FinalTeleOp}
04-10 19:32:06.424 18889 19152 D OpmodeRegistration: registered {RedAlternateCenter} as {RedAlternateCenter}
04-10 19:32:06.425 18889 19152 D OpmodeRegistration: registered {RedAlternateCorner} as {RedAlternateCorner}
04-10 19:32:06.426 18889 19152 D OpmodeRegistration: registered {RedStandardCenter} as {RedStandardCenter}
04-10 19:32:06.427 18889 19152 D OpmodeRegistration: registered {RedStandardCorner} as {RedStandardCorner}
04-10 19:32:06.437 18889 19152 V D2xx::  : Start constructor
04-10 19:32:06.442 18889 19152 V D2xx::  : End constructor
04-10 19:32:06.447 18889 19152 V RobotCore: Creating Modern Robotics USB Servo Controller [AL00VST0]
04-10 19:32:06.450 18889 19274 D Robocol : RobocolDatagramSocket listening addr=/192.168.49.1:20884 cbRec=65520 cbSend=163840 msRecTO=300
04-10 19:32:06.451 18889 19274 V Robocol : RecvLoopRunnable created
04-10 19:32:06.452 18889 19274 V PeerDiscovery: Starting peer discovery
04-10 19:32:06.454 18889 19152 D RobotCore: arming modern servo controller Modern Robotics USB Servo Controller [AL00VST0]...
04-10 19:32:06.456 18889 19152 W System.err: unable to find USB device with serial number AL00VST0
04-10 19:32:06.456 18889 19276 V RobotCore: thread: 'RecvLoopRunnable.run()' starting...
04-10 19:32:06.457 18889 19152 D RobotCore: arming modern servo controller Modern Robotics USB Servo Controller [AL00VST0] (pretend)...
04-10 19:32:06.457 18889 19274 V RobotCore: Setup complete
04-10 19:32:06.457 18889 19274 V RobotCore: thread: ...terminating 'SetupRunnable.run()'
04-10 19:32:06.461 18889 19152 V RobotCore: Starting up pretend device AL00VST0
04-10 19:32:06.467 18889 19278 V RobotCore: thread: 'r/w loop: Modern Robotics USB Servo Controller [AL00VST0]' starting...
04-10 19:32:06.467 18889 19152 D RobotCore: ...arming modern servo controller Modern Robotics USB Servo Controller [AL00VST0] complete
04-10 19:32:06.468 18889 19152 V RobotCore: Creating Modern Robotics USB Core Device Interface Module [AI02RHDJ]
04-10 19:32:06.475 18889 19152 W System.err: unable to find USB device with serial number AI02RHDJ
04-10 19:32:06.475 18889 19152 V RobotCore: Starting up pretend device AI02RHDJ
04-10 19:32:06.476 18889 19280 V RobotCore: thread: 'r/w loop: Modern Robotics USB Core Device Interface Module [AI02RHDJ]' starting...
04-10 19:32:06.477 18889 19152 V RobotCore: Creating I2C Device - Port: 2
04-10 19:32:06.477 18889 19152 V RobotCore: Creating Modern Robotics I2C Gyro Sensor - Port: 3
04-10 19:32:06.480 18889 19152 V RobotCore: Creating I2C Device - Port: 4
04-10 19:32:06.480 18889 19152 V RobotCore: Creating Modern Robotics Analog Optical Distance Sensor - Port: 6
04-10 19:32:06.480 18889 19152 V RobotCore: Creating Modern Robotics Analog Optical Distance Sensor - Port: 7
04-10 19:32:06.481 18889 19152 V RobotCore: Creating Modern Robotics USB DC Motor Controller [A104OQ1P]
04-10 19:32:06.486 18889 19152 D RobotCore: arming modern motor controller Modern Robotics USB DC Motor Controller [A104OQ1P]...
04-10 19:32:06.486 18889 19152 W System.err: unable to find USB device with serial number A104OQ1P
