04-10 19:22:58.847 17540 17540 V RCActivity: onStart()
04-10 19:22:58.850 17540 17540 V RCActivity: onResume()
04-10 19:22:58.853 17540 17585 D OpenGLRenderer: Use EGL_SWAP_BEHAVIOR_PRESERVED: true
04-10 19:22:58.902 17540 17540 V FTCService: onCreate()
04-10 19:22:58.903 17540 17540 V FTCService: onBind()
04-10 19:22:58.903 17540 17540 V FTCService: Android device is motorola, MotoG3
04-10 19:22:58.907 17540 17540 V RobotCore: Starting network of type: WIFIDIRECT
04-10 19:22:58.917 17540 17540 V WifiDirect: There are 1 Wifi Direct Assistant Clients (+)
04-10 19:22:58.917 17540 17540 V WifiDirect: Enabling Wifi Direct Assistant
04-10 19:22:58.952 17540 17585 I OpenGLRenderer: Initialized EGL, version 1.4
04-10 19:22:58.966 17540 17540 D WifiDirect: broadcast: state - enabled: true
04-10 19:22:58.969 17540 17540 D WifiDirect: broadcast: connection changed: connectStatus=NOT_CONNECTED networkInfo.state=CONNECTED
04-10 19:22:58.970 17540 17540 V WifiDirect: NetworkInfo: [type: WIFI_P2P[], state: CONNECTED/CONNECTED, reason: (unspecified), extra: (none), roaming: false, failover: false, isAvailable: true]
04-10 19:22:58.971 17540 17540 V WifiDirect: WifiP2pInfo: groupFormed: true isGroupOwner: true operatingChannel: 2437 groupOwnerAddress: /192.168.49.1 mccMode: false
04-10 19:22:58.971 17540 17540 V WifiDirect: WifiP2pGroup: network: DIRECT-9r-9899-E-RC, isGO: true, Operating Channel: 2437, GO: Device: , deviceAddress: 24:da:9b:6a:a2:ba, primary type: null, secondary type: null, wps: 0, grpcapab: 0, devcapab: 0, status: 4, wfdInfo: WFD enabled: falseWFD DeviceInfo: 0, WFD CtrlPort: 0, WFD MaxThroughput: 0, level: 0, Client: Device: 9899-E-DS, deviceAddress: a4:70:d6:d3:3d:55, primary type: 10-0050F204-5, secondary type: null, wps: 392, grpcapab: 0, devcapab: 37, status: 0, wfdInfo: null, level: 60, interface: p2p0, networkId: 0, mGoOperFreq: 2437
04-10 19:22:58.971 17540 17540 D WifiDirect: broadcast: this device changed
04-10 19:22:58.972 17540 17540 V WifiDirect: device information: 9899-E-RC 24:da:9b:6a:a2:ba
04-10 19:22:58.972 17540 17540 V FTCService: RCActivity.controllerService=bound
04-10 19:22:58.972 17540 17540 V RobotCore: Network: unknown, disconnected
04-10 19:22:58.973 17540 17540 V RobotCore: Robot Status: stopped
04-10 19:22:58.989 17540 17540 D OpmodeRegistration: registered {DefaultOpMode} as {$Stop$Robot$}
04-10 19:22:58.990 17540 17540 V FTCService: Processing robot setup
04-10 19:22:58.991 17540 17540 D WifiDirect: cannot create group, does group already exist?
04-10 19:22:58.996 17540 17589 V RobotCore: thread: 'RobotSetupRunnable.run()' starting...
04-10 19:22:58.996 17540 17589 V RobotCore: Robot Status: stopped, scanning for USB devices
04-10 19:22:59.081 17540 17540 D WifiDirect: group owners address: /192.168.49.1
04-10 19:22:59.081 17540 17540 D WifiDirect: group formed, this device is the group owner (GO)
04-10 19:22:59.081 17540 17540 I FTCService: Wifi Direct - connected as group owner
04-10 19:22:59.081 17540 17540 D WifiDirect: stop discovering peers
04-10 19:22:59.087 17540 17540 V RobotCore: Network: enabled, disconnected
04-10 19:22:59.113 17540 17540 V WifiDirect: connection information available
04-10 19:22:59.113 17540 17540 V WifiDirect: connection information - groupOwnerName = 9899-E-RC
04-10 19:22:59.114 17540 17540 V WifiDirect: connection information - groupOwnerMacAddress = 24:da:9b:6a:a2:ba
04-10 19:22:59.114 17540 17540 V WifiDirect: connection information - groupInterface = p2p0
04-10 19:22:59.114 17540 17540 V WifiDirect: connection information - groupNetworkName = DIRECT-9r-9899-E-RC
04-10 19:22:59.114 17540 17540 I FTCService: Network Connection Passphrase: qzyGStT1
04-10 19:22:59.115 17540 17540 V RobotCore: Network: active, disconnected
04-10 19:23:03.995 17540 17540 I RobotCore: Battery Checker, Level Remaining: 100.0
04-10 19:23:03.997 17540 17540 I RobotCore: Battery Checker, Level Remaining: 100.0
04-10 19:23:03.998 17540 17589 V RobotCore: EventLoopManager state is NOT_STARTED
04-10 19:23:03.999 17540 17589 V RobotCore: Robot Status: stopped, waiting on network
04-10 19:23:04.001 17540 17589 V RobotCore: Robot Status: stopped, starting robot
04-10 19:23:04.002 17540 17589 V Robocol : EventLoopManager.start()
04-10 19:23:04.002 17540 17589 V RobotCore: Starting network of type: WIFIDIRECT
04-10 19:23:04.002 17540 17589 V Robocol : Spoofing a Network Connection event...
04-10 19:23:04.004 17540 17589 V RobotCore: executive service EventLoop is terminated
04-10 19:23:04.004 17540 17589 V RobotCore: EventLoopManager state is STOPPED
04-10 19:23:04.004 17540 17589 V Robocol : eventLoop=FtcEventLoop
04-10 19:23:04.004 17540 17589 V RobotCore: EventLoopManager state is INIT
04-10 19:23:04.005 17540 17589 V RobotCore: Robot Status: initializing, starting robot
04-10 19:23:04.005 17540 17589 I FIRST   : ======= INIT START =======
04-10 19:23:04.010 17540 17595 V RobotCore: thread: 'SetupRunnable.run()' starting...
04-10 19:23:04.032 17540 17589 D OpmodeRegistration: registered {MenusTest} as {MenusTest}
04-10 19:23:04.033 17540 17589 D OpmodeRegistration: registered {RedStandardTest} as {RedStandardTest}
04-10 19:23:04.033 17540 17589 D OpmodeRegistration: registered {TestOpMode} as {Test}
04-10 19:23:04.034 17540 17589 D OpmodeRegistration: registered {BlueAlternateCenter} as {BlueAlternateCenter}
04-10 19:23:04.035 17540 17589 D OpmodeRegistration: registered {BlueAlternateCorner} as {BlueAlternateCorner}
04-10 19:23:04.035 17540 17589 D OpmodeRegistration: registered {BlueStandardCenter} as {BlueStandardCenter}
04-10 19:23:04.036 17540 17589 D OpmodeRegistration: registered {BlueStandardCorner} as {BlueStandardCorner}
04-10 19:23:04.037 17540 17589 D OpmodeRegistration: registered {FinalTeleOp} as {FinalTeleOp}
04-10 19:23:04.039 17540 17589 D OpmodeRegistration: registered {RedAlternateCenter} as {RedAlternateCenter}
04-10 19:23:04.045 17540 17589 D OpmodeRegistration: registered {RedAlternateCorner} as {RedAlternateCorner}
04-10 19:23:04.046 17540 17589 D OpmodeRegistration: registered {RedStandardCenter} as {RedStandardCenter}
04-10 19:23:04.047 17540 17589 D OpmodeRegistration: registered {RedStandardCorner} as {RedStandardCorner}
04-10 19:23:04.051 17540 17595 D Robocol : RobocolDatagramSocket listening addr=/192.168.49.1:20884 cbRec=65520 cbSend=163840 msRecTO=300
04-10 19:23:04.052 17540 17595 V Robocol : RecvLoopRunnable created
04-10 19:23:04.056 17540 17595 V PeerDiscovery: Starting peer discovery
04-10 19:23:04.057 17540 17595 V RobotCore: Setup complete
04-10 19:23:04.057 17540 17595 V RobotCore: thread: ...terminating 'SetupRunnable.run()'
04-10 19:23:04.057 17540 17589 V D2xx::  : Start constructor
04-10 19:23:04.058 17540 17597 V RobotCore: thread: 'RecvLoopRunnable.run()' starting...
04-10 19:23:04.061 17540 17589 V D2xx::  : End constructor
04-10 19:23:04.067 17540 17589 V RobotCore: Creating Modern Robotics USB Servo Controller [AL00VST0]
04-10 19:23:04.074 17540 17589 D RobotCore: arming modern servo controller Modern Robotics USB Servo Controller [AL00VST0]...
04-10 19:23:04.077 17540 17589 V D2xx::  : Vendor: 0403, Product: 6001
04-10 19:23:04.087 17540 17589 D UsbDeviceConnectionJNI: close
04-10 19:23:04.087 17540 17589 V D2xx::  : Vendor: 0403, Product: 6001
04-10 19:23:04.096 17540 17589 D UsbDeviceConnectionJNI: close
04-10 19:23:04.096 17540 17589 V D2xx::  : Vendor: 0403, Product: 6001
04-10 19:23:04.105 17540 17589 D UsbDeviceConnectionJNI: close
04-10 19:23:04.105 17540 17589 V D2xx::  : Vendor: 0403, Product: 6001
04-10 19:23:04.113 17540 17589 D UsbDeviceConnectionJNI: close
04-10 19:23:04.113 17540 17589 V D2xx::  : Vendor: 0403, Product: 6001
04-10 19:23:04.124 17540 17589 D UsbDeviceConnectionJNI: close
04-10 19:23:04.124 17540 17589 V D2xx::  : Vendor: 0403, Product: 6001
04-10 19:23:04.134 17540 17589 D UsbDeviceConnectionJNI: close
04-10 19:23:04.136 17540 17589 D FTDI_Device::: open SUCCESS
04-10 19:23:04.136 17540 17589 I FTDI_Device::: EP: 0x81
04-10 19:23:04.136 17540 17589 I FTDI_Device::: EP: 0x02
04-10 19:23:04.137 17540 17589 D D2XX::  : **********************Device Opened**********************
04-10 19:23:04.358 17540 17597 D Robocol : no packet received: SocketTimeoutException
04-10 19:23:04.591 17540 17589 V RobotCore: Starting up device AL00VST0
04-10 19:23:04.603 17540 17601 V RobotCore: thread: 'r/w loop: Modern Robotics USB Servo Controller [AL00VST0]' starting...
04-10 19:23:04.603 17540 17589 D RobotCore: ...arming modern servo controller Modern Robotics USB Servo Controller [AL00VST0] complete
04-10 19:23:04.604 17540 17589 V RobotCore: Creating Modern Robotics USB Core Device Interface Module [AI02RHDJ]
04-10 19:23:04.618 17540 17597 D RobotCore: system telemetry: key=$System$None$ msg=""
04-10 19:23:04.619 17540 17589 V D2xx::  : Vendor: 0403, Product: 6001
04-10 19:23:04.620 17540 17589 V D2xx::  : Vendor: 0403, Product: 6001
04-10 19:23:04.621 17540 17597 V PeerDiscovery: new remote peer discovered: 192.168.49.134
04-10 19:23:04.621 17540 17597 D Robocol : RobocolDatagramSocket connected to /192.168.49.134:20884
04-10 19:23:04.622 17540 17597 V NetworkConnectionHandler: starting sending loop
04-10 19:23:04.622 17540 17597 V Robocol : SendOnceRunnable created
04-10 19:23:04.622 17540 17589 V D2xx::  : Vendor: 0403, Product: 6001
04-10 19:23:04.624 17540 17589 V D2xx::  : Vendor: 0403, Product: 6001
04-10 19:23:04.626 17540 17589 V D2xx::  : Vendor: 0403, Product: 6001
04-10 19:23:04.629 17540 17589 V D2xx::  : Vendor: 0403, Product: 6001
04-10 19:23:04.631 17540 17589 D FTDI_Device::: open SUCCESS
04-10 19:23:04.631 17540 17589 I FTDI_Device::: EP: 0x81
04-10 19:23:04.631 17540 17589 I FTDI_Device::: EP: 0x02
04-10 19:23:04.631 17540 17589 D D2XX::  : **********************Device Opened**********************
04-10 19:23:04.651 17540 17597 V RobotCore: Network: active, connected
04-10 19:23:04.700 17540 17608 D MediaPlayer: setSubtitleAnchor in MediaPlayer
04-10 19:23:04.700 17540 17540 D MediaPlayer: setSubtitleAnchor in MediaPlayer
04-10 19:23:04.703 17540 17602 V Robocol : sending CMD_REQUEST_USER_SENSOR_LIST_RESP(10), attempt: 0
04-10 19:23:04.753 17540 17606 D ExtendedUtils: extended extractor not needed, return default
04-10 19:23:04.754 17540 17606 I MediaCodec: (0xb7efabf8) init name(audio/raw) isType(1) encoder(0)
04-10 19:23:04.757 17540 17612 I OMXClient: Using client-side OMX mux.
04-10 19:23:04.763 17540 17612 E OMXMaster: A component of name 'OMX.qcom.audio.decoder.aac' already exists, ignoring this one.
04-10 19:23:04.766 17540 17612 I MediaCodec: (0xb7efabf8) Component Allocated (OMX.google.raw.decoder)
04-10 19:23:04.766 17540 17606 I MediaCodec: (0xb7efabf8) configure surface(0x0) crypto(0x0) flags(0)
04-10 19:23:04.766 17540 17606 D MediaCodec: (0xb7efabf8) configure format: AMessage(what = 0x00000000) = {
04-10 19:23:04.766 17540 17606 D MediaCodec:    string mime = "audio/raw"
04-10 19:23:04.766 17540 17606 D MediaCodec:    int64_t durationUs = 485011
04-10 19:23:04.766 17540 17606 D MediaCodec:    int32_t channel-count = 2
04-10 19:23:04.766 17540 17606 D MediaCodec:    int32_t sample-rate = 44100
04-10 19:23:04.766 17540 17606 D MediaCodec:    int32_t channel-mask = 0
04-10 19:23:04.766 17540 17606 D MediaCodec:  }
04-10 19:23:04.771 17540 17606 I MediaCodec: (0xb7efabf8) start
04-10 19:23:04.772 17540 17612 I MediaCodec: (0xb7efabf8) input buffers allocated
04-10 19:23:04.772 17540 17612 I MediaCodec: (0xb7efabf8) numBuffers (4)
04-10 19:23:04.772 17540 17612 I MediaCodec: (0xb7efabf8) output buffers allocated
04-10 19:23:04.772 17540 17612 I MediaCodec: (0xb7efabf8) numBuffers (4)
04-10 19:23:04.775 17540 17612 I MediaCodec: (0xb7efabf8) codec output format changed
04-10 19:23:04.775 17540 17612 D MediaCodec: (0xb7efabf8) output format: AMessage(what = 'codc', target = 2) = {
04-10 19:23:04.775 17540 17612 D MediaCodec:    string mime = "audio/raw"
04-10 19:23:04.775 17540 17612 D MediaCodec:    int32_t channel-count = 2
04-10 19:23:04.775 17540 17612 D MediaCodec:    int32_t sample-rate = 44100
04-10 19:23:04.775 17540 17612 D MediaCodec:    int32_t channel-mask = 0
04-10 19:23:04.775 17540 17612 D MediaCodec:    int32_t what = 1869968451
04-10 19:23:04.775 17540 17612 D MediaCodec:  }
04-10 19:23:04.779 17540 17606 I MediaCodec: (0xb7efabf8) stop
04-10 19:23:04.780 17540 17606 I MediaCodec: (0xb7efabf8) release
04-10 19:23:04.785 17540 17608 W AudioTrack: AUDIO_OUTPUT_FLAG_FAST denied by client; transfer 4, track 44100 Hz, output 48000 Hz
04-10 19:23:04.943 17540 17602 V Robocol : sending CMD_REQUEST_USER_SENSOR_LIST_RESP(10), attempt: 1
04-10 19:23:04.948 17540 17597 V Robocol : received command: CMD_REQUEST_OP_MODE_LIST(10005) 
04-10 19:23:04.949 17540 17597 V Robocol : received command: CMD_REQUEST_ACTIVE_CONFIGURATION(10006) 
04-10 19:23:04.980 17540 17597 V Robocol : received command: CMD_REQUEST_USER_SENSOR_LIST_RESP(10) [{"description":"a MR compass sensor","flavor":"I2C","name":"MR Compass Sensor","xmlTag":"ModernRoboticsI2cCompassSensor"},{"description":"an Adafruit IMU","flavor":"I2C","name":"Adafruit IMU","xmlTag":"AdafruitBNO055IMU"},{"description":"a MR range sensor","flavor":"I2C","name":"MR Range Sensor","xmlTag":"ModernRoboticsI2cRangeSensor"}]
04-10 19:23:04.983 17540 17602 V Robocol : sending CMD_REQUEST_OP_MODE_LIST_RESP(15), attempt: 0
04-10 19:23:04.984 17540 17602 V Robocol : sending CMD_REQUEST_USER_SENSOR_LIST_RESP(16), attempt: 0
04-10 19:23:05.023 17540 17602 V Robocol : sending CMD_REQUEST_ACTIVE_CONFIGURATION_RESP(19), attempt: 0
04-10 19:23:05.052 17540 17589 V RobotCore: Starting up device AI02RHDJ
04-10 19:23:05.055 17540 17616 V RobotCore: thread: 'r/w loop: Modern Robotics USB Core Device Interface Module [AI02RHDJ]' starting...
04-10 19:23:05.056 17540 17589 V RobotCore: Creating I2C Device - Port: 2
04-10 19:23:05.056 17540 17589 V RobotCore: Creating Modern Robotics I2C Gyro Sensor - Port: 3
04-10 19:23:05.065 17540 17589 V RobotCore: Creating I2C Device - Port: 4
04-10 19:23:05.065 17540 17589 V RobotCore: Creating Modern Robotics Analog Optical Distance Sensor - Port: 6
04-10 19:23:05.066 17540 17589 V RobotCore: Creating Modern Robotics Analog Optical Distance Sensor - Port: 7
04-10 19:23:05.066 17540 17589 V RobotCore: Creating Modern Robotics USB DC Motor Controller [A104OQ1P]
04-10 19:23:05.068 17540 17597 V Robocol : received command: CMD_REQUEST_USER_SENSOR_LIST_RESP(10) [{"description":"a MR compass sensor","flavor":"I2C","name":"MR Compass Sensor","xmlTag":"ModernRoboticsI2cCompassSensor"},{"description":"an Adafruit IMU","flavor":"I2C","name":"Adafruit IMU","xmlTag":"AdafruitBNO055IMU"},{"description":"a MR range sensor","flavor":"I2C","name":"MR Range Sensor","xmlTag":"ModernRoboticsI2cRangeSensor"}]
04-10 19:23:05.068 17540 17597 V Robocol : received command: CMD_REQUEST_OP_MODE_LIST_RESP(15) [{"flavor":"TELEOP","group":"Test","name":"MenusTest"},{"flavor":"AUTONOMOUS","group":"Test","name":"RedStandardTest"},{"flavor":"AUTONOMOUS","group":"Test","name":"Test"},{"flavor":"AUTONOMOUS","group":"Competition","name":"BlueAlternateCenter"},{"flavor":"AUTONOMOUS","group":"Competition","name":"BlueAlternateCorner"},{"flavor":"AUTONOMOUS","group":"Competition","name":"BlueStandardCenter"},{"flavor":"AUTONOMOUS","group":"Competition","name":"BlueStandardCorner"},{"flavor":"TELEOP","group":"Competition","name":"FinalTeleOp"},{"flavor":"AUTONOMOUS","group":"Competition","name":"RedAlternateCenter"},{"flavor":"AUTONOMOUS","group":"Competition","name":"RedAlternateCorner"},{"flavor":"AUTONOMOUS","group":"Competition","name":"RedStandardCenter"},{"flavor":"AUTONOMOUS","group":"Competition","name":"RedStandardCorner"}]
04-10 19:23:05.068 17540 17597 V Robocol : received command: CMD_INIT_OP_MODE(10015) $Stop$Robot$
04-10 19:23:05.068 17540 17597 V Robocol : received command: CMD_REQUEST_USER_SENSOR_LIST_RESP(16) [{"description":"a MR compass sensor","flavor":"I2C","name":"MR Compass Sensor","xmlTag":"ModernRoboticsI2cCompassSensor"},{"description":"an Adafruit IMU","flavor":"I2C","name":"Adafruit IMU","xmlTag":"AdafruitBNO055IMU"},{"description":"a MR range sensor","flavor":"I2C","name":"MR Range Sensor","xmlTag":"ModernRoboticsI2cRangeSensor"}]
04-10 19:23:05.069 17540 17597 V Robocol : received command: CMD_REQUEST_ACTIVE_CONFIGURATION_RESP(19) {"isDirty":false,"location":"LOCAL_STORAGE","name":"FINAL_CONFIG_2017","resourceId":0}
04-10 19:23:05.073 17540 17589 D RobotCore: arming modern motor controller Modern Robotics USB DC Motor Controller [A104OQ1P]...
04-10 19:23:05.075 17540 17589 V D2xx::  : Vendor: 0403, Product: 6001
04-10 19:23:05.076 17540 17589 V D2xx::  : Vendor: 0403, Product: 6001
04-10 19:23:05.077 17540 17589 V D2xx::  : Vendor: 0403, Product: 6001
04-10 19:23:05.078 17540 17589 V D2xx::  : Vendor: 0403, Product: 6001
04-10 19:23:05.079 17540 17589 V D2xx::  : Vendor: 0403, Product: 6001
04-10 19:23:05.080 17540 17589 V D2xx::  : Vendor: 0403, Product: 6001
04-10 19:23:05.081 17540 17589 D FTDI_Device::: open SUCCESS
04-10 19:23:05.081 17540 17589 I FTDI_Device::: EP: 0x81
04-10 19:23:05.081 17540 17589 I FTDI_Device::: EP: 0x02
04-10 19:23:05.082 17540 17589 D D2XX::  : **********************Device Opened**********************
04-10 19:23:05.495 17540 17589 V RobotCore: Starting up device A104OQ1P
04-10 19:23:05.497 17540 17619 V RobotCore: thread: 'r/w loop: Modern Robotics USB DC Motor Controller [A104OQ1P]' starting...
04-10 19:23:05.500 17540 17589 D RobotCore: ...arming modern motor controller Modern Robotics USB DC Motor Controller [A104OQ1P] complete
04-10 19:23:05.543 17540 17589 V RobotCore: Creating Modern Robotics USB DC Motor Controller [AL00VWH0]
04-10 19:23:05.543 17540 17589 D RobotCore: arming modern motor controller Modern Robotics USB DC Motor Controller [AL00VWH0]...
04-10 19:23:05.545 17540 17589 V D2xx::  : Vendor: 0403, Product: 6001
04-10 19:23:05.547 17540 17589 V D2xx::  : Vendor: 0403, Product: 6001
04-10 19:23:05.549 17540 17589 V D2xx::  : Vendor: 0403, Product: 6001
04-10 19:23:05.550 17540 17589 V D2xx::  : Vendor: 0403, Product: 6001
04-10 19:23:05.552 17540 17589 V D2xx::  : Vendor: 0403, Product: 6001
04-10 19:23:05.553 17540 17589 V D2xx::  : Vendor: 0403, Product: 6001
04-10 19:23:05.555 17540 17589 D FTDI_Device::: open SUCCESS
04-10 19:23:05.555 17540 17589 I FTDI_Device::: EP: 0x81
04-10 19:23:05.555 17540 17589 I FTDI_Device::: EP: 0x02
04-10 19:23:05.556 17540 17589 D D2XX::  : **********************Device Opened**********************
04-10 19:23:05.980 17540 17589 V RobotCore: Starting up device AL00VWH0
04-10 19:23:05.983 17540 17622 V RobotCore: thread: 'r/w loop: Modern Robotics USB DC Motor Controller [AL00VWH0]' starting...
04-10 19:23:05.984 17540 17589 D RobotCore: ...arming modern motor controller Modern Robotics USB DC Motor Controller [AL00VWH0] complete
04-10 19:23:06.026 17540 17589 V RobotCore: Creating Modern Robotics USB DC Motor Controller [AI049QOP]
04-10 19:23:06.026 17540 17589 D RobotCore: arming modern motor controller Modern Robotics USB DC Motor Controller [AI049QOP]...
04-10 19:23:06.028 17540 17589 V D2xx::  : Vendor: 0403, Product: 6001
04-10 19:23:06.029 17540 17589 V D2xx::  : Vendor: 0403, Product: 6001
04-10 19:23:06.031 17540 17589 V D2xx::  : Vendor: 0403, Product: 6001
04-10 19:23:06.032 17540 17589 V D2xx::  : Vendor: 0403, Product: 6001
04-10 19:23:06.033 17540 17589 V D2xx::  : Vendor: 0403, Product: 6001
04-10 19:23:06.034 17540 17589 V D2xx::  : Vendor: 0403, Product: 6001
04-10 19:23:06.037 17540 17589 D FTDI_Device::: open SUCCESS
04-10 19:23:06.037 17540 17589 I FTDI_Device::: EP: 0x81
04-10 19:23:06.037 17540 17589 I FTDI_Device::: EP: 0x02
04-10 19:23:06.037 17540 17589 D D2XX::  : **********************Device Opened**********************
04-10 19:23:06.460 17540 17589 V RobotCore: Starting up device AI049QOP
04-10 19:23:06.462 17540 17625 V RobotCore: thread: 'r/w loop: Modern Robotics USB DC Motor Controller [AI049QOP]' starting...
04-10 19:23:06.462 17540 17589 D RobotCore: ...arming modern motor controller Modern Robotics USB DC Motor Controller [AI049QOP] complete
04-10 19:23:06.521 17540 17589 V RobotCore: Creating Modern Robotics USB DC Motor Controller [AL00VBIF]
04-10 19:23:06.522 17540 17589 D RobotCore: arming modern motor controller Modern Robotics USB DC Motor Controller [AL00VBIF]...
04-10 19:23:06.524 17540 17589 V D2xx::  : Vendor: 0403, Product: 6001
04-10 19:23:06.525 17540 17589 V D2xx::  : Vendor: 0403, Product: 6001
04-10 19:23:06.527 17540 17589 V D2xx::  : Vendor: 0403, Product: 6001
04-10 19:23:06.529 17540 17589 V D2xx::  : Vendor: 0403, Product: 6001
04-10 19:23:06.532 17540 17589 V D2xx::  : Vendor: 0403, Product: 6001
04-10 19:23:06.534 17540 17589 V D2xx::  : Vendor: 0403, Product: 6001
04-10 19:23:06.536 17540 17589 D FTDI_Device::: open SUCCESS
04-10 19:23:06.536 17540 17589 I FTDI_Device::: EP: 0x81
04-10 19:23:06.536 17540 17589 I FTDI_Device::: EP: 0x02
04-10 19:23:06.536 17540 17589 D D2XX::  : **********************Device Opened**********************
04-10 19:23:06.961 17540 17589 V RobotCore: Starting up device AL00VBIF
04-10 19:23:06.962 17540 17628 V RobotCore: thread: 'r/w loop: Modern Robotics USB DC Motor Controller [AL00VBIF]' starting...
04-10 19:23:06.963 17540 17589 D RobotCore: ...arming modern motor controller Modern Robotics USB DC Motor Controller [AL00VBIF] complete
04-10 19:23:07.081 17540 17589 I RobotCore: Analytics has completed initialization.
04-10 19:23:07.081 17540 17589 I RobotCore: ========= Device Information ===================================================
04-10 19:23:07.082 17540 17589 I RobotCore: Type                                               Name                           Connection
04-10 19:23:07.082 17540 17589 I RobotCore: I2cDevice                                          colorBack                      USB AI02RHDJ; port 4
04-10 19:23:07.083 17540 17589 I RobotCore: Modern Robotics USB DC Motor Controller v2.0       Shooter                        USB AI049QOP
04-10 19:23:07.083 17540 17589 I RobotCore: DC Motor                                           rightFront                     USB AL00VWH0; port 1
04-10 19:23:07.083 17540 17589 I RobotCore: Modern Robotics Analog Optical Distance Sensor     ods2                           USB AI02RHDJ; analog port 6
04-10 19:23:07.083 17540 17589 I RobotCore: Modern Robotics USB DC Motor Controller v2.0       Front Motors                   USB AL00VWH0
04-10 19:23:07.083 17540 17589 I RobotCore: Modern Robotics USB DC Motor Controller v2.0       Back Motors                    USB A104OQ1P
04-10 19:23:07.083 17540 17589 I RobotCore: DC Motor                                           leftBack                       USB A104OQ1P; port 2
04-10 19:23:07.083 17540 17589 I RobotCore: DC Motor                                           led                            USB AL00VBIF; port 2
04-10 19:23:07.084 17540 17589 I RobotCore: Servo                                              upDown                         USB AL00VST0; port 1
04-10 19:23:07.084 17540 17589 I RobotCore: DC Motor                                           shooter2                       USB AI049QOP; port 2
04-10 19:23:07.084 17540 17589 I RobotCore: DC Motor                                           shooter1                       USB AI049QOP; port 1
04-10 19:23:07.084 17540 17589 I RobotCore: DC Motor                                           leftFront                      USB AL00VWH0; port 2
04-10 19:23:07.084 17540 17589 I RobotCore: DC Motor                                           rightBack                      USB A104OQ1P; port 1
04-10 19:23:07.084 17540 17589 I RobotCore: Servo                                              ballFeeder                     USB AL00VST0; port 2
04-10 19:23:07.084 17540 17589 I RobotCore: Modern Robotics USB DC Motor Controller v2.0       Intake                         USB AL00VBIF
04-10 19:23:07.084 17540 17589 I RobotCore: Modern Robotics USB Core Device Interface Module v2.0 Sensors                        USB AI02RHDJ
04-10 19:23:07.084 17540 17589 I RobotCore: I2cDevice                                          colorFront                     USB AI02RHDJ; port 2
04-10 19:23:07.084 17540 17589 I RobotCore: Modern Robotics USB Servo Controller v2.0          Servos                         USB AL00VST0
04-10 19:23:07.084 17540 17589 I RobotCore: DC Motor                                           intake                         USB AL00VBIF; port 1
04-10 19:23:07.084 17540 17589 I RobotCore: Modern Robotics Gyro                               gyro                           USB AI02RHDJ; I2C port: 3
04-10 19:23:07.084 17540 17589 I RobotCore: Modern Robotics Analog Optical Distance Sensor     ods                            USB AI02RHDJ; analog port 7
04-10 19:23:07.085 17540 17589 I FIRST   : ======= INIT FINISH =======
04-10 19:23:07.085 17540 17589 V RobotCore: EventLoopManager state is RUNNING
04-10 19:23:07.085 17540 17589 V RobotCore: Robot Status: running, starting robot
04-10 19:23:07.086 17540 17589 V RobotCore: Robot Status: running
04-10 19:23:07.086 17540 17589 V RobotCore: thread: ...terminating 'RobotSetupRunnable.run()'
04-10 19:23:07.092 17540 17629 V RobotCore: thread: 'opmode loop()' starting...
04-10 19:23:07.104 17540 17540 D MediaPlayer: setSubtitleAnchor in MediaPlayer
04-10 19:23:07.104 17540 17608 D MediaPlayer: setSubtitleAnchor in MediaPlayer
04-10 19:23:07.116 17540 17606 D ExtendedUtils: extended extractor not needed, return default
04-10 19:23:07.116 17540 17606 I MediaCodec: (0xb7ed5350) init name(audio/raw) isType(1) encoder(0)
04-10 19:23:07.122 17540 17633 I OMXClient: Using client-side OMX mux.
04-10 19:23:07.139 17540 17633 E OMXMaster: A component of name 'OMX.qcom.audio.decoder.aac' already exists, ignoring this one.
04-10 19:23:07.150 17540 17633 I MediaCodec: (0xb7ed5350) Component Allocated (OMX.google.raw.decoder)
04-10 19:23:07.150 17540 17606 I MediaCodec: (0xb7ed5350) configure surface(0x0) crypto(0x0) flags(0)
04-10 19:23:07.151 17540 17606 D MediaCodec: (0xb7ed5350) configure format: AMessage(what = 0x00000000) = {
04-10 19:23:07.151 17540 17606 D MediaCodec:    string mime = "audio/raw"
04-10 19:23:07.151 17540 17606 D MediaCodec:    int64_t durationUs = 1019125
04-10 19:23:07.151 17540 17606 D MediaCodec:    int32_t channel-count = 1
04-10 19:23:07.151 17540 17606 D MediaCodec:    int32_t sample-rate = 8000
04-10 19:23:07.151 17540 17606 D MediaCodec:    int32_t channel-mask = 0
04-10 19:23:07.151 17540 17606 D MediaCodec:  }
04-10 19:23:07.151 17540 17606 I MediaCodec: (0xb7ed5350) start
04-10 19:23:07.152 17540 17633 I MediaCodec: (0xb7ed5350) input buffers allocated
04-10 19:23:07.152 17540 17633 I MediaCodec: (0xb7ed5350) numBuffers (4)
04-10 19:23:07.152 17540 17633 I MediaCodec: (0xb7ed5350) output buffers allocated
04-10 19:23:07.152 17540 17633 I MediaCodec: (0xb7ed5350) numBuffers (4)
04-10 19:23:07.159 17540 17633 I MediaCodec: (0xb7ed5350) codec output format changed
04-10 19:23:07.159 17540 17633 D MediaCodec: (0xb7ed5350) output format: AMessage(what = 'codc', target = 6) = {
04-10 19:23:07.159 17540 17633 D MediaCodec:    string mime = "audio/raw"
04-10 19:23:07.159 17540 17633 D MediaCodec:    int32_t channel-count = 1
04-10 19:23:07.159 17540 17633 D MediaCodec:    int32_t sample-rate = 8000
04-10 19:23:07.159 17540 17633 D MediaCodec:    int32_t channel-mask = 0
04-10 19:23:07.159 17540 17633 D MediaCodec:    int32_t what = 1869968451
04-10 19:23:07.159 17540 17633 D MediaCodec:  }
04-10 19:23:07.160 17540 17606 I MediaCodec: (0xb7ed5350) stop
04-10 19:23:07.162 17540 17606 I MediaCodec: (0xb7ed5350) release
04-10 19:23:07.226 17540 17608 W AudioTrack: AUDIO_OUTPUT_FLAG_FAST denied by client; transfer 4, track 8000 Hz, output 48000 Hz
04-10 19:23:07.598 17540 17629 I RobotCore: Attempting to switch to op mode $Stop$Robot$
04-10 19:23:07.663 17540 17602 V Robocol : sending CMD_INIT_OP_MODE_RESP(52), attempt: 0
04-10 19:23:07.708 17540 17597 V Robocol : received command: CMD_INIT_OP_MODE_RESP(52) $Stop$Robot$
04-10 19:23:07.853 17540 17629 I RobotCore: robot battery read duration: n=4, mean=0.014ms sd=0.007ms
04-10 19:23:11.692 17540 17597 V Robocol : received command: CMD_INIT_OP_MODE(10091) $Stop$Robot$
04-10 19:23:11.698 17540 17629 I RobotCore: Attempting to switch to op mode $Stop$Robot$
04-10 19:23:11.743 17540 17602 V Robocol : sending CMD_INIT_OP_MODE_RESP(114), attempt: 0
04-10 19:23:11.771 17540 17597 V Robocol : received command: CMD_INIT_OP_MODE_RESP(114) $Stop$Robot$
04-10 19:23:13.106 17540 17597 V Robocol : received command: CMD_INIT_OP_MODE(10112) FinalTeleOp
04-10 19:23:13.131 17540 17629 I RobotCore: Attempting to switch to op mode FinalTeleOp
04-10 19:23:13.202 17540 17641 V RobotCore: thread: 'LinearOpMode main' starting...
04-10 19:23:13.223 17540 17602 V Robocol : sending CMD_INIT_OP_MODE_RESP(140), attempt: 0
04-10 19:23:13.289 17540 17597 V Robocol : received command: CMD_INIT_OP_MODE_RESP(140) FinalTeleOp
04-10 19:23:15.010 17540 17597 V Robocol : received command: CMD_RUN_OP_MODE(10135) FinalTeleOp
04-10 19:23:15.023 17540 17602 V Robocol : sending CMD_RUN_OP_MODE_RESP(163), attempt: 0
04-10 19:23:15.051 17540 17597 V Robocol : received command: CMD_RUN_OP_MODE_RESP(163) FinalTeleOp
04-10 19:24:07.376 17540 17641 I RobotCore: SHOOTER RPM1: 95.7273684546412
04-10 19:24:07.376 17540 17641 I RobotCore: SHOOTER RPM2: 0.0
04-10 19:24:07.386 17540 17641 I RobotCore: SHOOTER RPM1: 2.0053690413801215
04-10 19:24:07.386 17540 17641 I RobotCore: SHOOTER RPM2: 1.0026845206900608
04-10 19:24:07.397 17540 17641 I RobotCore: SHOOTER RPM1: 95.7273684546412
04-10 19:24:07.397 17540 17641 I RobotCore: SHOOTER RPM2: 47.8636842273206
04-10 19:24:07.408 17540 17641 I RobotCore: SHOOTER RPM1: 95.7273684546412
04-10 19:24:07.408 17540 17641 I RobotCore: SHOOTER RPM2: 47.8636842273206
04-10 19:24:07.434 17540 17641 I RobotCore: SHOOTER RPM1: 25.701948778871863
04-10 19:24:07.434 17540 17641 I RobotCore: SHOOTER RPM2: 17.134632519247905
04-10 19:24:07.454 17540 17641 I RobotCore: SHOOTER RPM1: 72.39382239382239
04-10 19:24:07.454 17540 17641 I RobotCore: SHOOTER RPM2: 57.915057915057915
04-10 19:24:07.465 17540 17641 I RobotCore: SHOOTER RPM1: 0.0
04-10 19:24:07.465 17540 17641 I RobotCore: SHOOTER RPM2: 0.0
04-10 19:24:07.475 17540 17641 I RobotCore: SHOOTER RPM1: 463.3204633204633
04-10 19:24:07.475 17540 17641 I RobotCore: SHOOTER RPM2: 347.4903474903475
04-10 19:24:07.486 17540 17641 I RobotCore: SHOOTER RPM1: 115.83011583011583
04-10 19:24:07.486 17540 17641 I RobotCore: SHOOTER RPM2: 173.74517374517376
04-10 19:24:07.496 17540 17641 I RobotCore: SHOOTER RPM1: 239.31842113660295
04-10 19:24:07.496 17540 17641 I RobotCore: SHOOTER RPM2: 239.31842113660295
04-10 19:24:07.507 17540 17641 I RobotCore: SHOOTER RPM1: 173.74517374517376
04-10 19:24:07.507 17540 17641 I RobotCore: SHOOTER RPM2: 173.74517374517376
04-10 19:24:07.517 17540 17641 I RobotCore: SHOOTER RPM1: 191.4547369092824
04-10 19:24:07.518 17540 17641 I RobotCore: SHOOTER RPM2: 191.4547369092824
04-10 19:24:07.529 17540 17641 I RobotCore: SHOOTER RPM1: 160.8751608751609
04-10 19:24:07.529 17540 17641 I RobotCore: SHOOTER RPM2: 201.09395109395115
04-10 19:24:07.539 17540 17641 I RobotCore: SHOOTER RPM1: 347.4903474903475
04-10 19:24:07.539 17540 17641 I RobotCore: SHOOTER RPM2: 405.4054054054054
04-10 19:24:07.550 17540 17641 I RobotCore: SHOOTER RPM1: 191.4547369092824
04-10 19:24:07.550 17540 17641 I RobotCore: SHOOTER RPM2: 239.31842113660295
04-10 19:24:07.560 17540 17641 I RobotCore: SHOOTER RPM1: 231.66023166023166
04-10 19:24:07.560 17540 17641 I RobotCore: SHOOTER RPM2: 289.57528957528956
04-10 19:24:07.571 17540 17641 I RobotCore: SHOOTER RPM1: 191.4547369092824
04-10 19:24:07.571 17540 17641 I RobotCore: SHOOTER RPM2: 239.31842113660295
04-10 19:24:07.581 17540 17641 I RobotCore: SHOOTER RPM1: 347.4903474903475
04-10 19:24:07.581 17540 17641 I RobotCore: SHOOTER RPM2: 347.4903474903475
04-10 19:24:07.592 17540 17641 I RobotCore: SHOOTER RPM1: 430.7731580458854
04-10 19:24:07.592 17540 17641 I RobotCore: SHOOTER RPM2: 526.5005265005266
04-10 19:24:07.603 17540 17641 I RobotCore: SHOOTER RPM1: 143.59105268196177
04-10 19:24:07.603 17540 17641 I RobotCore: SHOOTER RPM2: 191.4547369092824
04-10 19:24:07.614 17540 17641 I RobotCore: SHOOTER RPM1: 463.3204633204633
04-10 19:24:07.614 17540 17641 I RobotCore: SHOOTER RPM2: 579.1505791505791
04-10 19:24:07.625 17540 17641 I RobotCore: SHOOTER RPM1: 239.31842113660295
04-10 19:24:07.625 17540 17641 I RobotCore: SHOOTER RPM2: 239.31842113660295
04-10 19:24:07.635 17540 17641 I RobotCore: SHOOTER RPM1: 478.6368422732059
04-10 19:24:07.635 17540 17641 I RobotCore: SHOOTER RPM2: 574.3642107278471
04-10 19:24:07.646 17540 17641 I RobotCore: SHOOTER RPM1: 289.57528957528956
04-10 19:24:07.646 17540 17641 I RobotCore: SHOOTER RPM2: 347.4903474903475
04-10 19:24:07.656 17540 17641 I RobotCore: SHOOTER RPM1: 478.6368422732059
04-10 19:24:07.656 17540 17641 I RobotCore: SHOOTER RPM2: 478.6368422732059
04-10 19:24:07.667 17540 17641 I RobotCore: SHOOTER RPM1: 287.18210536392354
04-10 19:24:07.667 17540 17641 I RobotCore: SHOOTER RPM2: 382.9094738185648
04-10 19:24:07.677 17540 17641 I RobotCore: SHOOTER RPM1: 289.57528957528956
04-10 19:24:07.677 17540 17641 I RobotCore: SHOOTER RPM2: 405.4054054054054
04-10 19:24:07.689 17540 17641 I RobotCore: SHOOTER RPM1: 361.969111969112
04-10 19:24:07.689 17540 17641 I RobotCore: SHOOTER RPM2: 402.1879021879023
04-10 19:24:07.700 17540 17641 I RobotCore: SHOOTER RPM1: 405.4054054054054
04-10 19:24:07.700 17540 17641 I RobotCore: SHOOTER RPM2: 579.1505791505791
04-10 19:24:07.710 17540 17641 I RobotCore: SHOOTER RPM1: 335.0457895912441
04-10 19:24:07.710 17540 17641 I RobotCore: SHOOTER RPM2: 382.9094738185648
04-10 19:24:07.723 17540 17641 I RobotCore: SHOOTER RPM1: 201.09395109395115
04-10 19:24:07.723 17540 17641 I RobotCore: SHOOTER RPM2: 281.53153153153164
04-10 19:24:07.734 17540 17641 I RobotCore: SHOOTER RPM1: 241.31274131274134
04-10 19:24:07.734 17540 17641 I RobotCore: SHOOTER RPM2: 281.53153153153164
04-10 19:24:07.745 17540 17641 I RobotCore: SHOOTER RPM1: 752.8957528957529
04-10 19:24:07.745 17540 17641 I RobotCore: SHOOTER RPM2: 984.5559845559845
04-10 19:24:07.755 17540 17641 I RobotCore: SHOOTER RPM1: 430.7731580458854
04-10 19:24:07.755 17540 17641 I RobotCore: SHOOTER RPM2: 478.6368422732059
04-10 19:24:07.767 17540 17641 I RobotCore: SHOOTER RPM1: 281.53153153153164
04-10 19:24:07.767 17540 17641 I RobotCore: SHOOTER RPM2: 361.969111969112
04-10 19:24:07.777 17540 17641 I RobotCore: SHOOTER RPM1: 463.3204633204633
04-10 19:24:07.777 17540 17641 I RobotCore: SHOOTER RPM2: 579.1505791505791
04-10 19:24:07.788 17540 17641 I RobotCore: SHOOTER RPM1: 463.3204633204633
04-10 19:24:07.788 17540 17641 I RobotCore: SHOOTER RPM2: 1042.4710424710424
04-10 19:24:07.799 17540 17641 I RobotCore: SHOOTER RPM1: 603.2818532818534
04-10 19:24:07.799 17540 17641 I RobotCore: SHOOTER RPM2: 442.40669240669257
04-10 19:24:07.810 17540 17641 I RobotCore: SHOOTER RPM1: 143.59105268196177
04-10 19:24:07.810 17540 17641 I RobotCore: SHOOTER RPM2: 143.59105268196177
04-10 19:24:07.820 17540 17641 I RobotCore: SHOOTER RPM1: 810.8108108108108
04-10 19:24:07.820 17540 17641 I RobotCore: SHOOTER RPM2: 1042.4710424710424
04-10 19:24:07.831 17540 17641 I RobotCore: SHOOTER RPM1: 430.7731580458854
04-10 19:24:07.831 17540 17641 I RobotCore: SHOOTER RPM2: 526.5005265005266
04-10 19:24:07.841 17540 17641 I RobotCore: SHOOTER RPM1: 521.2355212355212
04-10 19:24:07.842 17540 17641 I RobotCore: SHOOTER RPM2: 694.980694980695
04-10 19:24:07.852 17540 17641 I RobotCore: SHOOTER RPM1: 287.18210536392354
04-10 19:24:07.852 17540 17641 I RobotCore: SHOOTER RPM2: 430.7731580458854
04-10 19:24:07.863 17540 17641 I RobotCore: SHOOTER RPM1: 430.7731580458854
04-10 19:24:07.863 17540 17641 I RobotCore: SHOOTER RPM2: 526.5005265005266
04-10 19:24:07.874 17540 17641 I RobotCore: SHOOTER RPM1: 430.7731580458854
04-10 19:24:07.874 17540 17641 I RobotCore: SHOOTER RPM2: 478.6368422732059
04-10 19:24:07.884 17540 17641 I RobotCore: SHOOTER RPM1: 579.1505791505791
04-10 19:24:07.884 17540 17641 I RobotCore: SHOOTER RPM2: 752.8957528957529
04-10 19:24:07.895 17540 17641 I RobotCore: SHOOTER RPM1: 694.980694980695
04-10 19:24:07.895 17540 17641 I RobotCore: SHOOTER RPM2: 810.8108108108108
04-10 19:24:07.905 17540 17641 I RobotCore: SHOOTER RPM1: 430.7731580458854
04-10 19:24:07.905 17540 17641 I RobotCore: SHOOTER RPM2: 574.3642107278471
04-10 19:24:07.916 17540 17641 I RobotCore: SHOOTER RPM1: 622.2278949551677
04-10 19:24:07.916 17540 17641 I RobotCore: SHOOTER RPM2: 717.9552634098088
04-10 19:24:07.937 17540 17641 I RobotCore: SHOOTER RPM1: 262.65332387781365
04-10 19:24:07.938 17540 17641 I RobotCore: SHOOTER RPM2: 341.44932104115776
04-10 19:24:07.965 17540 17641 I RobotCore: SHOOTER RPM1: 182.72240494462713
04-10 19:24:07.965 17540 17641 I RobotCore: SHOOTER RPM2: 230.3891192780082
04-10 19:24:07.976 17540 17641 I RobotCore: SHOOTER RPM1: 622.2278949551677
04-10 19:24:07.976 17540 17641 I RobotCore: SHOOTER RPM2: 765.8189476371296
04-10 19:24:07.986 17540 17641 I RobotCore: SHOOTER RPM1: 239.31842113660295
04-10 19:24:07.986 17540 17641 I RobotCore: SHOOTER RPM2: 335.0457895912441
04-10 19:24:07.997 17540 17641 I RobotCore: SHOOTER RPM1: 909.4100003190913
04-10 19:24:07.997 17540 17641 I RobotCore: SHOOTER RPM2: 1053.0010530010532
04-10 19:24:08.007 17540 17641 I RobotCore: SHOOTER RPM1: 347.4903474903475
04-10 19:24:08.007 17540 17641 I RobotCore: SHOOTER RPM2: 463.3204633204633
04-10 19:24:08.018 17540 17641 I RobotCore: SHOOTER RPM1: 0.0
04-10 19:24:08.018 17540 17641 I RobotCore: SHOOTER RPM2: 0.0
04-10 19:24:08.028 17540 17641 I RobotCore: SHOOTER RPM1: 1100.3861003861005
04-10 19:24:08.028 17540 17641 I RobotCore: SHOOTER RPM2: 1389.96138996139
04-10 19:24:08.039 17540 17641 I RobotCore: SHOOTER RPM1: 430.7731580458854
04-10 19:24:08.039 17540 17641 I RobotCore: SHOOTER RPM2: 574.3642107278471
04-10 19:24:08.050 17540 17641 I RobotCore: SHOOTER RPM1: 1005.1373687737324
04-10 19:24:08.050 17540 17641 I RobotCore: SHOOTER RPM2: 1196.592105683015
04-10 19:24:08.061 17540 17641 I RobotCore: SHOOTER RPM1: 231.66023166023166
04-10 19:24:08.061 17540 17641 I RobotCore: SHOOTER RPM2: 289.57528957528956
04-10 19:24:08.071 17540 17641 I RobotCore: SHOOTER RPM1: 430.7731580458854
04-10 19:24:08.071 17540 17641 I RobotCore: SHOOTER RPM2: 574.3642107278471
04-10 19:24:08.082 17540 17641 I RobotCore: SHOOTER RPM1: 574.3642107278471
04-10 19:24:08.082 17540 17641 I RobotCore: SHOOTER RPM2: 717.9552634098088
04-10 19:24:08.092 17540 17641 I RobotCore: SHOOTER RPM1: 868.7258687258687
04-10 19:24:08.093 17540 17641 I RobotCore: SHOOTER RPM2: 1158.3011583011582
04-10 19:24:08.103 17540 17641 I RobotCore: SHOOTER RPM1: 622.2278949551677
04-10 19:24:08.103 17540 17641 I RobotCore: SHOOTER RPM2: 765.8189476371296
04-10 19:24:08.114 17540 17641 I RobotCore: SHOOTER RPM1: 670.0915791824882
04-10 19:24:08.114 17540 17641 I RobotCore: SHOOTER RPM2: 813.6826318644502
04-10 19:24:08.125 17540 17641 I RobotCore: SHOOTER RPM1: 463.3204633204633
04-10 19:24:08.125 17540 17641 I RobotCore: SHOOTER RPM2: 579.1505791505791
04-10 19:24:08.135 17540 17641 I RobotCore: SHOOTER RPM1: 478.6368422732059
04-10 19:24:08.135 17540 17641 I RobotCore: SHOOTER RPM2: 574.3642107278471
04-10 19:24:08.146 17540 17641 I RobotCore: SHOOTER RPM1: 752.8957528957529
04-10 19:24:08.146 17540 17641 I RobotCore: SHOOTER RPM2: 1042.4710424710424
04-10 19:24:08.156 17540 17641 I RobotCore: SHOOTER RPM1: 287.18210536392354
04-10 19:24:08.156 17540 17641 I RobotCore: SHOOTER RPM2: 287.18210536392354
04-10 19:24:08.167 17540 17641 I RobotCore: SHOOTER RPM1: 909.4100003190913
04-10 19:24:08.167 17540 17641 I RobotCore: SHOOTER RPM2: 1196.592105683015
04-10 19:24:08.177 17540 17641 I RobotCore: SHOOTER RPM1: 0.0
04-10 19:24:08.178 17540 17641 I RobotCore: SHOOTER RPM2: 0.0
04-10 19:24:08.188 17540 17641 I RobotCore: SHOOTER RPM1: 861.5463160917708
04-10 19:24:08.188 17540 17641 I RobotCore: SHOOTER RPM2: 1053.0010530010532
04-10 19:24:08.199 17540 17641 I RobotCore: SHOOTER RPM1: 1158.3011583011582
04-10 19:24:08.199 17540 17641 I RobotCore: SHOOTER RPM2: 1505.7915057915059
04-10 19:24:08.209 17540 17641 I RobotCore: SHOOTER RPM1: 526.5005265005266
04-10 19:24:08.209 17540 17641 I RobotCore: SHOOTER RPM2: 622.2278949551677
04-10 19:24:08.220 17540 17641 I RobotCore: SHOOTER RPM1: 478.6368422732059
04-10 19:24:08.220 17540 17641 I RobotCore: SHOOTER RPM2: 622.2278949551677
04-10 19:24:08.230 17540 17641 I RobotCore: SHOOTER RPM1: 521.2355212355212
04-10 19:24:08.230 17540 17641 I RobotCore: SHOOTER RPM2: 637.065637065637
04-10 19:24:08.241 17540 17641 I RobotCore: SHOOTER RPM1: 478.6368422732059
04-10 19:24:08.241 17540 17641 I RobotCore: SHOOTER RPM2: 622.2278949551677
04-10 19:24:08.251 17540 17641 I RobotCore: SHOOTER RPM1: 1158.3011583011582
04-10 19:24:08.251 17540 17641 I RobotCore: SHOOTER RPM2: 1447.8764478764479
04-10 19:24:08.262 17540 17641 I RobotCore: SHOOTER RPM1: 0.0
04-10 19:24:08.262 17540 17641 I RobotCore: SHOOTER RPM2: 0.0
04-10 19:24:08.272 17540 17641 I RobotCore: SHOOTER RPM1: 1216.2162162162163
04-10 19:24:08.272 17540 17641 I RobotCore: SHOOTER RPM2: 1563.7065637065637
04-10 19:24:08.284 17540 17641 I RobotCore: SHOOTER RPM1: 382.9094738185648
04-10 19:24:08.284 17540 17641 I RobotCore: SHOOTER RPM2: 478.6368422732059
04-10 19:24:08.294 17540 17641 I RobotCore: SHOOTER RPM1: 382.9094738185648
04-10 19:24:08.294 17540 17641 I RobotCore: SHOOTER RPM2: 478.6368422732059
04-10 19:24:08.305 17540 17641 I RobotCore: SHOOTER RPM1: 1216.2162162162163
04-10 19:24:08.305 17540 17641 I RobotCore: SHOOTER RPM2: 1563.7065637065637
04-10 19:24:08.315 17540 17641 I RobotCore: SHOOTER RPM1: 430.7731580458854
04-10 19:24:08.315 17540 17641 I RobotCore: SHOOTER RPM2: 574.3642107278471
04-10 19:24:08.326 17540 17641 I RobotCore: SHOOTER RPM1: 810.8108108108108
04-10 19:24:08.326 17540 17641 I RobotCore: SHOOTER RPM2: 1042.4710424710424
04-10 19:24:08.336 17540 17641 I RobotCore: SHOOTER RPM1: 813.6826318644502
04-10 19:24:08.336 17540 17641 I RobotCore: SHOOTER RPM2: 1005.1373687737324
04-10 19:24:08.347 17540 17641 I RobotCore: SHOOTER RPM1: 521.2355212355212
04-10 19:24:08.347 17540 17641 I RobotCore: SHOOTER RPM2: 694.980694980695
04-10 19:24:08.357 17540 17641 I RobotCore: SHOOTER RPM1: 622.2278949551677
04-10 19:24:08.357 17540 17641 I RobotCore: SHOOTER RPM2: 765.8189476371296
04-10 19:24:08.368 17540 17641 I RobotCore: SHOOTER RPM1: 810.8108108108108
04-10 19:24:08.368 17540 17641 I RobotCore: SHOOTER RPM2: 1042.4710424710424
04-10 19:24:08.378 17540 17641 I RobotCore: SHOOTER RPM1: 239.31842113660295
04-10 19:24:08.378 17540 17641 I RobotCore: SHOOTER RPM2: 239.31842113660295
04-10 19:24:08.389 17540 17641 I RobotCore: SHOOTER RPM1: 813.6826318644502
04-10 19:24:08.389 17540 17641 I RobotCore: SHOOTER RPM2: 1005.1373687737324
04-10 19:24:08.399 17540 17641 I RobotCore: SHOOTER RPM1: 0.0
04-10 19:24:08.400 17540 17641 I RobotCore: SHOOTER RPM2: 0.0
04-10 19:24:08.410 17540 17641 I RobotCore: SHOOTER RPM1: 1292.319474137656
04-10 19:24:08.410 17540 17641 I RobotCore: SHOOTER RPM2: 1675.2289479562207
04-10 19:24:08.421 17540 17641 I RobotCore: SHOOTER RPM1: 239.31842113660295
04-10 19:24:08.421 17540 17641 I RobotCore: SHOOTER RPM2: 287.18210536392354
04-10 19:24:08.438 17540 17641 I RobotCore: SHOOTER RPM1: 581.1545603933148
04-10 19:24:08.438 17540 17641 I RobotCore: SHOOTER RPM2: 721.4332473848045
04-10 19:24:08.448 17540 17641 I RobotCore: SHOOTER RPM1: 637.065637065637
04-10 19:24:08.449 17540 17641 I RobotCore: SHOOTER RPM2: 810.8108108108108
04-10 19:24:08.476 17540 17641 I RobotCore: SHOOTER RPM1: 278.0558336113892
04-10 19:24:08.476 17540 17641 I RobotCore: SHOOTER RPM2: 349.5559051114606
04-10 19:24:08.486 17540 17641 I RobotCore: SHOOTER RPM1: 287.18210536392354
04-10 19:24:08.486 17540 17641 I RobotCore: SHOOTER RPM2: 335.0457895912441
04-10 19:24:08.496 17540 17641 I RobotCore: SHOOTER RPM1: 984.5559845559845
04-10 19:24:08.497 17540 17641 I RobotCore: SHOOTER RPM2: 1332.046332046332
04-10 19:24:08.508 17540 17641 I RobotCore: SHOOTER RPM1: 482.6254826254827
04-10 19:24:08.508 17540 17641 I RobotCore: SHOOTER RPM2: 603.2818532818534
04-10 19:24:08.518 17540 17641 I RobotCore: SHOOTER RPM1: 868.7258687258687
04-10 19:24:08.518 17540 17641 I RobotCore: SHOOTER RPM2: 1100.3861003861005
04-10 19:24:08.551 17540 17641 I RobotCore: SHOOTER RPM1: 586.3301317846772
04-10 19:24:08.551 17540 17641 I RobotCore: SHOOTER RPM2: 729.9211844666391
04-10 19:24:08.561 17540 17641 I RobotCore: SHOOTER RPM1: 144.45932813279754
04-10 19:24:08.561 17540 17641 I RobotCore: SHOOTER RPM2: 196.98999290836025
04-10 19:24:08.572 17540 17641 I RobotCore: SHOOTER RPM1: 0.0
04-10 19:24:08.572 17540 17641 I RobotCore: SHOOTER RPM2: 0.0
04-10 19:24:08.583 17540 17641 I RobotCore: SHOOTER RPM1: 1388.0468425922973
04-10 19:24:08.583 17540 17641 I RobotCore: SHOOTER RPM2: 1723.0926321835416
04-10 19:24:08.594 17540 17641 I RobotCore: SHOOTER RPM1: 526.5005265005266
04-10 19:24:08.594 17540 17641 I RobotCore: SHOOTER RPM2: 717.9552634098088
04-10 19:24:08.604 17540 17641 I RobotCore: SHOOTER RPM1: 637.065637065637
04-10 19:24:08.605 17540 17641 I RobotCore: SHOOTER RPM2: 694.980694980695
04-10 19:24:08.615 17540 17641 I RobotCore: SHOOTER RPM1: 717.9552634098088
04-10 19:24:08.615 17540 17641 I RobotCore: SHOOTER RPM2: 957.2736845464118
04-10 19:24:08.626 17540 17641 I RobotCore: SHOOTER RPM1: 405.4054054054054
04-10 19:24:08.626 17540 17641 I RobotCore: SHOOTER RPM2: 521.2355212355212
04-10 19:24:08.637 17540 17641 I RobotCore: SHOOTER RPM1: 1005.1373687737324
04-10 19:24:08.637 17540 17641 I RobotCore: SHOOTER RPM2: 1196.592105683015
04-10 19:24:08.665 17540 17641 I RobotCore: SHOOTER RPM1: 1818.8200006381826
04-10 19:24:08.665 17540 17641 I RobotCore: SHOOTER RPM2: 1909.0909090909092
04-10 19:24:08.676 17540 17641 I RobotCore: SHOOTER RPM1: 96.03262154282564
04-10 19:24:08.676 17540 17641 I RobotCore: SHOOTER RPM2: 125.58112047907969
04-10 19:24:08.686 17540 17641 I RobotCore: SHOOTER RPM1: 0.0
04-10 19:24:08.686 17540 17641 I RobotCore: SHOOTER RPM2: 0.0
04-10 19:24:08.697 17540 17641 I RobotCore: SHOOTER RPM1: 1042.4710424710424
04-10 19:24:08.697 17540 17641 I RobotCore: SHOOTER RPM2: 1274.131274131274
04-10 19:24:08.708 17540 17641 I RobotCore: SHOOTER RPM1: 603.2818532818534
04-10 19:24:08.708 17540 17641 I RobotCore: SHOOTER RPM2: 764.1570141570143
04-10 19:24:08.720 17540 17641 I RobotCore: SHOOTER RPM1: 603.2818532818534
04-10 19:24:08.720 17540 17641 I RobotCore: SHOOTER RPM2: 723.938223938224
04-10 19:24:08.730 17540 17641 I RobotCore: SHOOTER RPM1: 1158.3011583011582
04-10 19:24:08.731 17540 17641 I RobotCore: SHOOTER RPM2: 1447.8764478764479
04-10 19:24:08.741 17540 17641 I RobotCore: SHOOTER RPM1: 478.6368422732059
04-10 19:24:08.741 17540 17641 I RobotCore: SHOOTER RPM2: 622.2278949551677
04-10 19:24:08.752 17540 17641 I RobotCore: SHOOTER RPM1: 1100.3861003861005
04-10 19:24:08.752 17540 17641 I RobotCore: SHOOTER RPM2: 1332.046332046332
04-10 19:24:08.763 17540 17641 I RobotCore: SHOOTER RPM1: 765.8189476371296
04-10 19:24:08.763 17540 17641 I RobotCore: SHOOTER RPM2: 1005.1373687737324
04-10 19:24:08.782 17540 17641 I RobotCore: SHOOTER RPM1: 1435.9105268196176
04-10 19:24:08.782 17540 17641 I RobotCore: SHOOTER RPM2: 1770.9563164108617
04-10 19:24:08.793 17540 17641 I RobotCore: SHOOTER RPM1: 159.26640926640925
04-10 19:24:08.793 17540 17641 I RobotCore: SHOOTER RPM2: 202.7027027027027
04-10 19:24:08.804 17540 17641 I RobotCore: SHOOTER RPM1: 0.0
04-10 19:24:08.804 17540 17641 I RobotCore: SHOOTER RPM2: 0.0
04-10 19:24:08.815 17540 17641 I RobotCore: SHOOTER RPM1: 683.7194337194339
04-10 19:24:08.815 17540 17641 I RobotCore: SHOOTER RPM2: 804.3758043758046
04-10 19:24:08.826 17540 17641 I RobotCore: SHOOTER RPM1: 1100.8647372283738
04-10 19:24:08.826 17540 17641 I RobotCore: SHOOTER RPM2: 1435.9105268196176
04-10 19:24:08.837 17540 17641 I RobotCore: SHOOTER RPM1: 810.8108108108108
04-10 19:24:08.837 17540 17641 I RobotCore: SHOOTER RPM2: 984.5559845559845
04-10 19:24:08.847 17540 17641 I RobotCore: SHOOTER RPM1: 574.3642107278471
04-10 19:24:08.847 17540 17641 I RobotCore: SHOOTER RPM2: 717.9552634098088
04-10 19:24:08.858 17540 17641 I RobotCore: SHOOTER RPM1: 717.9552634098088
04-10 19:24:08.858 17540 17641 I RobotCore: SHOOTER RPM2: 909.4100003190913
04-10 19:24:08.869 17540 17641 I RobotCore: SHOOTER RPM1: 694.980694980695
04-10 19:24:08.869 17540 17641 I RobotCore: SHOOTER RPM2: 810.8108108108108
04-10 19:24:08.879 17540 17641 I RobotCore: SHOOTER RPM1: 909.4100003190913
04-10 19:24:08.879 17540 17641 I RobotCore: SHOOTER RPM2: 1100.8647372283738
04-10 19:24:08.890 17540 17641 I RobotCore: SHOOTER RPM1: 0.0
04-10 19:24:08.890 17540 17641 I RobotCore: SHOOTER RPM2: 0.0
04-10 19:24:08.901 17540 17641 I RobotCore: SHOOTER RPM1: 1292.319474137656
04-10 19:24:08.901 17540 17641 I RobotCore: SHOOTER RPM2: 1579.5015795015797
04-10 19:24:08.911 17540 17641 I RobotCore: SHOOTER RPM1: 526.5005265005266
04-10 19:24:08.911 17540 17641 I RobotCore: SHOOTER RPM2: 717.9552634098088
04-10 19:24:08.921 17540 17641 I RobotCore: SHOOTER RPM1: 1216.2162162162163
04-10 19:24:08.922 17540 17641 I RobotCore: SHOOTER RPM2: 1447.8764478764479
04-10 19:24:08.932 17540 17641 I RobotCore: SHOOTER RPM1: 670.0915791824882
04-10 19:24:08.932 17540 17641 I RobotCore: SHOOTER RPM2: 861.5463160917708
04-10 19:24:08.976 17540 17641 I RobotCore: SHOOTER RPM1: 164.53141453141455
04-10 19:24:08.976 17540 17641 I RobotCore: SHOOTER RPM2: 203.42065796611254
04-10 19:24:08.987 17540 17641 I RobotCore: SHOOTER RPM1: 1274.131274131274
04-10 19:24:08.987 17540 17641 I RobotCore: SHOOTER RPM2: 1563.7065637065637
