01-08 13:29:00.216  8254  8355 I RobotCore: SHOOTER RPM1: 1035.8852025181727
01-08 13:29:00.216  8254  8355 I RobotCore: SHOOTER RPM2: 1035.8852025181727
01-08 13:29:00.226  8254  8355 I RobotCore: SHOOTER power: 0.24
01-08 13:29:00.226  8254  8355 I RobotCore: SHOOTER RPM1: 2207.1712130052883
01-08 13:29:00.226  8254  8355 I RobotCore: SHOOTER RPM2: 2207.1712130052883
01-08 13:29:00.236  8254  8355 I RobotCore: SHOOTER power: 0.24
01-08 13:29:00.237  8254  8355 I RobotCore: SHOOTER RPM1: 1042.434992835201
01-08 13:29:00.237  8254  8355 I RobotCore: SHOOTER RPM2: 1042.434992835201
01-08 13:29:00.247  8254  8355 I RobotCore: SHOOTER power: 0.24
01-08 13:29:00.247  8254  8355 I RobotCore: SHOOTER RPM1: 1048.8295717497756
01-08 13:29:00.247  8254  8355 I RobotCore: SHOOTER RPM2: 1048.8295717497756
01-08 13:29:00.258  8254  8355 I RobotCore: SHOOTER power: 0.24
01-08 13:29:00.258  8254  8355 I RobotCore: SHOOTER RPM1: 1492.9553000648434
01-08 13:29:00.258  8254  8355 I RobotCore: SHOOTER RPM2: 1492.9553000648434
01-08 13:29:00.268  8254  8355 I RobotCore: SHOOTER power: 0.24
01-08 13:29:00.268  8254  8355 I RobotCore: SHOOTER RPM1: 1555.7376863426948
01-08 13:29:00.268  8254  8355 I RobotCore: SHOOTER RPM2: 1555.7376863426948
01-08 13:29:00.279  8254  8355 I RobotCore: SHOOTER power: 0.24
01-08 13:29:00.279  8254  8355 I RobotCore: SHOOTER RPM1: 1032.5306632696133
01-08 13:29:00.279  8254  8355 I RobotCore: SHOOTER RPM2: 1032.5306632696133
01-08 13:29:00.289  8254  8355 I RobotCore: SHOOTER power: 0.24
01-08 13:29:00.289  8254  8355 I RobotCore: SHOOTER RPM1: 785.0077626539287
01-08 13:29:00.289  8254  8355 I RobotCore: SHOOTER RPM2: 785.0077626539287
01-08 13:29:00.299  8254  8355 I RobotCore: SHOOTER power: 0.24
01-08 13:29:00.299  8254  8355 I RobotCore: SHOOTER RPM1: 1166.2147584477682
01-08 13:29:00.299  8254  8355 I RobotCore: SHOOTER RPM2: 1166.2147584477682
01-08 13:29:00.310  8254  8355 I RobotCore: SHOOTER power: 0.24
01-08 13:29:00.310  8254  8355 I RobotCore: SHOOTER RPM1: 1180.3149310528606
01-08 13:29:00.310  8254  8355 I RobotCore: SHOOTER RPM2: 1180.3149310528606
01-08 13:29:00.320  8254  8355 I RobotCore: SHOOTER power: 0.24
01-08 13:29:00.320  8254  8355 I RobotCore: SHOOTER RPM1: 2210.489602226193
01-08 13:29:00.320  8254  8355 I RobotCore: SHOOTER RPM2: 2210.489602226193
01-08 13:29:00.330  8254  8355 I RobotCore: SHOOTER power: 0.24
01-08 13:29:00.330  8254  8355 I RobotCore: SHOOTER RPM1: 524.3750539401677
01-08 13:29:00.330  8254  8355 I RobotCore: SHOOTER RPM2: 524.3750539401677
01-08 13:29:00.341  8254  8355 I RobotCore: SHOOTER power: 0.24
01-08 13:29:00.341  8254  8355 I RobotCore: SHOOTER RPM1: 1301.488088943696
01-08 13:29:00.341  8254  8355 I RobotCore: SHOOTER RPM2: 1431.6368978380656
01-08 13:29:00.351  8254  8355 I RobotCore: SHOOTER power: 0.24
01-08 13:29:00.351  8254  8355 I RobotCore: SHOOTER RPM1: 2199.8726377266175
01-08 13:29:00.351  8254  8355 I RobotCore: SHOOTER RPM2: 2070.4683649191693
01-08 13:29:00.361  8254  8355 I RobotCore: SHOOTER time: 5232818175
01-08 13:29:00.361  8254  8355 I RobotCore: SHOOTER measurements / sec: 95.74190870868544
01-08 13:29:00.379  8254  8355 V RobotCore: thread: ...terminating 'LinearOpMode main'
01-08 13:29:00.380  8254  8344 I FIRST   : auto-stopping OpMode 'ShooterData'
01-08 13:29:00.380  8254  8344 V RobotCore: waiting for service user linear op mode
01-08 13:29:00.381  8254  8344 V RobotCore: awaitTermination returned, isTerminated=true
01-08 13:29:00.381  8254  8344 V RobotCore: executive service user linear op mode is terminated
01-08 13:29:00.383  8254  8344 V RobotCore: executive service user linear op mode is terminated
01-08 13:29:00.384  8254  8344 I RobotCore: Attempting to switch to op mode $Stop$Robot$
01-08 13:29:00.473  8254  8310 V Robocol : sending CMD_INIT_OP_MODE_RESP(253), attempt: 0
01-08 13:29:00.485  8254  8308 V Robocol : received command: CMD_INIT_OP_MODE_RESP(253) $Stop$Robot$
01-08 13:29:00.485  8254  8308 V Robocol : received command: CMD_RUN_OP_MODE(10216) $Stop$Robot$
01-08 13:29:00.553  8254  8310 V Robocol : sending CMD_RUN_OP_MODE_RESP(258), attempt: 0
01-08 13:29:00.565  8254  8308 V Robocol : received command: CMD_RUN_OP_MODE_RESP(258) $Stop$Robot$
01-08 13:29:13.159  8254  8254 D UsbDeviceConnectionJNI: close
01-08 13:29:13.160  8254  8316 D ProcessRequestThread::: Device has been closed.
01-08 13:29:13.160  8254  8316 W System.err: java.lang.InterruptedException
01-08 13:29:13.160  8254  8324 W RobotCore: could not write to Modern Robotics USB Servo Controller [AL00VSDY]: FTDI Null Pointer Exception
01-08 13:29:13.160  8254  8324 E RobotCore: java.lang.NullPointerException: Attempt to invoke interface method 'void java.util.concurrent.locks.Lock.unlock()' on a null object reference
01-08 13:29:13.160  8254  8316 W System.err: 	at java.util.concurrent.locks.AbstractQueuedSynchronizer.doAcquireSharedInterruptibly(AbstractQueuedSynchronizer.java:972)
01-08 13:29:13.160  8254  8316 W System.err: 	at java.util.concurrent.locks.AbstractQueuedSynchronizer.acquireSharedInterruptibly(AbstractQueuedSynchronizer.java:1278)
01-08 13:29:13.160  8254  8316 W System.err: 	at java.util.concurrent.Semaphore.acquire(Semaphore.java:284)
01-08 13:29:13.160  8254  8316 W System.err: 	at com.ftdi.j2xx.ProcessInCtrl.acquireReadableBuffer(FT_Device.java:2294)
01-08 13:29:13.160  8254  8316 W System.err: 	at com.ftdi.j2xx.ProcessRequestWorker.run(FT_Device.java:2764)
01-08 13:29:13.160  8254  8316 W System.err: 	at java.lang.Thread.run(Thread.java:818)
01-08 13:29:13.160  8254  8324 E RobotCore: com.ftdi.j2xx.ProcessInCtrl.readBulkInData(FT_Device.java:2520)
01-08 13:29:13.160  8254  8324 E RobotCore: com.ftdi.j2xx.FT_Device.read(FT_Device.java:666)
01-08 13:29:13.160  8254  8324 E RobotCore: com.qualcomm.robotcore.hardware.usb.ftdi.RobotUsbDeviceFtdi.read(RobotUsbDeviceFtdi.java:199)
01-08 13:29:13.160  8254  8324 E RobotCore: com.qualcomm.robotcore.hardware.usb.ftdi.RobotUsbDeviceFtdi.read(RobotUsbDeviceFtdi.java:176)
01-08 13:29:13.160  8254  8324 E RobotCore: com.qualcomm.modernrobotics.ReadWriteRunnableUsbHandler.b(SourceFile:109)
01-08 13:29:13.160  8254  8324 E RobotCore: com.qualcomm.modernrobotics.ReadWriteRunnableUsbHandler.write(SourceFile:98)
01-08 13:29:13.160  8254  8324 E RobotCore: com.qualcomm.hardware.modernrobotics.ReadWriteRunnableStandard$1.run(ReadWriteRunnableStandard.java:394)
01-08 13:29:13.160  8254  8324 E RobotCore: com.qualcomm.robotcore.util.ThreadPool.logThreadLifeCycle(ThreadPool.java:513)
01-08 13:29:13.160  8254  8324 E RobotCore: com.qualcomm.hardware.modernrobotics.ReadWriteRunnableStandard.run(ReadWriteRunnableStandard.java:302)
01-08 13:29:13.160  8254  8324 E RobotCore: java.util.concurrent.ThreadPoolExecutor.runWorker(ThreadPoolExecutor.java:1113)
01-08 13:29:13.160  8254  8324 E RobotCore: java.util.concurrent.ThreadPoolExecutor$Worker.run(ThreadPoolExecutor.java:588)
01-08 13:29:13.160  8254  8324 E RobotCore: java.lang.Thread.run(Thread.java:818)
01-08 13:29:13.160  8254  8324 V RobotCore: thread: ...terminating 'r/w loop: Modern Robotics USB Servo Controller [AL00VSDY]'
01-08 13:29:13.161  8254  8315 D BulkIn::: Stop BulkIn thread
01-08 13:29:13.161  8254  8315 W System.err: java.lang.NullPointerException: Attempt to invoke virtual method 'int com.ftdi.j2xx.D2xxManager$DriverParameters.getBufferNumber()' on a null object reference
01-08 13:29:13.161  8254  8315 W System.err: 	at com.ftdi.j2xx.ProcessInCtrl.releaseWritableBuffers(FT_Device.java:2672)
01-08 13:29:13.161  8254  8315 W System.err: 	at com.ftdi.j2xx.BulkInWorker.run(FT_Device.java:2879)
01-08 13:29:13.161  8254  8315 W System.err: 	at java.lang.Thread.run(Thread.java:818)
01-08 13:29:13.164  8254  8308 D RobotCore: system telemetry: key=$System$Warning$ msg="problem communicating with Modern Robotics USB Servo Controller [AL00VSDY]"
01-08 13:29:13.197  8254  8314 D MediaPlayer: setSubtitleAnchor in MediaPlayer
01-08 13:29:13.197  8254  8254 D MediaPlayer: setSubtitleAnchor in MediaPlayer
01-08 13:29:13.199  8254  8254 E MediaPlayer: invoke failed: wrong state 8
01-08 13:29:13.200  8254  8254 W MediaPlayer: mediaplayer went away with unhandled events
01-08 13:29:13.216  8254  8312 D ExtendedUtils: extended extractor not needed, return default
01-08 13:29:13.217  8254  8312 I MediaCodec: (0xb763dbb0) init name(audio/raw) isType(1) encoder(0)
01-08 13:29:13.219  8254  8365 I OMXClient: Using client-side OMX mux.
01-08 13:29:13.222  8254  8365 E OMXMaster: A component of name 'OMX.qcom.audio.decoder.aac' already exists, ignoring this one.
01-08 13:29:13.224  8254  8365 I MediaCodec: (0xb763dbb0) Component Allocated (OMX.google.raw.decoder)
01-08 13:29:13.224  8254  8312 I MediaCodec: (0xb763dbb0) configure surface(0x0) crypto(0x0) flags(0)
01-08 13:29:13.224  8254  8312 D MediaCodec: (0xb763dbb0) configure format: AMessage(what = 0x00000000) = {
01-08 13:29:13.224  8254  8312 D MediaCodec:    string mime = "audio/raw"
01-08 13:29:13.224  8254  8312 D MediaCodec:    int64_t durationUs = 1043650
01-08 13:29:13.224  8254  8312 D MediaCodec:    int32_t channel-count = 2
01-08 13:29:13.224  8254  8312 D MediaCodec:    int32_t sample-rate = 44100
01-08 13:29:13.224  8254  8312 D MediaCodec:    int32_t channel-mask = 0
01-08 13:29:13.224  8254  8312 D MediaCodec:  }
01-08 13:29:13.225  8254  8312 I MediaCodec: (0xb763dbb0) start
01-08 13:29:13.225  8254  8365 I MediaCodec: (0xb763dbb0) input buffers allocated
01-08 13:29:13.225  8254  8365 I MediaCodec: (0xb763dbb0) numBuffers (4)
01-08 13:29:13.225  8254  8365 I MediaCodec: (0xb763dbb0) output buffers allocated
01-08 13:29:13.225  8254  8365 I MediaCodec: (0xb763dbb0) numBuffers (4)
01-08 13:29:13.227  8254  8365 I MediaCodec: (0xb763dbb0) codec output format changed
01-08 13:29:13.227  8254  8365 D MediaCodec: (0xb763dbb0) output format: AMessage(what = 'codc', target = 10) = {
01-08 13:29:13.227  8254  8365 D MediaCodec:    string mime = "audio/raw"
01-08 13:29:13.227  8254  8365 D MediaCodec:    int32_t channel-count = 2
01-08 13:29:13.227  8254  8365 D MediaCodec:    int32_t sample-rate = 44100
01-08 13:29:13.227  8254  8365 D MediaCodec:    int32_t channel-mask = 0
01-08 13:29:13.227  8254  8365 D MediaCodec:    int32_t what = 1869968451
01-08 13:29:13.227  8254  8365 D MediaCodec:  }
01-08 13:29:13.233  8254  8312 I MediaCodec: (0xb763dbb0) stop
01-08 13:29:13.235  8254  8312 I MediaCodec: (0xb763dbb0) release
01-08 13:29:13.239  8254  8314 W AudioTrack: AUDIO_OUTPUT_FLAG_FAST denied by client; transfer 4, track 44100 Hz, output 48000 Hz
01-08 13:29:13.260  8254  8334 W RobotCore: [55 aa 80 40 1e] -> [33 cc 80 40 1e]
01-08 13:29:13.260  8254  8334 W RobotCore: could not read Modern Robotics USB DC Motor Controller [AL00VWH0]: comm timeout on payload
01-08 13:29:13.268  8254  8331 W RobotCore: [55 aa 80 40 1e] -> [33 cc 80 40 1e]
01-08 13:29:13.268  8254  8331 W RobotCore: could not read Modern Robotics USB DC Motor Controller [A104OQ1P]: comm timeout on payload
01-08 13:29:13.313  8254  8334 E FTDI_Device::: UsbConnection.requestWait() == null
01-08 13:29:13.315  8254  8337 W RobotCore: Modern Robotics USB header sync bytes are incorrect
01-08 13:29:13.315  8254  8337 W RobotCore: [55 aa 80 40 1e] -> [00 00 00 00 00]
01-08 13:29:13.315  8254  8337 W RobotCore: could not read Modern Robotics USB DC Motor Controller [AI049QOP]: comm timeout
01-08 13:29:13.317  8254  8254 D UsbDeviceConnectionJNI: close
01-08 13:29:13.317  8254  8333 D ProcessRequestThread::: Device has been closed.
01-08 13:29:13.317  8254  8333 W System.err: java.lang.InterruptedException
01-08 13:29:13.317  8254  8333 W System.err: 	at java.util.concurrent.locks.AbstractQueuedSynchronizer.doAcquireSharedInterruptibly(AbstractQueuedSynchronizer.java:972)
01-08 13:29:13.317  8254  8333 W System.err: 	at java.util.concurrent.locks.AbstractQueuedSynchronizer.acquireSharedInterruptibly(AbstractQueuedSynchronizer.java:1278)
01-08 13:29:13.317  8254  8333 W System.err: 	at java.util.concurrent.Semaphore.acquire(Semaphore.java:284)
01-08 13:29:13.317  8254  8333 W System.err: 	at com.ftdi.j2xx.ProcessInCtrl.acquireReadableBuffer(FT_Device.java:2294)
01-08 13:29:13.317  8254  8333 W System.err: 	at com.ftdi.j2xx.ProcessRequestWorker.run(FT_Device.java:2764)
01-08 13:29:13.317  8254  8333 W System.err: 	at java.lang.Thread.run(Thread.java:818)
01-08 13:29:13.318  8254  8332 D BulkIn::: Stop BulkIn thread
01-08 13:29:13.318  8254  8332 W System.err: java.lang.NullPointerException: Attempt to invoke virtual method 'int com.ftdi.j2xx.D2xxManager$DriverParameters.getBufferNumber()' on a null object reference
01-08 13:29:13.318  8254  8332 W System.err: 	at com.ftdi.j2xx.ProcessInCtrl.releaseWritableBuffers(FT_Device.java:2672)
01-08 13:29:13.318  8254  8332 W System.err: 	at com.ftdi.j2xx.BulkInWorker.run(FT_Device.java:2879)
01-08 13:29:13.318  8254  8332 W System.err: 	at java.lang.Thread.run(Thread.java:818)
01-08 13:29:13.319  8254  8334 W RobotCore: could not write to Modern Robotics USB DC Motor Controller [AL00VWH0]: FTDI Null Pointer Exception
01-08 13:29:13.319  8254  8334 E RobotCore: java.lang.NullPointerException: Attempt to invoke interface method 'void java.util.concurrent.locks.Lock.unlock()' on a null object reference
01-08 13:29:13.319  8254  8334 E RobotCore: com.ftdi.j2xx.ProcessInCtrl.readBulkInData(FT_Device.java:2520)
01-08 13:29:13.319  8254  8334 E RobotCore: com.ftdi.j2xx.FT_Device.read(FT_Device.java:666)
01-08 13:29:13.319  8254  8334 E RobotCore: com.qualcomm.robotcore.hardware.usb.ftdi.RobotUsbDeviceFtdi.read(RobotUsbDeviceFtdi.java:199)
01-08 13:29:13.319  8254  8334 E RobotCore: com.qualcomm.robotcore.hardware.usb.ftdi.RobotUsbDeviceFtdi.read(RobotUsbDeviceFtdi.java:176)
01-08 13:29:13.319  8254  8334 E RobotCore: com.qualcomm.modernrobotics.ReadWriteRunnableUsbHandler.a(SourceFile:77)
01-08 13:29:13.319  8254  8334 E RobotCore: com.qualcomm.modernrobotics.ReadWriteRunnableUsbHandler.read(SourceFile:66)
01-08 13:29:13.319  8254  8334 E RobotCore: com.qualcomm.hardware.modernrobotics.ReadWriteRunnableStandard$1.run(ReadWriteRunnableStandard.java:343)
01-08 13:29:13.319  8254  8334 E RobotCore: com.qualcomm.robotcore.util.ThreadPool.logThreadLifeCycle(ThreadPool.java:513)
01-08 13:29:13.319  8254  8334 E RobotCore: com.qualcomm.hardware.modernrobotics.ReadWriteRunnableStandard.run(ReadWriteRunnableStandard.java:302)
01-08 13:29:13.319  8254  8334 E RobotCore: java.util.concurrent.ThreadPoolExecutor.runWorker(ThreadPoolExecutor.java:1113)
01-08 13:29:13.319  8254  8334 E RobotCore: java.util.concurrent.ThreadPoolExecutor$Worker.run(ThreadPoolExecutor.java:588)
01-08 13:29:13.320  8254  8334 E RobotCore: java.lang.Thread.run(Thread.java:818)
01-08 13:29:13.320  8254  8334 V RobotCore: thread: ...terminating 'r/w loop: Modern Robotics USB DC Motor Controller [AL00VWH0]'
01-08 13:29:13.349  8254  8328 W RobotCore: Modern Robotics USB header sync bytes are incorrect
01-08 13:29:13.349  8254  8328 W RobotCore: [55 aa 80 03 15] -> [00 00 00 00 00]
01-08 13:29:13.349  8254  8328 W RobotCore: could not read Modern Robotics USB Core Device Interface Module [AL00VFK6]: comm timeout
01-08 13:29:13.392  8254  8343 W RobotCore: Modern Robotics USB header sync bytes are incorrect
01-08 13:29:13.393  8254  8343 W RobotCore: [55 aa 80 40 1e] -> [00 00 00 00 00]
01-08 13:29:13.393  8254  8343 W RobotCore: could not read Modern Robotics USB DC Motor Controller [AL00VBIF]: comm timeout
01-08 13:29:13.404  8254  8308 D RobotCore: system telemetry: key=$System$Warning$ msg="problem communicating with Modern Robotics USB DC Motor Controller [AL00VWH0]; problem communicating with Modern Robotics USB Servo Controller [AL00VSDY]"
01-08 13:29:13.666  8254  8331 W RobotCore: Modern Robotics USB header sync bytes are incorrect
01-08 13:29:13.667  8254  8331 W RobotCore: [55 aa 00 40 1e] -> [00 00 00 00 00]
01-08 13:29:13.667  8254  8331 W RobotCore: could not write to Modern Robotics USB DC Motor Controller [A104OQ1P]: comm timeout
01-08 13:29:13.713  8254  8337 W RobotCore: Modern Robotics USB header sync bytes are incorrect
01-08 13:29:13.714  8254  8337 W RobotCore: [55 aa 80 40 1e] -> [00 00 00 00 00]
01-08 13:29:13.714  8254  8337 W RobotCore: could not read Modern Robotics USB DC Motor Controller [AI049QOP]: comm timeout
01-08 13:29:13.750  8254  8328 W RobotCore: Modern Robotics USB header sync bytes are incorrect
01-08 13:29:13.750  8254  8328 W RobotCore: [55 aa 80 03 15] -> [00 00 00 00 00]
01-08 13:29:13.750  8254  8328 W RobotCore: could not read Modern Robotics USB Core Device Interface Module [AL00VFK6]: comm timeout
01-08 13:29:13.821  8254  8343 W RobotCore: Modern Robotics USB header sync bytes are incorrect
01-08 13:29:13.822  8254  8343 W RobotCore: [55 aa 80 40 1e] -> [00 00 00 00 00]
01-08 13:29:13.822  8254  8343 W RobotCore: could not read Modern Robotics USB DC Motor Controller [AL00VBIF]: comm timeout
01-08 13:29:14.060  8254  8331 W RobotCore: Modern Robotics USB header sync bytes are incorrect
01-08 13:29:14.060  8254  8331 W RobotCore: [55 aa 80 40 1e] -> [00 00 00 00 00]
01-08 13:29:14.060  8254  8331 W RobotCore: could not read Modern Robotics USB DC Motor Controller [A104OQ1P]: comm timeout
01-08 13:29:14.103  8254  8337 W RobotCore: Modern Robotics USB header sync bytes are incorrect
01-08 13:29:14.104  8254  8337 W RobotCore: [55 aa 80 40 1e] -> [00 00 00 00 00]
01-08 13:29:14.104  8254  8337 W RobotCore: could not read Modern Robotics USB DC Motor Controller [AI049QOP]: comm timeout
01-08 13:29:14.149  8254  8328 W RobotCore: Modern Robotics USB header sync bytes are incorrect
01-08 13:29:14.149  8254  8328 W RobotCore: [55 aa 80 03 15] -> [00 00 00 00 00]
01-08 13:29:14.149  8254  8328 W RobotCore: could not read Modern Robotics USB Core Device Interface Module [AL00VFK6]: comm timeout
01-08 13:29:14.211  8254  8343 W RobotCore: Modern Robotics USB header sync bytes are incorrect
01-08 13:29:14.212  8254  8343 W RobotCore: [55 aa 80 40 1e] -> [00 00 00 00 00]
01-08 13:29:14.212  8254  8343 W RobotCore: could not read Modern Robotics USB DC Motor Controller [AL00VBIF]: comm timeout
01-08 13:29:14.284  8254  8314 W AudioTrack: AUDIO_OUTPUT_FLAG_FAST denied by client; transfer 4, track 44100 Hz, output 48000 Hz
01-08 13:29:14.447  8254  8331 W RobotCore: Modern Robotics USB header sync bytes are incorrect
01-08 13:29:14.448  8254  8331 W RobotCore: [55 aa 00 40 1e] -> [00 00 00 00 00]
01-08 13:29:14.448  8254  8331 W RobotCore: could not write to Modern Robotics USB DC Motor Controller [A104OQ1P]: comm timeout
01-08 13:29:14.497  8254  8337 W RobotCore: Modern Robotics USB header sync bytes are incorrect
01-08 13:29:14.498  8254  8337 W RobotCore: [55 aa 00 40 1e] -> [00 00 00 00 00]
01-08 13:29:14.498  8254  8337 W RobotCore: could not write to Modern Robotics USB DC Motor Controller [AI049QOP]: comm timeout
01-08 13:29:14.538  8254  8328 W RobotCore: Modern Robotics USB header sync bytes are incorrect
01-08 13:29:14.539  8254  8328 W RobotCore: [55 aa 80 03 15] -> [00 00 00 00 00]
01-08 13:29:14.539  8254  8328 W RobotCore: could not read Modern Robotics USB Core Device Interface Module [AL00VFK6]: comm timeout
01-08 13:29:14.602  8254  8343 W RobotCore: Modern Robotics USB header sync bytes are incorrect
01-08 13:29:14.603  8254  8343 W RobotCore: [55 aa 80 40 1e] -> [00 00 00 00 00]
01-08 13:29:14.603  8254  8343 W RobotCore: could not read Modern Robotics USB DC Motor Controller [AL00VBIF]: comm timeout
01-08 13:29:14.833  8254  8331 W RobotCore: Modern Robotics USB header sync bytes are incorrect
01-08 13:29:14.833  8254  8331 W RobotCore: [55 aa 80 40 1e] -> [00 00 00 00 00]
01-08 13:29:14.834  8254  8331 W RobotCore: could not read Modern Robotics USB DC Motor Controller [A104OQ1P]: comm timeout
01-08 13:29:14.899  8254  8337 W RobotCore: Modern Robotics USB header sync bytes are incorrect
01-08 13:29:14.899  8254  8337 W RobotCore: [55 aa 80 40 1e] -> [00 00 00 00 00]
01-08 13:29:14.899  8254  8337 W RobotCore: could not read Modern Robotics USB DC Motor Controller [AI049QOP]: comm timeout
01-08 13:29:14.927  8254  8328 W RobotCore: Modern Robotics USB header sync bytes are incorrect
01-08 13:29:14.928  8254  8328 W RobotCore: [55 aa 00 90 20] -> [00 00 00 00 00]
01-08 13:29:14.928  8254  8328 W RobotCore: could not write to Modern Robotics USB Core Device Interface Module [AL00VFK6]: comm timeout
01-08 13:29:15.005  8254  8343 W RobotCore: Modern Robotics USB header sync bytes are incorrect
01-08 13:29:15.006  8254  8343 W RobotCore: [55 aa 80 40 1e] -> [00 00 00 00 00]
01-08 13:29:15.006  8254  8343 W RobotCore: could not read Modern Robotics USB DC Motor Controller [AL00VBIF]: comm timeout
01-08 13:29:15.225  8254  8331 W RobotCore: Modern Robotics USB header sync bytes are incorrect
01-08 13:29:15.226  8254  8331 W RobotCore: [55 aa 00 40 1e] -> [00 00 00 00 00]
01-08 13:29:15.226  8254  8331 W RobotCore: could not write to Modern Robotics USB DC Motor Controller [A104OQ1P]: comm timeout
01-08 13:29:15.286  8254  8337 W RobotCore: Modern Robotics USB header sync bytes are incorrect
01-08 13:29:15.287  8254  8337 W RobotCore: [55 aa 00 40 1e] -> [00 00 00 00 00]
01-08 13:29:15.287  8254  8337 W RobotCore: could not write to Modern Robotics USB DC Motor Controller [AI049QOP]: comm timeout
01-08 13:29:15.317  8254  8328 W RobotCore: Modern Robotics USB header sync bytes are incorrect
01-08 13:29:15.318  8254  8328 W RobotCore: [55 aa 80 03 15] -> [00 00 00 00 00]
01-08 13:29:15.318  8254  8328 W RobotCore: could not read Modern Robotics USB Core Device Interface Module [AL00VFK6]: comm timeout
01-08 13:29:15.400  8254  8343 W RobotCore: Modern Robotics USB header sync bytes are incorrect
01-08 13:29:15.401  8254  8343 W RobotCore: [55 aa 00 40 1e] -> [00 00 00 00 00]
01-08 13:29:15.401  8254  8343 W RobotCore: could not write to Modern Robotics USB DC Motor Controller [AL00VBIF]: comm timeout
01-08 13:29:15.616  8254  8331 W RobotCore: Modern Robotics USB header sync bytes are incorrect
01-08 13:29:15.617  8254  8331 W RobotCore: [55 aa 80 40 1e] -> [00 00 00 00 00]
01-08 13:29:15.617  8254  8331 W RobotCore: could not read Modern Robotics USB DC Motor Controller [A104OQ1P]: comm timeout
01-08 13:29:15.678  8254  8337 W RobotCore: Modern Robotics USB header sync bytes are incorrect
01-08 13:29:15.679  8254  8337 W RobotCore: [55 aa 80 40 1e] -> [00 00 00 00 00]
01-08 13:29:15.679  8254  8337 W RobotCore: could not read Modern Robotics USB DC Motor Controller [AI049QOP]: comm timeout
01-08 13:29:15.706  8254  8328 W RobotCore: Modern Robotics USB header sync bytes are incorrect
01-08 13:29:15.707  8254  8328 W RobotCore: [55 aa 80 03 15] -> [00 00 00 00 00]
01-08 13:29:15.707  8254  8328 W RobotCore: could not read Modern Robotics USB Core Device Interface Module [AL00VFK6]: comm timeout
01-08 13:29:15.788  8254  8343 W RobotCore: Modern Robotics USB header sync bytes are incorrect
01-08 13:29:15.789  8254  8343 W RobotCore: [55 aa 80 40 1e] -> [00 00 00 00 00]
01-08 13:29:15.789  8254  8343 W RobotCore: could not read Modern Robotics USB DC Motor Controller [AL00VBIF]: comm timeout
01-08 13:29:16.017  8254  8331 W RobotCore: Modern Robotics USB header sync bytes are incorrect
01-08 13:29:16.017  8254  8331 W RobotCore: [55 aa 00 40 1e] -> [00 00 00 00 00]
01-08 13:29:16.017  8254  8331 W RobotCore: could not write to Modern Robotics USB DC Motor Controller [A104OQ1P]: comm timeout
01-08 13:29:16.068  8254  8337 W RobotCore: Modern Robotics USB header sync bytes are incorrect
01-08 13:29:16.069  8254  8337 W RobotCore: [55 aa 00 40 1e] -> [00 00 00 00 00]
01-08 13:29:16.069  8254  8337 W RobotCore: could not write to Modern Robotics USB DC Motor Controller [AI049QOP]: comm timeout
01-08 13:29:16.100  8254  8328 W RobotCore: Modern Robotics USB header sync bytes are incorrect
01-08 13:29:16.101  8254  8328 W RobotCore: [55 aa 80 03 15] -> [00 00 00 00 00]
01-08 13:29:16.102  8254  8328 W RobotCore: could not read Modern Robotics USB Core Device Interface Module [AL00VFK6]: comm timeout
01-08 13:29:16.178  8254  8343 W RobotCore: Modern Robotics USB header sync bytes are incorrect
01-08 13:29:16.178  8254  8343 W RobotCore: [55 aa 00 40 1e] -> [00 00 00 00 00]
01-08 13:29:16.178  8254  8343 W RobotCore: could not write to Modern Robotics USB DC Motor Controller [AL00VBIF]: comm timeout
01-08 13:29:16.291  8254  8308 V Robocol : received command: CMD_INIT_OP_MODE(10404) $Stop$Robot$
01-08 13:29:16.411  8254  8331 W RobotCore: Modern Robotics USB header sync bytes are incorrect
01-08 13:29:16.412  8254  8331 W RobotCore: [55 aa 80 40 1e] -> [00 00 00 00 00]
01-08 13:29:16.412  8254  8331 W RobotCore: could not read Modern Robotics USB DC Motor Controller [A104OQ1P]: comm timeout
01-08 13:29:16.457  8254  8337 W RobotCore: Modern Robotics USB header sync bytes are incorrect
01-08 13:29:16.458  8254  8337 W RobotCore: [55 aa 80 40 1e] -> [00 00 00 00 00]
01-08 13:29:16.458  8254  8337 W RobotCore: could not read Modern Robotics USB DC Motor Controller [AI049QOP]: comm timeout
01-08 13:29:16.488  8254  8328 W RobotCore: Modern Robotics USB header sync bytes are incorrect
01-08 13:29:16.488  8254  8328 W RobotCore: [55 aa 80 03 15] -> [00 00 00 00 00]
01-08 13:29:16.489  8254  8328 W RobotCore: could not read Modern Robotics USB Core Device Interface Module [AL00VFK6]: comm timeout
01-08 13:29:16.565  8254  8343 W RobotCore: Modern Robotics USB header sync bytes are incorrect
01-08 13:29:16.566  8254  8343 W RobotCore: [55 aa 80 40 1e] -> [00 00 00 00 00]
01-08 13:29:16.566  8254  8343 W RobotCore: could not read Modern Robotics USB DC Motor Controller [AL00VBIF]: comm timeout
01-08 13:29:16.798  8254  8331 W RobotCore: Modern Robotics USB header sync bytes are incorrect
01-08 13:29:16.799  8254  8331 W RobotCore: [55 aa 00 40 1e] -> [00 00 00 00 00]
01-08 13:29:16.799  8254  8331 W RobotCore: could not write to Modern Robotics USB DC Motor Controller [A104OQ1P]: comm timeout
01-08 13:29:16.846  8254  8337 W RobotCore: Modern Robotics USB header sync bytes are incorrect
01-08 13:29:16.847  8254  8337 W RobotCore: [55 aa 00 40 1e] -> [00 00 00 00 00]
01-08 13:29:16.847  8254  8337 W RobotCore: could not write to Modern Robotics USB DC Motor Controller [AI049QOP]: comm timeout
01-08 13:29:16.878  8254  8328 W RobotCore: Modern Robotics USB header sync bytes are incorrect
01-08 13:29:16.879  8254  8328 W RobotCore: [55 aa 00 90 20] -> [00 00 00 00 00]
01-08 13:29:16.879  8254  8328 W RobotCore: could not write to Modern Robotics USB Core Device Interface Module [AL00VFK6]: comm timeout
01-08 13:29:16.953  8254  8343 W RobotCore: Modern Robotics USB header sync bytes are incorrect
01-08 13:29:16.954  8254  8343 W RobotCore: [55 aa 00 40 1e] -> [00 00 00 00 00]
01-08 13:29:16.954  8254  8343 W RobotCore: could not write to Modern Robotics USB DC Motor Controller [AL00VBIF]: comm timeout
01-08 13:29:17.126  8254  8343 E FTDI_Device::: UsbConnection.requestWait() == null
01-08 13:29:17.129  8254  8254 D UsbDeviceConnectionJNI: close
01-08 13:29:17.130  8254  8325 D BulkIn::: Stop BulkIn thread
01-08 13:29:17.130  8254  8326 D ProcessRequestThread::: Device has been closed.
01-08 13:29:17.130  8254  8325 W System.err: java.lang.NullPointerException: Null pointer exception during instruction 'monitor-enter v2'
01-08 13:29:17.131  8254  8325 W System.err: 	at com.ftdi.j2xx.ProcessInCtrl.getBuffer(FT_Device.java:2269)
01-08 13:29:17.131  8254  8325 W System.err: 	at com.ftdi.j2xx.ProcessInCtrl.releaseWritableBuffers(FT_Device.java:2675)
01-08 13:29:17.131  8254  8325 W System.err: 	at com.ftdi.j2xx.BulkInWorker.run(FT_Device.java:2879)
01-08 13:29:17.131  8254  8326 W System.err: 	at java.lang.InterruptedException
01-08 13:29:17.131  8254  8326 W System.err: 	at java.util.concurrent.locks.AbstractQueuedSynchronizer.doAcquireSharedInterruptibly(AbstractQueuedSynchronizer.java:972)
01-08 13:29:17.131  8254  8326 W System.err: 	at java.util.concurrent.locks.AbstractQueuedSynchronizer.acquireSharedInterruptibly(AbstractQueuedSynchronizer.java:1278)
01-08 13:29:17.131  8254  8326 W System.err: 	at java.util.concurrent.Semaphore.acquire(Semaphore.java:284)
01-08 13:29:17.131  8254  8326 W System.err: 	at com.ftdi.j2xx.ProcessInCtrl.acquireReadableBuffer(FT_Device.java:2294)
01-08 13:29:17.131  8254  8326 W System.err: 	at com.ftdi.j2xx.ProcessRequestWorker.run(FT_Device.java:2764)
01-08 13:29:17.131  8254  8326 W System.err: 	at java.lang.Thread.run(Thread.java:818)
01-08 13:29:17.132  8254  8254 D UsbDeviceConnectionJNI: close
01-08 13:29:17.133  8254  8328 W RobotCore: could not write to Modern Robotics USB Core Device Interface Module [AL00VFK6]: FTDI Null Pointer Exception
01-08 13:29:17.133  8254  8328 E RobotCore: java.lang.NullPointerException: Attempt to invoke interface method 'void java.util.concurrent.locks.Lock.unlock()' on a null object reference
01-08 13:29:17.133  8254  8328 E RobotCore: com.ftdi.j2xx.ProcessInCtrl.readBulkInData(FT_Device.java:2520)
01-08 13:29:17.133  8254  8328 E RobotCore: com.ftdi.j2xx.FT_Device.read(FT_Device.java:666)
01-08 13:29:17.133  8254  8328 E RobotCore: com.qualcomm.robotcore.hardware.usb.ftdi.RobotUsbDeviceFtdi.read(RobotUsbDeviceFtdi.java:199)
01-08 13:29:17.133  8254  8328 E RobotCore: com.qualcomm.robotcore.hardware.usb.ftdi.RobotUsbDeviceFtdi.read(RobotUsbDeviceFtdi.java:176)
01-08 13:29:17.133  8254  8328 E RobotCore: com.qualcomm.modernrobotics.ReadWriteRunnableUsbHandler.a(SourceFile:77)
01-08 13:29:17.133  8254  8328 E RobotCore: com.qualcomm.modernrobotics.ReadWriteRunnableUsbHandler.read(SourceFile:66)
01-08 13:29:17.133  8254  8328 E RobotCore: com.qualcomm.hardware.modernrobotics.ReadWriteRunnableStandard$1.run(ReadWriteRunnableStandard.java:343)
01-08 13:29:17.133  8254  8328 E RobotCore: com.qualcomm.robotcore.util.ThreadPool.logThreadLifeCycle(ThreadPool.java:513)
01-08 13:29:17.133  8254  8328 E RobotCore: com.qualcomm.hardware.modernrobotics.ReadWriteRunnableStandard.run(ReadWriteRunnableStandard.java:302)
01-08 13:29:17.133  8254  8328 E RobotCore: java.util.concurrent.ThreadPoolExecutor.runWorker(ThreadPoolExecutor.java:1113)
01-08 13:29:17.133  8254  8328 E RobotCore: java.util.concurrent.ThreadPoolExecutor$Worker.run(ThreadPoolExecutor.java:588)
01-08 13:29:17.133  8254  8328 E RobotCore: java.lang.Thread.run(Thread.java:818)
01-08 13:29:17.134  8254  8328 V RobotCore: thread: ...terminating 'r/w loop: Modern Robotics USB Core Device Interface Module [AL00VFK6]'
01-08 13:29:17.134  8254  8254 D UsbDeviceConnectionJNI: close
01-08 13:29:17.134  8254  8339 D ProcessRequestThread::: Device has been closed.
01-08 13:29:17.134  8254  8336 D ProcessRequestThread::: Device has been closed.
01-08 13:29:17.134  8254  8339 W System.err: java.lang.InterruptedException
01-08 13:29:17.134  8254  8339 W System.err: 	at java.util.concurrent.locks.AbstractQueuedSynchronizer.doAcquireSharedInterruptibly(AbstractQueuedSynchronizer.java:972)
01-08 13:29:17.134  8254  8339 W System.err: 	at java.util.concurrent.locks.AbstractQueuedSynchronizer.acquireSharedInterruptibly(AbstractQueuedSynchronizer.java:1278)
01-08 13:29:17.134  8254  8339 W System.err: 	at java.util.concurrent.Semaphore.acquire(Semaphore.java:284)
01-08 13:29:17.134  8254  8339 W System.err: 	at com.ftdi.j2xx.ProcessInCtrl.acquireReadableBuffer(FT_Device.java:2294)
01-08 13:29:17.134  8254  8339 W System.err: 	at com.ftdi.j2xx.ProcessRequestWorker.run(FT_Device.java:2764)
01-08 13:29:17.134  8254  8339 W System.err: 	at java.lang.Thread.run(Thread.java:818)
01-08 13:29:17.134  8254  8337 W RobotCore: could not write to Modern Robotics USB DC Motor Controller [AI049QOP]: FTDI Null Pointer Exception
01-08 13:29:17.135  8254  8337 E RobotCore: java.lang.NullPointerException: Attempt to invoke interface method 'void java.util.concurrent.locks.Lock.unlock()' on a null object reference
01-08 13:29:17.135  8254  8335 D BulkIn::: Stop BulkIn thread
01-08 13:29:17.135  8254  8336 W System.err: java.lang.InterruptedException
01-08 13:29:17.135  8254  8336 W System.err: 	at java.util.concurrent.locks.AbstractQueuedSynchronizer.doAcquireSharedInterruptibly(AbstractQueuedSynchronizer.java:972)
01-08 13:29:17.135  8254  8336 W System.err: 	at java.util.concurrent.locks.AbstractQueuedSynchronizer.acquireSharedInterruptibly(AbstractQueuedSynchronizer.java:1278)
01-08 13:29:17.135  8254  8336 W System.err: 	at java.util.concurrent.Semaphore.acquire(Semaphore.java:284)
01-08 13:29:17.135  8254  8336 W System.err: 	at com.ftdi.j2xx.ProcessInCtrl.acquireReadableBuffer(FT_Device.java:2294)
01-08 13:29:17.135  8254  8336 W System.err: 	at com.ftdi.j2xx.ProcessRequestWorker.run(FT_Device.java:2764)
01-08 13:29:17.135  8254  8336 W System.err: 	at java.lang.Thread.run(Thread.java:818)
01-08 13:29:17.135  8254  8338 D BulkIn::: Stop BulkIn thread
01-08 13:29:17.135  8254  8338 W System.err: java.lang.NullPointerException: Attempt to invoke virtual method 'int com.ftdi.j2xx.D2xxManager$DriverParameters.getBufferNumber()' on a null object reference
01-08 13:29:17.135  8254  8338 W System.err: 	at com.ftdi.j2xx.ProcessInCtrl.releaseWritableBuffers(FT_Device.java:2672)
01-08 13:29:17.135  8254  8338 W System.err: 	at com.ftdi.j2xx.BulkInWorker.run(FT_Device.java:2879)
01-08 13:29:17.135  8254  8338 W System.err: 	at java.lang.Thread.run(Thread.java:818)
01-08 13:29:17.136  8254  8337 E RobotCore: com.ftdi.j2xx.ProcessInCtrl.readBulkInData(FT_Device.java:2520)
01-08 13:29:17.136  8254  8337 E RobotCore: com.ftdi.j2xx.FT_Device.read(FT_Device.java:666)
01-08 13:29:17.136  8254  8337 E RobotCore: com.qualcomm.robotcore.hardware.usb.ftdi.RobotUsbDeviceFtdi.read(RobotUsbDeviceFtdi.java:199)
01-08 13:29:17.136  8254  8337 E RobotCore: com.qualcomm.robotcore.hardware.usb.ftdi.RobotUsbDeviceFtdi.read(RobotUsbDeviceFtdi.java:176)
01-08 13:29:17.136  8254  8337 E RobotCore: com.qualcomm.modernrobotics.ReadWriteRunnableUsbHandler.a(SourceFile:77)
01-08 13:29:17.136  8254  8337 E RobotCore: com.qualcomm.modernrobotics.ReadWriteRunnableUsbHandler.read(SourceFile:66)
01-08 13:29:17.136  8254  8337 E RobotCore: com.qualcomm.hardware.modernrobotics.ReadWriteRunnableStandard$1.run(ReadWriteRunnableStandard.java:343)
01-08 13:29:17.136  8254  8337 E RobotCore: com.qualcomm.robotcore.util.ThreadPool.logThreadLifeCycle(ThreadPool.java:513)
01-08 13:29:17.136  8254  8337 E RobotCore: com.qualcomm.hardware.modernrobotics.ReadWriteRunnableStandard.run(ReadWriteRunnableStandard.java:302)
01-08 13:29:17.136  8254  8337 E RobotCore: java.util.concurrent.ThreadPoolExecutor.runWorker(ThreadPoolExecutor.java:1113)
01-08 13:29:17.136  8254  8337 E RobotCore: java.util.concurrent.ThreadPoolExecutor$Worker.run(ThreadPoolExecutor.java:588)
01-08 13:29:17.136  8254  8337 E RobotCore: java.lang.Thread.run(Thread.java:818)
01-08 13:29:17.136  8254  8335 W System.err: java.lang.NullPointerException: Attempt to invoke virtual method 'int com.ftdi.j2xx.D2xxManager$DriverParameters.getBufferNumber()' on a null object reference
01-08 13:29:17.136  8254  8343 W RobotCore: could not write to Modern Robotics USB DC Motor Controller [AL00VBIF]: FTDI Null Pointer Exception
01-08 13:29:17.136  8254  8335 W System.err: 	at com.ftdi.j2xx.ProcessInCtrl.releaseWritableBuffers(FT_Device.java:2672)
01-08 13:29:17.136  8254  8343 E RobotCore: java.lang.NullPointerException: Attempt to invoke interface method 'void java.util.concurrent.locks.Lock.unlock()' on a null object reference
01-08 13:29:17.136  8254  8335 W System.err: 	at com.ftdi.j2xx.BulkInWorker.run(FT_Device.java:2879)
01-08 13:29:17.136  8254  8335 W System.err: 	at java.lang.Thread.run(Thread.java:818)
01-08 13:29:17.137  8254  8343 E RobotCore: com.ftdi.j2xx.ProcessInCtrl.readBulkInData(FT_Device.java:2520)
01-08 13:29:17.137  8254  8343 E RobotCore: com.ftdi.j2xx.FT_Device.read(FT_Device.java:666)
01-08 13:29:17.137  8254  8343 E RobotCore: com.qualcomm.robotcore.hardware.usb.ftdi.RobotUsbDeviceFtdi.read(RobotUsbDeviceFtdi.java:199)
01-08 13:29:17.137  8254  8343 E RobotCore: com.qualcomm.robotcore.hardware.usb.ftdi.RobotUsbDeviceFtdi.read(RobotUsbDeviceFtdi.java:176)
01-08 13:29:17.137  8254  8343 E RobotCore: com.qualcomm.modernrobotics.ReadWriteRunnableUsbHandler.a(SourceFile:77)
01-08 13:29:17.137  8254  8343 E RobotCore: com.qualcomm.modernrobotics.ReadWriteRunnableUsbHandler.read(SourceFile:66)
01-08 13:29:17.137  8254  8343 E RobotCore: com.qualcomm.hardware.modernrobotics.ReadWriteRunnableStandard$1.run(ReadWriteRunnableStandard.java:343)
01-08 13:29:17.137  8254  8343 E RobotCore: com.qualcomm.robotcore.util.ThreadPool.logThreadLifeCycle(ThreadPool.java:513)
01-08 13:29:17.137  8254  8343 E RobotCore: com.qualcomm.hardware.modernrobotics.ReadWriteRunnableStandard.run(ReadWriteRunnableStandard.java:302)
01-08 13:29:17.137  8254  8343 E RobotCore: java.util.concurrent.ThreadPoolExecutor.runWorker(ThreadPoolExecutor.java:1113)
01-08 13:29:17.137  8254  8343 E RobotCore: java.util.concurrent.ThreadPoolExecutor$Worker.run(ThreadPoolExecutor.java:588)
01-08 13:29:17.137  8254  8343 E RobotCore: java.lang.Thread.run(Thread.java:818)
01-08 13:29:17.137  8254  8343 V RobotCore: thread: ...terminating 'r/w loop: Modern Robotics USB DC Motor Controller [AL00VBIF]'
01-08 13:29:17.137  8254  8325 W System.err: java.lang.Thread.run(Thread.java:818)
01-08 13:29:17.138  8254  8337 V RobotCore: thread: ...terminating 'r/w loop: Modern Robotics USB DC Motor Controller [AI049QOP]'
01-08 13:29:17.139  8254  8254 D UsbDeviceConnectionJNI: close
01-08 13:29:17.139  8254  8330 D ProcessRequestThread::: Device has been closed.
01-08 13:29:17.139  8254  8330 W System.err: java.lang.InterruptedException
01-08 13:29:17.139  8254  8330 W System.err: 	at java.util.concurrent.locks.AbstractQueuedSynchronizer.doAcquireSharedInterruptibly(AbstractQueuedSynchronizer.java:972)
01-08 13:29:17.139  8254  8330 W System.err: 	at java.util.concurrent.locks.AbstractQueuedSynchronizer.acquireSharedInterruptibly(AbstractQueuedSynchronizer.java:1278)
01-08 13:29:17.139  8254  8330 W System.err: 	at java.util.concurrent.Semaphore.acquire(Semaphore.java:284)
01-08 13:29:17.139  8254  8330 W System.err: 	at com.ftdi.j2xx.ProcessInCtrl.acquireReadableBuffer(FT_Device.java:2294)
01-08 13:29:17.139  8254  8330 W System.err: 	at com.ftdi.j2xx.ProcessRequestWorker.run(FT_Device.java:2764)
01-08 13:29:17.139  8254  8330 W System.err: 	at java.lang.Thread.run(Thread.java:818)
01-08 13:29:17.140  8254  8331 W RobotCore: could not write to Modern Robotics USB DC Motor Controller [A104OQ1P]: FTDI Null Pointer Exception
01-08 13:29:17.140  8254  8331 E RobotCore: java.lang.NullPointerException: Attempt to invoke interface method 'void java.util.concurrent.locks.Lock.unlock()' on a null object reference
01-08 13:29:17.140  8254  8329 D BulkIn::: Stop BulkIn thread
01-08 13:29:17.140  8254  8329 W System.err: java.lang.NullPointerException: Attempt to invoke virtual method 'int com.ftdi.j2xx.D2xxManager$DriverParameters.getBufferNumber()' on a null object reference
01-08 13:29:17.140  8254  8329 W System.err: 	at com.ftdi.j2xx.ProcessInCtrl.releaseWritableBuffers(FT_Device.java:2672)
01-08 13:29:17.140  8254  8331 E RobotCore: com.ftdi.j2xx.ProcessInCtrl.readBulkInData(FT_Device.java:2520)
01-08 13:29:17.140  8254  8329 W System.err: 	at com.ftdi.j2xx.BulkInWorker.run(FT_Device.java:2879)
01-08 13:29:17.140  8254  8331 E RobotCore: com.ftdi.j2xx.FT_Device.read(FT_Device.java:666)
01-08 13:29:17.140  8254  8329 W System.err: 	at java.lang.Thread.run(Thread.java:818)
01-08 13:29:17.140  8254  8331 E RobotCore: com.qualcomm.robotcore.hardware.usb.ftdi.RobotUsbDeviceFtdi.read(RobotUsbDeviceFtdi.java:199)
01-08 13:29:17.140  8254  8331 E RobotCore: com.qualcomm.robotcore.hardware.usb.ftdi.RobotUsbDeviceFtdi.read(RobotUsbDeviceFtdi.java:176)
01-08 13:29:17.140  8254  8331 E RobotCore: com.qualcomm.modernrobotics.ReadWriteRunnableUsbHandler.a(SourceFile:77)
01-08 13:29:17.140  8254  8331 E RobotCore: com.qualcomm.modernrobotics.ReadWriteRunnableUsbHandler.read(SourceFile:66)
01-08 13:29:17.140  8254  8331 E RobotCore: com.qualcomm.hardware.modernrobotics.ReadWriteRunnableStandard$1.run(ReadWriteRunnableStandard.java:343)
01-08 13:29:17.140  8254  8331 E RobotCore: com.qualcomm.robotcore.util.ThreadPool.logThreadLifeCycle(ThreadPool.java:513)
01-08 13:29:17.140  8254  8331 E RobotCore: com.qualcomm.hardware.modernrobotics.ReadWriteRunnableStandard.run(ReadWriteRunnableStandard.java:302)
01-08 13:29:17.140  8254  8331 E RobotCore: java.util.concurrent.ThreadPoolExecutor.runWorker(ThreadPoolExecutor.java:1113)
01-08 13:29:17.140  8254  8331 E RobotCore: java.util.concurrent.ThreadPoolExecutor$Worker.run(ThreadPoolExecutor.java:588)
01-08 13:29:17.140  8254  8331 E RobotCore: java.lang.Thread.run(Thread.java:818)
01-08 13:29:17.142  8254  8344 D RobotCore: system telemetry: key=$System$Warning$ msg="problem communicating with Modern Robotics USB DC Motor Controller [AI049QOP]; problem communicating with Modern Robotics USB DC Motor Controller [AL00VWH0]; problem communicating with Modern Robotics USB Core Device Interface Module [AL00VFK6]; problem communicating with Modern Robotics USB DC Motor Controller [A104OQ1P]; problem communicating with Modern Robotics USB DC Motor Controller [AL00VBIF]; problem communicating with Modern Robotics USB Servo Controller [AL00VSDY]"
01-08 13:29:17.142  8254  8331 V RobotCore: thread: ...terminating 'r/w loop: Modern Robotics USB DC Motor Controller [A104OQ1P]'
01-08 13:29:17.142  8254  8344 V RobotCore: event loop: device has shutdown abnormally
01-08 13:29:17.142  8254  8344 V RobotCore: event loop: detaching device owner
01-08 13:29:17.142  8254  8344 I FIRST   : ======= MODULE DETACH RECOVERY: disarm Modern Robotics USB Servo Controller [AL00VSDY]=======
01-08 13:29:17.142  8254  8344 D RobotCore: disarming modern servo controller "Modern Robotics USB Servo Controller [AL00VSDY]"...
01-08 13:29:17.143  8254  8344 V RobotCore: waiting for service ReadWriteRunnable for Modern Robotics USB Device
01-08 13:29:17.144  8254  8308 V Robocol : packet processing took 0.739 s: type=HEARTBEAT
01-08 13:29:17.147  8254  8344 V RobotCore: awaitTermination returned, isTerminated=true
01-08 13:29:17.147  8254  8344 V RobotCore: executive service ReadWriteRunnable for Modern Robotics USB Device is terminated
01-08 13:29:17.147  8254  8344 D RobotCore: ...disarming modern servo controller Modern Robotics USB Servo Controller [AL00VSDY] complete
01-08 13:29:17.147  8254  8344 I FIRST   : ======= MODULE DETACH RECOVERY: pretend Modern Robotics USB Servo Controller [AL00VSDY]=======
01-08 13:29:17.147  8254  8344 D RobotCore: arming modern servo controller Modern Robotics USB Servo Controller [AL00VSDY] (pretend)...
01-08 13:29:17.148  8254  8344 V RobotCore: Starting up pretend device AL00VSDY
01-08 13:29:17.150  8254  8370 V RobotCore: thread: 'r/w loop: Modern Robotics USB Servo Controller [AL00VSDY]' starting...
01-08 13:29:17.152  8254  8344 D RobotCore: ...arming modern servo controller Modern Robotics USB Servo Controller [AL00VSDY] complete
01-08 13:29:17.152  8254  8344 I FIRST   : ======= MODULE DETACH RECOVERY: complete Modern Robotics USB Servo Controller [AL00VSDY]=======
01-08 13:29:17.152  8254  8344 V RobotCore: event loop: device has shutdown abnormally
01-08 13:29:17.152  8254  8344 V RobotCore: event loop: detaching device owner
01-08 13:29:17.152  8254  8344 I FIRST   : ======= MODULE DETACH RECOVERY: disarm Modern Robotics USB Core Device Interface Module [AL00VFK6]=======
01-08 13:29:17.152  8254  8344 V RobotCore: waiting for service ReadWriteRunnable for Modern Robotics USB Device
01-08 13:29:17.153  8254  8344 V RobotCore: awaitTermination returned, isTerminated=true
01-08 13:29:17.153  8254  8344 V RobotCore: executive service ReadWriteRunnable for Modern Robotics USB Device is terminated
01-08 13:29:17.153  8254  8344 I FIRST   : ======= MODULE DETACH RECOVERY: pretend Modern Robotics USB Core Device Interface Module [AL00VFK6]=======
01-08 13:29:17.153  8254  8344 V RobotCore: Starting up pretend device AL00VFK6
01-08 13:29:17.155  8254  8371 V RobotCore: thread: 'r/w loop: Modern Robotics USB Core Device Interface Module [AL00VFK6]' starting...
01-08 13:29:17.155  8254  8344 I FIRST   : ======= MODULE DETACH RECOVERY: complete Modern Robotics USB Core Device Interface Module [AL00VFK6]=======
01-08 13:29:17.155  8254  8344 V RobotCore: event loop: device has shutdown abnormally
01-08 13:29:17.155  8254  8344 V RobotCore: event loop: detaching device owner
01-08 13:29:17.155  8254  8344 I FIRST   : ======= MODULE DETACH RECOVERY: disarm Modern Robotics USB DC Motor Controller [A104OQ1P]=======
01-08 13:29:17.155  8254  8344 D RobotCore: disarming modern motor controller Modern Robotics USB DC Motor Controller [A104OQ1P]...
01-08 13:29:17.155  8254  8344 V RobotCore: waiting for service ReadWriteRunnable for Modern Robotics USB Device
01-08 13:29:17.156  8254  8344 V RobotCore: awaitTermination returned, isTerminated=true
01-08 13:29:17.156  8254  8344 V RobotCore: executive service ReadWriteRunnable for Modern Robotics USB Device is terminated
01-08 13:29:17.156  8254  8344 D RobotCore: ...disarming modern motor controller Modern Robotics USB DC Motor Controller [A104OQ1P] complete
01-08 13:29:17.156  8254  8344 I FIRST   : ======= MODULE DETACH RECOVERY: pretend Modern Robotics USB DC Motor Controller [A104OQ1P]=======
01-08 13:29:17.156  8254  8344 D RobotCore: arming modern motor controller Modern Robotics USB DC Motor Controller [A104OQ1P] (pretend)...
01-08 13:29:17.156  8254  8344 V RobotCore: Starting up pretend device A104OQ1P
01-08 13:29:17.157  8254  8372 V RobotCore: thread: 'r/w loop: Modern Robotics USB DC Motor Controller [A104OQ1P]' starting...
01-08 13:29:17.158  8254  8344 D RobotCore: ...arming modern motor controller Modern Robotics USB DC Motor Controller [A104OQ1P] complete
01-08 13:29:17.158  8254  8344 I FIRST   : ======= MODULE DETACH RECOVERY: complete Modern Robotics USB DC Motor Controller [A104OQ1P]=======
01-08 13:29:17.158  8254  8344 V RobotCore: event loop: device has shutdown abnormally
01-08 13:29:17.158  8254  8344 V RobotCore: event loop: detaching device owner
01-08 13:29:17.158  8254  8344 I FIRST   : ======= MODULE DETACH RECOVERY: disarm Modern Robotics USB DC Motor Controller [AL00VWH0]=======
01-08 13:29:17.158  8254  8344 D RobotCore: disarming modern motor controller Modern Robotics USB DC Motor Controller [AL00VWH0]...
01-08 13:29:17.158  8254  8344 V RobotCore: waiting for service ReadWriteRunnable for Modern Robotics USB Device
01-08 13:29:17.159  8254  8344 V RobotCore: awaitTermination returned, isTerminated=true
01-08 13:29:17.159  8254  8344 V RobotCore: executive service ReadWriteRunnable for Modern Robotics USB Device is terminated
01-08 13:29:17.159  8254  8344 D RobotCore: ...disarming modern motor controller Modern Robotics USB DC Motor Controller [AL00VWH0] complete
01-08 13:29:17.159  8254  8344 I FIRST   : ======= MODULE DETACH RECOVERY: pretend Modern Robotics USB DC Motor Controller [AL00VWH0]=======
01-08 13:29:17.159  8254  8344 D RobotCore: arming modern motor controller Modern Robotics USB DC Motor Controller [AL00VWH0] (pretend)...
01-08 13:29:17.159  8254  8344 V RobotCore: Starting up pretend device AL00VWH0
01-08 13:29:17.161  8254  8373 V RobotCore: thread: 'r/w loop: Modern Robotics USB DC Motor Controller [AL00VWH0]' starting...
01-08 13:29:17.161  8254  8344 D RobotCore: ...arming modern motor controller Modern Robotics USB DC Motor Controller [AL00VWH0] complete
01-08 13:29:17.161  8254  8344 I FIRST   : ======= MODULE DETACH RECOVERY: complete Modern Robotics USB DC Motor Controller [AL00VWH0]=======
01-08 13:29:17.161  8254  8344 V RobotCore: event loop: device has shutdown abnormally
01-08 13:29:17.161  8254  8344 V RobotCore: event loop: detaching device owner
01-08 13:29:17.161  8254  8344 I FIRST   : ======= MODULE DETACH RECOVERY: disarm Modern Robotics USB DC Motor Controller [AI049QOP]=======
01-08 13:29:17.162  8254  8344 D RobotCore: disarming modern motor controller Modern Robotics USB DC Motor Controller [AI049QOP]...
01-08 13:29:17.162  8254  8344 V RobotCore: waiting for service ReadWriteRunnable for Modern Robotics USB Device
01-08 13:29:17.162  8254  8344 V RobotCore: awaitTermination returned, isTerminated=true
01-08 13:29:17.162  8254  8344 V RobotCore: executive service ReadWriteRunnable for Modern Robotics USB Device is terminated
01-08 13:29:17.162  8254  8344 D RobotCore: ...disarming modern motor controller Modern Robotics USB DC Motor Controller [AI049QOP] complete
01-08 13:29:17.162  8254  8344 I FIRST   : ======= MODULE DETACH RECOVERY: pretend Modern Robotics USB DC Motor Controller [AI049QOP]=======
01-08 13:29:17.162  8254  8344 D RobotCore: arming modern motor controller Modern Robotics USB DC Motor Controller [AI049QOP] (pretend)...
01-08 13:29:17.163  8254  8344 V RobotCore: Starting up pretend device AI049QOP
01-08 13:29:17.164  8254  8374 V RobotCore: thread: 'r/w loop: Modern Robotics USB DC Motor Controller [AI049QOP]' starting...
01-08 13:29:17.164  8254  8344 D RobotCore: ...arming modern motor controller Modern Robotics USB DC Motor Controller [AI049QOP] complete
01-08 13:29:17.164  8254  8344 I FIRST   : ======= MODULE DETACH RECOVERY: complete Modern Robotics USB DC Motor Controller [AI049QOP]=======
01-08 13:29:17.164  8254  8344 V RobotCore: event loop: device has shutdown abnormally
01-08 13:29:17.164  8254  8344 V RobotCore: event loop: detaching device owner
01-08 13:29:17.164  8254  8344 I FIRST   : ======= MODULE DETACH RECOVERY: disarm Modern Robotics USB DC Motor Controller [AL00VBIF]=======
01-08 13:29:17.164  8254  8344 D RobotCore: disarming modern motor controller Modern Robotics USB DC Motor Controller [AL00VBIF]...
