04-10 19:45:59.942 18889 19749 I RobotCore: SHOOTER RPM2: 1100.8647372283738
04-10 19:45:59.952 18889 19749 I RobotCore: SHOOTER RPM1: 868.7258687258687
04-10 19:45:59.953 18889 19749 I RobotCore: SHOOTER RPM2: 984.5559845559845
04-10 19:45:59.963 18889 19749 I RobotCore: SHOOTER RPM1: 1435.9105268196176
04-10 19:45:59.963 18889 19749 I RobotCore: SHOOTER RPM2: 1627.3652637289003
04-10 19:45:59.974 18889 19749 I RobotCore: SHOOTER RPM1: 231.66023166023166
04-10 19:45:59.974 18889 19749 I RobotCore: SHOOTER RPM2: 289.57528957528956
04-10 19:45:59.984 18889 19749 I RobotCore: SHOOTER RPM1: 1196.592105683015
04-10 19:45:59.984 18889 19749 I RobotCore: SHOOTER RPM2: 1292.319474137656
04-10 19:45:59.995 18889 19749 I RobotCore: SHOOTER RPM1: 1042.4710424710424
04-10 19:45:59.995 18889 19749 I RobotCore: SHOOTER RPM2: 1100.3861003861005
04-10 19:46:00.005 18889 19749 I RobotCore: SHOOTER RPM1: 574.3642107278471
04-10 19:46:00.005 18889 19749 I RobotCore: SHOOTER RPM2: 717.9552634098088
04-10 19:46:00.017 18889 19749 I RobotCore: SHOOTER RPM1: 603.2818532818534
04-10 19:46:00.017 18889 19749 I RobotCore: SHOOTER RPM2: 643.5006435006436
04-10 19:46:00.031 18889 19749 I RobotCore: SHOOTER RPM1: 1062.34721619337
04-10 19:46:00.031 18889 19749 I RobotCore: SHOOTER RPM2: 1199.4242763473533
04-10 19:46:00.042 18889 19749 I RobotCore: SHOOTER RPM1: 321.7503217503218
04-10 19:46:00.042 18889 19749 I RobotCore: SHOOTER RPM2: 361.969111969112
04-10 19:46:00.052 18889 19749 I RobotCore: SHOOTER RPM1: 1679.5366795366795
04-10 19:46:00.052 18889 19749 I RobotCore: SHOOTER RPM2: 1853.2818532818533
04-10 19:46:00.063 18889 19749 I RobotCore: SHOOTER RPM1: 526.5005265005266
04-10 19:46:00.063 18889 19749 I RobotCore: SHOOTER RPM2: 574.3642107278471
04-10 19:46:00.073 18889 19749 I RobotCore: SHOOTER RPM1: 926.6409266409266
04-10 19:46:00.074 18889 19749 I RobotCore: SHOOTER RPM2: 1042.4710424710424
04-10 19:46:00.084 18889 19749 I RobotCore: SHOOTER RPM1: 1005.1373687737324
04-10 19:46:00.084 18889 19749 I RobotCore: SHOOTER RPM2: 1148.7284214556942
04-10 19:46:00.094 18889 19749 I RobotCore: SHOOTER RPM1: 1447.8764478764479
04-10 19:46:00.094 18889 19749 I RobotCore: SHOOTER RPM2: 1621.6216216216217
04-10 19:46:00.105 18889 19749 I RobotCore: SHOOTER RPM1: 478.6368422732059
04-10 19:46:00.105 18889 19749 I RobotCore: SHOOTER RPM2: 526.5005265005266
04-10 19:46:00.115 18889 19749 I RobotCore: SHOOTER RPM1: 1100.3861003861005
04-10 19:46:00.115 18889 19749 I RobotCore: SHOOTER RPM2: 1216.2162162162163
04-10 19:46:00.126 18889 19749 I RobotCore: SHOOTER RPM1: 1053.0010530010532
04-10 19:46:00.126 18889 19749 I RobotCore: SHOOTER RPM2: 1148.7284214556942
04-10 19:46:00.137 18889 19749 I RobotCore: SHOOTER RPM1: 909.4100003190913
04-10 19:46:00.137 18889 19749 I RobotCore: SHOOTER RPM2: 1053.0010530010532
04-10 19:46:00.148 18889 19749 I RobotCore: SHOOTER RPM1: 717.9552634098088
04-10 19:46:00.148 18889 19749 I RobotCore: SHOOTER RPM2: 813.6826318644502
04-10 19:46:00.158 18889 19749 I RobotCore: SHOOTER RPM1: 1100.3861003861005
04-10 19:46:00.159 18889 19749 I RobotCore: SHOOTER RPM2: 1216.2162162162163
04-10 19:46:00.169 18889 19749 I RobotCore: SHOOTER RPM1: 957.2736845464118
04-10 19:46:00.169 18889 19749 I RobotCore: SHOOTER RPM2: 1053.0010530010532
04-10 19:46:00.180 18889 19749 I RobotCore: SHOOTER RPM1: 526.5005265005266
04-10 19:46:00.180 18889 19749 I RobotCore: SHOOTER RPM2: 574.3642107278471
04-10 19:46:00.190 18889 19749 I RobotCore: SHOOTER RPM1: 1100.3861003861005
04-10 19:46:00.190 18889 19749 I RobotCore: SHOOTER RPM2: 1216.2162162162163
04-10 19:46:00.201 18889 19749 I RobotCore: SHOOTER RPM1: 1100.8647372283738
04-10 19:46:00.201 18889 19749 I RobotCore: SHOOTER RPM2: 1196.592105683015
04-10 19:46:00.212 18889 19749 I RobotCore: SHOOTER RPM1: 765.8189476371296
04-10 19:46:00.213 18889 19749 I RobotCore: SHOOTER RPM2: 861.5463160917708
04-10 19:46:00.224 18889 19749 I RobotCore: SHOOTER RPM1: 563.0630630630633
04-10 19:46:00.224 18889 19749 I RobotCore: SHOOTER RPM2: 643.5006435006436
04-10 19:46:00.235 18889 19749 I RobotCore: SHOOTER RPM1: 861.5463160917708
04-10 19:46:00.236 18889 19749 I RobotCore: SHOOTER RPM2: 957.2736845464118
04-10 19:46:00.247 18889 19749 I RobotCore: SHOOTER RPM1: 683.7194337194339
04-10 19:46:00.247 18889 19749 I RobotCore: SHOOTER RPM2: 723.938223938224
04-10 19:46:00.257 18889 19749 I RobotCore: SHOOTER RPM1: 1795.3667953667953
04-10 19:46:00.257 18889 19749 I RobotCore: SHOOTER RPM2: 2027.027027027027
04-10 19:46:00.268 18889 19749 I RobotCore: SHOOTER RPM1: 622.2278949551677
04-10 19:46:00.268 18889 19749 I RobotCore: SHOOTER RPM2: 670.0915791824882
04-10 19:46:00.279 18889 19749 I RobotCore: SHOOTER RPM1: 1216.2162162162163
04-10 19:46:00.279 18889 19749 I RobotCore: SHOOTER RPM2: 1332.046332046332
04-10 19:46:00.291 18889 19749 I RobotCore: SHOOTER RPM1: 582.5775056544288
04-10 19:46:00.291 18889 19749 I RobotCore: SHOOTER RPM2: 685.3853007699162
04-10 19:46:00.302 18889 19749 I RobotCore: SHOOTER RPM1: 1100.3861003861005
04-10 19:46:00.302 18889 19749 I RobotCore: SHOOTER RPM2: 1216.2162162162163
04-10 19:46:00.312 18889 19749 I RobotCore: SHOOTER RPM1: 0.0
04-10 19:46:00.312 18889 19749 I RobotCore: SHOOTER RPM2: 0.0
04-10 19:46:00.323 18889 19749 I RobotCore: SHOOTER RPM1: 1196.592105683015
04-10 19:46:00.323 18889 19749 I RobotCore: SHOOTER RPM2: 1292.319474137656
04-10 19:46:00.334 18889 19749 I RobotCore: SHOOTER RPM1: 1388.0468425922973
04-10 19:46:00.334 18889 19749 I RobotCore: SHOOTER RPM2: 1579.5015795015797
04-10 19:46:00.345 18889 19749 I RobotCore: SHOOTER RPM1: 694.980694980695
04-10 19:46:00.345 18889 19749 I RobotCore: SHOOTER RPM2: 810.8108108108108
04-10 19:46:00.355 18889 19749 I RobotCore: SHOOTER RPM1: 1005.1373687737324
04-10 19:46:00.355 18889 19749 I RobotCore: SHOOTER RPM2: 1100.8647372283738
04-10 19:46:00.380 18889 19749 I RobotCore: SHOOTER RPM1: 342.85714285714283
04-10 19:46:00.380 18889 19749 I RobotCore: SHOOTER RPM2: 361.38996138996146
04-10 19:46:00.385 18889 19749 I RobotCore: STATUS: shots fired as of now
04-10 19:46:00.897 18889 19749 I RobotCore: SHOOTER RPM1: 19.184950228757693
04-10 19:46:00.897 18889 19749 I RobotCore: SHOOTER RPM2: 21.055591634282823
04-10 19:46:00.907 18889 19749 I RobotCore: SHOOTER RPM1: 717.9552634098088
04-10 19:46:00.907 18889 19749 I RobotCore: SHOOTER RPM2: 765.8189476371296
04-10 19:46:00.918 18889 19749 I RobotCore: SHOOTER RPM1: 1679.5366795366795
04-10 19:46:00.918 18889 19749 I RobotCore: SHOOTER RPM2: 1853.2818532818533
04-10 19:46:00.928 18889 19749 I RobotCore: SHOOTER RPM1: 909.4100003190913
04-10 19:46:00.928 18889 19749 I RobotCore: SHOOTER RPM2: 957.2736845464118
04-10 19:46:00.939 18889 19749 I RobotCore: SHOOTER RPM1: 0.0
04-10 19:46:00.939 18889 19749 I RobotCore: SHOOTER RPM2: 0.0
04-10 19:46:00.949 18889 19749 I RobotCore: SHOOTER RPM1: 2100.0
04-10 19:46:00.949 18889 19749 I RobotCore: SHOOTER RPM2: 2100.0
04-10 19:46:00.960 18889 19749 I RobotCore: SHOOTER RPM1: 957.2736845464118
04-10 19:46:00.960 18889 19749 I RobotCore: SHOOTER RPM2: 1100.8647372283738
04-10 19:46:00.971 18889 19749 I RobotCore: SHOOTER RPM1: 1100.8647372283738
04-10 19:46:00.971 18889 19749 I RobotCore: SHOOTER RPM2: 1196.592105683015
04-10 19:46:00.981 18889 19749 I RobotCore: SHOOTER RPM1: 926.6409266409266
04-10 19:46:00.982 18889 19749 I RobotCore: SHOOTER RPM2: 984.5559845559845
04-10 19:46:00.992 18889 19749 I RobotCore: SHOOTER RPM1: 430.7731580458854
04-10 19:46:00.992 18889 19749 I RobotCore: SHOOTER RPM2: 478.6368422732059
04-10 19:46:01.003 18889 19749 I RobotCore: SHOOTER RPM1: 1853.2818532818533
04-10 19:46:01.003 18889 19749 I RobotCore: SHOOTER RPM2: 2027.027027027027
04-10 19:46:01.013 18889 19749 I RobotCore: SHOOTER RPM1: 622.2278949551677
04-10 19:46:01.013 18889 19749 I RobotCore: SHOOTER RPM2: 717.9552634098088
04-10 19:46:01.024 18889 19749 I RobotCore: SHOOTER RPM1: 1196.592105683015
04-10 19:46:01.024 18889 19749 I RobotCore: SHOOTER RPM2: 1244.4557899103354
04-10 19:46:01.036 18889 19749 I RobotCore: SHOOTER RPM1: 884.8133848133851
04-10 19:46:01.036 18889 19749 I RobotCore: SHOOTER RPM2: 965.2509652509654
04-10 19:46:01.046 18889 19749 I RobotCore: SHOOTER RPM1: 579.1505791505791
04-10 19:46:01.047 18889 19749 I RobotCore: SHOOTER RPM2: 637.065637065637
04-10 19:46:01.057 18889 19749 I RobotCore: SHOOTER RPM1: 622.2278949551677
04-10 19:46:01.057 18889 19749 I RobotCore: SHOOTER RPM2: 717.9552634098088
04-10 19:46:01.068 18889 19749 I RobotCore: SHOOTER RPM1: 1969.111969111969
04-10 19:46:01.068 18889 19749 I RobotCore: SHOOTER RPM2: 2100.0
04-10 19:46:01.079 18889 19749 I RobotCore: SHOOTER RPM1: 622.2278949551677
04-10 19:46:01.079 18889 19749 I RobotCore: SHOOTER RPM2: 622.2278949551677
04-10 19:46:01.090 18889 19749 I RobotCore: SHOOTER RPM1: 1085.9073359073361
04-10 19:46:01.090 18889 19749 I RobotCore: SHOOTER RPM2: 1206.5637065637068
04-10 19:46:01.100 18889 19749 I RobotCore: SHOOTER RPM1: 694.980694980695
04-10 19:46:01.101 18889 19749 I RobotCore: SHOOTER RPM2: 752.8957528957529
04-10 19:46:01.112 18889 19749 I RobotCore: SHOOTER RPM1: 884.8133848133851
04-10 19:46:01.112 18889 19749 I RobotCore: SHOOTER RPM2: 965.2509652509654
04-10 19:46:01.123 18889 19749 I RobotCore: SHOOTER RPM1: 717.9552634098088
04-10 19:46:01.123 18889 19749 I RobotCore: SHOOTER RPM2: 813.6826318644502
04-10 19:46:01.135 18889 19749 I RobotCore: SHOOTER RPM1: 1327.2200772200774
04-10 19:46:01.135 18889 19749 I RobotCore: SHOOTER RPM2: 1488.0952380952385
04-10 19:46:01.145 18889 19749 I RobotCore: SHOOTER RPM1: 0.0
04-10 19:46:01.145 18889 19749 I RobotCore: SHOOTER RPM2: 0.0
04-10 19:46:01.156 18889 19749 I RobotCore: SHOOTER RPM1: 1340.1831583649764
04-10 19:46:01.156 18889 19749 I RobotCore: SHOOTER RPM2: 1435.9105268196176
04-10 19:46:01.167 18889 19749 I RobotCore: SHOOTER RPM1: 1216.2162162162163
04-10 19:46:01.167 18889 19749 I RobotCore: SHOOTER RPM2: 1332.046332046332
04-10 19:46:01.177 18889 19749 I RobotCore: SHOOTER RPM1: 717.9552634098088
04-10 19:46:01.177 18889 19749 I RobotCore: SHOOTER RPM2: 765.8189476371296
04-10 19:46:01.188 18889 19749 I RobotCore: SHOOTER RPM1: 813.6826318644502
04-10 19:46:01.188 18889 19749 I RobotCore: SHOOTER RPM2: 909.4100003190913
04-10 19:46:01.198 18889 19749 I RobotCore: SHOOTER RPM1: 1679.5366795366795
04-10 19:46:01.198 18889 19749 I RobotCore: SHOOTER RPM2: 1853.2818532818533
04-10 19:46:01.209 18889 19749 I RobotCore: SHOOTER RPM1: 957.2736845464118
04-10 19:46:01.209 18889 19749 I RobotCore: SHOOTER RPM2: 1053.0010530010532
04-10 19:46:01.220 18889 19749 I RobotCore: SHOOTER RPM1: 0.0
04-10 19:46:01.220 18889 19749 I RobotCore: SHOOTER RPM2: 0.0
04-10 19:46:01.230 18889 19749 I RobotCore: SHOOTER RPM1: 2100.0
04-10 19:46:01.230 18889 19749 I RobotCore: SHOOTER RPM2: 2100.0
04-10 19:46:01.241 18889 19749 I RobotCore: SHOOTER RPM1: 909.4100003190913
04-10 19:46:01.241 18889 19749 I RobotCore: SHOOTER RPM2: 1005.1373687737324
04-10 19:46:01.252 18889 19749 I RobotCore: SHOOTER RPM1: 0.0
04-10 19:46:01.252 18889 19749 I RobotCore: SHOOTER RPM2: 0.0
04-10 19:46:01.262 18889 19749 I RobotCore: SHOOTER RPM1: 1340.1831583649764
04-10 19:46:01.262 18889 19749 I RobotCore: SHOOTER RPM2: 1435.9105268196176
04-10 19:46:01.273 18889 19749 I RobotCore: SHOOTER RPM1: 1158.3011583011582
04-10 19:46:01.273 18889 19749 I RobotCore: SHOOTER RPM2: 1274.131274131274
04-10 19:46:01.284 18889 19749 I RobotCore: SHOOTER RPM1: 1005.1373687737324
04-10 19:46:01.284 18889 19749 I RobotCore: SHOOTER RPM2: 1100.8647372283738
04-10 19:46:01.295 18889 19749 I RobotCore: SHOOTER RPM1: 643.5006435006436
04-10 19:46:01.295 18889 19749 I RobotCore: SHOOTER RPM2: 723.938223938224
04-10 19:46:01.305 18889 19749 I RobotCore: SHOOTER RPM1: 1563.7065637065637
04-10 19:46:01.305 18889 19749 I RobotCore: SHOOTER RPM2: 1679.5366795366795
04-10 19:46:01.316 18889 19749 I RobotCore: SHOOTER RPM1: 957.2736845464118
04-10 19:46:01.316 18889 19749 I RobotCore: SHOOTER RPM2: 1053.0010530010532
04-10 19:46:01.327 18889 19749 I RobotCore: SHOOTER RPM1: 287.18210536392354
04-10 19:46:01.327 18889 19749 I RobotCore: SHOOTER RPM2: 335.0457895912441
04-10 19:46:01.338 18889 19749 I RobotCore: SHOOTER RPM1: 1332.046332046332
04-10 19:46:01.338 18889 19749 I RobotCore: SHOOTER RPM2: 1447.8764478764479
04-10 19:46:01.349 18889 19749 I RobotCore: SHOOTER RPM1: 764.1570141570143
04-10 19:46:01.349 18889 19749 I RobotCore: SHOOTER RPM2: 804.3758043758046
04-10 19:46:01.360 18889 19749 I RobotCore: SHOOTER RPM1: 1042.4710424710424
04-10 19:46:01.360 18889 19749 I RobotCore: SHOOTER RPM2: 1158.3011583011582
04-10 19:46:01.371 18889 19749 I RobotCore: SHOOTER RPM1: 764.1570141570143
04-10 19:46:01.371 18889 19749 I RobotCore: SHOOTER RPM2: 844.5945945945947
04-10 19:46:01.415 18889 19749 I RobotCore: SHOOTER RPM1: 242.30990140081053
04-10 19:46:01.415 18889 19749 I RobotCore: SHOOTER RPM2: 263.2502632502633
04-10 19:46:01.425 18889 19749 I RobotCore: SHOOTER RPM1: 810.8108108108108
04-10 19:46:01.426 18889 19749 I RobotCore: SHOOTER RPM2: 868.7258687258687
04-10 19:46:01.436 18889 19749 I RobotCore: SHOOTER RPM1: 765.8189476371296
04-10 19:46:01.436 18889 19749 I RobotCore: SHOOTER RPM2: 909.4100003190913
04-10 19:46:01.447 18889 19749 I RobotCore: SHOOTER RPM1: 1531.637895274259
04-10 19:46:01.447 18889 19749 I RobotCore: SHOOTER RPM2: 1675.2289479562207
04-10 19:46:01.458 18889 19749 I RobotCore: SHOOTER RPM1: 957.2736845464118
04-10 19:46:01.458 18889 19749 I RobotCore: SHOOTER RPM2: 1005.1373687737324
04-10 19:46:01.469 18889 19749 I RobotCore: SHOOTER RPM1: 430.7731580458854
04-10 19:46:01.469 18889 19749 I RobotCore: SHOOTER RPM2: 478.6368422732059
04-10 19:46:01.479 18889 19749 I RobotCore: SHOOTER RPM1: 868.7258687258687
04-10 19:46:01.480 18889 19749 I RobotCore: SHOOTER RPM2: 984.5559845559845
04-10 19:46:01.490 18889 19749 I RobotCore: SHOOTER RPM1: 1340.1831583649764
04-10 19:46:01.491 18889 19749 I RobotCore: SHOOTER RPM2: 1435.9105268196176
04-10 19:46:01.501 18889 19749 I RobotCore: SHOOTER RPM1: 909.4100003190913
04-10 19:46:01.501 18889 19749 I RobotCore: SHOOTER RPM2: 1005.1373687737324
04-10 19:46:01.512 18889 19749 I RobotCore: SHOOTER RPM1: 463.3204633204633
04-10 19:46:01.512 18889 19749 I RobotCore: SHOOTER RPM2: 463.3204633204633
04-10 19:46:01.522 18889 19749 I RobotCore: SHOOTER RPM1: 1053.0010530010532
04-10 19:46:01.522 18889 19749 I RobotCore: SHOOTER RPM2: 1196.592105683015
04-10 19:46:01.533 18889 19749 I RobotCore: SHOOTER RPM1: 1340.1831583649764
04-10 19:46:01.533 18889 19749 I RobotCore: SHOOTER RPM2: 1435.9105268196176
04-10 19:46:01.545 18889 19749 I RobotCore: SHOOTER RPM1: 957.2736845464118
04-10 19:46:01.545 18889 19749 I RobotCore: SHOOTER RPM2: 1053.0010530010532
04-10 19:46:01.556 18889 19749 I RobotCore: SHOOTER RPM1: 478.6368422732059
04-10 19:46:01.556 18889 19749 I RobotCore: SHOOTER RPM2: 478.6368422732059
04-10 19:46:01.567 18889 19749 I RobotCore: SHOOTER RPM1: 1005.4697554697558
04-10 19:46:01.567 18889 19749 I RobotCore: SHOOTER RPM2: 1126.1261261261266
04-10 19:46:01.577 18889 19749 I RobotCore: SHOOTER RPM1: 521.2355212355212
04-10 19:46:01.577 18889 19749 I RobotCore: SHOOTER RPM2: 521.2355212355212
04-10 19:46:01.588 18889 19749 I RobotCore: SHOOTER RPM1: 1435.9105268196176
04-10 19:46:01.588 18889 19749 I RobotCore: SHOOTER RPM2: 1627.3652637289003
04-10 19:46:01.635 18889 19749 I RobotCore: SHOOTER RPM1: 806.1776061776063
04-10 19:46:01.635 18889 19749 I RobotCore: SHOOTER RPM2: 840.0
04-10 19:46:01.646 18889 19749 I RobotCore: SHOOTER RPM1: 31.909122818213728
04-10 19:46:01.646 18889 19749 I RobotCore: SHOOTER RPM2: 31.909122818213728
04-10 19:46:01.657 18889 19749 I RobotCore: SHOOTER RPM1: 1505.7915057915059
04-10 19:46:01.657 18889 19749 I RobotCore: SHOOTER RPM2: 1679.5366795366795
04-10 19:46:01.668 18889 19749 I RobotCore: SHOOTER RPM1: 813.6826318644502
04-10 19:46:01.668 18889 19749 I RobotCore: SHOOTER RPM2: 909.4100003190913
04-10 19:46:01.678 18889 19749 I RobotCore: SHOOTER RPM1: 287.18210536392354
04-10 19:46:01.678 18889 19749 I RobotCore: SHOOTER RPM2: 287.18210536392354
04-10 19:46:01.689 18889 19749 I RobotCore: SHOOTER RPM1: 1737.4517374517375
04-10 19:46:01.689 18889 19749 I RobotCore: SHOOTER RPM2: 1969.111969111969
04-10 19:46:01.699 18889 19749 I RobotCore: SHOOTER RPM1: 957.2736845464118
04-10 19:46:01.699 18889 19749 I RobotCore: SHOOTER RPM2: 957.2736845464118
04-10 19:46:01.710 18889 19749 I RobotCore: SHOOTER RPM1: 622.2278949551677
04-10 19:46:01.710 18889 19749 I RobotCore: SHOOTER RPM2: 717.9552634098088
04-10 19:46:01.721 18889 19749 I RobotCore: SHOOTER RPM1: 670.0915791824882
04-10 19:46:01.721 18889 19749 I RobotCore: SHOOTER RPM2: 717.9552634098088
04-10 19:46:01.732 18889 19749 I RobotCore: SHOOTER RPM1: 1531.637895274259
04-10 19:46:01.732 18889 19749 I RobotCore: SHOOTER RPM2: 1723.0926321835416
04-10 19:46:01.743 18889 19749 I RobotCore: SHOOTER RPM1: 926.6409266409266
04-10 19:46:01.743 18889 19749 I RobotCore: SHOOTER RPM2: 984.5559845559845
04-10 19:46:01.753 18889 19749 I RobotCore: SHOOTER RPM1: 670.0915791824882
04-10 19:46:01.753 18889 19749 I RobotCore: SHOOTER RPM2: 765.8189476371296
04-10 19:46:01.764 18889 19749 I RobotCore: SHOOTER RPM1: 1244.4557899103354
04-10 19:46:01.764 18889 19749 I RobotCore: SHOOTER RPM2: 1340.1831583649764
04-10 19:46:01.774 18889 19749 I RobotCore: SHOOTER RPM1: 752.8957528957529
04-10 19:46:01.774 18889 19749 I RobotCore: SHOOTER RPM2: 868.7258687258687
04-10 19:46:01.785 18889 19749 I RobotCore: SHOOTER RPM1: 765.8189476371296
04-10 19:46:01.785 18889 19749 I RobotCore: SHOOTER RPM2: 861.5463160917708
04-10 19:46:01.795 18889 19749 I RobotCore: SHOOTER RPM1: 1216.2162162162163
04-10 19:46:01.795 18889 19749 I RobotCore: SHOOTER RPM2: 1274.131274131274
04-10 19:46:01.806 18889 19749 I RobotCore: SHOOTER RPM1: 813.6826318644502
04-10 19:46:01.806 18889 19749 I RobotCore: SHOOTER RPM2: 909.4100003190913
04-10 19:46:01.816 18889 19749 I RobotCore: SHOOTER RPM1: 1274.131274131274
04-10 19:46:01.817 18889 19749 I RobotCore: SHOOTER RPM2: 1332.046332046332
04-10 19:46:01.827 18889 19749 I RobotCore: SHOOTER RPM1: 765.8189476371296
04-10 19:46:01.827 18889 19749 I RobotCore: SHOOTER RPM2: 909.4100003190913
04-10 19:46:01.839 18889 19749 I RobotCore: SHOOTER RPM1: 603.2818532818534
04-10 19:46:01.839 18889 19749 I RobotCore: SHOOTER RPM2: 643.5006435006436
04-10 19:46:01.850 18889 19749 I RobotCore: SHOOTER RPM1: 670.0915791824882
04-10 19:46:01.850 18889 19749 I RobotCore: SHOOTER RPM2: 717.9552634098088
04-10 19:46:01.861 18889 19749 I RobotCore: SHOOTER RPM1: 813.6826318644502
04-10 19:46:01.861 18889 19749 I RobotCore: SHOOTER RPM2: 909.4100003190913
04-10 19:46:01.871 18889 19749 I RobotCore: SHOOTER RPM1: 868.7258687258687
04-10 19:46:01.871 18889 19749 I RobotCore: SHOOTER RPM2: 926.6409266409266
04-10 19:46:01.917 18889 19749 I RobotCore: SHOOTER RPM1: 186.11644320529012
04-10 19:46:01.917 18889 19749 I RobotCore: SHOOTER RPM2: 205.27548882936412
04-10 19:46:01.928 18889 19749 I RobotCore: SHOOTER RPM1: 1244.4557899103354
04-10 19:46:01.928 18889 19749 I RobotCore: SHOOTER RPM2: 1388.0468425922973
04-10 19:46:01.938 18889 19749 I RobotCore: SHOOTER RPM1: 1853.2818532818533
04-10 19:46:01.938 18889 19749 I RobotCore: SHOOTER RPM2: 1969.111969111969
04-10 19:46:01.949 18889 19749 I RobotCore: SHOOTER RPM1: 287.18210536392354
04-10 19:46:01.949 18889 19749 I RobotCore: SHOOTER RPM2: 287.18210536392354
04-10 19:46:01.960 18889 19749 I RobotCore: SHOOTER RPM1: 1505.7915057915059
04-10 19:46:01.960 18889 19749 I RobotCore: SHOOTER RPM2: 1679.5366795366795
04-10 19:46:01.971 18889 19749 I RobotCore: SHOOTER RPM1: 804.3758043758046
04-10 19:46:01.971 18889 19749 I RobotCore: SHOOTER RPM2: 884.8133848133851
04-10 19:46:01.982 18889 19749 I RobotCore: SHOOTER RPM1: 0.0
04-10 19:46:01.982 18889 19749 I RobotCore: SHOOTER RPM2: 0.0
04-10 19:46:01.993 18889 19749 I RobotCore: SHOOTER RPM1: 1818.8200006381826
04-10 19:46:01.993 18889 19749 I RobotCore: SHOOTER RPM2: 1909.0909090909092
04-10 19:46:02.003 18889 19749 I RobotCore: SHOOTER RPM1: 1042.4710424710424
04-10 19:46:02.004 18889 19749 I RobotCore: SHOOTER RPM2: 1100.3861003861005
04-10 19:46:02.014 18889 19749 I RobotCore: SHOOTER RPM1: 1196.592105683015
04-10 19:46:02.014 18889 19749 I RobotCore: SHOOTER RPM2: 1340.1831583649764
04-10 19:46:02.025 18889 19749 I RobotCore: SHOOTER RPM1: 0.0
04-10 19:46:02.025 18889 19749 I RobotCore: SHOOTER RPM2: 0.0
04-10 19:46:02.035 18889 19749 I RobotCore: SHOOTER RPM1: 1053.0010530010532
04-10 19:46:02.035 18889 19749 I RobotCore: SHOOTER RPM2: 1100.8647372283738
04-10 19:46:02.046 18889 19749 I RobotCore: SHOOTER RPM1: 1621.6216216216217
04-10 19:46:02.046 18889 19749 I RobotCore: SHOOTER RPM2: 1795.3667953667953
04-10 19:46:02.057 18889 19749 I RobotCore: SHOOTER RPM1: 764.1570141570143
04-10 19:46:02.057 18889 19749 I RobotCore: SHOOTER RPM2: 844.5945945945947
04-10 19:46:02.068 18889 19749 I RobotCore: SHOOTER RPM1: 810.8108108108108
04-10 19:46:02.068 18889 19749 I RobotCore: SHOOTER RPM2: 926.6409266409266
04-10 19:46:02.078 18889 19749 I RobotCore: SHOOTER RPM1: 1053.0010530010532
04-10 19:46:02.078 18889 19749 I RobotCore: SHOOTER RPM2: 1148.7284214556942
04-10 19:46:02.089 18889 19749 I RobotCore: SHOOTER RPM1: 670.0915791824882
04-10 19:46:02.089 18889 19749 I RobotCore: SHOOTER RPM2: 765.8189476371296
04-10 19:46:02.130 18889 19749 I RobotCore: SHOOTER RPM1: 732.046332046332
04-10 19:46:02.131 18889 19749 I RobotCore: SHOOTER RPM2: 787.6447876447877
04-10 19:46:02.141 18889 19749 I RobotCore: SHOOTER RPM1: 95.33342866676202
04-10 19:46:02.141 18889 19749 I RobotCore: SHOOTER RPM2: 103.27788105565884
04-10 19:46:02.152 18889 19749 I RobotCore: SHOOTER RPM1: 984.5559845559845
04-10 19:46:02.152 18889 19749 I RobotCore: SHOOTER RPM2: 1100.3861003861005
04-10 19:46:02.162 18889 19749 I RobotCore: SHOOTER RPM1: 574.3642107278471
04-10 19:46:02.162 18889 19749 I RobotCore: SHOOTER RPM2: 670.0915791824882
04-10 19:46:02.173 18889 19749 I RobotCore: SHOOTER RPM1: 1795.3667953667953
04-10 19:46:02.173 18889 19749 I RobotCore: SHOOTER RPM2: 1969.111969111969
04-10 19:46:02.183 18889 19749 I RobotCore: SHOOTER RPM1: 574.3642107278471
04-10 19:46:02.183 18889 19749 I RobotCore: SHOOTER RPM2: 574.3642107278471
04-10 19:46:02.194 18889 19749 I RobotCore: SHOOTER RPM1: 0.0
04-10 19:46:02.194 18889 19749 I RobotCore: SHOOTER RPM2: 0.0
04-10 19:46:02.204 18889 19749 I RobotCore: SHOOTER RPM1: 2027.027027027027
04-10 19:46:02.204 18889 19749 I RobotCore: SHOOTER RPM2: 2100.0
04-10 19:46:02.215 18889 19749 I RobotCore: SHOOTER RPM1: 717.9552634098088
04-10 19:46:02.215 18889 19749 I RobotCore: SHOOTER RPM2: 765.8189476371296
04-10 19:46:02.226 18889 19749 I RobotCore: SHOOTER RPM1: 861.5463160917708
04-10 19:46:02.226 18889 19749 I RobotCore: SHOOTER RPM2: 957.2736845464118
04-10 19:46:02.237 18889 19749 I RobotCore: SHOOTER RPM1: 694.980694980695
04-10 19:46:02.237 18889 19749 I RobotCore: SHOOTER RPM2: 752.8957528957529
04-10 19:46:02.247 18889 19749 I RobotCore: SHOOTER RPM1: 1005.1373687737324
04-10 19:46:02.247 18889 19749 I RobotCore: SHOOTER RPM2: 1053.0010530010532
04-10 19:46:02.258 18889 19749 I RobotCore: SHOOTER RPM1: 1340.1831583649764
04-10 19:46:02.258 18889 19749 I RobotCore: SHOOTER RPM2: 1483.7742110469383
04-10 19:46:02.268 18889 19749 I RobotCore: SHOOTER RPM1: 347.4903474903475
04-10 19:46:02.268 18889 19749 I RobotCore: SHOOTER RPM2: 463.3204633204633
04-10 19:46:02.279 18889 19749 I RobotCore: SHOOTER RPM1: 909.4100003190913
04-10 19:46:02.279 18889 19749 I RobotCore: SHOOTER RPM2: 957.2736845464118
04-10 19:46:02.290 18889 19749 I RobotCore: SHOOTER RPM1: 810.8108108108108
04-10 19:46:02.290 18889 19749 I RobotCore: SHOOTER RPM2: 926.6409266409266
04-10 19:46:02.300 18889 19749 I RobotCore: SHOOTER RPM1: 861.5463160917708
04-10 19:46:02.300 18889 19749 I RobotCore: SHOOTER RPM2: 909.4100003190913
04-10 19:46:02.312 18889 19749 I RobotCore: SHOOTER RPM1: 1126.1261261261266
04-10 19:46:02.312 18889 19749 I RobotCore: SHOOTER RPM2: 1246.7824967824972
04-10 19:46:02.324 18889 19749 I RobotCore: SHOOTER RPM1: 925.0321750321751
04-10 19:46:02.324 18889 19749 I RobotCore: SHOOTER RPM2: 1045.688545688546
04-10 19:46:02.335 18889 19749 I RobotCore: SHOOTER RPM1: 752.8957528957529
04-10 19:46:02.335 18889 19749 I RobotCore: SHOOTER RPM2: 810.8108108108108
04-10 19:46:02.346 18889 19749 I RobotCore: SHOOTER RPM1: 1005.4697554697558
04-10 19:46:02.346 18889 19749 I RobotCore: SHOOTER RPM2: 1085.9073359073361
04-10 19:46:02.357 18889 19749 I RobotCore: SHOOTER RPM1: 765.8189476371296
04-10 19:46:02.357 18889 19749 I RobotCore: SHOOTER RPM2: 813.6826318644502
04-10 19:46:02.368 18889 19749 I RobotCore: SHOOTER RPM1: 813.6826318644502
04-10 19:46:02.368 18889 19749 I RobotCore: SHOOTER RPM2: 909.4100003190913
04-10 19:46:13.128 18889 19276 V Robocol : received command: CMD_INIT_OP_MODE(20718) $Stop$Robot$
04-10 19:46:13.132 18889 19749 V RobotCore: thread: ...terminating 'LinearOpMode main'
04-10 19:46:13.133 18889 19746 V RobotCore: waiting for service user linear op mode
04-10 19:46:13.134 18889 19746 V RobotCore: awaitTermination returned, isTerminated=true
04-10 19:46:13.134 18889 19746 V RobotCore: executive service user linear op mode is terminated
04-10 19:46:13.135 18889 19746 I RobotCore: Attempting to switch to op mode $Stop$Robot$
04-10 19:46:13.243 18889 19285 V Robocol : sending CMD_INIT_OP_MODE_RESP(11589), attempt: 0
04-10 19:46:13.248 18889 19276 V Robocol : received command: CMD_INIT_OP_MODE_RESP(11589) $Stop$Robot$
04-10 19:46:13.249 18889 19276 V Robocol : received command: CMD_RUN_OP_MODE(20724) $Stop$Robot$
04-10 19:46:13.324 18889 19285 V Robocol : sending CMD_RUN_OP_MODE_RESP(11595), attempt: 0
04-10 19:46:13.328 18889 19276 V Robocol : received command: CMD_RUN_OP_MODE_RESP(11595) $Stop$Robot$
04-10 19:46:24.506 18889 19729 E FTDI_Device::: UsbConnection.requestWait() == null
04-10 19:46:24.507 18889 19744 E FTDI_Device::: UsbConnection.requestWait() == null
04-10 19:46:24.508 18889 19735 E FTDI_Device::: UsbConnection.requestWait() == null
04-10 19:46:24.510 18889 19732 E FTDI_Device::: UsbConnection.requestWait() == null
04-10 19:46:24.511 18889 18889 D UsbDeviceConnectionJNI: close
04-10 19:46:24.511 18889 19728 D ProcessRequestThread::: Device has been closed.
04-10 19:46:24.511 18889 19728 W System.err: java.lang.InterruptedException
04-10 19:46:24.511 18889 19728 W System.err: 	at java.util.concurrent.locks.AbstractQueuedSynchronizer.doAcquireSharedInterruptibly(AbstractQueuedSynchronizer.java:972)
04-10 19:46:24.512 18889 19728 W System.err: 	at java.util.concurrent.locks.AbstractQueuedSynchronizer.acquireSharedInterruptibly(AbstractQueuedSynchronizer.java:1278)
04-10 19:46:24.512 18889 19728 W System.err: 	at java.util.concurrent.Semaphore.acquire(Semaphore.java:284)
04-10 19:46:24.512 18889 19728 W System.err: 	at com.ftdi.j2xx.ProcessInCtrl.acquireReadableBuffer(FT_Device.java:2294)
04-10 19:46:24.512 18889 19728 W System.err: 	at com.ftdi.j2xx.ProcessRequestWorker.run(FT_Device.java:2764)
04-10 19:46:24.512 18889 19728 W System.err: 	at java.lang.Thread.run(Thread.java:818)
04-10 19:46:24.512 18889 19727 D BulkIn::: Stop BulkIn thread
04-10 19:46:24.512 18889 19727 W System.err: java.lang.NullPointerException: Attempt to invoke virtual method 'int com.ftdi.j2xx.D2xxManager$DriverParameters.getBufferNumber()' on a null object reference
04-10 19:46:24.512 18889 19727 W System.err: 	at com.ftdi.j2xx.ProcessInCtrl.releaseWritableBuffers(FT_Device.java:2672)
04-10 19:46:24.512 18889 19727 W System.err: 	at com.ftdi.j2xx.BulkInWorker.run(FT_Device.java:2879)
04-10 19:46:24.512 18889 19727 W System.err: 	at java.lang.Thread.run(Thread.java:818)
04-10 19:46:24.513 18889 19729 W RobotCore: could not write to Modern Robotics USB Servo Controller [AL00VST0]: FTDI Null Pointer Exception
04-10 19:46:24.513 18889 19729 E RobotCore: java.lang.NullPointerException: Attempt to invoke interface method 'void java.util.concurrent.locks.Lock.unlock()' on a null object reference
04-10 19:46:24.513 18889 19729 E RobotCore: com.ftdi.j2xx.ProcessInCtrl.readBulkInData(FT_Device.java:2520)
04-10 19:46:24.513 18889 19729 E RobotCore: com.ftdi.j2xx.FT_Device.read(FT_Device.java:666)
04-10 19:46:24.513 18889 19729 E RobotCore: com.qualcomm.robotcore.hardware.usb.ftdi.RobotUsbDeviceFtdi.read(RobotUsbDeviceFtdi.java:199)
04-10 19:46:24.513 18889 19729 E RobotCore: com.qualcomm.robotcore.hardware.usb.ftdi.RobotUsbDeviceFtdi.read(RobotUsbDeviceFtdi.java:176)
04-10 19:46:24.513 18889 19729 E RobotCore: com.qualcomm.modernrobotics.ReadWriteRunnableUsbHandler.a(SourceFile:77)
04-10 19:46:24.513 18889 19729 E RobotCore: com.qualcomm.modernrobotics.ReadWriteRunnableUsbHandler.read(SourceFile:66)
04-10 19:46:24.514 18889 19729 E RobotCore: com.qualcomm.hardware.modernrobotics.ReadWriteRunnableStandard$1.run(ReadWriteRunnableStandard.java:343)
04-10 19:46:24.514 18889 19729 E RobotCore: com.qualcomm.robotcore.util.ThreadPool.logThreadLifeCycle(ThreadPool.java:513)
04-10 19:46:24.514 18889 19729 E RobotCore: com.qualcomm.hardware.modernrobotics.ReadWriteRunnableStandard.run(ReadWriteRunnableStandard.java:302)
04-10 19:46:24.514 18889 19729 E RobotCore: java.util.concurrent.ThreadPoolExecutor.runWorker(ThreadPoolExecutor.java:1113)
04-10 19:46:24.514 18889 19729 E RobotCore: java.util.concurrent.ThreadPoolExecutor$Worker.run(ThreadPoolExecutor.java:588)
04-10 19:46:24.514 18889 19729 E RobotCore: java.lang.Thread.run(Thread.java:818)
04-10 19:46:24.514 18889 19729 V RobotCore: thread: ...terminating 'r/w loop: Modern Robotics USB Servo Controller [AL00VST0]'
04-10 19:46:24.518 18889 18889 D UsbDeviceConnectionJNI: close
04-10 19:46:24.518 18889 19743 D ProcessRequestThread::: Device has been closed.
04-10 19:46:24.518 18889 19743 W System.err: java.lang.InterruptedException
04-10 19:46:24.519 18889 19743 W System.err: 	at java.util.concurrent.locks.AbstractQueuedSynchronizer.doAcquireSharedInterruptibly(AbstractQueuedSynchronizer.java:972)
04-10 19:46:24.519 18889 19743 W System.err: 	at java.util.concurrent.locks.AbstractQueuedSynchronizer.acquireSharedInterruptibly(AbstractQueuedSynchronizer.java:1278)
04-10 19:46:24.519 18889 19743 W System.err: 	at java.util.concurrent.Semaphore.acquire(Semaphore.java:284)
04-10 19:46:24.519 18889 19743 W System.err: 	at com.ftdi.j2xx.ProcessInCtrl.acquireReadableBuffer(FT_Device.java:2294)
04-10 19:46:24.519 18889 19743 W System.err: 	at com.ftdi.j2xx.ProcessRequestWorker.run(FT_Device.java:2764)
04-10 19:46:24.519 18889 19743 W System.err: 	at java.lang.Thread.run(Thread.java:818)
04-10 19:46:24.519 18889 19744 W RobotCore: could not write to Modern Robotics USB DC Motor Controller [AL00VBIF]: FTDI Null Pointer Exception
04-10 19:46:24.519 18889 19744 E RobotCore: java.lang.NullPointerException: Attempt to invoke interface method 'void java.util.concurrent.locks.Lock.unlock()' on a null object reference
04-10 19:46:24.519 18889 19744 E RobotCore: com.ftdi.j2xx.ProcessInCtrl.readBulkInData(FT_Device.java:2520)
04-10 19:46:24.519 18889 19744 E RobotCore: com.ftdi.j2xx.FT_Device.read(FT_Device.java:666)
04-10 19:46:24.519 18889 19744 E RobotCore: com.qualcomm.robotcore.hardware.usb.ftdi.RobotUsbDeviceFtdi.read(RobotUsbDeviceFtdi.java:199)
04-10 19:46:24.519 18889 19744 E RobotCore: com.qualcomm.robotcore.hardware.usb.ftdi.RobotUsbDeviceFtdi.read(RobotUsbDeviceFtdi.java:176)
04-10 19:46:24.519 18889 19744 E RobotCore: com.qualcomm.modernrobotics.ReadWriteRunnableUsbHandler.a(SourceFile:77)
04-10 19:46:24.519 18889 19744 E RobotCore: com.qualcomm.modernrobotics.ReadWriteRunnableUsbHandler.read(SourceFile:66)
04-10 19:46:24.519 18889 19744 E RobotCore: com.qualcomm.hardware.modernrobotics.ReadWriteRunnableStandard$1.run(ReadWriteRunnableStandard.java:343)
04-10 19:46:24.519 18889 19744 E RobotCore: com.qualcomm.robotcore.util.ThreadPool.logThreadLifeCycle(ThreadPool.java:513)
04-10 19:46:24.519 18889 19744 E RobotCore: com.qualcomm.hardware.modernrobotics.ReadWriteRunnableStandard.run(ReadWriteRunnableStandard.java:302)
04-10 19:46:24.519 18889 19744 E RobotCore: java.util.concurrent.ThreadPoolExecutor.runWorker(ThreadPoolExecutor.java:1113)
04-10 19:46:24.519 18889 19744 E RobotCore: java.util.concurrent.ThreadPoolExecutor$Worker.run(ThreadPoolExecutor.java:588)
04-10 19:46:24.519 18889 19744 E RobotCore: java.lang.Thread.run(Thread.java:818)
04-10 19:46:24.519 18889 19742 D BulkIn::: Stop BulkIn thread
04-10 19:46:24.519 18889 19742 W System.err: java.lang.NullPointerException: Attempt to invoke virtual method 'int com.ftdi.j2xx.D2xxManager$DriverParameters.getBufferNumber()' on a null object reference
04-10 19:46:24.519 18889 19742 W System.err: 	at com.ftdi.j2xx.ProcessInCtrl.releaseWritableBuffers(FT_Device.java:2672)
04-10 19:46:24.519 18889 19744 V RobotCore: thread: ...terminating 'r/w loop: Modern Robotics USB DC Motor Controller [AL00VBIF]'
04-10 19:46:24.520 18889 19742 W System.err: 	at com.ftdi.j2xx.BulkInWorker.run(FT_Device.java:2879)
04-10 19:46:24.520 18889 19742 W System.err: 	at java.lang.Thread.run(Thread.java:818)
04-10 19:46:24.529 18889 18889 D UsbDeviceConnectionJNI: close
04-10 19:46:24.529 18889 19740 D ProcessRequestThread::: Device has been closed.
04-10 19:46:24.530 18889 19740 W System.err: java.lang.InterruptedException
04-10 19:46:24.530 18889 19740 W System.err: 	at java.util.concurrent.locks.AbstractQueuedSynchronizer.doAcquireSharedInterruptibly(AbstractQueuedSynchronizer.java:972)
04-10 19:46:24.530 18889 19740 W System.err: 	at java.util.concurrent.locks.AbstractQueuedSynchronizer.acquireSharedInterruptibly(AbstractQueuedSynchronizer.java:1278)
04-10 19:46:24.530 18889 19740 W System.err: 	at java.util.concurrent.Semaphore.acquire(Semaphore.java:284)
04-10 19:46:24.530 18889 19740 W System.err: 	at com.ftdi.j2xx.ProcessInCtrl.acquireReadableBuffer(FT_Device.java:2294)
04-10 19:46:24.530 18889 19740 W System.err: 	at com.ftdi.j2xx.ProcessRequestWorker.run(FT_Device.java:2764)
04-10 19:46:24.530 18889 19740 W System.err: 	at java.lang.Thread.run(Thread.java:818)
04-10 19:46:24.531 18889 19739 D BulkIn::: Stop BulkIn thread
04-10 19:46:24.531 18889 19739 W System.err: java.lang.NullPointerException: Attempt to invoke virtual method 'int com.ftdi.j2xx.D2xxManager$DriverParameters.getBufferNumber()' on a null object reference
04-10 19:46:24.531 18889 19739 W System.err: 	at com.ftdi.j2xx.ProcessInCtrl.releaseWritableBuffers(FT_Device.java:2672)
04-10 19:46:24.531 18889 19739 W System.err: 	at com.ftdi.j2xx.BulkInWorker.run(FT_Device.java:2879)
04-10 19:46:24.531 18889 19739 W System.err: 	at java.lang.Thread.run(Thread.java:818)
04-10 19:46:24.532 18889 19741 W RobotCore: could not write to Modern Robotics USB DC Motor Controller [AI049QOP]: FTDI Null Pointer Exception
04-10 19:46:24.532 18889 19741 E RobotCore: java.lang.NullPointerException: Attempt to invoke interface method 'void java.util.concurrent.locks.Lock.unlock()' on a null object reference
04-10 19:46:24.532 18889 19741 E RobotCore: com.ftdi.j2xx.ProcessInCtrl.readBulkInData(FT_Device.java:2520)
04-10 19:46:24.532 18889 19741 E RobotCore: com.ftdi.j2xx.FT_Device.read(FT_Device.java:666)
04-10 19:46:24.532 18889 19741 E RobotCore: com.qualcomm.robotcore.hardware.usb.ftdi.RobotUsbDeviceFtdi.read(RobotUsbDeviceFtdi.java:199)
04-10 19:46:24.532 18889 19741 E RobotCore: com.qualcomm.robotcore.hardware.usb.ftdi.RobotUsbDeviceFtdi.read(RobotUsbDeviceFtdi.java:176)
04-10 19:46:24.532 18889 19741 E RobotCore: com.qualcomm.modernrobotics.ReadWriteRunnableUsbHandler.a(SourceFile:89)
04-10 19:46:24.532 18889 19741 E RobotCore: com.qualcomm.modernrobotics.ReadWriteRunnableUsbHandler.read(SourceFile:66)
04-10 19:46:24.532 18889 19741 E RobotCore: com.qualcomm.hardware.modernrobotics.ReadWriteRunnableStandard$1.run(ReadWriteRunnableStandard.java:343)
04-10 19:46:24.532 18889 19741 E RobotCore: com.qualcomm.robotcore.util.ThreadPool.logThreadLifeCycle(ThreadPool.java:513)
04-10 19:46:24.532 18889 19741 E RobotCore: com.qualcomm.hardware.modernrobotics.ReadWriteRunnableStandard.run(ReadWriteRunnableStandard.java:302)
04-10 19:46:24.532 18889 19741 E RobotCore: java.util.concurrent.ThreadPoolExecutor.runWorker(ThreadPoolExecutor.java:1113)
04-10 19:46:24.532 18889 19741 E RobotCore: java.util.concurrent.ThreadPoolExecutor$Worker.run(ThreadPoolExecutor.java:588)
04-10 19:46:24.532 18889 19741 E RobotCore: java.lang.Thread.run(Thread.java:818)
04-10 19:46:24.533 18889 19741 V RobotCore: thread: ...terminating 'r/w loop: Modern Robotics USB DC Motor Controller [AI049QOP]'
04-10 19:46:24.534 18889 18889 D UsbDeviceConnectionJNI: close
04-10 19:46:24.535 18889 18889 D UsbDeviceConnectionJNI: close
04-10 19:46:24.535 18889 19737 D ProcessRequestThread::: Device has been closed.
04-10 19:46:24.535 18889 19737 W System.err: java.lang.InterruptedException
04-10 19:46:24.535 18889 19737 W System.err: 	at java.util.concurrent.locks.AbstractQueuedSynchronizer.doAcquireSharedInterruptibly(AbstractQueuedSynchronizer.java:972)
04-10 19:46:24.535 18889 19737 W System.err: 	at java.util.concurrent.locks.AbstractQueuedSynchronizer.acquireSharedInterruptibly(AbstractQueuedSynchronizer.java:1278)
04-10 19:46:24.535 18889 19737 W System.err: 	at java.util.concurrent.Semaphore.acquire(Semaphore.java:284)
04-10 19:46:24.535 18889 19737 W System.err: 	at com.ftdi.j2xx.ProcessInCtrl.acquireReadableBuffer(FT_Device.java:2294)
04-10 19:46:24.535 18889 18889 D UsbDeviceConnectionJNI: close
04-10 19:46:24.535 18889 19737 W System.err: 	at com.ftdi.j2xx.ProcessRequestWorker.run(FT_Device.java:2764)
04-10 19:46:24.536 18889 19734 D ProcessRequestThread::: Device has been closed.
04-10 19:46:24.536 18889 19731 D ProcessRequestThread::: Device has been closed.
04-10 19:46:24.536 18889 19733 D BulkIn::: Stop BulkIn thread
04-10 19:46:24.536 18889 19738 W RobotCore: could not write to Modern Robotics USB DC Motor Controller [AL00VWH0]: FTDI Null Pointer Exception
04-10 19:46:24.536 18889 19738 E RobotCore: java.lang.NullPointerException: Attempt to invoke interface method 'void java.util.concurrent.locks.Lock.unlock()' on a null object reference
04-10 19:46:24.536 18889 19738 E RobotCore: com.ftdi.j2xx.ProcessInCtrl.readBulkInData(FT_Device.java:2520)
04-10 19:46:24.536 18889 19738 E RobotCore: com.ftdi.j2xx.FT_Device.read(FT_Device.java:666)
04-10 19:46:24.536 18889 19738 E RobotCore: com.qualcomm.robotcore.hardware.usb.ftdi.RobotUsbDeviceFtdi.read(RobotUsbDeviceFtdi.java:199)
04-10 19:46:24.536 18889 19738 E RobotCore: com.qualcomm.robotcore.hardware.usb.ftdi.RobotUsbDeviceFtdi.read(RobotUsbDeviceFtdi.java:176)
04-10 19:46:24.536 18889 19738 E RobotCore: com.qualcomm.modernrobotics.ReadWriteRunnableUsbHandler.a(SourceFile:77)
04-10 19:46:24.536 18889 19738 E RobotCore: com.qualcomm.modernrobotics.ReadWriteRunnableUsbHandler.read(SourceFile:66)
04-10 19:46:24.536 18889 19732 W RobotCore: could not write to Modern Robotics USB Core Device Interface Module [AI02RHDJ]: FTDI Null Pointer Exception
04-10 19:46:24.536 18889 19738 E RobotCore: com.qualcomm.hardware.modernrobotics.ReadWriteRunnableStandard$1.run(ReadWriteRunnableStandard.java:343)
04-10 19:46:24.536 18889 19732 E RobotCore: java.lang.NullPointerException: Attempt to invoke interface method 'void java.util.concurrent.locks.Lock.unlock()' on a null object reference
04-10 19:46:24.536 18889 19738 E RobotCore: com.qualcomm.robotcore.util.ThreadPool.logThreadLifeCycle(ThreadPool.java:513)
04-10 19:46:24.536 18889 19738 E RobotCore: com.qualcomm.hardware.modernrobotics.ReadWriteRunnableStandard.run(ReadWriteRunnableStandard.java:302)
04-10 19:46:24.536 18889 19738 E RobotCore: java.util.concurrent.ThreadPoolExecutor.runWorker(ThreadPoolExecutor.java:1113)
04-10 19:46:24.536 18889 19738 E RobotCore: java.util.concurrent.ThreadPoolExecutor$Worker.run(ThreadPoolExecutor.java:588)
04-10 19:46:24.536 18889 19738 E RobotCore: java.lang.Thread.run(Thread.java:818)
04-10 19:46:24.537 18889 19732 E RobotCore: com.ftdi.j2xx.ProcessInCtrl.readBulkInData(FT_Device.java:2520)
04-10 19:46:24.537 18889 19732 E RobotCore: com.ftdi.j2xx.FT_Device.read(FT_Device.java:666)
04-10 19:46:24.537 18889 19732 E RobotCore: com.qualcomm.robotcore.hardware.usb.ftdi.RobotUsbDeviceFtdi.read(RobotUsbDeviceFtdi.java:199)
04-10 19:46:24.537 18889 19732 E RobotCore: com.qualcomm.robotcore.hardware.usb.ftdi.RobotUsbDeviceFtdi.read(RobotUsbDeviceFtdi.java:176)
04-10 19:46:24.537 18889 19732 E RobotCore: com.qualcomm.modernrobotics.ReadWriteRunnableUsbHandler.a(SourceFile:77)
04-10 19:46:24.537 18889 19732 E RobotCore: com.qualcomm.modernrobotics.ReadWriteRunnableUsbHandler.read(SourceFile:66)
04-10 19:46:24.537 18889 19732 E RobotCore: com.qualcomm.hardware.modernrobotics.ReadWriteRunnableStandard$1.run(ReadWriteRunnableStandard.java:343)
04-10 19:46:24.537 18889 19732 E RobotCore: com.qualcomm.robotcore.util.ThreadPool.logThreadLifeCycle(ThreadPool.java:513)
04-10 19:46:24.537 18889 19738 V RobotCore: thread: ...terminating 'r/w loop: Modern Robotics USB DC Motor Controller [AL00VWH0]'
04-10 19:46:24.537 18889 19732 E RobotCore: com.qualcomm.hardware.modernrobotics.ReadWriteRunnableStandard.run(ReadWriteRunnableStandard.java:302)
04-10 19:46:24.537 18889 19732 E RobotCore: java.util.concurrent.ThreadPoolExecutor.runWorker(ThreadPoolExecutor.java:1113)
04-10 19:46:24.537 18889 19732 E RobotCore: java.util.concurrent.ThreadPoolExecutor$Worker.run(ThreadPoolExecutor.java:588)
04-10 19:46:24.537 18889 19732 E RobotCore: java.lang.Thread.run(Thread.java:818)
04-10 19:46:24.537 18889 19732 V RobotCore: thread: ...terminating 'r/w loop: Modern Robotics USB Core Device Interface Module [AI02RHDJ]'
04-10 19:46:24.537 18889 19730 D BulkIn::: Stop BulkIn thread
04-10 19:46:24.537 18889 19735 W RobotCore: could not write to Modern Robotics USB DC Motor Controller [A104OQ1P]: FTDI Null Pointer Exception
04-10 19:46:24.537 18889 19735 E RobotCore: java.lang.NullPointerException: Attempt to invoke interface method 'void java.util.concurrent.locks.Lock.unlock()' on a null object reference
04-10 19:46:24.537 18889 19735 E RobotCore: com.ftdi.j2xx.ProcessInCtrl.readBulkInData(FT_Device.java:2520)
04-10 19:46:24.538 18889 19735 E RobotCore: com.ftdi.j2xx.FT_Device.read(FT_Device.java:666)
04-10 19:46:24.538 18889 19735 E RobotCore: com.qualcomm.robotcore.hardware.usb.ftdi.RobotUsbDeviceFtdi.read(RobotUsbDeviceFtdi.java:199)
04-10 19:46:24.538 18889 19735 E RobotCore: com.qualcomm.robotcore.hardware.usb.ftdi.RobotUsbDeviceFtdi.read(RobotUsbDeviceFtdi.java:176)
04-10 19:46:24.538 18889 19735 E RobotCore: com.qualcomm.modernrobotics.ReadWriteRunnableUsbHandler.a(SourceFile:77)
04-10 19:46:24.538 18889 19736 D BulkIn::: Stop BulkIn thread
04-10 19:46:24.538 18889 19735 E RobotCore: com.qualcomm.modernrobotics.ReadWriteRunnableUsbHandler.read(SourceFile:66)
04-10 19:46:24.538 18889 19735 E RobotCore: com.qualcomm.hardware.modernrobotics.ReadWriteRunnableStandard$1.run(ReadWriteRunnableStandard.java:343)
04-10 19:46:24.538 18889 19735 E RobotCore: com.qualcomm.robotcore.util.ThreadPool.logThreadLifeCycle(ThreadPool.java:513)
04-10 19:46:24.538 18889 19735 E RobotCore: com.qualcomm.hardware.modernrobotics.ReadWriteRunnableStandard.run(ReadWriteRunnableStandard.java:302)
04-10 19:46:24.538 18889 19735 E RobotCore: java.util.concurrent.ThreadPoolExecutor.runWorker(ThreadPoolExecutor.java:1113)
04-10 19:46:24.538 18889 19735 E RobotCore: java.util.concurrent.ThreadPoolExecutor$Worker.run(ThreadPoolExecutor.java:588)
04-10 19:46:24.538 18889 19735 E RobotCore: java.lang.Thread.run(Thread.java:818)
04-10 19:46:24.538 18889 19737 W System.err: 	at java.lang.Thread.run(Thread.java:818)
04-10 19:46:24.538 18889 19746 D RobotCore: system telemetry: key=$System$Warning$ msg="problem communicating with Modern Robotics USB DC Motor Controller [AL00VWH0]; problem communicating with Modern Robotics USB Core Device Interface Module [AI02RHDJ]; problem communicating with Modern Robotics USB DC Motor Controller [AI049QOP]; problem communicating with Modern Robotics USB DC Motor Controller [AL00VBIF]; problem communicating with Modern Robotics USB Servo Controller [AL00VST0]; problem communicating with Modern Robotics USB DC Motor Controller [A104OQ1P]"
04-10 19:46:24.539 18889 19735 V RobotCore: thread: ...terminating 'r/w loop: Modern Robotics USB DC Motor Controller [A104OQ1P]'
04-10 19:46:24.539 18889 19734 W System.err: java.lang.InterruptedException
04-10 19:46:24.539 18889 19746 V RobotCore: event loop: device has shutdown abnormally
04-10 19:46:24.539 18889 19746 V RobotCore: event loop: detaching device owner
04-10 19:46:24.539 18889 19733 W System.err: java.lang.NullPointerException: Attempt to invoke virtual method 'boolean com.ftdi.j2xx.InBuffer.acquired()' on a null object reference
04-10 19:46:24.539 18889 19746 I FIRST   : ======= MODULE DETACH RECOVERY: disarm Modern Robotics USB Servo Controller [AL00VST0]=======
04-10 19:46:24.539 18889 19746 D RobotCore: disarming modern servo controller "Modern Robotics USB Servo Controller [AL00VST0]"...
04-10 19:46:24.539 18889 19736 W System.err: 	at 	at java.util.concurrent.locks.AbstractQueuedSynchronizer.doAcquireSharedInterruptibly(AbstractQueuedSynchronizer.java:972)java.lang.NullPointerException: Attempt to invoke virtual method 'int com.ftdi.j2xx.D2xxManager$DriverParameters.getBufferNumber()' on a null object reference
04-10 19:46:24.539 18889 19746 V RobotCore: waiting for service ReadWriteRunnable for Modern Robotics USB Device
04-10 19:46:24.539 18889 19733 W System.err: com.ftdi.j2xx.ProcessInCtrl.releaseWritableBuffers(FT_Device.java:2675)
04-10 19:46:24.539 18889 19733 W System.err: 	at com.ftdi.j2xx.BulkInWorker.run(FT_Device.java:2879)
04-10 19:46:24.540 18889 19733 W System.err: 	at java.lang.Thread.run(Thread.java:818)
04-10 19:46:24.540 18889 19746 V RobotCore: awaitTermination returned, isTerminated=true
04-10 19:46:24.540 18889 19746 V RobotCore: executive service ReadWriteRunnable for Modern Robotics USB Device is terminated
04-10 19:46:24.540 18889 19734 W System.err: 	at java.util.concurrent.locks.AbstractQueuedSynchronizer.acquireSharedInterruptibly(AbstractQueuedSynchronizer.java:1278)
04-10 19:46:24.540 18889 19734 W System.err: 	at java.util.concurrent.Semaphore.acquire(Semaphore.java:284)
04-10 19:46:24.540 18889 19746 D RobotCore: ...disarming modern servo controller Modern Robotics USB Servo Controller [AL00VST0] complete
04-10 19:46:24.540 18889 19734 W System.err: 	at com.ftdi.j2xx.ProcessInCtrl.acquireReadableBuffer(FT_Device.java:2294)
04-10 19:46:24.540 18889 19734 W System.err: 	at com.ftdi.j2xx.ProcessRequestWorker.run(FT_Device.java:2764)
04-10 19:46:24.540 18889 19734 W System.err: 	at java.lang.Thread.run(Thread.java:818)
04-10 19:46:24.540 18889 19746 I FIRST   : ======= MODULE DETACH RECOVERY: pretend Modern Robotics USB Servo Controller [AL00VST0]=======
04-10 19:46:24.540 18889 19746 D RobotCore: arming modern servo controller Modern Robotics USB Servo Controller [AL00VST0] (pretend)...
04-10 19:46:24.540 18889 19746 V RobotCore: Starting up pretend device AL00VST0
04-10 19:46:24.541 18889 19731 W System.err: 	at java.lang.InterruptedException
04-10 19:46:24.541 18889 19730 W System.err: java.lang.NullPointerException: Attempt to invoke virtual method 'int com.ftdi.j2xx.D2xxManager$DriverParameters.getBufferNumber()' on a null object reference
04-10 19:46:24.541 18889 19730 W System.err: 	at com.ftdi.j2xx.ProcessInCtrl.releaseWritableBuffers(FT_Device.java:2672)
04-10 19:46:24.542 18889 19730 W System.err: 	at com.ftdi.j2xx.BulkInWorker.run(FT_Device.java:2879)
04-10 19:46:24.542 18889 19730 W System.err: 	at java.lang.Thread.run(Thread.java:818)
04-10 19:46:24.542 18889 19785 V RobotCore: thread: 'r/w loop: Modern Robotics USB Servo Controller [AL00VST0]' starting...
04-10 19:46:24.542 18889 19736 W System.err: 	at java.util.concurrent.locks.AbstractQueuedSynchronizer.doAcquireSharedInterruptibly(AbstractQueuedSynchronizer.java:972)com.ftdi.j2xx.ProcessInCtrl.releaseWritableBuffers(FT_Device.java:2672)
04-10 19:46:24.542 18889 19736 W System.err: 	at com.ftdi.j2xx.BulkInWorker.run(FT_Device.java:2879)
04-10 19:46:24.542 18889 19736 W System.err: 	at java.lang.Thread.run(Thread.java:818)
04-10 19:46:24.542 18889 19731 W System.err: 	at java.util.concurrent.locks.AbstractQueuedSynchronizer.acquireSharedInterruptibly(AbstractQueuedSynchronizer.java:1278)
04-10 19:46:24.544 18889 19746 D RobotCore: ...arming modern servo controller Modern Robotics USB Servo Controller [AL00VST0] complete
04-10 19:46:24.544 18889 19746 I FIRST   : ======= MODULE DETACH RECOVERY: complete Modern Robotics USB Servo Controller [AL00VST0]=======
04-10 19:46:24.544 18889 19746 V RobotCore: event loop: device has shutdown abnormally
04-10 19:46:24.544 18889 19746 V RobotCore: event loop: detaching device owner
04-10 19:46:24.544 18889 19746 I FIRST   : ======= MODULE DETACH RECOVERY: disarm Modern Robotics USB Core Device Interface Module [AI02RHDJ]=======
04-10 19:46:24.544 18889 19746 V RobotCore: waiting for service ReadWriteRunnable for Modern Robotics USB Device
04-10 19:46:24.551 18889 19731 W System.err: 	at java.util.concurrent.Semaphore.acquire(Semaphore.java:284)
04-10 19:46:24.551 18889 19731 W System.err: 	at com.ftdi.j2xx.ProcessInCtrl.acquireReadableBuffer(FT_Device.java:2294)
04-10 19:46:24.551 18889 19731 W System.err: 	at com.ftdi.j2xx.ProcessRequestWorker.run(FT_Device.java:2764)
04-10 19:46:24.551 18889 19731 W System.err: 	at java.lang.Thread.run(Thread.java:818)
04-10 19:46:24.552 18889 19746 V RobotCore: awaitTermination returned, isTerminated=true
04-10 19:46:24.552 18889 19746 V RobotCore: executive service ReadWriteRunnable for Modern Robotics USB Device is terminated
