02-09 22:44:07.993 11243 11352 I RobotCore: SHOOTER RPM1: 195.38817116671788
02-09 22:44:07.993 11243 11352 I RobotCore: SHOOTER RPM2: 195.38817116671788
02-09 22:44:08.004 11243 11352 I RobotCore: SHOOTER RPM1: 813.6826318644502
02-09 22:44:08.004 11243 11352 I RobotCore: SHOOTER RPM2: 813.6826318644502
02-09 22:44:08.015 11243 11352 I RobotCore: SHOOTER RPM1: 382.9094738185648
02-09 22:44:08.015 11243 11352 I RobotCore: SHOOTER RPM2: 430.7731580458854
02-09 22:44:08.026 11243 11352 I RobotCore: SHOOTER RPM1: 1675.2289479562207
02-09 22:44:08.026 11243 11352 I RobotCore: SHOOTER RPM2: 1627.3652637289003
02-09 22:44:08.039 11243 11352 I RobotCore: SHOOTER RPM1: 445.5004455004455
02-09 22:44:08.039 11243 11352 I RobotCore: SHOOTER RPM2: 445.5004455004455
02-09 22:44:08.050 11243 11352 I RobotCore: SHOOTER RPM1: 1388.0468425922973
02-09 22:44:08.050 11243 11352 I RobotCore: SHOOTER RPM2: 1388.0468425922973
02-09 22:44:08.061 11243 11352 I RobotCore: SHOOTER RPM1: 765.8189476371296
02-09 22:44:08.061 11243 11352 I RobotCore: SHOOTER RPM2: 813.6826318644502
02-09 22:44:08.072 11243 11352 I RobotCore: SHOOTER RPM1: 0.0
02-09 22:44:08.072 11243 11352 I RobotCore: SHOOTER RPM2: 0.0
02-09 22:44:08.083 11243 11352 I RobotCore: SHOOTER RPM1: 2488.911579820671
02-09 22:44:08.083 11243 11352 I RobotCore: SHOOTER RPM2: 2441.0478955933504
02-09 22:44:08.093 11243 11352 I RobotCore: SHOOTER RPM1: 0.0
02-09 22:44:08.093 11243 11352 I RobotCore: SHOOTER RPM2: 0.0
02-09 22:44:08.104 11243 11352 I RobotCore: SHOOTER RPM1: 1914.5473690928236
02-09 22:44:08.104 11243 11352 I RobotCore: SHOOTER RPM2: 1962.4110533201442
02-09 22:44:08.114 11243 11352 I RobotCore: SHOOTER RPM1: 1158.3011583011582
02-09 22:44:08.114 11243 11352 I RobotCore: SHOOTER RPM2: 1100.3861003861005
02-09 22:44:08.125 11243 11352 I RobotCore: SHOOTER RPM1: 0.0
02-09 22:44:08.125 11243 11352 I RobotCore: SHOOTER RPM2: 0.0
02-09 22:44:08.137 11243 11352 I RobotCore: SHOOTER RPM1: 1648.9703989703994
02-09 22:44:08.137 11243 11352 I RobotCore: SHOOTER RPM2: 1689.1891891891894
02-09 22:44:08.147 11243 11352 I RobotCore: SHOOTER RPM1: 0.0
02-09 22:44:08.147 11243 11352 I RobotCore: SHOOTER RPM2: 0.0
02-09 22:44:08.158 11243 11352 I RobotCore: SHOOTER RPM1: 1531.637895274259
02-09 22:44:08.158 11243 11352 I RobotCore: SHOOTER RPM2: 1531.637895274259
02-09 22:44:08.169 11243 11352 I RobotCore: SHOOTER RPM1: 1435.9105268196176
02-09 22:44:08.169 11243 11352 I RobotCore: SHOOTER RPM2: 1435.9105268196176
02-09 22:44:08.179 11243 11352 I RobotCore: SHOOTER RPM1: 810.8108108108108
02-09 22:44:08.179 11243 11352 I RobotCore: SHOOTER RPM2: 752.8957528957529
02-09 22:44:08.190 11243 11352 I RobotCore: SHOOTER RPM1: 1292.319474137656
02-09 22:44:08.190 11243 11352 I RobotCore: SHOOTER RPM2: 1292.319474137656
02-09 22:44:08.201 11243 11352 I RobotCore: SHOOTER RPM1: 909.4100003190913
02-09 22:44:08.201 11243 11352 I RobotCore: SHOOTER RPM2: 957.2736845464118
02-09 22:44:08.212 11243 11352 I RobotCore: SHOOTER RPM1: 765.8189476371296
02-09 22:44:08.212 11243 11352 I RobotCore: SHOOTER RPM2: 717.9552634098088
02-09 22:44:08.222 11243 11352 I RobotCore: SHOOTER RPM1: 1216.2162162162163
02-09 22:44:08.222 11243 11352 I RobotCore: SHOOTER RPM2: 1274.131274131274
02-09 22:44:08.233 11243 11352 I RobotCore: SHOOTER RPM1: 622.2278949551677
02-09 22:44:08.233 11243 11352 I RobotCore: SHOOTER RPM2: 622.2278949551677
02-09 22:44:08.244 11243 11352 I RobotCore: SHOOTER RPM1: 1447.8764478764479
02-09 22:44:08.244 11243 11352 I RobotCore: SHOOTER RPM2: 1447.8764478764479
02-09 22:44:08.261 11243 11352 I RobotCore: SHOOTER RPM1: 2010.2747375474648
02-09 22:44:08.261 11243 11352 I RobotCore: SHOOTER RPM2: 2010.2747375474648
02-09 22:44:08.272 11243 11352 I RobotCore: SHOOTER RPM1: 232.3752323752324
02-09 22:44:08.272 11243 11352 I RobotCore: SHOOTER RPM2: 232.3752323752324
02-09 22:44:08.283 11243 11352 I RobotCore: SHOOTER RPM1: 1196.592105683015
02-09 22:44:08.283 11243 11352 I RobotCore: SHOOTER RPM2: 1196.592105683015
02-09 22:44:08.294 11243 11352 I RobotCore: SHOOTER RPM1: 957.2736845464118
02-09 22:44:08.294 11243 11352 I RobotCore: SHOOTER RPM2: 957.2736845464118
02-09 22:44:08.304 11243 11352 I RobotCore: SHOOTER RPM1: 579.1505791505791
02-09 22:44:08.304 11243 11352 I RobotCore: SHOOTER RPM2: 579.1505791505791
02-09 22:44:08.315 11243 11352 I RobotCore: SHOOTER RPM1: 1435.9105268196176
02-09 22:44:08.315 11243 11352 I RobotCore: SHOOTER RPM2: 1483.7742110469383
02-09 22:44:08.326 11243 11352 I RobotCore: SHOOTER RPM1: 1053.0010530010532
02-09 22:44:08.326 11243 11352 I RobotCore: SHOOTER RPM2: 1053.0010530010532
02-09 22:44:08.337 11243 11352 I RobotCore: SHOOTER RPM1: 813.6826318644502
02-09 22:44:08.337 11243 11352 I RobotCore: SHOOTER RPM2: 765.8189476371296
02-09 22:44:08.347 11243 11352 I RobotCore: SHOOTER RPM1: 926.6409266409266
02-09 22:44:08.347 11243 11352 I RobotCore: SHOOTER RPM2: 926.6409266409266
02-09 22:44:08.358 11243 11352 I RobotCore: SHOOTER RPM1: 1100.8647372283738
02-09 22:44:08.358 11243 11352 I RobotCore: SHOOTER RPM2: 1100.8647372283738
02-09 22:44:08.369 11243 11352 I RobotCore: SHOOTER RPM1: 1053.0010530010532
02-09 22:44:08.369 11243 11352 I RobotCore: SHOOTER RPM2: 1053.0010530010532
02-09 22:44:08.379 11243 11352 I RobotCore: SHOOTER RPM1: 752.8957528957529
02-09 22:44:08.379 11243 11352 I RobotCore: SHOOTER RPM2: 810.8108108108108
02-09 22:44:08.390 11243 11352 I RobotCore: SHOOTER RPM1: 622.2278949551677
02-09 22:44:08.390 11243 11352 I RobotCore: SHOOTER RPM2: 622.2278949551677
02-09 22:44:08.402 11243 11352 I RobotCore: SHOOTER RPM1: 1367.4388674388679
02-09 22:44:08.402 11243 11352 I RobotCore: SHOOTER RPM2: 1367.4388674388679
02-09 22:44:08.413 11243 11352 I RobotCore: SHOOTER RPM1: 574.3642107278471
02-09 22:44:08.413 11243 11352 I RobotCore: SHOOTER RPM2: 574.3642107278471
02-09 22:44:08.424 11243 11352 I RobotCore: SHOOTER RPM1: 1435.9105268196176
02-09 22:44:08.424 11243 11352 I RobotCore: SHOOTER RPM2: 1435.9105268196176
02-09 22:44:08.435 11243 11352 I RobotCore: SHOOTER RPM1: 1100.8647372283738
02-09 22:44:08.435 11243 11352 I RobotCore: SHOOTER RPM2: 1100.8647372283738
02-09 22:44:08.445 11243 11352 I RobotCore: SHOOTER RPM1: 1447.8764478764479
02-09 22:44:08.445 11243 11352 I RobotCore: SHOOTER RPM2: 1447.8764478764479
02-09 22:44:08.456 11243 11352 I RobotCore: SHOOTER RPM1: 622.2278949551677
02-09 22:44:08.456 11243 11352 I RobotCore: SHOOTER RPM2: 622.2278949551677
02-09 22:44:08.515 11243 11352 I RobotCore: SHOOTER RPM1: 4786.036036036036
02-09 22:44:08.515 11243 11352 I RobotCore: SHOOTER RPM2: 4786.036036036036
02-09 22:44:08.533 11243 11352 I RobotCore: SHOOTER RPM1: 20.56155902309749
02-09 22:44:08.533 11243 11352 I RobotCore: SHOOTER RPM2: 20.56155902309749
02-09 22:44:08.545 11243 11352 I RobotCore: SHOOTER RPM1: 1206.5637065637068
02-09 22:44:08.546 11243 11352 I RobotCore: SHOOTER RPM2: 1246.7824967824972
02-09 22:44:08.557 11243 11352 I RobotCore: SHOOTER RPM1: 1126.1261261261266
02-09 22:44:08.557 11243 11352 I RobotCore: SHOOTER RPM2: 1126.1261261261266
02-09 22:44:08.568 11243 11352 I RobotCore: SHOOTER RPM1: 1148.7284214556942
02-09 22:44:08.568 11243 11352 I RobotCore: SHOOTER RPM2: 1148.7284214556942
02-09 22:44:08.578 11243 11352 I RobotCore: SHOOTER RPM1: 0.0
02-09 22:44:08.578 11243 11352 I RobotCore: SHOOTER RPM2: 0.0
02-09 22:44:08.589 11243 11352 I RobotCore: SHOOTER RPM1: 1818.8200006381826
02-09 22:44:08.589 11243 11352 I RobotCore: SHOOTER RPM2: 1770.9563164108617
02-09 22:44:08.600 11243 11352 I RobotCore: SHOOTER RPM1: 1005.1373687737324
02-09 22:44:08.600 11243 11352 I RobotCore: SHOOTER RPM2: 1005.1373687737324
02-09 22:44:08.610 11243 11352 I RobotCore: SHOOTER RPM1: 0.0
02-09 22:44:08.610 11243 11352 I RobotCore: SHOOTER RPM2: 0.0
02-09 22:44:08.621 11243 11352 I RobotCore: SHOOTER RPM1: 1292.319474137656
02-09 22:44:08.621 11243 11352 I RobotCore: SHOOTER RPM2: 1292.319474137656
02-09 22:44:08.632 11243 11352 I RobotCore: SHOOTER RPM1: 1053.0010530010532
02-09 22:44:08.632 11243 11352 I RobotCore: SHOOTER RPM2: 1100.8647372283738
02-09 22:44:08.642 11243 11352 I RobotCore: SHOOTER RPM1: 1679.5366795366795
02-09 22:44:08.642 11243 11352 I RobotCore: SHOOTER RPM2: 1621.6216216216217
02-09 22:44:08.653 11243 11352 I RobotCore: SHOOTER RPM1: 909.4100003190913
02-09 22:44:08.653 11243 11352 I RobotCore: SHOOTER RPM2: 909.4100003190913
02-09 22:44:08.663 11243 11352 I RobotCore: SHOOTER RPM1: 926.6409266409266
02-09 22:44:08.663 11243 11352 I RobotCore: SHOOTER RPM2: 984.5559845559845
02-09 22:44:08.674 11243 11352 I RobotCore: SHOOTER RPM1: 622.2278949551677
02-09 22:44:08.674 11243 11352 I RobotCore: SHOOTER RPM2: 622.2278949551677
02-09 22:44:08.685 11243 11352 I RobotCore: SHOOTER RPM1: 1388.0468425922973
02-09 22:44:08.685 11243 11352 I RobotCore: SHOOTER RPM2: 1388.0468425922973
02-09 22:44:08.695 11243 11352 I RobotCore: SHOOTER RPM1: 1679.5366795366795
02-09 22:44:08.695 11243 11352 I RobotCore: SHOOTER RPM2: 1621.6216216216217
02-09 22:44:08.706 11243 11352 I RobotCore: SHOOTER RPM1: 861.5463160917708
02-09 22:44:08.706 11243 11352 I RobotCore: SHOOTER RPM2: 861.5463160917708
02-09 22:44:08.717 11243 11352 I RobotCore: SHOOTER RPM1: 717.9552634098088
02-09 22:44:08.717 11243 11352 I RobotCore: SHOOTER RPM2: 717.9552634098088
02-09 22:44:08.728 11243 11352 I RobotCore: SHOOTER RPM1: 909.4100003190913
02-09 22:44:08.728 11243 11352 I RobotCore: SHOOTER RPM2: 909.4100003190913
02-09 22:44:08.739 11243 11352 I RobotCore: SHOOTER RPM1: 813.6826318644502
02-09 22:44:08.739 11243 11352 I RobotCore: SHOOTER RPM2: 813.6826318644502
02-09 22:44:08.751 11243 11352 I RobotCore: SHOOTER RPM1: 1005.4697554697558
02-09 22:44:08.751 11243 11352 I RobotCore: SHOOTER RPM2: 1005.4697554697558
02-09 22:44:08.767 11243 11352 I RobotCore: SHOOTER RPM1: 1962.4110533201442
02-09 22:44:08.767 11243 11352 I RobotCore: SHOOTER RPM2: 1962.4110533201442
02-09 22:44:08.777 11243 11352 I RobotCore: SHOOTER RPM1: 411.84041184041183
02-09 22:44:08.777 11243 11352 I RobotCore: SHOOTER RPM2: 411.84041184041183
02-09 22:44:08.788 11243 11352 I RobotCore: SHOOTER RPM1: 574.3642107278471
02-09 22:44:08.788 11243 11352 I RobotCore: SHOOTER RPM2: 574.3642107278471
02-09 22:44:08.798 11243 11352 I RobotCore: SHOOTER RPM1: 868.7258687258687
02-09 22:44:08.798 11243 11352 I RobotCore: SHOOTER RPM2: 868.7258687258687
02-09 22:44:08.809 11243 11352 I RobotCore: SHOOTER RPM1: 1531.637895274259
02-09 22:44:08.809 11243 11352 I RobotCore: SHOOTER RPM2: 1531.637895274259
02-09 22:44:08.819 11243 11352 I RobotCore: SHOOTER RPM1: 347.4903474903475
02-09 22:44:08.819 11243 11352 I RobotCore: SHOOTER RPM2: 405.4054054054054
02-09 22:44:08.831 11243 11352 I RobotCore: SHOOTER RPM1: 1568.5328185328187
02-09 22:44:08.831 11243 11352 I RobotCore: SHOOTER RPM2: 1568.5328185328187
02-09 22:44:08.842 11243 11352 I RobotCore: SHOOTER RPM1: 909.4100003190913
02-09 22:44:08.842 11243 11352 I RobotCore: SHOOTER RPM2: 909.4100003190913
02-09 22:44:08.852 11243 11352 I RobotCore: SHOOTER RPM1: 810.8108108108108
02-09 22:44:08.852 11243 11352 I RobotCore: SHOOTER RPM2: 752.8957528957529
02-09 22:44:08.864 11243 11352 I RobotCore: SHOOTER RPM1: 804.3758043758046
02-09 22:44:08.864 11243 11352 I RobotCore: SHOOTER RPM2: 804.3758043758046
02-09 22:44:08.874 11243 11352 I RobotCore: SHOOTER RPM1: 868.7258687258687
02-09 22:44:08.874 11243 11352 I RobotCore: SHOOTER RPM2: 926.6409266409266
02-09 22:44:08.885 11243 11352 I RobotCore: SHOOTER RPM1: 909.4100003190913
02-09 22:44:08.885 11243 11352 I RobotCore: SHOOTER RPM2: 861.5463160917708
02-09 22:44:08.896 11243 11352 I RobotCore: SHOOTER RPM1: 1196.592105683015
02-09 22:44:08.896 11243 11352 I RobotCore: SHOOTER RPM2: 1196.592105683015
02-09 22:44:08.907 11243 11352 I RobotCore: SHOOTER RPM1: 1292.319474137656
02-09 22:44:08.907 11243 11352 I RobotCore: SHOOTER RPM2: 1340.1831583649764
02-09 22:44:08.918 11243 11352 I RobotCore: SHOOTER RPM1: 717.9552634098088
02-09 22:44:08.918 11243 11352 I RobotCore: SHOOTER RPM2: 670.0915791824882
02-09 22:44:08.932 11243 11352 I RobotCore: SHOOTER RPM1: 916.0034670238751
02-09 22:44:08.932 11243 11352 I RobotCore: SHOOTER RPM2: 916.0034670238751
02-09 22:44:08.942 11243 11352 I RobotCore: SHOOTER RPM1: 0.0
02-09 22:44:08.942 11243 11352 I RobotCore: SHOOTER RPM2: 0.0
02-09 22:44:08.953 11243 11352 I RobotCore: SHOOTER RPM1: 2201.7294744567475
02-09 22:44:08.953 11243 11352 I RobotCore: SHOOTER RPM2: 2201.7294744567475
02-09 22:44:08.964 11243 11352 I RobotCore: SHOOTER RPM1: 526.5005265005266
02-09 22:44:08.964 11243 11352 I RobotCore: SHOOTER RPM2: 526.5005265005266
02-09 22:44:08.983 11243 11352 I RobotCore: SHOOTER RPM1: 2548.262548262548
02-09 22:44:08.983 11243 11352 I RobotCore: SHOOTER RPM2: 2606.1776061776063
02-09 22:44:08.993 11243 11352 I RobotCore: SHOOTER RPM1: 0.0
02-09 22:44:08.993 11243 11352 I RobotCore: SHOOTER RPM2: 0.0
02-09 22:44:09.004 11243 11352 I RobotCore: SHOOTER RPM1: 1675.2289479562207
02-09 22:44:09.004 11243 11352 I RobotCore: SHOOTER RPM2: 1627.3652637289003
02-09 22:44:09.015 11243 11352 I RobotCore: SHOOTER RPM1: 717.9552634098088
02-09 22:44:09.015 11243 11352 I RobotCore: SHOOTER RPM2: 717.9552634098088
02-09 22:44:09.025 11243 11352 I RobotCore: SHOOTER RPM1: 1158.3011583011582
02-09 22:44:09.025 11243 11352 I RobotCore: SHOOTER RPM2: 1158.3011583011582
02-09 22:44:09.054 11243 11352 I RobotCore: SHOOTER RPM1: 351.2090313517187
02-09 22:44:09.054 11243 11352 I RobotCore: SHOOTER RPM2: 351.2090313517187
02-09 22:44:09.065 11243 11352 I RobotCore: SHOOTER RPM1: 1005.1373687737324
02-09 22:44:09.065 11243 11352 I RobotCore: SHOOTER RPM2: 1005.1373687737324
02-09 22:44:09.076 11243 11352 I RobotCore: SHOOTER RPM1: 909.4100003190913
02-09 22:44:09.076 11243 11352 I RobotCore: SHOOTER RPM2: 909.4100003190913
02-09 22:44:09.086 11243 11352 I RobotCore: SHOOTER RPM1: 1911.1969111969113
02-09 22:44:09.086 11243 11352 I RobotCore: SHOOTER RPM2: 1911.1969111969113
02-09 22:44:09.097 11243 11352 I RobotCore: SHOOTER RPM1: 430.7731580458854
02-09 22:44:09.097 11243 11352 I RobotCore: SHOOTER RPM2: 430.7731580458854
02-09 22:44:09.107 11243 11352 I RobotCore: SHOOTER RPM1: 1621.6216216216217
02-09 22:44:09.107 11243 11352 I RobotCore: SHOOTER RPM2: 1563.7065637065637
02-09 22:44:09.118 11243 11352 I RobotCore: SHOOTER RPM1: 1100.8647372283738
02-09 22:44:09.118 11243 11352 I RobotCore: SHOOTER RPM2: 1100.8647372283738
02-09 22:44:09.129 11243 11352 I RobotCore: SHOOTER RPM1: 1005.1373687737324
02-09 22:44:09.129 11243 11352 I RobotCore: SHOOTER RPM2: 1053.0010530010532
02-09 22:44:09.139 11243 11352 I RobotCore: SHOOTER RPM1: 868.7258687258687
02-09 22:44:09.139 11243 11352 I RobotCore: SHOOTER RPM2: 810.8108108108108
02-09 22:44:09.150 11243 11352 I RobotCore: SHOOTER RPM1: 813.6826318644502
02-09 22:44:09.150 11243 11352 I RobotCore: SHOOTER RPM2: 861.5463160917708
02-09 22:44:09.162 11243 11352 I RobotCore: SHOOTER RPM1: 844.5945945945947
02-09 22:44:09.162 11243 11352 I RobotCore: SHOOTER RPM2: 804.3758043758046
02-09 22:44:09.173 11243 11352 I RobotCore: SHOOTER RPM1: 1196.592105683015
02-09 22:44:09.173 11243 11352 I RobotCore: SHOOTER RPM2: 1196.592105683015
02-09 22:44:09.183 11243 11352 I RobotCore: SHOOTER RPM1: 1389.96138996139
02-09 22:44:09.183 11243 11352 I RobotCore: SHOOTER RPM2: 1389.96138996139
02-09 22:44:09.194 11243 11352 I RobotCore: SHOOTER RPM1: 670.0915791824882
02-09 22:44:09.194 11243 11352 I RobotCore: SHOOTER RPM2: 717.9552634098088
02-09 22:44:09.205 11243 11352 I RobotCore: SHOOTER RPM1: 765.8189476371296
02-09 22:44:09.205 11243 11352 I RobotCore: SHOOTER RPM2: 717.9552634098088
02-09 22:44:09.215 11243 11352 I RobotCore: SHOOTER RPM1: 1042.4710424710424
02-09 22:44:09.215 11243 11352 I RobotCore: SHOOTER RPM2: 1100.3861003861005
02-09 22:44:09.226 11243 11352 I RobotCore: SHOOTER RPM1: 1483.7742110469383
02-09 22:44:09.226 11243 11352 I RobotCore: SHOOTER RPM2: 1483.7742110469383
02-09 22:44:09.237 11243 11352 I RobotCore: SHOOTER RPM1: 813.6826318644502
02-09 22:44:09.237 11243 11352 I RobotCore: SHOOTER RPM2: 813.6826318644502
02-09 22:44:09.248 11243 11352 I RobotCore: SHOOTER RPM1: 957.2736845464118
02-09 22:44:09.248 11243 11352 I RobotCore: SHOOTER RPM2: 909.4100003190913
02-09 22:44:09.258 11243 11352 I RobotCore: SHOOTER RPM1: 926.6409266409266
02-09 22:44:09.258 11243 11352 I RobotCore: SHOOTER RPM2: 926.6409266409266
02-09 22:44:09.278 11243 11352 I RobotCore: SHOOTER RPM1: 1970.720720720721
02-09 22:44:09.278 11243 11352 I RobotCore: SHOOTER RPM2: 1970.720720720721
02-09 22:44:09.289 11243 11352 I RobotCore: SHOOTER RPM1: 208.5583803035327
02-09 22:44:09.289 11243 11352 I RobotCore: SHOOTER RPM2: 208.5583803035327
02-09 22:44:09.302 11243 11352 I RobotCore: SHOOTER RPM1: 1062.34721619337
02-09 22:44:09.302 11243 11352 I RobotCore: SHOOTER RPM2: 1062.34721619337
02-09 22:44:09.312 11243 11352 I RobotCore: SHOOTER RPM1: 579.1505791505791
02-09 22:44:09.312 11243 11352 I RobotCore: SHOOTER RPM2: 637.065637065637
02-09 22:44:09.323 11243 11352 I RobotCore: SHOOTER RPM1: 861.5463160917708
02-09 22:44:09.323 11243 11352 I RobotCore: SHOOTER RPM2: 861.5463160917708
02-09 22:44:09.334 11243 11352 I RobotCore: SHOOTER RPM1: 1579.5015795015797
02-09 22:44:09.334 11243 11352 I RobotCore: SHOOTER RPM2: 1531.637895274259
02-09 22:44:09.344 11243 11352 I RobotCore: SHOOTER RPM1: 0.0
02-09 22:44:09.344 11243 11352 I RobotCore: SHOOTER RPM2: 0.0
02-09 22:44:09.355 11243 11352 I RobotCore: SHOOTER RPM1: 1005.1373687737324
02-09 22:44:09.355 11243 11352 I RobotCore: SHOOTER RPM2: 1005.1373687737324
02-09 22:44:09.366 11243 11352 I RobotCore: SHOOTER RPM1: 1435.9105268196176
02-09 22:44:09.366 11243 11352 I RobotCore: SHOOTER RPM2: 1435.9105268196176
02-09 22:44:09.376 11243 11352 I RobotCore: SHOOTER RPM1: 868.7258687258687
02-09 22:44:09.376 11243 11352 I RobotCore: SHOOTER RPM2: 926.6409266409266
02-09 22:44:09.387 11243 11352 I RobotCore: SHOOTER RPM1: 1148.7284214556942
02-09 22:44:09.387 11243 11352 I RobotCore: SHOOTER RPM2: 1148.7284214556942
02-09 22:44:09.398 11243 11352 I RobotCore: SHOOTER RPM1: 1483.7742110469383
02-09 22:44:09.398 11243 11352 I RobotCore: SHOOTER RPM2: 1483.7742110469383
02-09 22:44:09.408 11243 11352 I RobotCore: SHOOTER RPM1: 637.065637065637
02-09 22:44:09.408 11243 11352 I RobotCore: SHOOTER RPM2: 579.1505791505791
02-09 22:44:09.419 11243 11352 I RobotCore: SHOOTER RPM1: 717.9552634098088
02-09 22:44:09.419 11243 11352 I RobotCore: SHOOTER RPM2: 717.9552634098088
02-09 22:44:09.429 11243 11352 I RobotCore: SHOOTER RPM1: 1274.131274131274
02-09 22:44:09.430 11243 11352 I RobotCore: SHOOTER RPM2: 1274.131274131274
02-09 22:44:09.440 11243 11352 I RobotCore: SHOOTER RPM1: 1483.7742110469383
02-09 22:44:09.440 11243 11352 I RobotCore: SHOOTER RPM2: 1483.7742110469383
02-09 22:44:09.451 11243 11352 I RobotCore: SHOOTER RPM1: 335.0457895912441
02-09 22:44:09.451 11243 11352 I RobotCore: SHOOTER RPM2: 335.0457895912441
02-09 22:44:09.462 11243 11352 I RobotCore: SHOOTER RPM1: 1244.4557899103354
02-09 22:44:09.462 11243 11352 I RobotCore: SHOOTER RPM2: 1244.4557899103354
02-09 22:44:09.473 11243 11352 I RobotCore: SHOOTER RPM1: 622.2278949551677
02-09 22:44:09.473 11243 11352 I RobotCore: SHOOTER RPM2: 622.2278949551677
02-09 22:44:09.499 11243 11352 I RobotCore: SHOOTER RPM1: 3938.223938223938
02-09 22:44:09.499 11243 11352 I RobotCore: SHOOTER RPM2: 3938.223938223938
02-09 22:44:09.510 11243 11352 I RobotCore: SHOOTER RPM1: 119.16678583345251
02-09 22:44:09.510 11243 11352 I RobotCore: SHOOTER RPM2: 119.16678583345251
02-09 22:44:09.520 11243 11352 I RobotCore: SHOOTER RPM1: 1216.2162162162163
02-09 22:44:09.520 11243 11352 I RobotCore: SHOOTER RPM2: 1216.2162162162163
02-09 22:44:09.531 11243 11352 I RobotCore: SHOOTER RPM1: 861.5463160917708
02-09 22:44:09.531 11243 11352 I RobotCore: SHOOTER RPM2: 861.5463160917708
02-09 22:44:09.552 11243 11352 I RobotCore: SHOOTER RPM1: 472.7759829800646
02-09 22:44:09.552 11243 11352 I RobotCore: SHOOTER RPM2: 472.7759829800646
02-09 22:44:09.563 11243 11352 I RobotCore: SHOOTER RPM1: 1053.0010530010532
02-09 22:44:09.564 11243 11352 I RobotCore: SHOOTER RPM2: 1005.1373687737324
02-09 22:44:09.574 11243 11352 I RobotCore: SHOOTER RPM1: 813.6826318644502
02-09 22:44:09.574 11243 11352 I RobotCore: SHOOTER RPM2: 813.6826318644502
02-09 22:44:09.585 11243 11352 I RobotCore: SHOOTER RPM1: 717.9552634098088
02-09 22:44:09.585 11243 11352 I RobotCore: SHOOTER RPM2: 717.9552634098088
02-09 22:44:09.595 11243 11352 I RobotCore: SHOOTER RPM1: 0.0
02-09 22:44:09.595 11243 11352 I RobotCore: SHOOTER RPM2: 0.0
02-09 22:44:09.606 11243 11352 I RobotCore: SHOOTER RPM1: 2632.502632502633
02-09 22:44:09.606 11243 11352 I RobotCore: SHOOTER RPM2: 2680.366316729953
02-09 22:44:09.617 11243 11352 I RobotCore: SHOOTER RPM1: 861.5463160917708
02-09 22:44:09.617 11243 11352 I RobotCore: SHOOTER RPM2: 813.6826318644502
02-09 22:44:09.627 11243 11352 I RobotCore: SHOOTER RPM1: 463.3204633204633
02-09 22:44:09.627 11243 11352 I RobotCore: SHOOTER RPM2: 521.2355212355212
02-09 22:44:09.638 11243 11352 I RobotCore: SHOOTER RPM1: 1340.1831583649764
02-09 22:44:09.638 11243 11352 I RobotCore: SHOOTER RPM2: 1292.319474137656
02-09 22:44:09.649 11243 11352 I RobotCore: SHOOTER RPM1: 1244.4557899103354
02-09 22:44:09.649 11243 11352 I RobotCore: SHOOTER RPM2: 1244.4557899103354
02-09 22:44:09.659 11243 11352 I RobotCore: SHOOTER RPM1: 0.0
02-09 22:44:09.659 11243 11352 I RobotCore: SHOOTER RPM2: 1274.131274131274
02-09 22:44:09.670 11243 11352 I RobotCore: SHOOTER RPM1: 1100.8647372283738
02-09 22:44:09.670 11243 11352 I RobotCore: SHOOTER RPM2: 0.0
02-09 22:44:09.681 11243 11352 I RobotCore: SHOOTER RPM1: 1627.3652637289003
02-09 22:44:09.681 11243 11352 I RobotCore: SHOOTER RPM2: 1675.2289479562207
02-09 22:44:09.691 11243 11352 I RobotCore: SHOOTER RPM1: 1100.3861003861005
02-09 22:44:09.691 11243 11352 I RobotCore: SHOOTER RPM2: 1042.4710424710424
02-09 22:44:09.703 11243 11352 I RobotCore: SHOOTER RPM1: 603.2818532818534
02-09 22:44:09.703 11243 11352 I RobotCore: SHOOTER RPM2: 643.5006435006436
02-09 22:44:09.716 11243 11352 I RobotCore: SHOOTER RPM1: 0.0
02-09 22:44:09.716 11243 11352 I RobotCore: SHOOTER RPM2: 0.0
02-09 22:44:09.726 11243 11352 I RobotCore: SHOOTER RPM1: 3243.2432432432433
02-09 22:44:09.726 11243 11352 I RobotCore: SHOOTER RPM2: 3243.2432432432433
02-09 22:44:09.737 11243 11352 I RobotCore: SHOOTER RPM1: 670.0915791824882
02-09 22:44:09.737 11243 11352 I RobotCore: SHOOTER RPM2: 622.2278949551677
02-09 22:44:09.748 11243 11352 I RobotCore: SHOOTER RPM1: 717.9552634098088
02-09 22:44:09.748 11243 11352 I RobotCore: SHOOTER RPM2: 717.9552634098088
02-09 22:44:09.759 11243 11352 I RobotCore: SHOOTER RPM1: 1100.8647372283738
02-09 22:44:09.759 11243 11352 I RobotCore: SHOOTER RPM2: 1100.8647372283738
02-09 22:44:09.779 11243 11352 I RobotCore: SHOOTER RPM1: 2953.6679536679535
02-09 22:44:09.779 11243 11352 I RobotCore: SHOOTER RPM2: 2895.7528957528957
02-09 22:44:09.790 11243 11352 I RobotCore: SHOOTER RPM1: 170.72466052057888
02-09 22:44:09.790 11243 11352 I RobotCore: SHOOTER RPM2: 183.85732671446956
02-09 22:44:15.093 11243 11297 V Robocol : received command: CMD_INIT_OP_MODE(10474) $Stop$Robot$
02-09 22:44:15.140 11243 11342 V RobotCore: waiting for service user linear op mode
02-09 22:44:15.140 11243 11352 D RobotCore: LinearOpMode received an InterruptedException; shutting down this linear op mode
02-09 22:44:15.140 11243 11352 V RobotCore: thread: ...terminating 'LinearOpMode main'
02-09 22:44:15.141 11243 11342 V RobotCore: awaitTermination returned, isTerminated=true
02-09 22:44:15.141 11243 11342 V RobotCore: executive service user linear op mode is terminated
02-09 22:44:15.141 11243 11342 I RobotCore: Attempting to switch to op mode $Stop$Robot$
02-09 22:44:15.218 11243 11305 V Robocol : sending CMD_INIT_OP_MODE_RESP(532), attempt: 0
02-09 22:44:15.234 11243 11297 V Robocol : received command: CMD_INIT_OP_MODE_RESP(532) $Stop$Robot$
02-09 22:44:15.234 11243 11297 V Robocol : received command: CMD_RUN_OP_MODE(10481) $Stop$Robot$
02-09 22:44:15.338 11243 11305 V Robocol : sending CMD_RUN_OP_MODE_RESP(539), attempt: 0
02-09 22:44:15.432 11243 11297 V Robocol : received command: CMD_RUN_OP_MODE_RESP(539) $Stop$Robot$
02-09 22:44:25.195 11243 11322 E FTDI_Device::: UsbConnection.requestWait() == null
02-09 22:44:25.196 11243 11326 E FTDI_Device::: UsbConnection.requestWait() == null
02-09 22:44:25.205 11243 11301 E FTDI_Device::: UsbConnection.requestWait() == null
02-09 22:44:25.206 11243 11243 D UsbDeviceConnectionJNI: close
02-09 22:44:25.206 11243 11300 D ProcessRequestThread::: Device has been closed.
02-09 22:44:25.206 11243 11300 W System.err: java.lang.InterruptedException
02-09 22:44:25.207 11243 11300 W System.err: 	at java.util.concurrent.locks.AbstractQueuedSynchronizer.doAcquireSharedInterruptibly(AbstractQueuedSynchronizer.java:972)
02-09 22:44:25.207 11243 11300 W System.err: 	at java.util.concurrent.locks.AbstractQueuedSynchronizer.acquireSharedInterruptibly(AbstractQueuedSynchronizer.java:1278)
02-09 22:44:25.207 11243 11300 W System.err: 	at java.util.concurrent.Semaphore.acquire(Semaphore.java:284)
02-09 22:44:25.207 11243 11300 W System.err: 	at com.ftdi.j2xx.ProcessInCtrl.acquireReadableBuffer(FT_Device.java:2294)
02-09 22:44:25.207 11243 11300 W System.err: 	at com.ftdi.j2xx.ProcessRequestWorker.run(FT_Device.java:2764)
02-09 22:44:25.207 11243 11300 W System.err: 	at java.lang.Thread.run(Thread.java:818)
02-09 22:44:25.207 11243 11299 D BulkIn::: Stop BulkIn thread
02-09 22:44:25.207 11243 11299 W System.err: java.lang.NullPointerException: Attempt to invoke virtual method 'int com.ftdi.j2xx.D2xxManager$DriverParameters.getBufferNumber()' on a null object reference
02-09 22:44:25.207 11243 11299 W System.err: 	at com.ftdi.j2xx.ProcessInCtrl.releaseWritableBuffers(FT_Device.java:2672)
02-09 22:44:25.207 11243 11299 W System.err: 	at com.ftdi.j2xx.BulkInWorker.run(FT_Device.java:2879)
02-09 22:44:25.207 11243 11299 W System.err: 	at java.lang.Thread.run(Thread.java:818)
02-09 22:44:25.208 11243 11301 W RobotCore: could not write to Modern Robotics USB Servo Controller [AL00VST0]: FTDI Null Pointer Exception
02-09 22:44:25.208 11243 11301 E RobotCore: java.lang.NullPointerException: Attempt to invoke interface method 'void java.util.concurrent.locks.Lock.unlock()' on a null object reference
02-09 22:44:25.208 11243 11301 E RobotCore: com.ftdi.j2xx.ProcessInCtrl.readBulkInData(FT_Device.java:2520)
02-09 22:44:25.208 11243 11301 E RobotCore: com.ftdi.j2xx.FT_Device.read(FT_Device.java:666)
02-09 22:44:25.208 11243 11301 E RobotCore: com.qualcomm.robotcore.hardware.usb.ftdi.RobotUsbDeviceFtdi.read(RobotUsbDeviceFtdi.java:199)
02-09 22:44:25.208 11243 11301 E RobotCore: com.qualcomm.robotcore.hardware.usb.ftdi.RobotUsbDeviceFtdi.read(RobotUsbDeviceFtdi.java:176)
02-09 22:44:25.208 11243 11301 E RobotCore: com.qualcomm.modernrobotics.ReadWriteRunnableUsbHandler.a(SourceFile:77)
02-09 22:44:25.208 11243 11301 E RobotCore: com.qualcomm.modernrobotics.ReadWriteRunnableUsbHandler.read(SourceFile:66)
02-09 22:44:25.208 11243 11301 E RobotCore: com.qualcomm.hardware.modernrobotics.ReadWriteRunnableStandard$1.run(ReadWriteRunnableStandard.java:343)
02-09 22:44:25.208 11243 11301 E RobotCore: com.qualcomm.robotcore.util.ThreadPool.logThreadLifeCycle(ThreadPool.java:513)
02-09 22:44:25.208 11243 11301 E RobotCore: com.qualcomm.hardware.modernrobotics.ReadWriteRunnableStandard.run(ReadWriteRunnableStandard.java:302)
02-09 22:44:25.208 11243 11301 E RobotCore: java.util.concurrent.ThreadPoolExecutor.runWorker(ThreadPoolExecutor.java:1113)
02-09 22:44:25.208 11243 11301 E RobotCore: java.util.concurrent.ThreadPoolExecutor$Worker.run(ThreadPoolExecutor.java:588)
02-09 22:44:25.208 11243 11301 E RobotCore: java.lang.Thread.run(Thread.java:818)
02-09 22:44:25.209 11243 11301 V RobotCore: thread: ...terminating 'r/w loop: Modern Robotics USB Servo Controller [AL00VST0]'
02-09 22:44:25.212 11243 11342 D RobotCore: system telemetry: key=$System$Warning$ msg="problem communicating with Modern Robotics USB Servo Controller [AL00VST0]"
02-09 22:44:25.212 11243 11342 V RobotCore: event loop: device has shutdown abnormally
02-09 22:44:25.212 11243 11342 V RobotCore: event loop: detaching device owner
02-09 22:44:25.213 11243 11342 I FIRST   : ======= MODULE DETACH RECOVERY: disarm Modern Robotics USB Servo Controller [AL00VST0]=======
02-09 22:44:25.213 11243 11342 D RobotCore: disarming modern servo controller "Modern Robotics USB Servo Controller [AL00VST0]"...
02-09 22:44:25.213 11243 11342 V RobotCore: waiting for service ReadWriteRunnable for Modern Robotics USB Device
02-09 22:44:25.213 11243 11342 V RobotCore: awaitTermination returned, isTerminated=true
02-09 22:44:25.213 11243 11342 V RobotCore: executive service ReadWriteRunnable for Modern Robotics USB Device is terminated
02-09 22:44:25.213 11243 11342 D RobotCore: ...disarming modern servo controller Modern Robotics USB Servo Controller [AL00VST0] complete
02-09 22:44:25.213 11243 11342 I FIRST   : ======= MODULE DETACH RECOVERY: pretend Modern Robotics USB Servo Controller [AL00VST0]=======
02-09 22:44:25.213 11243 11342 D RobotCore: arming modern servo controller Modern Robotics USB Servo Controller [AL00VST0] (pretend)...
02-09 22:44:25.214 11243 11337 E FTDI_Device::: UsbConnection.requestWait() == null
02-09 22:44:25.215 11243 11342 V RobotCore: Starting up pretend device AL00VST0
02-09 22:44:25.221 11243 11362 V RobotCore: thread: 'r/w loop: Modern Robotics USB Servo Controller [AL00VST0]' starting...
02-09 22:44:25.222 11243 11342 D RobotCore: ...arming modern servo controller Modern Robotics USB Servo Controller [AL00VST0] complete
02-09 22:44:25.222 11243 11342 I FIRST   : ======= MODULE DETACH RECOVERY: complete Modern Robotics USB Servo Controller [AL00VST0]=======
02-09 22:44:25.228 11243 11243 D UsbDeviceConnectionJNI: close
02-09 22:44:25.229 11243 11328 D ProcessRequestThread::: Device has been closed.
02-09 22:44:25.229 11243 11328 W System.err: java.lang.InterruptedException
02-09 22:44:25.229 11243 11328 W System.err: 	at java.util.concurrent.locks.AbstractQueuedSynchronizer.doAcquireSharedInterruptibly(AbstractQueuedSynchronizer.java:972)
02-09 22:44:25.229 11243 11328 W System.err: 	at java.util.concurrent.locks.AbstractQueuedSynchronizer.acquireSharedInterruptibly(AbstractQueuedSynchronizer.java:1278)
02-09 22:44:25.229 11243 11328 W System.err: 	at java.util.concurrent.Semaphore.acquire(Semaphore.java:284)
02-09 22:44:25.229 11243 11328 W System.err: 	at com.ftdi.j2xx.ProcessInCtrl.acquireReadableBuffer(FT_Device.java:2294)
02-09 22:44:25.229 11243 11328 W System.err: 	at com.ftdi.j2xx.ProcessRequestWorker.run(FT_Device.java:2764)
02-09 22:44:25.229 11243 11328 W System.err: 	at java.lang.Thread.run(Thread.java:818)
02-09 22:44:25.230 11243 11337 W RobotCore: could not write to Modern Robotics USB DC Motor Controller [AL00VBIF]: FTDI Null Pointer Exception
02-09 22:44:25.230 11243 11337 E RobotCore: java.lang.NullPointerException: Attempt to invoke interface method 'void java.util.concurrent.locks.Lock.unlock()' on a null object reference
02-09 22:44:25.230 11243 11337 E RobotCore: com.ftdi.j2xx.ProcessInCtrl.readBulkInData(FT_Device.java:2520)
02-09 22:44:25.230 11243 11337 E RobotCore: com.ftdi.j2xx.FT_Device.read(FT_Device.java:666)
02-09 22:44:25.230 11243 11337 E RobotCore: com.qualcomm.robotcore.hardware.usb.ftdi.RobotUsbDeviceFtdi.read(RobotUsbDeviceFtdi.java:199)
02-09 22:44:25.230 11243 11337 E RobotCore: com.qualcomm.robotcore.hardware.usb.ftdi.RobotUsbDeviceFtdi.read(RobotUsbDeviceFtdi.java:176)
02-09 22:44:25.230 11243 11337 E RobotCore: com.qualcomm.modernrobotics.ReadWriteRunnableUsbHandler.a(SourceFile:77)
02-09 22:44:25.230 11243 11337 E RobotCore: com.qualcomm.modernrobotics.ReadWriteRunnableUsbHandler.read(SourceFile:66)
02-09 22:44:25.230 11243 11337 E RobotCore: com.qualcomm.hardware.modernrobotics.ReadWriteRunnableStandard$1.run(ReadWriteRunnableStandard.java:343)
02-09 22:44:25.230 11243 11337 E RobotCore: com.qualcomm.robotcore.util.ThreadPool.logThreadLifeCycle(ThreadPool.java:513)
02-09 22:44:25.230 11243 11337 E RobotCore: com.qualcomm.hardware.modernrobotics.ReadWriteRunnableStandard.run(ReadWriteRunnableStandard.java:302)
02-09 22:44:25.230 11243 11337 E RobotCore: java.util.concurrent.ThreadPoolExecutor.runWorker(ThreadPoolExecutor.java:1113)
02-09 22:44:25.230 11243 11337 E RobotCore: java.util.concurrent.ThreadPoolExecutor$Worker.run(ThreadPoolExecutor.java:588)
02-09 22:44:25.230 11243 11337 E RobotCore: java.lang.Thread.run(Thread.java:818)
02-09 22:44:25.231 11243 11337 V RobotCore: thread: ...terminating 'r/w loop: Modern Robotics USB DC Motor Controller [AL00VBIF]'
02-09 22:44:25.231 11243 11327 D BulkIn::: Stop BulkIn thread
02-09 22:44:25.231 11243 11327 W System.err: java.lang.NullPointerException: Attempt to invoke virtual method 'int com.ftdi.j2xx.D2xxManager$DriverParameters.getBufferNumber()' on a null object reference
02-09 22:44:25.231 11243 11327 W System.err: 	at com.ftdi.j2xx.ProcessInCtrl.releaseWritableBuffers(FT_Device.java:2672)
02-09 22:44:25.231 11243 11327 W System.err: 	at com.ftdi.j2xx.BulkInWorker.run(FT_Device.java:2879)
02-09 22:44:25.231 11243 11327 W System.err: 	at java.lang.Thread.run(Thread.java:818)
02-09 22:44:25.234 11243 11342 D RobotCore: system telemetry: key=$System$Warning$ msg="problem communicating with Modern Robotics USB Servo Controller [AL00VST0]; problem communicating with Modern Robotics USB DC Motor Controller [AL00VBIF]"
02-09 22:44:25.234 11243 11342 V RobotCore: event loop: device has shutdown abnormally
02-09 22:44:25.234 11243 11342 V RobotCore: event loop: detaching device owner
02-09 22:44:25.234 11243 11342 I FIRST   : ======= MODULE DETACH RECOVERY: disarm Modern Robotics USB DC Motor Controller [AL00VBIF]=======
02-09 22:44:25.235 11243 11342 D RobotCore: disarming modern motor controller Modern Robotics USB DC Motor Controller [AL00VBIF]...
02-09 22:44:25.235 11243 11342 V RobotCore: waiting for service ReadWriteRunnable for Modern Robotics USB Device
02-09 22:44:25.236 11243 11342 V RobotCore: awaitTermination returned, isTerminated=true
02-09 22:44:25.236 11243 11342 V RobotCore: executive service ReadWriteRunnable for Modern Robotics USB Device is terminated
02-09 22:44:25.237 11243 11342 D RobotCore: ...disarming modern motor controller Modern Robotics USB DC Motor Controller [AL00VBIF] complete
02-09 22:44:25.237 11243 11342 I FIRST   : ======= MODULE DETACH RECOVERY: pretend Modern Robotics USB DC Motor Controller [AL00VBIF]=======
02-09 22:44:25.237 11243 11342 D RobotCore: arming modern motor controller Modern Robotics USB DC Motor Controller [AL00VBIF] (pretend)...
02-09 22:44:25.237 11243 11342 V RobotCore: Starting up pretend device AL00VBIF
02-09 22:44:25.240 11243 11365 V RobotCore: thread: 'r/w loop: Modern Robotics USB DC Motor Controller [AL00VBIF]' starting...
02-09 22:44:25.241 11243 11342 D RobotCore: ...arming modern motor controller Modern Robotics USB DC Motor Controller [AL00VBIF] complete
02-09 22:44:25.241 11243 11342 I FIRST   : ======= MODULE DETACH RECOVERY: complete Modern Robotics USB DC Motor Controller [AL00VBIF]=======
02-09 22:44:25.245 11243 11311 D MediaPlayer: setSubtitleAnchor in MediaPlayer
02-09 22:44:25.250 11243 11243 D UsbDeviceConnectionJNI: close
02-09 22:44:25.251 11243 11326 W RobotCore: could not write to Modern Robotics USB DC Motor Controller [AI049QOP]: FTDI Null Pointer Exception
02-09 22:44:25.251 11243 11326 E RobotCore: java.lang.NullPointerException: Attempt to invoke interface method 'void java.util.concurrent.locks.Lock.unlock()' on a null object reference
02-09 22:44:25.251 11243 11243 D UsbDeviceConnectionJNI: close
02-09 22:44:25.251 11243 11326 E RobotCore: com.ftdi.j2xx.ProcessInCtrl.readBulkInData(FT_Device.java:2520)
02-09 22:44:25.251 11243 11326 E RobotCore: com.ftdi.j2xx.FT_Device.read(FT_Device.java:666)
02-09 22:44:25.251 11243 11326 E RobotCore: com.qualcomm.robotcore.hardware.usb.ftdi.RobotUsbDeviceFtdi.read(RobotUsbDeviceFtdi.java:199)
02-09 22:44:25.251 11243 11326 E RobotCore: com.qualcomm.robotcore.hardware.usb.ftdi.RobotUsbDeviceFtdi.read(RobotUsbDeviceFtdi.java:176)
02-09 22:44:25.251 11243 11326 E RobotCore: com.qualcomm.modernrobotics.ReadWriteRunnableUsbHandler.a(SourceFile:77)
02-09 22:44:25.251 11243 11326 E RobotCore: com.qualcomm.modernrobotics.ReadWriteRunnableUsbHandler.read(SourceFile:66)
02-09 22:44:25.251 11243 11326 E RobotCore: com.qualcomm.hardware.modernrobotics.ReadWriteRunnableStandard$1.run(ReadWriteRunnableStandard.java:343)
02-09 22:44:25.251 11243 11326 E RobotCore: com.qualcomm.robotcore.util.ThreadPool.logThreadLifeCycle(ThreadPool.java:513)
02-09 22:44:25.251 11243 11326 E RobotCore: com.qualcomm.hardware.modernrobotics.ReadWriteRunnableStandard.run(ReadWriteRunnableStandard.java:302)
02-09 22:44:25.251 11243 11326 E RobotCore: java.util.concurrent.ThreadPoolExecutor.runWorker(ThreadPoolExecutor.java:1113)
02-09 22:44:25.251 11243 11326 E RobotCore: java.util.concurrent.ThreadPoolExecutor$Worker.run(ThreadPoolExecutor.java:588)
02-09 22:44:25.251 11243 11326 E RobotCore: java.lang.Thread.run(Thread.java:818)
02-09 22:44:25.251 11243 11326 V RobotCore: thread: ...terminating 'r/w loop: Modern Robotics USB DC Motor Controller [AI049QOP]'
02-09 22:44:25.251 11243 11243 D UsbDeviceConnectionJNI: close
02-09 22:44:25.252 11243 11303 D ProcessRequestThread::: Device has been closed.
02-09 22:44:25.252 11243 11303 W System.err: java.lang.InterruptedException
02-09 22:44:25.252 11243 11303 W System.err: 	at java.util.concurrent.locks.AbstractQueuedSynchronizer.doAcquireSharedInterruptibly(AbstractQueuedSynchronizer.java:972)
02-09 22:44:25.252 11243 11303 W System.err: 	at java.util.concurrent.locks.AbstractQueuedSynchronizer.acquireSharedInterruptibly(AbstractQueuedSynchronizer.java:1278)
02-09 22:44:25.252 11243 11303 W System.err: 	at java.util.concurrent.Semaphore.acquire(Semaphore.java:284)
02-09 22:44:25.252 11243 11243 D UsbDeviceConnectionJNI: close
02-09 22:44:25.252 11243 11303 W System.err: 	at com.ftdi.j2xx.ProcessInCtrl.acquireReadableBuffer(FT_Device.java:2294)
02-09 22:44:25.252 11243 11243 W MediaPlayer: mediaplayer went away with unhandled events
02-09 22:44:25.252 11243 11322 W RobotCore: could not write to Modern Robotics USB DC Motor Controller [AL00VWH0]: FTDI Null Pointer Exception
02-09 22:44:25.252 11243 11322 E RobotCore: java.lang.NullPointerException: Attempt to invoke interface method 'void java.util.concurrent.locks.Lock.unlock()' on a null object reference
02-09 22:44:25.252 11243 11304 W RobotCore: could not write to Modern Robotics USB Core Device Interface Module [AI02RHDJ]: FTDI Null Pointer Exception
02-09 22:44:25.252 11243 11304 E RobotCore: java.lang.NullPointerException: Attempt to invoke interface method 'void java.util.concurrent.locks.Lock.unlock()' on a null object reference
02-09 22:44:25.252 11243 11307 D ProcessRequestThread::: Device has been closed.
02-09 22:44:25.252 11243 11304 E RobotCore: com.ftdi.j2xx.ProcessInCtrl.readBulkInData(FT_Device.java:2520)
02-09 22:44:25.252 11243 11304 E RobotCore: com.ftdi.j2xx.FT_Device.read(FT_Device.java:666)
02-09 22:44:25.252 11243 11304 E RobotCore: com.qualcomm.robotcore.hardware.usb.ftdi.RobotUsbDeviceFtdi.read(RobotUsbDeviceFtdi.java:199)
02-09 22:44:25.252 11243 11304 E RobotCore: com.qualcomm.robotcore.hardware.usb.ftdi.RobotUsbDeviceFtdi.read(RobotUsbDeviceFtdi.java:176)
02-09 22:44:25.252 11243 11304 E RobotCore: com.qualcomm.modernrobotics.ReadWriteRunnableUsbHandler.a(SourceFile:77)
02-09 22:44:25.252 11243 11304 E RobotCore: com.qualcomm.modernrobotics.ReadWriteRunnableUsbHandler.read(SourceFile:66)
02-09 22:44:25.252 11243 11304 E RobotCore: com.qualcomm.hardware.modernrobotics.ReadWriteRunnableStandard$1.run(ReadWriteRunnableStandard.java:349)
02-09 22:44:25.252 11243 11304 E RobotCore: com.qualcomm.robotcore.util.ThreadPool.logThreadLifeCycle(ThreadPool.java:513)
02-09 22:44:25.252 11243 11304 E RobotCore: com.qualcomm.hardware.modernrobotics.ReadWriteRunnableStandard.run(ReadWriteRunnableStandard.java:302)
02-09 22:44:25.253 11243 11304 E RobotCore: java.util.concurrent.ThreadPoolExecutor.runWorker(ThreadPoolExecutor.java:1113)
02-09 22:44:25.253 11243 11304 E RobotCore: java.util.concurrent.ThreadPoolExecutor$Worker.run(ThreadPoolExecutor.java:588)
02-09 22:44:25.253 11243 11304 E RobotCore: java.lang.Thread.run(Thread.java:818)
02-09 22:44:25.253 11243 11319 W RobotCore: could not write to Modern Robotics USB DC Motor Controller [A104OQ1P]: FTDI Null Pointer Exception
02-09 22:44:25.253 11243 11319 E RobotCore: java.lang.NullPointerException: Attempt to invoke interface method 'void java.util.concurrent.locks.Lock.unlock()' on a null object reference
02-09 22:44:25.253 11243 11304 V RobotCore: thread: ...terminating 'r/w loop: Modern Robotics USB Core Device Interface Module [AI02RHDJ]'
02-09 22:44:25.253 11243 11303 W System.err: 	at com.ftdi.j2xx.ProcessRequestWorker.run(FT_Device.java:2764)
02-09 22:44:25.253 11243 11321 D ProcessRequestThread::: Device has been closed.
02-09 22:44:25.253 11243 11303 W System.err: 	at java.lang.Thread.run(Thread.java:818)
02-09 22:44:25.253 11243 11307 W System.err: java.lang.InterruptedException
02-09 22:44:25.253 11243 11307 W System.err: 	at java.util.concurrent.locks.AbstractQueuedSynchronizer.doAcquireSharedInterruptibly(AbstractQueuedSynchronizer.java:972)
02-09 22:44:25.253 11243 11324 D ProcessRequestThread::: Device has been closed.
02-09 22:44:25.254 11243 11302 D BulkIn::: Stop BulkIn thread
02-09 22:44:25.254 11243 11323 D BulkIn::: Stop BulkIn thread
02-09 22:44:25.254 11243 11322 E RobotCore: com.ftdi.j2xx.ProcessInCtrl.readBulkInData(FT_Device.java:2520)
02-09 22:44:25.254 11243 11322 E RobotCore: com.ftdi.j2xx.FT_Device.read(FT_Device.java:666)
02-09 22:44:25.254 11243 11322 E RobotCore: com.qualcomm.robotcore.hardware.usb.ftdi.RobotUsbDeviceFtdi.read(RobotUsbDeviceFtdi.java:199)
02-09 22:44:25.254 11243 11322 E RobotCore: com.qualcomm.robotcore.hardware.usb.ftdi.RobotUsbDeviceFtdi.read(RobotUsbDeviceFtdi.java:176)
02-09 22:44:25.254 11243 11322 E RobotCore: com.qualcomm.modernrobotics.ReadWriteRunnableUsbHandler.a(SourceFile:77)
02-09 22:44:25.254 11243 11320 D BulkIn::: Stop BulkIn thread
02-09 22:44:25.254 11243 11322 E RobotCore: com.qualcomm.modernrobotics.ReadWriteRunnableUsbHandler.read(SourceFile:66)
02-09 22:44:25.254 11243 11322 E RobotCore: com.qualcomm.hardware.modernrobotics.ReadWriteRunnableStandard$1.run(ReadWriteRunnableStandard.java:343)
02-09 22:44:25.254 11243 11322 E RobotCore: com.qualcomm.robotcore.util.ThreadPool.logThreadLifeCycle(ThreadPool.java:513)
02-09 22:44:25.254 11243 11322 E RobotCore: com.qualcomm.hardware.modernrobotics.ReadWriteRunnableStandard.run(ReadWriteRunnableStandard.java:302)
02-09 22:44:25.254 11243 11322 E RobotCore: java.util.concurrent.ThreadPoolExecutor.runWorker(ThreadPoolExecutor.java:1113)
02-09 22:44:25.254 11243 11322 E RobotCore: java.util.concurrent.ThreadPoolExecutor$Worker.run(ThreadPoolExecutor.java:588)
02-09 22:44:25.254 11243 11322 E RobotCore: java.lang.Thread.run(Thread.java:818)
02-09 22:44:25.254 11243 11322 V RobotCore: thread: ...terminating 'r/w loop: Modern Robotics USB DC Motor Controller [AL00VWH0]'
02-09 22:44:25.255 11243 11319 E RobotCore: com.ftdi.j2xx.ProcessInCtrl.readBulkInData(FT_Device.java:2520)
02-09 22:44:25.255 11243 11319 E RobotCore: com.ftdi.j2xx.FT_Device.read(FT_Device.java:666)
02-09 22:44:25.255 11243 11319 E RobotCore: com.qualcomm.robotcore.hardware.usb.ftdi.RobotUsbDeviceFtdi.read(RobotUsbDeviceFtdi.java:199)
02-09 22:44:25.255 11243 11319 E RobotCore: com.qualcomm.robotcore.hardware.usb.ftdi.RobotUsbDeviceFtdi.read(RobotUsbDeviceFtdi.java:176)
02-09 22:44:25.255 11243 11319 E RobotCore: com.qualcomm.modernrobotics.ReadWriteRunnableUsbHandler.a(SourceFile:77)
02-09 22:44:25.255 11243 11319 E RobotCore: com.qualcomm.modernrobotics.ReadWriteRunnableUsbHandler.read(SourceFile:66)
02-09 22:44:25.255 11243 11319 E RobotCore: com.qualcomm.hardware.modernrobotics.ReadWriteRunnableStandard$1.run(ReadWriteRunnableStandard.java:343)
02-09 22:44:25.255 11243 11306 D BulkIn::: Stop BulkIn thread
02-09 22:44:25.255 11243 11319 E RobotCore: com.qualcomm.robotcore.util.ThreadPool.logThreadLifeCycle(ThreadPool.java:513)
02-09 22:44:25.255 11243 11319 E RobotCore: com.qualcomm.hardware.modernrobotics.ReadWriteRunnableStandard.run(ReadWriteRunnableStandard.java:302)
02-09 22:44:25.255 11243 11319 E RobotCore: java.util.concurrent.ThreadPoolExecutor.runWorker(ThreadPoolExecutor.java:1113)
02-09 22:44:25.255 11243 11319 E RobotCore: java.util.concurrent.ThreadPoolExecutor$Worker.run(ThreadPoolExecutor.java:588)
02-09 22:44:25.255 11243 11319 E RobotCore: java.lang.Thread.run(Thread.java:818)
02-09 22:44:25.255 11243 11342 D RobotCore: system telemetry: key=$System$Warning$ msg="problem communicating with Modern Robotics USB DC Motor Controller [AI049QOP]; problem communicating with Modern Robotics USB Servo Controller [AL00VST0]; problem communicating with Modern Robotics USB DC Motor Controller [AL00VWH0]; problem communicating with Modern Robotics USB Core Device Interface Module [AI02RHDJ]; problem communicating with Modern Robotics USB DC Motor Controller [AL00VBIF]"
02-09 22:44:25.255 11243 11319 V RobotCore: thread: ...terminating 'r/w loop: Modern Robotics USB DC Motor Controller [A104OQ1P]'
02-09 22:44:25.255 11243 11342 V RobotCore: event loop: device has shutdown abnormally
02-09 22:44:25.255 11243 11342 V RobotCore: event loop: detaching device owner
02-09 22:44:25.256 11243 11342 I FIRST   : ======= MODULE DETACH RECOVERY: disarm Modern Robotics USB Core Device Interface Module [AI02RHDJ]=======
02-09 22:44:25.256 11243 11342 V RobotCore: waiting for service ReadWriteRunnable for Modern Robotics USB Device
02-09 22:44:25.257 11243 11342 V RobotCore: awaitTermination returned, isTerminated=true
02-09 22:44:25.257 11243 11342 V RobotCore: executive service ReadWriteRunnable for Modern Robotics USB Device is terminated
02-09 22:44:25.257 11243 11342 I FIRST   : ======= MODULE DETACH RECOVERY: pretend Modern Robotics USB Core Device Interface Module [AI02RHDJ]=======
02-09 22:44:25.257 11243 11342 V RobotCore: Starting up pretend device AI02RHDJ
02-09 22:44:25.258 11243 11367 V RobotCore: thread: 'r/w loop: Modern Robotics USB Core Device Interface Module [AI02RHDJ]' starting...
02-09 22:44:25.259 11243 11342 I FIRST   : ======= MODULE DETACH RECOVERY: complete Modern Robotics USB Core Device Interface Module [AI02RHDJ]=======
02-09 22:44:25.259 11243 11342 V RobotCore: event loop: device has shutdown abnormally
02-09 22:44:25.259 11243 11342 V RobotCore: event loop: detaching device owner
02-09 22:44:25.259 11243 11342 I FIRST   : ======= MODULE DETACH RECOVERY: disarm Modern Robotics USB DC Motor Controller [A104OQ1P]=======
02-09 22:44:25.259 11243 11342 D RobotCore: disarming modern motor controller Modern Robotics USB DC Motor Controller [A104OQ1P]...
02-09 22:44:25.259 11243 11342 V RobotCore: waiting for service ReadWriteRunnable for Modern Robotics USB Device
02-09 22:44:25.259 11243 11307 W System.err: 	at java.util.concurrent.locks.AbstractQueuedSynchronizer.acquireSharedInterruptibly(AbstractQueuedSynchronizer.java:1278)
02-09 22:44:25.259 11243 11302 W System.err: 	at java.lang.NullPointerException: Attempt to invoke virtual method 'int com.ftdi.j2xx.D2xxManager$DriverParameters.getBufferNumber()' on a null object referencejava.lang.NullPointerException: Attempt to invoke virtual method 'int com.ftdi.j2xx.D2xxManager$DriverParameters.getBufferNumber()' on a null object reference
02-09 22:44:25.260 11243 11320 W System.err: java.lang.NullPointerException: Attempt to invoke virtual method 'int com.ftdi.j2xx.D2xxManager$DriverParameters.getBufferNumber()' on a null object reference
02-09 22:44:25.260 11243 11324 W System.err: java.lang.InterruptedException
02-09 22:44:25.260 11243 11302 W System.err: 	at java.lang.InterruptedExceptioncom.ftdi.j2xx.ProcessInCtrl.releaseWritableBuffers(FT_Device.java:2672)
02-09 22:44:25.260 11243 11324 W System.err: 	at java.util.concurrent.locks.AbstractQueuedSynchronizer.doAcquireSharedInterruptibly(AbstractQueuedSynchronizer.java:972)
02-09 22:44:25.260 11243 11307 W System.err: 	at java.util.concurrent.Semaphore.acquire(Semaphore.java:284)
02-09 22:44:25.260 11243 11324 W System.err: java.util.concurrent.locks.AbstractQueuedSynchronizer.acquireSharedInterruptibly(AbstractQueuedSynchronizer.java:1278)
02-09 22:44:25.260 11243 11342 V RobotCore: awaitTermination returned, isTerminated=true
02-09 22:44:25.260 11243 11323 W System.err: 	at com.ftdi.j2xx.ProcessInCtrl.releaseWritableBuffers(FT_Device.java:2672)
02-09 22:44:25.260 11243 11342 V RobotCore: executive service ReadWriteRunnable for Modern Robotics USB Device is terminated
02-09 22:44:25.260 11243 11323 W System.err: 	at com.ftdi.j2xx.BulkInWorker.run(FT_Device.java:2879)
02-09 22:44:25.261 11243 11342 D RobotCore: ...disarming modern motor controller Modern Robotics USB DC Motor Controller [A104OQ1P] complete
02-09 22:44:25.261 11243 11323 W System.err: 	at java.lang.Thread.run(Thread.java:818)
02-09 22:44:25.261 11243 11342 I FIRST   : ======= MODULE DETACH RECOVERY: pretend Modern Robotics USB DC Motor Controller [A104OQ1P]=======
02-09 22:44:25.261 11243 11321 W System.err: 	at java.util.concurrent.locks.AbstractQueuedSynchronizer.doAcquireSharedInterruptibly(AbstractQueuedSynchronizer.java:972)
02-09 22:44:25.261 11243 11342 D RobotCore: arming modern motor controller Modern Robotics USB DC Motor Controller [A104OQ1P] (pretend)...
