02-05 16:20:46.044  6705  6806 I RobotCore: SHOOTER RPM2: 1170.939836827556
02-05 16:20:46.055  6705  6806 I RobotCore: SHOOTER RPM1: 1154.304625885023
02-05 16:20:46.055  6705  6806 I RobotCore: SHOOTER RPM2: 1154.304625885023
02-05 16:20:46.065  6705  6806 I RobotCore: SHOOTER RPM1: 1141.4511649143278
02-05 16:20:46.066  6705  6806 I RobotCore: SHOOTER RPM2: 1141.4511649143278
02-05 16:20:46.076  6705  6806 I RobotCore: SHOOTER RPM1: 1142.7918404662591
02-05 16:20:46.076  6705  6806 I RobotCore: SHOOTER RPM2: 1142.7918404662591
02-05 16:20:46.087  6705  6806 I RobotCore: SHOOTER RPM1: 1160.6905226484962
02-05 16:20:46.087  6705  6806 I RobotCore: SHOOTER RPM2: 1215.961499917472
02-05 16:20:46.098  6705  6806 I RobotCore: SHOOTER RPM1: 1144.9327157425635
02-05 16:20:46.098  6705  6806 I RobotCore: SHOOTER RPM2: 1144.9327157425635
02-05 16:20:46.108  6705  6806 I RobotCore: SHOOTER RPM1: 1221.4010693072487
02-05 16:20:46.108  6705  6806 I RobotCore: SHOOTER RPM2: 1221.4010693072487
02-05 16:20:46.119  6705  6806 I RobotCore: SHOOTER RPM1: 1203.5718730724045
02-05 16:20:46.119  6705  6806 I RobotCore: SHOOTER RPM2: 1203.5718730724045
02-05 16:20:46.129  6705  6806 I RobotCore: SHOOTER RPM1: 1164.2959518291334
02-05 16:20:46.129  6705  6806 I RobotCore: SHOOTER RPM2: 1164.2959518291334
02-05 16:20:46.140  6705  6806 I RobotCore: SHOOTER RPM1: 1162.0883488926593
02-05 16:20:46.140  6705  6806 I RobotCore: SHOOTER RPM2: 1162.0883488926593
02-05 16:20:46.150  6705  6806 I RobotCore: SHOOTER RPM1: 1123.0822612308957
02-05 16:20:46.150  6705  6806 I RobotCore: SHOOTER RPM2: 1123.0822612308957
02-05 16:20:46.161  6705  6806 I RobotCore: SHOOTER RPM1: 1225.8567886239068
02-05 16:20:46.161  6705  6806 I RobotCore: SHOOTER RPM2: 1225.8567886239068
02-05 16:20:46.171  6705  6806 I RobotCore: SHOOTER RPM1: 1167.8068838966708
02-05 16:20:46.171  6705  6806 I RobotCore: SHOOTER RPM2: 1167.8068838966708
02-05 16:20:46.182  6705  6806 I RobotCore: SHOOTER RPM1: 1211.1274550192109
02-05 16:20:46.182  6705  6806 I RobotCore: SHOOTER RPM2: 1211.1274550192109
02-05 16:20:46.192  6705  6806 I RobotCore: SHOOTER RPM1: 1211.6792649604615
02-05 16:20:46.192  6705  6806 I RobotCore: SHOOTER RPM2: 1211.6792649604615
02-05 16:20:46.203  6705  6806 I RobotCore: SHOOTER RPM1: 1150.7210845361085
02-05 16:20:46.203  6705  6806 I RobotCore: SHOOTER RPM2: 1205.5173266568754
02-05 16:20:46.221  6705  6806 I RobotCore: SHOOTER RPM1: 715.1574717394701
02-05 16:20:46.221  6705  6806 I RobotCore: SHOOTER RPM2: 715.1574717394701
02-05 16:20:46.231  6705  6806 I RobotCore: SHOOTER RPM1: 1206.9923259976547
02-05 16:20:46.231  6705  6806 I RobotCore: SHOOTER RPM2: 1206.9923259976547
02-05 16:20:46.242  6705  6806 I RobotCore: SHOOTER RPM1: 1209.6362513715226
02-05 16:20:46.242  6705  6806 I RobotCore: SHOOTER RPM2: 1209.6362513715226
02-05 16:20:46.252  6705  6806 I RobotCore: SHOOTER RPM1: 1211.895357560063
02-05 16:20:46.252  6705  6806 I RobotCore: SHOOTER RPM2: 1211.895357560063
02-05 16:20:46.263  6705  6806 I RobotCore: SHOOTER RPM1: 1202.2529012745156
02-05 16:20:46.263  6705  6806 I RobotCore: SHOOTER RPM2: 1202.2529012745156
02-05 16:20:46.273  6705  6806 I RobotCore: SHOOTER RPM1: 1198.4832510233316
02-05 16:20:46.274  6705  6806 I RobotCore: SHOOTER RPM2: 1198.4832510233316
02-05 16:20:46.284  6705  6806 I RobotCore: SHOOTER RPM1: 1207.9339566457768
02-05 16:20:46.284  6705  6806 I RobotCore: SHOOTER RPM2: 1207.9339566457768
02-05 16:20:46.295  6705  6806 I RobotCore: SHOOTER RPM1: 1206.813640411394
02-05 16:20:46.295  6705  6806 I RobotCore: SHOOTER RPM2: 1206.813640411394
02-05 16:20:46.305  6705  6806 I RobotCore: SHOOTER RPM1: 1207.1591698322347
02-05 16:20:46.305  6705  6806 I RobotCore: SHOOTER RPM2: 1207.1591698322347
02-05 16:20:46.316  6705  6806 I RobotCore: SHOOTER RPM1: 1210.6718509229986
02-05 16:20:46.316  6705  6806 I RobotCore: SHOOTER RPM2: 1210.6718509229986
02-05 16:20:46.326  6705  6806 I RobotCore: SHOOTER RPM1: 1199.7058425975554
02-05 16:20:46.326  6705  6806 I RobotCore: SHOOTER RPM2: 1199.7058425975554
02-05 16:20:46.337  6705  6806 I RobotCore: SHOOTER RPM1: 1220.6818866993146
02-05 16:20:46.337  6705  6806 I RobotCore: SHOOTER RPM2: 1220.6818866993146
02-05 16:20:46.347  6705  6806 I RobotCore: SHOOTER RPM1: 1188.8094675944467
02-05 16:20:46.348  6705  6806 I RobotCore: SHOOTER RPM2: 1188.8094675944467
02-05 16:20:46.358  6705  6806 I RobotCore: SHOOTER RPM1: 1206.9387033331798
02-05 16:20:46.358  6705  6806 I RobotCore: SHOOTER RPM2: 1206.9387033331798
02-05 16:20:46.369  6705  6806 I RobotCore: SHOOTER RPM1: 1194.626379837679
02-05 16:20:46.369  6705  6806 I RobotCore: SHOOTER RPM2: 1194.626379837679
02-05 16:20:46.379  6705  6806 I RobotCore: SHOOTER RPM1: 1216.3725532631076
02-05 16:20:46.379  6705  6806 I RobotCore: SHOOTER RPM2: 1216.3725532631076
02-05 16:20:46.390  6705  6806 I RobotCore: SHOOTER RPM1: 1209.564480261993
02-05 16:20:46.390  6705  6806 I RobotCore: SHOOTER RPM2: 1209.564480261993
02-05 16:20:46.400  6705  6806 I RobotCore: SHOOTER RPM1: 1219.0577789460506
02-05 16:20:46.400  6705  6806 I RobotCore: SHOOTER RPM2: 1219.0577789460506
02-05 16:20:46.411  6705  6806 I RobotCore: SHOOTER RPM1: 1206.087895751803
02-05 16:20:46.411  6705  6806 I RobotCore: SHOOTER RPM2: 1206.087895751803
02-05 16:20:46.421  6705  6806 I RobotCore: SHOOTER RPM1: 1213.0009971776112
02-05 16:20:46.421  6705  6806 I RobotCore: SHOOTER RPM2: 1213.0009971776112
02-05 16:20:46.445  6705  6806 I RobotCore: SHOOTER RPM1: 564.1935864036159
02-05 16:20:46.445  6705  6806 I RobotCore: SHOOTER RPM2: 564.1935864036159
02-05 16:20:46.455  6705  6806 I RobotCore: SHOOTER RPM1: 1211.4092287619715
02-05 16:20:46.455  6705  6806 I RobotCore: SHOOTER RPM2: 1211.4092287619715
02-05 16:20:46.466  6705  6806 I RobotCore: SHOOTER RPM1: 1225.4576878642984
02-05 16:20:46.466  6705  6806 I RobotCore: SHOOTER RPM2: 1281.1603100399484
02-05 16:20:46.476  6705  6806 I RobotCore: SHOOTER RPM1: 1245.9462155759297
02-05 16:20:46.476  6705  6806 I RobotCore: SHOOTER RPM2: 1245.9462155759297
02-05 16:20:46.487  6705  6806 I RobotCore: SHOOTER RPM1: 1238.7347936377114
02-05 16:20:46.487  6705  6806 I RobotCore: SHOOTER RPM2: 1238.7347936377114
02-05 16:20:46.498  6705  6806 I RobotCore: SHOOTER RPM1: 1202.1996988878102
02-05 16:20:46.498  6705  6806 I RobotCore: SHOOTER RPM2: 1202.1996988878102
02-05 16:20:46.508  6705  6806 I RobotCore: SHOOTER RPM1: 1204.8284569423397
02-05 16:20:46.508  6705  6806 I RobotCore: SHOOTER RPM2: 1204.8284569423397
02-05 16:20:46.519  6705  6806 I RobotCore: SHOOTER RPM1: 1210.3604100279276
02-05 16:20:46.519  6705  6806 I RobotCore: SHOOTER RPM2: 1210.3604100279276
02-05 16:20:46.529  6705  6806 I RobotCore: SHOOTER RPM1: 1205.588618269328
02-05 16:20:46.530  6705  6806 I RobotCore: SHOOTER RPM2: 1205.588618269328
02-05 16:20:46.540  6705  6806 I RobotCore: SHOOTER RPM1: 1209.9532944718846
02-05 16:20:46.540  6705  6806 I RobotCore: SHOOTER RPM2: 1209.9532944718846
02-05 16:20:46.550  6705  6806 I RobotCore: SHOOTER RPM1: 1211.4213225183198
02-05 16:20:46.551  6705  6806 I RobotCore: SHOOTER RPM2: 1211.4213225183198
02-05 16:20:46.561  6705  6806 I RobotCore: SHOOTER RPM1: 1207.325830994522
02-05 16:20:46.561  6705  6806 I RobotCore: SHOOTER RPM2: 1207.325830994522
02-05 16:20:46.572  6705  6806 I RobotCore: SHOOTER RPM1: 1199.9941929008294
02-05 16:20:46.572  6705  6806 I RobotCore: SHOOTER RPM2: 1199.9941929008294
02-05 16:20:46.582  6705  6806 I RobotCore: SHOOTER RPM1: 1211.2773649001847
02-05 16:20:46.582  6705  6806 I RobotCore: SHOOTER RPM2: 1211.2773649001847
02-05 16:20:46.593  6705  6806 I RobotCore: SHOOTER RPM1: 1210.3783468821332
02-05 16:20:46.593  6705  6806 I RobotCore: SHOOTER RPM2: 1210.3783468821332
02-05 16:20:46.604  6705  6806 I RobotCore: SHOOTER RPM1: 1176.2795214413702
02-05 16:20:46.604  6705  6806 I RobotCore: SHOOTER RPM2: 1176.2795214413702
02-05 16:20:46.614  6705  6806 I RobotCore: SHOOTER RPM1: 1210.2107270150132
02-05 16:20:46.614  6705  6806 I RobotCore: SHOOTER RPM2: 1210.2107270150132
02-05 16:20:46.625  6705  6806 I RobotCore: SHOOTER RPM1: 1211.9194494564895
02-05 16:20:46.625  6705  6806 I RobotCore: SHOOTER RPM2: 1211.9194494564895
02-05 16:20:46.635  6705  6806 I RobotCore: SHOOTER RPM1: 1209.3790631460283
02-05 16:20:46.635  6705  6806 I RobotCore: SHOOTER RPM2: 1209.3790631460283
02-05 16:20:46.664  6705  6806 I RobotCore: SHOOTER RPM1: 453.7747472529637
02-05 16:20:46.665  6705  6806 I RobotCore: SHOOTER RPM2: 453.7747472529637
02-05 16:20:46.675  6705  6806 I RobotCore: SHOOTER RPM1: 1215.5626689472567
02-05 16:20:46.675  6705  6806 I RobotCore: SHOOTER RPM2: 1215.5626689472567
02-05 16:20:46.685  6705  6806 I RobotCore: SHOOTER RPM1: 1222.1638878872002
02-05 16:20:46.685  6705  6806 I RobotCore: SHOOTER RPM2: 1222.1638878872002
02-05 16:20:46.696  6705  6806 I RobotCore: SHOOTER RPM1: 1261.388877253643
02-05 16:20:46.696  6705  6806 I RobotCore: SHOOTER RPM2: 1261.388877253643
02-05 16:20:46.706  6705  6806 I RobotCore: SHOOTER RPM1: 1279.1417948945698
02-05 16:20:46.706  6705  6806 I RobotCore: SHOOTER RPM2: 1279.1417948945698
02-05 16:20:46.718  6705  6806 I RobotCore: SHOOTER RPM1: 1167.6028921239351
02-05 16:20:46.718  6705  6806 I RobotCore: SHOOTER RPM2: 1167.6028921239351
02-05 16:20:46.728  6705  6806 I RobotCore: SHOOTER RPM1: 1257.5372499847365
02-05 16:20:46.728  6705  6806 I RobotCore: SHOOTER RPM2: 1257.5372499847365
02-05 16:20:46.739  6705  6806 I RobotCore: SHOOTER RPM1: 1265.9404413286782
02-05 16:20:46.739  6705  6806 I RobotCore: SHOOTER RPM2: 1210.8995525752573
02-05 16:20:46.749  6705  6806 I RobotCore: SHOOTER RPM1: 1261.8183193035118
02-05 16:20:46.749  6705  6806 I RobotCore: SHOOTER RPM2: 1261.8183193035118
02-05 16:20:46.760  6705  6806 I RobotCore: SHOOTER RPM1: 1280.6598553503973
02-05 16:20:46.760  6705  6806 I RobotCore: SHOOTER RPM2: 1224.978992074293
02-05 16:20:46.770  6705  6806 I RobotCore: SHOOTER RPM1: 1274.8316333741725
02-05 16:20:46.770  6705  6806 I RobotCore: SHOOTER RPM2: 1274.8316333741725
02-05 16:20:46.781  6705  6806 I RobotCore: SHOOTER RPM1: 1217.2320073921305
02-05 16:20:46.781  6705  6806 I RobotCore: SHOOTER RPM2: 1217.2320073921305
02-05 16:20:46.791  6705  6806 I RobotCore: SHOOTER RPM1: 1261.351491156626
02-05 16:20:46.791  6705  6806 I RobotCore: SHOOTER RPM2: 1206.510121975903
02-05 16:20:46.802  6705  6806 I RobotCore: SHOOTER RPM1: 1266.0972266556778
02-05 16:20:46.802  6705  6806 I RobotCore: SHOOTER RPM2: 1211.0495211489092
02-05 16:20:46.812  6705  6806 I RobotCore: SHOOTER RPM1: 1262.7028580041742
02-05 16:20:46.812  6705  6806 I RobotCore: SHOOTER RPM2: 1207.802733743123
02-05 16:20:46.823  6705  6806 I RobotCore: SHOOTER RPM1: 1205.897608008071
02-05 16:20:46.823  6705  6806 I RobotCore: SHOOTER RPM2: 1205.897608008071
02-05 16:20:46.834  6705  6806 I RobotCore: SHOOTER RPM1: 1204.0516170535811
02-05 16:20:46.834  6705  6806 I RobotCore: SHOOTER RPM2: 1204.0516170535811
02-05 16:20:46.844  6705  6806 I RobotCore: SHOOTER RPM1: 1197.843609266137
02-05 16:20:46.844  6705  6806 I RobotCore: SHOOTER RPM2: 1197.843609266137
02-05 16:20:46.855  6705  6806 I RobotCore: SHOOTER RPM1: 1265.783935390945
02-05 16:20:46.855  6705  6806 I RobotCore: SHOOTER RPM2: 1265.783935390945
02-05 16:20:46.865  6705  6806 I RobotCore: SHOOTER RPM1: 1199.2293290083398
02-05 16:20:46.865  6705  6806 I RobotCore: SHOOTER RPM2: 1199.2293290083398
02-05 16:20:46.876  6705  6806 I RobotCore: SHOOTER RPM1: 1256.857473117756
02-05 16:20:46.876  6705  6806 I RobotCore: SHOOTER RPM2: 1256.857473117756
02-05 16:20:46.887  6705  6806 I RobotCore: SHOOTER RPM1: 1196.4786155062998
02-05 16:20:46.887  6705  6806 I RobotCore: SHOOTER RPM2: 1196.4786155062998
02-05 16:20:46.897  6705  6806 I RobotCore: SHOOTER RPM1: 1242.1339679245282
02-05 16:20:46.897  6705  6806 I RobotCore: SHOOTER RPM2: 1188.1281432321573
02-05 16:20:46.908  6705  6806 I RobotCore: SHOOTER RPM1: 1273.625390126316
02-05 16:20:46.908  6705  6806 I RobotCore: SHOOTER RPM2: 1273.625390126316
02-05 16:20:46.918  6705  6806 I RobotCore: SHOOTER RPM1: 1243.668163199003
02-05 16:20:46.919  6705  6806 I RobotCore: SHOOTER RPM2: 1189.5956343642636
02-05 16:20:46.929  6705  6806 I RobotCore: SHOOTER RPM1: 1255.931602049409
02-05 16:20:46.929  6705  6806 I RobotCore: SHOOTER RPM2: 1255.931602049409
02-05 16:20:46.950  6705  6806 I RobotCore: SHOOTER RPM1: 632.4803006315192
02-05 16:20:46.950  6705  6806 I RobotCore: SHOOTER RPM2: 632.4803006315192
02-05 16:20:46.961  6705  6806 I RobotCore: SHOOTER RPM1: 1257.018066218892
02-05 16:20:46.961  6705  6806 I RobotCore: SHOOTER RPM2: 1257.018066218892
02-05 16:20:46.971  6705  6806 I RobotCore: SHOOTER RPM1: 1245.5518486837416
02-05 16:20:46.972  6705  6806 I RobotCore: SHOOTER RPM2: 1245.5518486837416
02-05 16:20:46.982  6705  6806 I RobotCore: SHOOTER RPM1: 1253.3712179957636
02-05 16:20:46.982  6705  6806 I RobotCore: SHOOTER RPM2: 1253.3712179957636
02-05 16:20:46.993  6705  6806 I RobotCore: SHOOTER RPM1: 1256.8141887936572
02-05 16:20:46.993  6705  6806 I RobotCore: SHOOTER RPM2: 1256.8141887936572
02-05 16:20:47.003  6705  6806 I RobotCore: SHOOTER RPM1: 1199.6468789244836
02-05 16:20:47.003  6705  6806 I RobotCore: SHOOTER RPM2: 1199.6468789244836
02-05 16:20:47.014  6705  6806 I RobotCore: SHOOTER RPM1: 1263.451527116722
02-05 16:20:47.014  6705  6806 I RobotCore: SHOOTER RPM2: 1263.451527116722
02-05 16:20:47.024  6705  6806 I RobotCore: SHOOTER RPM1: 1261.9988343461803
02-05 16:20:47.024  6705  6806 I RobotCore: SHOOTER RPM2: 1261.9988343461803
02-05 16:20:47.035  6705  6806 I RobotCore: SHOOTER RPM1: 1262.9460092733536
02-05 16:20:47.035  6705  6806 I RobotCore: SHOOTER RPM2: 1208.0353132179905
02-05 16:20:47.045  6705  6806 I RobotCore: SHOOTER RPM1: 1261.5818151829237
02-05 16:20:47.046  6705  6806 I RobotCore: SHOOTER RPM2: 1206.7304319141008
02-05 16:20:47.056  6705  6806 I RobotCore: SHOOTER RPM1: 1260.6116309393794
02-05 16:20:47.056  6705  6806 I RobotCore: SHOOTER RPM2: 1205.802429594189
02-05 16:20:47.067  6705  6806 I RobotCore: SHOOTER RPM1: 1262.8462712075966
02-05 16:20:47.067  6705  6806 I RobotCore: SHOOTER RPM2: 1262.8462712075966
02-05 16:20:47.077  6705  6806 I RobotCore: SHOOTER RPM1: 1265.8903937146472
02-05 16:20:47.077  6705  6806 I RobotCore: SHOOTER RPM2: 1210.8516809444452
02-05 16:20:47.088  6705  6806 I RobotCore: SHOOTER RPM1: 1262.659289826564
02-05 16:20:47.088  6705  6806 I RobotCore: SHOOTER RPM2: 1262.659289826564
02-05 16:20:47.098  6705  6806 I RobotCore: SHOOTER RPM1: 1262.889972022397
02-05 16:20:47.098  6705  6806 I RobotCore: SHOOTER RPM2: 1262.889972022397
02-05 16:20:47.109  6705  6806 I RobotCore: SHOOTER RPM1: 1264.8698530716108
02-05 16:20:47.109  6705  6806 I RobotCore: SHOOTER RPM2: 1209.8755116337147
02-05 16:20:47.119  6705  6806 I RobotCore: SHOOTER RPM1: 1226.6558886088567
02-05 16:20:47.119  6705  6806 I RobotCore: SHOOTER RPM2: 1226.6558886088567
02-05 16:20:47.130  6705  6806 I RobotCore: SHOOTER RPM1: 1212.009485547633
02-05 16:20:47.130  6705  6806 I RobotCore: SHOOTER RPM2: 1212.009485547633
02-05 16:20:47.140  6705  6806 I RobotCore: SHOOTER RPM1: 1247.9768694280588
02-05 16:20:47.140  6705  6806 I RobotCore: SHOOTER RPM2: 1193.7170055398824
02-05 16:20:47.159  6705  6806 I RobotCore: SHOOTER RPM1: 713.0391874453434
02-05 16:20:47.159  6705  6806 I RobotCore: SHOOTER RPM2: 713.0391874453434
02-05 16:20:47.169  6705  6806 I RobotCore: SHOOTER RPM1: 1269.7176692667638
02-05 16:20:47.170  6705  6806 I RobotCore: SHOOTER RPM2: 1269.7176692667638
02-05 16:20:47.180  6705  6806 I RobotCore: SHOOTER RPM1: 1262.2168362368827
02-05 16:20:47.180  6705  6806 I RobotCore: SHOOTER RPM2: 1262.2168362368827
02-05 16:20:47.190  6705  6806 I RobotCore: SHOOTER RPM1: 1272.3454653554695
02-05 16:20:47.191  6705  6806 I RobotCore: SHOOTER RPM2: 1272.3454653554695
02-05 16:20:47.201  6705  6806 I RobotCore: SHOOTER RPM1: 1262.0362588277476
02-05 16:20:47.201  6705  6806 I RobotCore: SHOOTER RPM2: 1262.0362588277476
02-05 16:20:47.212  6705  6806 I RobotCore: SHOOTER RPM1: 1217.9471294598645
02-05 16:20:47.212  6705  6806 I RobotCore: SHOOTER RPM2: 1217.9471294598645
02-05 16:20:47.223  6705  6806 I RobotCore: SHOOTER RPM1: 1198.5962982355982
02-05 16:20:47.223  6705  6806 I RobotCore: SHOOTER RPM2: 1146.4834157036157
02-05 16:20:47.233  6705  6806 I RobotCore: SHOOTER RPM1: 1210.132911075863
02-05 16:20:47.233  6705  6806 I RobotCore: SHOOTER RPM2: 1210.132911075863
02-05 16:20:47.244  6705  6806 I RobotCore: SHOOTER RPM1: 1209.8037121302555
02-05 16:20:47.244  6705  6806 I RobotCore: SHOOTER RPM2: 1209.8037121302555
02-05 16:20:47.254  6705  6806 I RobotCore: SHOOTER RPM1: 1258.347795843697
02-05 16:20:47.254  6705  6806 I RobotCore: SHOOTER RPM2: 1203.6370221113625
02-05 16:20:47.265  6705  6806 I RobotCore: SHOOTER RPM1: 1209.4509270580443
02-05 16:20:47.265  6705  6806 I RobotCore: SHOOTER RPM2: 1209.4509270580443
02-05 16:20:47.275  6705  6806 I RobotCore: SHOOTER RPM1: 1210.3244229430254
02-05 16:20:47.275  6705  6806 I RobotCore: SHOOTER RPM2: 1210.3244229430254
02-05 16:20:47.286  6705  6806 I RobotCore: SHOOTER RPM1: 1252.978266235952
02-05 16:20:47.286  6705  6806 I RobotCore: SHOOTER RPM2: 1198.5009503126498
02-05 16:20:47.297  6705  6806 I RobotCore: SHOOTER RPM1: 1176.353044355088
02-05 16:20:47.297  6705  6806 I RobotCore: SHOOTER RPM2: 1176.353044355088
02-05 16:20:47.307  6705  6806 I RobotCore: SHOOTER RPM1: 1252.0457424888396
02-05 16:20:47.308  6705  6806 I RobotCore: SHOOTER RPM2: 1197.6089710762813
02-05 16:20:47.318  6705  6806 I RobotCore: SHOOTER RPM1: 1208.1308444716205
02-05 16:20:47.318  6705  6806 I RobotCore: SHOOTER RPM2: 1208.1308444716205
02-05 16:20:47.329  6705  6806 I RobotCore: SHOOTER RPM1: 1204.6090686478656
02-05 16:20:47.329  6705  6806 I RobotCore: SHOOTER RPM2: 1204.6090686478656
02-05 16:20:47.339  6705  6806 I RobotCore: SHOOTER RPM1: 1203.062861991157
02-05 16:20:47.339  6705  6806 I RobotCore: SHOOTER RPM2: 1203.062861991157
02-05 16:20:47.350  6705  6806 I RobotCore: SHOOTER RPM1: 1265.251551704228
02-05 16:20:47.350  6705  6806 I RobotCore: SHOOTER RPM2: 1210.2406146736093
02-05 16:20:47.375  6705  6806 I RobotCore: SHOOTER RPM1: 529.9567662806174
02-05 16:20:47.375  6705  6806 I RobotCore: SHOOTER RPM2: 529.9567662806174
02-05 16:20:47.385  6705  6806 I RobotCore: SHOOTER RPM1: 1313.9701595340116
02-05 16:20:47.385  6705  6806 I RobotCore: SHOOTER RPM2: 1259.221402886761
02-05 16:20:47.397  6705  6806 I RobotCore: SHOOTER RPM1: 1178.2589176779768
02-05 16:20:47.397  6705  6806 I RobotCore: SHOOTER RPM2: 1178.2589176779768
02-05 16:20:47.407  6705  6806 I RobotCore: SHOOTER RPM1: 1256.4869846307672
02-05 16:20:47.407  6705  6806 I RobotCore: SHOOTER RPM2: 1256.4869846307672
02-05 16:20:47.418  6705  6806 I RobotCore: SHOOTER RPM1: 1264.8824645494665
02-05 16:20:47.418  6705  6806 I RobotCore: SHOOTER RPM2: 1209.8875747864463
02-05 16:20:47.428  6705  6806 I RobotCore: SHOOTER RPM1: 1262.272813765357
02-05 16:20:47.428  6705  6806 I RobotCore: SHOOTER RPM2: 1262.272813765357
02-05 16:20:47.439  6705  6806 I RobotCore: SHOOTER RPM1: 1279.6154947269401
02-05 16:20:47.439  6705  6806 I RobotCore: SHOOTER RPM2: 1279.6154947269401
02-05 16:20:47.449  6705  6806 I RobotCore: SHOOTER RPM1: 1274.202751365614
02-05 16:20:47.449  6705  6806 I RobotCore: SHOOTER RPM2: 1274.202751365614
02-05 16:20:47.460  6705  6806 I RobotCore: SHOOTER RPM1: 1266.6741650595254
02-05 16:20:47.460  6705  6806 I RobotCore: SHOOTER RPM2: 1266.6741650595254
02-05 16:20:47.470  6705  6806 I RobotCore: SHOOTER RPM1: 1252.7817060039283
02-05 16:20:47.470  6705  6806 I RobotCore: SHOOTER RPM2: 1252.7817060039283
02-05 16:20:47.481  6705  6806 I RobotCore: SHOOTER RPM1: 1271.5927768847864
02-05 16:20:47.481  6705  6806 I RobotCore: SHOOTER RPM2: 1271.5927768847864
02-05 16:20:47.491  6705  6806 I RobotCore: SHOOTER RPM1: 1279.6025877489924
02-05 16:20:47.491  6705  6806 I RobotCore: SHOOTER RPM2: 1223.967692629471
02-05 16:20:47.502  6705  6806 I RobotCore: SHOOTER RPM1: 1213.446337418443
02-05 16:20:47.502  6705  6806 I RobotCore: SHOOTER RPM2: 1213.446337418443
02-05 16:20:47.512  6705  6806 I RobotCore: SHOOTER RPM1: 1276.1228024735344
02-05 16:20:47.512  6705  6806 I RobotCore: SHOOTER RPM2: 1220.6392023659894
02-05 16:20:47.523  6705  6806 I RobotCore: SHOOTER RPM1: 1282.5287931143425
02-05 16:20:47.523  6705  6806 I RobotCore: SHOOTER RPM2: 1226.7666716745885
02-05 16:20:47.533  6705  6806 I RobotCore: SHOOTER RPM1: 1282.8246083874283
02-05 16:20:47.533  6705  6806 I RobotCore: SHOOTER RPM2: 1282.8246083874283
02-05 16:20:47.544  6705  6806 I RobotCore: SHOOTER RPM1: 1246.7418835633491
02-05 16:20:47.544  6705  6806 I RobotCore: SHOOTER RPM2: 1192.5357147127686
02-05 16:20:47.554  6705  6806 I RobotCore: SHOOTER RPM1: 1279.4106118293073
02-05 16:20:47.554  6705  6806 I RobotCore: SHOOTER RPM2: 1223.7840634889028
02-05 16:20:47.565  6705  6806 I RobotCore: SHOOTER RPM1: 1275.2066725513673
02-05 16:20:47.565  6705  6806 I RobotCore: SHOOTER RPM2: 1219.7629041795687
02-05 16:20:47.575  6705  6806 I RobotCore: SHOOTER RPM1: 1260.8975404420544
02-05 16:20:47.575  6705  6806 I RobotCore: SHOOTER RPM2: 1206.0759082489215
02-05 16:20:47.586  6705  6806 I RobotCore: SHOOTER RPM1: 1278.138170610669
02-05 16:20:47.586  6705  6806 I RobotCore: SHOOTER RPM2: 1222.5669458015093
02-05 16:20:47.596  6705  6806 I RobotCore: SHOOTER RPM1: 1222.9580615935654
02-05 16:20:47.596  6705  6806 I RobotCore: SHOOTER RPM2: 1222.9580615935654
02-05 16:20:47.607  6705  6806 I RobotCore: SHOOTER RPM1: 1200.3768777450484
02-05 16:20:47.607  6705  6806 I RobotCore: SHOOTER RPM2: 1200.3768777450484
02-05 16:20:47.617  6705  6806 I RobotCore: SHOOTER RPM1: 1258.6946430291644
02-05 16:20:47.617  6705  6806 I RobotCore: SHOOTER RPM2: 1203.968788984418
02-05 16:20:47.628  6705  6806 I RobotCore: SHOOTER RPM1: 1262.39746532895
02-05 16:20:47.628  6705  6806 I RobotCore: SHOOTER RPM2: 1207.5106190103
02-05 16:20:47.638  6705  6806 I RobotCore: SHOOTER RPM1: 1277.0086633648375
02-05 16:20:47.638  6705  6806 I RobotCore: SHOOTER RPM2: 1221.4865475663662
02-05 16:20:47.649  6705  6806 I RobotCore: SHOOTER RPM1: 1214.5969542031394
02-05 16:20:47.649  6705  6806 I RobotCore: SHOOTER RPM2: 1214.5969542031394
02-05 16:20:47.672  6705  6806 I RobotCore: SHOOTER RPM1: 559.6502711000905
02-05 16:20:47.672  6705  6806 I RobotCore: SHOOTER RPM2: 559.6502711000905
02-05 16:20:47.683  6705  6806 I RobotCore: SHOOTER RPM1: 1281.4620280954935
02-05 16:20:47.683  6705  6806 I RobotCore: SHOOTER RPM2: 1281.4620280954935
02-05 16:20:47.693  6705  6806 I RobotCore: SHOOTER RPM1: 1272.0606580377084
02-05 16:20:47.693  6705  6806 I RobotCore: SHOOTER RPM2: 1272.0606580377084
02-05 16:20:47.704  6705  6806 I RobotCore: SHOOTER RPM1: 1272.719042946976
02-05 16:20:47.704  6705  6806 I RobotCore: SHOOTER RPM2: 1272.719042946976
02-05 16:20:47.714  6705  6806 I RobotCore: SHOOTER RPM1: 1253.881255406193
02-05 16:20:47.714  6705  6806 I RobotCore: SHOOTER RPM2: 1199.3646790841847
02-05 16:20:47.725  6705  6806 I RobotCore: SHOOTER RPM1: 1260.8851276543403
02-05 16:20:47.725  6705  6806 I RobotCore: SHOOTER RPM2: 1206.0640351476297
02-05 16:20:47.736  6705  6806 I RobotCore: SHOOTER RPM1: 1259.7175097067523
02-05 16:20:47.736  6705  6806 I RobotCore: SHOOTER RPM2: 1204.947183197763
02-05 16:20:47.746  6705  6806 I RobotCore: SHOOTER RPM1: 1270.0078457882087
02-05 16:20:47.746  6705  6806 I RobotCore: SHOOTER RPM2: 1214.7901133626342
02-05 16:20:47.757  6705  6806 I RobotCore: SHOOTER RPM1: 1264.3196370260137
02-05 16:20:47.757  6705  6806 I RobotCore: SHOOTER RPM2: 1209.3492180248825
02-05 16:20:47.767  6705  6806 I RobotCore: SHOOTER RPM1: 1265.7461680405193
02-05 16:20:47.767  6705  6806 I RobotCore: SHOOTER RPM2: 1210.713725951801
02-05 16:20:47.778  6705  6806 I RobotCore: SHOOTER RPM1: 1261.3080161823714
02-05 16:20:47.778  6705  6806 I RobotCore: SHOOTER RPM2: 1206.4685372179204
02-05 16:20:47.788  6705  6806 I RobotCore: SHOOTER RPM1: 1263.9822768200756
02-05 16:20:47.788  6705  6806 I RobotCore: SHOOTER RPM2: 1209.0265256539853
02-05 16:20:47.799  6705  6806 I RobotCore: SHOOTER RPM1: 1263.1331953667498
02-05 16:20:47.799  6705  6806 I RobotCore: SHOOTER RPM2: 1208.2143607855867
02-05 16:20:47.809  6705  6806 I RobotCore: SHOOTER RPM1: 1253.358835017451
02-05 16:20:47.809  6705  6806 I RobotCore: SHOOTER RPM2: 1198.864972625388
02-05 16:20:47.820  6705  6806 I RobotCore: SHOOTER RPM1: 1264.9950181122865
02-05 16:20:47.820  6705  6806 I RobotCore: SHOOTER RPM2: 1209.9952347161002
02-05 16:20:47.830  6705  6806 I RobotCore: SHOOTER RPM1: 1258.4035496008507
02-05 16:20:47.831  6705  6806 I RobotCore: SHOOTER RPM2: 1203.690351792118
02-05 16:20:47.841  6705  6806 I RobotCore: SHOOTER RPM1: 1265.1075917076905
02-05 16:20:47.841  6705  6806 I RobotCore: SHOOTER RPM2: 1210.1029138073561
02-05 16:20:47.851  6705  6806 I RobotCore: SHOOTER RPM1: 1279.3082564147176
02-05 16:20:47.851  6705  6806 I RobotCore: SHOOTER RPM2: 1223.6861583097298
02-05 16:20:47.867  6705  6806 I RobotCore: SHOOTER RPM1: 860.3242599491277
02-05 16:20:47.867  6705  6806 I RobotCore: SHOOTER RPM2: 860.3242599491277
02-05 16:20:47.877  6705  6806 I RobotCore: SHOOTER RPM1: 1262.0485747176238
02-05 16:20:47.877  6705  6806 I RobotCore: SHOOTER RPM2: 1207.176897555988
02-05 16:20:47.888  6705  6806 I RobotCore: SHOOTER RPM1: 1279.391441981839
02-05 16:20:47.888  6705  6806 I RobotCore: SHOOTER RPM2: 1223.7657271130633
02-05 16:20:47.898  6705  6806 I RobotCore: SHOOTER RPM1: 1273.841093130259
02-05 16:20:47.898  6705  6806 I RobotCore: SHOOTER RPM2: 1218.4566977767695
02-05 16:20:47.909  6705  6806 I RobotCore: SHOOTER RPM1: 1268.3764955598676
02-05 16:20:47.909  6705  6806 I RobotCore: SHOOTER RPM2: 1213.2296914050908
02-05 16:20:47.919  6705  6806 I RobotCore: SHOOTER RPM1: 1200.612488750152
02-05 16:20:47.919  6705  6806 I RobotCore: SHOOTER RPM2: 1200.612488750152
02-05 16:20:47.930  6705  6806 I RobotCore: SHOOTER RPM1: 1210.3184444652863
02-05 16:20:47.930  6705  6806 I RobotCore: SHOOTER RPM2: 1210.3184444652863
02-05 16:20:47.940  6705  6806 I RobotCore: SHOOTER RPM1: 1215.1098642080815
02-05 16:20:47.940  6705  6806 I RobotCore: SHOOTER RPM2: 1215.1098642080815
02-05 16:20:47.951  6705  6806 I RobotCore: SHOOTER RPM1: 1210.7737825600916
02-05 16:20:47.951  6705  6806 I RobotCore: SHOOTER RPM2: 1210.7737825600916
02-05 16:20:47.961  6705  6806 I RobotCore: SHOOTER RPM1: 1266.141032413064
02-05 16:20:47.962  6705  6806 I RobotCore: SHOOTER RPM2: 1211.0914223081484
02-05 16:20:47.972  6705  6806 I RobotCore: SHOOTER RPM1: 1224.0534129282596
02-05 16:20:47.972  6705  6806 I RobotCore: SHOOTER RPM2: 1224.0534129282596
02-05 16:20:47.982  6705  6806 I RobotCore: SHOOTER RPM1: 1223.0742828102182
02-05 16:20:47.982  6705  6806 I RobotCore: SHOOTER RPM2: 1223.0742828102182
02-05 16:20:47.993  6705  6806 I RobotCore: SHOOTER RPM1: 1266.5611920762924
02-05 16:20:47.993  6705  6806 I RobotCore: SHOOTER RPM2: 1211.493314159932
02-05 16:20:48.003  6705  6806 I RobotCore: SHOOTER RPM1: 1280.0830257249606
02-05 16:20:48.003  6705  6806 I RobotCore: SHOOTER RPM2: 1224.4272419977885
02-05 16:20:48.015  6705  6806 I RobotCore: SHOOTER RPM1: 1093.020133373556
02-05 16:20:48.015  6705  6806 I RobotCore: SHOOTER RPM2: 1043.3374000383944
02-05 16:20:48.026  6705  6806 I RobotCore: SHOOTER RPM1: 1244.4426702739913
02-05 16:20:48.026  6705  6806 I RobotCore: SHOOTER RPM2: 1190.3364672186003
02-05 16:20:48.036  6705  6806 I RobotCore: SHOOTER RPM1: 1270.455779277176
02-05 16:20:48.036  6705  6806 I RobotCore: SHOOTER RPM2: 1215.2185714825162
02-05 16:20:48.046  6705  6806 I RobotCore: SHOOTER RPM1: 1220.5783969644585
02-05 16:20:48.047  6705  6806 I RobotCore: SHOOTER RPM2: 1220.5783969644585
02-05 16:20:48.057  6705  6806 I RobotCore: SHOOTER RPM1: 1210.4561943903266
02-05 16:20:48.057  6705  6806 I RobotCore: SHOOTER RPM2: 1210.4561943903266
02-05 16:20:48.068  6705  6806 I RobotCore: SHOOTER RPM1: 1267.7791822921506
02-05 16:20:48.068  6705  6806 I RobotCore: SHOOTER RPM2: 1212.6583482794485
02-05 16:20:48.079  6705  6806 I RobotCore: SHOOTER RPM1: 1141.7905554716147
02-05 16:20:48.079  6705  6806 I RobotCore: SHOOTER RPM2: 1141.7905554716147
02-05 16:20:48.089  6705  6806 I RobotCore: SHOOTER RPM1: 1273.3970998016382
02-05 16:20:48.089  6705  6806 I RobotCore: SHOOTER RPM2: 1218.0320085059147
02-05 16:20:48.100  6705  6806 I RobotCore: SHOOTER RPM1: 1208.399420911269
02-05 16:20:48.100  6705  6806 I RobotCore: SHOOTER RPM2: 1208.399420911269
02-05 16:20:48.111  6705  6806 I RobotCore: SHOOTER RPM1: 1210.3781519134686
02-05 16:20:48.111  6705  6806 I RobotCore: SHOOTER RPM2: 1157.7530148737526
02-05 16:20:48.121  6705  6806 I RobotCore: SHOOTER RPM1: 1205.4696515314834
02-05 16:20:48.121  6705  6806 I RobotCore: SHOOTER RPM2: 1205.4696515314834
02-05 16:20:48.132  6705  6806 I RobotCore: SHOOTER RPM1: 1273.4986332319882
02-05 16:20:48.132  6705  6806 I RobotCore: SHOOTER RPM2: 1218.129127439293
02-05 16:20:48.143  6705  6806 I RobotCore: SHOOTER RPM1: 1192.5102327125444
02-05 16:20:48.143  6705  6806 I RobotCore: SHOOTER RPM2: 1140.6619617250424
02-05 16:20:48.153  6705  6806 I RobotCore: SHOOTER RPM1: 1270.4304549798112
02-05 16:20:48.153  6705  6806 I RobotCore: SHOOTER RPM2: 1215.1943482415586
02-05 16:20:48.173  6705  6806 I RobotCore: SHOOTER RPM1: 677.1807688196617
02-05 16:20:48.173  6705  6806 I RobotCore: SHOOTER RPM2: 647.7381266970676
02-05 16:20:48.183  6705  6806 I RobotCore: SHOOTER RPM1: 1277.8125186605766
02-05 16:20:48.184  6705  6806 I RobotCore: SHOOTER RPM2: 1222.255452631856
02-05 16:20:48.194  6705  6806 I RobotCore: SHOOTER RPM1: 1281.3592209360004
02-05 16:20:48.194  6705  6806 I RobotCore: SHOOTER RPM2: 1225.6479504605222
02-05 16:20:48.204  6705  6806 I RobotCore: SHOOTER RPM1: 1263.8197795397466
02-05 16:20:48.204  6705  6806 I RobotCore: SHOOTER RPM2: 1263.8197795397466
02-05 16:20:48.221  6705  6806 I RobotCore: SHOOTER RPM1: 786.7891660574966
02-05 16:20:48.221  6705  6806 I RobotCore: SHOOTER RPM2: 752.580941446301
02-05 16:20:48.232  6705  6806 I RobotCore: SHOOTER RPM1: 1218.1290109804586
02-05 16:20:48.232  6705  6806 I RobotCore: SHOOTER RPM2: 1218.1290109804586
02-05 16:20:48.242  6705  6806 I RobotCore: SHOOTER RPM1: 1199.0119748922968
02-05 16:20:48.242  6705  6806 I RobotCore: SHOOTER RPM2: 1199.0119748922968
02-05 16:20:48.253  6705  6806 I RobotCore: SHOOTER RPM1: 1272.4784352941258
02-05 16:20:48.253  6705  6806 I RobotCore: SHOOTER RPM2: 1217.1532859335116
02-05 16:20:48.263  6705  6806 I RobotCore: SHOOTER RPM1: 1267.3959573057814
02-05 16:20:48.263  6705  6806 I RobotCore: SHOOTER RPM2: 1212.2917852490084
02-05 16:20:48.274  6705  6806 I RobotCore: SHOOTER RPM1: 1222.1821762915658
02-05 16:20:48.274  6705  6806 I RobotCore: SHOOTER RPM2: 1222.1821762915658
02-05 16:20:48.284  6705  6806 I RobotCore: SHOOTER RPM1: 1254.3054817329116
02-05 16:20:48.285  6705  6806 I RobotCore: SHOOTER RPM2: 1199.7704607880023
02-05 16:20:48.305  6705  6806 I RobotCore: SHOOTER RPM1: 648.1517428332005
02-05 16:20:48.305  6705  6806 I RobotCore: SHOOTER RPM2: 648.1517428332005
02-05 16:20:48.316  6705  6806 I RobotCore: SHOOTER RPM1: 1322.2838607170136
02-05 16:20:48.316  6705  6806 I RobotCore: SHOOTER RPM2: 1267.1886998538048
02-05 16:20:48.326  6705  6806 I RobotCore: SHOOTER RPM1: 1275.5564033877026
02-05 16:20:48.326  6705  6806 I RobotCore: SHOOTER RPM2: 1275.5564033877026
02-05 16:20:48.337  6705  6806 I RobotCore: SHOOTER RPM1: 1260.2576456484373
02-05 16:20:48.337  6705  6806 I RobotCore: SHOOTER RPM2: 1260.2576456484373
02-05 16:20:48.347  6705  6806 I RobotCore: SHOOTER RPM1: 1280.8393976017328
02-05 16:20:48.347  6705  6806 I RobotCore: SHOOTER RPM2: 1225.1507281407878
02-05 16:20:48.357  6705  6806 I RobotCore: SHOOTER RPM1: 1263.2891662651048
02-05 16:20:48.358  6705  6806 I RobotCore: SHOOTER RPM2: 1208.3635503405349
02-05 16:20:48.368  6705  6806 I RobotCore: SHOOTER RPM1: 1265.201558543344
02-05 16:20:48.368  6705  6806 I RobotCore: SHOOTER RPM2: 1210.192795128416
02-05 16:20:48.379  6705  6806 I RobotCore: SHOOTER RPM1: 1261.6501640100782
02-05 16:20:48.379  6705  6806 I RobotCore: SHOOTER RPM2: 1206.7958090531183
02-05 16:20:48.389  6705  6806 I RobotCore: SHOOTER RPM1: 1257.6052799894976
02-05 16:20:48.389  6705  6806 I RobotCore: SHOOTER RPM2: 1202.9267895551716
02-05 16:20:48.400  6705  6806 I RobotCore: SHOOTER RPM1: 1262.995944090605
02-05 16:20:48.400  6705  6806 I RobotCore: SHOOTER RPM2: 1208.083076956231
02-05 16:20:48.410  6705  6806 I RobotCore: SHOOTER RPM1: 1281.3464020153108
02-05 16:20:48.410  6705  6806 I RobotCore: SHOOTER RPM2: 1225.6356888842104
02-05 16:20:48.421  6705  6806 I RobotCore: SHOOTER RPM1: 1256.9315970348885
02-05 16:20:48.421  6705  6806 I RobotCore: SHOOTER RPM2: 1202.2823971638063
02-05 16:20:48.431  6705  6806 I RobotCore: SHOOTER RPM1: 1258.6450477454284
02-05 16:20:48.431  6705  6806 I RobotCore: SHOOTER RPM2: 1203.9213500173664
02-05 16:20:48.442  6705  6806 I RobotCore: SHOOTER RPM1: 1266.937646243301
02-05 16:20:48.442  6705  6806 I RobotCore: SHOOTER RPM2: 1266.937646243301
02-05 16:20:48.452  6705  6806 I RobotCore: SHOOTER RPM1: 1264.3133968673
02-05 16:20:48.452  6705  6806 I RobotCore: SHOOTER RPM2: 1209.3432491774174
02-05 16:20:48.463  6705  6806 I RobotCore: SHOOTER RPM1: 1278.9946568748871
02-05 16:20:48.463  6705  6806 I RobotCore: SHOOTER RPM2: 1223.3861935325008
02-05 16:20:48.473  6705  6806 I RobotCore: SHOOTER RPM1: 1219.9453284606366
02-05 16:20:48.473  6705  6806 I RobotCore: SHOOTER RPM2: 1219.9453284606366
02-05 16:20:48.484  6705  6806 I RobotCore: SHOOTER RPM1: 1261.3640325715403
02-05 16:20:48.484  6705  6806 I RobotCore: SHOOTER RPM2: 1206.5221181119082
02-05 16:20:48.494  6705  6806 I RobotCore: SHOOTER RPM1: 1281.8794663778485
02-05 16:20:48.494  6705  6806 I RobotCore: SHOOTER RPM2: 1226.1455765353335
02-05 16:20:48.505  6705  6806 I RobotCore: SHOOTER RPM1: 1219.683738276016
02-05 16:20:48.505  6705  6806 I RobotCore: SHOOTER RPM2: 1219.683738276016
02-05 16:20:48.515  6705  6806 I RobotCore: SHOOTER RPM1: 1281.4362631215972
02-05 16:20:48.515  6705  6806 I RobotCore: SHOOTER RPM2: 1225.7216429858756
02-05 16:20:48.525  6705  6806 I RobotCore: SHOOTER RPM1: 1276.3713947200613
02-05 16:20:48.525  6705  6806 I RobotCore: SHOOTER RPM2: 1220.8769862539716
02-05 16:20:48.536  6705  6806 I RobotCore: SHOOTER RPM1: 1274.7617269418813
02-05 16:20:48.536  6705  6806 I RobotCore: SHOOTER RPM2: 1219.3373040313647
02-05 16:20:48.546  6705  6806 I RobotCore: SHOOTER RPM1: 1257.5928132074487
02-05 16:20:48.547  6705  6806 I RobotCore: SHOOTER RPM2: 1202.9148648071248
02-05 16:20:48.557  6705  6806 I RobotCore: SHOOTER RPM1: 1279.4938107084838
02-05 16:20:48.557  6705  6806 I RobotCore: SHOOTER RPM2: 1223.8636450255062
02-05 16:20:48.568  6705  6806 I RobotCore: SHOOTER RPM1: 1231.2327483637578
02-05 16:20:48.568  6705  6806 I RobotCore: SHOOTER RPM2: 1177.7008897392466
02-05 16:20:48.578  6705  6806 I RobotCore: SHOOTER RPM1: 1192.942807592134
02-05 16:20:48.578  6705  6806 I RobotCore: SHOOTER RPM2: 1192.942807592134
02-05 16:20:48.589  6705  6806 I RobotCore: SHOOTER RPM1: 1221.1694014253376
02-05 16:20:48.589  6705  6806 I RobotCore: SHOOTER RPM2: 1221.1694014253376
02-05 16:20:49.615  6705  6806 V RobotCore: thread: ...terminating 'LinearOpMode main'
02-05 16:20:49.616  6705  6792 I FIRST   : auto-stopping OpMode 'Shooter'
02-05 16:20:49.617  6705  6792 V RobotCore: waiting for service user linear op mode
02-05 16:20:49.618  6705  6792 V RobotCore: awaitTermination returned, isTerminated=true
02-05 16:20:49.618  6705  6792 V RobotCore: executive service user linear op mode is terminated
02-05 16:20:49.618  6705  6792 V RobotCore: executive service user linear op mode is terminated
02-05 16:20:49.618  6705  6792 I RobotCore: Attempting to switch to op mode $Stop$Robot$
02-05 16:20:49.728  6705  6764 V Robocol : sending CMD_INIT_OP_MODE_RESP(321), attempt: 0
02-05 16:20:49.768  6705  6760 V Robocol : received command: CMD_INIT_OP_MODE_RESP(321) $Stop$Robot$
02-05 16:20:49.769  6705  6760 V Robocol : received command: CMD_RUN_OP_MODE(10289) $Stop$Robot$
02-05 16:20:49.808  6705  6764 V Robocol : sending CMD_RUN_OP_MODE_RESP(327), attempt: 0
02-05 16:20:49.848  6705  6760 V Robocol : received command: CMD_RUN_OP_MODE_RESP(327) $Stop$Robot$
02-05 16:20:59.991  6705  6705 D UsbDeviceConnectionJNI: close
02-05 16:20:59.992  6705  6763 D ProcessRequestThread::: Device has been closed.
02-05 16:20:59.992  6705  6763 W System.err: java.lang.InterruptedException
02-05 16:20:59.992  6705  6763 W System.err: 	at java.util.concurrent.locks.AbstractQueuedSynchronizer.doAcquireSharedInterruptibly(AbstractQueuedSynchronizer.java:972)
02-05 16:20:59.992  6705  6763 W System.err: 	at java.util.concurrent.locks.AbstractQueuedSynchronizer.acquireSharedInterruptibly(AbstractQueuedSynchronizer.java:1278)
02-05 16:20:59.992  6705  6763 W System.err: 	at java.util.concurrent.Semaphore.acquire(Semaphore.java:284)
02-05 16:20:59.992  6705  6763 W System.err: 	at com.ftdi.j2xx.ProcessInCtrl.acquireReadableBuffer(FT_Device.java:2294)
02-05 16:20:59.992  6705  6763 W System.err: 	at com.ftdi.j2xx.ProcessRequestWorker.run(FT_Device.java:2764)
02-05 16:20:59.992  6705  6763 W System.err: 	at java.lang.Thread.run(Thread.java:818)
02-05 16:20:59.994  6705  6762 D BulkIn::: Stop BulkIn thread
02-05 16:20:59.994  6705  6762 W System.err: java.lang.NullPointerException: Attempt to invoke virtual method 'int com.ftdi.j2xx.D2xxManager$DriverParameters.getBufferNumber()' on a null object reference
02-05 16:20:59.994  6705  6762 W System.err: 	at com.ftdi.j2xx.ProcessInCtrl.releaseWritableBuffers(FT_Device.java:2672)
02-05 16:20:59.994  6705  6762 W System.err: 	at com.ftdi.j2xx.BulkInWorker.run(FT_Device.java:2879)
02-05 16:20:59.994  6705  6762 W System.err: 	at java.lang.Thread.run(Thread.java:818)
02-05 16:20:59.997  6705  6776 W RobotCore: could not write to Modern Robotics USB Servo Controller [AL00VST0]: FTDI Null Pointer Exception
02-05 16:20:59.997  6705  6779 W RobotCore: [55 aa 80 03 15] -> [33 cc 80 03 15]
02-05 16:20:59.998  6705  6779 W RobotCore: could not read Modern Robotics USB Core Device Interface Module [AI02RHDJ]: comm timeout on payload
02-05 16:20:59.999  6705  6776 E RobotCore: java.lang.NullPointerException: Attempt to invoke interface method 'void java.util.concurrent.locks.Lock.unlock()' on a null object reference
02-05 16:20:59.999  6705  6776 E RobotCore: com.ftdi.j2xx.ProcessInCtrl.readBulkInData(FT_Device.java:2520)
02-05 16:20:59.999  6705  6776 E RobotCore: com.ftdi.j2xx.FT_Device.read(FT_Device.java:666)
02-05 16:20:59.999  6705  6776 E RobotCore: com.qualcomm.robotcore.hardware.usb.ftdi.RobotUsbDeviceFtdi.read(RobotUsbDeviceFtdi.java:199)
02-05 16:20:59.999  6705  6776 E RobotCore: com.qualcomm.robotcore.hardware.usb.ftdi.RobotUsbDeviceFtdi.read(RobotUsbDeviceFtdi.java:176)
02-05 16:20:59.999  6705  6776 E RobotCore: com.qualcomm.modernrobotics.ReadWriteRunnableUsbHandler.a(SourceFile:77)
02-05 16:20:59.999  6705  6776 E RobotCore: com.qualcomm.modernrobotics.ReadWriteRunnableUsbHandler.read(SourceFile:66)
02-05 16:20:59.999  6705  6776 E RobotCore: com.qualcomm.hardware.modernrobotics.ReadWriteRunnableStandard$1.run(ReadWriteRunnableStandard.java:343)
02-05 16:20:59.999  6705  6776 E RobotCore: com.qualcomm.robotcore.util.ThreadPool.logThreadLifeCycle(ThreadPool.java:513)
02-05 16:20:59.999  6705  6776 E RobotCore: com.qualcomm.hardware.modernrobotics.ReadWriteRunnableStandard.run(ReadWriteRunnableStandard.java:302)
02-05 16:20:59.999  6705  6776 E RobotCore: java.util.concurrent.ThreadPoolExecutor.runWorker(ThreadPoolExecutor.java:1113)
02-05 16:20:59.999  6705  6776 E RobotCore: java.util.concurrent.ThreadPoolExecutor$Worker.run(ThreadPoolExecutor.java:588)
02-05 16:21:00.000  6705  6776 E RobotCore: java.lang.Thread.run(Thread.java:818)
02-05 16:21:00.000  6705  6776 V RobotCore: thread: ...terminating 'r/w loop: Modern Robotics USB Servo Controller [AL00VST0]'
02-05 16:21:00.009  6705  6791 W RobotCore: Modern Robotics USB header sync bytes are incorrect
02-05 16:21:00.009  6705  6791 W RobotCore: [55 aa 80 40 1e] -> [00 00 00 00 00]
02-05 16:21:00.009  6705  6791 W RobotCore: could not read Modern Robotics USB DC Motor Controller [AL00VBIF]: comm timeout
02-05 16:21:00.036  6705  6785 W RobotCore: Modern Robotics USB header sync bytes are incorrect
02-05 16:21:00.037  6705  6785 W RobotCore: [55 aa 80 40 1e] -> [00 00 00 00 00]
02-05 16:21:00.037  6705  6785 W RobotCore: could not read Modern Robotics USB DC Motor Controller [AL00VWH0]: comm timeout
02-05 16:21:00.072  6705  6782 W RobotCore: Modern Robotics USB header sync bytes are incorrect
02-05 16:21:00.073  6705  6782 W RobotCore: [55 aa 80 40 1e] -> [00 00 00 00 00]
02-05 16:21:00.073  6705  6782 W RobotCore: could not read Modern Robotics USB DC Motor Controller [A104OQ1P]: comm timeout
02-05 16:21:00.090  6705  6760 D RobotCore: system telemetry: key=$System$Warning$ msg="problem communicating with Modern Robotics USB Servo Controller [AL00VST0]"
02-05 16:21:00.122  6705  6788 W RobotCore: Modern Robotics USB header sync bytes are incorrect
02-05 16:21:00.122  6705  6788 W RobotCore: [55 aa 80 40 1e] -> [00 00 00 00 00]
02-05 16:21:00.122  6705  6788 W RobotCore: could not read Modern Robotics USB DC Motor Controller [AI049QOP]: comm timeout
02-05 16:21:00.135  6705  6768 D MediaPlayer: setSubtitleAnchor in MediaPlayer
02-05 16:21:00.136  6705  6705 D MediaPlayer: setSubtitleAnchor in MediaPlayer
02-05 16:21:00.140  6705  6705 E MediaPlayer: invoke failed: wrong state 8
02-05 16:21:00.140  6705  6705 W MediaPlayer: mediaplayer went away with unhandled events
02-05 16:21:00.160  6705  6766 D ExtendedUtils: extended extractor not needed, return default
02-05 16:21:00.161  6705  6766 I MediaCodec: (0xb750f868) init name(audio/raw) isType(1) encoder(0)
02-05 16:21:00.163  6705  6816 I OMXClient: Using client-side OMX mux.
02-05 16:21:00.166  6705  6816 E OMXMaster: A component of name 'OMX.qcom.audio.decoder.aac' already exists, ignoring this one.
02-05 16:21:00.169  6705  6816 I MediaCodec: (0xb750f868) Component Allocated (OMX.google.raw.decoder)
02-05 16:21:00.169  6705  6766 I MediaCodec: (0xb750f868) configure surface(0x0) crypto(0x0) flags(0)
02-05 16:21:00.169  6705  6766 D MediaCodec: (0xb750f868) configure format: AMessage(what = 0x00000000) = {
02-05 16:21:00.169  6705  6766 D MediaCodec:    string mime = "audio/raw"
02-05 16:21:00.169  6705  6766 D MediaCodec:    int64_t durationUs = 1043650
02-05 16:21:00.169  6705  6766 D MediaCodec:    int32_t channel-count = 2
02-05 16:21:00.169  6705  6766 D MediaCodec:    int32_t sample-rate = 44100
02-05 16:21:00.169  6705  6766 D MediaCodec:    int32_t channel-mask = 0
02-05 16:21:00.169  6705  6766 D MediaCodec:  }
02-05 16:21:00.170  6705  6766 I MediaCodec: (0xb750f868) start
02-05 16:21:00.171  6705  6816 I MediaCodec: (0xb750f868) input buffers allocated
02-05 16:21:00.171  6705  6816 I MediaCodec: (0xb750f868) numBuffers (4)
02-05 16:21:00.171  6705  6816 I MediaCodec: (0xb750f868) output buffers allocated
02-05 16:21:00.171  6705  6816 I MediaCodec: (0xb750f868) numBuffers (4)
02-05 16:21:00.173  6705  6816 I MediaCodec: (0xb750f868) codec output format changed
02-05 16:21:00.173  6705  6816 D MediaCodec: (0xb750f868) output format: AMessage(what = 'codc', target = 10) = {
02-05 16:21:00.173  6705  6816 D MediaCodec:    string mime = "audio/raw"
02-05 16:21:00.173  6705  6816 D MediaCodec:    int32_t channel-count = 2
02-05 16:21:00.173  6705  6816 D MediaCodec:    int32_t sample-rate = 44100
02-05 16:21:00.173  6705  6816 D MediaCodec:    int32_t channel-mask = 0
02-05 16:21:00.173  6705  6816 D MediaCodec:    int32_t what = 1869968451
02-05 16:21:00.173  6705  6816 D MediaCodec:  }
02-05 16:21:00.180  6705  6766 I MediaCodec: (0xb750f868) stop
02-05 16:21:00.183  6705  6766 I MediaCodec: (0xb750f868) release
02-05 16:21:00.188  6705  6768 W AudioTrack: AUDIO_OUTPUT_FLAG_FAST denied by client; transfer 4, track 44100 Hz, output 48000 Hz
02-05 16:21:00.412  6705  6779 W RobotCore: Modern Robotics USB header sync bytes are incorrect
02-05 16:21:00.412  6705  6779 W RobotCore: [55 aa 80 03 15] -> [00 00 00 00 00]
02-05 16:21:00.412  6705  6779 W RobotCore: could not read Modern Robotics USB Core Device Interface Module [AI02RHDJ]: comm timeout
02-05 16:21:00.440  6705  6791 W RobotCore: Modern Robotics USB header sync bytes are incorrect
02-05 16:21:00.441  6705  6791 W RobotCore: [55 aa 00 40 1e] -> [00 00 00 00 00]
02-05 16:21:00.441  6705  6791 W RobotCore: could not write to Modern Robotics USB DC Motor Controller [AL00VBIF]: comm timeout
02-05 16:21:00.479  6705  6785 W RobotCore: Modern Robotics USB header sync bytes are incorrect
02-05 16:21:00.480  6705  6785 W RobotCore: [55 aa 80 40 1e] -> [00 00 00 00 00]
02-05 16:21:00.480  6705  6785 W RobotCore: could not read Modern Robotics USB DC Motor Controller [AL00VWH0]: comm timeout
02-05 16:21:00.508  6705  6782 W RobotCore: Modern Robotics USB header sync bytes are incorrect
02-05 16:21:00.509  6705  6782 W RobotCore: [55 aa 80 40 1e] -> [00 00 00 00 00]
02-05 16:21:00.509  6705  6782 W RobotCore: could not read Modern Robotics USB DC Motor Controller [A104OQ1P]: comm timeout
02-05 16:21:00.573  6705  6788 W RobotCore: Modern Robotics USB header sync bytes are incorrect
02-05 16:21:00.573  6705  6788 W RobotCore: [55 aa 00 40 1e] -> [00 00 00 00 00]
02-05 16:21:00.573  6705  6788 W RobotCore: could not write to Modern Robotics USB DC Motor Controller [AI049QOP]: comm timeout
02-05 16:21:00.811  6705  6779 W RobotCore: Modern Robotics USB header sync bytes are incorrect
02-05 16:21:00.812  6705  6779 W RobotCore: [55 aa 80 03 15] -> [00 00 00 00 00]
02-05 16:21:00.812  6705  6779 W RobotCore: could not read Modern Robotics USB Core Device Interface Module [AI02RHDJ]: comm timeout
02-05 16:21:00.840  6705  6791 W RobotCore: Modern Robotics USB header sync bytes are incorrect
02-05 16:21:00.840  6705  6791 W RobotCore: [55 aa 80 40 1e] -> [00 00 00 00 00]
02-05 16:21:00.840  6705  6791 W RobotCore: could not read Modern Robotics USB DC Motor Controller [AL00VBIF]: comm timeout
02-05 16:21:00.872  6705  6785 W RobotCore: Modern Robotics USB header sync bytes are incorrect
02-05 16:21:00.873  6705  6785 W RobotCore: [55 aa 80 40 1e] -> [00 00 00 00 00]
02-05 16:21:00.874  6705  6785 W RobotCore: could not read Modern Robotics USB DC Motor Controller [AL00VWH0]: comm timeout
02-05 16:21:00.910  6705  6782 W RobotCore: Modern Robotics USB header sync bytes are incorrect
02-05 16:21:00.910  6705  6782 W RobotCore: [55 aa 80 40 1e] -> [00 00 00 00 00]
02-05 16:21:00.911  6705  6782 W RobotCore: could not read Modern Robotics USB DC Motor Controller [A104OQ1P]: comm timeout
02-05 16:21:00.969  6705  6788 W RobotCore: Modern Robotics USB header sync bytes are incorrect
02-05 16:21:00.970  6705  6788 W RobotCore: [55 aa 80 40 1e] -> [00 00 00 00 00]
02-05 16:21:00.970  6705  6788 W RobotCore: could not read Modern Robotics USB DC Motor Controller [AI049QOP]: comm timeout
02-05 16:21:01.203  6705  6779 W RobotCore: Modern Robotics USB header sync bytes are incorrect
02-05 16:21:01.204  6705  6779 W RobotCore: [55 aa 00 90 20] -> [00 00 00 00 00]
02-05 16:21:01.204  6705  6779 W RobotCore: could not write to Modern Robotics USB Core Device Interface Module [AI02RHDJ]: comm timeout
02-05 16:21:01.252  6705  6791 W RobotCore: Modern Robotics USB header sync bytes are incorrect
02-05 16:21:01.252  6705  6791 W RobotCore: [55 aa 00 40 1e] -> [00 00 00 00 00]
02-05 16:21:01.252  6705  6791 W RobotCore: could not write to Modern Robotics USB DC Motor Controller [AL00VBIF]: comm timeout
02-05 16:21:01.279  6705  6785 W RobotCore: Modern Robotics USB header sync bytes are incorrect
02-05 16:21:01.279  6705  6785 W RobotCore: [55 aa 00 40 1e] -> [00 00 00 00 00]
02-05 16:21:01.279  6705  6785 W RobotCore: could not write to Modern Robotics USB DC Motor Controller [AL00VWH0]: comm timeout
02-05 16:21:01.302  6705  6782 W RobotCore: Modern Robotics USB header sync bytes are incorrect
02-05 16:21:01.303  6705  6782 W RobotCore: [55 aa 00 40 1e] -> [00 00 00 00 00]
02-05 16:21:01.303  6705  6782 W RobotCore: could not write to Modern Robotics USB DC Motor Controller [A104OQ1P]: comm timeout
02-05 16:21:01.366  6705  6788 W RobotCore: Modern Robotics USB header sync bytes are incorrect
02-05 16:21:01.366  6705  6788 W RobotCore: [55 aa 00 40 1e] -> [00 00 00 00 00]
02-05 16:21:01.366  6705  6788 W RobotCore: could not write to Modern Robotics USB DC Motor Controller [AI049QOP]: comm timeout
02-05 16:21:01.369  6705  6792 V RobotCore: event loop: device has shutdown abnormally
02-05 16:21:01.369  6705  6792 V RobotCore: event loop: detaching device owner
02-05 16:21:01.369  6705  6792 I FIRST   : ======= MODULE DETACH RECOVERY: disarm Modern Robotics USB Servo Controller [AL00VST0]=======
02-05 16:21:01.369  6705  6792 D RobotCore: disarming modern servo controller "Modern Robotics USB Servo Controller [AL00VST0]"...
02-05 16:21:01.371  6705  6792 V RobotCore: executive service ReadWriteRunnable for Modern Robotics USB Device is terminated
02-05 16:21:01.371  6705  6792 D RobotCore: ...disarming modern servo controller Modern Robotics USB Servo Controller [AL00VST0] complete
02-05 16:21:01.371  6705  6792 I FIRST   : ======= MODULE DETACH RECOVERY: pretend Modern Robotics USB Servo Controller [AL00VST0]=======
02-05 16:21:01.371  6705  6792 D RobotCore: arming modern servo controller Modern Robotics USB Servo Controller [AL00VST0] (pretend)...
02-05 16:21:01.372  6705  6792 V RobotCore: Starting up pretend device AL00VST0
02-05 16:21:01.375  6705  6820 V RobotCore: thread: 'r/w loop: Modern Robotics USB Servo Controller [AL00VST0]' starting...
