01-08 13:21:19.663  7050  7140 I FIRST   : ======= MODULE DETACH RECOVERY: pretend Modern Robotics USB DC Motor Controller [AL00VBIF]=======
01-08 13:21:19.663  7050  7140 D RobotCore: arming modern motor controller Modern Robotics USB DC Motor Controller [AL00VBIF] (pretend)...
01-08 13:21:19.664  7050  7140 V RobotCore: Starting up pretend device AL00VBIF
01-08 13:21:19.665  7050  7174 V RobotCore: thread: 'r/w loop: Modern Robotics USB DC Motor Controller [AL00VBIF]' starting...
01-08 13:21:19.665  7050  7140 D RobotCore: ...arming modern motor controller Modern Robotics USB DC Motor Controller [AL00VBIF] complete
01-08 13:21:19.665  7050  7140 I FIRST   : ======= MODULE DETACH RECOVERY: complete Modern Robotics USB DC Motor Controller [AL00VBIF]=======
01-08 13:21:35.714  7050  7050 V RCActivity: onPause()
01-08 13:21:35.722  7050  7050 V RCActivity: onStop()
01-08 13:21:35.722  7050  7050 V RobotCore: executive service robot setup is terminated
01-08 13:21:35.722  7050  7050 V Robocol : EventLoopManager.shutdown()
01-08 13:21:35.722  7050  7050 V RobotCore: waiting for service EventLoop
01-08 13:21:35.723  7050  7140 V RobotCore: EventLoopRunnable interrupted
01-08 13:21:35.723  7050  7140 V RobotCore: EventLoopManager state is STOPPED
01-08 13:21:35.723  7050  7140 V RobotCore: Robot Status: stopped
01-08 13:21:35.724  7050  7140 I FIRST   : ======= TEARDOWN =======
01-08 13:21:35.724  7050  7140 D RobotCore: disarming modern motor controller Modern Robotics USB DC Motor Controller [AL00VWH0]...
01-08 13:21:35.729  7050  7172 V RobotCore: thread: ...terminating 'r/w loop: Modern Robotics USB DC Motor Controller [AL00VWH0]'
01-08 13:21:35.729  7050  7140 V RobotCore: waiting for service ReadWriteRunnable for Modern Robotics USB Device
01-08 13:21:35.729  7050  7140 V RobotCore: awaitTermination returned, isTerminated=true
01-08 13:21:35.729  7050  7140 V RobotCore: executive service ReadWriteRunnable for Modern Robotics USB Device is terminated
01-08 13:21:35.730  7050  7140 D RobotCore: ...disarming modern motor controller Modern Robotics USB DC Motor Controller [AL00VWH0] complete
01-08 13:21:35.731  7050  7140 D RobotCore: disarming modern motor controller Modern Robotics USB DC Motor Controller [AL00VBIF]...
01-08 13:21:35.734  7050  7140 V RobotCore: waiting for service ReadWriteRunnable for Modern Robotics USB Device
01-08 13:21:35.734  7050  7174 V RobotCore: thread: ...terminating 'r/w loop: Modern Robotics USB DC Motor Controller [AL00VBIF]'
01-08 13:21:35.735  7050  7140 V RobotCore: awaitTermination returned, isTerminated=true
01-08 13:21:35.735  7050  7140 V RobotCore: executive service ReadWriteRunnable for Modern Robotics USB Device is terminated
01-08 13:21:35.735  7050  7140 D RobotCore: ...disarming modern motor controller Modern Robotics USB DC Motor Controller [AL00VBIF] complete
01-08 13:21:35.736  7050  7140 D RobotCore: disarming modern motor controller Modern Robotics USB DC Motor Controller [A104OQ1P]...
01-08 13:21:35.742  7050  7171 V RobotCore: thread: ...terminating 'r/w loop: Modern Robotics USB DC Motor Controller [A104OQ1P]'
01-08 13:21:35.743  7050  7140 V RobotCore: executive service ReadWriteRunnable for Modern Robotics USB Device is terminated
01-08 13:21:35.743  7050  7140 D RobotCore: ...disarming modern motor controller Modern Robotics USB DC Motor Controller [A104OQ1P] complete
01-08 13:21:35.743  7050  7140 D RobotCore: disarming modern motor controller Modern Robotics USB DC Motor Controller [AI049QOP]...
01-08 13:21:35.746  7050  7140 V RobotCore: waiting for service ReadWriteRunnable for Modern Robotics USB Device
01-08 13:21:35.746  7050  7173 V RobotCore: thread: ...terminating 'r/w loop: Modern Robotics USB DC Motor Controller [AI049QOP]'
01-08 13:21:35.746  7050  7140 V RobotCore: awaitTermination returned, isTerminated=true
01-08 13:21:35.746  7050  7140 V RobotCore: executive service ReadWriteRunnable for Modern Robotics USB Device is terminated
01-08 13:21:35.746  7050  7140 D RobotCore: ...disarming modern motor controller Modern Robotics USB DC Motor Controller [AI049QOP] complete
01-08 13:21:35.746  7050  7140 D RobotCore: disarming modern servo controller "Modern Robotics USB Servo Controller [AL00VSDY]"...
01-08 13:21:35.749  7050  7169 V RobotCore: thread: ...terminating 'r/w loop: Modern Robotics USB Servo Controller [AL00VSDY]'
01-08 13:21:35.749  7050  7140 V RobotCore: executive service ReadWriteRunnable for Modern Robotics USB Device is terminated
01-08 13:21:35.749  7050  7140 D RobotCore: ...disarming modern servo controller Modern Robotics USB Servo Controller [AL00VSDY] complete
01-08 13:21:35.752  7050  7170 V RobotCore: thread: ...terminating 'r/w loop: Modern Robotics USB Core Device Interface Module [AL00VFK6]'
01-08 13:21:35.752  7050  7140 V RobotCore: waiting for service ReadWriteRunnable for Modern Robotics USB Device
01-08 13:21:35.752  7050  7140 V RobotCore: awaitTermination returned, isTerminated=true
01-08 13:21:35.752  7050  7140 V RobotCore: executive service ReadWriteRunnable for Modern Robotics USB Device is terminated
01-08 13:21:35.753  7050  7140 I FIRST   : ======= TEARDOWN COMPLETE =======
01-08 13:21:35.753  7050  7140 V RobotCore: thread: ...terminating 'opmode loop()'
01-08 13:21:35.753  7050  7050 V RobotCore: awaitTermination returned, isTerminated=true
01-08 13:21:35.753  7050  7050 V RobotCore: executive service EventLoop is terminated
01-08 13:21:35.753  7050  7050 V RobotCore: EventLoopManager state is STOPPED
01-08 13:21:35.766  7050  7105 D RobotCore: system telemetry: key=$System$None$ msg=""
