03-05 18:52:14.660  6752  6810 I RobotCore: Modern Robotics USB DC Motor Controller v2.0       Front Motors                   USB AL00VWH0
03-05 18:52:14.660  6752  6810 I RobotCore: Modern Robotics USB DC Motor Controller v2.0       Back Motors                    USB A104OQ1P
03-05 18:52:14.660  6752  6810 I RobotCore: DC Motor                                           leftBack                       USB A104OQ1P; port 2
03-05 18:52:14.660  6752  6810 I RobotCore: DC Motor                                           led                            USB AL00VBIF; port 2
03-05 18:52:14.660  6752  6810 I RobotCore: Servo                                              upDown                         USB AL00VST0; port 1
03-05 18:52:14.660  6752  6810 I RobotCore: DC Motor                                           shooter2                       USB AI049QOP; port 2
03-05 18:52:14.660  6752  6810 I RobotCore: DC Motor                                           shooter1                       USB AI049QOP; port 1
03-05 18:52:14.660  6752  6810 I RobotCore: DC Motor                                           leftFront                      USB AL00VWH0; port 2
03-05 18:52:14.660  6752  6810 I RobotCore: DC Motor                                           rightBack                      USB A104OQ1P; port 1
03-05 18:52:14.661  6752  6810 I RobotCore: Servo                                              ballFeeder                     USB AL00VST0; port 2
03-05 18:52:14.661  6752  6810 I RobotCore: Modern Robotics USB DC Motor Controller v2.0       Intake                         USB AL00VBIF
03-05 18:52:14.661  6752  6810 I RobotCore: Modern Robotics USB Core Device Interface Module v2.0 Sensors                        USB AI02RHDJ
03-05 18:52:14.661  6752  6810 I RobotCore: I2cDevice                                          colorFront                     USB AI02RHDJ; port 2
03-05 18:52:14.661  6752  6810 I RobotCore: Modern Robotics USB Servo Controller v2.0          Servos                         USB AL00VST0
03-05 18:52:14.661  6752  6810 I RobotCore: DC Motor                                           intake                         USB AL00VBIF; port 1
03-05 18:52:14.661  6752  6810 I RobotCore: Modern Robotics Gyro                               gyro                           USB AI02RHDJ; I2C port: 3
03-05 18:52:14.661  6752  6810 I RobotCore: Modern Robotics Analog Optical Distance Sensor     ods                            USB AI02RHDJ; analog port 7
03-05 18:52:14.661  6752  6810 I FIRST   : ======= INIT FINISH =======
03-05 18:52:14.661  6752  6810 V RobotCore: EventLoopManager state is RUNNING
03-05 18:52:14.662  6752  6810 V RobotCore: Robot Status: running, starting robot
03-05 18:52:14.662  6752  6810 V RobotCore: Robot Status: running
03-05 18:52:14.662  6752  6810 V RobotCore: thread: ...terminating 'RobotSetupRunnable.run()'
03-05 18:52:14.664  6752  6849 V RobotCore: thread: 'opmode loop()' starting...
03-05 18:52:14.675  6752  6807 D MediaPlayer: setSubtitleAnchor in MediaPlayer
03-05 18:52:14.680  6752  6752 D MediaPlayer: setSubtitleAnchor in MediaPlayer
03-05 18:52:14.686  6752  6752 E MediaPlayer: invoke failed: wrong state 8
03-05 18:52:14.686  6752  6752 W MediaPlayer: mediaplayer went away with unhandled events
03-05 18:52:14.694  6752  6805 D ExtendedUtils: extended extractor not needed, return default
03-05 18:52:14.696  6752  6805 I MediaCodec: (0xb8614490) init name(audio/raw) isType(1) encoder(0)
03-05 18:52:14.698  6752  6853 I OMXClient: Using client-side OMX mux.
03-05 18:52:14.704  6752  6853 E OMXMaster: A component of name 'OMX.qcom.audio.decoder.aac' already exists, ignoring this one.
03-05 18:52:14.715  6752  6853 I MediaCodec: (0xb8614490) Component Allocated (OMX.google.raw.decoder)
03-05 18:52:14.715  6752  6805 I MediaCodec: (0xb8614490) configure surface(0x0) crypto(0x0) flags(0)
03-05 18:52:14.715  6752  6805 D MediaCodec: (0xb8614490) configure format: AMessage(what = 0x00000000) = {
03-05 18:52:14.715  6752  6805 D MediaCodec:    string mime = "audio/raw"
03-05 18:52:14.715  6752  6805 D MediaCodec:    int64_t durationUs = 1019125
03-05 18:52:14.715  6752  6805 D MediaCodec:    int32_t channel-count = 1
03-05 18:52:14.715  6752  6805 D MediaCodec:    int32_t sample-rate = 8000
03-05 18:52:14.715  6752  6805 D MediaCodec:    int32_t channel-mask = 0
03-05 18:52:14.715  6752  6805 D MediaCodec:  }
03-05 18:52:14.716  6752  6805 I MediaCodec: (0xb8614490) start
03-05 18:52:14.718  6752  6853 I MediaCodec: (0xb8614490) input buffers allocated
03-05 18:52:14.718  6752  6853 I MediaCodec: (0xb8614490) numBuffers (4)
03-05 18:52:14.718  6752  6853 I MediaCodec: (0xb8614490) output buffers allocated
03-05 18:52:14.718  6752  6853 I MediaCodec: (0xb8614490) numBuffers (4)
03-05 18:52:14.721  6752  6853 I MediaCodec: (0xb8614490) codec output format changed
03-05 18:52:14.721  6752  6853 D MediaCodec: (0xb8614490) output format: AMessage(what = 'codc', target = 10) = {
03-05 18:52:14.721  6752  6853 D MediaCodec:    string mime = "audio/raw"
03-05 18:52:14.721  6752  6853 D MediaCodec:    int32_t channel-count = 1
03-05 18:52:14.721  6752  6853 D MediaCodec:    int32_t sample-rate = 8000
03-05 18:52:14.721  6752  6853 D MediaCodec:    int32_t channel-mask = 0
03-05 18:52:14.721  6752  6853 D MediaCodec:    int32_t what = 1869968451
03-05 18:52:14.721  6752  6853 D MediaCodec:  }
03-05 18:52:14.726  6752  6805 I MediaCodec: (0xb8614490) stop
03-05 18:52:14.727  6752  6805 I MediaCodec: (0xb8614490) release
03-05 18:52:14.759  6752  6807 W AudioTrack: AUDIO_OUTPUT_FLAG_FAST denied by client; transfer 4, track 8000 Hz, output 48000 Hz
03-05 18:52:15.171  6752  6849 I RobotCore: Attempting to switch to op mode $Stop$Robot$
03-05 18:52:15.216  6752  6827 V Robocol : sending CMD_INIT_OP_MODE_RESP(48), attempt: 0
03-05 18:52:15.349  6752  6820 V Robocol : received command: CMD_INIT_OP_MODE_RESP(48) $Stop$Robot$
03-05 18:52:15.428  6752  6849 I RobotCore: robot battery read duration: n=4, mean=0.014ms sd=0.007ms
03-05 18:52:19.057  6752  6820 V Robocol : received command: CMD_INIT_OP_MODE(10082) $Stop$Robot$
03-05 18:52:19.217  6752  6849 I RobotCore: Attempting to switch to op mode $Stop$Robot$
03-05 18:52:19.296  6752  6827 V Robocol : sending CMD_INIT_OP_MODE_RESP(110), attempt: 0
03-05 18:52:19.377  6752  6820 V Robocol : received command: CMD_INIT_OP_MODE_RESP(110) $Stop$Robot$
03-05 18:52:22.377  6752  6820 V Robocol : received command: CMD_INIT_OP_MODE(10127) RedStandardCenter
03-05 18:52:22.412  6752  6849 I RobotCore: Attempting to switch to op mode RedStandardCenter
03-05 18:52:22.612  6752  6866 V RobotCore: thread: 'LinearOpMode main' starting...
03-05 18:52:22.616  6752  6827 V Robocol : sending CMD_INIT_OP_MODE_RESP(161), attempt: 0
03-05 18:52:22.657  6752  6820 V Robocol : received command: CMD_INIT_OP_MODE_RESP(161) RedStandardCenter
03-05 18:52:22.686  6752  6866 V RobotCore:i2cSynch(USB AI02RHDJ; port 4): doPortIsReadyCallbackBeginWork ...
03-05 18:52:22.686  6752  6866 V RobotCore:i2cSynch(USB AI02RHDJ; port 4): doModuleIsArmedWork ...
03-05 18:52:22.686  6752  6866 V RobotCore:i2cSynch(USB AI02RHDJ; port 4): ... doModuleIsArmedWork complete
03-05 18:52:22.686  6752  6866 V RobotCore:i2cSynch(USB AI02RHDJ; port 4): ... doPortIsReadyCallbackBeginWork complete
03-05 18:52:22.686  6752  6866 V RobotCore:i2cSynch(USB AI02RHDJ; port 4): hooking ...
03-05 18:52:22.686  6752  6866 V RobotCore:i2cSynch(USB AI02RHDJ; port 4): ... hooking complete
03-05 18:52:22.686  6752  6866 V RobotCore:i2cSynch(USB AI02RHDJ; port 2): doPortIsReadyCallbackBeginWork ...
03-05 18:52:22.686  6752  6866 V RobotCore:i2cSynch(USB AI02RHDJ; port 2): doModuleIsArmedWork ...
03-05 18:52:22.687  6752  6866 V RobotCore:i2cSynch(USB AI02RHDJ; port 2): ... doModuleIsArmedWork complete
03-05 18:52:22.687  6752  6866 V RobotCore:i2cSynch(USB AI02RHDJ; port 2): ... doPortIsReadyCallbackBeginWork complete
03-05 18:52:22.687  6752  6866 V RobotCore:i2cSynch(USB AI02RHDJ; port 2): hooking ...
03-05 18:52:22.689  6752  6866 V RobotCore:i2cSynch(USB AI02RHDJ; port 2): ... hooking complete
03-05 18:52:22.689  6752  6866 V RobotCore:i2cSynch(USB AI02RHDJ; port 4): unhooking ...
03-05 18:52:22.689  6752  6866 V RobotCore: executive service I2c Heartbeat is terminated
03-05 18:52:22.689  6752  6866 V RobotCore:i2cSynch(USB AI02RHDJ; port 4): ...unhooking complete
03-05 18:52:22.689  6752  6866 V RobotCore:i2cSynch(USB AI02RHDJ; port 2): unhooking ...
03-05 18:52:22.689  6752  6866 V RobotCore: executive service I2c Heartbeat is terminated
03-05 18:52:22.689  6752  6866 V RobotCore:i2cSynch(USB AI02RHDJ; port 2): ...unhooking complete
03-05 18:52:23.217  6752  6820 V Robocol : received command: CMD_RUN_OP_MODE(10141) RedStandardCenter
03-05 18:52:23.256  6752  6827 V Robocol : sending CMD_RUN_OP_MODE_RESP(172), attempt: 0
03-05 18:52:23.297  6752  6820 V Robocol : received command: CMD_RUN_OP_MODE_RESP(172) RedStandardCenter
03-05 18:52:33.381  6752  6820 V Robocol : received command: CMD_INIT_OP_MODE(10233) $Stop$Robot$
03-05 18:52:33.385  6752  6849 V RobotCore: waiting for service user linear op mode
03-05 18:52:33.385  6752  6866 D RobotCore: LinearOpMode received an InterruptedException; shutting down this linear op mode
03-05 18:52:33.385  6752  6866 V RobotCore: thread: ...terminating 'LinearOpMode main'
03-05 18:52:33.387  6752  6849 V RobotCore: awaitTermination returned, isTerminated=true
03-05 18:52:33.387  6752  6849 V RobotCore: executive service user linear op mode is terminated
03-05 18:52:33.387  6752  6849 I RobotCore: Attempting to switch to op mode $Stop$Robot$
03-05 18:52:33.496  6752  6827 V Robocol : sending CMD_INIT_OP_MODE_RESP(278), attempt: 0
03-05 18:52:33.537  6752  6820 V Robocol : received command: CMD_INIT_OP_MODE_RESP(278) $Stop$Robot$
03-05 18:52:33.538  6752  6820 V Robocol : received command: CMD_RUN_OP_MODE(10240) $Stop$Robot$
03-05 18:52:33.616  6752  6827 V Robocol : sending CMD_RUN_OP_MODE_RESP(284), attempt: 0
03-05 18:52:33.688  6752  6820 V Robocol : received command: CMD_RUN_OP_MODE_RESP(284) $Stop$Robot$
03-05 18:52:41.621  6752  6752 D UsbDeviceConnectionJNI: close
03-05 18:52:41.622  6752  6823 D ProcessRequestThread::: Device has been closed.
03-05 18:52:41.622  6752  6823 W System.err: java.lang.InterruptedException
03-05 18:52:41.622  6752  6823 W System.err: 	at java.util.concurrent.locks.AbstractQueuedSynchronizer.doAcquireSharedInterruptibly(AbstractQueuedSynchronizer.java:972)
03-05 18:52:41.622  6752  6823 W System.err: 	at java.util.concurrent.locks.AbstractQueuedSynchronizer.acquireSharedInterruptibly(AbstractQueuedSynchronizer.java:1278)
03-05 18:52:41.622  6752  6823 W System.err: 	at java.util.concurrent.Semaphore.acquire(Semaphore.java:284)
03-05 18:52:41.622  6752  6823 W System.err: 	at com.ftdi.j2xx.ProcessInCtrl.acquireReadableBuffer(FT_Device.java:2294)
03-05 18:52:41.622  6752  6823 W System.err: 	at com.ftdi.j2xx.ProcessRequestWorker.run(FT_Device.java:2764)
03-05 18:52:41.622  6752  6823 W System.err: 	at java.lang.Thread.run(Thread.java:818)
03-05 18:52:41.623  6752  6822 D BulkIn::: Stop BulkIn thread
03-05 18:52:41.623  6752  6822 W System.err: java.lang.NullPointerException: Attempt to invoke virtual method 'int com.ftdi.j2xx.D2xxManager$DriverParameters.getBufferNumber()' on a null object reference
03-05 18:52:41.623  6752  6822 W System.err: 	at com.ftdi.j2xx.ProcessInCtrl.releaseWritableBuffers(FT_Device.java:2672)
03-05 18:52:41.623  6752  6822 W System.err: 	at com.ftdi.j2xx.BulkInWorker.run(FT_Device.java:2879)
03-05 18:52:41.623  6752  6822 W System.err: 	at java.lang.Thread.run(Thread.java:818)
03-05 18:52:41.725  6752  6824 W RobotCore: error: closed: FT_Device.read()=-1
03-05 18:52:41.726  6752  6824 V RobotCore: thread: ...terminating 'r/w loop: Modern Robotics USB Servo Controller [AL00VST0]'
03-05 18:52:41.740  6752  6842 W RobotCore: Modern Robotics USB header sync bytes are incorrect
03-05 18:52:41.741  6752  6842 W RobotCore: [55 aa 80 40 1e] -> [00 00 00 00 00]
03-05 18:52:41.741  6752  6842 W RobotCore: could not read Modern Robotics USB DC Motor Controller [AL00VWH0]: comm timeout
03-05 18:52:41.772  6752  6836 W RobotCore: Modern Robotics USB header sync bytes are incorrect
03-05 18:52:41.772  6752  6836 W RobotCore: [55 aa 80 03 15] -> [00 00 00 00 00]
03-05 18:52:41.773  6752  6836 W RobotCore: could not read Modern Robotics USB Core Device Interface Module [AI02RHDJ]: comm timeout
03-05 18:52:41.778  6752  6820 D RobotCore: system telemetry: key=$System$Warning$ msg="problem communicating with Modern Robotics USB Servo Controller [AL00VST0]"
03-05 18:52:41.801  6752  6847 D ProcessRequestThread::: Device has been closed.
03-05 18:52:41.801  6752  6847 W System.err: java.lang.InterruptedException
03-05 18:52:41.801  6752  6847 W System.err: 	at java.util.concurrent.locks.AbstractQueuedSynchronizer.doAcquireSharedInterruptibly(AbstractQueuedSynchronizer.java:972)
03-05 18:52:41.801  6752  6847 W System.err: 	at java.util.concurrent.locks.AbstractQueuedSynchronizer.acquireSharedInterruptibly(AbstractQueuedSynchronizer.java:1278)
03-05 18:52:41.801  6752  6847 W System.err: 	at java.util.concurrent.Semaphore.acquire(Semaphore.java:284)
03-05 18:52:41.801  6752  6847 W System.err: 	at com.ftdi.j2xx.ProcessInCtrl.acquireReadableBuffer(FT_Device.java:2294)
03-05 18:52:41.801  6752  6847 W System.err: 	at com.ftdi.j2xx.ProcessRequestWorker.run(FT_Device.java:2764)
03-05 18:52:41.801  6752  6847 W System.err: 	at java.lang.Thread.run(Thread.java:818)
03-05 18:52:41.804  6752  6752 D UsbDeviceConnectionJNI: close
03-05 18:52:41.805  6752  6848 W RobotCore: could not write to Modern Robotics USB DC Motor Controller [AL00VBIF]: FTDI Null Pointer Exception
03-05 18:52:41.805  6752  6848 E RobotCore: java.lang.NullPointerException: Attempt to invoke interface method 'void java.util.concurrent.locks.Lock.unlock()' on a null object reference
03-05 18:52:41.805  6752  6848 E RobotCore: com.ftdi.j2xx.ProcessInCtrl.readBulkInData(FT_Device.java:2520)
03-05 18:52:41.805  6752  6848 E RobotCore: com.ftdi.j2xx.FT_Device.read(FT_Device.java:666)
03-05 18:52:41.805  6752  6848 E RobotCore: com.qualcomm.robotcore.hardware.usb.ftdi.RobotUsbDeviceFtdi.read(RobotUsbDeviceFtdi.java:199)
03-05 18:52:41.805  6752  6848 E RobotCore: com.qualcomm.robotcore.hardware.usb.ftdi.RobotUsbDeviceFtdi.read(RobotUsbDeviceFtdi.java:176)
03-05 18:52:41.805  6752  6848 E RobotCore: com.qualcomm.modernrobotics.ReadWriteRunnableUsbHandler.a(SourceFile:77)
03-05 18:52:41.805  6752  6848 E RobotCore: com.qualcomm.modernrobotics.ReadWriteRunnableUsbHandler.read(SourceFile:66)
03-05 18:52:41.806  6752  6848 E RobotCore: com.qualcomm.hardware.modernrobotics.ReadWriteRunnableStandard$1.run(ReadWriteRunnableStandard.java:343)
03-05 18:52:41.806  6752  6848 E RobotCore: com.qualcomm.robotcore.util.ThreadPool.logThreadLifeCycle(ThreadPool.java:513)
03-05 18:52:41.806  6752  6848 E RobotCore: com.qualcomm.hardware.modernrobotics.ReadWriteRunnableStandard.run(ReadWriteRunnableStandard.java:302)
03-05 18:52:41.806  6752  6848 E RobotCore: java.util.concurrent.ThreadPoolExecutor.runWorker(ThreadPoolExecutor.java:1113)
03-05 18:52:41.806  6752  6848 E RobotCore: java.util.concurrent.ThreadPoolExecutor$Worker.run(ThreadPoolExecutor.java:588)
03-05 18:52:41.806  6752  6848 E RobotCore: java.lang.Thread.run(Thread.java:818)
03-05 18:52:41.807  6752  6848 V RobotCore: thread: ...terminating 'r/w loop: Modern Robotics USB DC Motor Controller [AL00VBIF]'
03-05 18:52:41.821  6752  6807 D MediaPlayer: setSubtitleAnchor in MediaPlayer
03-05 18:52:41.821  6752  6752 D MediaPlayer: setSubtitleAnchor in MediaPlayer
03-05 18:52:41.824  6752  6752 E MediaPlayer: invoke failed: wrong state 8
03-05 18:52:41.824  6752  6752 W MediaPlayer: mediaplayer went away with unhandled events
03-05 18:52:41.841  6752  6805 D ExtendedUtils: extended extractor not needed, return default
03-05 18:52:41.842  6752  6805 I MediaCodec: (0xb8614640) init name(audio/raw) isType(1) encoder(0)
03-05 18:52:41.843  6752  6875 I OMXClient: Using client-side OMX mux.
03-05 18:52:41.847  6752  6875 E OMXMaster: A component of name 'OMX.qcom.audio.decoder.aac' already exists, ignoring this one.
03-05 18:52:41.848  6752  6875 I MediaCodec: (0xb8614640) Component Allocated (OMX.google.raw.decoder)
03-05 18:52:41.849  6752  6805 I MediaCodec: (0xb8614640) configure surface(0x0) crypto(0x0) flags(0)
03-05 18:52:41.849  6752  6805 D MediaCodec: (0xb8614640) configure format: AMessage(what = 0x00000000) = {
03-05 18:52:41.849  6752  6805 D MediaCodec:    string mime = "audio/raw"
03-05 18:52:41.849  6752  6805 D MediaCodec:    int64_t durationUs = 1043650
03-05 18:52:41.849  6752  6805 D MediaCodec:    int32_t channel-count = 2
03-05 18:52:41.849  6752  6805 D MediaCodec:    int32_t sample-rate = 44100
03-05 18:52:41.849  6752  6805 D MediaCodec:    int32_t channel-mask = 0
03-05 18:52:41.849  6752  6805 D MediaCodec:  }
03-05 18:52:41.850  6752  6805 I MediaCodec: (0xb8614640) start
03-05 18:52:41.850  6752  6875 I MediaCodec: (0xb8614640) input buffers allocated
03-05 18:52:41.850  6752  6875 I MediaCodec: (0xb8614640) numBuffers (4)
03-05 18:52:41.850  6752  6875 I MediaCodec: (0xb8614640) output buffers allocated
03-05 18:52:41.850  6752  6875 I MediaCodec: (0xb8614640) numBuffers (4)
03-05 18:52:41.852  6752  6875 I MediaCodec: (0xb8614640) codec output format changed
03-05 18:52:41.852  6752  6875 D MediaCodec: (0xb8614640) output format: AMessage(what = 'codc', target = 14) = {
03-05 18:52:41.852  6752  6875 D MediaCodec:    string mime = "audio/raw"
03-05 18:52:41.852  6752  6875 D MediaCodec:    int32_t channel-count = 2
03-05 18:52:41.852  6752  6875 D MediaCodec:    int32_t sample-rate = 44100
03-05 18:52:41.852  6752  6875 D MediaCodec:    int32_t channel-mask = 0
03-05 18:52:41.852  6752  6875 D MediaCodec:    int32_t what = 1869968451
03-05 18:52:41.852  6752  6875 D MediaCodec:  }
03-05 18:52:41.859  6752  6805 I MediaCodec: (0xb8614640) stop
03-05 18:52:41.861  6752  6805 I MediaCodec: (0xb8614640) release
03-05 18:52:41.865  6752  6807 W AudioTrack: AUDIO_OUTPUT_FLAG_FAST denied by client; transfer 4, track 44100 Hz, output 48000 Hz
03-05 18:52:41.869  6752  6845 W RobotCore: Modern Robotics USB header sync bytes are incorrect
03-05 18:52:41.869  6752  6845 W RobotCore: [55 aa 80 40 1e] -> [00 00 00 00 00]
03-05 18:52:41.869  6752  6845 W RobotCore: could not read Modern Robotics USB DC Motor Controller [AI049QOP]: comm timeout
03-05 18:52:41.897  6752  6820 D RobotCore: system telemetry: key=$System$Warning$ msg="problem communicating with Modern Robotics USB Servo Controller [AL00VST0]; problem communicating with Modern Robotics USB DC Motor Controller [AL00VBIF]"
03-05 18:52:41.910  6752  6839 W RobotCore: Modern Robotics USB header sync bytes are incorrect
03-05 18:52:41.910  6752  6839 W RobotCore: [55 aa 80 40 1e] -> [00 00 00 00 00]
03-05 18:52:41.910  6752  6839 W RobotCore: could not read Modern Robotics USB DC Motor Controller [A104OQ1P]: comm timeout
03-05 18:52:42.152  6752  6842 W RobotCore: Modern Robotics USB header sync bytes are incorrect
03-05 18:52:42.153  6752  6842 W RobotCore: [55 aa 80 40 1e] -> [00 00 00 00 00]
03-05 18:52:42.153  6752  6842 W RobotCore: could not read Modern Robotics USB DC Motor Controller [AL00VWH0]: comm timeout
03-05 18:52:42.169  6752  6836 W RobotCore: Modern Robotics USB header sync bytes are incorrect
03-05 18:52:42.170  6752  6836 W RobotCore: [55 aa 80 03 15] -> [00 00 00 00 00]
03-05 18:52:42.170  6752  6836 W RobotCore: could not read Modern Robotics USB Core Device Interface Module [AI02RHDJ]: comm timeout
03-05 18:52:42.271  6752  6845 W RobotCore: Modern Robotics USB header sync bytes are incorrect
03-05 18:52:42.271  6752  6845 W RobotCore: [55 aa 80 40 1e] -> [00 00 00 00 00]
03-05 18:52:42.272  6752  6845 W RobotCore: could not read Modern Robotics USB DC Motor Controller [AI049QOP]: comm timeout
03-05 18:52:42.303  6752  6839 W RobotCore: Modern Robotics USB header sync bytes are incorrect
03-05 18:52:42.304  6752  6839 W RobotCore: [55 aa 00 40 1e] -> [00 00 00 00 00]
03-05 18:52:42.304  6752  6839 W RobotCore: could not write to Modern Robotics USB DC Motor Controller [A104OQ1P]: comm timeout
03-05 18:52:42.545  6752  6842 W RobotCore: Modern Robotics USB header sync bytes are incorrect
03-05 18:52:42.546  6752  6842 W RobotCore: [55 aa 80 40 1e] -> [00 00 00 00 00]
03-05 18:52:42.546  6752  6842 W RobotCore: could not read Modern Robotics USB DC Motor Controller [AL00VWH0]: comm timeout
03-05 18:52:42.574  6752  6836 W RobotCore: Modern Robotics USB header sync bytes are incorrect
03-05 18:52:42.575  6752  6836 W RobotCore: [55 aa 00 90 20] -> [00 00 00 00 00]
03-05 18:52:42.575  6752  6836 W RobotCore: could not write to Modern Robotics USB Core Device Interface Module [AI02RHDJ]: comm timeout
03-05 18:52:42.662  6752  6845 W RobotCore: Modern Robotics USB header sync bytes are incorrect
03-05 18:52:42.663  6752  6845 W RobotCore: [55 aa 80 40 1e] -> [00 00 00 00 00]
03-05 18:52:42.663  6752  6845 W RobotCore: could not read Modern Robotics USB DC Motor Controller [AI049QOP]: comm timeout
03-05 18:52:42.695  6752  6839 W RobotCore: Modern Robotics USB header sync bytes are incorrect
03-05 18:52:42.696  6752  6839 W RobotCore: [55 aa 80 40 1e] -> [00 00 00 00 00]
03-05 18:52:42.696  6752  6839 W RobotCore: could not read Modern Robotics USB DC Motor Controller [A104OQ1P]: comm timeout
03-05 18:52:42.910  6752  6807 W AudioTrack: AUDIO_OUTPUT_FLAG_FAST denied by client; transfer 4, track 44100 Hz, output 48000 Hz
03-05 18:52:42.935  6752  6842 W RobotCore: Modern Robotics USB header sync bytes are incorrect
03-05 18:52:42.935  6752  6842 W RobotCore: [55 aa 80 40 1e] -> [00 00 00 00 00]
03-05 18:52:42.935  6752  6842 W RobotCore: could not read Modern Robotics USB DC Motor Controller [AL00VWH0]: comm timeout
03-05 18:52:42.973  6752  6836 W RobotCore: Modern Robotics USB header sync bytes are incorrect
03-05 18:52:42.974  6752  6836 W RobotCore: [55 aa 80 03 15] -> [00 00 00 00 00]
03-05 18:52:42.974  6752  6836 W RobotCore: could not read Modern Robotics USB Core Device Interface Module [AI02RHDJ]: comm timeout
03-05 18:52:43.050  6752  6845 W RobotCore: Modern Robotics USB header sync bytes are incorrect
03-05 18:52:43.051  6752  6845 W RobotCore: [55 aa 80 40 1e] -> [00 00 00 00 00]
03-05 18:52:43.051  6752  6845 W RobotCore: could not read Modern Robotics USB DC Motor Controller [AI049QOP]: comm timeout
03-05 18:52:43.130  6752  6839 W RobotCore: Modern Robotics USB header sync bytes are incorrect
03-05 18:52:43.130  6752  6839 W RobotCore: [55 aa 00 40 1e] -> [00 00 00 00 00]
03-05 18:52:43.130  6752  6839 W RobotCore: could not write to Modern Robotics USB DC Motor Controller [A104OQ1P]: comm timeout
03-05 18:52:43.329  6752  6842 W RobotCore: Modern Robotics USB header sync bytes are incorrect
03-05 18:52:43.330  6752  6842 W RobotCore: [55 aa 80 40 1e] -> [00 00 00 00 00]
03-05 18:52:43.330  6752  6842 W RobotCore: could not read Modern Robotics USB DC Motor Controller [AL00VWH0]: comm timeout
03-05 18:52:43.382  6752  6836 W RobotCore: Modern Robotics USB header sync bytes are incorrect
03-05 18:52:43.382  6752  6836 W RobotCore: [55 aa 80 03 15] -> [00 00 00 00 00]
03-05 18:52:43.382  6752  6836 W RobotCore: could not read Modern Robotics USB Core Device Interface Module [AI02RHDJ]: comm timeout
03-05 18:52:43.439  6752  6845 W RobotCore: Modern Robotics USB header sync bytes are incorrect
03-05 18:52:43.440  6752  6845 W RobotCore: [55 aa 80 40 1e] -> [00 00 00 00 00]
03-05 18:52:43.440  6752  6845 W RobotCore: could not read Modern Robotics USB DC Motor Controller [AI049QOP]: comm timeout
03-05 18:52:43.524  6752  6839 W RobotCore: Modern Robotics USB header sync bytes are incorrect
03-05 18:52:43.524  6752  6839 W RobotCore: [55 aa 80 40 1e] -> [00 00 00 00 00]
03-05 18:52:43.525  6752  6839 W RobotCore: could not read Modern Robotics USB DC Motor Controller [A104OQ1P]: comm timeout
03-05 18:52:43.724  6752  6842 W RobotCore: Modern Robotics USB header sync bytes are incorrect
03-05 18:52:43.725  6752  6842 W RobotCore: [55 aa 00 40 1e] -> [00 00 00 00 00]
03-05 18:52:43.725  6752  6842 W RobotCore: could not write to Modern Robotics USB DC Motor Controller [AL00VWH0]: comm timeout
03-05 18:52:43.779  6752  6836 W RobotCore: Modern Robotics USB header sync bytes are incorrect
03-05 18:52:43.779  6752  6836 W RobotCore: [55 aa 80 03 15] -> [00 00 00 00 00]
03-05 18:52:43.779  6752  6836 W RobotCore: could not read Modern Robotics USB Core Device Interface Module [AI02RHDJ]: comm timeout
03-05 18:52:43.829  6752  6845 W RobotCore: Modern Robotics USB header sync bytes are incorrect
03-05 18:52:43.830  6752  6845 W RobotCore: [55 aa 00 40 1e] -> [00 00 00 00 00]
03-05 18:52:43.830  6752  6845 W RobotCore: could not write to Modern Robotics USB DC Motor Controller [AI049QOP]: comm timeout
03-05 18:52:43.915  6752  6839 W RobotCore: Modern Robotics USB header sync bytes are incorrect
03-05 18:52:43.915  6752  6839 W RobotCore: [55 aa 00 40 1e] -> [00 00 00 00 00]
03-05 18:52:43.915  6752  6839 W RobotCore: could not write to Modern Robotics USB DC Motor Controller [A104OQ1P]: comm timeout
03-05 18:52:44.124  6752  6842 W RobotCore: Modern Robotics USB header sync bytes are incorrect
03-05 18:52:44.124  6752  6842 W RobotCore: [55 aa 80 40 1e] -> [00 00 00 00 00]
03-05 18:52:44.124  6752  6842 W RobotCore: could not read Modern Robotics USB DC Motor Controller [AL00VWH0]: comm timeout
03-05 18:52:44.182  6752  6836 W RobotCore: Modern Robotics USB header sync bytes are incorrect
03-05 18:52:44.182  6752  6836 W RobotCore: [55 aa 80 03 15] -> [00 00 00 00 00]
03-05 18:52:44.183  6752  6836 W RobotCore: could not read Modern Robotics USB Core Device Interface Module [AI02RHDJ]: comm timeout
03-05 18:52:44.217  6752  6845 W RobotCore: Modern Robotics USB header sync bytes are incorrect
03-05 18:52:44.218  6752  6845 W RobotCore: [55 aa 80 40 1e] -> [00 00 00 00 00]
03-05 18:52:44.218  6752  6845 W RobotCore: could not read Modern Robotics USB DC Motor Controller [AI049QOP]: comm timeout
03-05 18:52:44.309  6752  6839 W RobotCore: Modern Robotics USB header sync bytes are incorrect
03-05 18:52:44.309  6752  6839 W RobotCore: [55 aa 80 40 1e] -> [00 00 00 00 00]
03-05 18:52:44.310  6752  6839 W RobotCore: could not read Modern Robotics USB DC Motor Controller [A104OQ1P]: comm timeout
03-05 18:52:44.517  6752  6842 W RobotCore: Modern Robotics USB header sync bytes are incorrect
03-05 18:52:44.517  6752  6842 W RobotCore: [55 aa 00 40 1e] -> [00 00 00 00 00]
03-05 18:52:44.517  6752  6842 W RobotCore: could not write to Modern Robotics USB DC Motor Controller [AL00VWH0]: comm timeout
03-05 18:52:44.568  6752  6836 W RobotCore: Modern Robotics USB header sync bytes are incorrect
03-05 18:52:44.569  6752  6836 W RobotCore: [55 aa 00 90 20] -> [00 00 00 00 00]
03-05 18:52:44.569  6752  6836 W RobotCore: could not write to Modern Robotics USB Core Device Interface Module [AI02RHDJ]: comm timeout
03-05 18:52:44.612  6752  6845 W RobotCore: Modern Robotics USB header sync bytes are incorrect
03-05 18:52:44.612  6752  6845 W RobotCore: [55 aa 00 40 1e] -> [00 00 00 00 00]
03-05 18:52:44.612  6752  6845 W RobotCore: could not write to Modern Robotics USB DC Motor Controller [AI049QOP]: comm timeout
03-05 18:52:44.621  6752  6845 E FTDI_Device::: UsbConnection.requestWait() == null
03-05 18:52:44.625  6752  6752 D UsbDeviceConnectionJNI: close
03-05 18:52:44.626  6752  6844 D ProcessRequestThread::: Device has been closed.
03-05 18:52:44.626  6752  6844 W System.err: java.lang.InterruptedException
03-05 18:52:44.626  6752  6844 W System.err: 	at java.util.concurrent.locks.AbstractQueuedSynchronizer.doAcquireSharedInterruptibly(AbstractQueuedSynchronizer.java:972)
03-05 18:52:44.626  6752  6844 W System.err: 	at java.util.concurrent.locks.AbstractQueuedSynchronizer.acquireSharedInterruptibly(AbstractQueuedSynchronizer.java:1278)
03-05 18:52:44.626  6752  6844 W System.err: 	at java.util.concurrent.Semaphore.acquire(Semaphore.java:284)
03-05 18:52:44.627  6752  6844 W System.err: 	at com.ftdi.j2xx.ProcessInCtrl.acquireReadableBuffer(FT_Device.java:2294)
03-05 18:52:44.627  6752  6844 W System.err: 	at com.ftdi.j2xx.ProcessRequestWorker.run(FT_Device.java:2764)
03-05 18:52:44.627  6752  6844 W System.err: 	at java.lang.Thread.run(Thread.java:818)
03-05 18:52:44.628  6752  6843 D BulkIn::: Stop BulkIn thread
03-05 18:52:44.628  6752  6843 W System.err: java.lang.NullPointerException: Attempt to invoke virtual method 'int com.ftdi.j2xx.D2xxManager$DriverParameters.getBufferNumber()' on a null object reference
03-05 18:52:44.628  6752  6843 W System.err: 	at com.ftdi.j2xx.ProcessInCtrl.releaseWritableBuffers(FT_Device.java:2672)
03-05 18:52:44.629  6752  6843 W System.err: 	at com.ftdi.j2xx.BulkInWorker.run(FT_Device.java:2879)
03-05 18:52:44.629  6752  6843 W System.err: 	at java.lang.Thread.run(Thread.java:818)
03-05 18:52:44.629  6752  6845 W RobotCore: could not write to Modern Robotics USB DC Motor Controller [AI049QOP]: FTDI Null Pointer Exception
03-05 18:52:44.629  6752  6845 E RobotCore: java.lang.NullPointerException: Attempt to invoke interface method 'void java.util.concurrent.locks.Lock.unlock()' on a null object reference
03-05 18:52:44.630  6752  6845 E RobotCore: com.ftdi.j2xx.ProcessInCtrl.readBulkInData(FT_Device.java:2520)
03-05 18:52:44.630  6752  6845 E RobotCore: com.ftdi.j2xx.FT_Device.read(FT_Device.java:666)
03-05 18:52:44.630  6752  6845 E RobotCore: com.qualcomm.robotcore.hardware.usb.ftdi.RobotUsbDeviceFtdi.read(RobotUsbDeviceFtdi.java:199)
03-05 18:52:44.630  6752  6845 E RobotCore: com.qualcomm.robotcore.hardware.usb.ftdi.RobotUsbDeviceFtdi.read(RobotUsbDeviceFtdi.java:176)
03-05 18:52:44.630  6752  6845 E RobotCore: com.qualcomm.modernrobotics.ReadWriteRunnableUsbHandler.a(SourceFile:77)
03-05 18:52:44.630  6752  6845 E RobotCore: com.qualcomm.modernrobotics.ReadWriteRunnableUsbHandler.read(SourceFile:66)
03-05 18:52:44.630  6752  6845 E RobotCore: com.qualcomm.hardware.modernrobotics.ReadWriteRunnableStandard$1.run(ReadWriteRunnableStandard.java:343)
03-05 18:52:44.630  6752  6845 E RobotCore: com.qualcomm.robotcore.util.ThreadPool.logThreadLifeCycle(ThreadPool.java:513)
03-05 18:52:44.630  6752  6845 E RobotCore: com.qualcomm.hardware.modernrobotics.ReadWriteRunnableStandard.run(ReadWriteRunnableStandard.java:302)
03-05 18:52:44.630  6752  6845 E RobotCore: java.util.concurrent.ThreadPoolExecutor.runWorker(ThreadPoolExecutor.java:1113)
03-05 18:52:44.630  6752  6845 E RobotCore: java.util.concurrent.ThreadPoolExecutor$Worker.run(ThreadPoolExecutor.java:588)
03-05 18:52:44.630  6752  6845 E RobotCore: java.lang.Thread.run(Thread.java:818)
03-05 18:52:44.631  6752  6836 E FTDI_Device::: UsbConnection.requestWait() == null
03-05 18:52:44.633  6752  6845 V RobotCore: thread: ...terminating 'r/w loop: Modern Robotics USB DC Motor Controller [AI049QOP]'
03-05 18:52:44.634  6752  6842 E FTDI_Device::: UsbConnection.requestWait() == null
03-05 18:52:44.637  6752  6752 D UsbDeviceConnectionJNI: close
03-05 18:52:44.637  6752  6826 D ProcessRequestThread::: Device has been closed.
03-05 18:52:44.637  6752  6826 W System.err: java.lang.InterruptedException
03-05 18:52:44.637  6752  6826 W System.err: 	at java.util.concurrent.locks.AbstractQueuedSynchronizer.doAcquireSharedInterruptibly(AbstractQueuedSynchronizer.java:972)
03-05 18:52:44.637  6752  6826 W System.err: 	at java.util.concurrent.locks.AbstractQueuedSynchronizer.acquireSharedInterruptibly(AbstractQueuedSynchronizer.java:1278)
03-05 18:52:44.637  6752  6826 W System.err: 	at java.util.concurrent.Semaphore.acquire(Semaphore.java:284)
03-05 18:52:44.637  6752  6826 W System.err: 	at com.ftdi.j2xx.ProcessInCtrl.acquireReadableBuffer(FT_Device.java:2294)
03-05 18:52:44.637  6752  6826 W System.err: 	at com.ftdi.j2xx.ProcessRequestWorker.run(FT_Device.java:2764)
03-05 18:52:44.637  6752  6826 W System.err: 	at java.lang.Thread.run(Thread.java:818)
03-05 18:52:44.640  6752  6836 W RobotCore: could not write to Modern Robotics USB Core Device Interface Module [AI02RHDJ]: FTDI Null Pointer Exception
03-05 18:52:44.640  6752  6836 E RobotCore: java.lang.NullPointerException: Attempt to invoke interface method 'void java.util.concurrent.locks.Lock.unlock()' on a null object reference
03-05 18:52:44.640  6752  6836 E RobotCore: com.ftdi.j2xx.ProcessInCtrl.readBulkInData(FT_Device.java:2520)
03-05 18:52:44.640  6752  6836 E RobotCore: com.ftdi.j2xx.FT_Device.read(FT_Device.java:666)
03-05 18:52:44.640  6752  6836 E RobotCore: com.qualcomm.robotcore.hardware.usb.ftdi.RobotUsbDeviceFtdi.read(RobotUsbDeviceFtdi.java:199)
03-05 18:52:44.640  6752  6836 E RobotCore: com.qualcomm.robotcore.hardware.usb.ftdi.RobotUsbDeviceFtdi.read(RobotUsbDeviceFtdi.java:176)
03-05 18:52:44.640  6752  6836 E RobotCore: com.qualcomm.modernrobotics.ReadWriteRunnableUsbHandler.a(SourceFile:77)
03-05 18:52:44.640  6752  6836 E RobotCore: com.qualcomm.modernrobotics.ReadWriteRunnableUsbHandler.read(SourceFile:66)
03-05 18:52:44.640  6752  6836 E RobotCore: com.qualcomm.hardware.modernrobotics.ReadWriteRunnableStandard$1.run(ReadWriteRunnableStandard.java:343)
03-05 18:52:44.640  6752  6836 E RobotCore: com.qualcomm.robotcore.util.ThreadPool.logThreadLifeCycle(ThreadPool.java:513)
03-05 18:52:44.640  6752  6836 E RobotCore: com.qualcomm.hardware.modernrobotics.ReadWriteRunnableStandard.run(ReadWriteRunnableStandard.java:302)
03-05 18:52:44.640  6752  6836 E RobotCore: java.util.concurrent.ThreadPoolExecutor.runWorker(ThreadPoolExecutor.java:1113)
03-05 18:52:44.640  6752  6836 E RobotCore: java.util.concurrent.ThreadPoolExecutor$Worker.run(ThreadPoolExecutor.java:588)
03-05 18:52:44.640  6752  6836 E RobotCore: java.lang.Thread.run(Thread.java:818)
03-05 18:52:44.641  6752  6836 V RobotCore:i2cSynch(USB AI02RHDJ; port 2): onPortIsReadyCallbacksEnd ...
03-05 18:52:44.641  6752  6836 V RobotCore:i2cSynch(USB AI02RHDJ; port 2): ... onPortIsReadyCallbacksEnd complete
03-05 18:52:44.641  6752  6836 V RobotCore:i2cSynch(USB AI02RHDJ; port 4): onPortIsReadyCallbacksEnd ...
03-05 18:52:44.641  6752  6836 V RobotCore:i2cSynch(USB AI02RHDJ; port 4): ... onPortIsReadyCallbacksEnd complete
03-05 18:52:44.641  6752  6836 V RobotCore: thread: ...terminating 'r/w loop: Modern Robotics USB Core Device Interface Module [AI02RHDJ]'
03-05 18:52:44.643  6752  6752 D UsbDeviceConnectionJNI: close
03-05 18:52:44.643  6752  6840 D BulkIn::: Stop BulkIn thread
03-05 18:52:44.644  6752  6840 W System.err: java.lang.NullPointerException: Attempt to invoke virtual method 'boolean com.ftdi.j2xx.InBuffer.acquired()' on a null object reference
03-05 18:52:44.644  6752  6840 W System.err: 	at com.ftdi.j2xx.ProcessInCtrl.releaseWritableBuffers(FT_Device.java:2675)
03-05 18:52:44.644  6752  6840 W System.err: 	at com.ftdi.j2xx.BulkInWorker.run(FT_Device.java:2879)
03-05 18:52:44.644  6752  6840 W System.err: 	at java.lang.Thread.run(Thread.java:818)
03-05 18:52:44.644  6752  6842 W RobotCore: could not write to Modern Robotics USB DC Motor Controller [AL00VWH0]: FTDI Null Pointer Exception
03-05 18:52:44.644  6752  6842 E RobotCore: java.lang.NullPointerException: Attempt to invoke interface method 'void java.util.concurrent.locks.Lock.unlock()' on a null object reference
03-05 18:52:44.644  6752  6842 E RobotCore: com.ftdi.j2xx.ProcessInCtrl.readBulkInData(FT_Device.java:2520)
03-05 18:52:44.644  6752  6842 E RobotCore: com.ftdi.j2xx.FT_Device.read(FT_Device.java:666)
03-05 18:52:44.644  6752  6842 E RobotCore: com.qualcomm.robotcore.hardware.usb.ftdi.RobotUsbDeviceFtdi.read(RobotUsbDeviceFtdi.java:199)
03-05 18:52:44.644  6752  6842 E RobotCore: com.qualcomm.robotcore.hardware.usb.ftdi.RobotUsbDeviceFtdi.read(RobotUsbDeviceFtdi.java:176)
03-05 18:52:44.645  6752  6842 E RobotCore: com.qualcomm.modernrobotics.ReadWriteRunnableUsbHandler.a(SourceFile:77)
03-05 18:52:44.645  6752  6842 E RobotCore: com.qualcomm.modernrobotics.ReadWriteRunnableUsbHandler.read(SourceFile:66)
03-05 18:52:44.645  6752  6842 E RobotCore: com.qualcomm.hardware.modernrobotics.ReadWriteRunnableStandard$1.run(ReadWriteRunnableStandard.java:343)
03-05 18:52:44.645  6752  6842 E RobotCore: com.qualcomm.robotcore.util.ThreadPool.logThreadLifeCycle(ThreadPool.java:513)
03-05 18:52:44.645  6752  6842 E RobotCore: com.qualcomm.hardware.modernrobotics.ReadWriteRunnableStandard.run(ReadWriteRunnableStandard.java:302)
03-05 18:52:44.645  6752  6842 E RobotCore: java.util.concurrent.ThreadPoolExecutor.runWorker(ThreadPoolExecutor.java:1113)
03-05 18:52:44.645  6752  6842 E RobotCore: java.util.concurrent.ThreadPoolExecutor$Worker.run(ThreadPoolExecutor.java:588)
03-05 18:52:44.645  6752  6842 E RobotCore: java.lang.Thread.run(Thread.java:818)
03-05 18:52:44.646  6752  6841 D ProcessRequestThread::: Device has been closed.
03-05 18:52:44.646  6752  6841 W System.err: java.lang.InterruptedException
03-05 18:52:44.646  6752  6841 W System.err: 	at java.util.concurrent.locks.AbstractQueuedSynchronizer.doAcquireSharedInterruptibly(AbstractQueuedSynchronizer.java:972)
03-05 18:52:44.646  6752  6841 W System.err: 	at java.util.concurrent.locks.AbstractQueuedSynchronizer.acquireSharedInterruptibly(AbstractQueuedSynchronizer.java:1278)
03-05 18:52:44.646  6752  6841 W System.err: 	at java.util.concurrent.Semaphore.acquire(Semaphore.java:284)
03-05 18:52:44.646  6752  6841 W System.err: 	at com.ftdi.j2xx.ProcessInCtrl.acquireReadableBuffer(FT_Device.java:2294)
03-05 18:52:44.646  6752  6841 W System.err: 	at com.ftdi.j2xx.ProcessRequestWorker.run(FT_Device.java:2764)
03-05 18:52:44.646  6752  6841 W System.err: 	at java.lang.Thread.run(Thread.java:818)
03-05 18:52:44.647  6752  6825 D BulkIn::: Stop BulkIn thread
03-05 18:52:44.647  6752  6825 W System.err: java.lang.NullPointerException: Attempt to invoke virtual method 'int com.ftdi.j2xx.D2xxManager$DriverParameters.getBufferNumber()' on a null object reference
03-05 18:52:44.648  6752  6825 W System.err: 	at com.ftdi.j2xx.ProcessInCtrl.releaseWritableBuffers(FT_Device.java:2672)
03-05 18:52:44.648  6752  6825 W System.err: 	at com.ftdi.j2xx.BulkInWorker.run(FT_Device.java:2879)
03-05 18:52:44.648  6752  6825 W System.err: 	at java.lang.Thread.run(Thread.java:818)
03-05 18:52:44.649  6752  6842 V RobotCore: thread: ...terminating 'r/w loop: Modern Robotics USB DC Motor Controller [AL00VWH0]'
03-05 18:52:44.650  6752  6752 D UsbDeviceConnectionJNI: close
03-05 18:52:44.651  6752  6837 D BulkIn::: Stop BulkIn thread
03-05 18:52:44.651  6752  6837 W System.err: java.lang.NullPointerException: Attempt to invoke virtual method 'boolean com.ftdi.j2xx.InBuffer.acquired()' on a null object reference
03-05 18:52:44.651  6752  6838 D ProcessRequestThread::: Device has been closed.
03-05 18:52:44.651  6752  6837 W System.err: 	at com.ftdi.j2xx.ProcessInCtrl.releaseWritableBuffers(FT_Device.java:2675)
03-05 18:52:44.651  6752  6837 W System.err: 	at com.ftdi.j2xx.BulkInWorker.run(FT_Device.java:2879)
03-05 18:52:44.651  6752  6837 W System.err: 	at java.lang.Thread.run(Thread.java:818)
03-05 18:52:44.651  6752  6838 W System.err: java.lang.InterruptedException
03-05 18:52:44.652  6752  6838 W System.err: 	at java.util.concurrent.locks.AbstractQueuedSynchronizer.doAcquireSharedInterruptibly(AbstractQueuedSynchronizer.java:972)
03-05 18:52:44.652  6752  6838 W System.err: 	at java.util.concurrent.locks.AbstractQueuedSynchronizer.acquireSharedInterruptibly(AbstractQueuedSynchronizer.java:1278)
03-05 18:52:44.652  6752  6838 W System.err: 	at java.util.concurrent.Semaphore.acquire(Semaphore.java:284)
03-05 18:52:44.652  6752  6838 W System.err: 	at com.ftdi.j2xx.ProcessInCtrl.acquireReadableBuffer(FT_Device.java:2294)
03-05 18:52:44.652  6752  6838 W System.err: 	at com.ftdi.j2xx.ProcessRequestWorker.run(FT_Device.java:2764)
03-05 18:52:44.652  6752  6838 W System.err: 	at java.lang.Thread.run(Thread.java:818)
03-05 18:52:44.652  6752  6839 W RobotCore: could not write to Modern Robotics USB DC Motor Controller [A104OQ1P]: FTDI Null Pointer Exception
03-05 18:52:44.652  6752  6839 E RobotCore: java.lang.NullPointerException: Attempt to invoke interface method 'void java.util.concurrent.locks.Lock.unlock()' on a null object reference
03-05 18:52:44.653  6752  6839 E RobotCore: com.ftdi.j2xx.ProcessInCtrl.readBulkInData(FT_Device.java:2520)
03-05 18:52:44.653  6752  6839 E RobotCore: com.ftdi.j2xx.FT_Device.read(FT_Device.java:666)
03-05 18:52:44.653  6752  6839 E RobotCore: com.qualcomm.robotcore.hardware.usb.ftdi.RobotUsbDeviceFtdi.read(RobotUsbDeviceFtdi.java:199)
03-05 18:52:44.653  6752  6839 E RobotCore: com.qualcomm.robotcore.hardware.usb.ftdi.RobotUsbDeviceFtdi.read(RobotUsbDeviceFtdi.java:176)
03-05 18:52:44.653  6752  6839 E RobotCore: com.qualcomm.modernrobotics.ReadWriteRunnableUsbHandler.b(SourceFile:109)
03-05 18:52:44.653  6752  6839 E RobotCore: com.qualcomm.modernrobotics.ReadWriteRunnableUsbHandler.write(SourceFile:98)
03-05 18:52:44.653  6752  6839 E RobotCore: com.qualcomm.hardware.modernrobotics.ReadWriteRunnableStandard$1.run(ReadWriteRunnableStandard.java:394)
03-05 18:52:44.653  6752  6839 E RobotCore: com.qualcomm.robotcore.util.ThreadPool.logThreadLifeCycle(ThreadPool.java:513)
03-05 18:52:44.653  6752  6839 E RobotCore: com.qualcomm.hardware.modernrobotics.ReadWriteRunnableStandard.run(ReadWriteRunnableStandard.java:302)
03-05 18:52:44.653  6752  6839 E RobotCore: java.util.concurrent.ThreadPoolExecutor.runWorker(ThreadPoolExecutor.java:1113)
03-05 18:52:44.653  6752  6839 E RobotCore: java.util.concurrent.ThreadPoolExecutor$Worker.run(ThreadPoolExecutor.java:588)
03-05 18:52:44.653  6752  6839 E RobotCore: java.lang.Thread.run(Thread.java:818)
03-05 18:52:44.653  6752  6839 V RobotCore: thread: ...terminating 'r/w loop: Modern Robotics USB DC Motor Controller [A104OQ1P]'
03-05 18:52:44.654  6752  6849 D RobotCore: system telemetry: key=$System$Warning$ msg="problem communicating with Modern Robotics USB Core Device Interface Module [AI02RHDJ]; problem communicating with Modern Robotics USB Servo Controller [AL00VST0]; problem communicating with Modern Robotics USB DC Motor Controller [A104OQ1P]; problem communicating with Modern Robotics USB DC Motor Controller [AL00VWH0]; problem communicating with Modern Robotics USB DC Motor Controller [AL00VBIF]; problem communicating with Modern Robotics USB DC Motor Controller [AI049QOP]"
03-05 18:52:44.654  6752  6849 V RobotCore: event loop: device has shutdown abnormally
03-05 18:52:44.655  6752  6849 V RobotCore: event loop: detaching device owner
03-05 18:52:44.655  6752  6849 I FIRST   : ======= MODULE DETACH RECOVERY: disarm Modern Robotics USB Servo Controller [AL00VST0]=======
03-05 18:52:44.655  6752  6849 D RobotCore: disarming modern servo controller "Modern Robotics USB Servo Controller [AL00VST0]"...
03-05 18:52:44.655  6752  6849 V RobotCore: waiting for service ReadWriteRunnable for Modern Robotics USB Device
03-05 18:52:44.657  6752  6849 V RobotCore: awaitTermination returned, isTerminated=true
03-05 18:52:44.657  6752  6849 V RobotCore: executive service ReadWriteRunnable for Modern Robotics USB Device is terminated
03-05 18:52:44.657  6752  6849 D RobotCore: ...disarming modern servo controller Modern Robotics USB Servo Controller [AL00VST0] complete
03-05 18:52:44.657  6752  6849 I FIRST   : ======= MODULE DETACH RECOVERY: pretend Modern Robotics USB Servo Controller [AL00VST0]=======
03-05 18:52:44.657  6752  6849 D RobotCore: arming modern servo controller Modern Robotics USB Servo Controller [AL00VST0] (pretend)...
03-05 18:52:44.658  6752  6849 V RobotCore: Starting up pretend device AL00VST0
03-05 18:52:44.660  6752  6880 V RobotCore: thread: 'r/w loop: Modern Robotics USB Servo Controller [AL00VST0]' starting...
03-05 18:52:44.660  6752  6849 D RobotCore: ...arming modern servo controller Modern Robotics USB Servo Controller [AL00VST0] complete
03-05 18:52:44.661  6752  6849 I FIRST   : ======= MODULE DETACH RECOVERY: complete Modern Robotics USB Servo Controller [AL00VST0]=======
03-05 18:52:44.661  6752  6849 V RobotCore: event loop: device has shutdown abnormally
03-05 18:52:44.661  6752  6849 V RobotCore: event loop: detaching device owner
03-05 18:52:44.661  6752  6849 I FIRST   : ======= MODULE DETACH RECOVERY: disarm Modern Robotics USB Core Device Interface Module [AI02RHDJ]=======
03-05 18:52:44.662  6752  6849 V RobotCore: executive service ReadWriteRunnable for Modern Robotics USB Device is terminated
03-05 18:52:44.662  6752  6849 I FIRST   : ======= MODULE DETACH RECOVERY: pretend Modern Robotics USB Core Device Interface Module [AI02RHDJ]=======
03-05 18:52:44.662  6752  6849 V RobotCore: Starting up pretend device AI02RHDJ
03-05 18:52:44.663  6752  6881 V RobotCore: thread: 'r/w loop: Modern Robotics USB Core Device Interface Module [AI02RHDJ]' starting...
03-05 18:52:44.663  6752  6881 V RobotCore:i2cSynch(USB AI02RHDJ; port 2): doPortIsReadyCallbackBeginWork ...
03-05 18:52:44.663  6752  6881 V RobotCore:i2cSynch(USB AI02RHDJ; port 2): ... doPortIsReadyCallbackBeginWork complete
03-05 18:52:44.663  6752  6881 V RobotCore:i2cSynch(USB AI02RHDJ; port 4): doPortIsReadyCallbackBeginWork ...
03-05 18:52:44.663  6752  6881 V RobotCore:i2cSynch(USB AI02RHDJ; port 4): ... doPortIsReadyCallbackBeginWork complete
03-05 18:52:44.664  6752  6849 V RobotCore:i2cSynch(USB AI02RHDJ; port 4): onPretending ...
03-05 18:52:44.664  6752  6849 V RobotCore:i2cSynch(USB AI02RHDJ; port 4): doModuleIsArmedWork ...
03-05 18:52:44.664  6752  6849 V RobotCore:i2cSynch(USB AI02RHDJ; port 4): ... doModuleIsArmedWork complete
03-05 18:52:44.664  6752  6849 V RobotCore:i2cSynch(USB AI02RHDJ; port 4): ... onPretending
03-05 18:52:44.664  6752  6849 V RobotCore:i2cSynch(USB AI02RHDJ; port 2): onPretending ...
03-05 18:52:44.664  6752  6849 V RobotCore:i2cSynch(USB AI02RHDJ; port 2): doModuleIsArmedWork ...
03-05 18:52:44.664  6752  6849 V RobotCore:i2cSynch(USB AI02RHDJ; port 2): ... doModuleIsArmedWork complete
03-05 18:52:44.664  6752  6849 V RobotCore:i2cSynch(USB AI02RHDJ; port 2): ... onPretending
03-05 18:52:44.664  6752  6849 I FIRST   : ======= MODULE DETACH RECOVERY: complete Modern Robotics USB Core Device Interface Module [AI02RHDJ]=======
03-05 18:52:44.664  6752  6849 V RobotCore: event loop: device has shutdown abnormally
03-05 18:52:44.664  6752  6849 V RobotCore: event loop: detaching device owner
03-05 18:52:44.664  6752  6849 I FIRST   : ======= MODULE DETACH RECOVERY: disarm Modern Robotics USB DC Motor Controller [A104OQ1P]=======
03-05 18:52:44.665  6752  6849 D RobotCore: disarming modern motor controller Modern Robotics USB DC Motor Controller [A104OQ1P]...
03-05 18:52:44.665  6752  6849 V RobotCore: waiting for service ReadWriteRunnable for Modern Robotics USB Device
03-05 18:52:44.665  6752  6849 V RobotCore: awaitTermination returned, isTerminated=true
03-05 18:52:44.665  6752  6849 V RobotCore: executive service ReadWriteRunnable for Modern Robotics USB Device is terminated
03-05 18:52:44.666  6752  6849 D RobotCore: ...disarming modern motor controller Modern Robotics USB DC Motor Controller [A104OQ1P] complete
03-05 18:52:44.666  6752  6849 I FIRST   : ======= MODULE DETACH RECOVERY: pretend Modern Robotics USB DC Motor Controller [A104OQ1P]=======
03-05 18:52:44.666  6752  6849 D RobotCore: arming modern motor controller Modern Robotics USB DC Motor Controller [A104OQ1P] (pretend)...
03-05 18:52:44.666  6752  6849 V RobotCore: Starting up pretend device A104OQ1P
03-05 18:52:44.669  6752  6882 V RobotCore: thread: 'r/w loop: Modern Robotics USB DC Motor Controller [A104OQ1P]' starting...
03-05 18:52:44.670  6752  6849 D RobotCore: ...arming modern motor controller Modern Robotics USB DC Motor Controller [A104OQ1P] complete
03-05 18:52:44.670  6752  6849 I FIRST   : ======= MODULE DETACH RECOVERY: complete Modern Robotics USB DC Motor Controller [A104OQ1P]=======
03-05 18:52:44.670  6752  6849 V RobotCore: event loop: device has shutdown abnormally
03-05 18:52:44.670  6752  6849 V RobotCore: event loop: detaching device owner
03-05 18:52:44.670  6752  6849 I FIRST   : ======= MODULE DETACH RECOVERY: disarm Modern Robotics USB DC Motor Controller [AL00VWH0]=======
03-05 18:52:44.670  6752  6849 D RobotCore: disarming modern motor controller Modern Robotics USB DC Motor Controller [AL00VWH0]...
03-05 18:52:44.670  6752  6849 V RobotCore: waiting for service ReadWriteRunnable for Modern Robotics USB Device
03-05 18:52:44.671  6752  6849 V RobotCore: awaitTermination returned, isTerminated=true
03-05 18:52:44.671  6752  6849 V RobotCore: executive service ReadWriteRunnable for Modern Robotics USB Device is terminated
03-05 18:52:44.671  6752  6849 D RobotCore: ...disarming modern motor controller Modern Robotics USB DC Motor Controller [AL00VWH0] complete
03-05 18:52:44.671  6752  6849 I FIRST   : ======= MODULE DETACH RECOVERY: pretend Modern Robotics USB DC Motor Controller [AL00VWH0]=======
03-05 18:52:44.672  6752  6849 D RobotCore: arming modern motor controller Modern Robotics USB DC Motor Controller [AL00VWH0] (pretend)...
03-05 18:52:44.672  6752  6849 V RobotCore: Starting up pretend device AL00VWH0
03-05 18:52:44.673  6752  6883 V RobotCore: thread: 'r/w loop: Modern Robotics USB DC Motor Controller [AL00VWH0]' starting...
03-05 18:52:44.674  6752  6849 D RobotCore: ...arming modern motor controller Modern Robotics USB DC Motor Controller [AL00VWH0] complete
03-05 18:52:44.674  6752  6849 I FIRST   : ======= MODULE DETACH RECOVERY: complete Modern Robotics USB DC Motor Controller [AL00VWH0]=======
03-05 18:52:44.674  6752  6849 V RobotCore: event loop: device has shutdown abnormally
03-05 18:52:44.674  6752  6849 V RobotCore: event loop: detaching device owner
