01-05 23:43:34.543 13613 13721 I RobotCore: SHOOTER RPM2: 931.8469157413955
01-05 23:43:34.564 13613 13721 I RobotCore: SHOOTER RPM1: 1129.0056994372742
01-05 23:43:34.564 13613 13721 I RobotCore: SHOOTER RPM2: 929.7693995365787
01-05 23:43:34.584 13613 13721 I RobotCore: SHOOTER RPM1: 1128.4251263762462
01-05 23:43:34.584 13613 13721 I RobotCore: SHOOTER RPM2: 995.6692291555114
01-05 23:43:34.604 13613 13721 I RobotCore: SHOOTER RPM1: 1125.109281037181
01-05 23:43:34.605 13613 13721 I RobotCore: SHOOTER RPM2: 926.5605843835608
01-05 23:43:34.625 13613 13721 I RobotCore: SHOOTER RPM1: 1124.518340516428
01-05 23:43:34.625 13613 13721 I RobotCore: SHOOTER RPM2: 926.0739274841172
01-05 23:43:34.645 13613 13721 I RobotCore: SHOOTER RPM1: 1130.2815730860011
01-05 23:43:34.645 13613 13721 I RobotCore: SHOOTER RPM2: 930.820119012001
01-05 23:43:34.666 13613 13721 I RobotCore: SHOOTER RPM1: 1129.7980806527655
01-05 23:43:34.666 13613 13721 I RobotCore: SHOOTER RPM2: 930.4219487728657
01-05 23:43:34.686 13613 13721 I RobotCore: SHOOTER RPM1: 1056.5628016742685
01-05 23:43:34.686 13613 13721 I RobotCore: SHOOTER RPM2: 858.4572763603431
01-05 23:43:34.706 13613 13721 I RobotCore: SHOOTER RPM1: 1064.3016734037828
01-05 23:43:34.706 13613 13721 I RobotCore: SHOOTER RPM2: 864.7451096405736
01-05 23:43:34.727 13613 13721 I RobotCore: SHOOTER RPM1: 1102.4546415887082
01-05 23:43:34.727 13613 13721 I RobotCore: SHOOTER RPM2: 907.9038224848184
01-05 23:43:34.748 13613 13721 I RobotCore: SHOOTER RPM1: 1124.9485696674653
01-05 23:43:34.748 13613 13721 I RobotCore: SHOOTER RPM2: 926.428233843795
01-05 23:43:34.768 13613 13721 I RobotCore: SHOOTER RPM1: 1119.816290685844
01-05 23:43:34.768 13613 13721 I RobotCore: SHOOTER RPM2: 922.201651153048
01-05 23:43:34.788 13613 13721 I RobotCore: SHOOTER RPM1: 1063.821691154869
01-05 23:43:34.788 13613 13721 I RobotCore: SHOOTER RPM2: 864.3551240633311
01-05 23:43:34.809 13613 13721 I RobotCore: SHOOTER RPM1: 1123.942427199555
01-05 23:43:34.809 13613 13721 I RobotCore: SHOOTER RPM2: 925.5996459290452
01-05 23:43:34.829 13613 13721 I RobotCore: SHOOTER RPM1: 1131.557379674568
01-05 23:43:34.829 13613 13721 I RobotCore: SHOOTER RPM2: 931.870783261409
01-05 23:43:34.850 13613 13721 I RobotCore: SHOOTER RPM1: 1121.7158035198165
01-05 23:43:34.850 13613 13721 I RobotCore: SHOOTER RPM2: 923.7659558398489
01-05 23:43:34.870 13613 13721 I RobotCore: SHOOTER RPM1: 1127.0498097422576
01-05 23:43:34.870 13613 13721 I RobotCore: SHOOTER RPM2: 928.1586668465651
01-05 23:43:34.890 13613 13721 I RobotCore: SHOOTER RPM1: 1129.459582132058
01-05 23:43:34.890 13613 13721 I RobotCore: SHOOTER RPM2: 930.1431852852241
01-05 23:43:34.911 13613 13721 I RobotCore: SHOOTER RPM1: 1121.5617546343858
01-05 23:43:34.911 13613 13721 I RobotCore: SHOOTER RPM2: 923.6390920518472
01-05 23:43:34.931 13613 13721 I RobotCore: SHOOTER RPM1: 1122.5894191668197
01-05 23:43:34.931 13613 13721 I RobotCore: SHOOTER RPM2: 924.4854040197339
01-05 23:43:34.952 13613 13721 I RobotCore: SHOOTER RPM1: 1124.5699198106236
01-05 23:43:34.952 13613 13721 I RobotCore: SHOOTER RPM2: 926.1164045499253
01-05 23:43:34.972 13613 13721 I RobotCore: SHOOTER RPM1: 1061.278838426703
01-05 23:43:34.972 13613 13721 I RobotCore: SHOOTER RPM2: 928.6189836233651
01-05 23:43:34.993 13613 13721 I RobotCore: SHOOTER RPM1: 1195.1945371004254
01-05 23:43:34.993 13613 13721 I RobotCore: SHOOTER RPM2: 995.9954475836878
01-05 23:43:35.013 13613 13721 I RobotCore: SHOOTER RPM1: 1125.0862486154572
01-05 23:43:35.013 13613 13721 I RobotCore: SHOOTER RPM2: 926.5416165068472
01-05 23:43:35.033 13613 13721 I RobotCore: SHOOTER RPM1: 1064.664749147784
01-05 23:43:35.033 13613 13721 I RobotCore: SHOOTER RPM2: 931.5816555043111
01-05 23:43:35.053 13613 13721 I RobotCore: SHOOTER RPM1: 1130.9307523769228
01-05 23:43:35.054 13613 13721 I RobotCore: SHOOTER RPM2: 931.3547372515835
01-05 23:43:35.074 13613 13721 I RobotCore: SHOOTER RPM1: 1058.7696805415137
01-05 23:43:35.074 13613 13721 I RobotCore: SHOOTER RPM2: 926.4234704738245
01-05 23:43:35.094 13613 13721 I RobotCore: SHOOTER RPM1: 1122.355177781014
01-05 23:43:35.094 13613 13721 I RobotCore: SHOOTER RPM2: 924.2924993490703
01-05 23:43:35.115 13613 13721 I RobotCore: SHOOTER RPM1: 1124.0712797455246
01-05 23:43:35.115 13613 13721 I RobotCore: SHOOTER RPM2: 925.7057597904321
01-05 23:43:35.135 13613 13721 I RobotCore: SHOOTER RPM1: 990.898339794224
01-05 23:43:35.135 13613 13721 I RobotCore: SHOOTER RPM2: 858.7785611549941
01-05 23:43:35.156 13613 13721 I RobotCore: SHOOTER RPM1: 1054.1160031339132
01-05 23:43:35.156 13613 13721 I RobotCore: SHOOTER RPM2: 856.4692525463045
01-05 23:43:35.176 13613 13721 I RobotCore: SHOOTER RPM1: 1057.4697898659747
01-05 23:43:35.176 13613 13721 I RobotCore: SHOOTER RPM2: 925.2860661327278
01-05 23:43:35.197 13613 13721 I RobotCore: SHOOTER RPM1: 1045.8516720918349
01-05 23:43:35.197 13613 13721 I RobotCore: SHOOTER RPM2: 849.7544835746158
01-05 23:43:35.217 13613 13721 I RobotCore: SHOOTER RPM1: 990.8781409804905
01-05 23:43:35.217 13613 13721 I RobotCore: SHOOTER RPM2: 858.761055516425
01-05 23:43:35.238 13613 13721 I RobotCore: SHOOTER RPM1: 1046.3155720933637
01-05 23:43:35.238 13613 13721 I RobotCore: SHOOTER RPM2: 915.5261255816933
01-05 23:43:35.259 13613 13721 I RobotCore: SHOOTER RPM1: 1046.4079355727054
01-05 23:43:35.259 13613 13721 I RobotCore: SHOOTER RPM2: 915.6069436261172
01-05 23:43:35.279 13613 13721 I RobotCore: SHOOTER RPM1: 1122.81228875938
01-05 23:43:35.279 13613 13721 I RobotCore: SHOOTER RPM2: 924.6689436841953
01-05 23:43:35.300 13613 13721 I RobotCore: SHOOTER RPM1: 1121.6016729462199
01-05 23:43:35.300 13613 13721 I RobotCore: SHOOTER RPM2: 923.6719659557104
01-05 23:43:35.320 13613 13721 I RobotCore: SHOOTER RPM1: 1121.6558875491887
01-05 23:43:35.320 13613 13721 I RobotCore: SHOOTER RPM2: 923.7166132758025
01-05 23:43:35.341 13613 13721 I RobotCore: SHOOTER RPM1: 1115.5256793105832
01-05 23:43:35.341 13613 13721 I RobotCore: SHOOTER RPM2: 918.6682064910685
01-05 23:43:35.361 13613 13721 I RobotCore: SHOOTER RPM1: 1196.9619461977761
01-05 23:43:35.361 13613 13721 I RobotCore: SHOOTER RPM2: 997.4682884981468
01-05 23:43:35.382 13613 13721 I RobotCore: SHOOTER RPM1: 1050.4218921052588
01-05 23:43:35.382 13613 13721 I RobotCore: SHOOTER RPM2: 853.4677873355228
01-05 23:43:35.402 13613 13721 I RobotCore: SHOOTER RPM1: 1119.3900319924305
01-05 23:43:35.402 13613 13721 I RobotCore: SHOOTER RPM2: 921.8506145820016
01-05 23:43:35.423 13613 13721 I RobotCore: SHOOTER RPM1: 1189.6746927875943
01-05 23:43:35.423 13613 13721 I RobotCore: SHOOTER RPM2: 991.3955773229953
01-05 23:43:35.443 13613 13721 I RobotCore: SHOOTER RPM1: 1119.3218018141276
01-05 23:43:35.443 13613 13721 I RobotCore: SHOOTER RPM2: 921.7944250233992
01-05 23:43:35.464 13613 13721 I RobotCore: SHOOTER RPM1: 1123.0066997707727
01-05 23:43:35.464 13613 13721 I RobotCore: SHOOTER RPM2: 924.829046870048
01-05 23:43:35.484 13613 13721 I RobotCore: SHOOTER RPM1: 1124.3205444909267
01-05 23:43:35.484 13613 13721 I RobotCore: SHOOTER RPM2: 925.9110366395868
01-05 23:43:35.504 13613 13721 I RobotCore: SHOOTER RPM1: 1123.0323920883527
01-05 23:43:35.505 13613 13721 I RobotCore: SHOOTER RPM2: 924.8502052492315
01-05 23:43:35.525 13613 13721 I RobotCore: SHOOTER RPM1: 1123.0295922274397
01-05 23:43:35.525 13613 13721 I RobotCore: SHOOTER RPM2: 924.847899481421
01-05 23:43:35.546 13613 13721 I RobotCore: SHOOTER RPM1: 1100.0048923041118
01-05 23:43:35.546 13613 13721 I RobotCore: SHOOTER RPM2: 905.8863818975037
01-05 23:43:35.566 13613 13721 I RobotCore: SHOOTER RPM1: 1063.031706285307
01-05 23:43:35.566 13613 13721 I RobotCore: SHOOTER RPM2: 930.1527429996436
01-05 23:43:35.587 13613 13721 I RobotCore: SHOOTER RPM1: 1182.5115621644673
01-05 23:43:35.587 13613 13721 I RobotCore: SHOOTER RPM2: 985.4263018037228
01-05 23:43:35.607 13613 13721 I RobotCore: SHOOTER RPM1: 1131.0728510623483
01-05 23:43:35.607 13613 13721 I RobotCore: SHOOTER RPM2: 931.4717596984045
01-05 23:43:35.627 13613 13721 I RobotCore: SHOOTER RPM1: 1064.8777416327362
01-05 23:43:35.627 13613 13721 I RobotCore: SHOOTER RPM2: 931.7680239286442
01-05 23:43:35.648 13613 13721 I RobotCore: SHOOTER RPM1: 989.6460224606261
01-05 23:43:35.648 13613 13721 I RobotCore: SHOOTER RPM2: 857.6932194658759
01-05 23:43:35.668 13613 13721 I RobotCore: SHOOTER RPM1: 1129.4219898751091
01-05 23:43:35.668 13613 13721 I RobotCore: SHOOTER RPM2: 930.1122269559722
01-05 23:43:35.689 13613 13721 I RobotCore: SHOOTER RPM1: 1118.6320590193643
01-05 23:43:35.689 13613 13721 I RobotCore: SHOOTER RPM2: 921.2264015453588
01-05 23:43:35.709 13613 13721 I RobotCore: SHOOTER RPM1: 1126.6639977277864
01-05 23:43:35.709 13613 13721 I RobotCore: SHOOTER RPM2: 927.8409393052359
01-05 23:43:35.729 13613 13721 I RobotCore: SHOOTER RPM1: 1129.7431316731345
01-05 23:43:35.730 13613 13721 I RobotCore: SHOOTER RPM2: 930.376696671993
01-05 23:43:35.750 13613 13721 I RobotCore: SHOOTER RPM1: 1119.1457289422724
01-05 23:43:35.750 13613 13721 I RobotCore: SHOOTER RPM2: 921.6494238348126
01-05 23:43:35.770 13613 13721 I RobotCore: SHOOTER RPM1: 1129.1357711042533
01-05 23:43:35.770 13613 13721 I RobotCore: SHOOTER RPM2: 929.8765173799733
01-05 23:43:35.791 13613 13721 I RobotCore: SHOOTER RPM1: 1112.3215073871188
01-05 23:43:35.791 13613 13721 I RobotCore: SHOOTER RPM2: 916.029476671745
01-05 23:43:35.811 13613 13721 I RobotCore: SHOOTER RPM1: 1062.503891171477
01-05 23:43:35.811 13613 13721 I RobotCore: SHOOTER RPM2: 929.6909047750424
01-05 23:43:35.832 13613 13721 I RobotCore: SHOOTER RPM1: 1124.7793131710855
01-05 23:43:35.832 13613 13721 I RobotCore: SHOOTER RPM2: 926.288846140894
01-05 23:43:35.852 13613 13721 I RobotCore: SHOOTER RPM1: 1196.1954922622233
01-05 23:43:35.852 13613 13721 I RobotCore: SHOOTER RPM2: 996.8295768851862
01-05 23:43:35.872 13613 13721 I RobotCore: SHOOTER RPM1: 1063.8489619798281
01-05 23:43:35.872 13613 13721 I RobotCore: SHOOTER RPM2: 864.3772816086104
01-05 23:43:35.893 13613 13721 I RobotCore: SHOOTER RPM1: 1128.0009300248232
01-05 23:43:35.893 13613 13721 I RobotCore: SHOOTER RPM2: 928.9419423733839
01-05 23:43:35.913 13613 13721 I RobotCore: SHOOTER RPM1: 1059.0154873376873
01-05 23:43:35.913 13613 13721 I RobotCore: SHOOTER RPM2: 860.450083461871
01-05 23:43:35.933 13613 13721 I RobotCore: SHOOTER RPM1: 1128.6966220262593
01-05 23:43:35.934 13613 13721 I RobotCore: SHOOTER RPM2: 929.514865198096
01-05 23:43:35.954 13613 13721 I RobotCore: SHOOTER RPM1: 1114.4292623269528
01-05 23:43:35.954 13613 13721 I RobotCore: SHOOTER RPM2: 917.7652748574906
01-05 23:43:35.975 13613 13721 I RobotCore: SHOOTER RPM1: 1059.7021206480667
01-05 23:43:35.975 13613 13721 I RobotCore: SHOOTER RPM2: 927.2393555670583
01-05 23:43:35.995 13613 13721 I RobotCore: SHOOTER RPM1: 1059.5128430140546
01-05 23:43:35.995 13613 13721 I RobotCore: SHOOTER RPM2: 927.0737376372979
01-05 23:43:36.015 13613 13721 I RobotCore: SHOOTER RPM1: 1119.6656552950737
01-05 23:43:36.016 13613 13721 I RobotCore: SHOOTER RPM2: 922.077598478296
01-05 23:43:36.036 13613 13721 I RobotCore: SHOOTER RPM1: 1127.9489801446266
01-05 23:43:36.036 13613 13721 I RobotCore: SHOOTER RPM2: 928.8991601191043
01-05 23:43:36.056 13613 13721 I RobotCore: SHOOTER RPM1: 1062.6262908931953
01-05 23:43:36.056 13613 13721 I RobotCore: SHOOTER RPM2: 863.3838613507213
01-05 23:43:36.077 13613 13721 I RobotCore: SHOOTER RPM1: 1119.1599588508845
01-05 23:43:36.077 13613 13721 I RobotCore: SHOOTER RPM2: 921.6611425830814
01-05 23:43:36.097 13613 13721 I RobotCore: SHOOTER RPM1: 1062.9772497955014
01-05 23:43:36.097 13613 13721 I RobotCore: SHOOTER RPM2: 863.6690154588449
01-05 23:43:36.117 13613 13721 I RobotCore: SHOOTER RPM1: 1130.1917694103506
01-05 23:43:36.117 13613 13721 I RobotCore: SHOOTER RPM2: 930.7461630438181
01-05 23:43:36.138 13613 13721 I RobotCore: SHOOTER RPM1: 1124.1457560192723
01-05 23:43:36.138 13613 13721 I RobotCore: SHOOTER RPM2: 925.7670931923419
01-05 23:43:36.158 13613 13721 I RobotCore: SHOOTER RPM1: 1130.3481982836172
01-05 23:43:36.158 13613 13721 I RobotCore: SHOOTER RPM2: 930.8749868218023
01-05 23:43:36.178 13613 13721 I RobotCore: SHOOTER RPM1: 1129.7951913922898
01-05 23:43:36.179 13613 13721 I RobotCore: SHOOTER RPM2: 930.4195693818857
01-05 23:43:36.199 13613 13721 I RobotCore: SHOOTER RPM1: 1119.4638892175797
01-05 23:43:36.199 13613 13721 I RobotCore: SHOOTER RPM2: 921.9114381791832
01-05 23:43:36.219 13613 13721 I RobotCore: SHOOTER RPM1: 1129.4307075020763
01-05 23:43:36.219 13613 13721 I RobotCore: SHOOTER RPM2: 930.1194061781805
01-05 23:43:36.240 13613 13721 I RobotCore: SHOOTER RPM1: 978.6491379732176
01-05 23:43:36.240 13613 13721 I RobotCore: SHOOTER RPM2: 848.1625862434553
01-05 23:43:36.260 13613 13721 I RobotCore: SHOOTER RPM1: 1122.3037466157773
01-05 23:43:36.261 13613 13721 I RobotCore: SHOOTER RPM2: 924.2501442718166
01-05 23:43:36.281 13613 13721 I RobotCore: SHOOTER RPM1: 1130.0035894231664
01-05 23:43:36.281 13613 13721 I RobotCore: SHOOTER RPM2: 930.5911912896664
01-05 23:43:36.301 13613 13721 I RobotCore: SHOOTER RPM1: 1130.8872167442673
01-05 23:43:36.301 13613 13721 I RobotCore: SHOOTER RPM2: 931.318884377632
01-05 23:43:36.321 13613 13721 I RobotCore: SHOOTER RPM1: 1131.0786426751297
01-05 23:43:36.322 13613 13721 I RobotCore: SHOOTER RPM2: 931.4765292618715
01-05 23:43:36.342 13613 13721 I RobotCore: SHOOTER RPM1: 1124.713342821724
01-05 23:43:36.342 13613 13721 I RobotCore: SHOOTER RPM2: 926.2345176178902
01-05 23:43:36.362 13613 13721 I RobotCore: SHOOTER RPM1: 1130.7393764970316
01-05 23:43:36.362 13613 13721 I RobotCore: SHOOTER RPM2: 931.1971335857908
01-05 23:43:36.383 13613 13721 I RobotCore: SHOOTER RPM1: 1126.0456469813566
01-05 23:43:36.383 13613 13721 I RobotCore: SHOOTER RPM2: 927.3317092787643
01-05 23:43:36.403 13613 13721 V RobotCore: thread: ...terminating 'LinearOpMode main'
01-05 23:43:36.404 13613 13711 I FIRST   : auto-stopping OpMode 'Shooter'
01-05 23:43:36.404 13613 13711 V RobotCore: waiting for service user linear op mode
01-05 23:43:36.405 13613 13711 V RobotCore: awaitTermination returned, isTerminated=true
01-05 23:43:36.406 13613 13711 V RobotCore: executive service user linear op mode is terminated
01-05 23:43:36.406 13613 13711 V RobotCore: executive service user linear op mode is terminated
01-05 23:43:36.406 13613 13711 I RobotCore: Attempting to switch to op mode $Stop$Robot$
01-05 23:43:36.545 13613 13675 V Robocol : sending CMD_INIT_OP_MODE_RESP(293), attempt: 0
01-05 23:43:36.551 13613 13668 V Robocol : received command: CMD_INIT_OP_MODE_RESP(293) $Stop$Robot$
01-05 23:43:36.552 13613 13668 V Robocol : received command: CMD_RUN_OP_MODE(10251) $Stop$Robot$
01-05 23:43:36.585 13613 13675 V Robocol : sending CMD_RUN_OP_MODE_RESP(299), attempt: 0
01-05 23:43:36.591 13613 13668 V Robocol : received command: CMD_RUN_OP_MODE_RESP(299) $Stop$Robot$
01-05 23:43:51.452 13613 13613 D UsbDeviceConnectionJNI: close
01-05 23:43:51.452 13613 13671 D ProcessRequestThread::: Device has been closed.
01-05 23:43:51.452 13613 13671 W System.err: java.lang.InterruptedException
01-05 23:43:51.453 13613 13671 W System.err: 	at java.util.concurrent.locks.AbstractQueuedSynchronizer.doAcquireSharedInterruptibly(AbstractQueuedSynchronizer.java:972)
01-05 23:43:51.453 13613 13671 W System.err: 	at java.util.concurrent.locks.AbstractQueuedSynchronizer.acquireSharedInterruptibly(AbstractQueuedSynchronizer.java:1278)
01-05 23:43:51.453 13613 13671 W System.err: 	at java.util.concurrent.Semaphore.acquire(Semaphore.java:284)
01-05 23:43:51.453 13613 13671 W System.err: 	at com.ftdi.j2xx.ProcessInCtrl.acquireReadableBuffer(FT_Device.java:2294)
01-05 23:43:51.453 13613 13671 W System.err: 	at com.ftdi.j2xx.ProcessRequestWorker.run(FT_Device.java:2764)
01-05 23:43:51.453 13613 13671 W System.err: 	at java.lang.Thread.run(Thread.java:818)
01-05 23:43:51.453 13613 13670 D BulkIn::: Stop BulkIn thread
01-05 23:43:51.453 13613 13670 W System.err: java.lang.NullPointerException: Attempt to invoke virtual method 'boolean com.ftdi.j2xx.InBuffer.acquired()' on a null object reference
01-05 23:43:51.453 13613 13670 W System.err: 	at com.ftdi.j2xx.ProcessInCtrl.releaseWritableBuffers(FT_Device.java:2675)
01-05 23:43:51.453 13613 13670 W System.err: 	at com.ftdi.j2xx.BulkInWorker.run(FT_Device.java:2879)
01-05 23:43:51.453 13613 13670 W System.err: 	at java.lang.Thread.run(Thread.java:818)
01-05 23:43:51.456 13613 13613 D UsbDeviceConnectionJNI: close
01-05 23:43:51.457 13613 13691 D BulkIn::: Stop BulkIn thread
01-05 23:43:51.457 13613 13693 W RobotCore: could not write to Modern Robotics USB DC Motor Controller [AL00VWH0]: FTDI Null Pointer Exception
01-05 23:43:51.457 13613 13691 W System.err: java.lang.NullPointerException: Attempt to invoke virtual method 'int com.ftdi.j2xx.D2xxManager$DriverParameters.getBufferNumber()' on a null object reference
01-05 23:43:51.457 13613 13693 E RobotCore: java.lang.NullPointerException: Attempt to invoke interface method 'void java.util.concurrent.locks.Lock.unlock()' on a null object reference
01-05 23:43:51.457 13613 13691 W System.err: 	at com.ftdi.j2xx.ProcessInCtrl.releaseWritableBuffers(FT_Device.java:2672)
01-05 23:43:51.457 13613 13691 W System.err: 	at com.ftdi.j2xx.BulkInWorker.run(FT_Device.java:2879)
01-05 23:43:51.457 13613 13691 W System.err: 	at java.lang.Thread.run(Thread.java:818)
01-05 23:43:51.458 13613 13693 E RobotCore: com.ftdi.j2xx.ProcessInCtrl.readBulkInData(FT_Device.java:2520)
01-05 23:43:51.458 13613 13693 E RobotCore: com.ftdi.j2xx.FT_Device.read(FT_Device.java:666)
01-05 23:43:51.458 13613 13693 E RobotCore: com.qualcomm.robotcore.hardware.usb.ftdi.RobotUsbDeviceFtdi.read(RobotUsbDeviceFtdi.java:199)
01-05 23:43:51.458 13613 13693 E RobotCore: com.qualcomm.robotcore.hardware.usb.ftdi.RobotUsbDeviceFtdi.read(RobotUsbDeviceFtdi.java:176)
01-05 23:43:51.458 13613 13693 E RobotCore: com.qualcomm.modernrobotics.ReadWriteRunnableUsbHandler.a(SourceFile:77)
01-05 23:43:51.458 13613 13693 E RobotCore: com.qualcomm.modernrobotics.ReadWriteRunnableUsbHandler.read(SourceFile:66)
01-05 23:43:51.458 13613 13693 E RobotCore: com.qualcomm.hardware.modernrobotics.ReadWriteRunnableStandard$1.run(ReadWriteRunnableStandard.java:343)
01-05 23:43:51.458 13613 13693 E RobotCore: com.qualcomm.robotcore.util.ThreadPool.logThreadLifeCycle(ThreadPool.java:513)
01-05 23:43:51.458 13613 13693 E RobotCore: com.qualcomm.hardware.modernrobotics.ReadWriteRunnableStandard.run(ReadWriteRunnableStandard.java:302)
01-05 23:43:51.458 13613 13693 E RobotCore: java.util.concurrent.ThreadPoolExecutor.runWorker(ThreadPoolExecutor.java:1113)
01-05 23:43:51.458 13613 13693 E RobotCore: java.util.concurrent.ThreadPoolExecutor$Worker.run(ThreadPoolExecutor.java:588)
01-05 23:43:51.458 13613 13693 E RobotCore: java.lang.Thread.run(Thread.java:818)
01-05 23:43:51.458 13613 13693 V RobotCore: thread: ...terminating 'r/w loop: Modern Robotics USB DC Motor Controller [AL00VWH0]'
01-05 23:43:51.459 13613 13692 D ProcessRequestThread::: Device has been closed.
01-05 23:43:51.459 13613 13692 W System.err: java.lang.InterruptedException
01-05 23:43:51.459 13613 13692 W System.err: 	at java.util.concurrent.locks.AbstractQueuedSynchronizer.doAcquireSharedInterruptibly(AbstractQueuedSynchronizer.java:972)
01-05 23:43:51.459 13613 13692 W System.err: 	at java.util.concurrent.locks.AbstractQueuedSynchronizer.acquireSharedInterruptibly(AbstractQueuedSynchronizer.java:1278)
01-05 23:43:51.459 13613 13692 W System.err: 	at java.util.concurrent.Semaphore.acquire(Semaphore.java:284)
01-05 23:43:51.459 13613 13692 W System.err: 	at com.ftdi.j2xx.ProcessInCtrl.acquireReadableBuffer(FT_Device.java:2294)
01-05 23:43:51.459 13613 13692 W System.err: 	at com.ftdi.j2xx.ProcessRequestWorker.run(FT_Device.java:2764)
01-05 23:43:51.459 13613 13692 W System.err: 	at java.lang.Thread.run(Thread.java:818)
01-05 23:43:51.460 13613 13710 E FTDI_Device::: UsbConnection.requestWait() == null
01-05 23:43:51.460 13613 13613 D UsbDeviceConnectionJNI: close
01-05 23:43:51.461 13613 13674 D ProcessRequestThread::: Device has been closed.
01-05 23:43:51.461 13613 13674 W System.err: java.lang.InterruptedException
01-05 23:43:51.461 13613 13674 W System.err: 	at java.util.concurrent.locks.AbstractQueuedSynchronizer.doAcquireSharedInterruptibly(AbstractQueuedSynchronizer.java:972)
01-05 23:43:51.461 13613 13674 W System.err: 	at java.util.concurrent.locks.AbstractQueuedSynchronizer.acquireSharedInterruptibly(AbstractQueuedSynchronizer.java:1278)
01-05 23:43:51.461 13613 13674 W System.err: 	at java.util.concurrent.Semaphore.acquire(Semaphore.java:284)
01-05 23:43:51.461 13613 13674 W System.err: 	at com.ftdi.j2xx.ProcessInCtrl.acquireReadableBuffer(FT_Device.java:2294)
01-05 23:43:51.461 13613 13674 W System.err: 	at com.ftdi.j2xx.ProcessRequestWorker.run(FT_Device.java:2764)
01-05 23:43:51.461 13613 13711 D RobotCore: system telemetry: key=$System$Warning$ msg="problem communicating with Modern Robotics USB DC Motor Controller [AL00VWH0]"
01-05 23:43:51.461 13613 13674 W System.err: 	at java.lang.Thread.run(Thread.java:818)
01-05 23:43:51.461 13613 13711 V RobotCore: event loop: device has shutdown abnormally
01-05 23:43:51.461 13613 13711 V RobotCore: event loop: detaching device owner
01-05 23:43:51.462 13613 13711 I FIRST   : ======= MODULE DETACH RECOVERY: disarm Modern Robotics USB DC Motor Controller [AL00VWH0]=======
01-05 23:43:51.462 13613 13673 D BulkIn::: Stop BulkIn thread
01-05 23:43:51.462 13613 13711 D RobotCore: disarming modern motor controller Modern Robotics USB DC Motor Controller [AL00VWH0]...
01-05 23:43:51.462 13613 13673 W System.err: java.lang.NullPointerException: Attempt to invoke virtual method 'int com.ftdi.j2xx.D2xxManager$DriverParameters.getBufferNumber()' on a null object reference
01-05 23:43:51.462 13613 13673 W System.err: 	at com.ftdi.j2xx.ProcessInCtrl.releaseWritableBuffers(FT_Device.java:2672)
01-05 23:43:51.462 13613 13673 W System.err: 	at com.ftdi.j2xx.BulkInWorker.run(FT_Device.java:2879)
01-05 23:43:51.462 13613 13711 V RobotCore: waiting for service ReadWriteRunnable for Modern Robotics USB Device
01-05 23:43:51.462 13613 13673 W System.err: 	at java.lang.Thread.run(Thread.java:818)
01-05 23:43:51.462 13613 13711 V RobotCore: awaitTermination returned, isTerminated=true
01-05 23:43:51.462 13613 13711 V RobotCore: executive service ReadWriteRunnable for Modern Robotics USB Device is terminated
01-05 23:43:51.463 13613 13711 D RobotCore: ...disarming modern motor controller Modern Robotics USB DC Motor Controller [AL00VWH0] complete
01-05 23:43:51.463 13613 13711 I FIRST   : ======= MODULE DETACH RECOVERY: pretend Modern Robotics USB DC Motor Controller [AL00VWH0]=======
01-05 23:43:51.463 13613 13711 D RobotCore: arming modern motor controller Modern Robotics USB DC Motor Controller [AL00VWH0] (pretend)...
01-05 23:43:51.464 13613 13687 W RobotCore: error: closed: FT_Device.read()=-1
01-05 23:43:51.464 13613 13711 V RobotCore: Starting up pretend device AL00VWH0
01-05 23:43:51.464 13613 13687 V RobotCore: thread: ...terminating 'r/w loop: Modern Robotics USB Core Device Interface Module [AL00VFK6]'
01-05 23:43:51.464 13613 13690 E FTDI_Device::: UsbConnection.requestWait() == null
01-05 23:43:51.466 13613 13672 W RobotCore: error: closed: FT_Device.read()=-1
01-05 23:43:51.466 13613 13672 V RobotCore: thread: ...terminating 'r/w loop: Modern Robotics USB Servo Controller [AL00VSDY]'
01-05 23:43:51.468 13613 13728 V RobotCore: thread: 'r/w loop: Modern Robotics USB DC Motor Controller [AL00VWH0]' starting...
01-05 23:43:51.470 13613 13711 D RobotCore: ...arming modern motor controller Modern Robotics USB DC Motor Controller [AL00VWH0] complete
01-05 23:43:51.470 13613 13711 I FIRST   : ======= MODULE DETACH RECOVERY: complete Modern Robotics USB DC Motor Controller [AL00VWH0]=======
01-05 23:43:51.471 13613 13613 D UsbDeviceConnectionJNI: close
01-05 23:43:51.471 13613 13698 D ProcessRequestThread::: Device has been closed.
01-05 23:43:51.471 13613 13698 W System.err: java.lang.InterruptedException
01-05 23:43:51.471 13613 13711 D RobotCore: system telemetry: key=$System$Warning$ msg="problem communicating with Modern Robotics USB DC Motor Controller [AL00VWH0]; problem communicating with Modern Robotics USB Core Device Interface Module [AL00VFK6]; problem communicating with Modern Robotics USB Servo Controller [AL00VSDY]"
01-05 23:43:51.471 13613 13698 W System.err: 	at java.util.concurrent.locks.AbstractQueuedSynchronizer.doAcquireSharedInterruptibly(AbstractQueuedSynchronizer.java:972)
01-05 23:43:51.471 13613 13698 W System.err: 	at java.util.concurrent.locks.AbstractQueuedSynchronizer.acquireSharedInterruptibly(AbstractQueuedSynchronizer.java:1278)
01-05 23:43:51.471 13613 13698 W System.err: 	at java.util.concurrent.Semaphore.acquire(Semaphore.java:284)
01-05 23:43:51.471 13613 13698 W System.err: 	at com.ftdi.j2xx.ProcessInCtrl.acquireReadableBuffer(FT_Device.java:2294)
01-05 23:43:51.471 13613 13698 W System.err: 	at com.ftdi.j2xx.ProcessRequestWorker.run(FT_Device.java:2764)
01-05 23:43:51.471 13613 13698 W System.err: 	at java.lang.Thread.run(Thread.java:818)
01-05 23:43:51.471 13613 13613 D UsbDeviceConnectionJNI: close
01-05 23:43:51.471 13613 13711 V RobotCore: event loop: device has shutdown abnormally
01-05 23:43:51.471 13613 13711 V RobotCore: event loop: detaching device owner
01-05 23:43:51.471 13613 13711 I FIRST   : ======= MODULE DETACH RECOVERY: disarm Modern Robotics USB Servo Controller [AL00VSDY]=======
01-05 23:43:51.471 13613 13711 D RobotCore: disarming modern servo controller "Modern Robotics USB Servo Controller [AL00VSDY]"...
01-05 23:43:51.472 13613 13695 D ProcessRequestThread::: Device has been closed.
01-05 23:43:51.472 13613 13695 W System.err: java.lang.InterruptedException
01-05 23:43:51.472 13613 13694 D BulkIn::: Stop BulkIn thread
01-05 23:43:51.472 13613 13695 W System.err: 	at java.util.concurrent.locks.AbstractQueuedSynchronizer.doAcquireSharedInterruptibly(AbstractQueuedSynchronizer.java:972)
01-05 23:43:51.472 13613 13694 W System.err: 	at java.lang.NullPointerException: Attempt to invoke virtual method 'boolean com.ftdi.j2xx.InBuffer.acquired()' on a null object reference
01-05 23:43:51.472 13613 13694 W System.err: 	at com.ftdi.j2xx.ProcessInCtrl.releaseWritableBuffers(FT_Device.java:2675)
01-05 23:43:51.472 13613 13694 W System.err: 	at com.ftdi.j2xx.BulkInWorker.run(FT_Device.java:2879)
01-05 23:43:51.472 13613 13694 W System.err: 	at java.lang.Thread.run(Thread.java:818)
01-05 23:43:51.472 13613 13711 V RobotCore: waiting for service ReadWriteRunnable for Modern Robotics USB Device
01-05 23:43:51.472 13613 13711 V RobotCore: awaitTermination returned, isTerminated=true
01-05 23:43:51.472 13613 13711 V RobotCore: executive service ReadWriteRunnable for Modern Robotics USB Device is terminated
01-05 23:43:51.472 13613 13710 W RobotCore: could not write to Modern Robotics USB DC Motor Controller [AL00VBIF]: FTDI Null Pointer Exception
01-05 23:43:51.472 13613 13710 E RobotCore: java.lang.NullPointerException: Attempt to invoke interface method 'void java.util.concurrent.locks.Lock.unlock()' on a null object reference
01-05 23:43:51.472 13613 13711 D RobotCore: ...disarming modern servo controller Modern Robotics USB Servo Controller [AL00VSDY] complete
01-05 23:43:51.472 13613 13711 I FIRST   : ======= MODULE DETACH RECOVERY: pretend Modern Robotics USB Servo Controller [AL00VSDY]=======
01-05 23:43:51.473 13613 13711 D RobotCore: arming modern servo controller Modern Robotics USB Servo Controller [AL00VSDY] (pretend)...
01-05 23:43:51.473 13613 13710 E RobotCore: com.ftdi.j2xx.ProcessInCtrl.readBulkInData(FT_Device.java:2520)
01-05 23:43:51.473 13613 13710 E RobotCore: com.ftdi.j2xx.FT_Device.read(FT_Device.java:666)
01-05 23:43:51.473 13613 13710 E RobotCore: com.qualcomm.robotcore.hardware.usb.ftdi.RobotUsbDeviceFtdi.read(RobotUsbDeviceFtdi.java:199)
01-05 23:43:51.473 13613 13710 E RobotCore: com.qualcomm.robotcore.hardware.usb.ftdi.RobotUsbDeviceFtdi.read(RobotUsbDeviceFtdi.java:176)
01-05 23:43:51.473 13613 13710 E RobotCore: com.qualcomm.modernrobotics.ReadWriteRunnableUsbHandler.a(SourceFile:77)
01-05 23:43:51.473 13613 13711 V RobotCore: Starting up pretend device AL00VSDY
01-05 23:43:51.473 13613 13710 E RobotCore: com.qualcomm.modernrobotics.ReadWriteRunnableUsbHandler.read(SourceFile:66)
01-05 23:43:51.473 13613 13710 E RobotCore: com.qualcomm.hardware.modernrobotics.ReadWriteRunnableStandard$1.run(ReadWriteRunnableStandard.java:343)
01-05 23:43:51.473 13613 13710 E RobotCore: com.qualcomm.robotcore.util.ThreadPool.logThreadLifeCycle(ThreadPool.java:513)
01-05 23:43:51.473 13613 13710 E RobotCore: com.qualcomm.hardware.modernrobotics.ReadWriteRunnableStandard.run(ReadWriteRunnableStandard.java:302)
01-05 23:43:51.473 13613 13710 E RobotCore: java.util.concurrent.ThreadPoolExecutor.runWorker(ThreadPoolExecutor.java:1113)
01-05 23:43:51.473 13613 13710 E RobotCore: java.util.concurrent.ThreadPoolExecutor$Worker.run(ThreadPoolExecutor.java:588)
01-05 23:43:51.473 13613 13710 E RobotCore: java.lang.Thread.run(Thread.java:818)
01-05 23:43:51.473 13613 13697 D BulkIn::: Stop BulkIn thread
01-05 23:43:51.473 13613 13710 V RobotCore: thread: ...terminating 'r/w loop: Modern Robotics USB DC Motor Controller [AL00VBIF]'
01-05 23:43:51.473 13613 13697 W System.err: java.lang.NullPointerException: Attempt to invoke virtual method 'int com.ftdi.j2xx.D2xxManager$DriverParameters.getBufferNumber()' on a null object reference
01-05 23:43:51.473 13613 13695 W System.err: java.util.concurrent.locks.AbstractQueuedSynchronizer.acquireSharedInterruptibly(AbstractQueuedSynchronizer.java:1278)
01-05 23:43:51.473 13613 13695 W System.err: 	at java.util.concurrent.Semaphore.acquire(Semaphore.java:284)
01-05 23:43:51.473 13613 13695 W System.err: 	at com.ftdi.j2xx.ProcessInCtrl.acquireReadableBuffer(FT_Device.java:2294)
01-05 23:43:51.473 13613 13695 W System.err: 	at com.ftdi.j2xx.ProcessRequestWorker.run(FT_Device.java:2764)
01-05 23:43:51.473 13613 13695 W System.err: 	at java.lang.Thread.run(Thread.java:818)
01-05 23:43:51.473 13613 13697 W System.err: 	at com.ftdi.j2xx.ProcessInCtrl.releaseWritableBuffers(FT_Device.java:2672)
01-05 23:43:51.473 13613 13697 W System.err: 	at com.ftdi.j2xx.BulkInWorker.run(FT_Device.java:2879)
01-05 23:43:51.473 13613 13697 W System.err: 	at java.lang.Thread.run(Thread.java:818)
01-05 23:43:51.474 13613 13696 W RobotCore: could not write to Modern Robotics USB DC Motor Controller [AI049QOP]: FTDI Null Pointer Exception
01-05 23:43:51.474 13613 13696 E RobotCore: java.lang.NullPointerException: Attempt to invoke interface method 'void java.util.concurrent.locks.Lock.unlock()' on a null object reference
01-05 23:43:51.475 13613 13696 E RobotCore: com.ftdi.j2xx.ProcessInCtrl.readBulkInData(FT_Device.java:2520)
01-05 23:43:51.475 13613 13696 E RobotCore: com.ftdi.j2xx.FT_Device.read(FT_Device.java:666)
01-05 23:43:51.475 13613 13696 E RobotCore: com.qualcomm.robotcore.hardware.usb.ftdi.RobotUsbDeviceFtdi.read(RobotUsbDeviceFtdi.java:199)
01-05 23:43:51.475 13613 13696 E RobotCore: com.qualcomm.robotcore.hardware.usb.ftdi.RobotUsbDeviceFtdi.read(RobotUsbDeviceFtdi.java:176)
01-05 23:43:51.475 13613 13696 E RobotCore: com.qualcomm.modernrobotics.ReadWriteRunnableUsbHandler.a(SourceFile:77)
01-05 23:43:51.475 13613 13696 E RobotCore: com.qualcomm.modernrobotics.ReadWriteRunnableUsbHandler.read(SourceFile:66)
01-05 23:43:51.475 13613 13696 E RobotCore: com.qualcomm.hardware.modernrobotics.ReadWriteRunnableStandard$1.run(ReadWriteRunnableStandard.java:343)
01-05 23:43:51.475 13613 13696 E RobotCore: com.qualcomm.robotcore.util.ThreadPool.logThreadLifeCycle(ThreadPool.java:513)
01-05 23:43:51.475 13613 13696 E RobotCore: com.qualcomm.hardware.modernrobotics.ReadWriteRunnableStandard.run(ReadWriteRunnableStandard.java:302)
01-05 23:43:51.475 13613 13696 E RobotCore: java.util.concurrent.ThreadPoolExecutor.runWorker(ThreadPoolExecutor.java:1113)
01-05 23:43:51.475 13613 13696 E RobotCore: java.util.concurrent.ThreadPoolExecutor$Worker.run(ThreadPoolExecutor.java:588)
01-05 23:43:51.475 13613 13696 E RobotCore: java.lang.Thread.run(Thread.java:818)
01-05 23:43:51.475 13613 13696 V RobotCore: thread: ...terminating 'r/w loop: Modern Robotics USB DC Motor Controller [AI049QOP]'
01-05 23:43:51.476 13613 13729 V RobotCore: thread: 'r/w loop: Modern Robotics USB Servo Controller [AL00VSDY]' starting...
01-05 23:43:51.476 13613 13711 D RobotCore: ...arming modern servo controller Modern Robotics USB Servo Controller [AL00VSDY] complete
01-05 23:43:51.476 13613 13711 I FIRST   : ======= MODULE DETACH RECOVERY: complete Modern Robotics USB Servo Controller [AL00VSDY]=======
01-05 23:43:51.476 13613 13711 V RobotCore: event loop: device has shutdown abnormally
01-05 23:43:51.476 13613 13711 V RobotCore: event loop: detaching device owner
01-05 23:43:51.476 13613 13711 I FIRST   : ======= MODULE DETACH RECOVERY: disarm Modern Robotics USB Core Device Interface Module [AL00VFK6]=======
01-05 23:43:51.477 13613 13711 V RobotCore: waiting for service ReadWriteRunnable for Modern Robotics USB Device
01-05 23:43:51.477 13613 13711 V RobotCore: awaitTermination returned, isTerminated=true
01-05 23:43:51.477 13613 13711 V RobotCore: executive service ReadWriteRunnable for Modern Robotics USB Device is terminated
01-05 23:43:51.477 13613 13711 I FIRST   : ======= MODULE DETACH RECOVERY: pretend Modern Robotics USB Core Device Interface Module [AL00VFK6]=======
01-05 23:43:51.477 13613 13711 V RobotCore: Starting up pretend device AL00VFK6
01-05 23:43:51.480 13613 13732 V RobotCore: thread: 'r/w loop: Modern Robotics USB Core Device Interface Module [AL00VFK6]' starting...
01-05 23:43:51.481 13613 13711 I FIRST   : ======= MODULE DETACH RECOVERY: complete Modern Robotics USB Core Device Interface Module [AL00VFK6]=======
01-05 23:43:51.481 13613 13711 V RobotCore: event loop: device has shutdown abnormally
01-05 23:43:51.481 13613 13711 V RobotCore: event loop: detaching device owner
01-05 23:43:51.481 13613 13711 I FIRST   : ======= MODULE DETACH RECOVERY: disarm Modern Robotics USB DC Motor Controller [AI049QOP]=======
01-05 23:43:51.481 13613 13711 D RobotCore: disarming modern motor controller Modern Robotics USB DC Motor Controller [AI049QOP]...
01-05 23:43:51.481 13613 13711 V RobotCore: waiting for service ReadWriteRunnable for Modern Robotics USB Device
01-05 23:43:51.482 13613 13711 V RobotCore: awaitTermination returned, isTerminated=true
01-05 23:43:51.482 13613 13711 V RobotCore: executive service ReadWriteRunnable for Modern Robotics USB Device is terminated
01-05 23:43:51.482 13613 13711 D RobotCore: ...disarming modern motor controller Modern Robotics USB DC Motor Controller [AI049QOP] complete
01-05 23:43:51.482 13613 13711 I FIRST   : ======= MODULE DETACH RECOVERY: pretend Modern Robotics USB DC Motor Controller [AI049QOP]=======
01-05 23:43:51.482 13613 13711 D RobotCore: arming modern motor controller Modern Robotics USB DC Motor Controller [AI049QOP] (pretend)...
01-05 23:43:51.482 13613 13613 D UsbDeviceConnectionJNI: close
01-05 23:43:51.482 13613 13711 V RobotCore: Starting up pretend device AI049QOP
01-05 23:43:51.483 13613 13690 W RobotCore: could not write to Modern Robotics USB DC Motor Controller [A104OQ1P]: FTDI Null Pointer Exception
01-05 23:43:51.483 13613 13690 E RobotCore: java.lang.NullPointerException: Attempt to invoke interface method 'void java.util.concurrent.locks.Lock.unlock()' on a null object reference
01-05 23:43:51.483 13613 13690 E RobotCore: com.ftdi.j2xx.ProcessInCtrl.readBulkInData(FT_Device.java:2520)
01-05 23:43:51.483 13613 13690 E RobotCore: com.ftdi.j2xx.FT_Device.read(FT_Device.java:666)
01-05 23:43:51.483 13613 13690 E RobotCore: com.qualcomm.robotcore.hardware.usb.ftdi.RobotUsbDeviceFtdi.read(RobotUsbDeviceFtdi.java:199)
01-05 23:43:51.483 13613 13690 E RobotCore: com.qualcomm.robotcore.hardware.usb.ftdi.RobotUsbDeviceFtdi.read(RobotUsbDeviceFtdi.java:176)
01-05 23:43:51.483 13613 13690 E RobotCore: com.qualcomm.modernrobotics.ReadWriteRunnableUsbHandler.a(SourceFile:77)
01-05 23:43:51.483 13613 13690 E RobotCore: com.qualcomm.modernrobotics.ReadWriteRunnableUsbHandler.read(SourceFile:66)
01-05 23:43:51.483 13613 13690 E RobotCore: com.qualcomm.hardware.modernrobotics.ReadWriteRunnableStandard$1.run(ReadWriteRunnableStandard.java:343)
01-05 23:43:51.483 13613 13690 E RobotCore: com.qualcomm.robotcore.util.ThreadPool.logThreadLifeCycle(ThreadPool.java:513)
01-05 23:43:51.483 13613 13690 E RobotCore: com.qualcomm.hardware.modernrobotics.ReadWriteRunnableStandard.run(ReadWriteRunnableStandard.java:302)
01-05 23:43:51.483 13613 13689 D ProcessRequestThread::: Device has been closed.
01-05 23:43:51.483 13613 13690 E RobotCore: java.util.concurrent.ThreadPoolExecutor.runWorker(ThreadPoolExecutor.java:1113)
01-05 23:43:51.483 13613 13690 E RobotCore: java.util.concurrent.ThreadPoolExecutor$Worker.run(ThreadPoolExecutor.java:588)
01-05 23:43:51.483 13613 13690 E RobotCore: java.lang.Thread.run(Thread.java:818)
01-05 23:43:51.483 13613 13689 W System.err: java.lang.InterruptedException
01-05 23:43:51.483 13613 13688 D BulkIn::: Stop BulkIn thread
01-05 23:43:51.483 13613 13689 W System.err: 	at java.util.concurrent.locks.AbstractQueuedSynchronizer.doAcquireSharedInterruptibly(AbstractQueuedSynchronizer.java:972)
01-05 23:43:51.483 13613 13688 W System.err: 	at java.lang.NullPointerException: Attempt to invoke virtual method 'int com.ftdi.j2xx.D2xxManager$DriverParameters.getBufferNumber()' on a null object reference
01-05 23:43:51.483 13613 13689 W System.err: java.util.concurrent.locks.AbstractQueuedSynchronizer.acquireSharedInterruptibly(AbstractQueuedSynchronizer.java:1278)
01-05 23:43:51.483 13613 13690 V RobotCore: thread: ...terminating 'r/w loop: Modern Robotics USB DC Motor Controller [A104OQ1P]'
01-05 23:43:51.483 13613 13688 W System.err: 	at com.ftdi.j2xx.ProcessInCtrl.releaseWritableBuffers(FT_Device.java:2672)
01-05 23:43:51.483 13613 13688 W System.err: 	at com.ftdi.j2xx.BulkInWorker.run(FT_Device.java:2879)
01-05 23:43:51.483 13613 13688 W System.err: 	at java.lang.Thread.run(Thread.java:818)
01-05 23:43:51.485 13613 13689 W System.err: 	at java.util.concurrent.Semaphore.acquire(Semaphore.java:284)
01-05 23:43:51.485 13613 13689 W System.err: 	at com.ftdi.j2xx.ProcessInCtrl.acquireReadableBuffer(FT_Device.java:2294)
01-05 23:43:51.485 13613 13689 W System.err: 	at com.ftdi.j2xx.ProcessRequestWorker.run(FT_Device.java:2764)
01-05 23:43:51.485 13613 13689 W System.err: 	at java.lang.Thread.run(Thread.java:818)
01-05 23:43:51.488 13613 13733 V RobotCore: thread: 'r/w loop: Modern Robotics USB DC Motor Controller [AI049QOP]' starting...
01-05 23:43:51.488 13613 13711 D RobotCore: ...arming modern motor controller Modern Robotics USB DC Motor Controller [AI049QOP] complete
01-05 23:43:51.488 13613 13711 I FIRST   : ======= MODULE DETACH RECOVERY: complete Modern Robotics USB DC Motor Controller [AI049QOP]=======
01-05 23:43:51.489 13613 13711 V RobotCore: event loop: device has shutdown abnormally
01-05 23:43:51.489 13613 13711 V RobotCore: event loop: detaching device owner
01-05 23:43:51.489 13613 13711 I FIRST   : ======= MODULE DETACH RECOVERY: disarm Modern Robotics USB DC Motor Controller [AL00VBIF]=======
01-05 23:43:51.489 13613 13711 D RobotCore: disarming modern motor controller Modern Robotics USB DC Motor Controller [AL00VBIF]...
01-05 23:43:51.489 13613 13711 V RobotCore: waiting for service ReadWriteRunnable for Modern Robotics USB Device
01-05 23:43:51.489 13613 13711 V RobotCore: awaitTermination returned, isTerminated=true
01-05 23:43:51.489 13613 13711 V RobotCore: executive service ReadWriteRunnable for Modern Robotics USB Device is terminated
01-05 23:43:51.489 13613 13711 D RobotCore: ...disarming modern motor controller Modern Robotics USB DC Motor Controller [AL00VBIF] complete
01-05 23:43:51.489 13613 13711 I FIRST   : ======= MODULE DETACH RECOVERY: pretend Modern Robotics USB DC Motor Controller [AL00VBIF]=======
01-05 23:43:51.489 13613 13711 D RobotCore: arming modern motor controller Modern Robotics USB DC Motor Controller [AL00VBIF] (pretend)...
01-05 23:43:51.490 13613 13711 V RobotCore: Starting up pretend device AL00VBIF
01-05 23:43:51.491 13613 13734 V RobotCore: thread: 'r/w loop: Modern Robotics USB DC Motor Controller [AL00VBIF]' starting...
01-05 23:43:51.491 13613 13711 D RobotCore: ...arming modern motor controller Modern Robotics USB DC Motor Controller [AL00VBIF] complete
01-05 23:43:51.492 13613 13711 I FIRST   : ======= MODULE DETACH RECOVERY: complete Modern Robotics USB DC Motor Controller [AL00VBIF]=======
01-05 23:43:51.492 13613 13711 D RobotCore: system telemetry: key=$System$Warning$ msg="problem communicating with Modern Robotics USB DC Motor Controller [A104OQ1P]; problem communicating with Modern Robotics USB DC Motor Controller [AL00VWH0]; problem communicating with Modern Robotics USB DC Motor Controller [AL00VBIF]; problem communicating with Modern Robotics USB DC Motor Controller [AI049QOP]; problem communicating with Modern Robotics USB Core Device Interface Module [AL00VFK6]; problem communicating with Modern Robotics USB Servo Controller [AL00VSDY]"
01-05 23:43:51.493 13613 13711 V RobotCore: event loop: device has shutdown abnormally
01-05 23:43:51.493 13613 13711 V RobotCore: event loop: detaching device owner
01-05 23:43:51.493 13613 13711 I FIRST   : ======= MODULE DETACH RECOVERY: disarm Modern Robotics USB DC Motor Controller [A104OQ1P]=======
01-05 23:43:51.493 13613 13711 D RobotCore: disarming modern motor controller Modern Robotics USB DC Motor Controller [A104OQ1P]...
01-05 23:43:51.493 13613 13679 D MediaPlayer: setSubtitleAnchor in MediaPlayer
01-05 23:43:51.493 13613 13711 V RobotCore: waiting for service ReadWriteRunnable for Modern Robotics USB Device
01-05 23:43:51.495 13613 13711 V RobotCore: awaitTermination returned, isTerminated=true
01-05 23:43:51.495 13613 13711 V RobotCore: executive service ReadWriteRunnable for Modern Robotics USB Device is terminated
01-05 23:43:51.495 13613 13711 D RobotCore: ...disarming modern motor controller Modern Robotics USB DC Motor Controller [A104OQ1P] complete
01-05 23:43:51.495 13613 13711 I FIRST   : ======= MODULE DETACH RECOVERY: pretend Modern Robotics USB DC Motor Controller [A104OQ1P]=======
01-05 23:43:51.495 13613 13711 D RobotCore: arming modern motor controller Modern Robotics USB DC Motor Controller [A104OQ1P] (pretend)...
01-05 23:43:51.495 13613 13711 V RobotCore: Starting up pretend device A104OQ1P
01-05 23:43:51.499 13613 13736 V RobotCore: thread: 'r/w loop: Modern Robotics USB DC Motor Controller [A104OQ1P]' starting...
01-05 23:43:51.499 13613 13711 D RobotCore: ...arming modern motor controller Modern Robotics USB DC Motor Controller [A104OQ1P] complete
01-05 23:43:51.499 13613 13711 I FIRST   : ======= MODULE DETACH RECOVERY: complete Modern Robotics USB DC Motor Controller [A104OQ1P]=======
01-05 23:43:51.505 13613 13613 W MediaPlayer: mediaplayer went away with unhandled events
01-05 23:43:51.521 13613 13677 D ExtendedUtils: extended extractor not needed, return default
01-05 23:43:51.522 13613 13677 I MediaCodec: (0xb74d5b68) init name(audio/raw) isType(1) encoder(0)
01-05 23:43:51.524 13613 13737 I OMXClient: Using client-side OMX mux.
01-05 23:43:51.528 13613 13737 E OMXMaster: A component of name 'OMX.qcom.audio.decoder.aac' already exists, ignoring this one.
01-05 23:43:51.530 13613 13737 I MediaCodec: (0xb74d5b68) Component Allocated (OMX.google.raw.decoder)
01-05 23:43:51.531 13613 13677 I MediaCodec: (0xb74d5b68) configure surface(0x0) crypto(0x0) flags(0)
01-05 23:43:51.531 13613 13677 D MediaCodec: (0xb74d5b68) configure format: AMessage(what = 0x00000000) = {
01-05 23:43:51.531 13613 13677 D MediaCodec:    string mime = "audio/raw"
01-05 23:43:51.531 13613 13677 D MediaCodec:    int64_t durationUs = 1043650
01-05 23:43:51.531 13613 13677 D MediaCodec:    int32_t channel-count = 2
01-05 23:43:51.531 13613 13677 D MediaCodec:    int32_t sample-rate = 44100
01-05 23:43:51.531 13613 13677 D MediaCodec:    int32_t channel-mask = 0
01-05 23:43:51.531 13613 13677 D MediaCodec:  }
01-05 23:43:51.532 13613 13677 I MediaCodec: (0xb74d5b68) start
01-05 23:43:51.532 13613 13737 I MediaCodec: (0xb74d5b68) input buffers allocated
01-05 23:43:51.532 13613 13737 I MediaCodec: (0xb74d5b68) numBuffers (4)
01-05 23:43:51.532 13613 13737 I MediaCodec: (0xb74d5b68) output buffers allocated
01-05 23:43:51.532 13613 13737 I MediaCodec: (0xb74d5b68) numBuffers (4)
01-05 23:43:51.534 13613 13737 I MediaCodec: (0xb74d5b68) codec output format changed
01-05 23:43:51.534 13613 13737 D MediaCodec: (0xb74d5b68) output format: AMessage(what = 'codc', target = 10) = {
01-05 23:43:51.534 13613 13737 D MediaCodec:    string mime = "audio/raw"
01-05 23:43:51.534 13613 13737 D MediaCodec:    int32_t channel-count = 2
01-05 23:43:51.534 13613 13737 D MediaCodec:    int32_t sample-rate = 44100
01-05 23:43:51.534 13613 13737 D MediaCodec:    int32_t channel-mask = 0
01-05 23:43:51.534 13613 13737 D MediaCodec:    int32_t what = 1869968451
01-05 23:43:51.534 13613 13737 D MediaCodec:  }
01-05 23:43:51.544 13613 13677 I MediaCodec: (0xb74d5b68) stop
01-05 23:43:51.546 13613 13677 I MediaCodec: (0xb74d5b68) release
01-05 23:43:51.551 13613 13679 W AudioTrack: AUDIO_OUTPUT_FLAG_FAST denied by client; transfer 4, track 44100 Hz, output 48000 Hz
01-05 23:43:52.595 13613 13679 W AudioTrack: AUDIO_OUTPUT_FLAG_FAST denied by client; transfer 4, track 44100 Hz, output 48000 Hz
01-05 23:43:53.449 13613 13613 V RCActivity: onPause()
01-05 23:43:53.489 13613 13613 V RCActivity: onStop()
01-05 23:43:53.490 13613 13613 V RobotCore: executive service robot setup is terminated
01-05 23:43:53.490 13613 13613 V Robocol : EventLoopManager.shutdown()
01-05 23:43:53.490 13613 13613 V RobotCore: waiting for service EventLoop
01-05 23:43:53.490 13613 13711 V RobotCore: EventLoopRunnable interrupted
01-05 23:43:53.490 13613 13711 V RobotCore: EventLoopManager state is STOPPED
01-05 23:43:53.490 13613 13711 V RobotCore: Robot Status: stopped
01-05 23:43:53.490 13613 13711 I FIRST   : ======= TEARDOWN =======
01-05 23:43:53.491 13613 13711 D RobotCore: disarming modern motor controller Modern Robotics USB DC Motor Controller [AL00VWH0]...
01-05 23:43:53.492 13613 13728 V RobotCore: thread: ...terminating 'r/w loop: Modern Robotics USB DC Motor Controller [AL00VWH0]'
01-05 23:43:53.493 13613 13711 V RobotCore: executive service ReadWriteRunnable for Modern Robotics USB Device is terminated
01-05 23:43:53.494 13613 13711 D RobotCore: ...disarming modern motor controller Modern Robotics USB DC Motor Controller [AL00VWH0] complete
01-05 23:43:53.494 13613 13711 D RobotCore: disarming modern motor controller Modern Robotics USB DC Motor Controller [AL00VBIF]...
01-05 23:43:53.501 13613 13734 V RobotCore: thread: ...terminating 'r/w loop: Modern Robotics USB DC Motor Controller [AL00VBIF]'
01-05 23:43:53.501 13613 13711 V RobotCore: executive service ReadWriteRunnable for Modern Robotics USB Device is terminated
01-05 23:43:53.501 13613 13711 D RobotCore: ...disarming modern motor controller Modern Robotics USB DC Motor Controller [AL00VBIF] complete
01-05 23:43:53.501 13613 13711 D RobotCore: disarming modern motor controller Modern Robotics USB DC Motor Controller [AI049QOP]...
01-05 23:43:53.506 13613 13733 V RobotCore: thread: ...terminating 'r/w loop: Modern Robotics USB DC Motor Controller [AI049QOP]'
01-05 23:43:53.507 13613 13711 V RobotCore: executive service ReadWriteRunnable for Modern Robotics USB Device is terminated
01-05 23:43:53.507 13613 13711 D RobotCore: ...disarming modern motor controller Modern Robotics USB DC Motor Controller [AI049QOP] complete
01-05 23:43:53.507 13613 13711 D RobotCore: disarming modern motor controller Modern Robotics USB DC Motor Controller [A104OQ1P]...
01-05 23:43:53.508 13613 13736 V RobotCore: thread: ...terminating 'r/w loop: Modern Robotics USB DC Motor Controller [A104OQ1P]'
01-05 23:43:53.508 13613 13711 V RobotCore: executive service ReadWriteRunnable for Modern Robotics USB Device is terminated
01-05 23:43:53.508 13613 13711 D RobotCore: ...disarming modern motor controller Modern Robotics USB DC Motor Controller [A104OQ1P] complete
01-05 23:43:53.508 13613 13711 D RobotCore: disarming modern servo controller "Modern Robotics USB Servo Controller [AL00VSDY]"...
01-05 23:43:53.516 13613 13729 V RobotCore: thread: ...terminating 'r/w loop: Modern Robotics USB Servo Controller [AL00VSDY]'
01-05 23:43:53.516 13613 13711 V RobotCore: waiting for service ReadWriteRunnable for Modern Robotics USB Device
01-05 23:43:53.516 13613 13711 V RobotCore: awaitTermination returned, isTerminated=true
01-05 23:43:53.516 13613 13711 V RobotCore: executive service ReadWriteRunnable for Modern Robotics USB Device is terminated
01-05 23:43:53.516 13613 13711 D RobotCore: ...disarming modern servo controller Modern Robotics USB Servo Controller [AL00VSDY] complete
01-05 23:43:53.516 13613 13711 V RobotCore: waiting for service ReadWriteRunnable for Modern Robotics USB Device
01-05 23:43:53.516 13613 13732 V RobotCore: thread: ...terminating 'r/w loop: Modern Robotics USB Core Device Interface Module [AL00VFK6]'
01-05 23:43:53.517 13613 13711 V RobotCore: awaitTermination returned, isTerminated=true
01-05 23:43:53.517 13613 13711 V RobotCore: executive service ReadWriteRunnable for Modern Robotics USB Device is terminated
01-05 23:43:53.517 13613 13711 I FIRST   : ======= TEARDOWN COMPLETE =======
01-05 23:43:53.517 13613 13711 V RobotCore: thread: ...terminating 'opmode loop()'
01-05 23:43:53.517 13613 13613 V RobotCore: awaitTermination returned, isTerminated=true
01-05 23:43:53.517 13613 13613 V RobotCore: executive service EventLoop is terminated
