02-05 00:12:33.089 23131 23509 I RobotCore: SHOOTER RPM1: 1060.6343726082416
02-05 00:12:33.090 23131 23509 I RobotCore: SHOOTER RPM2: 1004.8115108920183
02-05 00:12:33.100 23131 23509 I RobotCore: SHOOTER RPM1: 1103.8776709787949
02-05 00:12:33.100 23131 23509 I RobotCore: SHOOTER RPM2: 1103.8776709787949
02-05 00:12:33.110 23131 23509 I RobotCore: SHOOTER RPM1: 1405.6839992291846
02-05 00:12:33.110 23131 23509 I RobotCore: SHOOTER RPM2: 1349.456639260017
02-05 00:12:33.121 23131 23509 I RobotCore: SHOOTER RPM1: 0.0
02-05 00:12:33.121 23131 23509 I RobotCore: SHOOTER RPM2: 0.0
02-05 00:12:33.131 23131 23509 I RobotCore: SHOOTER RPM1: 2283.3726725586525
02-05 00:12:33.131 23131 23509 I RobotCore: SHOOTER RPM2: 2227.680656154783
02-05 00:12:33.141 23131 23509 I RobotCore: SHOOTER RPM1: 722.4332010791297
02-05 00:12:33.141 23131 23509 I RobotCore: SHOOTER RPM2: 722.4332010791297
02-05 00:12:33.152 23131 23509 I RobotCore: SHOOTER RPM1: 1051.2981512014944
02-05 00:12:33.152 23131 23509 I RobotCore: SHOOTER RPM2: 995.9666695593104
02-05 00:12:33.162 23131 23509 I RobotCore: SHOOTER RPM1: 1541.221197764215
02-05 00:12:33.162 23131 23509 I RobotCore: SHOOTER RPM2: 1541.221197764215
02-05 00:12:33.173 23131 23509 I RobotCore: SHOOTER RPM1: 1221.5413536210456
02-05 00:12:33.173 23131 23509 I RobotCore: SHOOTER RPM2: 1221.5413536210456
02-05 00:12:33.183 23131 23509 I RobotCore: SHOOTER RPM1: 0.0
02-05 00:12:33.183 23131 23509 I RobotCore: SHOOTER RPM2: 0.0
02-05 00:12:33.193 23131 23509 I RobotCore: SHOOTER RPM1: 2310.544182465365
02-05 00:12:33.193 23131 23509 I RobotCore: SHOOTER RPM2: 2254.189446307673
02-05 00:12:33.204 23131 23509 I RobotCore: SHOOTER RPM1: 0.0
02-05 00:12:33.204 23131 23509 I RobotCore: SHOOTER RPM2: 0.0
02-05 00:12:33.214 23131 23509 I RobotCore: SHOOTER RPM1: 2286.6481185991533
02-05 00:12:33.214 23131 23509 I RobotCore: SHOOTER RPM2: 2175.10430793578
02-05 00:12:33.225 23131 23509 I RobotCore: SHOOTER RPM1: 0.0
02-05 00:12:33.225 23131 23509 I RobotCore: SHOOTER RPM2: 0.0
02-05 00:12:33.235 23131 23509 I RobotCore: SHOOTER RPM1: 2162.188152772573
02-05 00:12:33.235 23131 23509 I RobotCore: SHOOTER RPM2: 2162.188152772573
02-05 00:12:33.245 23131 23509 I RobotCore: SHOOTER RPM1: 999.2284328126425
02-05 00:12:33.245 23131 23509 I RobotCore: SHOOTER RPM2: 943.7157421008291
02-05 00:12:33.256 23131 23509 I RobotCore: SHOOTER RPM1: 1214.4583760411424
02-05 00:12:33.256 23131 23509 I RobotCore: SHOOTER RPM2: 1159.2557225847268
02-05 00:12:33.266 23131 23509 I RobotCore: SHOOTER RPM1: 443.72932549749106
02-05 00:12:33.266 23131 23509 I RobotCore: SHOOTER RPM2: 499.19549118467745
02-05 00:12:33.277 23131 23509 I RobotCore: SHOOTER RPM1: 1220.1279241569193
02-05 00:12:33.277 23131 23509 I RobotCore: SHOOTER RPM2: 1164.6675639679686
02-05 00:12:33.287 23131 23509 I RobotCore: SHOOTER RPM1: 2167.9388557430534
02-05 00:12:33.287 23131 23509 I RobotCore: SHOOTER RPM2: 2112.3506799547704
02-05 00:12:33.298 23131 23509 I RobotCore: SHOOTER RPM1: 888.3892827756698
02-05 00:12:33.298 23131 23509 I RobotCore: SHOOTER RPM2: 888.3892827756698
02-05 00:12:33.308 23131 23509 I RobotCore: SHOOTER RPM1: 1388.8364546545033
02-05 00:12:33.308 23131 23509 I RobotCore: SHOOTER RPM2: 1333.282996468323
02-05 00:12:33.318 23131 23509 I RobotCore: SHOOTER RPM1: 555.9567314620598
02-05 00:12:33.319 23131 23509 I RobotCore: SHOOTER RPM2: 555.9567314620598
02-05 00:12:33.329 23131 23509 I RobotCore: SHOOTER RPM1: 1292.4385196605197
02-05 00:12:33.329 23131 23509 I RobotCore: SHOOTER RPM2: 1236.245540544845
02-05 00:12:33.339 23131 23509 I RobotCore: SHOOTER RPM1: 0.0
02-05 00:12:33.339 23131 23509 I RobotCore: SHOOTER RPM2: 0.0
02-05 00:12:33.350 23131 23509 I RobotCore: SHOOTER RPM1: 2005.9071372370927
02-05 00:12:33.350 23131 23509 I RobotCore: SHOOTER RPM2: 1950.1874945360623
02-05 00:12:33.360 23131 23509 I RobotCore: SHOOTER RPM1: 1162.6959274409942
02-05 00:12:33.360 23131 23509 I RobotCore: SHOOTER RPM2: 1162.6959274409942
02-05 00:12:33.370 23131 23509 I RobotCore: SHOOTER RPM1: 1555.6599293895813
02-05 00:12:33.371 23131 23509 I RobotCore: SHOOTER RPM2: 1555.6599293895813
02-05 00:12:33.381 23131 23509 I RobotCore: SHOOTER RPM1: 0.0
02-05 00:12:33.381 23131 23509 I RobotCore: SHOOTER RPM2: 0.0
02-05 00:12:33.391 23131 23509 I RobotCore: SHOOTER RPM1: 2252.773800675634
02-05 00:12:33.391 23131 23509 I RobotCore: SHOOTER RPM2: 2196.454455658743
02-05 00:12:33.402 23131 23509 I RobotCore: SHOOTER RPM1: 1176.5801716826568
02-05 00:12:33.402 23131 23509 I RobotCore: SHOOTER RPM2: 1120.552544459673
02-05 00:12:33.412 23131 23509 I RobotCore: SHOOTER RPM1: 1489.7024653644096
02-05 00:12:33.412 23131 23509 I RobotCore: SHOOTER RPM2: 1434.5282999805424
02-05 00:12:33.423 23131 23509 I RobotCore: SHOOTER RPM1: 887.0648817668514
02-05 00:12:33.423 23131 23509 I RobotCore: SHOOTER RPM2: 942.5064368772796
02-05 00:12:33.433 23131 23509 I RobotCore: SHOOTER RPM1: 1166.8032647570212
02-05 00:12:33.433 23131 23509 I RobotCore: SHOOTER RPM2: 1111.2412045304964
02-05 00:12:33.444 23131 23509 I RobotCore: SHOOTER RPM1: 1547.0337117596955
02-05 00:12:33.444 23131 23509 I RobotCore: SHOOTER RPM2: 1491.7825077682778
02-05 00:12:33.454 23131 23509 I RobotCore: SHOOTER RPM1: 1107.5555121137827
02-05 00:12:33.454 23131 23509 I RobotCore: SHOOTER RPM2: 1052.1777365080934
02-05 00:12:33.464 23131 23509 I RobotCore: SHOOTER RPM1: 0.0
02-05 00:12:33.464 23131 23509 I RobotCore: SHOOTER RPM2: 0.0
02-05 00:12:33.475 23131 23509 I RobotCore: SHOOTER RPM1: 2249.913529635794
02-05 00:12:33.475 23131 23509 I RobotCore: SHOOTER RPM2: 2249.913529635794
02-05 00:12:33.485 23131 23509 I RobotCore: SHOOTER RPM1: 939.8774978781022
02-05 00:12:33.485 23131 23509 I RobotCore: SHOOTER RPM2: 884.5905862382137
02-05 00:12:33.496 23131 23509 I RobotCore: SHOOTER RPM1: 1381.5409311430556
02-05 00:12:33.496 23131 23509 I RobotCore: SHOOTER RPM2: 1326.2792938973332
02-05 00:12:33.506 23131 23509 I RobotCore: SHOOTER RPM1: 1462.984008508931
02-05 00:12:33.506 23131 23509 I RobotCore: SHOOTER RPM2: 1462.984008508931
02-05 00:12:33.516 23131 23509 I RobotCore: SHOOTER RPM1: 786.2288927418997
02-05 00:12:33.516 23131 23509 I RobotCore: SHOOTER RPM2: 786.2288927418997
02-05 00:12:33.527 23131 23509 I RobotCore: SHOOTER RPM1: 1167.0890050552227
02-05 00:12:33.527 23131 23509 I RobotCore: SHOOTER RPM2: 1111.513338147831
02-05 00:12:33.537 23131 23509 I RobotCore: SHOOTER RPM1: 1004.2620838203466
02-05 00:12:33.537 23131 23509 I RobotCore: SHOOTER RPM2: 1004.2620838203466
02-05 00:12:33.547 23131 23509 I RobotCore: SHOOTER RPM1: 842.192427848031
02-05 00:12:33.547 23131 23509 I RobotCore: SHOOTER RPM2: 786.0462659914956
02-05 00:12:33.558 23131 23509 I RobotCore: SHOOTER RPM1: 2191.5591446198105
02-05 00:12:33.558 23131 23509 I RobotCore: SHOOTER RPM2: 2135.3653203987897
02-05 00:12:33.568 23131 23509 I RobotCore: SHOOTER RPM1: 0.0
02-05 00:12:33.568 23131 23509 I RobotCore: SHOOTER RPM2: 0.0
02-05 00:12:33.582 23131 23509 I RobotCore: SHOOTER RPM1: 860.1594790342044
02-05 00:12:33.582 23131 23509 I RobotCore: SHOOTER RPM2: 860.1594790342044
02-05 00:12:33.592 23131 23509 I RobotCore: SHOOTER RPM1: 0.0
02-05 00:12:33.593 23131 23509 I RobotCore: SHOOTER RPM2: 0.0
02-05 00:12:33.603 23131 23509 I RobotCore: SHOOTER RPM1: 2830.9491394231018
02-05 00:12:33.603 23131 23509 I RobotCore: SHOOTER RPM2: 2775.440332767747
02-05 00:12:33.613 23131 23509 I RobotCore: SHOOTER RPM1: 1165.1324965760834
02-05 00:12:33.613 23131 23509 I RobotCore: SHOOTER RPM2: 1165.1324965760834
02-05 00:12:33.624 23131 23509 I RobotCore: SHOOTER RPM1: 2091.4917564953203
02-05 00:12:33.624 23131 23509 I RobotCore: SHOOTER RPM2: 1981.4132429955666
02-05 00:12:33.634 23131 23509 I RobotCore: SHOOTER RPM1: 730.3757841914638
02-05 00:12:33.634 23131 23509 I RobotCore: SHOOTER RPM2: 730.3757841914638
02-05 00:12:33.645 23131 23509 I RobotCore: SHOOTER RPM1: 1279.3465916984742
02-05 00:12:33.645 23131 23509 I RobotCore: SHOOTER RPM2: 1223.7228268420188
02-05 00:12:33.655 23131 23509 I RobotCore: SHOOTER RPM1: 1129.2236493308878
02-05 00:12:33.655 23131 23509 I RobotCore: SHOOTER RPM2: 1129.2236493308878
02-05 00:12:33.665 23131 23509 I RobotCore: SHOOTER RPM1: 929.1596708139888
02-05 00:12:33.666 23131 23509 I RobotCore: SHOOTER RPM2: 929.1596708139888
02-05 00:12:33.676 23131 23509 I RobotCore: SHOOTER RPM1: 0.0
02-05 00:12:33.676 23131 23509 I RobotCore: SHOOTER RPM2: 0.0
02-05 00:12:33.686 23131 23509 I RobotCore: SHOOTER RPM1: 2473.328366088016
02-05 00:12:33.686 23131 23509 I RobotCore: SHOOTER RPM2: 2360.904349447652
02-05 00:12:33.696 23131 23509 I RobotCore: SHOOTER RPM1: 1451.4016792628113
02-05 00:12:33.697 23131 23509 I RobotCore: SHOOTER RPM2: 1451.4016792628113
02-05 00:12:33.707 23131 23509 I RobotCore: SHOOTER RPM1: 1407.8480886650952
02-05 00:12:33.707 23131 23509 I RobotCore: SHOOTER RPM2: 1351.5341651184915
02-05 00:12:33.717 23131 23509 I RobotCore: SHOOTER RPM1: 1387.824185126669
02-05 00:12:33.717 23131 23509 I RobotCore: SHOOTER RPM2: 1332.3112177216021
02-05 00:12:33.727 23131 23509 I RobotCore: SHOOTER RPM1: 901.7580845823858
02-05 00:12:33.728 23131 23509 I RobotCore: SHOOTER RPM2: 958.1179648687848
02-05 00:12:33.738 23131 23509 I RobotCore: SHOOTER RPM1: 829.8937302673194
02-05 00:12:33.738 23131 23509 I RobotCore: SHOOTER RPM2: 774.5674815828314
02-05 00:12:33.748 23131 23509 I RobotCore: SHOOTER RPM1: 1944.273870417387
02-05 00:12:33.748 23131 23509 I RobotCore: SHOOTER RPM2: 1888.7231884054615
02-05 00:12:33.759 23131 23509 I RobotCore: SHOOTER RPM1: 0.0
02-05 00:12:33.759 23131 23509 I RobotCore: SHOOTER RPM2: 0.0
02-05 00:12:33.769 23131 23509 I RobotCore: SHOOTER RPM1: 1447.6805933961682
02-05 00:12:33.769 23131 23509 I RobotCore: SHOOTER RPM2: 1392.0005705732385
02-05 00:12:33.780 23131 23509 I RobotCore: SHOOTER RPM1: 0.0
02-05 00:12:33.780 23131 23509 I RobotCore: SHOOTER RPM2: 0.0
02-05 00:12:33.790 23131 23509 I RobotCore: SHOOTER RPM1: 3004.540058104882
02-05 00:12:33.790 23131 23509 I RobotCore: SHOOTER RPM2: 2948.900427399236
02-05 00:12:33.800 23131 23509 I RobotCore: SHOOTER RPM1: 1502.7662369876182
02-05 00:12:33.801 23131 23509 I RobotCore: SHOOTER RPM2: 1502.7662369876182
02-05 00:12:33.811 23131 23509 I RobotCore: SHOOTER RPM1: 1327.6120800404121
02-05 00:12:33.811 23131 23509 I RobotCore: SHOOTER RPM2: 1216.9777400370444
02-05 00:12:33.821 23131 23509 I RobotCore: SHOOTER RPM1: 555.052050777584
02-05 00:12:33.821 23131 23509 I RobotCore: SHOOTER RPM2: 555.052050777584
02-05 00:12:33.832 23131 23509 I RobotCore: SHOOTER RPM1: 2057.7808679854143
02-05 00:12:33.832 23131 23509 I RobotCore: SHOOTER RPM2: 2057.7808679854143
02-05 00:12:33.842 23131 23509 I RobotCore: SHOOTER RPM1: 1112.0413501752193
02-05 00:12:33.842 23131 23509 I RobotCore: SHOOTER RPM2: 1056.4392826664584
02-05 00:12:33.853 23131 23509 I RobotCore: SHOOTER RPM1: 778.1060785999601
02-05 00:12:33.853 23131 23509 I RobotCore: SHOOTER RPM2: 778.1060785999601
02-05 00:12:33.863 23131 23509 I RobotCore: SHOOTER RPM1: 1387.0000450013088
02-05 00:12:33.863 23131 23509 I RobotCore: SHOOTER RPM2: 1276.0400414012042
02-05 00:12:33.873 23131 23509 I RobotCore: SHOOTER RPM1: 1277.2382505803773
02-05 00:12:33.874 23131 23509 I RobotCore: SHOOTER RPM2: 1277.2382505803773
02-05 00:12:33.884 23131 23509 I RobotCore: SHOOTER RPM1: 1156.8092049436966
02-05 00:12:33.884 23131 23509 I RobotCore: SHOOTER RPM2: 1156.8092049436966
02-05 00:12:33.894 23131 23509 I RobotCore: SHOOTER RPM1: 888.5845391401773
02-05 00:12:33.894 23131 23509 I RobotCore: SHOOTER RPM2: 833.0480054439162
02-05 00:12:33.905 23131 23509 I RobotCore: SHOOTER RPM1: 0.0
02-05 00:12:33.905 23131 23509 I RobotCore: SHOOTER RPM2: 0.0
02-05 00:12:33.915 23131 23509 I RobotCore: SHOOTER RPM1: 2463.6698277615174
02-05 00:12:33.915 23131 23509 I RobotCore: SHOOTER RPM2: 2408.921609366817
02-05 00:12:33.926 23131 23509 I RobotCore: SHOOTER RPM1: 0.0
02-05 00:12:33.926 23131 23509 I RobotCore: SHOOTER RPM2: 0.0
02-05 00:12:33.936 23131 23509 I RobotCore: SHOOTER RPM1: 3059.4445844028064
02-05 00:12:33.936 23131 23509 I RobotCore: SHOOTER RPM2: 2948.192054060886
02-05 00:12:33.947 23131 23509 I RobotCore: SHOOTER RPM1: 1258.7999121576584
02-05 00:12:33.947 23131 23509 I RobotCore: SHOOTER RPM2: 1258.7999121576584
02-05 00:12:33.958 23131 23509 I RobotCore: SHOOTER RPM1: 0.0
02-05 00:12:33.958 23131 23509 I RobotCore: SHOOTER RPM2: 0.0
02-05 00:12:33.968 23131 23509 I RobotCore: SHOOTER RPM1: 1694.4613468140499
02-05 00:12:33.968 23131 23509 I RobotCore: SHOOTER RPM2: 1641.5094297261107
02-05 00:12:33.978 23131 23509 I RobotCore: SHOOTER RPM1: 1279.090698056111
02-05 00:12:33.978 23131 23509 I RobotCore: SHOOTER RPM2: 1279.090698056111
02-05 00:12:33.989 23131 23509 I RobotCore: SHOOTER RPM1: 2082.897805188096
02-05 00:12:33.989 23131 23509 I RobotCore: SHOOTER RPM2: 1914.0141993620339
02-05 00:12:33.999 23131 23509 I RobotCore: SHOOTER RPM1: 1102.526020702833
02-05 00:12:33.999 23131 23509 I RobotCore: SHOOTER RPM2: 1157.6523217379747
02-05 00:12:34.009 23131 23509 I RobotCore: SHOOTER RPM1: 0.0
02-05 00:12:34.010 23131 23509 I RobotCore: SHOOTER RPM2: 0.0
02-05 00:12:34.020 23131 23509 I RobotCore: SHOOTER RPM1: 2283.658811576469
02-05 00:12:34.020 23131 23509 I RobotCore: SHOOTER RPM2: 2172.2608207678604
02-05 00:12:34.030 23131 23509 I RobotCore: SHOOTER RPM1: 1056.455105165943
02-05 00:12:34.030 23131 23509 I RobotCore: SHOOTER RPM2: 1056.455105165943
02-05 00:12:34.041 23131 23509 I RobotCore: SHOOTER RPM1: 1278.7773279190696
02-05 00:12:34.041 23131 23509 I RobotCore: SHOOTER RPM2: 1223.1783136617187
02-05 00:12:34.051 23131 23509 I RobotCore: SHOOTER RPM1: 1293.9292467246196
02-05 00:12:34.051 23131 23509 I RobotCore: SHOOTER RPM2: 1293.9292467246196
02-05 00:12:34.061 23131 23509 I RobotCore: SHOOTER RPM1: 1238.9817340313257
02-05 00:12:34.061 23131 23509 I RobotCore: SHOOTER RPM2: 1126.347030937569
02-05 00:12:34.072 23131 23509 I RobotCore: SHOOTER RPM1: 1393.9200336460628
02-05 00:12:34.072 23131 23509 I RobotCore: SHOOTER RPM2: 1449.6768349919053
02-05 00:12:34.082 23131 23509 I RobotCore: SHOOTER RPM1: 1165.6966710384177
02-05 00:12:34.082 23131 23509 I RobotCore: SHOOTER RPM2: 1110.187305750874
02-05 00:12:34.092 23131 23509 I RobotCore: SHOOTER RPM1: 450.4953998803496
02-05 00:12:34.092 23131 23509 I RobotCore: SHOOTER RPM2: 394.18347489530595
02-05 00:12:34.103 23131 23509 I RobotCore: SHOOTER RPM1: 1746.6869786103216
02-05 00:12:34.103 23131 23509 I RobotCore: SHOOTER RPM2: 1690.3422373648273
02-05 00:12:34.113 23131 23509 I RobotCore: SHOOTER RPM1: 1279.3402023249685
02-05 00:12:34.113 23131 23509 I RobotCore: SHOOTER RPM2: 1279.3402023249685
02-05 00:12:34.123 23131 23509 I RobotCore: SHOOTER RPM1: 0.0
02-05 00:12:34.123 23131 23509 I RobotCore: SHOOTER RPM2: 0.0
02-05 00:12:34.134 23131 23509 I RobotCore: SHOOTER RPM1: 0.0
02-05 00:12:34.134 23131 23509 I RobotCore: SHOOTER RPM2: 0.0
02-05 00:12:34.144 23131 23509 I RobotCore: SHOOTER RPM1: 3380.787095273008
02-05 00:12:34.144 23131 23509 I RobotCore: SHOOTER RPM2: 3268.094192097241
02-05 00:12:34.154 23131 23509 I RobotCore: SHOOTER RPM1: 2016.3951355868376
02-05 00:12:34.155 23131 23509 I RobotCore: SHOOTER RPM2: 1960.3841595983145
02-05 00:12:34.165 23131 23509 I RobotCore: SHOOTER RPM1: 496.6266761775703
02-05 00:12:34.165 23131 23509 I RobotCore: SHOOTER RPM2: 441.44593438006245
02-05 00:12:34.175 23131 23509 I RobotCore: SHOOTER RPM1: 1389.322212826868
02-05 00:12:34.175 23131 23509 I RobotCore: SHOOTER RPM2: 1333.7493243137935
02-05 00:12:34.186 23131 23509 I RobotCore: SHOOTER RPM1: 1052.1463477048171
02-05 00:12:34.186 23131 23509 I RobotCore: SHOOTER RPM2: 1052.1463477048171
02-05 00:12:34.196 23131 23509 I RobotCore: SHOOTER RPM1: 1387.2977339187385
02-05 00:12:34.196 23131 23509 I RobotCore: SHOOTER RPM2: 1331.8058245619889
02-05 00:12:34.207 23131 23509 I RobotCore: SHOOTER RPM1: 1211.433301334069
02-05 00:12:34.207 23131 23509 I RobotCore: SHOOTER RPM2: 1156.3681512734295
02-05 00:12:34.217 23131 23509 I RobotCore: SHOOTER RPM1: 1222.1882725479848
02-05 00:12:34.217 23131 23509 I RobotCore: SHOOTER RPM2: 1166.63426015944
02-05 00:12:34.228 23131 23509 I RobotCore: SHOOTER RPM1: 826.1613738176827
02-05 00:12:34.228 23131 23509 I RobotCore: SHOOTER RPM2: 826.1613738176827
02-05 00:12:34.238 23131 23509 I RobotCore: SHOOTER RPM1: 1300.9480524139294
02-05 00:12:34.238 23131 23509 I RobotCore: SHOOTER RPM2: 1300.9480524139294
02-05 00:12:34.252 23131 23509 I RobotCore: SHOOTER RPM1: 871.1657863018536
02-05 00:12:34.252 23131 23509 I RobotCore: SHOOTER RPM2: 827.6074969867609
02-05 00:12:34.262 23131 23509 I RobotCore: SHOOTER RPM1: 1621.965344042944
02-05 00:12:34.262 23131 23509 I RobotCore: SHOOTER RPM2: 1510.1056651434308
02-05 00:12:34.272 23131 23509 I RobotCore: SHOOTER RPM1: 2126.3392693797105
02-05 00:12:34.273 23131 23509 I RobotCore: SHOOTER RPM2: 2126.3392693797105
02-05 00:12:34.283 23131 23509 I RobotCore: SHOOTER RPM1: 1365.8272444059726
02-05 00:12:34.283 23131 23509 I RobotCore: SHOOTER RPM2: 1311.1941546297337
02-05 00:12:34.293 23131 23509 I RobotCore: SHOOTER RPM1: 1235.8519944550242
02-05 00:12:34.293 23131 23509 I RobotCore: SHOOTER RPM2: 1179.6769037979777
02-05 00:12:34.304 23131 23509 I RobotCore: SHOOTER RPM1: 1126.8549195453422
02-05 00:12:34.304 23131 23509 I RobotCore: SHOOTER RPM2: 1070.512173568075
02-05 00:12:34.314 23131 23509 I RobotCore: SHOOTER RPM1: 954.9331929636963
02-05 00:12:34.314 23131 23509 I RobotCore: SHOOTER RPM2: 954.9331929636963
02-05 00:12:34.324 23131 23509 I RobotCore: SHOOTER RPM1: 1859.7439337062408
02-05 00:12:34.324 23131 23509 I RobotCore: SHOOTER RPM2: 1803.388056927264
02-05 00:12:34.334 23131 23509 I RobotCore: SHOOTER RPM1: 507.6557304460884
02-05 00:12:34.335 23131 23509 I RobotCore: SHOOTER RPM2: 451.24953817430077
02-05 00:12:34.345 23131 23509 I RobotCore: SHOOTER RPM1: 1521.253993390802
02-05 00:12:34.345 23131 23509 I RobotCore: SHOOTER RPM2: 1464.9112528948465
02-05 00:12:34.355 23131 23509 I RobotCore: SHOOTER RPM1: 1126.0903571171439
02-05 00:12:34.355 23131 23509 I RobotCore: SHOOTER RPM2: 1126.0903571171439
02-05 00:12:34.365 23131 23509 I RobotCore: SHOOTER RPM1: 957.7635081782074
02-05 00:12:34.365 23131 23509 I RobotCore: SHOOTER RPM2: 901.4244782853716
02-05 00:12:34.376 23131 23509 I RobotCore: SHOOTER RPM1: 1713.6984397809083
02-05 00:12:34.376 23131 23509 I RobotCore: SHOOTER RPM2: 1658.417844949266
02-05 00:12:34.386 23131 23509 I RobotCore: SHOOTER RPM1: 505.7904511247503
02-05 00:12:34.386 23131 23509 I RobotCore: SHOOTER RPM2: 449.59151211088914
02-05 00:12:34.396 23131 23509 I RobotCore: SHOOTER RPM1: 1353.3711073545105
02-05 00:12:34.396 23131 23509 I RobotCore: SHOOTER RPM2: 1353.3711073545105
02-05 00:12:34.423 23131 23509 I RobotCore: SHOOTER RPM1: 1625.1592507092764
02-05 00:12:34.423 23131 23509 I RobotCore: SHOOTER RPM2: 1559.2744162210627
02-05 00:12:34.434 23131 23509 I RobotCore: SHOOTER RPM1: 515.3134463536053
02-05 00:12:34.434 23131 23509 I RobotCore: SHOOTER RPM2: 515.3134463536053
02-05 00:12:34.444 23131 23509 I RobotCore: SHOOTER RPM1: 1765.0390776048162
02-05 00:12:34.445 23131 23509 I RobotCore: SHOOTER RPM2: 1654.7241352545152
02-05 00:12:34.455 23131 23509 I RobotCore: SHOOTER RPM1: 1434.1084551270533
02-05 00:12:34.455 23131 23509 I RobotCore: SHOOTER RPM2: 1434.1084551270533
02-05 00:12:34.465 23131 23509 I RobotCore: SHOOTER RPM1: 1350.9800757574762
02-05 00:12:34.465 23131 23509 I RobotCore: SHOOTER RPM2: 1238.3984027776867
02-05 00:12:34.476 23131 23509 I RobotCore: SHOOTER RPM1: 1273.8600970092318
02-05 00:12:34.476 23131 23509 I RobotCore: SHOOTER RPM2: 1218.4748754001348
02-05 00:12:34.486 23131 23509 I RobotCore: SHOOTER RPM1: 0.0
02-05 00:12:34.486 23131 23509 I RobotCore: SHOOTER RPM2: 0.0
02-05 00:12:34.497 23131 23509 I RobotCore: SHOOTER RPM1: 2398.8057062683033
02-05 00:12:34.497 23131 23509 I RobotCore: SHOOTER RPM2: 2343.0195270527615
02-05 00:12:34.507 23131 23509 I RobotCore: SHOOTER RPM1: 503.41663631807046
02-05 00:12:34.507 23131 23509 I RobotCore: SHOOTER RPM2: 503.41663631807046
02-05 00:12:34.517 23131 23509 I RobotCore: SHOOTER RPM1: 1782.14469629762
02-05 00:12:34.517 23131 23509 I RobotCore: SHOOTER RPM2: 1670.7606527790185
02-05 00:12:34.528 23131 23509 I RobotCore: SHOOTER RPM1: 831.4823602885328
02-05 00:12:34.528 23131 23509 I RobotCore: SHOOTER RPM2: 831.4823602885328
02-05 00:12:34.538 23131 23509 I RobotCore: SHOOTER RPM1: 2252.1463388147076
02-05 00:12:34.538 23131 23509 I RobotCore: SHOOTER RPM2: 2195.84268034434
02-05 00:12:34.548 23131 23509 I RobotCore: SHOOTER RPM1: 0.0
02-05 00:12:34.548 23131 23509 I RobotCore: SHOOTER RPM2: 0.0
02-05 00:12:34.559 23131 23509 I RobotCore: SHOOTER RPM1: 1686.5563575930173
02-05 00:12:34.559 23131 23509 I RobotCore: SHOOTER RPM2: 1630.3378123399168
02-05 00:12:34.569 23131 23509 I RobotCore: SHOOTER RPM1: 1173.4702166348582
02-05 00:12:34.569 23131 23509 I RobotCore: SHOOTER RPM2: 1117.590682509389
02-05 00:12:34.579 23131 23509 I RobotCore: SHOOTER RPM1: 2135.861863633087
02-05 00:12:34.579 23131 23509 I RobotCore: SHOOTER RPM2: 2023.4480813366085
02-05 00:12:34.590 23131 23509 I RobotCore: SHOOTER RPM1: 506.4355008035873
02-05 00:12:34.590 23131 23509 I RobotCore: SHOOTER RPM2: 506.4355008035873
02-05 00:12:34.600 23131 23509 I RobotCore: SHOOTER RPM1: 1180.8103270459399
02-05 00:12:34.600 23131 23509 I RobotCore: SHOOTER RPM2: 1124.5812638532761
02-05 00:12:34.610 23131 23509 I RobotCore: SHOOTER RPM1: 1668.1288081334915
02-05 00:12:34.610 23131 23509 I RobotCore: SHOOTER RPM2: 1612.5245145290419
02-05 00:12:34.621 23131 23509 I RobotCore: SHOOTER RPM1: 1344.8799385183056
02-05 00:12:34.621 23131 23509 I RobotCore: SHOOTER RPM2: 1344.8799385183056
02-05 00:12:34.631 23131 23509 I RobotCore: SHOOTER RPM1: 1239.6093921687661
02-05 00:12:34.631 23131 23509 I RobotCore: SHOOTER RPM2: 1126.9176292443328
02-05 00:12:34.641 23131 23509 I RobotCore: SHOOTER RPM1: 1448.543892331453
02-05 00:12:34.641 23131 23509 I RobotCore: SHOOTER RPM2: 1392.8306657033202
02-05 00:12:34.652 23131 23509 I RobotCore: SHOOTER RPM1: 1165.010397704855
02-05 00:12:34.652 23131 23509 I RobotCore: SHOOTER RPM2: 1109.533712099862
02-05 00:12:34.662 23131 23509 I RobotCore: SHOOTER RPM1: 1437.2953284311905
02-05 00:12:34.662 23131 23509 I RobotCore: SHOOTER RPM2: 1437.2953284311905
02-05 00:12:34.673 23131 23509 I RobotCore: SHOOTER RPM1: 0.0
02-05 00:12:34.673 23131 23509 I RobotCore: SHOOTER RPM2: 0.0
02-05 00:12:34.683 23131 23509 I RobotCore: SHOOTER RPM1: 2358.400587122254
02-05 00:12:34.683 23131 23509 I RobotCore: SHOOTER RPM2: 2246.0957972592896
02-05 00:12:34.693 23131 23509 I RobotCore: SHOOTER RPM1: 1290.6318906240424
02-05 00:12:34.693 23131 23509 I RobotCore: SHOOTER RPM2: 1178.403030569778
02-05 00:12:34.704 23131 23509 I RobotCore: SHOOTER RPM1: 1125.2242901138302
02-05 00:12:34.704 23131 23509 I RobotCore: SHOOTER RPM2: 1125.2242901138302
02-05 00:12:34.714 23131 23509 I RobotCore: SHOOTER RPM1: 835.8407186590892
02-05 00:12:34.714 23131 23509 I RobotCore: SHOOTER RPM2: 835.8407186590892
02-05 00:12:34.724 23131 23509 I RobotCore: SHOOTER RPM1: 1125.7311664734
02-05 00:12:34.724 23131 23509 I RobotCore: SHOOTER RPM2: 1069.44460814973
02-05 00:12:34.735 23131 23509 I RobotCore: SHOOTER RPM1: 1629.2176410071183
02-05 00:12:34.735 23131 23509 I RobotCore: SHOOTER RPM2: 1516.8578036962826
02-05 00:12:34.745 23131 23509 I RobotCore: SHOOTER RPM1: 1056.0432660614852
02-05 00:12:34.745 23131 23509 I RobotCore: SHOOTER RPM2: 944.8808170023815
02-05 00:12:34.755 23131 23509 I RobotCore: SHOOTER RPM1: 1069.2659697493223
02-05 00:12:34.755 23131 23509 I RobotCore: SHOOTER RPM2: 900.4345008415345
02-05 00:12:34.766 23131 23509 I RobotCore: SHOOTER RPM1: 1463.6950506566018
02-05 00:12:34.766 23131 23509 I RobotCore: SHOOTER RPM2: 1294.8071601962247
02-05 00:12:34.776 23131 23509 I RobotCore: SHOOTER RPM1: 0.0
02-05 00:12:34.776 23131 23509 I RobotCore: SHOOTER RPM2: 0.0
02-05 00:12:34.786 23131 23509 I RobotCore: SHOOTER RPM1: 2192.246195564429
02-05 00:12:34.786 23131 23509 I RobotCore: SHOOTER RPM2: 2023.6118728287036
02-05 00:12:34.796 23131 23509 I RobotCore: SHOOTER RPM1: 506.45853005816133
02-05 00:12:34.797 23131 23509 I RobotCore: SHOOTER RPM2: 450.1853600516989
02-05 00:12:34.807 23131 23509 I RobotCore: SHOOTER RPM1: 1052.7019647586255
02-05 00:12:34.807 23131 23509 I RobotCore: SHOOTER RPM2: 941.8912316261386
02-05 00:12:34.817 23131 23509 I RobotCore: SHOOTER RPM1: 946.4420077502748
02-05 00:12:34.817 23131 23509 I RobotCore: SHOOTER RPM2: 890.7689484708469
02-05 00:12:34.828 23131 23509 I RobotCore: SHOOTER RPM1: 1453.7956327102445
02-05 00:12:34.828 23131 23509 I RobotCore: SHOOTER RPM2: 1286.0499827821393
02-05 00:12:34.838 23131 23509 I RobotCore: SHOOTER RPM1: 1572.918405287657
02-05 00:12:34.838 23131 23509 I RobotCore: SHOOTER RPM2: 1404.3914332925508
02-05 00:12:34.848 23131 23509 I RobotCore: SHOOTER RPM1: 954.9959009347609
02-05 00:12:34.848 23131 23509 I RobotCore: SHOOTER RPM2: 842.6434420012596
02-05 00:12:34.859 23131 23509 I RobotCore: SHOOTER RPM1: 1424.9901469878398
02-05 00:12:34.859 23131 23509 I RobotCore: SHOOTER RPM2: 1315.3755202964674
02-05 00:12:34.869 23131 23509 I RobotCore: SHOOTER RPM1: 0.0
02-05 00:12:34.869 23131 23509 I RobotCore: SHOOTER RPM2: 0.0
02-05 00:12:34.880 23131 23509 I RobotCore: SHOOTER RPM1: 1706.7999232684422
02-05 00:12:34.880 23131 23509 I RobotCore: SHOOTER RPM2: 1541.6257371456895
02-05 00:12:34.890 23131 23509 I RobotCore: SHOOTER RPM1: 1516.896061389714
02-05 00:12:34.890 23131 23509 I RobotCore: SHOOTER RPM2: 1404.5333901756612
02-05 00:12:34.900 23131 23509 I RobotCore: SHOOTER RPM1: 1404.01569943398
02-05 00:12:34.900 23131 23509 I RobotCore: SHOOTER RPM2: 1291.6944434792617
02-05 00:12:34.912 23131 23509 I RobotCore: SHOOTER RPM1: 795.2434822616242
02-05 00:12:34.912 23131 23509 I RobotCore: SHOOTER RPM2: 695.8380469789212
02-05 00:12:34.922 23131 23509 I RobotCore: SHOOTER RPM1: 1064.8575540386234
02-05 00:12:34.922 23131 23509 I RobotCore: SHOOTER RPM2: 1008.812419615538
02-05 00:12:34.934 23131 23509 I RobotCore: SHOOTER RPM1: 1243.735434792592
02-05 00:12:34.934 23131 23509 I RobotCore: SHOOTER RPM2: 1094.487182617481
02-05 00:12:34.944 23131 23509 I RobotCore: SHOOTER RPM1: 1167.8887463159144
02-05 00:12:34.944 23131 23509 I RobotCore: SHOOTER RPM2: 1112.274996491347
02-05 00:12:34.955 23131 23509 I RobotCore: SHOOTER RPM1: 0.0
02-05 00:12:34.955 23131 23509 I RobotCore: SHOOTER RPM2: 0.0
02-05 00:12:34.965 23131 23509 I RobotCore: SHOOTER RPM1: 0.0
02-05 00:12:34.965 23131 23509 I RobotCore: SHOOTER RPM2: 0.0
02-05 00:12:34.976 23131 23509 I RobotCore: SHOOTER RPM1: 3729.851877368465
02-05 00:12:34.976 23131 23509 I RobotCore: SHOOTER RPM2: 3451.504722340968
02-05 00:12:34.986 23131 23509 I RobotCore: SHOOTER RPM1: 443.9331055226972
02-05 00:12:34.986 23131 23509 I RobotCore: SHOOTER RPM2: 443.9331055226972
02-05 00:12:34.997 23131 23509 I RobotCore: SHOOTER RPM1: 1330.5773247831219
02-05 00:12:34.997 23131 23509 I RobotCore: SHOOTER RPM2: 1164.2551591852316
02-05 00:12:35.007 23131 23509 I RobotCore: SHOOTER RPM1: 1165.9003859788363
02-05 00:12:35.007 23131 23509 I RobotCore: SHOOTER RPM2: 1054.8622539808518
02-05 00:12:35.017 23131 23509 I RobotCore: SHOOTER RPM1: 1275.594636298035
02-05 00:12:35.018 23131 23509 I RobotCore: SHOOTER RPM2: 1220.133999937251
02-05 00:12:35.028 23131 23509 I RobotCore: SHOOTER RPM1: 1310.06127671882
02-05 00:12:35.028 23131 23509 I RobotCore: SHOOTER RPM2: 1200.8895036589183
02-05 00:12:35.039 23131 23509 I RobotCore: SHOOTER RPM1: 996.2690646002078
02-05 00:12:35.039 23131 23509 I RobotCore: SHOOTER RPM2: 885.5725018668514
02-05 00:12:35.049 23131 23509 I RobotCore: SHOOTER RPM1: 1051.6330243567368
02-05 00:12:35.049 23131 23509 I RobotCore: SHOOTER RPM2: 996.2839178116454
02-05 00:12:35.059 23131 23509 I RobotCore: SHOOTER RPM1: 1052.3035117163008
02-05 00:12:35.059 23131 23509 I RobotCore: SHOOTER RPM2: 996.9191163628113
02-05 00:12:35.070 23131 23509 I RobotCore: SHOOTER RPM1: 1327.8630764723164
02-05 00:12:35.070 23131 23509 I RobotCore: SHOOTER RPM2: 1217.2078200996234
02-05 00:12:35.080 23131 23509 I RobotCore: SHOOTER RPM1: 1120.4226922185192
02-05 00:12:35.080 23131 23509 I RobotCore: SHOOTER RPM2: 1008.3804229966673
02-05 00:12:35.091 23131 23509 I RobotCore: SHOOTER RPM1: 1233.2105129281388
02-05 00:12:35.091 23131 23509 I RobotCore: SHOOTER RPM2: 1177.1554896132234
02-05 00:12:35.101 23131 23509 I RobotCore: SHOOTER RPM1: 1328.2926158557916
02-05 00:12:35.101 23131 23509 I RobotCore: SHOOTER RPM2: 1217.6015645344758
02-05 00:12:35.111 23131 23509 I RobotCore: SHOOTER RPM1: 1062.8380514216706
02-05 00:12:35.111 23131 23509 I RobotCore: SHOOTER RPM2: 1006.8992066100037
02-05 00:12:35.123 23131 23509 I RobotCore: SHOOTER RPM1: 974.1342147861175
02-05 00:12:35.123 23131 23509 I RobotCore: SHOOTER RPM2: 922.8639929552692
02-05 00:12:35.133 23131 23509 I RobotCore: SHOOTER RPM1: 1541.8777108571157
02-05 00:12:35.133 23131 23509 I RobotCore: SHOOTER RPM2: 1431.7435886530359
02-05 00:12:35.144 23131 23509 I RobotCore: SHOOTER RPM1: 1334.189468385013
02-05 00:12:35.144 23131 23509 I RobotCore: SHOOTER RPM2: 1223.0070126862618
02-05 00:12:35.154 23131 23509 I RobotCore: SHOOTER RPM1: 0.0
02-05 00:12:35.154 23131 23509 I RobotCore: SHOOTER RPM2: 0.0
02-05 00:12:35.165 23131 23509 I RobotCore: SHOOTER RPM1: 1743.4359407185814
02-05 00:12:35.165 23131 23509 I RobotCore: SHOOTER RPM2: 1630.956202607705
02-05 00:12:35.175 23131 23509 I RobotCore: SHOOTER RPM1: 996.5368712356793
02-05 00:12:35.175 23131 23509 I RobotCore: SHOOTER RPM2: 941.1737117225861
02-05 00:12:35.186 23131 23509 I RobotCore: SHOOTER RPM1: 2098.288426023288
02-05 00:12:35.186 23131 23509 I RobotCore: SHOOTER RPM2: 1936.8816240214967
02-05 00:12:35.196 23131 23509 I RobotCore: SHOOTER RPM1: 1169.532456945313
02-05 00:12:35.196 23131 23509 I RobotCore: SHOOTER RPM2: 1058.1484134267118
02-05 00:12:35.206 23131 23509 I RobotCore: SHOOTER RPM1: 1068.476477768146
02-05 00:12:35.207 23131 23509 I RobotCore: SHOOTER RPM2: 1068.476477768146
02-05 00:12:35.217 23131 23509 I RobotCore: SHOOTER RPM1: 828.6239497772394
02-05 00:12:35.217 23131 23509 I RobotCore: SHOOTER RPM2: 773.3823531254235
02-05 00:12:35.227 23131 23509 I RobotCore: SHOOTER RPM1: 1518.130907544268
02-05 00:12:35.227 23131 23509 I RobotCore: SHOOTER RPM2: 1349.4496955949048
02-05 00:12:35.238 23131 23509 I RobotCore: SHOOTER RPM1: 1095.7735784791896
02-05 00:12:35.238 23131 23509 I RobotCore: SHOOTER RPM2: 1095.7735784791896
02-05 00:12:35.248 23131 23509 I RobotCore: SHOOTER RPM1: 1665.355819458086
02-05 00:12:35.248 23131 23509 I RobotCore: SHOOTER RPM2: 1498.8202375122773
02-05 00:12:35.259 23131 23509 I RobotCore: SHOOTER RPM1: 773.6974715380943
02-05 00:12:35.259 23131 23509 I RobotCore: SHOOTER RPM2: 718.4333664282304
02-05 00:12:35.269 23131 23509 I RobotCore: SHOOTER RPM1: 999.4878668591896
02-05 00:12:35.269 23131 23509 I RobotCore: SHOOTER RPM2: 943.9607631447902
02-05 00:12:35.280 23131 23509 I RobotCore: SHOOTER RPM1: 940.9910175170974
02-05 00:12:35.280 23131 23509 I RobotCore: SHOOTER RPM2: 940.9910175170974
02-05 00:12:35.290 23131 23509 I RobotCore: SHOOTER RPM1: 1054.741123524456
02-05 00:12:35.290 23131 23509 I RobotCore: SHOOTER RPM2: 999.2284328126425
02-05 00:12:35.300 23131 23509 I RobotCore: SHOOTER RPM1: 944.9847482241004
02-05 00:12:35.301 23131 23509 I RobotCore: SHOOTER RPM2: 889.3974100932709
02-05 00:12:35.311 23131 23509 I RobotCore: SHOOTER RPM1: 1886.6497172744234
02-05 00:12:35.311 23131 23509 I RobotCore: SHOOTER RPM2: 1720.1806245737391
02-05 00:12:35.321 23131 23509 I RobotCore: SHOOTER RPM1: 888.4425182569719
02-05 00:12:35.321 23131 23509 I RobotCore: SHOOTER RPM2: 832.9148608659111
02-05 00:12:35.332 23131 23509 I RobotCore: SHOOTER RPM1: 1661.4325584531996
02-05 00:12:35.332 23131 23509 I RobotCore: SHOOTER RPM2: 1550.6703878896528
02-05 00:12:35.342 23131 23509 I RobotCore: SHOOTER RPM1: 555.9650571780707
02-05 00:12:35.342 23131 23509 I RobotCore: SHOOTER RPM2: 555.9650571780707
02-05 00:12:35.353 23131 23509 I RobotCore: SHOOTER RPM1: 1223.7657271130633
02-05 00:12:35.353 23131 23509 I RobotCore: SHOOTER RPM2: 1112.5142973755121
02-05 00:12:35.363 23131 23509 I RobotCore: SHOOTER RPM1: 1334.4429582382538
02-05 00:12:35.363 23131 23509 I RobotCore: SHOOTER RPM2: 1334.4429582382538
02-05 00:12:35.373 23131 23509 I RobotCore: SHOOTER RPM1: 1279.6025877489924
02-05 00:12:35.374 23131 23509 I RobotCore: SHOOTER RPM2: 1168.3327975099496
02-05 00:12:35.384 23131 23509 I RobotCore: SHOOTER RPM1: 1775.670322140634
02-05 00:12:35.384 23131 23509 I RobotCore: SHOOTER RPM2: 1720.1806245737391
02-05 00:12:35.395 23131 23509 I RobotCore: SHOOTER RPM1: 0.0
02-05 00:12:35.395 23131 23509 I RobotCore: SHOOTER RPM2: 0.0
02-05 00:12:35.405 23131 23509 I RobotCore: SHOOTER RPM1: 2128.138411171244
02-05 00:12:35.405 23131 23509 I RobotCore: SHOOTER RPM2: 2016.1311263727575
02-05 00:12:35.416 23131 23509 I RobotCore: SHOOTER RPM1: 1312.6968414894272
02-05 00:12:35.416 23131 23509 I RobotCore: SHOOTER RPM2: 1203.305438031975
02-05 00:12:35.426 23131 23509 I RobotCore: SHOOTER RPM1: 1233.7639966768052
02-05 00:12:35.426 23131 23509 I RobotCore: SHOOTER RPM2: 1177.6838150096776
02-05 00:12:35.436 23131 23509 I RobotCore: SHOOTER RPM1: 842.4817206460244
02-05 00:12:35.436 23131 23509 I RobotCore: SHOOTER RPM2: 842.4817206460244
02-05 00:12:35.447 23131 23509 I RobotCore: SHOOTER RPM1: 1155.286849868872
02-05 00:12:35.447 23131 23509 I RobotCore: SHOOTER RPM2: 1045.2595308337413
02-05 00:12:35.457 23131 23509 I RobotCore: SHOOTER RPM1: 1906.3610451337206
02-05 00:12:35.457 23131 23509 I RobotCore: SHOOTER RPM2: 1850.2916026297878
02-05 00:12:35.467 23131 23509 I RobotCore: SHOOTER RPM1: 1068.0119870292754
02-05 00:12:35.468 23131 23509 I RobotCore: SHOOTER RPM2: 955.5896726051412
02-05 00:12:35.478 23131 23509 I RobotCore: SHOOTER RPM1: 730.9260881853397
02-05 00:12:35.478 23131 23509 I RobotCore: SHOOTER RPM2: 730.9260881853397
02-05 00:12:35.488 23131 23509 I RobotCore: SHOOTER RPM1: 899.8333610971293
02-05 00:12:35.488 23131 23509 I RobotCore: SHOOTER RPM2: 843.5937760285588
02-05 00:12:35.498 23131 23509 I RobotCore: SHOOTER RPM1: 1615.0119457662847
02-05 00:12:35.499 23131 23509 I RobotCore: SHOOTER RPM2: 1503.6318115755064
02-05 00:12:35.509 23131 23509 I RobotCore: SHOOTER RPM1: 1266.950178485701
02-05 00:12:35.509 23131 23509 I RobotCore: SHOOTER RPM2: 1211.8653881167575
02-05 00:12:35.520 23131 23509 I RobotCore: SHOOTER RPM1: 825.5275005705147
02-05 00:12:35.520 23131 23509 I RobotCore: SHOOTER RPM2: 770.4923338658137
02-05 00:12:35.530 23131 23509 I RobotCore: SHOOTER RPM1: 0.0
02-05 00:12:35.530 23131 23509 I RobotCore: SHOOTER RPM2: 0.0
02-05 00:12:35.541 23131 23509 I RobotCore: SHOOTER RPM1: 2116.5829955415406
02-05 00:12:35.541 23131 23509 I RobotCore: SHOOTER RPM2: 2005.1838905130382
02-05 00:12:35.551 23131 23509 I RobotCore: SHOOTER RPM1: 1332.7303503456037
02-05 00:12:35.551 23131 23509 I RobotCore: SHOOTER RPM2: 1277.1999190812037
02-05 00:12:35.563 23131 23509 I RobotCore: SHOOTER RPM1: 1845.9869790950747
02-05 00:12:35.563 23131 23509 I RobotCore: SHOOTER RPM2: 1748.829769669018
02-05 00:12:35.573 23131 23509 I RobotCore: SHOOTER RPM1: 0.0
02-05 00:12:35.573 23131 23509 I RobotCore: SHOOTER RPM2: 0.0
02-05 00:12:35.584 23131 23509 I RobotCore: SHOOTER RPM1: 2149.5527461243296
02-05 00:12:35.584 23131 23509 I RobotCore: SHOOTER RPM2: 1984.2025348839966
02-05 00:12:35.594 23131 23509 I RobotCore: SHOOTER RPM1: 933.4957285455719
02-05 00:12:35.594 23131 23509 I RobotCore: SHOOTER RPM2: 933.4957285455719
02-05 00:12:35.605 23131 23509 I RobotCore: SHOOTER RPM1: 1180.7924429283653
02-05 00:12:35.605 23131 23509 I RobotCore: SHOOTER RPM2: 1124.5642313603478
02-05 00:12:35.615 23131 23509 I RobotCore: SHOOTER RPM1: 1739.4682862023678
02-05 00:12:35.615 23131 23509 I RobotCore: SHOOTER RPM2: 1627.244525802215
02-05 00:12:35.626 23131 23509 I RobotCore: SHOOTER RPM1: 1131.7970581636696
02-05 00:12:35.626 23131 23509 I RobotCore: SHOOTER RPM2: 1077.901960155876
02-05 00:12:35.636 23131 23509 I RobotCore: SHOOTER RPM1: 1124.7120818612061
02-05 00:12:35.636 23131 23509 I RobotCore: SHOOTER RPM2: 1068.476477768146
02-05 00:12:35.646 23131 23509 I RobotCore: SHOOTER RPM1: 1008.9650290953359
02-05 00:12:35.646 23131 23509 I RobotCore: SHOOTER RPM2: 952.9114163678172
02-05 00:12:35.657 23131 23509 I RobotCore: SHOOTER RPM1: 2112.9420591404673
02-05 00:12:35.657 23131 23509 I RobotCore: SHOOTER RPM2: 2057.3383207420343
02-05 00:12:35.667 23131 23509 I RobotCore: SHOOTER RPM1: 953.2477075003835
02-05 00:12:35.667 23131 23509 I RobotCore: SHOOTER RPM2: 841.1009183826914
02-05 00:12:35.677 23131 23509 I RobotCore: SHOOTER RPM1: 1279.8204432543625
02-05 00:12:35.678 23131 23509 I RobotCore: SHOOTER RPM2: 1224.1760761563469
02-05 00:12:35.688 23131 23509 I RobotCore: SHOOTER RPM1: 0.0
02-05 00:12:35.688 23131 23509 I RobotCore: SHOOTER RPM2: 0.0
02-05 00:12:35.698 23131 23509 I RobotCore: SHOOTER RPM1: 2644.9728866830774
02-05 00:12:35.698 23131 23509 I RobotCore: SHOOTER RPM2: 2588.69686781748
02-05 00:12:35.709 23131 23509 I RobotCore: SHOOTER RPM1: 665.9228835862554
02-05 00:12:35.709 23131 23509 I RobotCore: SHOOTER RPM2: 610.4293099540674
02-05 00:12:35.719 23131 23509 I RobotCore: SHOOTER RPM1: 1054.7674099075969
02-05 00:12:35.719 23131 23509 I RobotCore: SHOOTER RPM2: 999.2533357019338
02-05 00:12:35.730 23131 23509 I RobotCore: SHOOTER RPM1: 1332.830158355543
02-05 00:12:35.730 23131 23509 I RobotCore: SHOOTER RPM2: 1277.2955684240621
02-05 00:12:35.740 23131 23509 I RobotCore: SHOOTER RPM1: 941.971073666354
02-05 00:12:35.740 23131 23509 I RobotCore: SHOOTER RPM2: 886.5610105095096
02-05 00:12:35.778 23131 23509 I RobotCore: SHOOTER time: 6361160570
02-05 00:12:35.778 23131 23509 I RobotCore: SHOOTER measurements / sec: 94.16520671164255
02-05 00:12:37.778 23131 23509 V RobotCore: thread: ...terminating 'LinearOpMode main'
02-05 00:12:37.779 23131 23507 I FIRST   : auto-stopping OpMode 'TestWithData'
02-05 00:12:37.779 23131 23507 V RobotCore: waiting for service user linear op mode
02-05 00:12:37.779 23131 23507 V RobotCore: awaitTermination returned, isTerminated=true
02-05 00:12:37.780 23131 23507 V RobotCore: executive service user linear op mode is terminated
02-05 00:12:37.780 23131 23507 V RobotCore: executive service user linear op mode is terminated
02-05 00:12:37.780 23131 23507 I RobotCore: Attempting to switch to op mode $Stop$Robot$
02-05 00:12:37.858 23131 23338 V Robocol : sending CMD_INIT_OP_MODE_RESP(559), attempt: 0
02-05 00:12:37.866 23131 23227 V Robocol : received command: CMD_INIT_OP_MODE_RESP(559) $Stop$Robot$
02-05 00:12:37.867 23131 23227 V Robocol : received command: CMD_RUN_OP_MODE(10471) $Stop$Robot$
02-05 00:12:37.978 23131 23338 V Robocol : sending CMD_RUN_OP_MODE_RESP(566), attempt: 0
02-05 00:12:37.986 23131 23227 V Robocol : received command: CMD_RUN_OP_MODE_RESP(566) $Stop$Robot$
02-05 00:12:42.066 23131 23227 V Robocol : received command: CMD_INIT_OP_MODE(10528) $Stop$Robot$
02-05 00:12:42.102 23131 23507 I RobotCore: Attempting to switch to op mode $Stop$Robot$
02-05 00:12:42.137 23131 23338 V Robocol : sending CMD_INIT_OP_MODE_RESP(628), attempt: 0
02-05 00:12:42.146 23131 23227 V Robocol : received command: CMD_INIT_OP_MODE_RESP(628) $Stop$Robot$
02-05 00:12:42.146 23131 23227 V Robocol : received command: CMD_RUN_OP_MODE(10533) $Stop$Robot$
02-05 00:12:42.178 23131 23338 V Robocol : sending CMD_RUN_OP_MODE_RESP(634), attempt: 0
02-05 00:12:42.186 23131 23227 V Robocol : received command: CMD_RUN_OP_MODE_RESP(634) $Stop$Robot$
02-05 00:12:45.856 23131 23131 D UsbDeviceConnectionJNI: close
02-05 00:12:45.857 23131 23488 D ProcessRequestThread::: Device has been closed.
02-05 00:12:45.857 23131 23488 W System.err: java.lang.InterruptedException
02-05 00:12:45.857 23131 23488 W System.err: 	at java.util.concurrent.locks.AbstractQueuedSynchronizer.doAcquireSharedInterruptibly(AbstractQueuedSynchronizer.java:972)
02-05 00:12:45.857 23131 23488 W System.err: 	at java.util.concurrent.locks.AbstractQueuedSynchronizer.acquireSharedInterruptibly(AbstractQueuedSynchronizer.java:1278)
02-05 00:12:45.857 23131 23488 W System.err: 	at java.util.concurrent.Semaphore.acquire(Semaphore.java:284)
02-05 00:12:45.857 23131 23488 W System.err: 	at com.ftdi.j2xx.ProcessInCtrl.acquireReadableBuffer(FT_Device.java:2294)
02-05 00:12:45.857 23131 23488 W System.err: 	at com.ftdi.j2xx.ProcessRequestWorker.run(FT_Device.java:2764)
02-05 00:12:45.857 23131 23488 W System.err: 	at java.lang.Thread.run(Thread.java:818)
02-05 00:12:45.858 23131 23487 D BulkIn::: Stop BulkIn thread
02-05 00:12:45.858 23131 23487 W System.err: java.lang.NullPointerException: Attempt to invoke virtual method 'int com.ftdi.j2xx.D2xxManager$DriverParameters.getBufferNumber()' on a null object reference
02-05 00:12:45.858 23131 23487 W System.err: 	at com.ftdi.j2xx.ProcessInCtrl.releaseWritableBuffers(FT_Device.java:2672)
02-05 00:12:45.858 23131 23487 W System.err: 	at com.ftdi.j2xx.BulkInWorker.run(FT_Device.java:2879)
02-05 00:12:45.858 23131 23487 W System.err: 	at java.lang.Thread.run(Thread.java:818)
02-05 00:12:45.863 23131 23131 D UsbDeviceConnectionJNI: close
02-05 00:12:45.863 23131 23504 D ProcessRequestThread::: Device has been closed.
02-05 00:12:45.863 23131 23504 W System.err: java.lang.InterruptedException
02-05 00:12:45.863 23131 23504 W System.err: 	at java.util.concurrent.locks.AbstractQueuedSynchronizer.doAcquireSharedInterruptibly(AbstractQueuedSynchronizer.java:972)
02-05 00:12:45.863 23131 23504 W System.err: 	at java.util.concurrent.locks.AbstractQueuedSynchronizer.acquireSharedInterruptibly(AbstractQueuedSynchronizer.java:1278)
02-05 00:12:45.863 23131 23503 D BulkIn::: Stop BulkIn thread
02-05 00:12:45.863 23131 23504 W System.err: 	at java.util.concurrent.Semaphore.acquire(Semaphore.java:284)
02-05 00:12:45.863 23131 23503 W System.err: 	at java.lang.NullPointerException: Attempt to invoke virtual method 'boolean com.ftdi.j2xx.InBuffer.acquired()' on a null object reference
02-05 00:12:45.863 23131 23504 W System.err: com.ftdi.j2xx.ProcessInCtrl.acquireReadableBuffer(FT_Device.java:2294)
02-05 00:12:45.863 23131 23504 W System.err: 	at com.ftdi.j2xx.ProcessRequestWorker.run(FT_Device.java:2764)
02-05 00:12:45.863 23131 23504 W System.err: 	at java.lang.Thread.run(Thread.java:818)
02-05 00:12:45.863 23131 23503 W System.err: 	at com.ftdi.j2xx.ProcessInCtrl.releaseWritableBuffers(FT_Device.java:2675)
02-05 00:12:45.863 23131 23503 W System.err: 	at com.ftdi.j2xx.BulkInWorker.run(FT_Device.java:2879)
02-05 00:12:45.863 23131 23503 W System.err: 	at java.lang.Thread.run(Thread.java:818)
02-05 00:12:45.865 23131 23498 E FTDI_Device::: UsbConnection.requestWait() == null
02-05 00:12:45.865 23131 23505 W RobotCore: error: closed: FT_Device.read()=-1
02-05 00:12:45.865 23131 23502 E FTDI_Device::: UsbConnection.requestWait() == null
02-05 00:12:45.865 23131 23489 W RobotCore: error: closed: FT_Device.read()=-1
02-05 00:12:45.865 23131 23505 V RobotCore: thread: ...terminating 'r/w loop: Modern Robotics USB DC Motor Controller [AL00VBIF]'
02-05 00:12:45.865 23131 23489 V RobotCore: thread: ...terminating 'r/w loop: Modern Robotics USB Servo Controller [AL00VST0]'
02-05 00:12:45.866 23131 23492 E FTDI_Device::: UsbConnection.requestWait() == null
02-05 00:12:45.867 23131 23131 D UsbDeviceConnectionJNI: close
02-05 00:12:45.868 23131 23500 D ProcessRequestThread::: Device has been closed.
02-05 00:12:45.868 23131 23502 W RobotCore: could not write to Modern Robotics USB DC Motor Controller [AI049QOP]: FTDI Null Pointer Exception
02-05 00:12:45.868 23131 23502 E RobotCore: java.lang.NullPointerException: Attempt to invoke interface method 'void java.util.concurrent.locks.Lock.unlock()' on a null object reference
02-05 00:12:45.868 23131 23500 W System.err: java.lang.InterruptedException
02-05 00:12:45.868 23131 23500 W System.err: 	at java.util.concurrent.locks.AbstractQueuedSynchronizer.doAcquireSharedInterruptibly(AbstractQueuedSynchronizer.java:972)
02-05 00:12:45.868 23131 23500 W System.err: 	at java.util.concurrent.locks.AbstractQueuedSynchronizer.acquireSharedInterruptibly(AbstractQueuedSynchronizer.java:1278)
02-05 00:12:45.868 23131 23500 W System.err: 	at java.util.concurrent.Semaphore.acquire(Semaphore.java:284)
02-05 00:12:45.868 23131 23500 W System.err: 	at com.ftdi.j2xx.ProcessInCtrl.acquireReadableBuffer(FT_Device.java:2294)
02-05 00:12:45.868 23131 23500 W System.err: 	at com.ftdi.j2xx.ProcessRequestWorker.run(FT_Device.java:2764)
02-05 00:12:45.868 23131 23500 W System.err: 	at java.lang.Thread.run(Thread.java:818)
02-05 00:12:45.868 23131 23502 E RobotCore: com.ftdi.j2xx.ProcessInCtrl.readBulkInData(FT_Device.java:2520)
02-05 00:12:45.868 23131 23502 E RobotCore: com.ftdi.j2xx.FT_Device.read(FT_Device.java:666)
02-05 00:12:45.868 23131 23502 E RobotCore: com.qualcomm.robotcore.hardware.usb.ftdi.RobotUsbDeviceFtdi.read(RobotUsbDeviceFtdi.java:199)
02-05 00:12:45.868 23131 23502 E RobotCore: com.qualcomm.robotcore.hardware.usb.ftdi.RobotUsbDeviceFtdi.read(RobotUsbDeviceFtdi.java:176)
02-05 00:12:45.868 23131 23502 E RobotCore: com.qualcomm.modernrobotics.ReadWriteRunnableUsbHandler.a(SourceFile:77)
02-05 00:12:45.868 23131 23502 E RobotCore: com.qualcomm.modernrobotics.ReadWriteRunnableUsbHandler.read(SourceFile:66)
02-05 00:12:45.868 23131 23502 E RobotCore: com.qualcomm.hardware.modernrobotics.ReadWriteRunnableStandard$1.run(ReadWriteRunnableStandard.java:343)
02-05 00:12:45.868 23131 23502 E RobotCore: com.qualcomm.robotcore.util.ThreadPool.logThreadLifeCycle(ThreadPool.java:513)
02-05 00:12:45.868 23131 23502 E RobotCore: com.qualcomm.hardware.modernrobotics.ReadWriteRunnableStandard.run(ReadWriteRunnableStandard.java:302)
02-05 00:12:45.868 23131 23502 E RobotCore: java.util.concurrent.ThreadPoolExecutor.runWorker(ThreadPoolExecutor.java:1113)
02-05 00:12:45.868 23131 23502 E RobotCore: java.util.concurrent.ThreadPoolExecutor$Worker.run(ThreadPoolExecutor.java:588)
02-05 00:12:45.868 23131 23502 E RobotCore: java.lang.Thread.run(Thread.java:818)
02-05 00:12:45.869 23131 23502 V RobotCore: thread: ...terminating 'r/w loop: Modern Robotics USB DC Motor Controller [AI049QOP]'
02-05 00:12:45.869 23131 23499 D BulkIn::: Stop BulkIn thread
02-05 00:12:45.869 23131 23499 W System.err: java.lang.NullPointerException: Attempt to invoke virtual method 'int com.ftdi.j2xx.D2xxManager$DriverParameters.getBufferNumber()' on a null object reference
02-05 00:12:45.869 23131 23499 W System.err: 	at com.ftdi.j2xx.ProcessInCtrl.releaseWritableBuffers(FT_Device.java:2672)
02-05 00:12:45.869 23131 23499 W System.err: 	at com.ftdi.j2xx.BulkInWorker.run(FT_Device.java:2879)
02-05 00:12:45.869 23131 23499 W System.err: 	at java.lang.Thread.run(Thread.java:818)
02-05 00:12:45.870 23131 23507 D RobotCore: system telemetry: key=$System$Warning$ msg="problem communicating with Modern Robotics USB DC Motor Controller [AI049QOP]; problem communicating with Modern Robotics USB DC Motor Controller [AL00VBIF]; problem communicating with Modern Robotics USB Servo Controller [AL00VST0]"
02-05 00:12:45.870 23131 23507 V RobotCore: event loop: device has shutdown abnormally
02-05 00:12:45.870 23131 23507 V RobotCore: event loop: detaching device owner
02-05 00:12:45.871 23131 23507 I FIRST   : ======= MODULE DETACH RECOVERY: disarm Modern Robotics USB Servo Controller [AL00VST0]=======
02-05 00:12:45.871 23131 23507 D RobotCore: disarming modern servo controller "Modern Robotics USB Servo Controller [AL00VST0]"...
02-05 00:12:45.871 23131 23131 D UsbDeviceConnectionJNI: close
02-05 00:12:45.871 23131 23507 V RobotCore: waiting for service ReadWriteRunnable for Modern Robotics USB Device
02-05 00:12:45.871 23131 23490 D BulkIn::: Stop BulkIn thread
02-05 00:12:45.871 23131 23490 W System.err: java.lang.NullPointerException: Null pointer exception during instruction 'monitor-enter v2'
02-05 00:12:45.871 23131 23490 W System.err: 	at com.ftdi.j2xx.ProcessInCtrl.getBuffer(FT_Device.java:2269)
02-05 00:12:45.871 23131 23490 W System.err: 	at com.ftdi.j2xx.ProcessInCtrl.releaseWritableBuffers(FT_Device.java:2675)
02-05 00:12:45.871 23131 23490 W System.err: 	at com.ftdi.j2xx.BulkInWorker.run(FT_Device.java:2879)
02-05 00:12:45.871 23131 23492 W RobotCore: could not write to Modern Robotics USB Core Device Interface Module [AI02RHDJ]: FTDI Null Pointer Exception
02-05 00:12:45.871 23131 23490 W System.err: 	at java.lang.Thread.run(Thread.java:818)
02-05 00:12:45.871 23131 23492 E RobotCore: java.lang.NullPointerException: Attempt to invoke interface method 'void java.util.concurrent.locks.Lock.unlock()' on a null object reference
02-05 00:12:45.872 23131 23492 E RobotCore: com.ftdi.j2xx.ProcessInCtrl.readBulkInData(FT_Device.java:2520)
02-05 00:12:45.872 23131 23492 E RobotCore: com.ftdi.j2xx.FT_Device.read(FT_Device.java:666)
02-05 00:12:45.872 23131 23492 E RobotCore: com.qualcomm.robotcore.hardware.usb.ftdi.RobotUsbDeviceFtdi.read(RobotUsbDeviceFtdi.java:199)
02-05 00:12:45.872 23131 23492 E RobotCore: com.qualcomm.robotcore.hardware.usb.ftdi.RobotUsbDeviceFtdi.read(RobotUsbDeviceFtdi.java:176)
02-05 00:12:45.872 23131 23492 E RobotCore: com.qualcomm.modernrobotics.ReadWriteRunnableUsbHandler.a(SourceFile:77)
02-05 00:12:45.872 23131 23492 E RobotCore: com.qualcomm.modernrobotics.ReadWriteRunnableUsbHandler.read(SourceFile:66)
02-05 00:12:45.872 23131 23492 E RobotCore: com.qualcomm.hardware.modernrobotics.ReadWriteRunnableStandard$1.run(ReadWriteRunnableStandard.java:343)
02-05 00:12:45.872 23131 23492 E RobotCore: com.qualcomm.robotcore.util.ThreadPool.logThreadLifeCycle(ThreadPool.java:513)
