--------- beginning of crash
01-05 23:02:03.801  7323  7323 E AndroidRuntime: FATAL EXCEPTION: main
01-05 23:02:03.801  7323  7323 E AndroidRuntime: Process: com.qualcomm.ftcrobotcontroller, PID: 7323
01-05 23:02:03.801  7323  7323 E AndroidRuntime: java.lang.RuntimeException: Unable to stop activity {com.qualcomm.ftcrobotcontroller/org.firstinspires.ftc.robotcontroller.internal.FtcRobotControllerActivity}: java.lang.NullPointerException: Attempt to invoke virtual method 'void com.qualcomm.ftccommon.FtcRobotControllerService.shutdownRobot()' on a null object reference
01-05 23:02:03.801  7323  7323 E AndroidRuntime: 	at android.app.ActivityThread.handleSleeping(ActivityThread.java:3645)
01-05 23:02:03.801  7323  7323 E AndroidRuntime: 	at android.app.ActivityThread.-wrap19(ActivityThread.java)
01-05 23:02:03.801  7323  7323 E AndroidRuntime: 	at android.app.ActivityThread$H.handleMessage(ActivityThread.java:1529)
01-05 23:02:03.801  7323  7323 E AndroidRuntime: 	at android.os.Handler.dispatchMessage(Handler.java:102)
01-05 23:02:03.801  7323  7323 E AndroidRuntime: 	at android.os.Looper.loop(Looper.java:148)
01-05 23:02:03.801  7323  7323 E AndroidRuntime: 	at android.app.ActivityThread.main(ActivityThread.java:5456)
01-05 23:02:03.801  7323  7323 E AndroidRuntime: 	at java.lang.reflect.Method.invoke(Native Method)
01-05 23:02:03.801  7323  7323 E AndroidRuntime: 	at com.android.internal.os.ZygoteInit$MethodAndArgsCaller.run(ZygoteInit.java:728)
01-05 23:02:03.801  7323  7323 E AndroidRuntime: 	at com.android.internal.os.ZygoteInit.main(ZygoteInit.java:618)
01-05 23:02:03.801  7323  7323 E AndroidRuntime: Caused by: java.lang.NullPointerException: Attempt to invoke virtual method 'void com.qualcomm.ftccommon.FtcRobotControllerService.shutdownRobot()' on a null object reference
01-05 23:02:03.801  7323  7323 E AndroidRuntime: 	at org.firstinspires.ftc.robotcontroller.internal.FtcRobotControllerActivity.onStop(FtcRobotControllerActivity.java:319)
01-05 23:02:03.801  7323  7323 E AndroidRuntime: 	at android.app.Instrumentation.callActivityOnStop(Instrumentation.java:1301)
01-05 23:02:03.801  7323  7323 E AndroidRuntime: 	at android.app.Activity.performStop(Activity.java:6403)
01-05 23:02:03.801  7323  7323 E AndroidRuntime: 	at android.app.ActivityThread.handleSleeping(ActivityThread.java:3642)
01-05 23:02:03.801  7323  7323 E AndroidRuntime: 	... 8 more
01-07 16:47:05.876  1904  1904 E AndroidRuntime: FATAL EXCEPTION: main
01-07 16:47:05.876  1904  1904 E AndroidRuntime: Process: com.qualcomm.ftcrobotcontroller, PID: 1904
01-07 16:47:05.876  1904  1904 E AndroidRuntime: java.lang.RuntimeException: Unable to stop activity {com.qualcomm.ftcrobotcontroller/org.firstinspires.ftc.robotcontroller.internal.FtcRobotControllerActivity}: java.lang.NullPointerException: Attempt to invoke virtual method 'void com.qualcomm.ftccommon.FtcRobotControllerService.shutdownRobot()' on a null object reference
01-07 16:47:05.876  1904  1904 E AndroidRuntime: 	at android.app.ActivityThread.handleSleeping(ActivityThread.java:3645)
01-07 16:47:05.876  1904  1904 E AndroidRuntime: 	at android.app.ActivityThread.-wrap19(ActivityThread.java)
01-07 16:47:05.876  1904  1904 E AndroidRuntime: 	at android.app.ActivityThread$H.handleMessage(ActivityThread.java:1529)
01-07 16:47:05.876  1904  1904 E AndroidRuntime: 	at android.os.Handler.dispatchMessage(Handler.java:102)
01-07 16:47:05.876  1904  1904 E AndroidRuntime: 	at android.os.Looper.loop(Looper.java:148)
01-07 16:47:05.876  1904  1904 E AndroidRuntime: 	at android.app.ActivityThread.main(ActivityThread.java:5456)
01-07 16:47:05.876  1904  1904 E AndroidRuntime: 	at java.lang.reflect.Method.invoke(Native Method)
01-07 16:47:05.876  1904  1904 E AndroidRuntime: 	at com.android.internal.os.ZygoteInit$MethodAndArgsCaller.run(ZygoteInit.java:728)
01-07 16:47:05.876  1904  1904 E AndroidRuntime: 	at com.android.internal.os.ZygoteInit.main(ZygoteInit.java:618)
01-07 16:47:05.876  1904  1904 E AndroidRuntime: Caused by: java.lang.NullPointerException: Attempt to invoke virtual method 'void com.qualcomm.ftccommon.FtcRobotControllerService.shutdownRobot()' on a null object reference
01-07 16:47:05.876  1904  1904 E AndroidRuntime: 	at org.firstinspires.ftc.robotcontroller.internal.FtcRobotControllerActivity.onStop(FtcRobotControllerActivity.java:319)
01-07 16:47:05.876  1904  1904 E AndroidRuntime: 	at android.app.Instrumentation.callActivityOnStop(Instrumentation.java:1301)
01-07 16:47:05.876  1904  1904 E AndroidRuntime: 	at android.app.Activity.performStop(Activity.java:6403)
01-07 16:47:05.876  1904  1904 E AndroidRuntime: 	at android.app.ActivityThread.handleSleeping(ActivityThread.java:3642)
01-07 16:47:05.876  1904  1904 E AndroidRuntime: 	... 8 more
01-07 17:14:56.054  3580  3580 E AndroidRuntime: FATAL EXCEPTION: main
01-07 17:14:56.054  3580  3580 E AndroidRuntime: Process: com.qualcomm.ftcrobotcontroller, PID: 3580
01-07 17:14:56.054  3580  3580 E AndroidRuntime: java.lang.RuntimeException: Unable to stop activity {com.qualcomm.ftcrobotcontroller/org.firstinspires.ftc.robotcontroller.internal.FtcRobotControllerActivity}: java.lang.NullPointerException: Attempt to invoke virtual method 'void com.qualcomm.ftccommon.FtcRobotControllerService.shutdownRobot()' on a null object reference
01-07 17:14:56.054  3580  3580 E AndroidRuntime: 	at android.app.ActivityThread.handleSleeping(ActivityThread.java:3645)
01-07 17:14:56.054  3580  3580 E AndroidRuntime: 	at android.app.ActivityThread.-wrap19(ActivityThread.java)
01-07 17:14:56.054  3580  3580 E AndroidRuntime: 	at android.app.ActivityThread$H.handleMessage(ActivityThread.java:1529)
01-07 17:14:56.054  3580  3580 E AndroidRuntime: 	at android.os.Handler.dispatchMessage(Handler.java:102)
01-07 17:14:56.054  3580  3580 E AndroidRuntime: 	at android.os.Looper.loop(Looper.java:148)
01-07 17:14:56.054  3580  3580 E AndroidRuntime: 	at android.app.ActivityThread.main(ActivityThread.java:5456)
01-07 17:14:56.054  3580  3580 E AndroidRuntime: 	at java.lang.reflect.Method.invoke(Native Method)
01-07 17:14:56.054  3580  3580 E AndroidRuntime: 	at com.android.internal.os.ZygoteInit$MethodAndArgsCaller.run(ZygoteInit.java:728)
01-07 17:14:56.054  3580  3580 E AndroidRuntime: 	at com.android.internal.os.ZygoteInit.main(ZygoteInit.java:618)
01-07 17:14:56.054  3580  3580 E AndroidRuntime: Caused by: java.lang.NullPointerException: Attempt to invoke virtual method 'void com.qualcomm.ftccommon.FtcRobotControllerService.shutdownRobot()' on a null object reference
01-07 17:14:56.054  3580  3580 E AndroidRuntime: 	at org.firstinspires.ftc.robotcontroller.internal.FtcRobotControllerActivity.onStop(FtcRobotControllerActivity.java:319)
01-07 17:14:56.054  3580  3580 E AndroidRuntime: 	at android.app.Instrumentation.callActivityOnStop(Instrumentation.java:1301)
01-07 17:14:56.054  3580  3580 E AndroidRuntime: 	at android.app.Activity.performStop(Activity.java:6403)
01-07 17:14:56.054  3580  3580 E AndroidRuntime: 	at android.app.ActivityThread.handleSleeping(ActivityThread.java:3642)
01-07 17:14:56.054  3580  3580 E AndroidRuntime: 	... 8 more
01-07 20:16:41.998 17787 17787 E AndroidRuntime: FATAL EXCEPTION: main
01-07 20:16:41.998 17787 17787 E AndroidRuntime: Process: com.qualcomm.ftcrobotcontroller, PID: 17787
01-07 20:16:41.998 17787 17787 E AndroidRuntime: java.lang.RuntimeException: Unable to stop activity {com.qualcomm.ftcrobotcontroller/org.firstinspires.ftc.robotcontroller.internal.FtcRobotControllerActivity}: java.lang.NullPointerException: Attempt to invoke virtual method 'void com.qualcomm.ftccommon.FtcRobotControllerService.shutdownRobot()' on a null object reference
01-07 20:16:41.998 17787 17787 E AndroidRuntime: 	at android.app.ActivityThread.handleSleeping(ActivityThread.java:3645)
01-07 20:16:41.998 17787 17787 E AndroidRuntime: 	at android.app.ActivityThread.-wrap19(ActivityThread.java)
01-07 20:16:41.998 17787 17787 E AndroidRuntime: 	at android.app.ActivityThread$H.handleMessage(ActivityThread.java:1529)
01-07 20:16:41.998 17787 17787 E AndroidRuntime: 	at android.os.Handler.dispatchMessage(Handler.java:102)
01-07 20:16:41.998 17787 17787 E AndroidRuntime: 	at android.os.Looper.loop(Looper.java:148)
01-07 20:16:41.998 17787 17787 E AndroidRuntime: 	at android.app.ActivityThread.main(ActivityThread.java:5456)
01-07 20:16:41.998 17787 17787 E AndroidRuntime: 	at java.lang.reflect.Method.invoke(Native Method)
01-07 20:16:41.998 17787 17787 E AndroidRuntime: 	at com.android.internal.os.ZygoteInit$MethodAndArgsCaller.run(ZygoteInit.java:728)
01-07 20:16:41.998 17787 17787 E AndroidRuntime: 	at com.android.internal.os.ZygoteInit.main(ZygoteInit.java:618)
01-07 20:16:41.998 17787 17787 E AndroidRuntime: Caused by: java.lang.NullPointerException: Attempt to invoke virtual method 'void com.qualcomm.ftccommon.FtcRobotControllerService.shutdownRobot()' on a null object reference
01-07 20:16:41.998 17787 17787 E AndroidRuntime: 	at org.firstinspires.ftc.robotcontroller.internal.FtcRobotControllerActivity.onStop(FtcRobotControllerActivity.java:319)
01-07 20:16:41.998 17787 17787 E AndroidRuntime: 	at android.app.Instrumentation.callActivityOnStop(Instrumentation.java:1301)
01-07 20:16:41.998 17787 17787 E AndroidRuntime: 	at android.app.Activity.performStop(Activity.java:6403)
01-07 20:16:41.998 17787 17787 E AndroidRuntime: 	at android.app.ActivityThread.handleSleeping(ActivityThread.java:3642)
01-07 20:16:41.998 17787 17787 E AndroidRuntime: 	... 8 more
--------- beginning of main
01-08 13:20:16.779  7050  7064 I chatty  : uid=10109(com.qualcomm.ftcrobotcontroller) expire 2 lines
01-08 13:20:16.808  7050  7060 I chatty  : uid=10109(com.qualcomm.ftcrobotcontroller) expire 1 line
01-08 13:20:18.560  7050  7096 I chatty  : uid=10109(com.qualcomm.ftcrobotcontroller) expire 2 lines
01-08 13:20:18.687  7050  7100 I chatty  : uid=10109(com.qualcomm.ftcrobotcontroller) expire 144 lines
01-08 13:20:23.700  7050  7103 I chatty  : uid=10109(com.qualcomm.ftcrobotcontroller) expire 6 lines
01-08 13:20:23.749  7050  7105 I chatty  : uid=10109(com.qualcomm.ftcrobotcontroller) expire 15 lines
01-08 13:20:23.955  7050  7113 I chatty  : uid=10109(com.qualcomm.ftcrobotcontroller) expire 6 lines
01-08 13:20:23.977  7050  7109 I chatty  : uid=10109(com.qualcomm.ftcrobotcontroller) expire 10 lines
01-08 13:20:23.998  7050  7111 I chatty  : uid=10109(com.qualcomm.ftcrobotcontroller) expire 14 lines
01-08 13:20:24.004  7050  7117 I chatty  : uid=10109(com.qualcomm.ftcrobotcontroller) expire 9 lines
01-08 13:20:24.266  7050  7121 I chatty  : uid=10109(com.qualcomm.ftcrobotcontroller) expire 7 lines
01-08 13:20:24.713  7050  7124 I chatty  : uid=10109(com.qualcomm.ftcrobotcontroller) expire 4 lines
01-08 13:20:25.177  7050  7127 I chatty  : uid=10109(com.qualcomm.ftcrobotcontroller) expire 4 lines
01-08 13:20:25.656  7050  7130 I chatty  : uid=10109(com.qualcomm.ftcrobotcontroller) expire 4 lines
01-08 13:20:26.132  7050  7133 I chatty  : uid=10109(com.qualcomm.ftcrobotcontroller) expire 4 lines
01-08 13:20:26.612  7050  7139 I chatty  : uid=10109(com.qualcomm.ftcrobotcontroller) expire 4 lines
01-08 13:20:26.699  7050  7140 I chatty  : uid=10109(com.qualcomm.ftcrobotcontroller) expire 11 lines
01-08 13:20:26.738  7050  7144 I chatty  : uid=10109(com.qualcomm.ftcrobotcontroller) expire 9 lines
01-08 13:20:54.644  7050  7105 I chatty  : uid=10109(com.qualcomm.ftcrobotcontroller) expire 10 lines
01-08 13:20:56.689  7050  7155 I chatty  : uid=10109(com.qualcomm.ftcrobotcontroller) expire 1505 lines
01-08 13:21:16.463  7050  7050 I chatty  : uid=10109(com.qualcomm.ftcrobotcontroller) expire 4 lines
01-08 13:21:16.464  7050  7108 I chatty  : uid=10109(com.qualcomm.ftcrobotcontroller) expire 8 lines
01-08 13:21:16.466  7050  7107 I chatty  : uid=10109(com.qualcomm.ftcrobotcontroller) expire 5 lines
01-08 13:21:16.708  7050  7111 I chatty  : uid=10109(com.qualcomm.ftcrobotcontroller) expire 7 lines
01-08 13:21:16.710  7050  7163 I chatty  : uid=10109(com.qualcomm.ftcrobotcontroller) expire 9 lines
01-08 13:21:16.973  7050  7124 I chatty  : uid=10109(com.qualcomm.ftcrobotcontroller) expire 36 lines
01-08 13:21:17.003  7050  7139 I chatty  : uid=10109(com.qualcomm.ftcrobotcontroller) expire 31 lines
01-08 13:21:17.037  7050  7130 I chatty  : uid=10109(com.qualcomm.ftcrobotcontroller) expire 27 lines
01-08 13:21:17.061  7050  7127 I chatty  : uid=10109(com.qualcomm.ftcrobotcontroller) expire 21 lines
01-08 13:21:17.101  7050  7133 I chatty  : uid=10109(com.qualcomm.ftcrobotcontroller) expire 22 lines
01-08 13:21:19.603  7050  7050 I chatty  : uid=10109(com.qualcomm.ftcrobotcontroller) expire 3 lines
01-08 13:21:19.604  7050  7129 I chatty  : uid=10109(com.qualcomm.ftcrobotcontroller) expire 8 lines
01-08 13:21:19.606  7050  7128 I chatty  : uid=10109(com.qualcomm.ftcrobotcontroller) expire 5 lines
01-08 13:21:19.614  7050  7123 I chatty  : uid=10109(com.qualcomm.ftcrobotcontroller) expire 8 lines
01-08 13:21:19.615  7050  7122 I chatty  : uid=10109(com.qualcomm.ftcrobotcontroller) expire 5 lines
01-08 13:21:19.617  7050  7135 I chatty  : uid=10109(com.qualcomm.ftcrobotcontroller) expire 8 lines
01-08 13:21:19.619  7050  7134 I chatty  : uid=10109(com.qualcomm.ftcrobotcontroller) expire 5 lines
01-08 13:21:19.621  7050  7139 E RobotCore: com.qualcomm.robotcore.util.ThreadPool.logThreadLifeCycle(ThreadPool.java:513)
01-08 13:21:19.621  7050  7139 E RobotCore: com.qualcomm.hardware.modernrobotics.ReadWriteRunnableStandard.run(ReadWriteRunnableStandard.java:302)
01-08 13:21:19.621  7050  7139 E RobotCore: java.util.concurrent.ThreadPoolExecutor.runWorker(ThreadPoolExecutor.java:1113)
01-08 13:21:19.622  7050  7139 E RobotCore: java.util.concurrent.ThreadPoolExecutor$Worker.run(ThreadPoolExecutor.java:588)
01-08 13:21:19.622  7050  7139 E RobotCore: java.lang.Thread.run(Thread.java:818)
01-08 13:21:19.622  7050  7050 D UsbDeviceConnectionJNI: close
01-08 13:21:19.622  7050  7139 V RobotCore: thread: ...terminating 'r/w loop: Modern Robotics USB DC Motor Controller [AL00VBIF]'
01-08 13:21:19.622  7050  7132 D ProcessRequestThread::: Device has been closed.
01-08 13:21:19.622  7050  7132 W System.err: java.lang.InterruptedException
01-08 13:21:19.622  7050  7132 W System.err: 	at java.util.concurrent.locks.AbstractQueuedSynchronizer.doAcquireSharedInterruptibly(AbstractQueuedSynchronizer.java:972)
01-08 13:21:19.622  7050  7132 W System.err: 	at java.util.concurrent.locks.AbstractQueuedSynchronizer.acquireSharedInterruptibly(AbstractQueuedSynchronizer.java:1278)
01-08 13:21:19.622  7050  7132 W System.err: 	at java.util.concurrent.Semaphore.acquire(Semaphore.java:284)
01-08 13:21:19.622  7050  7132 W System.err: 	at com.ftdi.j2xx.ProcessInCtrl.acquireReadableBuffer(FT_Device.java:2294)
01-08 13:21:19.622  7050  7132 W System.err: 	at com.ftdi.j2xx.ProcessRequestWorker.run(FT_Device.java:2764)
01-08 13:21:19.622  7050  7132 W System.err: 	at java.lang.Thread.run(Thread.java:818)
01-08 13:21:19.623  7050  7131 D BulkIn::: Stop BulkIn thread
01-08 13:21:19.623  7050  7127 E FTDI_Device::: UsbConnection.requestWait() == null
01-08 13:21:19.623  7050  7131 W System.err: java.lang.NullPointerException: Attempt to invoke virtual method 'int com.ftdi.j2xx.D2xxManager$DriverParameters.getBufferNumber()' on a null object reference
01-08 13:21:19.623  7050  7131 W System.err: 	at com.ftdi.j2xx.ProcessInCtrl.releaseWritableBuffers(FT_Device.java:2672)
01-08 13:21:19.623  7050  7131 W System.err: 	at com.ftdi.j2xx.BulkInWorker.run(FT_Device.java:2879)
01-08 13:21:19.623  7050  7131 W System.err: 	at java.lang.Thread.run(Thread.java:818)
01-08 13:21:19.623  7050  7133 W RobotCore: Modern Robotics USB header sync bytes are incorrect
01-08 13:21:19.624  7050  7133 W RobotCore: [55 aa 80 40 1e] -> [00 00 00 00 00]
01-08 13:21:19.624  7050  7133 W RobotCore: could not read Modern Robotics USB DC Motor Controller [AI049QOP]: comm timeout
01-08 13:21:19.624  7050  7133 W RobotCore: error: closed: FT_Device.read()=-1
01-08 13:21:19.626  7050  7050 D UsbDeviceConnectionJNI: close
01-08 13:21:19.626  7050  7127 W RobotCore: could not write to Modern Robotics USB DC Motor Controller [A104OQ1P]: FTDI Null Pointer Exception
01-08 13:21:19.626  7050  7127 E RobotCore: java.lang.NullPointerException: Attempt to invoke interface method 'void java.util.concurrent.locks.Lock.unlock()' on a null object reference
01-08 13:21:19.626  7050  7127 E RobotCore: com.ftdi.j2xx.ProcessInCtrl.readBulkInData(FT_Device.java:2520)
01-08 13:21:19.627  7050  7127 E RobotCore: com.ftdi.j2xx.FT_Device.read(FT_Device.java:666)
01-08 13:21:19.627  7050  7127 E RobotCore: com.qualcomm.robotcore.hardware.usb.ftdi.RobotUsbDeviceFtdi.read(RobotUsbDeviceFtdi.java:199)
01-08 13:21:19.627  7050  7127 E RobotCore: com.qualcomm.robotcore.hardware.usb.ftdi.RobotUsbDeviceFtdi.read(RobotUsbDeviceFtdi.java:176)
01-08 13:21:19.627  7050  7127 E RobotCore: com.qualcomm.modernrobotics.ReadWriteRunnableUsbHandler.a(SourceFile:77)
01-08 13:21:19.627  7050  7127 E RobotCore: com.qualcomm.modernrobotics.ReadWriteRunnableUsbHandler.read(SourceFile:66)
01-08 13:21:19.627  7050  7127 E RobotCore: com.qualcomm.hardware.modernrobotics.ReadWriteRunnableStandard$1.run(ReadWriteRunnableStandard.java:343)
01-08 13:21:19.627  7050  7127 E RobotCore: com.qualcomm.robotcore.util.ThreadPool.logThreadLifeCycle(ThreadPool.java:513)
01-08 13:21:19.627  7050  7127 E RobotCore: com.qualcomm.hardware.modernrobotics.ReadWriteRunnableStandard.run(ReadWriteRunnableStandard.java:302)
01-08 13:21:19.627  7050  7127 E RobotCore: java.util.concurrent.ThreadPoolExecutor.runWorker(ThreadPoolExecutor.java:1113)
01-08 13:21:19.627  7050  7127 E RobotCore: java.util.concurrent.ThreadPoolExecutor$Worker.run(ThreadPoolExecutor.java:588)
01-08 13:21:19.627  7050  7127 E RobotCore: java.lang.Thread.run(Thread.java:818)
01-08 13:21:19.627  7050  7127 V RobotCore: thread: ...terminating 'r/w loop: Modern Robotics USB DC Motor Controller [A104OQ1P]'
01-08 13:21:19.629  7050  7126 D ProcessRequestThread::: Device has been closed.
01-08 13:21:19.629  7050  7133 V RobotCore: thread: ...terminating 'r/w loop: Modern Robotics USB DC Motor Controller [AI049QOP]'
01-08 13:21:19.629  7050  7126 W System.err: java.lang.InterruptedException
01-08 13:21:19.629  7050  7125 D BulkIn::: Stop BulkIn thread
01-08 13:21:19.629  7050  7126 W System.err: 	at java.util.concurrent.locks.AbstractQueuedSynchronizer.doAcquireSharedInterruptibly(AbstractQueuedSynchronizer.java:972)
01-08 13:21:19.629  7050  7125 W System.err: 	at java.lang.NullPointerException: Attempt to invoke virtual method 'int com.ftdi.j2xx.D2xxManager$DriverParameters.getBufferNumber()' on a null object reference
01-08 13:21:19.629  7050  7126 W System.err: java.util.concurrent.locks.AbstractQueuedSynchronizer.acquireSharedInterruptibly(AbstractQueuedSynchronizer.java:1278)
01-08 13:21:19.629  7050  7126 W System.err: 	at 	at java.util.concurrent.Semaphore.acquire(Semaphore.java:284)
01-08 13:21:19.629  7050  7125 W System.err: com.ftdi.j2xx.ProcessInCtrl.releaseWritableBuffers(FT_Device.java:2672)
01-08 13:21:19.629  7050  7126 W System.err: 	at 	at com.ftdi.j2xx.ProcessInCtrl.acquireReadableBuffer(FT_Device.java:2294)
01-08 13:21:19.629  7050  7126 W System.err: 	at com.ftdi.j2xx.ProcessRequestWorker.run(FT_Device.java:2764)
01-08 13:21:19.629  7050  7125 W System.err: 	at com.ftdi.j2xx.BulkInWorker.run(FT_Device.java:2879)
01-08 13:21:19.629  7050  7126 W System.err: 	at java.lang.Thread.run(Thread.java:818)
01-08 13:21:19.629  7050  7125 W System.err: java.lang.Thread.run(Thread.java:818)
01-08 13:21:19.629  7050  7140 D RobotCore: system telemetry: key=$System$Warning$ msg="problem communicating with Modern Robotics USB Core Device Interface Module [AL00VFK6]; problem communicating with Modern Robotics USB DC Motor Controller [AL00VWH0]; problem communicating with Modern Robotics USB DC Motor Controller [AL00VBIF]; problem communicating with Modern Robotics USB DC Motor Controller [A104OQ1P]; problem communicating with Modern Robotics USB DC Motor Controller [AI049QOP]; problem communicating with Modern Robotics USB Servo Controller [AL00VSDY]"
01-08 13:21:19.636  7050  7140 V RobotCore: event loop: device has shutdown abnormally
01-08 13:21:19.636  7050  7140 V RobotCore: event loop: detaching device owner
01-08 13:21:19.636  7050  7140 I FIRST   : ======= MODULE DETACH RECOVERY: disarm Modern Robotics USB Servo Controller [AL00VSDY]=======
01-08 13:21:19.636  7050  7140 D RobotCore: disarming modern servo controller "Modern Robotics USB Servo Controller [AL00VSDY]"...
01-08 13:21:19.636  7050  7140 V RobotCore: waiting for service ReadWriteRunnable for Modern Robotics USB Device
01-08 13:21:19.637  7050  7140 V RobotCore: awaitTermination returned, isTerminated=true
01-08 13:21:19.637  7050  7140 V RobotCore: executive service ReadWriteRunnable for Modern Robotics USB Device is terminated
01-08 13:21:19.638  7050  7140 D RobotCore: ...disarming modern servo controller Modern Robotics USB Servo Controller [AL00VSDY] complete
01-08 13:21:19.638  7050  7140 I FIRST   : ======= MODULE DETACH RECOVERY: pretend Modern Robotics USB Servo Controller [AL00VSDY]=======
01-08 13:21:19.638  7050  7140 D RobotCore: arming modern servo controller Modern Robotics USB Servo Controller [AL00VSDY] (pretend)...
01-08 13:21:19.641  7050  7140 V RobotCore: Starting up pretend device AL00VSDY
01-08 13:21:19.643  7050  7169 V RobotCore: thread: 'r/w loop: Modern Robotics USB Servo Controller [AL00VSDY]' starting...
01-08 13:21:19.643  7050  7140 D RobotCore: ...arming modern servo controller Modern Robotics USB Servo Controller [AL00VSDY] complete
01-08 13:21:19.643  7050  7140 I FIRST   : ======= MODULE DETACH RECOVERY: complete Modern Robotics USB Servo Controller [AL00VSDY]=======
01-08 13:21:19.644  7050  7140 V RobotCore: event loop: device has shutdown abnormally
01-08 13:21:19.644  7050  7140 V RobotCore: event loop: detaching device owner
01-08 13:21:19.644  7050  7140 I FIRST   : ======= MODULE DETACH RECOVERY: disarm Modern Robotics USB Core Device Interface Module [AL00VFK6]=======
01-08 13:21:19.644  7050  7140 V RobotCore: waiting for service ReadWriteRunnable for Modern Robotics USB Device
01-08 13:21:19.645  7050  7140 V RobotCore: awaitTermination returned, isTerminated=true
01-08 13:21:19.645  7050  7140 V RobotCore: executive service ReadWriteRunnable for Modern Robotics USB Device is terminated
01-08 13:21:19.645  7050  7140 I FIRST   : ======= MODULE DETACH RECOVERY: pretend Modern Robotics USB Core Device Interface Module [AL00VFK6]=======
01-08 13:21:19.645  7050  7140 V RobotCore: Starting up pretend device AL00VFK6
01-08 13:21:19.647  7050  7170 V RobotCore: thread: 'r/w loop: Modern Robotics USB Core Device Interface Module [AL00VFK6]' starting...
01-08 13:21:19.648  7050  7140 I FIRST   : ======= MODULE DETACH RECOVERY: complete Modern Robotics USB Core Device Interface Module [AL00VFK6]=======
01-08 13:21:19.648  7050  7140 V RobotCore: event loop: device has shutdown abnormally
01-08 13:21:19.648  7050  7140 V RobotCore: event loop: detaching device owner
01-08 13:21:19.648  7050  7140 I FIRST   : ======= MODULE DETACH RECOVERY: disarm Modern Robotics USB DC Motor Controller [A104OQ1P]=======
01-08 13:21:19.648  7050  7140 D RobotCore: disarming modern motor controller Modern Robotics USB DC Motor Controller [A104OQ1P]...
01-08 13:21:19.648  7050  7140 V RobotCore: waiting for service ReadWriteRunnable for Modern Robotics USB Device
01-08 13:21:19.649  7050  7140 V RobotCore: awaitTermination returned, isTerminated=true
01-08 13:21:19.649  7050  7140 V RobotCore: executive service ReadWriteRunnable for Modern Robotics USB Device is terminated
01-08 13:21:19.649  7050  7140 D RobotCore: ...disarming modern motor controller Modern Robotics USB DC Motor Controller [A104OQ1P] complete
01-08 13:21:19.649  7050  7140 I FIRST   : ======= MODULE DETACH RECOVERY: pretend Modern Robotics USB DC Motor Controller [A104OQ1P]=======
01-08 13:21:19.649  7050  7140 D RobotCore: arming modern motor controller Modern Robotics USB DC Motor Controller [A104OQ1P] (pretend)...
01-08 13:21:19.649  7050  7140 V RobotCore: Starting up pretend device A104OQ1P
01-08 13:21:19.652  7050  7171 V RobotCore: thread: 'r/w loop: Modern Robotics USB DC Motor Controller [A104OQ1P]' starting...
01-08 13:21:19.652  7050  7140 D RobotCore: ...arming modern motor controller Modern Robotics USB DC Motor Controller [A104OQ1P] complete
01-08 13:21:19.652  7050  7140 I FIRST   : ======= MODULE DETACH RECOVERY: complete Modern Robotics USB DC Motor Controller [A104OQ1P]=======
01-08 13:21:19.652  7050  7140 V RobotCore: event loop: device has shutdown abnormally
01-08 13:21:19.652  7050  7140 V RobotCore: event loop: detaching device owner
01-08 13:21:19.652  7050  7140 I FIRST   : ======= MODULE DETACH RECOVERY: disarm Modern Robotics USB DC Motor Controller [AL00VWH0]=======
01-08 13:21:19.653  7050  7140 D RobotCore: disarming modern motor controller Modern Robotics USB DC Motor Controller [AL00VWH0]...
01-08 13:21:19.653  7050  7140 V RobotCore: waiting for service ReadWriteRunnable for Modern Robotics USB Device
01-08 13:21:19.653  7050  7140 V RobotCore: awaitTermination returned, isTerminated=true
01-08 13:21:19.653  7050  7140 V RobotCore: executive service ReadWriteRunnable for Modern Robotics USB Device is terminated
01-08 13:21:19.653  7050  7140 D RobotCore: ...disarming modern motor controller Modern Robotics USB DC Motor Controller [AL00VWH0] complete
01-08 13:21:19.654  7050  7140 I FIRST   : ======= MODULE DETACH RECOVERY: pretend Modern Robotics USB DC Motor Controller [AL00VWH0]=======
01-08 13:21:19.654  7050  7140 D RobotCore: arming modern motor controller Modern Robotics USB DC Motor Controller [AL00VWH0] (pretend)...
01-08 13:21:19.654  7050  7140 V RobotCore: Starting up pretend device AL00VWH0
01-08 13:21:19.656  7050  7172 V RobotCore: thread: 'r/w loop: Modern Robotics USB DC Motor Controller [AL00VWH0]' starting...
01-08 13:21:19.657  7050  7140 D RobotCore: ...arming modern motor controller Modern Robotics USB DC Motor Controller [AL00VWH0] complete
01-08 13:21:19.657  7050  7140 I FIRST   : ======= MODULE DETACH RECOVERY: complete Modern Robotics USB DC Motor Controller [AL00VWH0]=======
01-08 13:21:19.657  7050  7140 V RobotCore: event loop: device has shutdown abnormally
01-08 13:21:19.657  7050  7140 V RobotCore: event loop: detaching device owner
01-08 13:21:19.657  7050  7140 I FIRST   : ======= MODULE DETACH RECOVERY: disarm Modern Robotics USB DC Motor Controller [AI049QOP]=======
01-08 13:21:19.657  7050  7140 D RobotCore: disarming modern motor controller Modern Robotics USB DC Motor Controller [AI049QOP]...
01-08 13:21:19.657  7050  7140 V RobotCore: waiting for service ReadWriteRunnable for Modern Robotics USB Device
01-08 13:21:19.659  7050  7140 V RobotCore: awaitTermination returned, isTerminated=true
01-08 13:21:19.659  7050  7140 V RobotCore: executive service ReadWriteRunnable for Modern Robotics USB Device is terminated
01-08 13:21:19.659  7050  7140 D RobotCore: ...disarming modern motor controller Modern Robotics USB DC Motor Controller [AI049QOP] complete
01-08 13:21:19.659  7050  7140 I FIRST   : ======= MODULE DETACH RECOVERY: pretend Modern Robotics USB DC Motor Controller [AI049QOP]=======
01-08 13:21:19.659  7050  7140 D RobotCore: arming modern motor controller Modern Robotics USB DC Motor Controller [AI049QOP] (pretend)...
01-08 13:21:19.659  7050  7140 V RobotCore: Starting up pretend device AI049QOP
01-08 13:21:19.661  7050  7173 V RobotCore: thread: 'r/w loop: Modern Robotics USB DC Motor Controller [AI049QOP]' starting...
01-08 13:21:19.662  7050  7140 D RobotCore: ...arming modern motor controller Modern Robotics USB DC Motor Controller [AI049QOP] complete
01-08 13:21:19.662  7050  7140 I FIRST   : ======= MODULE DETACH RECOVERY: complete Modern Robotics USB DC Motor Controller [AI049QOP]=======
01-08 13:21:19.662  7050  7140 V RobotCore: event loop: device has shutdown abnormally
01-08 13:21:19.662  7050  7140 V RobotCore: event loop: detaching device owner
01-08 13:21:19.662  7050  7140 I FIRST   : ======= MODULE DETACH RECOVERY: disarm Modern Robotics USB DC Motor Controller [AL00VBIF]=======
01-08 13:21:19.662  7050  7140 D RobotCore: disarming modern motor controller Modern Robotics USB DC Motor Controller [AL00VBIF]...
01-08 13:21:19.662  7050  7140 V RobotCore: waiting for service ReadWriteRunnable for Modern Robotics USB Device
01-08 13:21:19.663  7050  7140 V RobotCore: awaitTermination returned, isTerminated=true
01-08 13:21:19.663  7050  7140 V RobotCore: executive service ReadWriteRunnable for Modern Robotics USB Device is terminated
01-08 13:21:19.663  7050  7140 D RobotCore: ...disarming modern motor controller Modern Robotics USB DC Motor Controller [AL00VBIF] complete
01-08 13:21:19.663  7050  7140 I FIRST   : ======= MODULE DETACH RECOVERY: pretend Modern Robotics USB DC Motor Controller [AL00VBIF]=======
01-08 13:21:19.663  7050  7140 D RobotCore: arming modern motor controller Modern Robotics USB DC Motor Controller [AL00VBIF] (pretend)...
01-08 13:21:19.664  7050  7140 V RobotCore: Starting up pretend device AL00VBIF
01-08 13:21:19.665  7050  7174 V RobotCore: thread: 'r/w loop: Modern Robotics USB DC Motor Controller [AL00VBIF]' starting...
01-08 13:21:19.665  7050  7140 D RobotCore: ...arming modern motor controller Modern Robotics USB DC Motor Controller [AL00VBIF] complete
01-08 13:21:19.665  7050  7140 I FIRST   : ======= MODULE DETACH RECOVERY: complete Modern Robotics USB DC Motor Controller [AL00VBIF]=======
01-08 13:21:35.714  7050  7050 V RCActivity: onPause()
01-08 13:21:35.722  7050  7050 V RCActivity: onStop()
01-08 13:21:35.722  7050  7050 V RobotCore: executive service robot setup is terminated
01-08 13:21:35.722  7050  7050 V Robocol : EventLoopManager.shutdown()
01-08 13:21:35.722  7050  7050 V RobotCore: waiting for service EventLoop
01-08 13:21:35.723  7050  7140 V RobotCore: EventLoopRunnable interrupted
01-08 13:21:35.723  7050  7140 V RobotCore: EventLoopManager state is STOPPED
01-08 13:21:35.723  7050  7140 V RobotCore: Robot Status: stopped
01-08 13:21:35.724  7050  7140 I FIRST   : ======= TEARDOWN =======
01-08 13:21:35.724  7050  7140 D RobotCore: disarming modern motor controller Modern Robotics USB DC Motor Controller [AL00VWH0]...
01-08 13:21:35.729  7050  7172 V RobotCore: thread: ...terminating 'r/w loop: Modern Robotics USB DC Motor Controller [AL00VWH0]'
01-08 13:21:35.729  7050  7140 V RobotCore: waiting for service ReadWriteRunnable for Modern Robotics USB Device
01-08 13:21:35.729  7050  7140 V RobotCore: awaitTermination returned, isTerminated=true
01-08 13:21:35.729  7050  7140 V RobotCore: executive service ReadWriteRunnable for Modern Robotics USB Device is terminated
01-08 13:21:35.730  7050  7140 D RobotCore: ...disarming modern motor controller Modern Robotics USB DC Motor Controller [AL00VWH0] complete
01-08 13:21:35.731  7050  7140 D RobotCore: disarming modern motor controller Modern Robotics USB DC Motor Controller [AL00VBIF]...
01-08 13:21:35.734  7050  7140 V RobotCore: waiting for service ReadWriteRunnable for Modern Robotics USB Device
01-08 13:21:35.734  7050  7174 V RobotCore: thread: ...terminating 'r/w loop: Modern Robotics USB DC Motor Controller [AL00VBIF]'
01-08 13:21:35.735  7050  7140 V RobotCore: awaitTermination returned, isTerminated=true
01-08 13:21:35.735  7050  7140 V RobotCore: executive service ReadWriteRunnable for Modern Robotics USB Device is terminated
01-08 13:21:35.735  7050  7140 D RobotCore: ...disarming modern motor controller Modern Robotics USB DC Motor Controller [AL00VBIF] complete
01-08 13:21:35.736  7050  7140 D RobotCore: disarming modern motor controller Modern Robotics USB DC Motor Controller [A104OQ1P]...
01-08 13:21:35.742  7050  7171 V RobotCore: thread: ...terminating 'r/w loop: Modern Robotics USB DC Motor Controller [A104OQ1P]'
01-08 13:21:35.743  7050  7140 V RobotCore: executive service ReadWriteRunnable for Modern Robotics USB Device is terminated
01-08 13:21:35.743  7050  7140 D RobotCore: ...disarming modern motor controller Modern Robotics USB DC Motor Controller [A104OQ1P] complete
01-08 13:21:35.743  7050  7140 D RobotCore: disarming modern motor controller Modern Robotics USB DC Motor Controller [AI049QOP]...
01-08 13:21:35.746  7050  7140 V RobotCore: waiting for service ReadWriteRunnable for Modern Robotics USB Device
01-08 13:21:35.746  7050  7173 V RobotCore: thread: ...terminating 'r/w loop: Modern Robotics USB DC Motor Controller [AI049QOP]'
01-08 13:21:35.746  7050  7140 V RobotCore: awaitTermination returned, isTerminated=true
01-08 13:21:35.746  7050  7140 V RobotCore: executive service ReadWriteRunnable for Modern Robotics USB Device is terminated
01-08 13:21:35.746  7050  7140 D RobotCore: ...disarming modern motor controller Modern Robotics USB DC Motor Controller [AI049QOP] complete
01-08 13:21:35.746  7050  7140 D RobotCore: disarming modern servo controller "Modern Robotics USB Servo Controller [AL00VSDY]"...
01-08 13:21:35.749  7050  7169 V RobotCore: thread: ...terminating 'r/w loop: Modern Robotics USB Servo Controller [AL00VSDY]'
01-08 13:21:35.749  7050  7140 V RobotCore: executive service ReadWriteRunnable for Modern Robotics USB Device is terminated
01-08 13:21:35.749  7050  7140 D RobotCore: ...disarming modern servo controller Modern Robotics USB Servo Controller [AL00VSDY] complete
01-08 13:21:35.752  7050  7170 V RobotCore: thread: ...terminating 'r/w loop: Modern Robotics USB Core Device Interface Module [AL00VFK6]'
01-08 13:21:35.752  7050  7140 V RobotCore: waiting for service ReadWriteRunnable for Modern Robotics USB Device
01-08 13:21:35.752  7050  7140 V RobotCore: awaitTermination returned, isTerminated=true
01-08 13:21:35.752  7050  7140 V RobotCore: executive service ReadWriteRunnable for Modern Robotics USB Device is terminated
01-08 13:21:35.753  7050  7140 I FIRST   : ======= TEARDOWN COMPLETE =======
01-08 13:21:35.753  7050  7140 V RobotCore: thread: ...terminating 'opmode loop()'
01-08 13:21:35.753  7050  7050 V RobotCore: awaitTermination returned, isTerminated=true
01-08 13:21:35.753  7050  7050 V RobotCore: executive service EventLoop is terminated
01-08 13:21:35.753  7050  7050 V RobotCore: EventLoopManager state is STOPPED
01-08 13:21:35.766  7050  7105 D RobotCore: system telemetry: key=$System$None$ msg=""
01-08 13:21:36.737  7050  7050 V RCActivity: onDestroy()
01-08 13:27:16.276  7832  7832 I art     : Late-enabling -Xcheck:jni
01-08 13:27:16.400  7832  7832 I InstantRun: Instant Run Runtime started. Android package is com.qualcomm.ftcrobotcontroller, real application class is org.firstinspires.ftc.robotcore.internal.RobotApplication.
01-08 13:27:17.070  7847  7847 I dex2oat : /system/bin/dex2oat --dex-file=/data/data/com.qualcomm.ftcrobotcontroller/files/instant-run/dex/slice-slice_2-classes.dex --oat-file=/data/user/0/com.qualcomm.ftcrobotcontroller/cache/slice-slice_2-classes.dex
01-08 13:27:17.470  7847  7847 I dex2oat : dex2oat took 400.330ms (threads: 4) arena alloc=81KB java alloc=127KB native alloc=2MB free=99KB
01-08 13:27:17.687  7832  7832 V RCActivity: onCreate()
01-08 13:27:17.692  7832  7854 V RobotCore: saving logcat to /storage/emulated/0/com.qualcomm.ftcrobotcontroller.logcat
01-08 13:27:17.692  7832  7854 V RobotCore: logging command line: logcat -f /storage/emulated/0/com.qualcomm.ftcrobotcontroller.logcat -r4096 -n4 -v threadtime UsbRequestJNI:S UsbRequest:S *:V
01-08 13:27:17.731  7832  7832 I WebViewFactory: Loading com.google.android.webview version 46.0.2490.76 (code 249007600)
01-08 13:27:17.719  7856  7856 W ps      : type=1400 audit(0.0:116748): avc: denied { getattr } for uid=10109 path="/proc/1" dev="proc" ino=2042554 scontext=u:r:untrusted_app:s0:c512,c768 tcontext=u:r:init:s0 tclass=dir permissive=0
01-08 13:27:17.719  7856  7856 W ps      : type=1400 audit(0.0:116749): avc: denied { search } for uid=10109 name="1" dev="proc" ino=2042554 scontext=u:r:untrusted_app:s0:c512,c768 tcontext=u:r:init:s0 tclass=dir permissive=0
01-08 13:27:17.719  7856  7856 W ps      : type=1400 audit(0.0:116750): avc: denied { search } for uid=10109 name="1" dev="proc" ino=2042554 scontext=u:r:untrusted_app:s0:c512,c768 tcontext=u:r:init:s0 tclass=dir permissive=0
01-08 13:27:17.719  7856  7856 W ps      : type=1400 audit(0.0:116751): avc: denied { getattr } for uid=10109 path="/proc/2" dev="proc" ino=2042555 scontext=u:r:untrusted_app:s0:c512,c768 tcontext=u:r:kernel:s0 tclass=dir permissive=0
01-08 13:27:17.719  7856  7856 W ps      : type=1400 audit(0.0:116752): avc: denied { search } for uid=10109 name="2" dev="proc" ino=2042555 scontext=u:r:untrusted_app:s0:c512,c768 tcontext=u:r:kernel:s0 tclass=dir permissive=0
01-08 13:27:17.719  7856  7856 W ps      : type=1400 audit(0.0:116753): avc: denied { search } for uid=10109 name="2" dev="proc" ino=2042555 scontext=u:r:untrusted_app:s0:c512,c768 tcontext=u:r:kernel:s0 tclass=dir permissive=0
01-08 13:27:17.719  7856  7856 W ps      : type=1400 audit(0.0:116754): avc: denied { getattr } for uid=10109 path="/proc/3" dev="proc" ino=2042556 scontext=u:r:untrusted_app:s0:c512,c768 tcontext=u:r:kernel:s0 tclass=dir permissive=0
01-08 13:27:17.719  7856  7856 W ps      : type=1400 audit(0.0:116755): avc: denied { search } for uid=10109 name="3" dev="proc" ino=2042556 scontext=u:r:untrusted_app:s0:c512,c768 tcontext=u:r:kernel:s0 tclass=dir permissive=0
01-08 13:27:17.719  7856  7856 W ps      : type=1400 audit(0.0:116756): avc: denied { search } for uid=10109 name="3" dev="proc" ino=2042556 scontext=u:r:untrusted_app:s0:c512,c768 tcontext=u:r:kernel:s0 tclass=dir permissive=0
01-08 13:27:17.719  7856  7856 W ps      : type=1400 audit(0.0:116757): avc: denied { getattr } for uid=10109 path="/proc/5" dev="proc" ino=2042557 scontext=u:r:untrusted_app:s0:c512,c768 tcontext=u:r:kernel:s0 tclass=dir permissive=0
01-08 13:27:17.729  7856  7856 W ps      : type=1400 audit(0.0:116758): avc: denied { search } for uid=10109 name="5" dev="proc" ino=2042557 scontext=u:r:untrusted_app:s0:c512,c768 tcontext=u:r:kernel:s0 tclass=dir permissive=0
01-08 13:27:17.729  7856  7856 W ps      : type=1400 audit(0.0:116759): avc: denied { search } for uid=10109 name="5" dev="proc" ino=2042557 scontext=u:r:untrusted_app:s0:c512,c768 tcontext=u:r:kernel:s0 tclass=dir permissive=0
01-08 13:27:17.729  7856  7856 W ps      : type=1400 audit(0.0:116760): avc: denied { getattr } for uid=10109 path="/proc/6" dev="proc" ino=2042558 scontext=u:r:untrusted_app:s0:c512,c768 tcontext=u:r:kernel:s0 tclass=dir permissive=0
01-08 13:27:17.729  7856  7856 W ps      : type=1400 audit(0.0:116761): avc: denied { search } for uid=10109 name="6" dev="proc" ino=2042558 scontext=u:r:untrusted_app:s0:c512,c768 tcontext=u:r:kernel:s0 tclass=dir permissive=0
01-08 13:27:17.729  7856  7856 W ps      : type=1400 audit(0.0:116762): avc: denied { search } for uid=10109 name="6" dev="proc" ino=2042558 scontext=u:r:untrusted_app:s0:c512,c768 tcontext=u:r:kernel:s0 tclass=dir permissive=0
01-08 13:27:17.729  7856  7856 W ps      : type=1400 audit(0.0:116763): avc: denied { getattr } for uid=10109 path="/proc/7" dev="proc" ino=2042559 scontext=u:r:untrusted_app:s0:c512,c768 tcontext=u:r:kernel:s0 tclass=dir permissive=0
01-08 13:27:17.729  7856  7856 W ps      : type=1400 audit(0.0:116764): avc: denied { search } for uid=10109 name="7" dev="proc" ino=2042559 scontext=u:r:untrusted_app:s0:c512,c768 tcontext=u:r:kernel:s0 tclass=dir permissive=0
01-08 13:27:17.729  7856  7856 W ps      : type=1400 audit(0.0:116765): avc: denied { search } for uid=10109 name="7" dev="proc" ino=2042559 scontext=u:r:untrusted_app:s0:c512,c768 tcontext=u:r:kernel:s0 tclass=dir permissive=0
01-08 13:27:17.729  7856  7856 W ps      : type=1400 audit(0.0:116766): avc: denied { getattr } for uid=10109 path="/proc/8" dev="proc" ino=2042560 scontext=u:r:untrusted_app:s0:c512,c768 tcontext=u:r:kernel:s0 tclass=dir permissive=0
01-08 13:27:17.729  7856  7856 W ps      : type=1400 audit(0.0:116767): avc: denied { search } for uid=10109 name="8" dev="proc" ino=2042560 scontext=u:r:untrusted_app:s0:c512,c768 tcontext=u:r:kernel:s0 tclass=dir permissive=0
01-08 13:27:17.760  7832  7832 W System  : ClassLoader referenced unknown path: /system/app/WebViewGoogle/lib/arm
01-08 13:27:17.774  7832  7832 I cr.library_loader: Time to load native libraries: 4 ms (timestamps 6381-6385)
01-08 13:27:17.774  7832  7832 I cr.library_loader: Expected native library version number "46.0.2490.76", actual native library version number "46.0.2490.76"
01-08 13:27:17.787  7832  7832 V WebViewChromiumFactoryProvider: Binding Chromium to main looper Looper (main, tid 1) {717921f}
01-08 13:27:17.787  7832  7832 I cr.library_loader: Expected native library version number "46.0.2490.76", actual native library version number "46.0.2490.76"
01-08 13:27:17.787  7832  7832 I chromium: [INFO:library_loader_hooks.cc(118)] Chromium logging enabled: level = 0, default verbosity = 0
01-08 13:27:17.795  7832  7832 I cr.BrowserStartup: Initializing chromium process, singleProcess=true
01-08 13:27:17.800  7832  7832 E SysUtils: ApplicationContext is null in ApplicationStatus
01-08 13:27:17.820  7832  7832 I Adreno-EGL: <qeglDrvAPI_eglInitialize:379>: EGL 1.4 QUALCOMM build:  (Ifd751822f5)
01-08 13:27:17.820  7832  7832 I Adreno-EGL: OpenGL ES Shader Compiler Version: XE031.06.00.05
01-08 13:27:17.820  7832  7832 I Adreno-EGL: Build Date: 01/26/16 Tue
01-08 13:27:17.820  7832  7832 I Adreno-EGL: Local Branch: AU12_SBA
01-08 13:27:17.820  7832  7832 I Adreno-EGL: Remote Branch: 
01-08 13:27:17.820  7832  7832 I Adreno-EGL: Local Patches: 
01-08 13:27:17.820  7832  7832 I Adreno-EGL: Reconstruct Branch: 
01-08 13:27:17.852  7832  7832 E chromium: [ERROR:browser_gpu_channel_host_factory.cc(258)] Failed to init browser shader disk cache.
01-08 13:27:17.871  7832  7832 E libEGL  : validate_display:255 error 3008 (EGL_BAD_DISPLAY)
01-08 13:27:17.901  7832  7832 W art     : Attempt to remove non-JNI local reference, dumping thread
01-08 13:27:17.910  7832  7832 W AwContents: onDetachedFromWindow called when already detached. Ignoring
01-08 13:27:19.392  7832  7832 V RobotCore: Network: inactive, disconnected
01-08 13:27:19.399  7832  7832 V RCActivity: onStart()
01-08 13:27:19.402  7832  7832 V RCActivity: onResume()
01-08 13:27:19.407  7832  7885 D OpenGLRenderer: Use EGL_SWAP_BEHAVIOR_PRESERVED: true
01-08 13:27:19.438  7832  7832 V FTCService: onCreate()
01-08 13:27:19.438  7832  7832 V FTCService: onBind()
01-08 13:27:19.438  7832  7832 V FTCService: Android device is motorola, MotoG3
01-08 13:27:19.440  7832  7832 V RobotCore: Starting network of type: WIFIDIRECT
01-08 13:27:19.443  7832  7832 V WifiDirect: There are 1 Wifi Direct Assistant Clients (+)
01-08 13:27:19.443  7832  7832 V WifiDirect: Enabling Wifi Direct Assistant
01-08 13:27:19.478  7832  7885 I OpenGLRenderer: Initialized EGL, version 1.4
01-08 13:27:19.494  7832  7832 D WifiDirect: broadcast: state - enabled: true
01-08 13:27:19.497  7832  7832 D WifiDirect: broadcast: connection changed: connectStatus=NOT_CONNECTED networkInfo.state=CONNECTED
01-08 13:27:19.497  7832  7832 V WifiDirect: NetworkInfo: [type: WIFI_P2P[], state: CONNECTED/CONNECTED, reason: (unspecified), extra: (none), roaming: false, failover: false, isAvailable: true]
01-08 13:27:19.498  7832  7832 V WifiDirect: WifiP2pInfo: groupFormed: true isGroupOwner: true operatingChannel: 2422 groupOwnerAddress: /192.168.49.1 mccMode: false
01-08 13:27:19.498  7832  7832 V WifiDirect: WifiP2pGroup: network: DIRECT-u3-9899-E-RC, isGO: true, Operating Channel: 2422, GO: Device: , deviceAddress: 24:da:9b:6a:a2:ba, primary type: null, secondary type: null, wps: 0, grpcapab: 0, devcapab: 0, status: 4, wfdInfo: WFD enabled: falseWFD DeviceInfo: 0, WFD CtrlPort: 0, WFD MaxThroughput: 0, level: 0, Client: Device: 9899-E-DS, deviceAddress: a4:70:d6:d3:3d:55, primary type: 10-0050F204-5, secondary type: null, wps: 392, grpcapab: 0, devcapab: 37, status: 0, wfdInfo: null, level: 60, interface: p2p0, networkId: 1, mGoOperFreq: 2422
01-08 13:27:19.499  7832  7832 D WifiDirect: broadcast: this device changed
01-08 13:27:19.499  7832  7832 V WifiDirect: device information: 9899-E-RC 24:da:9b:6a:a2:ba
01-08 13:27:19.499  7832  7832 D WifiDirect: cannot create group, does group already exist?
01-08 13:27:19.499  7832  7832 V FTCService: RCActivity.controllerService=bound
01-08 13:27:19.499  7832  7832 V RobotCore: Network: unknown, disconnected
01-08 13:27:19.500  7832  7832 V RobotCore: Robot Status: stopped
01-08 13:27:19.518  7832  7832 D OpmodeRegistration: registered {DefaultOpMode} as {$Stop$Robot$}
01-08 13:27:19.519  7832  7832 V FTCService: Processing robot setup
01-08 13:27:19.548  7832  7889 V RobotCore: thread: 'RobotSetupRunnable.run()' starting...
01-08 13:27:19.549  7832  7889 V RobotCore: Robot Status: stopped, scanning for USB devices
01-08 13:27:19.619  7832  7832 D WifiDirect: group owners address: /192.168.49.1
01-08 13:27:19.620  7832  7832 D WifiDirect: group formed, this device is the group owner (GO)
01-08 13:27:19.620  7832  7832 I FTCService: Wifi Direct - connected as group owner
01-08 13:27:19.620  7832  7832 D WifiDirect: stop discovering peers
01-08 13:27:19.627  7832  7832 V RobotCore: Network: enabled, disconnected
01-08 13:27:19.654  7832  7832 V WifiDirect: connection information available
01-08 13:27:19.655  7832  7832 V WifiDirect: connection information - groupOwnerName = 9899-E-RC
01-08 13:27:19.655  7832  7832 V WifiDirect: connection information - groupOwnerMacAddress = 24:da:9b:6a:a2:ba
01-08 13:27:19.655  7832  7832 V WifiDirect: connection information - groupInterface = p2p0
01-08 13:27:19.655  7832  7832 V WifiDirect: connection information - groupNetworkName = DIRECT-u3-9899-E-RC
01-08 13:27:19.655  7832  7832 I FTCService: Network Connection Passphrase: ZY55bu2t
01-08 13:27:19.655  7832  7832 V RobotCore: Network: active, disconnected
01-08 13:27:23.485  7832  7832 V RCActivity: onPause()
01-08 13:27:23.495  7832  7832 V RCActivity: onStop()
01-08 13:27:23.495  7832  7832 V RobotCore: waiting for service robot setup
01-08 13:27:23.495  7832  7889 V RobotCore: Robot Status: stopped, internal error
01-08 13:27:23.495  7832  7889 V RobotCore: thread: ...terminating 'RobotSetupRunnable.run()'
01-08 13:27:23.496  7832  7832 V RobotCore: awaitTermination returned, isTerminated=true
01-08 13:27:23.496  7832  7832 V RobotCore: executive service robot setup is terminated
01-08 13:27:23.497  7832  7832 V RobotCore: Robot Status: stopped
01-08 13:27:24.519  7832  7832 I RobotCore: Battery Checker, Level Remaining: 100.0
01-08 13:27:24.520  7832  7832 I RobotCore: Battery Checker, Level Remaining: 100.0
01-08 13:27:26.523  7937  7937 I art     : Late-enabling -Xcheck:jni
01-08 13:27:26.599  7937  7937 I InstantRun: Instant Run Runtime started. Android package is com.qualcomm.ftcrobotcontroller, real application class is org.firstinspires.ftc.robotcore.internal.RobotApplication.
01-08 13:27:26.990  7937  7937 V RCActivity: onCreate()
01-08 13:27:26.995  7937  7955 V RobotCore: saving logcat to /storage/emulated/0/com.qualcomm.ftcrobotcontroller.logcat
01-08 13:27:26.995  7937  7955 V RobotCore: logging command line: logcat -f /storage/emulated/0/com.qualcomm.ftcrobotcontroller.logcat -r4096 -n4 -v threadtime UsbRequestJNI:S UsbRequest:S *:V
01-08 13:27:27.019  7957  7957 W ps      : type=1400 audit(0.0:117417): avc: denied { getattr } for uid=10109 path="/proc/1" dev="proc" ino=2050353 scontext=u:r:untrusted_app:s0:c512,c768 tcontext=u:r:init:s0 tclass=dir permissive=0
01-08 13:27:27.019  7957  7957 W ps      : type=1400 audit(0.0:117418): avc: denied { search } for uid=10109 name="1" dev="proc" ino=2050353 scontext=u:r:untrusted_app:s0:c512,c768 tcontext=u:r:init:s0 tclass=dir permissive=0
01-08 13:27:27.019  7957  7957 W ps      : type=1400 audit(0.0:117419): avc: denied { search } for uid=10109 name="1" dev="proc" ino=2050353 scontext=u:r:untrusted_app:s0:c512,c768 tcontext=u:r:init:s0 tclass=dir permissive=0
01-08 13:27:27.019  7957  7957 W ps      : type=1400 audit(0.0:117420): avc: denied { getattr } for uid=10109 path="/proc/2" dev="proc" ino=2051341 scontext=u:r:untrusted_app:s0:c512,c768 tcontext=u:r:kernel:s0 tclass=dir permissive=0
01-08 13:27:27.019  7957  7957 W ps      : type=1400 audit(0.0:117421): avc: denied { search } for uid=10109 name="2" dev="proc" ino=2051341 scontext=u:r:untrusted_app:s0:c512,c768 tcontext=u:r:kernel:s0 tclass=dir permissive=0
01-08 13:27:27.019  7957  7957 W ps      : type=1400 audit(0.0:117422): avc: denied { search } for uid=10109 name="2" dev="proc" ino=2051341 scontext=u:r:untrusted_app:s0:c512,c768 tcontext=u:r:kernel:s0 tclass=dir permissive=0
01-08 13:27:27.019  7957  7957 W ps      : type=1400 audit(0.0:117423): avc: denied { getattr } for uid=10109 path="/proc/3" dev="proc" ino=2051342 scontext=u:r:untrusted_app:s0:c512,c768 tcontext=u:r:kernel:s0 tclass=dir permissive=0
01-08 13:27:27.019  7957  7957 W ps      : type=1400 audit(0.0:117424): avc: denied { search } for uid=10109 name="3" dev="proc" ino=2051342 scontext=u:r:untrusted_app:s0:c512,c768 tcontext=u:r:kernel:s0 tclass=dir permissive=0
01-08 13:27:27.019  7957  7957 W ps      : type=1400 audit(0.0:117425): avc: denied { search } for uid=10109 name="3" dev="proc" ino=2051342 scontext=u:r:untrusted_app:s0:c512,c768 tcontext=u:r:kernel:s0 tclass=dir permissive=0
01-08 13:27:27.019  7957  7957 W ps      : type=1400 audit(0.0:117426): avc: denied { getattr } for uid=10109 path="/proc/5" dev="proc" ino=2051343 scontext=u:r:untrusted_app:s0:c512,c768 tcontext=u:r:kernel:s0 tclass=dir permissive=0
