02-05 00:12:45.872 23131 23492 E RobotCore: com.qualcomm.hardware.modernrobotics.ReadWriteRunnableStandard.run(ReadWriteRunnableStandard.java:302)
02-05 00:12:45.872 23131 23492 E RobotCore: java.util.concurrent.ThreadPoolExecutor.runWorker(ThreadPoolExecutor.java:1113)
02-05 00:12:45.872 23131 23492 E RobotCore: java.util.concurrent.ThreadPoolExecutor$Worker.run(ThreadPoolExecutor.java:588)
02-05 00:12:45.872 23131 23492 E RobotCore: java.lang.Thread.run(Thread.java:818)
02-05 00:12:45.872 23131 23492 V RobotCore: thread: ...terminating 'r/w loop: Modern Robotics USB Core Device Interface Module [AI02RHDJ]'
02-05 00:12:45.873 23131 23507 V RobotCore: awaitTermination returned, isTerminated=true
02-05 00:12:45.873 23131 23507 V RobotCore: executive service ReadWriteRunnable for Modern Robotics USB Device is terminated
02-05 00:12:45.873 23131 23507 D RobotCore: ...disarming modern servo controller Modern Robotics USB Servo Controller [AL00VST0] complete
02-05 00:12:45.873 23131 23507 I FIRST   : ======= MODULE DETACH RECOVERY: pretend Modern Robotics USB Servo Controller [AL00VST0]=======
02-05 00:12:45.873 23131 23507 D RobotCore: arming modern servo controller Modern Robotics USB Servo Controller [AL00VST0] (pretend)...
02-05 00:12:45.873 23131 23507 V RobotCore: Starting up pretend device AL00VST0
02-05 00:12:45.874 23131 23491 D ProcessRequestThread::: Device has been closed.
02-05 00:12:45.874 23131 23491 W System.err: java.lang.InterruptedException
02-05 00:12:45.874 23131 23491 W System.err: 	at java.util.concurrent.locks.AbstractQueuedSynchronizer.doAcquireSharedInterruptibly(AbstractQueuedSynchronizer.java:972)
02-05 00:12:45.874 23131 23491 W System.err: 	at java.util.concurrent.locks.AbstractQueuedSynchronizer.acquireSharedInterruptibly(AbstractQueuedSynchronizer.java:1278)
02-05 00:12:45.875 23131 23491 W System.err: 	at java.util.concurrent.Semaphore.acquire(Semaphore.java:284)
02-05 00:12:45.875 23131 23491 W System.err: 	at com.ftdi.j2xx.ProcessInCtrl.acquireReadableBuffer(FT_Device.java:2294)
02-05 00:12:45.875 23131 23491 W System.err: 	at com.ftdi.j2xx.ProcessRequestWorker.run(FT_Device.java:2764)
02-05 00:12:45.875 23131 23491 W System.err: 	at java.lang.Thread.run(Thread.java:818)
02-05 00:12:45.876 23131 23516 V RobotCore: thread: 'r/w loop: Modern Robotics USB Servo Controller [AL00VST0]' starting...
02-05 00:12:45.876 23131 23507 D RobotCore: ...arming modern servo controller Modern Robotics USB Servo Controller [AL00VST0] complete
02-05 00:12:45.876 23131 23507 I FIRST   : ======= MODULE DETACH RECOVERY: complete Modern Robotics USB Servo Controller [AL00VST0]=======
02-05 00:12:45.876 23131 23507 V RobotCore: event loop: device has shutdown abnormally
02-05 00:12:45.876 23131 23507 V RobotCore: event loop: detaching device owner
02-05 00:12:45.876 23131 23507 I FIRST   : ======= MODULE DETACH RECOVERY: disarm Modern Robotics USB Core Device Interface Module [AI02RHDJ]=======
02-05 00:12:45.877 23131 23507 V RobotCore: waiting for service ReadWriteRunnable for Modern Robotics USB Device
02-05 00:12:45.877 23131 23507 V RobotCore: awaitTermination returned, isTerminated=true
02-05 00:12:45.877 23131 23507 V RobotCore: executive service ReadWriteRunnable for Modern Robotics USB Device is terminated
02-05 00:12:45.877 23131 23507 I FIRST   : ======= MODULE DETACH RECOVERY: pretend Modern Robotics USB Core Device Interface Module [AI02RHDJ]=======
02-05 00:12:45.878 23131 23507 V RobotCore: Starting up pretend device AI02RHDJ
02-05 00:12:45.879 23131 23517 V RobotCore: thread: 'r/w loop: Modern Robotics USB Core Device Interface Module [AI02RHDJ]' starting...
02-05 00:12:45.879 23131 23507 I FIRST   : ======= MODULE DETACH RECOVERY: complete Modern Robotics USB Core Device Interface Module [AI02RHDJ]=======
02-05 00:12:45.879 23131 23507 V RobotCore: event loop: device has shutdown abnormally
02-05 00:12:45.879 23131 23507 V RobotCore: event loop: detaching device owner
02-05 00:12:45.879 23131 23507 I FIRST   : ======= MODULE DETACH RECOVERY: disarm Modern Robotics USB DC Motor Controller [AI049QOP]=======
02-05 00:12:45.879 23131 23507 D RobotCore: disarming modern motor controller Modern Robotics USB DC Motor Controller [AI049QOP]...
02-05 00:12:45.880 23131 23507 V RobotCore: waiting for service ReadWriteRunnable for Modern Robotics USB Device
02-05 00:12:45.880 23131 23507 V RobotCore: awaitTermination returned, isTerminated=true
02-05 00:12:45.880 23131 23507 V RobotCore: executive service ReadWriteRunnable for Modern Robotics USB Device is terminated
02-05 00:12:45.880 23131 23507 D RobotCore: ...disarming modern motor controller Modern Robotics USB DC Motor Controller [AI049QOP] complete
02-05 00:12:45.880 23131 23507 I FIRST   : ======= MODULE DETACH RECOVERY: pretend Modern Robotics USB DC Motor Controller [AI049QOP]=======
02-05 00:12:45.880 23131 23507 D RobotCore: arming modern motor controller Modern Robotics USB DC Motor Controller [AI049QOP] (pretend)...
02-05 00:12:45.880 23131 23507 V RobotCore: Starting up pretend device AI049QOP
02-05 00:12:45.882 23131 23518 V RobotCore: thread: 'r/w loop: Modern Robotics USB DC Motor Controller [AI049QOP]' starting...
02-05 00:12:45.882 23131 23507 D RobotCore: ...arming modern motor controller Modern Robotics USB DC Motor Controller [AI049QOP] complete
02-05 00:12:45.882 23131 23507 I FIRST   : ======= MODULE DETACH RECOVERY: complete Modern Robotics USB DC Motor Controller [AI049QOP]=======
02-05 00:12:45.882 23131 23507 V RobotCore: event loop: device has shutdown abnormally
02-05 00:12:45.882 23131 23507 V RobotCore: event loop: detaching device owner
02-05 00:12:45.882 23131 23507 I FIRST   : ======= MODULE DETACH RECOVERY: disarm Modern Robotics USB DC Motor Controller [AL00VBIF]=======
02-05 00:12:45.882 23131 23507 D RobotCore: disarming modern motor controller Modern Robotics USB DC Motor Controller [AL00VBIF]...
02-05 00:12:45.882 23131 23507 V RobotCore: waiting for service ReadWriteRunnable for Modern Robotics USB Device
02-05 00:12:45.883 23131 23507 V RobotCore: awaitTermination returned, isTerminated=true
02-05 00:12:45.883 23131 23507 V RobotCore: executive service ReadWriteRunnable for Modern Robotics USB Device is terminated
02-05 00:12:45.883 23131 23507 D RobotCore: ...disarming modern motor controller Modern Robotics USB DC Motor Controller [AL00VBIF] complete
02-05 00:12:45.883 23131 23507 I FIRST   : ======= MODULE DETACH RECOVERY: pretend Modern Robotics USB DC Motor Controller [AL00VBIF]=======
02-05 00:12:45.883 23131 23507 D RobotCore: arming modern motor controller Modern Robotics USB DC Motor Controller [AL00VBIF] (pretend)...
02-05 00:12:45.883 23131 23507 V RobotCore: Starting up pretend device AL00VBIF
02-05 00:12:45.884 23131 23519 V RobotCore: thread: 'r/w loop: Modern Robotics USB DC Motor Controller [AL00VBIF]' starting...
02-05 00:12:45.885 23131 23507 D RobotCore: ...arming modern motor controller Modern Robotics USB DC Motor Controller [AL00VBIF] complete
02-05 00:12:45.885 23131 23507 I FIRST   : ======= MODULE DETACH RECOVERY: complete Modern Robotics USB DC Motor Controller [AL00VBIF]=======
02-05 00:12:45.886 23131 23507 D RobotCore: system telemetry: key=$System$Warning$ msg="problem communicating with Modern Robotics USB DC Motor Controller [AI049QOP]; problem communicating with Modern Robotics USB Core Device Interface Module [AI02RHDJ]; problem communicating with Modern Robotics USB DC Motor Controller [AL00VBIF]; problem communicating with Modern Robotics USB Servo Controller [AL00VST0]"
02-05 00:12:45.890 23131 23131 D UsbDeviceConnectionJNI: close
02-05 00:12:45.890 23131 23497 D ProcessRequestThread::: Device has been closed.
02-05 00:12:45.890 23131 23497 W System.err: java.lang.InterruptedException
02-05 00:12:45.891 23131 23497 W System.err: 	at java.util.concurrent.locks.AbstractQueuedSynchronizer.doAcquireSharedInterruptibly(AbstractQueuedSynchronizer.java:972)
02-05 00:12:45.891 23131 23496 D BulkIn::: Stop BulkIn thread
02-05 00:12:45.891 23131 23497 W System.err: 	at java.util.concurrent.locks.AbstractQueuedSynchronizer.acquireSharedInterruptibly(AbstractQueuedSynchronizer.java:1278)
02-05 00:12:45.891 23131 23496 W System.err: 	at java.lang.NullPointerException: Attempt to invoke virtual method 'boolean com.ftdi.j2xx.InBuffer.acquired()' on a null object reference
02-05 00:12:45.891 23131 23497 W System.err: java.util.concurrent.Semaphore.acquire(Semaphore.java:284)
02-05 00:12:45.891 23131 23497 W System.err: 	at com.ftdi.j2xx.ProcessInCtrl.acquireReadableBuffer(FT_Device.java:2294)
02-05 00:12:45.891 23131 23497 W System.err: 	at com.ftdi.j2xx.ProcessRequestWorker.run(FT_Device.java:2764)
02-05 00:12:45.891 23131 23497 W System.err: 	at java.lang.Thread.run(Thread.java:818)
02-05 00:12:45.891 23131 23131 D UsbDeviceConnectionJNI: close
02-05 00:12:45.891 23131 23498 W RobotCore: could not write to Modern Robotics USB DC Motor Controller [AL00VWH0]: FTDI Null Pointer Exception
02-05 00:12:45.891 23131 23498 E RobotCore: java.lang.NullPointerException: Attempt to invoke interface method 'void java.util.concurrent.locks.Lock.unlock()' on a null object reference
02-05 00:12:45.891 23131 23493 D BulkIn::: Stop BulkIn thread
02-05 00:12:45.891 23131 23493 W System.err: java.lang.NullPointerException: Attempt to invoke virtual method 'boolean com.ftdi.j2xx.InBuffer.acquired()' on a null object reference
02-05 00:12:45.891 23131 23493 W System.err: 	at com.ftdi.j2xx.ProcessInCtrl.releaseWritableBuffers(FT_Device.java:2675)
02-05 00:12:45.891 23131 23493 W System.err: 	at com.ftdi.j2xx.BulkInWorker.run(FT_Device.java:2879)
02-05 00:12:45.891 23131 23493 W System.err: 	at java.lang.Thread.run(Thread.java:818)
02-05 00:12:45.891 23131 23495 W RobotCore: could not write to Modern Robotics USB DC Motor Controller [A104OQ1P]: FTDI Null Pointer Exception
02-05 00:12:45.891 23131 23498 E RobotCore: com.ftdi.j2xx.ProcessInCtrl.readBulkInData(FT_Device.java:2520)
02-05 00:12:45.891 23131 23498 E RobotCore: com.ftdi.j2xx.FT_Device.read(FT_Device.java:666)
02-05 00:12:45.891 23131 23495 E RobotCore: java.lang.NullPointerException: Attempt to invoke interface method 'void java.util.concurrent.locks.Lock.unlock()' on a null object reference
02-05 00:12:45.891 23131 23498 E RobotCore: com.qualcomm.robotcore.hardware.usb.ftdi.RobotUsbDeviceFtdi.read(RobotUsbDeviceFtdi.java:199)
02-05 00:12:45.891 23131 23498 E RobotCore: com.qualcomm.robotcore.hardware.usb.ftdi.RobotUsbDeviceFtdi.read(RobotUsbDeviceFtdi.java:176)
02-05 00:12:45.891 23131 23498 E RobotCore: com.qualcomm.modernrobotics.ReadWriteRunnableUsbHandler.a(SourceFile:77)
02-05 00:12:45.891 23131 23498 E RobotCore: com.qualcomm.modernrobotics.ReadWriteRunnableUsbHandler.read(SourceFile:66)
02-05 00:12:45.891 23131 23498 E RobotCore: com.qualcomm.hardware.modernrobotics.ReadWriteRunnableStandard$1.run(ReadWriteRunnableStandard.java:343)
02-05 00:12:45.891 23131 23498 E RobotCore: com.qualcomm.robotcore.util.ThreadPool.logThreadLifeCycle(ThreadPool.java:513)
02-05 00:12:45.891 23131 23498 E RobotCore: com.qualcomm.hardware.modernrobotics.ReadWriteRunnableStandard.run(ReadWriteRunnableStandard.java:302)
02-05 00:12:45.891 23131 23495 E RobotCore: com.ftdi.j2xx.ProcessInCtrl.readBulkInData(FT_Device.java:2520)
02-05 00:12:45.891 23131 23498 E RobotCore: java.util.concurrent.ThreadPoolExecutor.runWorker(ThreadPoolExecutor.java:1113)
02-05 00:12:45.891 23131 23495 E RobotCore: com.ftdi.j2xx.FT_Device.read(FT_Device.java:666)
02-05 00:12:45.891 23131 23498 E RobotCore: java.util.concurrent.ThreadPoolExecutor$Worker.run(ThreadPoolExecutor.java:588)
02-05 00:12:45.892 23131 23495 E RobotCore: com.qualcomm.robotcore.hardware.usb.ftdi.RobotUsbDeviceFtdi.read(RobotUsbDeviceFtdi.java:199)
02-05 00:12:45.892 23131 23498 E RobotCore: java.lang.Thread.run(Thread.java:818)
02-05 00:12:45.892 23131 23495 E RobotCore: com.qualcomm.robotcore.hardware.usb.ftdi.RobotUsbDeviceFtdi.read(RobotUsbDeviceFtdi.java:176)
02-05 00:12:45.892 23131 23495 E RobotCore: com.qualcomm.modernrobotics.ReadWriteRunnableUsbHandler.a(SourceFile:89)
02-05 00:12:45.892 23131 23495 E RobotCore: com.qualcomm.modernrobotics.ReadWriteRunnableUsbHandler.read(SourceFile:66)
02-05 00:12:45.892 23131 23495 E RobotCore: com.qualcomm.hardware.modernrobotics.ReadWriteRunnableStandard$1.run(ReadWriteRunnableStandard.java:343)
02-05 00:12:45.892 23131 23495 E RobotCore: com.qualcomm.robotcore.util.ThreadPool.logThreadLifeCycle(ThreadPool.java:513)
02-05 00:12:45.892 23131 23495 E RobotCore: com.qualcomm.hardware.modernrobotics.ReadWriteRunnableStandard.run(ReadWriteRunnableStandard.java:302)
02-05 00:12:45.892 23131 23495 E RobotCore: java.util.concurrent.ThreadPoolExecutor.runWorker(ThreadPoolExecutor.java:1113)
02-05 00:12:45.892 23131 23495 E RobotCore: java.util.concurrent.ThreadPoolExecutor$Worker.run(ThreadPoolExecutor.java:588)
02-05 00:12:45.892 23131 23495 E RobotCore: java.lang.Thread.run(Thread.java:818)
02-05 00:12:45.892 23131 23498 V RobotCore: thread: ...terminating 'r/w loop: Modern Robotics USB DC Motor Controller [AL00VWH0]'
02-05 00:12:45.892 23131 23495 V RobotCore: thread: ...terminating 'r/w loop: Modern Robotics USB DC Motor Controller [A104OQ1P]'
02-05 00:12:45.892 23131 23494 D ProcessRequestThread::: Device has been closed.
02-05 00:12:45.892 23131 23494 W System.err: java.lang.InterruptedException
02-05 00:12:45.892 23131 23494 W System.err: 	at java.util.concurrent.locks.AbstractQueuedSynchronizer.doAcquireSharedInterruptibly(AbstractQueuedSynchronizer.java:972)
02-05 00:12:45.892 23131 23494 W System.err: 	at java.util.concurrent.locks.AbstractQueuedSynchronizer.acquireSharedInterruptibly(AbstractQueuedSynchronizer.java:1278)
02-05 00:12:45.892 23131 23494 W System.err: 	at java.util.concurrent.Semaphore.acquire(Semaphore.java:284)
02-05 00:12:45.892 23131 23494 W System.err: 	at com.ftdi.j2xx.ProcessInCtrl.acquireReadableBuffer(FT_Device.java:2294)
02-05 00:12:45.892 23131 23494 W System.err: 	at com.ftdi.j2xx.ProcessRequestWorker.run(FT_Device.java:2764)
02-05 00:12:45.892 23131 23494 W System.err: 	at java.lang.Thread.run(Thread.java:818)
02-05 00:12:45.893 23131 23496 W System.err: 	at com.ftdi.j2xx.ProcessInCtrl.releaseWritableBuffers(FT_Device.java:2675)
02-05 00:12:45.893 23131 23496 W System.err: 	at com.ftdi.j2xx.BulkInWorker.run(FT_Device.java:2879)
02-05 00:12:45.893 23131 23496 W System.err: 	at java.lang.Thread.run(Thread.java:818)
02-05 00:12:45.893 23131 23507 D RobotCore: system telemetry: key=$System$Warning$ msg="problem communicating with Modern Robotics USB DC Motor Controller [AI049QOP]; problem communicating with Modern Robotics USB DC Motor Controller [A104OQ1P]; problem communicating with Modern Robotics USB Core Device Interface Module [AI02RHDJ]; problem communicating with Modern Robotics USB DC Motor Controller [AL00VWH0]; problem communicating with Modern Robotics USB DC Motor Controller [AL00VBIF]; problem communicating with Modern Robotics USB Servo Controller [AL00VST0]"
02-05 00:12:45.894 23131 23507 V RobotCore: event loop: device has shutdown abnormally
02-05 00:12:45.894 23131 23507 V RobotCore: event loop: detaching device owner
02-05 00:12:45.894 23131 23507 I FIRST   : ======= MODULE DETACH RECOVERY: disarm Modern Robotics USB DC Motor Controller [A104OQ1P]=======
02-05 00:12:45.894 23131 23507 D RobotCore: disarming modern motor controller Modern Robotics USB DC Motor Controller [A104OQ1P]...
02-05 00:12:45.894 23131 23507 V RobotCore: waiting for service ReadWriteRunnable for Modern Robotics USB Device
02-05 00:12:45.894 23131 23507 V RobotCore: awaitTermination returned, isTerminated=true
02-05 00:12:45.895 23131 23507 V RobotCore: executive service ReadWriteRunnable for Modern Robotics USB Device is terminated
02-05 00:12:45.895 23131 23507 D RobotCore: ...disarming modern motor controller Modern Robotics USB DC Motor Controller [A104OQ1P] complete
02-05 00:12:45.895 23131 23507 I FIRST   : ======= MODULE DETACH RECOVERY: pretend Modern Robotics USB DC Motor Controller [A104OQ1P]=======
02-05 00:12:45.895 23131 23507 D RobotCore: arming modern motor controller Modern Robotics USB DC Motor Controller [A104OQ1P] (pretend)...
02-05 00:12:45.895 23131 23507 V RobotCore: Starting up pretend device A104OQ1P
02-05 00:12:45.901 23131 23520 V RobotCore: thread: 'r/w loop: Modern Robotics USB DC Motor Controller [A104OQ1P]' starting...
02-05 00:12:45.901 23131 23507 D RobotCore: ...arming modern motor controller Modern Robotics USB DC Motor Controller [A104OQ1P] complete
02-05 00:12:45.902 23131 23507 I FIRST   : ======= MODULE DETACH RECOVERY: complete Modern Robotics USB DC Motor Controller [A104OQ1P]=======
02-05 00:12:45.902 23131 23507 V RobotCore: event loop: device has shutdown abnormally
02-05 00:12:45.902 23131 23507 V RobotCore: event loop: detaching device owner
02-05 00:12:45.902 23131 23507 I FIRST   : ======= MODULE DETACH RECOVERY: disarm Modern Robotics USB DC Motor Controller [AL00VWH0]=======
02-05 00:12:45.902 23131 23507 D RobotCore: disarming modern motor controller Modern Robotics USB DC Motor Controller [AL00VWH0]...
02-05 00:12:45.902 23131 23507 V RobotCore: waiting for service ReadWriteRunnable for Modern Robotics USB Device
02-05 00:12:45.903 23131 23507 V RobotCore: awaitTermination returned, isTerminated=true
02-05 00:12:45.903 23131 23507 V RobotCore: executive service ReadWriteRunnable for Modern Robotics USB Device is terminated
02-05 00:12:45.903 23131 23507 D RobotCore: ...disarming modern motor controller Modern Robotics USB DC Motor Controller [AL00VWH0] complete
02-05 00:12:45.903 23131 23507 I FIRST   : ======= MODULE DETACH RECOVERY: pretend Modern Robotics USB DC Motor Controller [AL00VWH0]=======
02-05 00:12:45.903 23131 23507 D RobotCore: arming modern motor controller Modern Robotics USB DC Motor Controller [AL00VWH0] (pretend)...
02-05 00:12:45.903 23131 23507 V RobotCore: Starting up pretend device AL00VWH0
02-05 00:12:45.905 23131 23521 V RobotCore: thread: 'r/w loop: Modern Robotics USB DC Motor Controller [AL00VWH0]' starting...
02-05 00:12:45.906 23131 23507 D RobotCore: ...arming modern motor controller Modern Robotics USB DC Motor Controller [AL00VWH0] complete
02-05 00:12:45.906 23131 23507 I FIRST   : ======= MODULE DETACH RECOVERY: complete Modern Robotics USB DC Motor Controller [AL00VWH0]=======
02-05 00:12:46.920 23131 23238 W AudioTrack: AUDIO_OUTPUT_FLAG_FAST denied by client; transfer 4, track 44100 Hz, output 48000 Hz
02-05 00:13:00.922 23131 23131 V RCActivity: onPause()
02-05 00:13:02.085 23131 23137 I art     : Debugger is no longer active
02-05 00:13:02.114 23131 23131 V RCActivity: onResume()
