04-10 20:52:56.258 22128 22190 V RobotCore: thread: ...terminating 'r/w loop: Modern Robotics USB Servo Controller [AL00VST0]'
04-10 20:52:56.294 22128 22193 W RobotCore: Modern Robotics USB header sync bytes are incorrect
04-10 20:52:56.294 22128 22193 W RobotCore: [55 aa 80 03 15] -> [00 00 00 00 00]
04-10 20:52:56.294 22128 22193 W RobotCore: could not read Modern Robotics USB Core Device Interface Module [AI02RHDJ]: comm timeout
04-10 20:52:56.348 22128 22197 W RobotCore: Modern Robotics USB header sync bytes are incorrect
04-10 20:52:56.349 22128 22197 W RobotCore: [55 aa 80 40 1e] -> [00 00 00 00 00]
04-10 20:52:56.349 22128 22197 W RobotCore: could not read Modern Robotics USB DC Motor Controller [A104OQ1P]: comm timeout
04-10 20:52:56.392 22128 22200 W RobotCore: Modern Robotics USB header sync bytes are incorrect
04-10 20:52:56.392 22128 22200 W RobotCore: [55 aa 80 40 1e] -> [00 00 00 00 00]
04-10 20:52:56.392 22128 22200 W RobotCore: could not read Modern Robotics USB DC Motor Controller [AL00VWH0]: comm timeout
04-10 20:52:56.401 22128 22186 D RobotCore: system telemetry: key=$System$Warning$ msg="problem communicating with Modern Robotics USB Servo Controller [AL00VST0]"
04-10 20:52:56.424 22128 22206 W RobotCore: Modern Robotics USB header sync bytes are incorrect
04-10 20:52:56.425 22128 22206 W RobotCore: [55 aa 80 40 1e] -> [00 00 00 00 00]
04-10 20:52:56.425 22128 22206 W RobotCore: could not read Modern Robotics USB DC Motor Controller [AL00VBIF]: comm timeout
04-10 20:52:56.454 22128 22210 D MediaPlayer: setSubtitleAnchor in MediaPlayer
04-10 20:52:56.454 22128 22128 D MediaPlayer: setSubtitleAnchor in MediaPlayer
04-10 20:52:56.459 22128 22128 E MediaPlayer: invoke failed: wrong state 8
04-10 20:52:56.459 22128 22128 W MediaPlayer: mediaplayer went away with unhandled events
04-10 20:52:56.473 22128 22203 W RobotCore: Modern Robotics USB header sync bytes are incorrect
04-10 20:52:56.473 22128 22203 W RobotCore: [55 aa 80 40 1e] -> [00 00 00 00 00]
04-10 20:52:56.474 22128 22203 W RobotCore: could not read Modern Robotics USB DC Motor Controller [AI049QOP]: comm timeout
04-10 20:52:56.479 22128 22208 D ExtendedUtils: extended extractor not needed, return default
04-10 20:52:56.480 22128 22208 I MediaCodec: (0xb7ed9110) init name(audio/raw) isType(1) encoder(0)
04-10 20:52:56.481 22128 22269 I OMXClient: Using client-side OMX mux.
04-10 20:52:56.484 22128 22269 E OMXMaster: A component of name 'OMX.qcom.audio.decoder.aac' already exists, ignoring this one.
04-10 20:52:56.485 22128 22269 I MediaCodec: (0xb7ed9110) Component Allocated (OMX.google.raw.decoder)
04-10 20:52:56.485 22128 22208 I MediaCodec: (0xb7ed9110) configure surface(0x0) crypto(0x0) flags(0)
04-10 20:52:56.485 22128 22208 D MediaCodec: (0xb7ed9110) configure format: AMessage(what = 0x00000000) = {
04-10 20:52:56.485 22128 22208 D MediaCodec:    string mime = "audio/raw"
04-10 20:52:56.485 22128 22208 D MediaCodec:    int64_t durationUs = 1043650
04-10 20:52:56.485 22128 22208 D MediaCodec:    int32_t channel-count = 2
04-10 20:52:56.485 22128 22208 D MediaCodec:    int32_t sample-rate = 44100
04-10 20:52:56.485 22128 22208 D MediaCodec:    int32_t channel-mask = 0
04-10 20:52:56.485 22128 22208 D MediaCodec:  }
04-10 20:52:56.487 22128 22208 I MediaCodec: (0xb7ed9110) start
04-10 20:52:56.488 22128 22269 I MediaCodec: (0xb7ed9110) input buffers allocated
04-10 20:52:56.488 22128 22269 I MediaCodec: (0xb7ed9110) numBuffers (4)
04-10 20:52:56.488 22128 22269 I MediaCodec: (0xb7ed9110) output buffers allocated
04-10 20:52:56.488 22128 22269 I MediaCodec: (0xb7ed9110) numBuffers (4)
04-10 20:52:56.490 22128 22269 I MediaCodec: (0xb7ed9110) codec output format changed
04-10 20:52:56.490 22128 22269 D MediaCodec: (0xb7ed9110) output format: AMessage(what = 'codc', target = 10) = {
04-10 20:52:56.490 22128 22269 D MediaCodec:    string mime = "audio/raw"
04-10 20:52:56.490 22128 22269 D MediaCodec:    int32_t channel-count = 2
04-10 20:52:56.490 22128 22269 D MediaCodec:    int32_t sample-rate = 44100
04-10 20:52:56.490 22128 22269 D MediaCodec:    int32_t channel-mask = 0
04-10 20:52:56.490 22128 22269 D MediaCodec:    int32_t what = 1869968451
04-10 20:52:56.490 22128 22269 D MediaCodec:  }
04-10 20:52:56.496 22128 22208 I MediaCodec: (0xb7ed9110) stop
04-10 20:52:56.498 22128 22208 I MediaCodec: (0xb7ed9110) release
04-10 20:52:56.502 22128 22210 W AudioTrack: AUDIO_OUTPUT_FLAG_FAST denied by client; transfer 4, track 44100 Hz, output 48000 Hz
04-10 20:52:56.726 22128 22193 W RobotCore: Modern Robotics USB header sync bytes are incorrect
04-10 20:52:56.727 22128 22193 W RobotCore: [55 aa 80 03 15] -> [00 00 00 00 00]
04-10 20:52:56.727 22128 22193 W RobotCore: could not read Modern Robotics USB Core Device Interface Module [AI02RHDJ]: comm timeout
04-10 20:52:56.752 22128 22197 W RobotCore: Modern Robotics USB header sync bytes are incorrect
04-10 20:52:56.752 22128 22197 W RobotCore: [55 aa 80 40 1e] -> [00 00 00 00 00]
04-10 20:52:56.753 22128 22197 W RobotCore: could not read Modern Robotics USB DC Motor Controller [A104OQ1P]: comm timeout
04-10 20:52:56.785 22128 22200 W RobotCore: Modern Robotics USB header sync bytes are incorrect
04-10 20:52:56.785 22128 22200 W RobotCore: [55 aa 80 40 1e] -> [00 00 00 00 00]
04-10 20:52:56.786 22128 22200 W RobotCore: could not read Modern Robotics USB DC Motor Controller [AL00VWH0]: comm timeout
04-10 20:52:56.821 22128 22206 W RobotCore: Modern Robotics USB header sync bytes are incorrect
04-10 20:52:56.822 22128 22206 W RobotCore: [55 aa 00 40 1e] -> [00 00 00 00 00]
04-10 20:52:56.822 22128 22206 W RobotCore: could not write to Modern Robotics USB DC Motor Controller [AL00VBIF]: comm timeout
04-10 20:52:56.870 22128 22203 W RobotCore: Modern Robotics USB header sync bytes are incorrect
04-10 20:52:56.870 22128 22203 W RobotCore: [55 aa 80 40 1e] -> [00 00 00 00 00]
04-10 20:52:56.870 22128 22203 W RobotCore: could not read Modern Robotics USB DC Motor Controller [AI049QOP]: comm timeout
04-10 20:52:57.111 22128 22193 W RobotCore: Modern Robotics USB header sync bytes are incorrect
04-10 20:52:57.111 22128 22193 W RobotCore: [55 aa 80 03 15] -> [00 00 00 00 00]
04-10 20:52:57.111 22128 22193 W RobotCore: could not read Modern Robotics USB Core Device Interface Module [AI02RHDJ]: comm timeout
04-10 20:52:57.148 22128 22197 W RobotCore: Modern Robotics USB header sync bytes are incorrect
04-10 20:52:57.149 22128 22197 W RobotCore: [55 aa 80 40 1e] -> [00 00 00 00 00]
04-10 20:52:57.149 22128 22197 W RobotCore: could not read Modern Robotics USB DC Motor Controller [A104OQ1P]: comm timeout
04-10 20:52:57.177 22128 22200 W RobotCore: Modern Robotics USB header sync bytes are incorrect
04-10 20:52:57.177 22128 22200 W RobotCore: [55 aa 80 40 1e] -> [00 00 00 00 00]
04-10 20:52:57.178 22128 22200 W RobotCore: could not read Modern Robotics USB DC Motor Controller [AL00VWH0]: comm timeout
04-10 20:52:57.207 22128 22206 W RobotCore: Modern Robotics USB header sync bytes are incorrect
04-10 20:52:57.207 22128 22206 W RobotCore: [55 aa 80 40 1e] -> [00 00 00 00 00]
04-10 20:52:57.208 22128 22206 W RobotCore: could not read Modern Robotics USB DC Motor Controller [AL00VBIF]: comm timeout
04-10 20:52:57.258 22128 22203 W RobotCore: Modern Robotics USB header sync bytes are incorrect
04-10 20:52:57.259 22128 22203 W RobotCore: [55 aa 80 40 1e] -> [00 00 00 00 00]
04-10 20:52:57.259 22128 22203 W RobotCore: could not read Modern Robotics USB DC Motor Controller [AI049QOP]: comm timeout
04-10 20:52:57.502 22128 22193 W RobotCore: Modern Robotics USB header sync bytes are incorrect
04-10 20:52:57.503 22128 22193 W RobotCore: [55 aa 00 90 20] -> [00 00 00 00 00]
04-10 20:52:57.503 22128 22193 W RobotCore: could not write to Modern Robotics USB Core Device Interface Module [AI02RHDJ]: comm timeout
04-10 20:52:57.536 22128 22197 W RobotCore: Modern Robotics USB header sync bytes are incorrect
04-10 20:52:57.536 22128 22197 W RobotCore: [55 aa 00 40 1e] -> [00 00 00 00 00]
04-10 20:52:57.537 22128 22197 W RobotCore: could not write to Modern Robotics USB DC Motor Controller [A104OQ1P]: comm timeout
04-10 20:52:57.539 22128 22211 V RobotCore: event loop: device has shutdown abnormally
04-10 20:52:57.539 22128 22211 V RobotCore: event loop: detaching device owner
04-10 20:52:57.539 22128 22211 I FIRST   : ======= MODULE DETACH RECOVERY: disarm Modern Robotics USB Servo Controller [AL00VST0]=======
04-10 20:52:57.539 22128 22211 D RobotCore: disarming modern servo controller "Modern Robotics USB Servo Controller [AL00VST0]"...
04-10 20:52:57.540 22128 22211 V RobotCore: executive service ReadWriteRunnable for Modern Robotics USB Device is terminated
04-10 20:52:57.541 22128 22211 D RobotCore: ...disarming modern servo controller Modern Robotics USB Servo Controller [AL00VST0] complete
04-10 20:52:57.541 22128 22211 I FIRST   : ======= MODULE DETACH RECOVERY: pretend Modern Robotics USB Servo Controller [AL00VST0]=======
04-10 20:52:57.541 22128 22211 D RobotCore: arming modern servo controller Modern Robotics USB Servo Controller [AL00VST0] (pretend)...
04-10 20:52:57.542 22128 22211 V RobotCore: Starting up pretend device AL00VST0
04-10 20:52:57.545 22128 22273 V RobotCore: thread: 'r/w loop: Modern Robotics USB Servo Controller [AL00VST0]' starting...
04-10 20:52:57.545 22128 22211 D RobotCore: ...arming modern servo controller Modern Robotics USB Servo Controller [AL00VST0] complete
04-10 20:52:57.545 22128 22211 I FIRST   : ======= MODULE DETACH RECOVERY: complete Modern Robotics USB Servo Controller [AL00VST0]=======
04-10 20:52:57.572 22128 22200 W RobotCore: Modern Robotics USB header sync bytes are incorrect
04-10 20:52:57.573 22128 22200 W RobotCore: [55 aa 80 40 1e] -> [00 00 00 00 00]
04-10 20:52:57.573 22128 22200 W RobotCore: could not read Modern Robotics USB DC Motor Controller [AL00VWH0]: comm timeout
04-10 20:52:57.599 22128 22206 W RobotCore: Modern Robotics USB header sync bytes are incorrect
04-10 20:52:57.600 22128 22206 W RobotCore: [55 aa 00 40 1e] -> [00 00 00 00 00]
04-10 20:52:57.600 22128 22206 W RobotCore: could not write to Modern Robotics USB DC Motor Controller [AL00VBIF]: comm timeout
04-10 20:52:57.654 22128 22203 W RobotCore: Modern Robotics USB header sync bytes are incorrect
04-10 20:52:57.654 22128 22203 W RobotCore: [55 aa 80 40 1e] -> [00 00 00 00 00]
04-10 20:52:57.654 22128 22203 W RobotCore: could not read Modern Robotics USB DC Motor Controller [AI049QOP]: comm timeout
04-10 20:52:57.906 22128 22193 W RobotCore: Modern Robotics USB header sync bytes are incorrect
04-10 20:52:57.906 22128 22193 W RobotCore: [55 aa 80 03 15] -> [00 00 00 00 00]
04-10 20:52:57.907 22128 22193 W RobotCore: could not read Modern Robotics USB Core Device Interface Module [AI02RHDJ]: comm timeout
04-10 20:52:57.962 22128 22197 W RobotCore: Modern Robotics USB header sync bytes are incorrect
04-10 20:52:57.963 22128 22197 W RobotCore: [55 aa 80 40 1e] -> [00 00 00 00 00]
04-10 20:52:57.963 22128 22197 W RobotCore: could not read Modern Robotics USB DC Motor Controller [A104OQ1P]: comm timeout
04-10 20:52:57.968 22128 22200 W RobotCore: Modern Robotics USB header sync bytes are incorrect
04-10 20:52:57.968 22128 22200 W RobotCore: [55 aa 80 40 1e] -> [00 00 00 00 00]
04-10 20:52:57.969 22128 22200 W RobotCore: could not read Modern Robotics USB DC Motor Controller [AL00VWH0]: comm timeout
04-10 20:52:57.997 22128 22206 W RobotCore: Modern Robotics USB header sync bytes are incorrect
04-10 20:52:57.998 22128 22206 W RobotCore: [55 aa 80 40 1e] -> [00 00 00 00 00]
04-10 20:52:57.998 22128 22206 W RobotCore: could not read Modern Robotics USB DC Motor Controller [AL00VBIF]: comm timeout
04-10 20:52:58.058 22128 22203 W RobotCore: Modern Robotics USB header sync bytes are incorrect
04-10 20:52:58.058 22128 22203 W RobotCore: [55 aa 00 40 1e] -> [00 00 00 00 00]
04-10 20:52:58.058 22128 22203 W RobotCore: could not write to Modern Robotics USB DC Motor Controller [AI049QOP]: comm timeout
04-10 20:52:58.302 22128 22193 W RobotCore: Modern Robotics USB header sync bytes are incorrect
04-10 20:52:58.302 22128 22193 W RobotCore: [55 aa 80 03 15] -> [00 00 00 00 00]
04-10 20:52:58.302 22128 22193 W RobotCore: could not read Modern Robotics USB Core Device Interface Module [AI02RHDJ]: comm timeout
04-10 20:52:58.355 22128 22197 W RobotCore: Modern Robotics USB header sync bytes are incorrect
04-10 20:52:58.356 22128 22197 W RobotCore: [55 aa 00 40 1e] -> [00 00 00 00 00]
04-10 20:52:58.356 22128 22197 W RobotCore: could not write to Modern Robotics USB DC Motor Controller [A104OQ1P]: comm timeout
04-10 20:52:58.400 22128 22200 W RobotCore: Modern Robotics USB header sync bytes are incorrect
04-10 20:52:58.400 22128 22200 W RobotCore: [55 aa 80 40 1e] -> [00 00 00 00 00]
04-10 20:52:58.400 22128 22200 W RobotCore: could not read Modern Robotics USB DC Motor Controller [AL00VWH0]: comm timeout
04-10 20:52:58.419 22128 22206 W RobotCore: Modern Robotics USB header sync bytes are incorrect
04-10 20:52:58.420 22128 22206 W RobotCore: [55 aa 00 40 1e] -> [00 00 00 00 00]
04-10 20:52:58.420 22128 22206 W RobotCore: could not write to Modern Robotics USB DC Motor Controller [AL00VBIF]: comm timeout
04-10 20:52:58.452 22128 22203 W RobotCore: Modern Robotics USB header sync bytes are incorrect
04-10 20:52:58.452 22128 22203 W RobotCore: [55 aa 80 40 1e] -> [00 00 00 00 00]
04-10 20:52:58.453 22128 22203 W RobotCore: could not read Modern Robotics USB DC Motor Controller [AI049QOP]: comm timeout
04-10 20:52:58.695 22128 22193 W RobotCore: Modern Robotics USB header sync bytes are incorrect
04-10 20:52:58.695 22128 22193 W RobotCore: [55 aa 80 03 15] -> [00 00 00 00 00]
04-10 20:52:58.695 22128 22193 W RobotCore: could not read Modern Robotics USB Core Device Interface Module [AI02RHDJ]: comm timeout
04-10 20:52:58.772 22128 22197 W RobotCore: Modern Robotics USB header sync bytes are incorrect
04-10 20:52:58.772 22128 22197 W RobotCore: [55 aa 80 40 1e] -> [00 00 00 00 00]
04-10 20:52:58.772 22128 22197 W RobotCore: could not read Modern Robotics USB DC Motor Controller [A104OQ1P]: comm timeout
04-10 20:52:58.792 22128 22200 W RobotCore: Modern Robotics USB header sync bytes are incorrect
04-10 20:52:58.793 22128 22200 W RobotCore: [55 aa 00 40 1e] -> [00 00 00 00 00]
04-10 20:52:58.793 22128 22200 W RobotCore: could not write to Modern Robotics USB DC Motor Controller [AL00VWH0]: comm timeout
04-10 20:52:58.825 22128 22206 W RobotCore: Modern Robotics USB header sync bytes are incorrect
04-10 20:52:58.826 22128 22206 W RobotCore: [55 aa 80 40 1e] -> [00 00 00 00 00]
04-10 20:52:58.826 22128 22206 W RobotCore: could not read Modern Robotics USB DC Motor Controller [AL00VBIF]: comm timeout
04-10 20:52:58.858 22128 22203 W RobotCore: Modern Robotics USB header sync bytes are incorrect
04-10 20:52:58.859 22128 22203 W RobotCore: [55 aa 00 40 1e] -> [00 00 00 00 00]
04-10 20:52:58.859 22128 22203 W RobotCore: could not write to Modern Robotics USB DC Motor Controller [AI049QOP]: comm timeout
04-10 20:52:59.112 22128 22193 W RobotCore: Modern Robotics USB header sync bytes are incorrect
04-10 20:52:59.112 22128 22193 W RobotCore: [55 aa 80 03 15] -> [00 00 00 00 00]
04-10 20:52:59.113 22128 22193 W RobotCore: could not read Modern Robotics USB Core Device Interface Module [AI02RHDJ]: comm timeout
04-10 20:52:59.162 22128 22197 W RobotCore: Modern Robotics USB header sync bytes are incorrect
04-10 20:52:59.163 22128 22197 W RobotCore: [55 aa 00 40 1e] -> [00 00 00 00 00]
04-10 20:52:59.163 22128 22197 W RobotCore: could not write to Modern Robotics USB DC Motor Controller [A104OQ1P]: comm timeout
04-10 20:52:59.198 22128 22200 W RobotCore: Modern Robotics USB header sync bytes are incorrect
04-10 20:52:59.198 22128 22200 W RobotCore: [55 aa 80 40 1e] -> [00 00 00 00 00]
04-10 20:52:59.199 22128 22200 W RobotCore: could not read Modern Robotics USB DC Motor Controller [AL00VWH0]: comm timeout
04-10 20:52:59.227 22128 22206 W RobotCore: Modern Robotics USB header sync bytes are incorrect
04-10 20:52:59.228 22128 22206 W RobotCore: [55 aa 00 40 1e] -> [00 00 00 00 00]
04-10 20:52:59.228 22128 22206 W RobotCore: could not write to Modern Robotics USB DC Motor Controller [AL00VBIF]: comm timeout
04-10 20:52:59.264 22128 22203 W RobotCore: Modern Robotics USB header sync bytes are incorrect
04-10 20:52:59.264 22128 22203 W RobotCore: [55 aa 80 40 1e] -> [00 00 00 00 00]
04-10 20:52:59.265 22128 22203 W RobotCore: could not read Modern Robotics USB DC Motor Controller [AI049QOP]: comm timeout
04-10 20:52:59.502 22128 22193 W RobotCore: Modern Robotics USB header sync bytes are incorrect
04-10 20:52:59.503 22128 22193 W RobotCore: [55 aa 00 90 20] -> [00 00 00 00 00]
04-10 20:52:59.503 22128 22193 W RobotCore: could not write to Modern Robotics USB Core Device Interface Module [AI02RHDJ]: comm timeout
04-10 20:52:59.566 22128 22197 W RobotCore: Modern Robotics USB header sync bytes are incorrect
04-10 20:52:59.566 22128 22197 W RobotCore: [55 aa 80 40 1e] -> [00 00 00 00 00]
04-10 20:52:59.566 22128 22197 W RobotCore: could not read Modern Robotics USB DC Motor Controller [A104OQ1P]: comm timeout
04-10 20:52:59.622 22128 22206 W RobotCore: Modern Robotics USB header sync bytes are incorrect
04-10 20:52:59.623 22128 22206 W RobotCore: [55 aa 80 40 1e] -> [00 00 00 00 00]
04-10 20:52:59.623 22128 22206 W RobotCore: could not read Modern Robotics USB DC Motor Controller [AL00VBIF]: comm timeout
04-10 20:52:59.624 22128 22200 W RobotCore: Modern Robotics USB header sync bytes are incorrect
04-10 20:52:59.624 22128 22200 W RobotCore: [55 aa 00 40 1e] -> [00 00 00 00 00]
04-10 20:52:59.624 22128 22200 W RobotCore: could not write to Modern Robotics USB DC Motor Controller [AL00VWH0]: comm timeout
04-10 20:52:59.656 22128 22203 W RobotCore: Modern Robotics USB header sync bytes are incorrect
04-10 20:52:59.657 22128 22203 W RobotCore: [55 aa 00 40 1e] -> [00 00 00 00 00]
04-10 20:52:59.657 22128 22203 W RobotCore: could not write to Modern Robotics USB DC Motor Controller [AI049QOP]: comm timeout
04-10 20:52:59.694 22128 22206 E FTDI_Device::: UsbConnection.requestWait() == null
04-10 20:52:59.695 22128 22197 E FTDI_Device::: UsbConnection.requestWait() == null
04-10 20:52:59.696 22128 22193 E FTDI_Device::: UsbConnection.requestWait() == null
04-10 20:52:59.698 22128 22203 E FTDI_Device::: UsbConnection.requestWait() == null
04-10 20:52:59.700 22128 22128 D UsbDeviceConnectionJNI: close
04-10 20:52:59.701 22128 22205 D ProcessRequestThread::: Device has been closed.
04-10 20:52:59.701 22128 22205 W System.err: java.lang.InterruptedException
04-10 20:52:59.701 22128 22205 W System.err: 	at java.util.concurrent.locks.AbstractQueuedSynchronizer.doAcquireSharedInterruptibly(AbstractQueuedSynchronizer.java:972)
04-10 20:52:59.701 22128 22205 W System.err: 	at java.util.concurrent.locks.AbstractQueuedSynchronizer.acquireSharedInterruptibly(AbstractQueuedSynchronizer.java:1278)
04-10 20:52:59.701 22128 22205 W System.err: 	at java.util.concurrent.Semaphore.acquire(Semaphore.java:284)
04-10 20:52:59.701 22128 22205 W System.err: 	at com.ftdi.j2xx.ProcessInCtrl.acquireReadableBuffer(FT_Device.java:2294)
04-10 20:52:59.701 22128 22205 W System.err: 	at com.ftdi.j2xx.ProcessRequestWorker.run(FT_Device.java:2764)
04-10 20:52:59.701 22128 22205 W System.err: 	at java.lang.Thread.run(Thread.java:818)
04-10 20:52:59.702 22128 22206 W RobotCore: could not write to Modern Robotics USB DC Motor Controller [AL00VBIF]: FTDI Null Pointer Exception
04-10 20:52:59.702 22128 22206 E RobotCore: java.lang.NullPointerException: Attempt to invoke interface method 'void java.util.concurrent.locks.Lock.unlock()' on a null object reference
04-10 20:52:59.702 22128 22204 D BulkIn::: Stop BulkIn thread
04-10 20:52:59.702 22128 22204 W System.err: java.lang.NullPointerException: Attempt to invoke virtual method 'int com.ftdi.j2xx.D2xxManager$DriverParameters.getBufferNumber()' on a null object reference
04-10 20:52:59.702 22128 22204 W System.err: 	at com.ftdi.j2xx.ProcessInCtrl.releaseWritableBuffers(FT_Device.java:2672)
04-10 20:52:59.702 22128 22204 W System.err: 	at com.ftdi.j2xx.BulkInWorker.run(FT_Device.java:2879)
04-10 20:52:59.702 22128 22206 E RobotCore: com.ftdi.j2xx.ProcessInCtrl.readBulkInData(FT_Device.java:2520)
04-10 20:52:59.702 22128 22204 W System.err: 	at java.lang.Thread.run(Thread.java:818)
04-10 20:52:59.702 22128 22206 E RobotCore: com.ftdi.j2xx.FT_Device.read(FT_Device.java:666)
04-10 20:52:59.702 22128 22206 E RobotCore: com.qualcomm.robotcore.hardware.usb.ftdi.RobotUsbDeviceFtdi.read(RobotUsbDeviceFtdi.java:199)
04-10 20:52:59.702 22128 22206 E RobotCore: com.qualcomm.robotcore.hardware.usb.ftdi.RobotUsbDeviceFtdi.read(RobotUsbDeviceFtdi.java:176)
04-10 20:52:59.702 22128 22206 E RobotCore: com.qualcomm.modernrobotics.ReadWriteRunnableUsbHandler.b(SourceFile:109)
04-10 20:52:59.702 22128 22206 E RobotCore: com.qualcomm.modernrobotics.ReadWriteRunnableUsbHandler.write(SourceFile:98)
04-10 20:52:59.702 22128 22206 E RobotCore: com.qualcomm.hardware.modernrobotics.ReadWriteRunnableStandard$1.run(ReadWriteRunnableStandard.java:394)
04-10 20:52:59.702 22128 22206 E RobotCore: com.qualcomm.robotcore.util.ThreadPool.logThreadLifeCycle(ThreadPool.java:513)
04-10 20:52:59.702 22128 22206 E RobotCore: com.qualcomm.hardware.modernrobotics.ReadWriteRunnableStandard.run(ReadWriteRunnableStandard.java:302)
04-10 20:52:59.702 22128 22206 E RobotCore: java.util.concurrent.ThreadPoolExecutor.runWorker(ThreadPoolExecutor.java:1113)
04-10 20:52:59.702 22128 22206 E RobotCore: java.util.concurrent.ThreadPoolExecutor$Worker.run(ThreadPoolExecutor.java:588)
04-10 20:52:59.702 22128 22206 E RobotCore: java.lang.Thread.run(Thread.java:818)
04-10 20:52:59.703 22128 22206 V RobotCore: thread: ...terminating 'r/w loop: Modern Robotics USB DC Motor Controller [AL00VBIF]'
04-10 20:52:59.705 22128 22128 D UsbDeviceConnectionJNI: close
04-10 20:52:59.705 22128 22202 D ProcessRequestThread::: Device has been closed.
04-10 20:52:59.706 22128 22202 W System.err: java.lang.InterruptedException
04-10 20:52:59.706 22128 22202 W System.err: 	at java.util.concurrent.locks.AbstractQueuedSynchronizer.doAcquireSharedInterruptibly(AbstractQueuedSynchronizer.java:972)
04-10 20:52:59.706 22128 22202 W System.err: 	at java.util.concurrent.locks.AbstractQueuedSynchronizer.acquireSharedInterruptibly(AbstractQueuedSynchronizer.java:1278)
04-10 20:52:59.706 22128 22202 W System.err: 	at java.util.concurrent.Semaphore.acquire(Semaphore.java:284)
04-10 20:52:59.706 22128 22202 W System.err: 	at com.ftdi.j2xx.ProcessInCtrl.acquireReadableBuffer(FT_Device.java:2294)
04-10 20:52:59.706 22128 22202 W System.err: 	at com.ftdi.j2xx.ProcessRequestWorker.run(FT_Device.java:2764)
04-10 20:52:59.706 22128 22202 W System.err: 	at java.lang.Thread.run(Thread.java:818)
04-10 20:52:59.706 22128 22201 D BulkIn::: Stop BulkIn thread
04-10 20:52:59.706 22128 22201 W System.err: java.lang.NullPointerException: Attempt to invoke virtual method 'int com.ftdi.j2xx.D2xxManager$DriverParameters.getBufferNumber()' on a null object reference
04-10 20:52:59.706 22128 22201 W System.err: 	at com.ftdi.j2xx.ProcessInCtrl.releaseWritableBuffers(FT_Device.java:2672)
04-10 20:52:59.706 22128 22201 W System.err: 	at com.ftdi.j2xx.BulkInWorker.run(FT_Device.java:2879)
04-10 20:52:59.706 22128 22201 W System.err: 	at java.lang.Thread.run(Thread.java:818)
04-10 20:52:59.707 22128 22203 W RobotCore: could not write to Modern Robotics USB DC Motor Controller [AI049QOP]: FTDI Null Pointer Exception
04-10 20:52:59.708 22128 22203 E RobotCore: java.lang.NullPointerException: Attempt to invoke interface method 'void java.util.concurrent.locks.Lock.unlock()' on a null object reference
04-10 20:52:59.708 22128 22203 E RobotCore: com.ftdi.j2xx.ProcessInCtrl.readBulkInData(FT_Device.java:2520)
04-10 20:52:59.708 22128 22203 E RobotCore: com.ftdi.j2xx.FT_Device.read(FT_Device.java:666)
04-10 20:52:59.708 22128 22203 E RobotCore: com.qualcomm.robotcore.hardware.usb.ftdi.RobotUsbDeviceFtdi.read(RobotUsbDeviceFtdi.java:199)
04-10 20:52:59.708 22128 22203 E RobotCore: com.qualcomm.robotcore.hardware.usb.ftdi.RobotUsbDeviceFtdi.read(RobotUsbDeviceFtdi.java:176)
04-10 20:52:59.708 22128 22203 E RobotCore: com.qualcomm.modernrobotics.ReadWriteRunnableUsbHandler.a(SourceFile:77)
04-10 20:52:59.708 22128 22203 E RobotCore: com.qualcomm.modernrobotics.ReadWriteRunnableUsbHandler.read(SourceFile:66)
04-10 20:52:59.708 22128 22203 E RobotCore: com.qualcomm.hardware.modernrobotics.ReadWriteRunnableStandard$1.run(ReadWriteRunnableStandard.java:343)
04-10 20:52:59.708 22128 22203 E RobotCore: com.qualcomm.robotcore.util.ThreadPool.logThreadLifeCycle(ThreadPool.java:513)
04-10 20:52:59.708 22128 22203 E RobotCore: com.qualcomm.hardware.modernrobotics.ReadWriteRunnableStandard.run(ReadWriteRunnableStandard.java:302)
04-10 20:52:59.708 22128 22203 E RobotCore: java.util.concurrent.ThreadPoolExecutor.runWorker(ThreadPoolExecutor.java:1113)
04-10 20:52:59.708 22128 22203 E RobotCore: java.util.concurrent.ThreadPoolExecutor$Worker.run(ThreadPoolExecutor.java:588)
04-10 20:52:59.708 22128 22203 E RobotCore: java.lang.Thread.run(Thread.java:818)
04-10 20:52:59.708 22128 22203 V RobotCore: thread: ...terminating 'r/w loop: Modern Robotics USB DC Motor Controller [AI049QOP]'
04-10 20:52:59.709 22128 22128 D UsbDeviceConnectionJNI: close
04-10 20:52:59.709 22128 22200 E FTDI_Device::: UsbConnection.requestWait() == null
04-10 20:52:59.710 22128 22186 D RobotCore: system telemetry: key=$System$Warning$ msg="problem communicating with Modern Robotics USB DC Motor Controller [AL00VBIF]; problem communicating with Modern Robotics USB DC Motor Controller [AI049QOP]; problem communicating with Modern Robotics USB Servo Controller [AL00VST0]"
04-10 20:52:59.710 22128 22193 W RobotCore: could not write to Modern Robotics USB Core Device Interface Module [AI02RHDJ]: FTDI Null Pointer Exception
04-10 20:52:59.710 22128 22193 E RobotCore: java.lang.NullPointerException: Attempt to invoke interface method 'void java.util.concurrent.locks.Lock.unlock()' on a null object reference
04-10 20:52:59.711 22128 22192 D ProcessRequestThread::: Device has been closed.
04-10 20:52:59.711 22128 22193 E RobotCore: com.ftdi.j2xx.ProcessInCtrl.readBulkInData(FT_Device.java:2520)
04-10 20:52:59.711 22128 22192 W System.err: java.lang.InterruptedException
04-10 20:52:59.711 22128 22193 E RobotCore: com.ftdi.j2xx.FT_Device.read(FT_Device.java:666)
04-10 20:52:59.711 22128 22193 E RobotCore: com.qualcomm.robotcore.hardware.usb.ftdi.RobotUsbDeviceFtdi.read(RobotUsbDeviceFtdi.java:199)
04-10 20:52:59.711 22128 22193 E RobotCore: com.qualcomm.robotcore.hardware.usb.ftdi.RobotUsbDeviceFtdi.read(RobotUsbDeviceFtdi.java:176)
04-10 20:52:59.711 22128 22193 E RobotCore: com.qualcomm.modernrobotics.ReadWriteRunnableUsbHandler.a(SourceFile:77)
04-10 20:52:59.711 22128 22193 E RobotCore: com.qualcomm.modernrobotics.ReadWriteRunnableUsbHandler.read(SourceFile:66)
04-10 20:52:59.711 22128 22193 E RobotCore: com.qualcomm.hardware.modernrobotics.ReadWriteRunnableStandard$1.run(ReadWriteRunnableStandard.java:343)
04-10 20:52:59.711 22128 22192 W System.err: 	at java.util.concurrent.locks.AbstractQueuedSynchronizer.doAcquireSharedInterruptibly(AbstractQueuedSynchronizer.java:972)
04-10 20:52:59.711 22128 22193 E RobotCore: com.qualcomm.robotcore.util.ThreadPool.logThreadLifeCycle(ThreadPool.java:513)
04-10 20:52:59.711 22128 22193 E RobotCore: com.qualcomm.hardware.modernrobotics.ReadWriteRunnableStandard.run(ReadWriteRunnableStandard.java:302)
04-10 20:52:59.711 22128 22192 W System.err: 	at java.util.concurrent.locks.AbstractQueuedSynchronizer.acquireSharedInterruptibly(AbstractQueuedSynchronizer.java:1278)
04-10 20:52:59.711 22128 22193 E RobotCore: java.util.concurrent.ThreadPoolExecutor.runWorker(ThreadPoolExecutor.java:1113)
04-10 20:52:59.711 22128 22192 W System.err: 	at java.util.concurrent.Semaphore.acquire(Semaphore.java:284)
04-10 20:52:59.711 22128 22193 E RobotCore: java.util.concurrent.ThreadPoolExecutor$Worker.run(ThreadPoolExecutor.java:588)
04-10 20:52:59.711 22128 22193 E RobotCore: java.lang.Thread.run(Thread.java:818)
04-10 20:52:59.711 22128 22192 W System.err: 	at com.ftdi.j2xx.ProcessInCtrl.acquireReadableBuffer(FT_Device.java:2294)
04-10 20:52:59.711 22128 22192 W System.err: 	at com.ftdi.j2xx.ProcessRequestWorker.run(FT_Device.java:2764)
04-10 20:52:59.711 22128 22192 W System.err: 	at java.lang.Thread.run(Thread.java:818)
04-10 20:52:59.711 22128 22193 V RobotCore: thread: ...terminating 'r/w loop: Modern Robotics USB Core Device Interface Module [AI02RHDJ]'
04-10 20:52:59.712 22128 22191 D BulkIn::: Stop BulkIn thread
04-10 20:52:59.712 22128 22191 W System.err: java.lang.NullPointerException: Attempt to invoke virtual method 'int com.ftdi.j2xx.D2xxManager$DriverParameters.getBufferNumber()' on a null object reference
04-10 20:52:59.712 22128 22191 W System.err: 	at com.ftdi.j2xx.ProcessInCtrl.releaseWritableBuffers(FT_Device.java:2672)
04-10 20:52:59.712 22128 22191 W System.err: 	at com.ftdi.j2xx.BulkInWorker.run(FT_Device.java:2879)
04-10 20:52:59.712 22128 22191 W System.err: 	at java.lang.Thread.run(Thread.java:818)
04-10 20:52:59.718 22128 22128 D UsbDeviceConnectionJNI: close
04-10 20:52:59.718 22128 22198 D BulkIn::: Stop BulkIn thread
04-10 20:52:59.718 22128 22198 W System.err: java.lang.NullPointerException: Null pointer exception during instruction 'monitor-enter v2'
04-10 20:52:59.718 22128 22128 D UsbDeviceConnectionJNI: close
04-10 20:52:59.718 22128 22198 W System.err: 	at com.ftdi.j2xx.ProcessInCtrl.getBuffer(FT_Device.java:2269)
04-10 20:52:59.718 22128 22198 W System.err: 	at com.ftdi.j2xx.ProcessInCtrl.releaseWritableBuffers(FT_Device.java:2675)
04-10 20:52:59.718 22128 22198 W System.err: 	at com.ftdi.j2xx.BulkInWorker.run(FT_Device.java:2879)
04-10 20:52:59.718 22128 22198 W System.err: 	at java.lang.Thread.run(Thread.java:818)
04-10 20:52:59.718 22128 22195 D ProcessRequestThread::: Device has been closed.
04-10 20:52:59.719 22128 22195 W System.err: java.lang.InterruptedException
04-10 20:52:59.719 22128 22195 W System.err: 	at java.util.concurrent.locks.AbstractQueuedSynchronizer.doAcquireSharedInterruptibly(AbstractQueuedSynchronizer.java:972)
04-10 20:52:59.719 22128 22195 W System.err: 	at java.util.concurrent.locks.AbstractQueuedSynchronizer.acquireSharedInterruptibly(AbstractQueuedSynchronizer.java:1278)
04-10 20:52:59.719 22128 22195 W System.err: 	at java.util.concurrent.Semaphore.acquire(Semaphore.java:284)
04-10 20:52:59.719 22128 22195 W System.err: 	at com.ftdi.j2xx.ProcessInCtrl.acquireReadableBuffer(FT_Device.java:2294)
04-10 20:52:59.719 22128 22195 W System.err: 	at com.ftdi.j2xx.ProcessRequestWorker.run(FT_Device.java:2764)
04-10 20:52:59.719 22128 22195 W System.err: 	at java.lang.Thread.run(Thread.java:818)
04-10 20:52:59.719 22128 22197 W RobotCore: could not write to Modern Robotics USB DC Motor Controller [A104OQ1P]: FTDI Null Pointer Exception
04-10 20:52:59.719 22128 22197 E RobotCore: java.lang.NullPointerException: Attempt to invoke interface method 'void java.util.concurrent.locks.Lock.unlock()' on a null object reference
04-10 20:52:59.719 22128 22197 E RobotCore: com.ftdi.j2xx.ProcessInCtrl.readBulkInData(FT_Device.java:2520)
04-10 20:52:59.719 22128 22197 E RobotCore: com.ftdi.j2xx.FT_Device.read(FT_Device.java:666)
04-10 20:52:59.719 22128 22197 E RobotCore: com.qualcomm.robotcore.hardware.usb.ftdi.RobotUsbDeviceFtdi.read(RobotUsbDeviceFtdi.java:199)
04-10 20:52:59.719 22128 22197 E RobotCore: com.qualcomm.robotcore.hardware.usb.ftdi.RobotUsbDeviceFtdi.read(RobotUsbDeviceFtdi.java:176)
04-10 20:52:59.719 22128 22197 E RobotCore: com.qualcomm.modernrobotics.ReadWriteRunnableUsbHandler.b(SourceFile:109)
04-10 20:52:59.719 22128 22197 E RobotCore: com.qualcomm.modernrobotics.ReadWriteRunnableUsbHandler.write(SourceFile:98)
04-10 20:52:59.719 22128 22197 E RobotCore: com.qualcomm.hardware.modernrobotics.ReadWriteRunnableStandard$1.run(ReadWriteRunnableStandard.java:394)
04-10 20:52:59.719 22128 22197 E RobotCore: com.qualcomm.robotcore.util.ThreadPool.logThreadLifeCycle(ThreadPool.java:513)
04-10 20:52:59.719 22128 22197 E RobotCore: com.qualcomm.hardware.modernrobotics.ReadWriteRunnableStandard.run(ReadWriteRunnableStandard.java:302)
04-10 20:52:59.719 22128 22197 E RobotCore: java.util.concurrent.ThreadPoolExecutor.runWorker(ThreadPoolExecutor.java:1113)
04-10 20:52:59.719 22128 22197 E RobotCore: java.util.concurrent.ThreadPoolExecutor$Worker.run(ThreadPoolExecutor.java:588)
04-10 20:52:59.719 22128 22197 E RobotCore: java.lang.Thread.run(Thread.java:818)
04-10 20:52:59.719 22128 22194 D BulkIn::: Stop BulkIn thread
04-10 20:52:59.719 22128 22194 W System.err: java.lang.NullPointerException: Attempt to invoke virtual method 'int com.ftdi.j2xx.D2xxManager$DriverParameters.getBufferNumber()' on a null object reference
04-10 20:52:59.719 22128 22199 D ProcessRequestThread::: Device has been closed.
04-10 20:52:59.719 22128 22199 W System.err: java.lang.InterruptedException
04-10 20:52:59.720 22128 22194 W System.err: 	at com.ftdi.j2xx.ProcessInCtrl.releaseWritableBuffers(FT_Device.java:2672)
04-10 20:52:59.720 22128 22194 W System.err: 	at 	at com.ftdi.j2xx.BulkInWorker.run(FT_Device.java:2879)
04-10 20:52:59.720 22128 22199 W System.err: 	at java.util.concurrent.locks.AbstractQueuedSynchronizer.doAcquireSharedInterruptibly(AbstractQueuedSynchronizer.java:972)
04-10 20:52:59.720 22128 22194 W System.err: 	at java.lang.Thread.run(Thread.java:818)
04-10 20:52:59.720 22128 22199 W System.err: java.util.concurrent.locks.AbstractQueuedSynchronizer.acquireSharedInterruptibly(AbstractQueuedSynchronizer.java:1278)
04-10 20:52:59.720 22128 22199 W System.err: 	at java.util.concurrent.Semaphore.acquire(Semaphore.java:284)
04-10 20:52:59.720 22128 22199 W System.err: 	at com.ftdi.j2xx.ProcessInCtrl.acquireReadableBuffer(FT_Device.java:2294)
04-10 20:52:59.720 22128 22199 W System.err: 	at com.ftdi.j2xx.ProcessRequestWorker.run(FT_Device.java:2764)
04-10 20:52:59.720 22128 22199 W System.err: 	at java.lang.Thread.run(Thread.java:818)
04-10 20:52:59.720 22128 22200 W RobotCore: could not write to Modern Robotics USB DC Motor Controller [AL00VWH0]: FTDI Null Pointer Exception
04-10 20:52:59.720 22128 22200 E RobotCore: java.lang.NullPointerException: Attempt to invoke interface method 'void java.util.concurrent.locks.Lock.unlock()' on a null object reference
04-10 20:52:59.720 22128 22200 E RobotCore: com.ftdi.j2xx.ProcessInCtrl.readBulkInData(FT_Device.java:2520)
04-10 20:52:59.720 22128 22200 E RobotCore: com.ftdi.j2xx.FT_Device.read(FT_Device.java:666)
04-10 20:52:59.720 22128 22200 E RobotCore: com.qualcomm.robotcore.hardware.usb.ftdi.RobotUsbDeviceFtdi.read(RobotUsbDeviceFtdi.java:199)
04-10 20:52:59.720 22128 22200 E RobotCore: com.qualcomm.robotcore.hardware.usb.ftdi.RobotUsbDeviceFtdi.read(RobotUsbDeviceFtdi.java:176)
04-10 20:52:59.720 22128 22200 E RobotCore: com.qualcomm.modernrobotics.ReadWriteRunnableUsbHandler.a(SourceFile:77)
04-10 20:52:59.720 22128 22200 E RobotCore: com.qualcomm.modernrobotics.ReadWriteRunnableUsbHandler.read(SourceFile:66)
04-10 20:52:59.720 22128 22200 E RobotCore: com.qualcomm.hardware.modernrobotics.ReadWriteRunnableStandard$1.run(ReadWriteRunnableStandard.java:343)
04-10 20:52:59.720 22128 22197 V RobotCore: thread: ...terminating 'r/w loop: Modern Robotics USB DC Motor Controller [A104OQ1P]'
04-10 20:52:59.721 22128 22200 E RobotCore: com.qualcomm.robotcore.util.ThreadPool.logThreadLifeCycle(ThreadPool.java:513)
04-10 20:52:59.721 22128 22200 E RobotCore: com.qualcomm.hardware.modernrobotics.ReadWriteRunnableStandard.run(ReadWriteRunnableStandard.java:302)
04-10 20:52:59.721 22128 22200 E RobotCore: java.util.concurrent.ThreadPoolExecutor.runWorker(ThreadPoolExecutor.java:1113)
04-10 20:52:59.721 22128 22200 E RobotCore: java.util.concurrent.ThreadPoolExecutor$Worker.run(ThreadPoolExecutor.java:588)
04-10 20:52:59.721 22128 22200 E RobotCore: java.lang.Thread.run(Thread.java:818)
04-10 20:52:59.722 22128 22211 D RobotCore: system telemetry: key=$System$Warning$ msg="problem communicating with Modern Robotics USB DC Motor Controller [AL00VBIF]; problem communicating with Modern Robotics USB Core Device Interface Module [AI02RHDJ]; problem communicating with Modern Robotics USB DC Motor Controller [AL00VWH0]; problem communicating with Modern Robotics USB DC Motor Controller [A104OQ1P]; problem communicating with Modern Robotics USB DC Motor Controller [AI049QOP]; problem communicating with Modern Robotics USB Servo Controller [AL00VST0]"
04-10 20:52:59.722 22128 22211 V RobotCore: event loop: device has shutdown abnormally
04-10 20:52:59.722 22128 22200 V RobotCore: thread: ...terminating 'r/w loop: Modern Robotics USB DC Motor Controller [AL00VWH0]'
04-10 20:52:59.723 22128 22211 V RobotCore: event loop: detaching device owner
04-10 20:52:59.723 22128 22211 I FIRST   : ======= MODULE DETACH RECOVERY: disarm Modern Robotics USB Core Device Interface Module [AI02RHDJ]=======
04-10 20:52:59.723 22128 22211 V RobotCore: waiting for service ReadWriteRunnable for Modern Robotics USB Device
04-10 20:52:59.723 22128 22211 V RobotCore: awaitTermination returned, isTerminated=true
04-10 20:52:59.724 22128 22211 V RobotCore: executive service ReadWriteRunnable for Modern Robotics USB Device is terminated
04-10 20:52:59.724 22128 22211 I FIRST   : ======= MODULE DETACH RECOVERY: pretend Modern Robotics USB Core Device Interface Module [AI02RHDJ]=======
04-10 20:52:59.724 22128 22211 V RobotCore: Starting up pretend device AI02RHDJ
04-10 20:52:59.725 22128 22274 V RobotCore: thread: 'r/w loop: Modern Robotics USB Core Device Interface Module [AI02RHDJ]' starting...
04-10 20:52:59.726 22128 22211 I FIRST   : ======= MODULE DETACH RECOVERY: complete Modern Robotics USB Core Device Interface Module [AI02RHDJ]=======
04-10 20:52:59.726 22128 22211 V RobotCore: event loop: device has shutdown abnormally
04-10 20:52:59.726 22128 22211 V RobotCore: event loop: detaching device owner
04-10 20:52:59.726 22128 22211 I FIRST   : ======= MODULE DETACH RECOVERY: disarm Modern Robotics USB DC Motor Controller [A104OQ1P]=======
04-10 20:52:59.726 22128 22211 D RobotCore: disarming modern motor controller Modern Robotics USB DC Motor Controller [A104OQ1P]...
04-10 20:52:59.726 22128 22211 V RobotCore: waiting for service ReadWriteRunnable for Modern Robotics USB Device
04-10 20:52:59.727 22128 22211 V RobotCore: awaitTermination returned, isTerminated=true
04-10 20:52:59.727 22128 22211 V RobotCore: executive service ReadWriteRunnable for Modern Robotics USB Device is terminated
04-10 20:52:59.727 22128 22211 D RobotCore: ...disarming modern motor controller Modern Robotics USB DC Motor Controller [A104OQ1P] complete
04-10 20:52:59.727 22128 22211 I FIRST   : ======= MODULE DETACH RECOVERY: pretend Modern Robotics USB DC Motor Controller [A104OQ1P]=======
04-10 20:52:59.727 22128 22211 D RobotCore: arming modern motor controller Modern Robotics USB DC Motor Controller [A104OQ1P] (pretend)...
04-10 20:52:59.727 22128 22211 V RobotCore: Starting up pretend device A104OQ1P
04-10 20:52:59.729 22128 22275 V RobotCore: thread: 'r/w loop: Modern Robotics USB DC Motor Controller [A104OQ1P]' starting...
04-10 20:52:59.730 22128 22211 D RobotCore: ...arming modern motor controller Modern Robotics USB DC Motor Controller [A104OQ1P] complete
04-10 20:52:59.730 22128 22211 I FIRST   : ======= MODULE DETACH RECOVERY: complete Modern Robotics USB DC Motor Controller [A104OQ1P]=======
04-10 20:52:59.730 22128 22211 V RobotCore: event loop: device has shutdown abnormally
04-10 20:52:59.730 22128 22211 V RobotCore: event loop: detaching device owner
04-10 20:52:59.730 22128 22211 I FIRST   : ======= MODULE DETACH RECOVERY: disarm Modern Robotics USB DC Motor Controller [AL00VWH0]=======
04-10 20:52:59.730 22128 22211 D RobotCore: disarming modern motor controller Modern Robotics USB DC Motor Controller [AL00VWH0]...
04-10 20:52:59.730 22128 22211 V RobotCore: waiting for service ReadWriteRunnable for Modern Robotics USB Device
04-10 20:52:59.731 22128 22211 V RobotCore: awaitTermination returned, isTerminated=true
04-10 20:52:59.731 22128 22211 V RobotCore: executive service ReadWriteRunnable for Modern Robotics USB Device is terminated
04-10 20:52:59.731 22128 22211 D RobotCore: ...disarming modern motor controller Modern Robotics USB DC Motor Controller [AL00VWH0] complete
04-10 20:52:59.731 22128 22211 I FIRST   : ======= MODULE DETACH RECOVERY: pretend Modern Robotics USB DC Motor Controller [AL00VWH0]=======
04-10 20:52:59.731 22128 22211 D RobotCore: arming modern motor controller Modern Robotics USB DC Motor Controller [AL00VWH0] (pretend)...
04-10 20:52:59.731 22128 22211 V RobotCore: Starting up pretend device AL00VWH0
04-10 20:52:59.732 22128 22276 V RobotCore: thread: 'r/w loop: Modern Robotics USB DC Motor Controller [AL00VWH0]' starting...
04-10 20:52:59.733 22128 22211 D RobotCore: ...arming modern motor controller Modern Robotics USB DC Motor Controller [AL00VWH0] complete
04-10 20:52:59.733 22128 22211 I FIRST   : ======= MODULE DETACH RECOVERY: complete Modern Robotics USB DC Motor Controller [AL00VWH0]=======
04-10 20:52:59.733 22128 22211 V RobotCore: event loop: device has shutdown abnormally
04-10 20:52:59.733 22128 22211 V RobotCore: event loop: detaching device owner
04-10 20:52:59.733 22128 22211 I FIRST   : ======= MODULE DETACH RECOVERY: disarm Modern Robotics USB DC Motor Controller [AI049QOP]=======
04-10 20:52:59.733 22128 22211 D RobotCore: disarming modern motor controller Modern Robotics USB DC Motor Controller [AI049QOP]...
04-10 20:52:59.733 22128 22211 V RobotCore: waiting for service ReadWriteRunnable for Modern Robotics USB Device
04-10 20:52:59.734 22128 22211 V RobotCore: awaitTermination returned, isTerminated=true
04-10 20:52:59.734 22128 22211 V RobotCore: executive service ReadWriteRunnable for Modern Robotics USB Device is terminated
04-10 20:52:59.734 22128 22211 D RobotCore: ...disarming modern motor controller Modern Robotics USB DC Motor Controller [AI049QOP] complete
04-10 20:52:59.734 22128 22211 I FIRST   : ======= MODULE DETACH RECOVERY: pretend Modern Robotics USB DC Motor Controller [AI049QOP]=======
04-10 20:52:59.734 22128 22211 D RobotCore: arming modern motor controller Modern Robotics USB DC Motor Controller [AI049QOP] (pretend)...
04-10 20:52:59.735 22128 22211 V RobotCore: Starting up pretend device AI049QOP
04-10 20:52:59.741 22128 22277 V RobotCore: thread: 'r/w loop: Modern Robotics USB DC Motor Controller [AI049QOP]' starting...
04-10 20:52:59.742 22128 22211 D RobotCore: ...arming modern motor controller Modern Robotics USB DC Motor Controller [AI049QOP] complete
04-10 20:52:59.742 22128 22211 I FIRST   : ======= MODULE DETACH RECOVERY: complete Modern Robotics USB DC Motor Controller [AI049QOP]=======
04-10 20:52:59.742 22128 22211 V RobotCore: event loop: device has shutdown abnormally
04-10 20:52:59.742 22128 22211 V RobotCore: event loop: detaching device owner
04-10 20:52:59.742 22128 22211 I FIRST   : ======= MODULE DETACH RECOVERY: disarm Modern Robotics USB DC Motor Controller [AL00VBIF]=======
04-10 20:52:59.742 22128 22211 D RobotCore: disarming modern motor controller Modern Robotics USB DC Motor Controller [AL00VBIF]...
04-10 20:52:59.742 22128 22211 V RobotCore: waiting for service ReadWriteRunnable for Modern Robotics USB Device
04-10 20:52:59.743 22128 22211 V RobotCore: awaitTermination returned, isTerminated=true
04-10 20:52:59.743 22128 22211 V RobotCore: executive service ReadWriteRunnable for Modern Robotics USB Device is terminated
04-10 20:52:59.743 22128 22211 D RobotCore: ...disarming modern motor controller Modern Robotics USB DC Motor Controller [AL00VBIF] complete
04-10 20:52:59.743 22128 22211 I FIRST   : ======= MODULE DETACH RECOVERY: pretend Modern Robotics USB DC Motor Controller [AL00VBIF]=======
04-10 20:52:59.743 22128 22211 D RobotCore: arming modern motor controller Modern Robotics USB DC Motor Controller [AL00VBIF] (pretend)...
04-10 20:52:59.743 22128 22211 V RobotCore: Starting up pretend device AL00VBIF
04-10 20:52:59.745 22128 22278 V RobotCore: thread: 'r/w loop: Modern Robotics USB DC Motor Controller [AL00VBIF]' starting...
04-10 20:52:59.745 22128 22211 D RobotCore: ...arming modern motor controller Modern Robotics USB DC Motor Controller [AL00VBIF] complete
04-10 20:52:59.746 22128 22211 I FIRST   : ======= MODULE DETACH RECOVERY: complete Modern Robotics USB DC Motor Controller [AL00VBIF]=======
04-10 20:53:00.765 22128 22210 W AudioTrack: AUDIO_OUTPUT_FLAG_FAST denied by client; transfer 4, track 44100 Hz, output 48000 Hz
04-10 20:53:16.526 22128 22128 V RCActivity: onPause()
04-10 20:53:16.533 22128 22128 V RCActivity: onStop()
04-10 20:53:16.533 22128 22128 V RobotCore: executive service robot setup is terminated
04-10 20:53:16.533 22128 22128 V Robocol : EventLoopManager.shutdown()
04-10 20:53:16.533 22128 22128 V RobotCore: waiting for service EventLoop
04-10 20:53:16.534 22128 22211 V RobotCore: EventLoopRunnable interrupted
04-10 20:53:16.534 22128 22211 V RobotCore: EventLoopManager state is STOPPED
04-10 20:53:16.534 22128 22211 V RobotCore: Robot Status: stopped
04-10 20:53:16.534 22128 22211 I FIRST   : ======= TEARDOWN =======
04-10 20:53:16.534 22128 22211 D RobotCore: disarming modern motor controller Modern Robotics USB DC Motor Controller [AL00VWH0]...
04-10 20:53:16.539 22128 22276 V RobotCore: thread: ...terminating 'r/w loop: Modern Robotics USB DC Motor Controller [AL00VWH0]'
04-10 20:53:16.539 22128 22211 V RobotCore: executive service ReadWriteRunnable for Modern Robotics USB Device is terminated
04-10 20:53:16.539 22128 22211 D RobotCore: ...disarming modern motor controller Modern Robotics USB DC Motor Controller [AL00VWH0] complete
04-10 20:53:16.539 22128 22211 D RobotCore: disarming modern motor controller Modern Robotics USB DC Motor Controller [AI049QOP]...
04-10 20:53:16.543 22128 22277 V RobotCore: thread: ...terminating 'r/w loop: Modern Robotics USB DC Motor Controller [AI049QOP]'
04-10 20:53:16.543 22128 22211 V RobotCore: waiting for service ReadWriteRunnable for Modern Robotics USB Device
04-10 20:53:16.543 22128 22211 V RobotCore: awaitTermination returned, isTerminated=true
04-10 20:53:16.543 22128 22211 V RobotCore: executive service ReadWriteRunnable for Modern Robotics USB Device is terminated
04-10 20:53:16.543 22128 22211 D RobotCore: ...disarming modern motor controller Modern Robotics USB DC Motor Controller [AI049QOP] complete
04-10 20:53:16.543 22128 22211 D RobotCore: disarming modern motor controller Modern Robotics USB DC Motor Controller [AL00VBIF]...
04-10 20:53:16.549 22128 22278 V RobotCore: thread: ...terminating 'r/w loop: Modern Robotics USB DC Motor Controller [AL00VBIF]'
04-10 20:53:16.549 22128 22211 V RobotCore: waiting for service ReadWriteRunnable for Modern Robotics USB Device
04-10 20:53:16.549 22128 22211 V RobotCore: awaitTermination returned, isTerminated=true
04-10 20:53:16.549 22128 22211 V RobotCore: executive service ReadWriteRunnable for Modern Robotics USB Device is terminated
04-10 20:53:16.549 22128 22211 D RobotCore: ...disarming modern motor controller Modern Robotics USB DC Motor Controller [AL00VBIF] complete
04-10 20:53:16.549 22128 22211 D RobotCore: disarming modern motor controller Modern Robotics USB DC Motor Controller [A104OQ1P]...
04-10 20:53:16.550 22128 22275 V RobotCore: thread: ...terminating 'r/w loop: Modern Robotics USB DC Motor Controller [A104OQ1P]'
04-10 20:53:16.550 22128 22211 V RobotCore: waiting for service ReadWriteRunnable for Modern Robotics USB Device
04-10 20:53:16.551 22128 22211 V RobotCore: awaitTermination returned, isTerminated=true
04-10 20:53:16.551 22128 22211 V RobotCore: executive service ReadWriteRunnable for Modern Robotics USB Device is terminated
04-10 20:53:16.551 22128 22211 D RobotCore: ...disarming modern motor controller Modern Robotics USB DC Motor Controller [A104OQ1P] complete
04-10 20:53:16.551 22128 22211 D RobotCore: disarming modern servo controller "Modern Robotics USB Servo Controller [AL00VST0]"...
04-10 20:53:16.555 22128 22211 V RobotCore: waiting for service ReadWriteRunnable for Modern Robotics USB Device
04-10 20:53:16.555 22128 22273 V RobotCore: thread: ...terminating 'r/w loop: Modern Robotics USB Servo Controller [AL00VST0]'
04-10 20:53:16.555 22128 22211 V RobotCore: awaitTermination returned, isTerminated=true
04-10 20:53:16.555 22128 22211 V RobotCore: executive service ReadWriteRunnable for Modern Robotics USB Device is terminated
04-10 20:53:16.555 22128 22211 D RobotCore: ...disarming modern servo controller Modern Robotics USB Servo Controller [AL00VST0] complete
04-10 20:53:16.558 22128 22274 V RobotCore: thread: ...terminating 'r/w loop: Modern Robotics USB Core Device Interface Module [AI02RHDJ]'
04-10 20:53:16.558 22128 22211 V RobotCore: waiting for service ReadWriteRunnable for Modern Robotics USB Device
04-10 20:53:16.558 22128 22211 V RobotCore: awaitTermination returned, isTerminated=true
04-10 20:53:16.558 22128 22211 V RobotCore: executive service ReadWriteRunnable for Modern Robotics USB Device is terminated
04-10 20:53:16.558 22128 22211 I FIRST   : ======= TEARDOWN COMPLETE =======
04-10 20:53:16.558 22128 22211 V RobotCore: thread: ...terminating 'opmode loop()'
04-10 20:53:16.558 22128 22128 V RobotCore: awaitTermination returned, isTerminated=true
04-10 20:53:16.558 22128 22128 V RobotCore: executive service EventLoop is terminated
04-10 20:53:16.558 22128 22128 V RobotCore: EventLoopManager state is STOPPED
04-10 20:53:16.630 22128 22186 D RobotCore: system telemetry: key=$System$None$ msg=""
