04-10 19:32:06.487 18889 19152 D RobotCore: arming modern motor controller Modern Robotics USB DC Motor Controller [A104OQ1P] (pretend)...
04-10 19:32:06.487 18889 19152 V RobotCore: Starting up pretend device A104OQ1P
04-10 19:32:06.488 18889 19281 V RobotCore: thread: 'r/w loop: Modern Robotics USB DC Motor Controller [A104OQ1P]' starting...
04-10 19:32:06.488 18889 19152 D RobotCore: ...arming modern motor controller Modern Robotics USB DC Motor Controller [A104OQ1P] complete
04-10 19:32:06.489 18889 19152 V RobotCore: Creating Modern Robotics USB DC Motor Controller [AL00VWH0]
04-10 19:32:06.489 18889 19152 D RobotCore: arming modern motor controller Modern Robotics USB DC Motor Controller [AL00VWH0]...
04-10 19:32:06.489 18889 19152 W System.err: unable to find USB device with serial number AL00VWH0
04-10 19:32:06.490 18889 19152 D RobotCore: arming modern motor controller Modern Robotics USB DC Motor Controller [AL00VWH0] (pretend)...
04-10 19:32:06.490 18889 19152 V RobotCore: Starting up pretend device AL00VWH0
04-10 19:32:06.491 18889 19282 V RobotCore: thread: 'r/w loop: Modern Robotics USB DC Motor Controller [AL00VWH0]' starting...
04-10 19:32:06.491 18889 19152 D RobotCore: ...arming modern motor controller Modern Robotics USB DC Motor Controller [AL00VWH0] complete
04-10 19:32:06.491 18889 19152 V RobotCore: Creating Modern Robotics USB DC Motor Controller [AI049QOP]
04-10 19:32:06.491 18889 19152 D RobotCore: arming modern motor controller Modern Robotics USB DC Motor Controller [AI049QOP]...
04-10 19:32:06.492 18889 19152 W System.err: unable to find USB device with serial number AI049QOP
04-10 19:32:06.492 18889 19152 D RobotCore: arming modern motor controller Modern Robotics USB DC Motor Controller [AI049QOP] (pretend)...
04-10 19:32:06.492 18889 19152 V RobotCore: Starting up pretend device AI049QOP
04-10 19:32:06.493 18889 19283 V RobotCore: thread: 'r/w loop: Modern Robotics USB DC Motor Controller [AI049QOP]' starting...
04-10 19:32:06.494 18889 19152 D RobotCore: ...arming modern motor controller Modern Robotics USB DC Motor Controller [AI049QOP] complete
04-10 19:32:06.494 18889 19152 V RobotCore: Creating Modern Robotics USB DC Motor Controller [AL00VBIF]
04-10 19:32:06.494 18889 19152 D RobotCore: arming modern motor controller Modern Robotics USB DC Motor Controller [AL00VBIF]...
04-10 19:32:06.495 18889 19152 W System.err: unable to find USB device with serial number AL00VBIF
04-10 19:32:06.495 18889 19152 D RobotCore: arming modern motor controller Modern Robotics USB DC Motor Controller [AL00VBIF] (pretend)...
04-10 19:32:06.495 18889 19152 V RobotCore: Starting up pretend device AL00VBIF
04-10 19:32:06.496 18889 19284 V RobotCore: thread: 'r/w loop: Modern Robotics USB DC Motor Controller [AL00VBIF]' starting...
04-10 19:32:06.497 18889 19152 D RobotCore: ...arming modern motor controller Modern Robotics USB DC Motor Controller [AL00VBIF] complete
04-10 19:32:06.517 18889 19276 D RobotCore: system telemetry: key=$System$Warning$ msg="unable to open Modern Robotics USB DC Motor Controller [AL00VWH0]; unable to open Modern Robotics USB Core Device Interface Module [AI02RHDJ]; unable to open Modern Robotics USB DC Motor Controller [AI049QOP]; unable to open Modern Robotics USB DC Motor Controller [A104OQ1P]; unable to open Modern Robotics USB DC Motor Controller [AL00VBIF]; unable to open Modern Robotics USB Servo Controller [AL00VST0]"
04-10 19:32:06.518 18889 19276 V PeerDiscovery: new remote peer discovered: 192.168.49.134
04-10 19:32:06.518 18889 19276 D Robocol : RobocolDatagramSocket connected to /192.168.49.134:20884
04-10 19:32:06.519 18889 19276 V NetworkConnectionHandler: starting sending loop
04-10 19:32:06.523 18889 19276 V Robocol : SendOnceRunnable created
04-10 19:32:06.528 18889 19152 I RobotCore: Analytics has completed initialization.
04-10 19:32:06.528 18889 19152 I RobotCore: ========= Device Information ===================================================
04-10 19:32:06.528 18889 19152 I RobotCore: Type                                               Name                           Connection
04-10 19:32:06.529 18889 19152 I RobotCore: I2cDevice                                          colorBack                      USB AI02RHDJ; port 4
04-10 19:32:06.529 18889 19152 I RobotCore: Modern Robotics USB DC Motor Controller            Shooter                        USB AI049QOP
04-10 19:32:06.529 18889 19152 I RobotCore: DC Motor                                           rightFront                     USB AL00VWH0; port 1
04-10 19:32:06.529 18889 19152 I RobotCore: Modern Robotics Analog Optical Distance Sensor     ods2                           USB AI02RHDJ; analog port 6
04-10 19:32:06.530 18889 19152 I RobotCore: Modern Robotics USB DC Motor Controller            Front Motors                   USB AL00VWH0
04-10 19:32:06.530 18889 19152 I RobotCore: Modern Robotics USB DC Motor Controller            Back Motors                    USB A104OQ1P
04-10 19:32:06.530 18889 19152 I RobotCore: DC Motor                                           leftBack                       USB A104OQ1P; port 2
04-10 19:32:06.530 18889 19152 I RobotCore: DC Motor                                           led                            USB AL00VBIF; port 2
04-10 19:32:06.530 18889 19152 I RobotCore: Servo                                              upDown                         USB AL00VST0; port 1
04-10 19:32:06.530 18889 19152 I RobotCore: DC Motor                                           shooter2                       USB AI049QOP; port 2
04-10 19:32:06.530 18889 19152 I RobotCore: DC Motor                                           shooter1                       USB AI049QOP; port 1
04-10 19:32:06.530 18889 19152 I RobotCore: DC Motor                                           leftFront                      USB AL00VWH0; port 2
04-10 19:32:06.530 18889 19152 I RobotCore: DC Motor                                           rightBack                      USB A104OQ1P; port 1
04-10 19:32:06.531 18889 19152 I RobotCore: Servo                                              ballFeeder                     USB AL00VST0; port 2
04-10 19:32:06.531 18889 19152 I RobotCore: Modern Robotics USB DC Motor Controller            Intake                         USB AL00VBIF
04-10 19:32:06.531 18889 19152 I RobotCore: Modern Robotics USB Core Device Interface Module   Sensors                        USB AI02RHDJ
04-10 19:32:06.531 18889 19152 I RobotCore: I2cDevice                                          colorFront                     USB AI02RHDJ; port 2
04-10 19:32:06.531 18889 19152 I RobotCore: Modern Robotics USB Servo Controller               Servos                         USB AL00VST0
04-10 19:32:06.531 18889 19152 I RobotCore: DC Motor                                           intake                         USB AL00VBIF; port 1
04-10 19:32:06.531 18889 19152 I RobotCore: Modern Robotics Gyro                               gyro                           USB AI02RHDJ; I2C port: 3
04-10 19:32:06.531 18889 19152 I RobotCore: Modern Robotics Analog Optical Distance Sensor     ods                            USB AI02RHDJ; analog port 7
04-10 19:32:06.531 18889 19152 I FIRST   : ======= INIT FINISH =======
04-10 19:32:06.531 18889 19152 V RobotCore: EventLoopManager state is RUNNING
04-10 19:32:06.541 18889 19276 V RobotCore: Network: active, connected
04-10 19:32:06.542 18889 19152 V RobotCore: Robot Status: running, starting robot
04-10 19:32:06.542 18889 19152 V RobotCore: Robot Status: running
04-10 19:32:06.542 18889 19152 V RobotCore: thread: ...terminating 'RobotSetupRunnable.run()'
04-10 19:32:06.549 18889 19290 V RobotCore: thread: 'opmode loop()' starting...
04-10 19:32:06.563 18889 19285 V Robocol : sending CMD_REQUEST_USER_SENSOR_LIST_RESP(10), attempt: 0
04-10 19:32:06.569 18889 19289 D MediaPlayer: setSubtitleAnchor in MediaPlayer
04-10 19:32:06.569 18889 18889 D MediaPlayer: setSubtitleAnchor in MediaPlayer
04-10 19:32:06.570 18889 19276 V Robocol : received command: CMD_REQUEST_OP_MODE_LIST(10001) 
04-10 19:32:06.592 18889 19276 V Robocol : received command: CMD_REQUEST_ACTIVE_CONFIGURATION(10002) 
04-10 19:32:06.599 18889 19276 V Robocol : received command: CMD_REQUEST_USER_SENSOR_LIST_RESP(10) [{"description":"a MR compass sensor","flavor":"I2C","name":"MR Compass Sensor","xmlTag":"ModernRoboticsI2cCompassSensor"},{"description":"an Adafruit IMU","flavor":"I2C","name":"Adafruit IMU","xmlTag":"AdafruitBNO055IMU"},{"description":"a MR range sensor","flavor":"I2C","name":"MR Range Sensor","xmlTag":"ModernRoboticsI2cRangeSensor"}]
04-10 19:32:06.603 18889 19285 V Robocol : sending CMD_REQUEST_OP_MODE_LIST_RESP(16), attempt: 0
04-10 19:32:06.604 18889 19285 V Robocol : sending CMD_REQUEST_USER_SENSOR_LIST_RESP(17), attempt: 0
04-10 19:32:06.604 18889 19285 V Robocol : sending CMD_REQUEST_ACTIVE_CONFIGURATION_RESP(22), attempt: 0
04-10 19:32:06.609 18889 19276 V Robocol : received command: CMD_REQUEST_OP_MODE_LIST_RESP(16) [{"flavor":"TELEOP","group":"Test","name":"MenusTest"},{"flavor":"AUTONOMOUS","group":"Test","name":"RedStandardTest"},{"flavor":"AUTONOMOUS","group":"Test","name":"Test"},{"flavor":"AUTONOMOUS","group":"Competition","name":"BlueAlternateCenter"},{"flavor":"AUTONOMOUS","group":"Competition","name":"BlueAlternateCorner"},{"flavor":"AUTONOMOUS","group":"Competition","name":"BlueStandardCenter"},{"flavor":"AUTONOMOUS","group":"Competition","name":"BlueStandardCorner"},{"flavor":"TELEOP","group":"Competition","name":"FinalTeleOp"},{"flavor":"AUTONOMOUS","group":"Competition","name":"RedAlternateCenter"},{"flavor":"AUTONOMOUS","group":"Competition","name":"RedAlternateCorner"},{"flavor":"AUTONOMOUS","group":"Competition","name":"RedStandardCenter"},{"flavor":"AUTONOMOUS","group":"Competition","name":"RedStandardCorner"}]
04-10 19:32:06.610 18889 19276 V Robocol : received command: CMD_REQUEST_USER_SENSOR_LIST_RESP(17) [{"description":"a MR compass sensor","flavor":"I2C","name":"MR Compass Sensor","xmlTag":"ModernRoboticsI2cCompassSensor"},{"description":"an Adafruit IMU","flavor":"I2C","name":"Adafruit IMU","xmlTag":"AdafruitBNO055IMU"},{"description":"a MR range sensor","flavor":"I2C","name":"MR Range Sensor","xmlTag":"ModernRoboticsI2cRangeSensor"}]
04-10 19:32:06.640 18889 19287 D ExtendedUtils: extended extractor not needed, return default
04-10 19:32:06.641 18889 19287 I MediaCodec: (0xb7df3c90) init name(audio/raw) isType(1) encoder(0)
04-10 19:32:06.643 18889 19294 I OMXClient: Using client-side OMX mux.
04-10 19:32:06.649 18889 19276 V Robocol : received command: CMD_REQUEST_ACTIVE_CONFIGURATION_RESP(22) {"isDirty":false,"location":"LOCAL_STORAGE","name":"FINAL_CONFIG_2017","resourceId":0}
04-10 19:32:06.649 18889 19294 E OMXMaster: A component of name 'OMX.qcom.audio.decoder.aac' already exists, ignoring this one.
04-10 19:32:06.651 18889 19276 V Robocol : received command: CMD_INIT_OP_MODE(10015) $Stop$Robot$
04-10 19:32:06.653 18889 19294 I MediaCodec: (0xb7df3c90) Component Allocated (OMX.google.raw.decoder)
04-10 19:32:06.653 18889 19287 I MediaCodec: (0xb7df3c90) configure surface(0x0) crypto(0x0) flags(0)
04-10 19:32:06.653 18889 19287 D MediaCodec: (0xb7df3c90) configure format: AMessage(what = 0x00000000) = {
04-10 19:32:06.653 18889 19287 D MediaCodec:    string mime = "audio/raw"
04-10 19:32:06.653 18889 19287 D MediaCodec:    int64_t durationUs = 485011
04-10 19:32:06.653 18889 19287 D MediaCodec:    int32_t channel-count = 2
04-10 19:32:06.653 18889 19287 D MediaCodec:    int32_t sample-rate = 44100
04-10 19:32:06.653 18889 19287 D MediaCodec:    int32_t channel-mask = 0
04-10 19:32:06.653 18889 19287 D MediaCodec:  }
04-10 19:32:06.655 18889 19287 I MediaCodec: (0xb7df3c90) start
04-10 19:32:06.656 18889 19294 I MediaCodec: (0xb7df3c90) input buffers allocated
04-10 19:32:06.657 18889 19294 I MediaCodec: (0xb7df3c90) numBuffers (4)
04-10 19:32:06.657 18889 19294 I MediaCodec: (0xb7df3c90) output buffers allocated
04-10 19:32:06.657 18889 19294 I MediaCodec: (0xb7df3c90) numBuffers (4)
04-10 19:32:06.658 18889 19294 I MediaCodec: (0xb7df3c90) codec output format changed
04-10 19:32:06.658 18889 19294 D MediaCodec: (0xb7df3c90) output format: AMessage(what = 'codc', target = 2) = {
04-10 19:32:06.658 18889 19294 D MediaCodec:    string mime = "audio/raw"
04-10 19:32:06.658 18889 19294 D MediaCodec:    int32_t channel-count = 2
04-10 19:32:06.658 18889 19294 D MediaCodec:    int32_t sample-rate = 44100
04-10 19:32:06.658 18889 19294 D MediaCodec:    int32_t channel-mask = 0
04-10 19:32:06.658 18889 19294 D MediaCodec:    int32_t what = 1869968451
04-10 19:32:06.658 18889 19294 D MediaCodec:  }
04-10 19:32:06.660 18889 19287 I MediaCodec: (0xb7df3c90) stop
04-10 19:32:06.661 18889 19287 I MediaCodec: (0xb7df3c90) release
04-10 19:32:06.666 18889 19289 W AudioTrack: AUDIO_OUTPUT_FLAG_FAST denied by client; transfer 4, track 44100 Hz, output 48000 Hz
04-10 19:32:06.703 18889 19289 D MediaPlayer: setSubtitleAnchor in MediaPlayer
04-10 19:32:06.703 18889 18889 D MediaPlayer: setSubtitleAnchor in MediaPlayer
04-10 19:32:06.724 18889 19287 D ExtendedUtils: extended extractor not needed, return default
04-10 19:32:06.725 18889 19287 I MediaCodec: (0xb7e19a68) init name(audio/raw) isType(1) encoder(0)
04-10 19:32:06.727 18889 19307 I OMXClient: Using client-side OMX mux.
04-10 19:32:06.733 18889 19307 E OMXMaster: A component of name 'OMX.qcom.audio.decoder.aac' already exists, ignoring this one.
04-10 19:32:06.735 18889 19307 I MediaCodec: (0xb7e19a68) Component Allocated (OMX.google.raw.decoder)
04-10 19:32:06.735 18889 19287 I MediaCodec: (0xb7e19a68) configure surface(0x0) crypto(0x0) flags(0)
04-10 19:32:06.735 18889 19287 D MediaCodec: (0xb7e19a68) configure format: AMessage(what = 0x00000000) = {
04-10 19:32:06.735 18889 19287 D MediaCodec:    string mime = "audio/raw"
04-10 19:32:06.735 18889 19287 D MediaCodec:    int64_t durationUs = 1043650
04-10 19:32:06.735 18889 19287 D MediaCodec:    int32_t channel-count = 2
04-10 19:32:06.735 18889 19287 D MediaCodec:    int32_t sample-rate = 44100
04-10 19:32:06.735 18889 19287 D MediaCodec:    int32_t channel-mask = 0
04-10 19:32:06.735 18889 19287 D MediaCodec:  }
04-10 19:32:06.737 18889 19287 I MediaCodec: (0xb7e19a68) start
04-10 19:32:06.738 18889 19307 I MediaCodec: (0xb7e19a68) input buffers allocated
04-10 19:32:06.738 18889 19307 I MediaCodec: (0xb7e19a68) numBuffers (4)
04-10 19:32:06.738 18889 19307 I MediaCodec: (0xb7e19a68) output buffers allocated
04-10 19:32:06.738 18889 19307 I MediaCodec: (0xb7e19a68) numBuffers (4)
04-10 19:32:06.740 18889 19307 I MediaCodec: (0xb7e19a68) codec output format changed
04-10 19:32:06.741 18889 19307 D MediaCodec: (0xb7e19a68) output format: AMessage(what = 'codc', target = 6) = {
04-10 19:32:06.741 18889 19307 D MediaCodec:    string mime = "audio/raw"
04-10 19:32:06.741 18889 19307 D MediaCodec:    int32_t channel-count = 2
04-10 19:32:06.741 18889 19307 D MediaCodec:    int32_t sample-rate = 44100
04-10 19:32:06.741 18889 19307 D MediaCodec:    int32_t channel-mask = 0
04-10 19:32:06.741 18889 19307 D MediaCodec:    int32_t what = 1869968451
04-10 19:32:06.741 18889 19307 D MediaCodec:  }
04-10 19:32:06.745 18889 19287 I MediaCodec: (0xb7e19a68) stop
04-10 19:32:06.747 18889 19287 I MediaCodec: (0xb7e19a68) release
04-10 19:32:07.058 18889 19290 I RobotCore: Attempting to switch to op mode $Stop$Robot$
04-10 19:32:07.084 18889 19285 V Robocol : sending CMD_INIT_OP_MODE_RESP(36), attempt: 0
04-10 19:32:07.130 18889 19276 V Robocol : received command: CMD_INIT_OP_MODE_RESP(36) $Stop$Robot$
04-10 19:32:07.151 18889 19289 W AudioTrack: AUDIO_OUTPUT_FLAG_FAST denied by client; transfer 4, track 44100 Hz, output 48000 Hz
04-10 19:32:07.168 18889 19289 D MediaPlayer: setSubtitleAnchor in MediaPlayer
04-10 19:32:07.168 18889 18889 D MediaPlayer: setSubtitleAnchor in MediaPlayer
04-10 19:32:07.181 18889 19287 D ExtendedUtils: extended extractor not needed, return default
04-10 19:32:07.182 18889 19287 I MediaCodec: (0xb7ed1c68) init name(audio/raw) isType(1) encoder(0)
04-10 19:32:07.187 18889 19318 I OMXClient: Using client-side OMX mux.
04-10 19:32:07.190 18889 19318 E OMXMaster: A component of name 'OMX.qcom.audio.decoder.aac' already exists, ignoring this one.
04-10 19:32:07.192 18889 19318 I MediaCodec: (0xb7ed1c68) Component Allocated (OMX.google.raw.decoder)
04-10 19:32:07.193 18889 19287 I MediaCodec: (0xb7ed1c68) configure surface(0x0) crypto(0x0) flags(0)
04-10 19:32:07.193 18889 19287 D MediaCodec: (0xb7ed1c68) configure format: AMessage(what = 0x00000000) = {
04-10 19:32:07.193 18889 19287 D MediaCodec:    string mime = "audio/raw"
04-10 19:32:07.193 18889 19287 D MediaCodec:    int64_t durationUs = 1019125
04-10 19:32:07.193 18889 19287 D MediaCodec:    int32_t channel-count = 1
04-10 19:32:07.193 18889 19287 D MediaCodec:    int32_t sample-rate = 8000
04-10 19:32:07.193 18889 19287 D MediaCodec:    int32_t channel-mask = 0
04-10 19:32:07.193 18889 19287 D MediaCodec:  }
04-10 19:32:07.193 18889 19287 I MediaCodec: (0xb7ed1c68) start
04-10 19:32:07.194 18889 19318 I MediaCodec: (0xb7ed1c68) input buffers allocated
04-10 19:32:07.194 18889 19318 I MediaCodec: (0xb7ed1c68) numBuffers (4)
04-10 19:32:07.194 18889 19318 I MediaCodec: (0xb7ed1c68) output buffers allocated
04-10 19:32:07.194 18889 19318 I MediaCodec: (0xb7ed1c68) numBuffers (4)
04-10 19:32:07.196 18889 19318 I MediaCodec: (0xb7ed1c68) codec output format changed
04-10 19:32:07.196 18889 19318 D MediaCodec: (0xb7ed1c68) output format: AMessage(what = 'codc', target = 10) = {
04-10 19:32:07.196 18889 19318 D MediaCodec:    string mime = "audio/raw"
04-10 19:32:07.196 18889 19318 D MediaCodec:    int32_t channel-count = 1
04-10 19:32:07.196 18889 19318 D MediaCodec:    int32_t sample-rate = 8000
04-10 19:32:07.196 18889 19318 D MediaCodec:    int32_t channel-mask = 0
04-10 19:32:07.196 18889 19318 D MediaCodec:    int32_t what = 1869968451
04-10 19:32:07.196 18889 19318 D MediaCodec:  }
04-10 19:32:07.198 18889 19287 I MediaCodec: (0xb7ed1c68) stop
04-10 19:32:07.200 18889 19287 I MediaCodec: (0xb7ed1c68) release
04-10 19:32:07.312 18889 19290 I RobotCore: robot battery read duration: n=0, mean=0.000ms sd=-0.000ms
04-10 19:32:08.196 18889 19289 W AudioTrack: AUDIO_OUTPUT_FLAG_FAST denied by client; transfer 4, track 8000 Hz, output 48000 Hz
04-10 19:32:19.701 18889 18889 V D2xx::  : Vendor: 0403, Product: 6001
04-10 19:32:19.712 18889 18889 D UsbDeviceConnectionJNI: close
04-10 19:32:19.712 18889 18889 V RCActivity: onPause()
04-10 19:32:19.713 18889 18889 V D2xx::  : Vendor: 0403, Product: 6001
04-10 19:32:19.714 18889 18889 D FTDI_Device::: open SUCCESS
04-10 19:32:19.714 18889 18889 I FTDI_Device::: EP: 0x81
04-10 19:32:19.714 18889 18889 I FTDI_Device::: EP: 0x02
04-10 19:32:19.714 18889 18889 D D2XX::  : **********************Device Opened**********************
04-10 19:32:19.721 18889 18889 D UsbDeviceConnectionJNI: close
04-10 19:32:19.721 18889 18889 V RCActivity: onResume()
04-10 19:32:19.722 18889 19380 E ProcessRequestThread::: Fatal error!
04-10 19:32:19.722 18889 19380 W System.err: java.lang.NullPointerException: Attempt to read from null array
04-10 19:32:19.722 18889 19380 W System.err: 	at com.ftdi.j2xx.ProcessInCtrl.acquireReadableBuffer(FT_Device.java:2294)
04-10 19:32:19.722 18889 19380 W System.err: 	at com.ftdi.j2xx.ProcessRequestWorker.run(FT_Device.java:2764)
04-10 19:32:19.723 18889 19380 W System.err: 	at java.lang.Thread.run(Thread.java:818)
04-10 19:32:19.723 18889 19379 W System.err: java.lang.NullPointerException: Attempt to read from null array
04-10 19:32:19.724 18889 19379 W System.err: 	at com.ftdi.j2xx.ProcessInCtrl.acquireWritableBuffer(FT_Device.java:2281)
04-10 19:32:19.724 18889 19379 W System.err: 	at com.ftdi.j2xx.BulkInWorker.run(FT_Device.java:2853)
04-10 19:32:19.724 18889 19379 W System.err: 	at java.lang.Thread.run(Thread.java:818)
04-10 19:32:19.724 18889 19379 E BulkIn::: Fatal error in BulkIn thread
04-10 19:32:19.724 18889 19290 I FIRST   : ======= MODULE ATTACH: disarm Modern Robotics USB Servo Controller [AL00VST0]=======
04-10 19:32:19.725 18889 19290 D RobotCore: disarming modern servo controller "Modern Robotics USB Servo Controller [AL00VST0]"...
04-10 19:32:19.730 18889 19278 V RobotCore: thread: ...terminating 'r/w loop: Modern Robotics USB Servo Controller [AL00VST0]'
04-10 19:32:19.731 18889 19290 V RobotCore: waiting for service ReadWriteRunnable for Modern Robotics USB Device
04-10 19:32:19.731 18889 19290 V RobotCore: awaitTermination returned, isTerminated=true
04-10 19:32:19.731 18889 19290 V RobotCore: executive service ReadWriteRunnable for Modern Robotics USB Device is terminated
04-10 19:32:19.731 18889 19290 D RobotCore: ...disarming modern servo controller Modern Robotics USB Servo Controller [AL00VST0] complete
04-10 19:32:19.731 18889 19290 I FIRST   : ======= MODULE ATTACH: arm or pretend Modern Robotics USB Servo Controller [AL00VST0]=======
04-10 19:32:19.731 18889 19290 D RobotCore: arming modern servo controller Modern Robotics USB Servo Controller [AL00VST0]...
04-10 19:32:19.732 18889 19290 V D2xx::  : Vendor: 0403, Product: 6001
04-10 19:32:19.733 18889 19290 D FTDI_Device::: open SUCCESS
04-10 19:32:19.733 18889 19290 I FTDI_Device::: EP: 0x81
04-10 19:32:19.733 18889 19290 I FTDI_Device::: EP: 0x02
04-10 19:32:19.733 18889 19290 D D2XX::  : **********************Device Opened**********************
04-10 19:32:19.769 18889 19276 D RobotCore: system telemetry: key=$System$Warning$ msg="unable to open Modern Robotics USB DC Motor Controller [AL00VWH0]; unable to open Modern Robotics USB Core Device Interface Module [AI02RHDJ]; unable to open Modern Robotics USB DC Motor Controller [AI049QOP]; unable to open Modern Robotics USB DC Motor Controller [A104OQ1P]; unable to open Modern Robotics USB DC Motor Controller [AL00VBIF]"
04-10 19:32:19.897 18889 18889 V D2xx::  : Vendor: 0403, Product: 6001
04-10 19:32:19.911 18889 18889 D UsbDeviceConnectionJNI: close
04-10 19:32:19.911 18889 18889 V RCActivity: onPause()
04-10 19:32:19.912 18889 18889 V D2xx::  : Vendor: 0403, Product: 6001
04-10 19:32:19.912 18889 18889 D FTDI_Device::: open SUCCESS
04-10 19:32:19.912 18889 18889 I FTDI_Device::: EP: 0x81
04-10 19:32:19.912 18889 18889 I FTDI_Device::: EP: 0x02
04-10 19:32:19.912 18889 18889 D D2XX::  : **********************Device Opened**********************
04-10 19:32:19.915 18889 18889 D UsbDeviceConnectionJNI: close
04-10 19:32:19.915 18889 18889 V RCActivity: onResume()
04-10 19:32:19.916 18889 19383 W System.err: java.lang.NullPointerException: Attempt to read from null array
04-10 19:32:19.916 18889 19383 W System.err: 	at com.ftdi.j2xx.ProcessInCtrl.acquireWritableBuffer(FT_Device.java:2281)
04-10 19:32:19.916 18889 19383 W System.err: 	at com.ftdi.j2xx.BulkInWorker.run(FT_Device.java:2853)
04-10 19:32:19.916 18889 19383 W System.err: 	at java.lang.Thread.run(Thread.java:818)
04-10 19:32:19.916 18889 19383 E BulkIn::: Fatal error in BulkIn thread
04-10 19:32:19.916 18889 19384 E ProcessRequestThread::: Fatal error!
04-10 19:32:19.916 18889 19384 W System.err: java.lang.NullPointerException: Attempt to read from null array
04-10 19:32:19.916 18889 19384 W System.err: 	at com.ftdi.j2xx.ProcessInCtrl.acquireReadableBuffer(FT_Device.java:2294)
04-10 19:32:19.916 18889 19384 W System.err: 	at com.ftdi.j2xx.ProcessRequestWorker.run(FT_Device.java:2764)
04-10 19:32:19.916 18889 19384 W System.err: 	at java.lang.Thread.run(Thread.java:818)
04-10 19:32:20.103 18889 18889 V D2xx::  : Vendor: 0403, Product: 6001
04-10 19:32:20.136 18889 18889 D UsbDeviceConnectionJNI: close
04-10 19:32:20.136 18889 18889 V RCActivity: onPause()
04-10 19:32:20.207 18889 18889 V D2xx::  : Vendor: 0403, Product: 6001
04-10 19:32:20.208 18889 18889 D FTDI_Device::: open SUCCESS
04-10 19:32:20.208 18889 18889 I FTDI_Device::: EP: 0x81
04-10 19:32:20.208 18889 18889 I FTDI_Device::: EP: 0x02
04-10 19:32:20.208 18889 18889 D D2XX::  : **********************Device Opened**********************
04-10 19:32:20.210 18889 18889 D UsbDeviceConnectionJNI: close
04-10 19:32:20.211 18889 18889 V RCActivity: onResume()
04-10 19:32:20.212 18889 19385 W System.err: java.lang.NullPointerException: Attempt to read from null array
04-10 19:32:20.212 18889 19385 W System.err: 	at com.ftdi.j2xx.ProcessInCtrl.acquireWritableBuffer(FT_Device.java:2281)
04-10 19:32:20.212 18889 19385 W System.err: 	at com.ftdi.j2xx.BulkInWorker.run(FT_Device.java:2853)
04-10 19:32:20.212 18889 19385 W System.err: 	at java.lang.Thread.run(Thread.java:818)
04-10 19:32:20.212 18889 19386 E ProcessRequestThread::: Fatal error!
04-10 19:32:20.212 18889 19385 E BulkIn::: Fatal error in BulkIn thread
04-10 19:32:20.212 18889 19386 W System.err: java.lang.NullPointerException: Attempt to read from null array
04-10 19:32:20.213 18889 19386 W System.err: 	at com.ftdi.j2xx.ProcessInCtrl.acquireReadableBuffer(FT_Device.java:2294)
04-10 19:32:20.213 18889 19386 W System.err: 	at com.ftdi.j2xx.ProcessRequestWorker.run(FT_Device.java:2764)
04-10 19:32:20.213 18889 19386 W System.err: 	at java.lang.Thread.run(Thread.java:818)
04-10 19:32:20.310 18889 18889 V D2xx::  : Vendor: 0403, Product: 6001
04-10 19:32:20.323 18889 18889 D UsbDeviceConnectionJNI: close
04-10 19:32:20.323 18889 18889 V RCActivity: onPause()
04-10 19:32:20.324 18889 18889 V D2xx::  : Vendor: 0403, Product: 6001
04-10 19:32:20.324 18889 18889 D FTDI_Device::: open SUCCESS
04-10 19:32:20.324 18889 18889 I FTDI_Device::: EP: 0x81
04-10 19:32:20.325 18889 18889 I FTDI_Device::: EP: 0x02
04-10 19:32:20.325 18889 18889 D D2XX::  : **********************Device Opened**********************
04-10 19:32:20.329 18889 18889 D UsbDeviceConnectionJNI: close
04-10 19:32:20.329 18889 18889 V RCActivity: onResume()
04-10 19:32:20.331 18889 19387 W System.err: java.lang.NullPointerException: Attempt to read from null array
04-10 19:32:20.331 18889 19387 W System.err: 	at com.ftdi.j2xx.ProcessInCtrl.acquireWritableBuffer(FT_Device.java:2281)
04-10 19:32:20.331 18889 19387 W System.err: 	at com.ftdi.j2xx.BulkInWorker.run(FT_Device.java:2853)
04-10 19:32:20.331 18889 19387 W System.err: 	at java.lang.Thread.run(Thread.java:818)
04-10 19:32:20.331 18889 19387 E BulkIn::: Fatal error in BulkIn thread
04-10 19:32:20.332 18889 19388 E ProcessRequestThread::: Fatal error!
04-10 19:32:20.332 18889 19388 W System.err: java.lang.NullPointerException: Attempt to read from null array
04-10 19:32:20.332 18889 19388 W System.err: 	at com.ftdi.j2xx.ProcessInCtrl.acquireReadableBuffer(FT_Device.java:2294)
04-10 19:32:20.332 18889 19388 W System.err: 	at com.ftdi.j2xx.ProcessRequestWorker.run(FT_Device.java:2764)
04-10 19:32:20.332 18889 19388 W System.err: 	at java.lang.Thread.run(Thread.java:818)
04-10 19:32:20.523 18889 18889 V D2xx::  : Vendor: 0403, Product: 6001
04-10 19:32:20.534 18889 18889 D UsbDeviceConnectionJNI: close
04-10 19:32:20.534 18889 18889 V RCActivity: onPause()
04-10 19:32:20.534 18889 18889 V D2xx::  : Vendor: 0403, Product: 6001
04-10 19:32:20.535 18889 18889 D FTDI_Device::: open SUCCESS
04-10 19:32:20.536 18889 18889 I FTDI_Device::: EP: 0x81
04-10 19:32:20.536 18889 18889 I FTDI_Device::: EP: 0x02
04-10 19:32:20.536 18889 18889 D D2XX::  : **********************Device Opened**********************
04-10 19:32:20.538 18889 18889 D UsbDeviceConnectionJNI: close
04-10 19:32:20.538 18889 18889 V RCActivity: onResume()
04-10 19:32:20.539 18889 19390 E ProcessRequestThread::: Fatal error!
04-10 19:32:20.539 18889 19390 W System.err: java.lang.NullPointerException: Attempt to read from null array
04-10 19:32:20.539 18889 19390 W System.err: 	at com.ftdi.j2xx.ProcessInCtrl.acquireReadableBuffer(FT_Device.java:2294)
04-10 19:32:20.539 18889 19390 W System.err: 	at com.ftdi.j2xx.ProcessRequestWorker.run(FT_Device.java:2764)
04-10 19:32:20.539 18889 19390 W System.err: 	at java.lang.Thread.run(Thread.java:818)
04-10 19:32:20.540 18889 19389 W System.err: java.lang.NullPointerException: Attempt to read from null array
04-10 19:32:20.540 18889 19389 W System.err: 	at com.ftdi.j2xx.ProcessInCtrl.acquireWritableBuffer(FT_Device.java:2281)
04-10 19:32:20.540 18889 19389 W System.err: 	at com.ftdi.j2xx.BulkInWorker.run(FT_Device.java:2853)
04-10 19:32:20.540 18889 19389 W System.err: 	at java.lang.Thread.run(Thread.java:818)
04-10 19:32:20.540 18889 19389 E BulkIn::: Fatal error in BulkIn thread
04-10 19:32:20.736 18889 18889 V D2xx::  : Vendor: 0403, Product: 6001
04-10 19:32:20.747 18889 18889 D UsbDeviceConnectionJNI: close
04-10 19:32:20.747 18889 18889 V RCActivity: onPause()
04-10 19:32:20.748 18889 18889 V D2xx::  : Vendor: 0403, Product: 6001
04-10 19:32:20.748 18889 18889 D FTDI_Device::: open SUCCESS
04-10 19:32:20.748 18889 18889 I FTDI_Device::: EP: 0x81
04-10 19:32:20.748 18889 18889 I FTDI_Device::: EP: 0x02
04-10 19:32:20.748 18889 18889 D D2XX::  : **********************Device Opened**********************
04-10 19:32:20.750 18889 18889 D UsbDeviceConnectionJNI: close
04-10 19:32:20.751 18889 18889 V RCActivity: onResume()
04-10 19:32:20.752 18889 19392 E ProcessRequestThread::: Fatal error!
04-10 19:32:20.752 18889 19392 W System.err: java.lang.NullPointerException: Attempt to read from null array
04-10 19:32:20.752 18889 19391 W System.err: java.lang.NullPointerException: Attempt to read from null array
04-10 19:32:20.752 18889 19392 W System.err: 	at com.ftdi.j2xx.ProcessInCtrl.acquireReadableBuffer(FT_Device.java:2294)
04-10 19:32:20.752 18889 19392 W System.err: 	at 	at com.ftdi.j2xx.ProcessRequestWorker.run(FT_Device.java:2764)
04-10 19:32:20.752 18889 19391 W System.err: 	at com.ftdi.j2xx.ProcessInCtrl.acquireWritableBuffer(FT_Device.java:2281)
04-10 19:32:20.752 18889 19392 W System.err: java.lang.Thread.run(Thread.java:818)
04-10 19:32:20.752 18889 19391 W System.err: 	at com.ftdi.j2xx.BulkInWorker.run(FT_Device.java:2853)
04-10 19:32:20.752 18889 19391 W System.err: 	at java.lang.Thread.run(Thread.java:818)
04-10 19:32:20.752 18889 19391 E BulkIn::: Fatal error in BulkIn thread
04-10 19:32:22.606 18889 18889 D UsbDeviceConnectionJNI: close
04-10 19:32:22.606 18889 19382 D ProcessRequestThread::: Device has been closed.
04-10 19:32:22.606 18889 19382 W System.err: java.lang.InterruptedException
04-10 19:32:22.607 18889 19382 W System.err: 	at java.util.concurrent.locks.AbstractQueuedSynchronizer.doAcquireSharedInterruptibly(AbstractQueuedSynchronizer.java:972)
04-10 19:32:22.607 18889 19382 W System.err: 	at java.util.concurrent.locks.AbstractQueuedSynchronizer.acquireSharedInterruptibly(AbstractQueuedSynchronizer.java:1278)
04-10 19:32:22.607 18889 19382 W System.err: 	at java.util.concurrent.Semaphore.acquire(Semaphore.java:284)
04-10 19:32:22.607 18889 19382 W System.err: 	at com.ftdi.j2xx.ProcessInCtrl.acquireReadableBuffer(FT_Device.java:2294)
04-10 19:32:22.607 18889 19382 W System.err: 	at com.ftdi.j2xx.ProcessRequestWorker.run(FT_Device.java:2764)
04-10 19:32:22.607 18889 19382 W System.err: 	at java.lang.Thread.run(Thread.java:818)
04-10 19:32:22.607 18889 19381 D BulkIn::: Stop BulkIn thread
04-10 19:32:22.607 18889 19381 W System.err: java.lang.NullPointerException: Attempt to invoke virtual method 'int com.ftdi.j2xx.D2xxManager$DriverParameters.getBufferNumber()' on a null object reference
04-10 19:32:22.607 18889 19381 W System.err: 	at com.ftdi.j2xx.ProcessInCtrl.releaseWritableBuffers(FT_Device.java:2672)
04-10 19:32:22.608 18889 19381 W System.err: 	at com.ftdi.j2xx.BulkInWorker.run(FT_Device.java:2879)
04-10 19:32:22.608 18889 19381 W System.err: 	at java.lang.Thread.run(Thread.java:818)
04-10 19:32:22.609 18889 19290 D RobotCore: arming modern servo controller Modern Robotics USB Servo Controller [AL00VST0] (pretend)...
04-10 19:32:22.609 18889 19290 V RobotCore: Starting up pretend device AL00VST0
04-10 19:32:22.610 18889 19427 V RobotCore: thread: 'r/w loop: Modern Robotics USB Servo Controller [AL00VST0]' starting...
04-10 19:32:22.610 18889 19290 D RobotCore: ...arming modern servo controller Modern Robotics USB Servo Controller [AL00VST0] complete
04-10 19:32:22.611 18889 19290 I FIRST   : ======= MODULE ATTACH: complete Modern Robotics USB Servo Controller [AL00VST0]=======
04-10 19:32:22.615 18889 19290 D RobotCore: system telemetry: key=$System$Warning$ msg="unable to open Modern Robotics USB DC Motor Controller [AL00VWH0]; unable to open Modern Robotics USB Core Device Interface Module [AI02RHDJ]; unable to open Modern Robotics USB DC Motor Controller [AI049QOP]; unable to open Modern Robotics USB DC Motor Controller [A104OQ1P]; unable to open Modern Robotics USB DC Motor Controller [AL00VBIF]; unable to open Modern Robotics USB Servo Controller [AL00VST0]"
04-10 19:32:22.615 18889 19290 I FIRST   : ======= MODULE ATTACH: disarm Modern Robotics USB DC Motor Controller [AI049QOP]=======
04-10 19:32:22.615 18889 19290 D RobotCore: disarming modern motor controller Modern Robotics USB DC Motor Controller [AI049QOP]...
04-10 19:32:22.621 18889 19290 V RobotCore: waiting for service ReadWriteRunnable for Modern Robotics USB Device
04-10 19:32:22.621 18889 19283 V RobotCore: thread: ...terminating 'r/w loop: Modern Robotics USB DC Motor Controller [AI049QOP]'
04-10 19:32:22.621 18889 19290 V RobotCore: awaitTermination returned, isTerminated=true
04-10 19:32:22.621 18889 19290 V RobotCore: executive service ReadWriteRunnable for Modern Robotics USB Device is terminated
04-10 19:32:22.621 18889 19290 D RobotCore: ...disarming modern motor controller Modern Robotics USB DC Motor Controller [AI049QOP] complete
04-10 19:32:22.621 18889 19290 I FIRST   : ======= MODULE ATTACH: arm or pretend Modern Robotics USB DC Motor Controller [AI049QOP]=======
04-10 19:32:22.621 18889 19290 D RobotCore: arming modern motor controller Modern Robotics USB DC Motor Controller [AI049QOP]...
04-10 19:32:22.622 18889 19290 V D2xx::  : Vendor: 0403, Product: 6001
04-10 19:32:22.623 18889 19290 V D2xx::  : Vendor: 0403, Product: 6001
04-10 19:32:22.624 18889 19290 V D2xx::  : Vendor: 0403, Product: 6001
04-10 19:32:22.625 18889 19290 V D2xx::  : Vendor: 0403, Product: 6001
04-10 19:32:22.626 18889 19290 V D2xx::  : Vendor: 0403, Product: 6001
04-10 19:32:22.627 18889 19290 D FTDI_Device::: open SUCCESS
04-10 19:32:22.627 18889 19290 I FTDI_Device::: EP: 0x81
04-10 19:32:22.627 18889 19290 I FTDI_Device::: EP: 0x02
04-10 19:32:22.627 18889 19290 D D2XX::  : **********************Device Opened**********************
04-10 19:32:22.649 18889 19276 D RobotCore: system telemetry: key=$System$Warning$ msg="unable to open Modern Robotics USB DC Motor Controller [AL00VWH0]; unable to open Modern Robotics USB Core Device Interface Module [AI02RHDJ]; unable to open Modern Robotics USB DC Motor Controller [A104OQ1P]; unable to open Modern Robotics USB DC Motor Controller [AL00VBIF]; unable to open Modern Robotics USB Servo Controller [AL00VST0]"
04-10 19:32:22.661 18889 19290 D UsbDeviceConnectionJNI: close
04-10 19:32:22.661 18889 19429 D ProcessRequestThread::: Device has been closed.
04-10 19:32:22.661 18889 19429 W System.err: java.lang.InterruptedException
04-10 19:32:22.661 18889 19429 W System.err: 	at java.util.concurrent.locks.AbstractQueuedSynchronizer.doAcquireSharedInterruptibly(AbstractQueuedSynchronizer.java:972)
04-10 19:32:22.661 18889 19429 W System.err: 	at java.util.concurrent.locks.AbstractQueuedSynchronizer.acquireSharedInterruptibly(AbstractQueuedSynchronizer.java:1278)
04-10 19:32:22.662 18889 19429 W System.err: 	at java.util.concurrent.Semaphore.acquire(Semaphore.java:284)
04-10 19:32:22.662 18889 19429 W System.err: 	at com.ftdi.j2xx.ProcessInCtrl.acquireReadableBuffer(FT_Device.java:2294)
04-10 19:32:22.662 18889 19429 W System.err: 	at com.ftdi.j2xx.ProcessRequestWorker.run(FT_Device.java:2764)
04-10 19:32:22.662 18889 19429 W System.err: 	at java.lang.Thread.run(Thread.java:818)
04-10 19:32:22.662 18889 19290 W System.err: Unable to open USB device AI049QOP - FT232R USB UART [AI049QOP]: FTDI driver failed to set baud rate to 250000
04-10 19:32:22.662 18889 19290 D RobotCore: arming modern motor controller Modern Robotics USB DC Motor Controller [AI049QOP] (pretend)...
04-10 19:32:22.662 18889 19290 V RobotCore: Starting up pretend device AI049QOP
04-10 19:32:22.663 18889 19428 D BulkIn::: Stop BulkIn thread
04-10 19:32:22.663 18889 19428 W System.err: java.lang.NullPointerException: Attempt to invoke virtual method 'int com.ftdi.j2xx.D2xxManager$DriverParameters.getBufferNumber()' on a null object reference
04-10 19:32:22.663 18889 19428 W System.err: 	at com.ftdi.j2xx.ProcessInCtrl.releaseWritableBuffers(FT_Device.java:2672)
04-10 19:32:22.663 18889 19428 W System.err: 	at com.ftdi.j2xx.BulkInWorker.run(FT_Device.java:2879)
04-10 19:32:22.663 18889 19428 W System.err: 	at java.lang.Thread.run(Thread.java:818)
04-10 19:32:22.663 18889 19430 V RobotCore: thread: 'r/w loop: Modern Robotics USB DC Motor Controller [AI049QOP]' starting...
04-10 19:32:22.664 18889 19290 D RobotCore: ...arming modern motor controller Modern Robotics USB DC Motor Controller [AI049QOP] complete
04-10 19:32:22.664 18889 19290 I FIRST   : ======= MODULE ATTACH: complete Modern Robotics USB DC Motor Controller [AI049QOP]=======
04-10 19:32:22.664 18889 19290 I FIRST   : ======= MODULE ATTACH: disarm Modern Robotics USB DC Motor Controller [A104OQ1P]=======
04-10 19:32:22.664 18889 19290 D RobotCore: disarming modern motor controller Modern Robotics USB DC Motor Controller [A104OQ1P]...
04-10 19:32:22.667 18889 19281 V RobotCore: thread: ...terminating 'r/w loop: Modern Robotics USB DC Motor Controller [A104OQ1P]'
04-10 19:32:22.667 18889 19290 V RobotCore: waiting for service ReadWriteRunnable for Modern Robotics USB Device
04-10 19:32:22.667 18889 19290 V RobotCore: awaitTermination returned, isTerminated=true
04-10 19:32:22.667 18889 19290 V RobotCore: executive service ReadWriteRunnable for Modern Robotics USB Device is terminated
04-10 19:32:22.667 18889 19290 D RobotCore: ...disarming modern motor controller Modern Robotics USB DC Motor Controller [A104OQ1P] complete
04-10 19:32:22.667 18889 19290 I FIRST   : ======= MODULE ATTACH: arm or pretend Modern Robotics USB DC Motor Controller [A104OQ1P]=======
04-10 19:32:22.667 18889 19290 D RobotCore: arming modern motor controller Modern Robotics USB DC Motor Controller [A104OQ1P]...
04-10 19:32:22.669 18889 19290 V D2xx::  : Vendor: 0403, Product: 6001
04-10 19:32:22.670 18889 19290 V D2xx::  : Vendor: 0403, Product: 6001
04-10 19:32:22.671 18889 19290 V D2xx::  : Vendor: 0403, Product: 6001
04-10 19:32:22.673 18889 19290 V D2xx::  : Vendor: 0403, Product: 6001
04-10 19:32:22.674 18889 19290 V D2xx::  : Vendor: 0403, Product: 6001
04-10 19:32:22.675 18889 19290 D FTDI_Device::: open SUCCESS
04-10 19:32:22.675 18889 19290 I FTDI_Device::: EP: 0x81
04-10 19:32:22.675 18889 19290 I FTDI_Device::: EP: 0x02
04-10 19:32:22.675 18889 19290 D D2XX::  : **********************Device Opened**********************
04-10 19:32:22.709 18889 19290 D UsbDeviceConnectionJNI: close
04-10 19:32:22.710 18889 19290 W System.err: Unable to open USB device A104OQ1P - FT232R USB UART [A104OQ1P]: FTDI driver failed to set baud rate to 250000
04-10 19:32:22.710 18889 19290 D RobotCore: arming modern motor controller Modern Robotics USB DC Motor Controller [A104OQ1P] (pretend)...
04-10 19:32:22.710 18889 19290 V RobotCore: Starting up pretend device A104OQ1P
04-10 19:32:22.711 18889 19431 D BulkIn::: Stop BulkIn thread
04-10 19:32:22.711 18889 19431 W System.err: java.lang.NullPointerException: Attempt to invoke virtual method 'int com.ftdi.j2xx.D2xxManager$DriverParameters.getBufferNumber()' on a null object reference
04-10 19:32:22.711 18889 19431 W System.err: 	at com.ftdi.j2xx.ProcessInCtrl.releaseWritableBuffers(FT_Device.java:2672)
04-10 19:32:22.711 18889 19431 W System.err: 	at com.ftdi.j2xx.BulkInWorker.run(FT_Device.java:2879)
04-10 19:32:22.711 18889 19431 W System.err: 	at java.lang.Thread.run(Thread.java:818)
04-10 19:32:22.712 18889 19433 V RobotCore: thread: 'r/w loop: Modern Robotics USB DC Motor Controller [A104OQ1P]' starting...
04-10 19:32:22.713 18889 19290 D RobotCore: ...arming modern motor controller Modern Robotics USB DC Motor Controller [A104OQ1P] complete
04-10 19:32:22.713 18889 19290 I FIRST   : ======= MODULE ATTACH: complete Modern Robotics USB DC Motor Controller [A104OQ1P]=======
04-10 19:32:22.713 18889 19290 I FIRST   : ======= MODULE ATTACH: disarm Modern Robotics USB DC Motor Controller [AL00VBIF]=======
04-10 19:32:22.713 18889 19290 D RobotCore: disarming modern motor controller Modern Robotics USB DC Motor Controller [AL00VBIF]...
04-10 19:32:22.714 18889 19290 V RobotCore: waiting for service ReadWriteRunnable for Modern Robotics USB Device
04-10 19:32:22.714 18889 19284 V RobotCore: thread: ...terminating 'r/w loop: Modern Robotics USB DC Motor Controller [AL00VBIF]'
04-10 19:32:22.714 18889 19432 D ProcessRequestThread::: Device has been closed.
04-10 19:32:22.714 18889 19290 V RobotCore: awaitTermination returned, isTerminated=true
04-10 19:32:22.714 18889 19290 V RobotCore: executive service ReadWriteRunnable for Modern Robotics USB Device is terminated
04-10 19:32:22.714 18889 19290 D RobotCore: ...disarming modern motor controller Modern Robotics USB DC Motor Controller [AL00VBIF] complete
04-10 19:32:22.714 18889 19290 I FIRST   : ======= MODULE ATTACH: arm or pretend Modern Robotics USB DC Motor Controller [AL00VBIF]=======
04-10 19:32:22.714 18889 19290 D RobotCore: arming modern motor controller Modern Robotics USB DC Motor Controller [AL00VBIF]...
04-10 19:32:22.715 18889 19432 W System.err: java.lang.InterruptedException
04-10 19:32:22.715 18889 19432 W System.err: 	at java.util.concurrent.locks.AbstractQueuedSynchronizer.doAcquireSharedInterruptibly(AbstractQueuedSynchronizer.java:972)
04-10 19:32:22.715 18889 19432 W System.err: 	at java.util.concurrent.locks.AbstractQueuedSynchronizer.acquireSharedInterruptibly(AbstractQueuedSynchronizer.java:1278)
04-10 19:32:22.715 18889 19432 W System.err: 	at java.util.concurrent.Semaphore.acquire(Semaphore.java:284)
04-10 19:32:22.715 18889 19432 W System.err: 	at com.ftdi.j2xx.ProcessInCtrl.acquireReadableBuffer(FT_Device.java:2294)
04-10 19:32:22.715 18889 19432 W System.err: 	at com.ftdi.j2xx.ProcessRequestWorker.run(FT_Device.java:2764)
04-10 19:32:22.715 18889 19432 W System.err: 	at java.lang.Thread.run(Thread.java:818)
04-10 19:32:22.715 18889 19290 V D2xx::  : Vendor: 0403, Product: 6001
04-10 19:32:22.716 18889 19290 V D2xx::  : Vendor: 0403, Product: 6001
04-10 19:32:22.717 18889 19290 V D2xx::  : Vendor: 0403, Product: 6001
04-10 19:32:22.718 18889 19290 V D2xx::  : Vendor: 0403, Product: 6001
04-10 19:32:22.719 18889 19290 V D2xx::  : Vendor: 0403, Product: 6001
04-10 19:32:22.720 18889 19290 D FTDI_Device::: open SUCCESS
04-10 19:32:22.720 18889 19290 I FTDI_Device::: EP: 0x81
04-10 19:32:22.720 18889 19290 I FTDI_Device::: EP: 0x02
04-10 19:32:22.720 18889 19290 D D2XX::  : **********************Device Opened**********************
04-10 19:32:22.754 18889 19435 D ProcessRequestThread::: Device has been closed.
04-10 19:32:22.754 18889 19435 W System.err: java.lang.InterruptedException
04-10 19:32:22.755 18889 19435 W System.err: 	at java.util.concurrent.locks.AbstractQueuedSynchronizer.doAcquireSharedInterruptibly(AbstractQueuedSynchronizer.java:972)
04-10 19:32:22.755 18889 19435 W System.err: 	at java.util.concurrent.locks.AbstractQueuedSynchronizer.acquireSharedInterruptibly(AbstractQueuedSynchronizer.java:1278)
04-10 19:32:22.755 18889 19435 W System.err: 	at java.util.concurrent.Semaphore.acquire(Semaphore.java:284)
04-10 19:32:22.755 18889 19435 W System.err: 	at com.ftdi.j2xx.ProcessInCtrl.acquireReadableBuffer(FT_Device.java:2294)
04-10 19:32:22.755 18889 19435 W System.err: 	at com.ftdi.j2xx.ProcessRequestWorker.run(FT_Device.java:2764)
04-10 19:32:22.755 18889 19435 W System.err: 	at java.lang.Thread.run(Thread.java:818)
04-10 19:32:22.755 18889 19290 D UsbDeviceConnectionJNI: close
04-10 19:32:22.755 18889 19290 W System.err: Unable to open USB device AL00VBIF - FT232R USB UART [AL00VBIF]: FTDI driver failed to set baud rate to 250000
04-10 19:32:22.756 18889 19434 D BulkIn::: Stop BulkIn thread
04-10 19:32:22.756 18889 19434 W System.err: java.lang.NullPointerException: Null pointer exception during instruction 'monitor-enter v2'
04-10 19:32:22.756 18889 19434 W System.err: 	at com.ftdi.j2xx.ProcessInCtrl.getBuffer(FT_Device.java:2269)
04-10 19:32:22.756 18889 19434 W System.err: 	at com.ftdi.j2xx.ProcessInCtrl.releaseWritableBuffers(FT_Device.java:2675)
04-10 19:32:22.756 18889 19434 W System.err: 	at com.ftdi.j2xx.BulkInWorker.run(FT_Device.java:2879)
04-10 19:32:22.756 18889 19434 W System.err: 	at java.lang.Thread.run(Thread.java:818)
04-10 19:32:22.756 18889 19290 D RobotCore: arming modern motor controller Modern Robotics USB DC Motor Controller [AL00VBIF] (pretend)...
04-10 19:32:22.756 18889 19290 V RobotCore: Starting up pretend device AL00VBIF
04-10 19:32:22.757 18889 19436 V RobotCore: thread: 'r/w loop: Modern Robotics USB DC Motor Controller [AL00VBIF]' starting...
04-10 19:32:22.758 18889 19290 D RobotCore: ...arming modern motor controller Modern Robotics USB DC Motor Controller [AL00VBIF] complete
04-10 19:32:22.758 18889 19290 I FIRST   : ======= MODULE ATTACH: complete Modern Robotics USB DC Motor Controller [AL00VBIF]=======
04-10 19:32:22.758 18889 19290 I FIRST   : ======= MODULE ATTACH: disarm Modern Robotics USB DC Motor Controller [AL00VWH0]=======
04-10 19:32:22.758 18889 19290 D RobotCore: disarming modern motor controller Modern Robotics USB DC Motor Controller [AL00VWH0]...
04-10 19:32:22.762 18889 19282 V RobotCore: thread: ...terminating 'r/w loop: Modern Robotics USB DC Motor Controller [AL00VWH0]'
04-10 19:32:22.763 18889 19290 V RobotCore: executive service ReadWriteRunnable for Modern Robotics USB Device is terminated
04-10 19:32:22.763 18889 19290 D RobotCore: ...disarming modern motor controller Modern Robotics USB DC Motor Controller [AL00VWH0] complete
04-10 19:32:22.763 18889 19290 I FIRST   : ======= MODULE ATTACH: arm or pretend Modern Robotics USB DC Motor Controller [AL00VWH0]=======
04-10 19:32:22.763 18889 19290 D RobotCore: arming modern motor controller Modern Robotics USB DC Motor Controller [AL00VWH0]...
04-10 19:32:22.764 18889 19290 V D2xx::  : Vendor: 0403, Product: 6001
04-10 19:32:22.765 18889 19290 V D2xx::  : Vendor: 0403, Product: 6001
04-10 19:32:22.766 18889 19290 V D2xx::  : Vendor: 0403, Product: 6001
04-10 19:32:22.767 18889 19290 V D2xx::  : Vendor: 0403, Product: 6001
04-10 19:32:22.768 18889 19290 V D2xx::  : Vendor: 0403, Product: 6001
04-10 19:32:22.769 18889 19290 D FTDI_Device::: open SUCCESS
04-10 19:32:22.769 18889 19276 D RobotCore: system telemetry: key=$System$Warning$ msg="unable to open Modern Robotics USB Core Device Interface Module [AI02RHDJ]; unable to open Modern Robotics USB DC Motor Controller [AI049QOP]; unable to open Modern Robotics USB DC Motor Controller [A104OQ1P]; unable to open Modern Robotics USB DC Motor Controller [AL00VBIF]; unable to open Modern Robotics USB Servo Controller [AL00VST0]"
04-10 19:32:22.769 18889 19290 I FTDI_Device::: EP: 0x81
04-10 19:32:22.769 18889 19290 I FTDI_Device::: EP: 0x02
04-10 19:32:22.769 18889 19290 D D2XX::  : **********************Device Opened**********************
04-10 19:32:22.805 18889 19290 D UsbDeviceConnectionJNI: close
04-10 19:32:22.805 18889 19438 D ProcessRequestThread::: Device has been closed.
04-10 19:32:22.805 18889 19438 W System.err: java.lang.InterruptedException
04-10 19:32:22.806 18889 19438 W System.err: 	at java.util.concurrent.locks.AbstractQueuedSynchronizer.doAcquireSharedInterruptibly(AbstractQueuedSynchronizer.java:972)
04-10 19:32:22.806 18889 19438 W System.err: 	at java.util.concurrent.locks.AbstractQueuedSynchronizer.acquireSharedInterruptibly(AbstractQueuedSynchronizer.java:1278)
04-10 19:32:22.806 18889 19438 W System.err: 	at java.util.concurrent.Semaphore.acquire(Semaphore.java:284)
04-10 19:32:22.806 18889 19438 W System.err: 	at com.ftdi.j2xx.ProcessInCtrl.acquireReadableBuffer(FT_Device.java:2294)
04-10 19:32:22.806 18889 19438 W System.err: 	at com.ftdi.j2xx.ProcessRequestWorker.run(FT_Device.java:2764)
04-10 19:32:22.806 18889 19438 W System.err: 	at java.lang.Thread.run(Thread.java:818)
04-10 19:32:22.806 18889 19290 W System.err: Unable to open USB device AL00VWH0 - FT232R USB UART [AL00VWH0]: FTDI driver failed to set baud rate to 250000
04-10 19:32:22.806 18889 19290 D RobotCore: arming modern motor controller Modern Robotics USB DC Motor Controller [AL00VWH0] (pretend)...
04-10 19:32:22.806 18889 19437 D BulkIn::: Stop BulkIn thread
04-10 19:32:22.806 18889 19437 W System.err: java.lang.NullPointerException: Attempt to invoke virtual method 'int com.ftdi.j2xx.D2xxManager$DriverParameters.getBufferNumber()' on a null object reference
04-10 19:32:22.806 18889 19290 V RobotCore: Starting up pretend device AL00VWH0
04-10 19:32:22.806 18889 19437 W System.err: 	at com.ftdi.j2xx.ProcessInCtrl.releaseWritableBuffers(FT_Device.java:2672)
04-10 19:32:22.806 18889 19437 W System.err: 	at com.ftdi.j2xx.BulkInWorker.run(FT_Device.java:2879)
04-10 19:32:22.806 18889 19437 W System.err: 	at java.lang.Thread.run(Thread.java:818)
04-10 19:32:22.807 18889 19439 V RobotCore: thread: 'r/w loop: Modern Robotics USB DC Motor Controller [AL00VWH0]' starting...
04-10 19:32:22.808 18889 19290 D RobotCore: ...arming modern motor controller Modern Robotics USB DC Motor Controller [AL00VWH0] complete
04-10 19:32:22.808 18889 19290 I FIRST   : ======= MODULE ATTACH: complete Modern Robotics USB DC Motor Controller [AL00VWH0]=======
04-10 19:32:22.808 18889 19290 I FIRST   : ======= MODULE ATTACH: disarm Modern Robotics USB Core Device Interface Module [AI02RHDJ]=======
