01-05 23:42:04.708 13163 13163 V FTCService: RCActivity.controllerService=bound
01-05 23:42:04.708 13163 13163 V RobotCore: Network: unknown, disconnected
01-05 23:42:04.709 13163 13163 V RobotCore: Robot Status: stopped
01-05 23:42:04.726 13163 13163 D OpmodeRegistration: registered {DefaultOpMode} as {$Stop$Robot$}
01-05 23:42:04.727 13163 13163 V FTCService: Processing robot setup
01-05 23:42:04.728 13163 13163 D WifiDirect: cannot create group, does group already exist?
01-05 23:42:04.731 13163 13218 V RobotCore: thread: 'RobotSetupRunnable.run()' starting...
01-05 23:42:04.731 13163 13218 V RobotCore: Robot Status: stopped, scanning for USB devices
01-05 23:42:04.763 13163 13163 D WifiDirect: group owners address: /192.168.49.1
01-05 23:42:04.763 13163 13163 D WifiDirect: group formed, this device is the group owner (GO)
01-05 23:42:04.763 13163 13163 I FTCService: Wifi Direct - connected as group owner
01-05 23:42:04.763 13163 13163 D WifiDirect: stop discovering peers
01-05 23:42:04.769 13163 13163 V RobotCore: Network: enabled, disconnected
01-05 23:42:04.801 13163 13163 V WifiDirect: connection information available
01-05 23:42:04.801 13163 13163 V WifiDirect: connection information - groupOwnerName = 9899-E-RC
01-05 23:42:04.801 13163 13163 V WifiDirect: connection information - groupOwnerMacAddress = 24:da:9b:6a:a2:ba
01-05 23:42:04.802 13163 13163 V WifiDirect: connection information - groupInterface = p2p0
01-05 23:42:04.802 13163 13163 V WifiDirect: connection information - groupNetworkName = DIRECT-u3-9899-E-RC
01-05 23:42:04.802 13163 13163 I FTCService: Network Connection Passphrase: ZY55bu2t
01-05 23:42:04.802 13163 13163 V RobotCore: Network: active, disconnected
01-05 23:42:06.759 13163 13163 V RCActivity: onPause()
01-05 23:42:06.767 13163 13163 V RCActivity: onStop()
01-05 23:42:06.767 13163 13163 V RobotCore: waiting for service robot setup
01-05 23:42:06.768 13163 13218 V RobotCore: Robot Status: stopped, internal error
01-05 23:42:06.768 13163 13218 V RobotCore: thread: ...terminating 'RobotSetupRunnable.run()'
01-05 23:42:06.768 13163 13163 V RobotCore: awaitTermination returned, isTerminated=true
01-05 23:42:06.768 13163 13163 V RobotCore: executive service robot setup is terminated
01-05 23:42:06.768 13163 13163 V RobotCore: Robot Status: stopped
01-05 23:43:04.268 13613 13613 I art     : Late-enabling -Xcheck:jni
01-05 23:43:04.336 13613 13613 I InstantRun: Instant Run Runtime started. Android package is com.qualcomm.ftcrobotcontroller, real application class is org.firstinspires.ftc.robotcore.internal.RobotApplication.
01-05 23:43:04.700 13613 13613 V RCActivity: onCreate()
01-05 23:43:04.704 13613 13627 V RobotCore: saving logcat to /storage/emulated/0/com.qualcomm.ftcrobotcontroller.logcat
01-05 23:43:04.704 13613 13627 V RobotCore: logging command line: logcat -f /storage/emulated/0/com.qualcomm.ftcrobotcontroller.logcat -r4096 -n4 -v threadtime UsbRequestJNI:S UsbRequest:S *:V
01-05 23:43:04.733 13629 13629 W ps      : type=1400 audit(0.0:78060): avc: denied { getattr } for uid=10109 path="/proc/1" dev="proc" ino=1530934 scontext=u:r:untrusted_app:s0:c512,c768 tcontext=u:r:init:s0 tclass=dir permissive=0
01-05 23:43:04.733 13629 13629 W ps      : type=1400 audit(0.0:78061): avc: denied { search } for uid=10109 name="1" dev="proc" ino=1530934 scontext=u:r:untrusted_app:s0:c512,c768 tcontext=u:r:init:s0 tclass=dir permissive=0
01-05 23:43:04.733 13629 13629 W ps      : type=1400 audit(0.0:78062): avc: denied { search } for uid=10109 name="1" dev="proc" ino=1530934 scontext=u:r:untrusted_app:s0:c512,c768 tcontext=u:r:init:s0 tclass=dir permissive=0
01-05 23:43:04.733 13629 13629 W ps      : type=1400 audit(0.0:78063): avc: denied { getattr } for uid=10109 path="/proc/2" dev="proc" ino=1529584 scontext=u:r:untrusted_app:s0:c512,c768 tcontext=u:r:kernel:s0 tclass=dir permissive=0
01-05 23:43:04.733 13629 13629 W ps      : type=1400 audit(0.0:78064): avc: denied { search } for uid=10109 name="2" dev="proc" ino=1529584 scontext=u:r:untrusted_app:s0:c512,c768 tcontext=u:r:kernel:s0 tclass=dir permissive=0
01-05 23:43:04.733 13629 13629 W ps      : type=1400 audit(0.0:78065): avc: denied { search } for uid=10109 name="2" dev="proc" ino=1529584 scontext=u:r:untrusted_app:s0:c512,c768 tcontext=u:r:kernel:s0 tclass=dir permissive=0
01-05 23:43:04.733 13629 13629 W ps      : type=1400 audit(0.0:78066): avc: denied { getattr } for uid=10109 path="/proc/3" dev="proc" ino=1529585 scontext=u:r:untrusted_app:s0:c512,c768 tcontext=u:r:kernel:s0 tclass=dir permissive=0
01-05 23:43:04.733 13629 13629 W ps      : type=1400 audit(0.0:78067): avc: denied { search } for uid=10109 name="3" dev="proc" ino=1529585 scontext=u:r:untrusted_app:s0:c512,c768 tcontext=u:r:kernel:s0 tclass=dir permissive=0
01-05 23:43:04.733 13629 13629 W ps      : type=1400 audit(0.0:78068): avc: denied { search } for uid=10109 name="3" dev="proc" ino=1529585 scontext=u:r:untrusted_app:s0:c512,c768 tcontext=u:r:kernel:s0 tclass=dir permissive=0
01-05 23:43:04.733 13629 13629 W ps      : type=1400 audit(0.0:78069): avc: denied { getattr } for uid=10109 path="/proc/5" dev="proc" ino=1529586 scontext=u:r:untrusted_app:s0:c512,c768 tcontext=u:r:kernel:s0 tclass=dir permissive=0
01-05 23:43:04.733 13629 13629 W ps      : type=1400 audit(0.0:78070): avc: denied { search } for uid=10109 name="5" dev="proc" ino=1529586 scontext=u:r:untrusted_app:s0:c512,c768 tcontext=u:r:kernel:s0 tclass=dir permissive=0
01-05 23:43:04.733 13629 13629 W ps      : type=1400 audit(0.0:78071): avc: denied { search } for uid=10109 name="5" dev="proc" ino=1529586 scontext=u:r:untrusted_app:s0:c512,c768 tcontext=u:r:kernel:s0 tclass=dir permissive=0
01-05 23:43:04.733 13629 13629 W ps      : type=1400 audit(0.0:78072): avc: denied { getattr } for uid=10109 path="/proc/6" dev="proc" ino=1529587 scontext=u:r:untrusted_app:s0:c512,c768 tcontext=u:r:kernel:s0 tclass=dir permissive=0
01-05 23:43:04.733 13629 13629 W ps      : type=1400 audit(0.0:78073): avc: denied { search } for uid=10109 name="6" dev="proc" ino=1529587 scontext=u:r:untrusted_app:s0:c512,c768 tcontext=u:r:kernel:s0 tclass=dir permissive=0
01-05 23:43:04.733 13629 13629 W ps      : type=1400 audit(0.0:78074): avc: denied { search } for uid=10109 name="6" dev="proc" ino=1529587 scontext=u:r:untrusted_app:s0:c512,c768 tcontext=u:r:kernel:s0 tclass=dir permissive=0
01-05 23:43:04.736 13613 13613 I WebViewFactory: Loading com.google.android.webview version 46.0.2490.76 (code 249007600)
01-05 23:43:04.743 13629 13629 W ps      : type=1400 audit(0.0:78075): avc: denied { getattr } for uid=10109 path="/proc/7" dev="proc" ino=1529588 scontext=u:r:untrusted_app:s0:c512,c768 tcontext=u:r:kernel:s0 tclass=dir permissive=0
01-05 23:43:04.743 13629 13629 W ps      : type=1400 audit(0.0:78076): avc: denied { search } for uid=10109 name="7" dev="proc" ino=1529588 scontext=u:r:untrusted_app:s0:c512,c768 tcontext=u:r:kernel:s0 tclass=dir permissive=0
01-05 23:43:04.743 13629 13629 W ps      : type=1400 audit(0.0:78077): avc: denied { search } for uid=10109 name="7" dev="proc" ino=1529588 scontext=u:r:untrusted_app:s0:c512,c768 tcontext=u:r:kernel:s0 tclass=dir permissive=0
01-05 23:43:04.743 13629 13629 W ps      : type=1400 audit(0.0:78078): avc: denied { getattr } for uid=10109 path="/proc/8" dev="proc" ino=1529589 scontext=u:r:untrusted_app:s0:c512,c768 tcontext=u:r:kernel:s0 tclass=dir permissive=0
01-05 23:43:04.743 13629 13629 W ps      : type=1400 audit(0.0:78079): avc: denied { search } for uid=10109 name="8" dev="proc" ino=1529589 scontext=u:r:untrusted_app:s0:c512,c768 tcontext=u:r:kernel:s0 tclass=dir permissive=0
01-05 23:43:04.764 13613 13613 W System  : ClassLoader referenced unknown path: /system/app/WebViewGoogle/lib/arm
01-05 23:43:04.772 13613 13613 I cr.library_loader: Time to load native libraries: 4 ms (timestamps 4908-4912)
01-05 23:43:04.772 13613 13613 I cr.library_loader: Expected native library version number "46.0.2490.76", actual native library version number "46.0.2490.76"
01-05 23:43:04.806 13613 13613 V WebViewChromiumFactoryProvider: Binding Chromium to main looper Looper (main, tid 1) {4ddb89d}
01-05 23:43:04.807 13613 13613 I cr.library_loader: Expected native library version number "46.0.2490.76", actual native library version number "46.0.2490.76"
01-05 23:43:04.807 13613 13613 I chromium: [INFO:library_loader_hooks.cc(118)] Chromium logging enabled: level = 0, default verbosity = 0
01-05 23:43:04.814 13613 13613 I cr.BrowserStartup: Initializing chromium process, singleProcess=true
01-05 23:43:04.820 13613 13613 E SysUtils: ApplicationContext is null in ApplicationStatus
01-05 23:43:04.845 13613 13613 I Adreno-EGL: <qeglDrvAPI_eglInitialize:379>: EGL 1.4 QUALCOMM build:  (Ifd751822f5)
01-05 23:43:04.845 13613 13613 I Adreno-EGL: OpenGL ES Shader Compiler Version: XE031.06.00.05
01-05 23:43:04.845 13613 13613 I Adreno-EGL: Build Date: 01/26/16 Tue
01-05 23:43:04.845 13613 13613 I Adreno-EGL: Local Branch: AU12_SBA
01-05 23:43:04.845 13613 13613 I Adreno-EGL: Remote Branch: 
01-05 23:43:04.845 13613 13613 I Adreno-EGL: Local Patches: 
01-05 23:43:04.845 13613 13613 I Adreno-EGL: Reconstruct Branch: 
01-05 23:43:04.874 13613 13613 E chromium: [ERROR:browser_gpu_channel_host_factory.cc(258)] Failed to init browser shader disk cache.
01-05 23:43:04.890 13613 13613 E libEGL  : validate_display:255 error 3008 (EGL_BAD_DISPLAY)
01-05 23:43:04.926 13613 13613 W art     : Attempt to remove non-JNI local reference, dumping thread
01-05 23:43:04.935 13613 13613 W AwContents: onDetachedFromWindow called when already detached. Ignoring
01-05 23:43:06.457 13613 13613 V RobotCore: Network: inactive, disconnected
01-05 23:43:06.464 13613 13613 V RCActivity: onStart()
01-05 23:43:06.467 13613 13613 V RCActivity: onResume()
01-05 23:43:06.472 13613 13659 D OpenGLRenderer: Use EGL_SWAP_BEHAVIOR_PRESERVED: true
01-05 23:43:06.498 13613 13613 V RCActivity: onPause()
01-05 23:43:06.499 13613 13613 V RCActivity: onResume()
01-05 23:43:06.501 13613 13613 V RCActivity: onPause()
01-05 23:43:06.501 13613 13613 V RCActivity: onResume()
01-05 23:43:06.502 13613 13613 V RCActivity: onPause()
01-05 23:43:06.502 13613 13613 V RCActivity: onResume()
01-05 23:43:06.506 13613 13613 V RCActivity: onPause()
01-05 23:43:06.506 13613 13613 V RCActivity: onResume()
01-05 23:43:06.507 13613 13613 V RCActivity: onPause()
01-05 23:43:06.507 13613 13613 V RCActivity: onResume()
01-05 23:43:06.511 13613 13613 V FTCService: onCreate()
01-05 23:43:06.511 13613 13613 V FTCService: onBind()
01-05 23:43:06.513 13613 13613 V FTCService: Android device is motorola, MotoG3
01-05 23:43:06.515 13613 13613 V RobotCore: Starting network of type: WIFIDIRECT
01-05 23:43:06.518 13613 13613 V WifiDirect: There are 1 Wifi Direct Assistant Clients (+)
01-05 23:43:06.518 13613 13613 V WifiDirect: Enabling Wifi Direct Assistant
01-05 23:43:06.561 13613 13659 I OpenGLRenderer: Initialized EGL, version 1.4
01-05 23:43:06.575 13613 13613 D WifiDirect: broadcast: state - enabled: true
01-05 23:43:06.577 13613 13613 D WifiDirect: broadcast: connection changed: connectStatus=NOT_CONNECTED networkInfo.state=CONNECTED
01-05 23:43:06.578 13613 13613 V WifiDirect: NetworkInfo: [type: WIFI_P2P[], state: CONNECTED/CONNECTED, reason: (unspecified), extra: (none), roaming: false, failover: false, isAvailable: true]
01-05 23:43:06.578 13613 13613 V WifiDirect: WifiP2pInfo: groupFormed: true isGroupOwner: true operatingChannel: 2412 groupOwnerAddress: /192.168.49.1 mccMode: false
01-05 23:43:06.578 13613 13613 V WifiDirect: WifiP2pGroup: network: DIRECT-u3-9899-E-RC, isGO: true, Operating Channel: 2412, GO: Device: , deviceAddress: 24:da:9b:6a:a2:ba, primary type: null, secondary type: null, wps: 0, grpcapab: 0, devcapab: 0, status: 4, wfdInfo: WFD enabled: falseWFD DeviceInfo: 0, WFD CtrlPort: 0, WFD MaxThroughput: 0, level: 0, Client: Device: 9899-D-DS, deviceAddress: a4:70:d6:d3:3d:55, primary type: 10-0050F204-5, secondary type: null, wps: 392, grpcapab: 0, devcapab: 37, status: 0, wfdInfo: null, level: 60, interface: p2p0, networkId: 1, mGoOperFreq: 2412
01-05 23:43:06.580 13613 13613 D WifiDirect: broadcast: this device changed
01-05 23:43:06.580 13613 13613 V WifiDirect: device information: 9899-E-RC 24:da:9b:6a:a2:ba
01-05 23:43:06.580 13613 13613 D WifiDirect: cannot create group, does group already exist?
01-05 23:43:06.580 13613 13613 V FTCService: RCActivity.controllerService=bound
01-05 23:43:06.580 13613 13613 V RobotCore: Network: unknown, disconnected
01-05 23:43:06.581 13613 13613 V RobotCore: Robot Status: stopped
01-05 23:43:06.598 13613 13613 D OpmodeRegistration: registered {DefaultOpMode} as {$Stop$Robot$}
01-05 23:43:06.598 13613 13613 V FTCService: Processing robot setup
01-05 23:43:06.600 13613 13613 V D2xx::  : Start constructor
01-05 23:43:06.602 13613 13663 V RobotCore: thread: 'RobotSetupRunnable.run()' starting...
01-05 23:43:06.603 13613 13663 V RobotCore: Robot Status: stopped, scanning for USB devices
01-05 23:43:06.603 13613 13613 V D2xx::  : End constructor
01-05 23:43:06.604 13613 13613 V D2xx::  : Vendor: 0403, Product: 6001
01-05 23:43:06.604 13613 13613 V D2xx::  : Vendor: 0403, Product: 6001
01-05 23:43:06.604 13613 13613 I FIRST   : ignoring: unable get serial number of attached UsbDevice vendor=0x0403, product=0x6001 device=0x03ec name=/dev/bus/usb/001/004
01-05 23:43:06.604 13613 13613 V D2xx::  : Vendor: 0403, Product: 6001
01-05 23:43:06.604 13613 13613 V D2xx::  : Vendor: 0403, Product: 6001
01-05 23:43:06.605 13613 13613 I FIRST   : ignoring: unable get serial number of attached UsbDevice vendor=0x0403, product=0x6001 device=0x03ed name=/dev/bus/usb/001/005
01-05 23:43:06.605 13613 13613 V D2xx::  : Vendor: 0403, Product: 6001
01-05 23:43:06.605 13613 13613 V D2xx::  : Vendor: 0403, Product: 6001
01-05 23:43:06.605 13613 13613 I FIRST   : ignoring: unable get serial number of attached UsbDevice vendor=0x0403, product=0x6001 device=0x03ee name=/dev/bus/usb/001/006
01-05 23:43:06.605 13613 13613 V D2xx::  : Vendor: 0403, Product: 6001
01-05 23:43:06.605 13613 13613 V D2xx::  : Vendor: 0403, Product: 6001
01-05 23:43:06.605 13613 13613 I FIRST   : ignoring: unable get serial number of attached UsbDevice vendor=0x0403, product=0x6001 device=0x03ef name=/dev/bus/usb/001/007
01-05 23:43:06.605 13613 13613 V D2xx::  : Vendor: 0403, Product: 6001
01-05 23:43:06.605 13613 13613 V D2xx::  : Vendor: 0403, Product: 6001
01-05 23:43:06.605 13613 13613 I FIRST   : ignoring: unable get serial number of attached UsbDevice vendor=0x0403, product=0x6001 device=0x03f0 name=/dev/bus/usb/001/008
01-05 23:43:06.640 13613 13613 D WifiDirect: group owners address: /192.168.49.1
01-05 23:43:06.640 13613 13613 D WifiDirect: group formed, this device is the group owner (GO)
01-05 23:43:06.640 13613 13613 I FTCService: Wifi Direct - connected as group owner
01-05 23:43:06.640 13613 13613 D WifiDirect: stop discovering peers
01-05 23:43:06.646 13613 13613 V RobotCore: Network: enabled, disconnected
01-05 23:43:06.671 13613 13613 V WifiDirect: connection information available
01-05 23:43:06.671 13613 13613 V WifiDirect: connection information - groupOwnerName = 9899-E-RC
01-05 23:43:06.671 13613 13613 V WifiDirect: connection information - groupOwnerMacAddress = 24:da:9b:6a:a2:ba
01-05 23:43:06.671 13613 13613 V WifiDirect: connection information - groupInterface = p2p0
01-05 23:43:06.671 13613 13613 V WifiDirect: connection information - groupNetworkName = DIRECT-u3-9899-E-RC
01-05 23:43:06.672 13613 13613 I FTCService: Network Connection Passphrase: ZY55bu2t
01-05 23:43:06.672 13613 13613 V RobotCore: Network: active, disconnected
01-05 23:43:11.604 13613 13613 I RobotCore: Battery Checker, Level Remaining: 100.0
01-05 23:43:11.605 13613 13663 V RobotCore: EventLoopManager state is NOT_STARTED
01-05 23:43:11.605 13613 13663 V RobotCore: Robot Status: stopped, waiting on network
01-05 23:43:11.606 13613 13663 V RobotCore: Robot Status: stopped, starting robot
01-05 23:43:11.606 13613 13663 V Robocol : EventLoopManager.start()
01-05 23:43:11.606 13613 13663 V RobotCore: Starting network of type: WIFIDIRECT
01-05 23:43:11.606 13613 13663 V Robocol : Spoofing a Network Connection event...
01-05 23:43:11.607 13613 13613 I RobotCore: Battery Checker, Level Remaining: 100.0
01-05 23:43:11.608 13613 13663 V RobotCore: executive service EventLoop is terminated
01-05 23:43:11.608 13613 13663 V RobotCore: EventLoopManager state is STOPPED
01-05 23:43:11.608 13613 13663 V Robocol : eventLoop=FtcEventLoop
01-05 23:43:11.609 13613 13663 V RobotCore: EventLoopManager state is INIT
01-05 23:43:11.609 13613 13663 V RobotCore: Robot Status: initializing, starting robot
01-05 23:43:11.609 13613 13663 I FIRST   : ======= INIT START =======
01-05 23:43:11.613 13613 13666 V RobotCore: thread: 'SetupRunnable.run()' starting...
01-05 23:43:11.618 13613 13663 D OpmodeRegistration: registered {RunAMotorOrTwo} as {RunAMotorOrTwo}
01-05 23:43:11.619 13613 13663 D OpmodeRegistration: registered {Shooter} as {Shooter}
01-05 23:43:11.620 13613 13663 D OpmodeRegistration: registered {ShooterData} as {ShooterData}
01-05 23:43:11.621 13613 13663 D OpmodeRegistration: registered {WestCoastBluePID_AutoTest} as {WestCoastBluePID_AutoTest}
01-05 23:43:11.622 13613 13663 D OpmodeRegistration: registered {WestCoastRedPID_AutoTest} as {WestCoastRedPID_AutoTest}
01-05 23:43:11.623 13613 13663 D OpmodeRegistration: registered {FinalTeleOp} as {FinalTeleOp}
01-05 23:43:11.637 13613 13663 V RobotCore: Creating Modern Robotics USB Servo Controller [AL00VSDY]
01-05 23:43:11.650 13613 13663 D RobotCore: arming modern servo controller Modern Robotics USB Servo Controller [AL00VSDY]...
01-05 23:43:11.653 13613 13666 D Robocol : RobocolDatagramSocket listening addr=/192.168.49.1:20884 cbRec=65520 cbSend=163840 msRecTO=300
01-05 23:43:11.654 13613 13663 V D2xx::  : Vendor: 0403, Product: 6001
01-05 23:43:11.654 13613 13666 V Robocol : RecvLoopRunnable created
01-05 23:43:11.655 13613 13666 V PeerDiscovery: Starting peer discovery
01-05 23:43:11.655 13613 13668 V RobotCore: thread: 'RecvLoopRunnable.run()' starting...
01-05 23:43:11.657 13613 13666 V RobotCore: Setup complete
01-05 23:43:11.657 13613 13666 V RobotCore: thread: ...terminating 'SetupRunnable.run()'
01-05 23:43:11.666 13613 13663 D UsbDeviceConnectionJNI: close
01-05 23:43:11.666 13613 13663 V D2xx::  : Vendor: 0403, Product: 6001
01-05 23:43:11.675 13613 13663 D UsbDeviceConnectionJNI: close
01-05 23:43:11.675 13613 13663 V D2xx::  : Vendor: 0403, Product: 6001
01-05 23:43:11.686 13613 13663 D UsbDeviceConnectionJNI: close
01-05 23:43:11.686 13613 13663 V D2xx::  : Vendor: 0403, Product: 6001
01-05 23:43:11.695 13613 13663 D UsbDeviceConnectionJNI: close
01-05 23:43:11.695 13613 13663 V D2xx::  : Vendor: 0403, Product: 6001
01-05 23:43:11.704 13613 13663 D UsbDeviceConnectionJNI: close
01-05 23:43:11.704 13613 13663 V D2xx::  : Vendor: 0403, Product: 6001
01-05 23:43:11.713 13613 13663 D UsbDeviceConnectionJNI: close
01-05 23:43:11.714 13613 13663 D FTDI_Device::: open SUCCESS
01-05 23:43:11.714 13613 13663 I FTDI_Device::: EP: 0x81
01-05 23:43:11.715 13613 13663 I FTDI_Device::: EP: 0x02
01-05 23:43:11.715 13613 13663 D D2XX::  : **********************Device Opened**********************
01-05 23:43:11.950 13613 13668 D Robocol : no packet received: SocketTimeoutException
01-05 23:43:12.151 13613 13663 V RobotCore: Starting up device AL00VSDY
01-05 23:43:12.159 13613 13672 V RobotCore: thread: 'r/w loop: Modern Robotics USB Servo Controller [AL00VSDY]' starting...
01-05 23:43:12.160 13613 13663 D RobotCore: ...arming modern servo controller Modern Robotics USB Servo Controller [AL00VSDY] complete
01-05 23:43:12.162 13613 13663 V RobotCore: Creating Modern Robotics USB Core Device Interface Module [AL00VFK6]
01-05 23:43:12.170 13613 13663 V D2xx::  : Vendor: 0403, Product: 6001
01-05 23:43:12.172 13613 13663 V D2xx::  : Vendor: 0403, Product: 6001
01-05 23:43:12.175 13613 13663 V D2xx::  : Vendor: 0403, Product: 6001
01-05 23:43:12.176 13613 13663 V D2xx::  : Vendor: 0403, Product: 6001
01-05 23:43:12.177 13613 13663 V D2xx::  : Vendor: 0403, Product: 6001
01-05 23:43:12.181 13613 13663 V D2xx::  : Vendor: 0403, Product: 6001
01-05 23:43:12.183 13613 13663 D FTDI_Device::: open SUCCESS
01-05 23:43:12.183 13613 13663 I FTDI_Device::: EP: 0x81
01-05 23:43:12.183 13613 13663 I FTDI_Device::: EP: 0x02
01-05 23:43:12.183 13613 13663 D D2XX::  : **********************Device Opened**********************
01-05 23:43:12.301 13613 13668 D RobotCore: system telemetry: key=$System$None$ msg=""
01-05 23:43:12.302 13613 13668 V PeerDiscovery: new remote peer discovered: 192.168.49.134
01-05 23:43:12.302 13613 13668 D Robocol : RobocolDatagramSocket connected to /192.168.49.134:20884
01-05 23:43:12.304 13613 13668 V NetworkConnectionHandler: starting sending loop
01-05 23:43:12.304 13613 13668 V Robocol : SendOnceRunnable created
01-05 23:43:12.331 13613 13668 V RobotCore: Network: active, connected
01-05 23:43:12.369 13613 13679 D MediaPlayer: setSubtitleAnchor in MediaPlayer
01-05 23:43:12.369 13613 13613 D MediaPlayer: setSubtitleAnchor in MediaPlayer
01-05 23:43:12.385 13613 13675 V Robocol : sending CMD_REQUEST_USER_SENSOR_LIST_RESP(10), attempt: 0
01-05 23:43:12.405 13613 13677 D ExtendedUtils: extended extractor not needed, return default
01-05 23:43:12.405 13613 13677 I MediaCodec: (0xb7623340) init name(audio/raw) isType(1) encoder(0)
01-05 23:43:12.407 13613 13683 I OMXClient: Using client-side OMX mux.
01-05 23:43:12.411 13613 13683 E OMXMaster: A component of name 'OMX.qcom.audio.decoder.aac' already exists, ignoring this one.
01-05 23:43:12.414 13613 13683 I MediaCodec: (0xb7623340) Component Allocated (OMX.google.raw.decoder)
01-05 23:43:12.414 13613 13677 I MediaCodec: (0xb7623340) configure surface(0x0) crypto(0x0) flags(0)
01-05 23:43:12.414 13613 13677 D MediaCodec: (0xb7623340) configure format: AMessage(what = 0x00000000) = {
01-05 23:43:12.414 13613 13677 D MediaCodec:    string mime = "audio/raw"
01-05 23:43:12.414 13613 13677 D MediaCodec:    int64_t durationUs = 485011
01-05 23:43:12.414 13613 13677 D MediaCodec:    int32_t channel-count = 2
01-05 23:43:12.414 13613 13677 D MediaCodec:    int32_t sample-rate = 44100
01-05 23:43:12.414 13613 13677 D MediaCodec:    int32_t channel-mask = 0
01-05 23:43:12.414 13613 13677 D MediaCodec:  }
01-05 23:43:12.415 13613 13677 I MediaCodec: (0xb7623340) start
01-05 23:43:12.416 13613 13683 I MediaCodec: (0xb7623340) input buffers allocated
01-05 23:43:12.416 13613 13683 I MediaCodec: (0xb7623340) numBuffers (4)
01-05 23:43:12.416 13613 13683 I MediaCodec: (0xb7623340) output buffers allocated
01-05 23:43:12.416 13613 13683 I MediaCodec: (0xb7623340) numBuffers (4)
01-05 23:43:12.417 13613 13683 I MediaCodec: (0xb7623340) codec output format changed
01-05 23:43:12.417 13613 13683 D MediaCodec: (0xb7623340) output format: AMessage(what = 'codc', target = 2) = {
01-05 23:43:12.417 13613 13683 D MediaCodec:    string mime = "audio/raw"
01-05 23:43:12.417 13613 13683 D MediaCodec:    int32_t channel-count = 2
01-05 23:43:12.417 13613 13683 D MediaCodec:    int32_t sample-rate = 44100
01-05 23:43:12.417 13613 13683 D MediaCodec:    int32_t channel-mask = 0
01-05 23:43:12.417 13613 13683 D MediaCodec:    int32_t what = 1869968451
01-05 23:43:12.417 13613 13683 D MediaCodec:  }
01-05 23:43:12.422 13613 13677 I MediaCodec: (0xb7623340) stop
01-05 23:43:12.424 13613 13677 I MediaCodec: (0xb7623340) release
01-05 23:43:12.429 13613 13679 W AudioTrack: AUDIO_OUTPUT_FLAG_FAST denied by client; transfer 4, track 44100 Hz, output 48000 Hz
01-05 23:43:12.491 13613 13668 V Robocol : received command: CMD_REQUEST_OP_MODE_LIST(10001) 
01-05 23:43:12.505 13613 13675 V Robocol : sending CMD_REQUEST_OP_MODE_LIST_RESP(14), attempt: 0
01-05 23:43:12.507 13613 13668 V Robocol : received command: CMD_REQUEST_ACTIVE_CONFIGURATION(10002) 
01-05 23:43:12.508 13613 13668 V Robocol : received command: CMD_REQUEST_USER_SENSOR_LIST_RESP(10) [{"description":"a MR compass sensor","flavor":"I2C","name":"MR Compass Sensor","xmlTag":"ModernRoboticsI2cCompassSensor"},{"description":"an Adafruit IMU","flavor":"I2C","name":"Adafruit IMU","xmlTag":"AdafruitBNO055IMU"},{"description":"a MR range sensor","flavor":"I2C","name":"MR Range Sensor","xmlTag":"ModernRoboticsI2cRangeSensor"}]
01-05 23:43:12.545 13613 13675 V Robocol : sending CMD_REQUEST_USER_SENSOR_LIST_RESP(15), attempt: 0
01-05 23:43:12.545 13613 13675 V Robocol : sending CMD_REQUEST_ACTIVE_CONFIGURATION_RESP(19), attempt: 0
01-05 23:43:12.599 13613 13663 V RobotCore: Starting up device AL00VFK6
01-05 23:43:12.600 13613 13687 V RobotCore: thread: 'r/w loop: Modern Robotics USB Core Device Interface Module [AL00VFK6]' starting...
01-05 23:43:12.601 13613 13663 V RobotCore: Creating Modern Robotics I2C Gyro Sensor - Port: 3
01-05 23:43:12.605 13613 13663 V RobotCore: Creating I2C Device - Port: 4
01-05 23:43:12.606 13613 13663 V RobotCore: Creating Modern Robotics Analog Optical Distance Sensor - Port: 7
01-05 23:43:12.607 13613 13663 V RobotCore: Creating Modern Robotics USB DC Motor Controller [A104OQ1P]
01-05 23:43:12.611 13613 13668 V Robocol : received command: CMD_REQUEST_OP_MODE_LIST_RESP(14) [{"flavor":"TELEOP","group":"Test","name":"RunAMotorOrTwo"},{"flavor":"AUTONOMOUS","group":"Test","name":"Shooter"},{"flavor":"TELEOP","group":"Test","name":"ShooterData"},{"flavor":"AUTONOMOUS","group":"Test","name":"WestCoastBluePID_AutoTest"},{"flavor":"AUTONOMOUS","group":"Test","name":"WestCoastRedPID_AutoTest"},{"flavor":"TELEOP","group":"Competition","name":"FinalTeleOp"}]
01-05 23:43:12.611 13613 13668 V Robocol : received command: CMD_INIT_OP_MODE(10008) $Stop$Robot$
01-05 23:43:12.612 13613 13668 V Robocol : received command: CMD_REQUEST_USER_SENSOR_LIST_RESP(15) [{"description":"a MR compass sensor","flavor":"I2C","name":"MR Compass Sensor","xmlTag":"ModernRoboticsI2cCompassSensor"},{"description":"an Adafruit IMU","flavor":"I2C","name":"Adafruit IMU","xmlTag":"AdafruitBNO055IMU"},{"description":"a MR range sensor","flavor":"I2C","name":"MR Range Sensor","xmlTag":"ModernRoboticsI2cRangeSensor"}]
01-05 23:43:12.613 13613 13668 V Robocol : received command: CMD_REQUEST_ACTIVE_CONFIGURATION_RESP(19) {"isDirty":false,"location":"LOCAL_STORAGE","name":"WestCoastTank_all+intake","resourceId":0}
01-05 23:43:12.620 13613 13663 D RobotCore: arming modern motor controller Modern Robotics USB DC Motor Controller [A104OQ1P]...
01-05 23:43:12.622 13613 13663 V D2xx::  : Vendor: 0403, Product: 6001
01-05 23:43:12.624 13613 13663 V D2xx::  : Vendor: 0403, Product: 6001
01-05 23:43:12.625 13613 13663 V D2xx::  : Vendor: 0403, Product: 6001
01-05 23:43:12.626 13613 13663 V D2xx::  : Vendor: 0403, Product: 6001
01-05 23:43:12.628 13613 13663 V D2xx::  : Vendor: 0403, Product: 6001
01-05 23:43:12.630 13613 13663 V D2xx::  : Vendor: 0403, Product: 6001
01-05 23:43:12.632 13613 13663 D FTDI_Device::: open SUCCESS
01-05 23:43:12.632 13613 13663 I FTDI_Device::: EP: 0x81
01-05 23:43:12.632 13613 13663 I FTDI_Device::: EP: 0x02
01-05 23:43:12.632 13613 13663 D D2XX::  : **********************Device Opened**********************
01-05 23:43:13.046 13613 13663 V RobotCore: Starting up device A104OQ1P
01-05 23:43:13.049 13613 13690 V RobotCore: thread: 'r/w loop: Modern Robotics USB DC Motor Controller [A104OQ1P]' starting...
01-05 23:43:13.050 13613 13663 D RobotCore: ...arming modern motor controller Modern Robotics USB DC Motor Controller [A104OQ1P] complete
01-05 23:43:13.089 13613 13663 V RobotCore: Creating Modern Robotics USB DC Motor Controller [AL00VWH0]
01-05 23:43:13.089 13613 13663 D RobotCore: arming modern motor controller Modern Robotics USB DC Motor Controller [AL00VWH0]...
01-05 23:43:13.091 13613 13663 V D2xx::  : Vendor: 0403, Product: 6001
01-05 23:43:13.093 13613 13663 V D2xx::  : Vendor: 0403, Product: 6001
01-05 23:43:13.095 13613 13663 V D2xx::  : Vendor: 0403, Product: 6001
01-05 23:43:13.097 13613 13663 V D2xx::  : Vendor: 0403, Product: 6001
01-05 23:43:13.100 13613 13663 V D2xx::  : Vendor: 0403, Product: 6001
01-05 23:43:13.101 13613 13663 V D2xx::  : Vendor: 0403, Product: 6001
01-05 23:43:13.103 13613 13663 D FTDI_Device::: open SUCCESS
01-05 23:43:13.103 13613 13663 I FTDI_Device::: EP: 0x81
01-05 23:43:13.103 13613 13663 I FTDI_Device::: EP: 0x02
01-05 23:43:13.103 13613 13663 D D2XX::  : **********************Device Opened**********************
01-05 23:43:13.520 13613 13663 V RobotCore: Starting up device AL00VWH0
01-05 23:43:13.521 13613 13693 V RobotCore: thread: 'r/w loop: Modern Robotics USB DC Motor Controller [AL00VWH0]' starting...
01-05 23:43:13.522 13613 13663 D RobotCore: ...arming modern motor controller Modern Robotics USB DC Motor Controller [AL00VWH0] complete
01-05 23:43:13.560 13613 13663 V RobotCore: Creating Modern Robotics USB DC Motor Controller [AI049QOP]
01-05 23:43:13.561 13613 13663 D RobotCore: arming modern motor controller Modern Robotics USB DC Motor Controller [AI049QOP]...
01-05 23:43:13.562 13613 13663 V D2xx::  : Vendor: 0403, Product: 6001
01-05 23:43:13.563 13613 13663 V D2xx::  : Vendor: 0403, Product: 6001
01-05 23:43:13.564 13613 13663 V D2xx::  : Vendor: 0403, Product: 6001
01-05 23:43:13.566 13613 13663 V D2xx::  : Vendor: 0403, Product: 6001
01-05 23:43:13.566 13613 13663 V D2xx::  : Vendor: 0403, Product: 6001
01-05 23:43:13.567 13613 13663 V D2xx::  : Vendor: 0403, Product: 6001
01-05 23:43:13.571 13613 13663 D FTDI_Device::: open SUCCESS
01-05 23:43:13.571 13613 13663 I FTDI_Device::: EP: 0x81
01-05 23:43:13.571 13613 13663 I FTDI_Device::: EP: 0x02
01-05 23:43:13.571 13613 13663 D D2XX::  : **********************Device Opened**********************
01-05 23:43:13.991 13613 13663 V RobotCore: Starting up device AI049QOP
01-05 23:43:13.994 13613 13696 V RobotCore: thread: 'r/w loop: Modern Robotics USB DC Motor Controller [AI049QOP]' starting...
01-05 23:43:13.996 13613 13663 D RobotCore: ...arming modern motor controller Modern Robotics USB DC Motor Controller [AI049QOP] complete
01-05 23:43:14.041 13613 13663 V RobotCore: Creating Modern Robotics USB DC Motor Controller [AL00VBIF]
01-05 23:43:14.042 13613 13663 D RobotCore: arming modern motor controller Modern Robotics USB DC Motor Controller [AL00VBIF]...
01-05 23:43:14.043 13613 13663 V D2xx::  : Vendor: 0403, Product: 6001
01-05 23:43:14.044 13613 13663 V D2xx::  : Vendor: 0403, Product: 6001
01-05 23:43:14.045 13613 13663 V D2xx::  : Vendor: 0403, Product: 6001
01-05 23:43:14.048 13613 13663 V D2xx::  : Vendor: 0403, Product: 6001
01-05 23:43:14.049 13613 13663 V D2xx::  : Vendor: 0403, Product: 6001
01-05 23:43:14.050 13613 13663 V D2xx::  : Vendor: 0403, Product: 6001
01-05 23:43:14.054 13613 13663 D FTDI_Device::: open SUCCESS
01-05 23:43:14.054 13613 13663 I FTDI_Device::: EP: 0x81
01-05 23:43:14.054 13613 13663 I FTDI_Device::: EP: 0x02
01-05 23:43:14.054 13613 13663 D D2XX::  : **********************Device Opened**********************
01-05 23:43:14.479 13613 13663 V RobotCore: Starting up device AL00VBIF
01-05 23:43:14.480 13613 13710 V RobotCore: thread: 'r/w loop: Modern Robotics USB DC Motor Controller [AL00VBIF]' starting...
01-05 23:43:14.482 13613 13663 D RobotCore: ...arming modern motor controller Modern Robotics USB DC Motor Controller [AL00VBIF] complete
01-05 23:43:14.574 13613 13663 I RobotCore: Analytics has completed initialization.
01-05 23:43:14.574 13613 13663 I RobotCore: ========= Device Information ===================================================
01-05 23:43:14.574 13613 13663 I RobotCore: Type                                               Name                           Connection
01-05 23:43:14.575 13613 13663 I RobotCore: Modern Robotics USB DC Motor Controller v2.0       Shooter                        USB AI049QOP
01-05 23:43:14.575 13613 13663 I RobotCore: I2cDevice                                          color                          USB AL00VFK6; port 4
01-05 23:43:14.575 13613 13663 I RobotCore: DC Motor                                           rightFront                     USB AL00VWH0; port 1
01-05 23:43:14.575 13613 13663 I RobotCore: Modern Robotics USB DC Motor Controller v2.0       Front Motors                   USB AL00VWH0
01-05 23:43:14.575 13613 13663 I RobotCore: Modern Robotics USB DC Motor Controller v2.0       Back Motors                    USB A104OQ1P
01-05 23:43:14.575 13613 13663 I RobotCore: DC Motor                                           leftBack                       USB A104OQ1P; port 2
01-05 23:43:14.575 13613 13663 I RobotCore: Servo                                              upDown                         USB AL00VSDY; port 1
01-05 23:43:14.575 13613 13663 I RobotCore: DC Motor                                           shooter2                       USB AI049QOP; port 2
01-05 23:43:14.576 13613 13663 I RobotCore: DC Motor                                           shooter1                       USB AI049QOP; port 1
01-05 23:43:14.576 13613 13663 I RobotCore: DC Motor                                           leftFront                      USB AL00VWH0; port 2
01-05 23:43:14.576 13613 13663 I RobotCore: DC Motor                                           rightBack                      USB A104OQ1P; port 1
01-05 23:43:14.576 13613 13663 I RobotCore: DC Motor                                           intake2                        USB AL00VBIF; port 2
01-05 23:43:14.576 13613 13663 I RobotCore: DC Motor                                           intake1                        USB AL00VBIF; port 1
01-05 23:43:14.576 13613 13663 I RobotCore: Servo                                              ballFeeder                     USB AL00VSDY; port 2
01-05 23:43:14.576 13613 13663 I RobotCore: Modern Robotics USB DC Motor Controller v2.0       Intake                         USB AL00VBIF
01-05 23:43:14.576 13613 13663 I RobotCore: Modern Robotics USB Core Device Interface Module v1.5 Sensors                        USB AL00VFK6
01-05 23:43:14.576 13613 13663 I RobotCore: Modern Robotics USB Servo Controller v1.6          Servos                         USB AL00VSDY
01-05 23:43:14.576 13613 13663 I RobotCore: Modern Robotics Gyro                               gyro                           USB AL00VFK6; I2C port: 3
01-05 23:43:14.576 13613 13663 I RobotCore: Modern Robotics Analog Optical Distance Sensor     ods                            USB AL00VFK6; analog port 7
01-05 23:43:14.576 13613 13663 I FIRST   : ======= INIT FINISH =======
01-05 23:43:14.576 13613 13663 V RobotCore: EventLoopManager state is RUNNING
01-05 23:43:14.577 13613 13663 V RobotCore: Robot Status: running, starting robot
01-05 23:43:14.577 13613 13663 V RobotCore: Robot Status: running
01-05 23:43:14.577 13613 13663 V RobotCore: thread: ...terminating 'RobotSetupRunnable.run()'
01-05 23:43:14.585 13613 13711 V RobotCore: thread: 'opmode loop()' starting...
01-05 23:43:14.598 13613 13613 D MediaPlayer: setSubtitleAnchor in MediaPlayer
01-05 23:43:14.598 13613 13679 D MediaPlayer: setSubtitleAnchor in MediaPlayer
01-05 23:43:14.612 13613 13677 D ExtendedUtils: extended extractor not needed, return default
01-05 23:43:14.613 13613 13677 I MediaCodec: (0xb7622828) init name(audio/raw) isType(1) encoder(0)
01-05 23:43:14.615 13613 13715 I OMXClient: Using client-side OMX mux.
01-05 23:43:14.621 13613 13715 E OMXMaster: A component of name 'OMX.qcom.audio.decoder.aac' already exists, ignoring this one.
01-05 23:43:14.624 13613 13715 I MediaCodec: (0xb7622828) Component Allocated (OMX.google.raw.decoder)
01-05 23:43:14.625 13613 13677 I MediaCodec: (0xb7622828) configure surface(0x0) crypto(0x0) flags(0)
01-05 23:43:14.625 13613 13677 D MediaCodec: (0xb7622828) configure format: AMessage(what = 0x00000000) = {
01-05 23:43:14.625 13613 13677 D MediaCodec:    string mime = "audio/raw"
01-05 23:43:14.625 13613 13677 D MediaCodec:    int64_t durationUs = 1019125
01-05 23:43:14.625 13613 13677 D MediaCodec:    int32_t channel-count = 1
01-05 23:43:14.625 13613 13677 D MediaCodec:    int32_t sample-rate = 8000
01-05 23:43:14.625 13613 13677 D MediaCodec:    int32_t channel-mask = 0
01-05 23:43:14.625 13613 13677 D MediaCodec:  }
01-05 23:43:14.625 13613 13677 I MediaCodec: (0xb7622828) start
01-05 23:43:14.626 13613 13715 I MediaCodec: (0xb7622828) input buffers allocated
01-05 23:43:14.626 13613 13715 I MediaCodec: (0xb7622828) numBuffers (4)
01-05 23:43:14.627 13613 13715 I MediaCodec: (0xb7622828) output buffers allocated
01-05 23:43:14.627 13613 13715 I MediaCodec: (0xb7622828) numBuffers (4)
01-05 23:43:14.631 13613 13715 I MediaCodec: (0xb7622828) codec output format changed
01-05 23:43:14.631 13613 13715 D MediaCodec: (0xb7622828) output format: AMessage(what = 'codc', target = 6) = {
01-05 23:43:14.631 13613 13715 D MediaCodec:    string mime = "audio/raw"
01-05 23:43:14.631 13613 13715 D MediaCodec:    int32_t channel-count = 1
01-05 23:43:14.631 13613 13715 D MediaCodec:    int32_t sample-rate = 8000
01-05 23:43:14.631 13613 13715 D MediaCodec:    int32_t channel-mask = 0
01-05 23:43:14.631 13613 13715 D MediaCodec:    int32_t what = 1869968451
01-05 23:43:14.631 13613 13715 D MediaCodec:  }
01-05 23:43:14.633 13613 13677 I MediaCodec: (0xb7622828) stop
01-05 23:43:14.635 13613 13677 I MediaCodec: (0xb7622828) release
01-05 23:43:14.662 13613 13679 W AudioTrack: AUDIO_OUTPUT_FLAG_FAST denied by client; transfer 4, track 8000 Hz, output 48000 Hz
01-05 23:43:15.091 13613 13711 I RobotCore: Attempting to switch to op mode $Stop$Robot$
01-05 23:43:15.185 13613 13675 V Robocol : sending CMD_INIT_OP_MODE_RESP(50), attempt: 0
01-05 23:43:15.251 13613 13668 V Robocol : received command: CMD_INIT_OP_MODE_RESP(50) $Stop$Robot$
01-05 23:43:15.343 13613 13711 I RobotCore: robot battery read duration: n=4, mean=0.019ms sd=0.012ms
01-05 23:43:17.191 13613 13668 V Robocol : received command: CMD_INIT_OP_MODE(10060) $Stop$Robot$
01-05 23:43:17.214 13613 13711 I RobotCore: Attempting to switch to op mode $Stop$Robot$
01-05 23:43:17.225 13613 13675 V Robocol : sending CMD_INIT_OP_MODE_RESP(85), attempt: 0
01-05 23:43:17.311 13613 13668 V Robocol : received command: CMD_INIT_OP_MODE_RESP(85) $Stop$Robot$
01-05 23:43:19.122 13613 13668 V Robocol : received command: CMD_INIT_OP_MODE(10088) Shooter
01-05 23:43:19.129 13613 13711 I RobotCore: Attempting to switch to op mode Shooter
01-05 23:43:19.239 13613 13721 V RobotCore: thread: 'LinearOpMode main' starting...
01-05 23:43:19.265 13613 13675 V Robocol : sending CMD_INIT_OP_MODE_RESP(120), attempt: 0
01-05 23:43:19.271 13613 13668 V Robocol : received command: CMD_INIT_OP_MODE_RESP(120) Shooter
01-05 23:43:26.311 13613 13668 V Robocol : received command: CMD_RUN_OP_MODE(10156) Shooter
01-05 23:43:26.345 13613 13675 V Robocol : sending CMD_RUN_OP_MODE_RESP(192), attempt: 0
01-05 23:43:26.351 13613 13668 V Robocol : received command: CMD_RUN_OP_MODE_RESP(192) Shooter
01-05 23:43:26.369 13613 13721 I RobotCore: SHOOTER RPM1: 0.0
01-05 23:43:26.369 13613 13721 I RobotCore: SHOOTER RPM2: 0.0
01-05 23:43:26.389 13613 13721 I RobotCore: SHOOTER RPM1: 0.0
01-05 23:43:26.389 13613 13721 I RobotCore: SHOOTER RPM2: 0.0
01-05 23:43:26.410 13613 13721 I RobotCore: SHOOTER RPM1: 0.0
01-05 23:43:26.410 13613 13721 I RobotCore: SHOOTER RPM2: 0.0
01-05 23:43:26.430 13613 13721 I RobotCore: SHOOTER RPM1: 0.0
01-05 23:43:26.430 13613 13721 I RobotCore: SHOOTER RPM2: 0.0
01-05 23:43:26.450 13613 13721 I RobotCore: SHOOTER RPM1: 0.0
01-05 23:43:26.450 13613 13721 I RobotCore: SHOOTER RPM2: 0.0
01-05 23:43:26.471 13613 13721 I RobotCore: SHOOTER RPM1: 66.5826995793349
01-05 23:43:26.471 13613 13721 I RobotCore: SHOOTER RPM2: 0.0
01-05 23:43:26.491 13613 13721 I RobotCore: SHOOTER RPM1: 66.4313131020082
01-05 23:43:26.491 13613 13721 I RobotCore: SHOOTER RPM2: 0.0
01-05 23:43:26.511 13613 13721 I RobotCore: SHOOTER RPM1: 132.75827740192813
01-05 23:43:26.511 13613 13721 I RobotCore: SHOOTER RPM2: 66.37913870096406
01-05 23:43:26.532 13613 13721 I RobotCore: SHOOTER RPM1: 132.8061860930241
01-05 23:43:26.532 13613 13721 I RobotCore: SHOOTER RPM2: 66.40309304651205
01-05 23:43:26.552 13613 13721 I RobotCore: SHOOTER RPM1: 132.7905519522286
01-05 23:43:26.552 13613 13721 I RobotCore: SHOOTER RPM2: 66.3952759761143
01-05 23:43:26.572 13613 13721 I RobotCore: SHOOTER RPM1: 198.2680123307001
01-05 23:43:26.573 13613 13721 I RobotCore: SHOOTER RPM2: 66.0893374435667
01-05 23:43:26.593 13613 13721 I RobotCore: SHOOTER RPM1: 197.43619102520097
01-05 23:43:26.593 13613 13721 I RobotCore: SHOOTER RPM2: 131.624127350134
01-05 23:43:26.613 13613 13721 I RobotCore: SHOOTER RPM1: 264.33983256075305
01-05 23:43:26.614 13613 13721 I RobotCore: SHOOTER RPM2: 132.16991628037653
01-05 23:43:26.634 13613 13721 I RobotCore: SHOOTER RPM1: 265.02701554870697
01-05 23:43:26.634 13613 13721 I RobotCore: SHOOTER RPM2: 198.77026166153024
01-05 23:43:26.654 13613 13721 I RobotCore: SHOOTER RPM1: 264.5770354766254
01-05 23:43:26.654 13613 13721 I RobotCore: SHOOTER RPM2: 198.43277660746904
01-05 23:43:26.675 13613 13721 I RobotCore: SHOOTER RPM1: 331.13240660410474
01-05 23:43:26.675 13613 13721 I RobotCore: SHOOTER RPM2: 264.90592528328375
01-05 23:43:26.695 13613 13721 I RobotCore: SHOOTER RPM1: 330.45930933311706
01-05 23:43:26.695 13613 13721 I RobotCore: SHOOTER RPM2: 264.3674474664937
01-05 23:43:26.716 13613 13721 I RobotCore: SHOOTER RPM1: 396.32603179198753
01-05 23:43:26.716 13613 13721 I RobotCore: SHOOTER RPM2: 264.2173545279917
01-05 23:43:26.736 13613 13721 I RobotCore: SHOOTER RPM1: 399.0292570525738
01-05 23:43:26.736 13613 13721 I RobotCore: SHOOTER RPM2: 266.01950470171585
01-05 23:43:26.756 13613 13721 I RobotCore: SHOOTER RPM1: 398.7389879506062
01-05 23:43:26.756 13613 13721 I RobotCore: SHOOTER RPM2: 332.2824899588385
01-05 23:43:26.777 13613 13721 I RobotCore: SHOOTER RPM1: 463.32991903309664
01-05 23:43:26.777 13613 13721 I RobotCore: SHOOTER RPM2: 330.9499421664976
01-05 23:43:26.797 13613 13721 I RobotCore: SHOOTER RPM1: 464.5303658390315
01-05 23:43:26.797 13613 13721 I RobotCore: SHOOTER RPM2: 331.8074041707368
01-05 23:43:26.817 13613 13721 I RobotCore: SHOOTER RPM1: 465.44225688918306
01-05 23:43:26.817 13613 13721 I RobotCore: SHOOTER RPM2: 398.95050590501404
01-05 23:43:26.838 13613 13721 I RobotCore: SHOOTER RPM1: 459.43518684220265
01-05 23:43:26.838 13613 13721 I RobotCore: SHOOTER RPM2: 393.801588721888
01-05 23:43:26.858 13613 13721 I RobotCore: SHOOTER RPM1: 531.7473274475701
01-05 23:43:26.858 13613 13721 I RobotCore: SHOOTER RPM2: 398.81049558567764
01-05 23:43:26.879 13613 13721 I RobotCore: SHOOTER RPM1: 529.1675653916305
01-05 23:43:26.879 13613 13721 I RobotCore: SHOOTER RPM2: 396.8756740437229
01-05 23:43:26.899 13613 13721 I RobotCore: SHOOTER RPM1: 531.9094846917162
01-05 23:43:26.899 13613 13721 I RobotCore: SHOOTER RPM2: 398.93211351878716
01-05 23:43:26.920 13613 13721 I RobotCore: SHOOTER RPM1: 526.8159062111328
01-05 23:43:26.920 13613 13721 I RobotCore: SHOOTER RPM2: 395.1119296583496
01-05 23:43:26.940 13613 13721 I RobotCore: SHOOTER RPM1: 593.1405619125813
01-05 23:43:26.940 13613 13721 I RobotCore: SHOOTER RPM2: 461.3315481542299
01-05 23:43:26.960 13613 13721 I RobotCore: SHOOTER RPM1: 598.2571166861859
01-05 23:43:26.960 13613 13721 I RobotCore: SHOOTER RPM2: 465.3110907559224
01-05 23:43:26.981 13613 13721 I RobotCore: SHOOTER RPM1: 594.9752782879852
01-05 23:43:26.981 13613 13721 I RobotCore: SHOOTER RPM2: 462.7585497795441
01-05 23:43:27.001 13613 13721 I RobotCore: SHOOTER RPM1: 598.2555864192658
01-05 23:43:27.001 13613 13721 I RobotCore: SHOOTER RPM2: 531.7827434837918
01-05 23:43:27.021 13613 13721 I RobotCore: SHOOTER RPM1: 598.209593780777
01-05 23:43:27.022 13613 13721 I RobotCore: SHOOTER RPM2: 465.2741284961599
01-05 23:43:27.042 13613 13721 I RobotCore: SHOOTER RPM1: 591.1435301929829
01-05 23:43:27.042 13613 13721 I RobotCore: SHOOTER RPM2: 459.778301261209
01-05 23:43:27.062 13613 13721 I RobotCore: SHOOTER RPM1: 663.1704365463306
01-05 23:43:27.062 13613 13721 I RobotCore: SHOOTER RPM2: 530.5363492370645
01-05 23:43:27.083 13613 13721 I RobotCore: SHOOTER RPM1: 661.5488296574055
01-05 23:43:27.083 13613 13721 I RobotCore: SHOOTER RPM2: 529.2390637259244
01-05 23:43:27.103 13613 13721 I RobotCore: SHOOTER RPM1: 661.0583857039101
01-05 23:43:27.103 13613 13721 I RobotCore: SHOOTER RPM2: 528.8467085631281
01-05 23:43:27.124 13613 13721 I RobotCore: SHOOTER RPM1: 721.1286085436186
01-05 23:43:27.124 13613 13721 I RobotCore: SHOOTER RPM2: 590.0143160811425
01-05 23:43:27.144 13613 13721 I RobotCore: SHOOTER RPM1: 665.3011360848525
01-05 23:43:27.144 13613 13721 I RobotCore: SHOOTER RPM2: 532.240908867882
01-05 23:43:27.165 13613 13721 I RobotCore: SHOOTER RPM1: 665.2004973634938
01-05 23:43:27.165 13613 13721 I RobotCore: SHOOTER RPM2: 532.160397890795
01-05 23:43:27.185 13613 13721 I RobotCore: SHOOTER RPM1: 729.4520406006375
01-05 23:43:27.185 13613 13721 I RobotCore: SHOOTER RPM2: 596.824396855067
01-05 23:43:27.205 13613 13721 I RobotCore: SHOOTER RPM1: 732.1579328452071
01-05 23:43:27.205 13613 13721 I RobotCore: SHOOTER RPM2: 532.4784966146962
01-05 23:43:27.226 13613 13721 I RobotCore: SHOOTER RPM1: 727.6981552507762
01-05 23:43:27.226 13613 13721 I RobotCore: SHOOTER RPM2: 595.389399750635
01-05 23:43:27.246 13613 13721 I RobotCore: SHOOTER RPM1: 730.2621040810976
01-05 23:43:27.246 13613 13721 I RobotCore: SHOOTER RPM2: 597.4871760663526
01-05 23:43:27.266 13613 13721 I RobotCore: SHOOTER RPM1: 731.6267661017856
01-05 23:43:27.266 13613 13721 I RobotCore: SHOOTER RPM2: 598.6037177196428
01-05 23:43:27.287 13613 13721 I RobotCore: SHOOTER RPM1: 731.6942543027541
01-05 23:43:27.287 13613 13721 I RobotCore: SHOOTER RPM2: 598.658935338617
01-05 23:43:27.307 13613 13721 I RobotCore: SHOOTER RPM1: 798.512913431059
01-05 23:43:27.307 13613 13721 I RobotCore: SHOOTER RPM2: 598.8846850732943
01-05 23:43:27.327 13613 13721 I RobotCore: SHOOTER RPM1: 723.5637914223283
01-05 23:43:27.328 13613 13721 I RobotCore: SHOOTER RPM2: 592.0067384364504
01-05 23:43:27.348 13613 13721 I RobotCore: SHOOTER RPM1: 794.4845894638528
01-05 23:43:27.348 13613 13721 I RobotCore: SHOOTER RPM2: 662.0704912198773
01-05 23:43:27.368 13613 13721 I RobotCore: SHOOTER RPM1: 798.0994018279569
01-05 23:43:27.368 13613 13721 I RobotCore: SHOOTER RPM2: 665.0828348566307
01-05 23:43:27.389 13613 13721 I RobotCore: SHOOTER RPM1: 797.5985117045734
01-05 23:43:27.389 13613 13721 I RobotCore: SHOOTER RPM2: 664.6654264204778
01-05 23:43:27.409 13613 13721 I RobotCore: SHOOTER RPM1: 727.0974979775287
01-05 23:43:27.409 13613 13721 I RobotCore: SHOOTER RPM2: 594.8979528907054
01-05 23:43:27.429 13613 13721 I RobotCore: SHOOTER RPM1: 797.9746700656026
01-05 23:43:27.429 13613 13721 I RobotCore: SHOOTER RPM2: 664.9788917213355
01-05 23:43:27.450 13613 13721 I RobotCore: SHOOTER RPM1: 792.8155236947632
01-05 23:43:27.450 13613 13721 I RobotCore: SHOOTER RPM2: 660.6796030789694
01-05 23:43:27.470 13613 13721 I RobotCore: SHOOTER RPM1: 792.8680483040798
01-05 23:43:27.470 13613 13721 I RobotCore: SHOOTER RPM2: 660.7233735867331
01-05 23:43:27.491 13613 13721 I RobotCore: SHOOTER RPM1: 798.3920618070212
01-05 23:43:27.491 13613 13721 I RobotCore: SHOOTER RPM2: 665.3267181725176
01-05 23:43:27.511 13613 13721 I RobotCore: SHOOTER RPM1: 857.4882914953824
01-05 23:43:27.511 13613 13721 I RobotCore: SHOOTER RPM2: 725.5670158807083
01-05 23:43:27.532 13613 13721 I RobotCore: SHOOTER RPM1: 854.2502508919845
01-05 23:43:27.532 13613 13721 I RobotCore: SHOOTER RPM2: 722.8271353701407
01-05 23:43:27.552 13613 13721 I RobotCore: SHOOTER RPM1: 864.0429128055841
01-05 23:43:27.552 13613 13721 I RobotCore: SHOOTER RPM2: 731.1132339124173
01-05 23:43:27.572 13613 13721 I RobotCore: SHOOTER RPM1: 798.1812684187479
01-05 23:43:27.572 13613 13721 I RobotCore: SHOOTER RPM2: 665.1510570156232
01-05 23:43:27.593 13613 13721 I RobotCore: SHOOTER RPM1: 790.9264068406719
01-05 23:43:27.593 13613 13721 I RobotCore: SHOOTER RPM2: 659.1053390338933
01-05 23:43:27.613 13613 13721 I RobotCore: SHOOTER RPM1: 929.0869205038668
01-05 23:43:27.613 13613 13721 I RobotCore: SHOOTER RPM2: 729.9968661101811
01-05 23:43:27.633 13613 13721 I RobotCore: SHOOTER RPM1: 863.8105588279683
01-05 23:43:27.633 13613 13721 I RobotCore: SHOOTER RPM2: 730.9166267005885
01-05 23:43:27.654 13613 13721 I RobotCore: SHOOTER RPM1: 863.724302306796
01-05 23:43:27.654 13613 13721 I RobotCore: SHOOTER RPM2: 730.8436404134428
01-05 23:43:27.674 13613 13721 I RobotCore: SHOOTER RPM1: 931.4359436718319
01-05 23:43:27.674 13613 13721 I RobotCore: SHOOTER RPM2: 731.842527170725
01-05 23:43:27.695 13613 13721 I RobotCore: SHOOTER RPM1: 859.4262253151071
01-05 23:43:27.695 13613 13721 I RobotCore: SHOOTER RPM2: 727.2068060358599
01-05 23:43:27.715 13613 13721 I RobotCore: SHOOTER RPM1: 864.4680926296606
01-05 23:43:27.715 13613 13721 I RobotCore: SHOOTER RPM2: 664.9754558689698
01-05 23:43:27.735 13613 13721 I RobotCore: SHOOTER RPM1: 864.1535893517389
01-05 23:43:27.735 13613 13721 I RobotCore: SHOOTER RPM2: 731.2068832976252
01-05 23:43:27.756 13613 13721 I RobotCore: SHOOTER RPM1: 931.839755723799
01-05 23:43:27.756 13613 13721 I RobotCore: SHOOTER RPM2: 732.1598080686992
01-05 23:43:27.776 13613 13721 I RobotCore: SHOOTER RPM1: 925.3779858740178
01-05 23:43:27.776 13613 13721 I RobotCore: SHOOTER RPM2: 727.0827031867283
01-05 23:43:27.796 13613 13721 I RobotCore: SHOOTER RPM1: 998.0361190841741
01-05 23:43:27.796 13613 13721 I RobotCore: SHOOTER RPM2: 798.4288952673393
01-05 23:43:27.817 13613 13721 I RobotCore: SHOOTER RPM1: 931.7776150645587
01-05 23:43:27.817 13613 13721 I RobotCore: SHOOTER RPM2: 732.1109832650104
01-05 23:43:27.837 13613 13721 I RobotCore: SHOOTER RPM1: 928.5192642644154
01-05 23:43:27.837 13613 13721 I RobotCore: SHOOTER RPM2: 729.5508504934692
