03-05 18:50:21.022  6052  6155 I FIRST   : ======= MODULE DETACH RECOVERY: pretend Modern Robotics USB Core Device Interface Module [AI02RHDJ]=======
03-05 18:50:21.022  6052  6155 V RobotCore: Starting up pretend device AI02RHDJ
03-05 18:50:21.023  6052  6188 V RobotCore: thread: 'r/w loop: Modern Robotics USB Core Device Interface Module [AI02RHDJ]' starting...
03-05 18:50:21.023  6052  6188 V RobotCore:i2cSynch(USB AI02RHDJ; port 2): doPortIsReadyCallbackBeginWork ...
03-05 18:50:21.023  6052  6188 V RobotCore:i2cSynch(USB AI02RHDJ; port 2): ... doPortIsReadyCallbackBeginWork complete
03-05 18:50:21.023  6052  6188 V RobotCore:i2cSynch(USB AI02RHDJ; port 4): doPortIsReadyCallbackBeginWork ...
03-05 18:50:21.023  6052  6188 V RobotCore:i2cSynch(USB AI02RHDJ; port 4): ... doPortIsReadyCallbackBeginWork complete
03-05 18:50:21.023  6052  6155 V RobotCore:i2cSynch(USB AI02RHDJ; port 4): onPretending ...
03-05 18:50:21.023  6052  6155 V RobotCore:i2cSynch(USB AI02RHDJ; port 4): doModuleIsArmedWork ...
03-05 18:50:21.024  6052  6155 V RobotCore:i2cSynch(USB AI02RHDJ; port 4): ... doModuleIsArmedWork complete
03-05 18:50:21.024  6052  6155 V RobotCore:i2cSynch(USB AI02RHDJ; port 4): ... onPretending
03-05 18:50:21.024  6052  6155 V RobotCore:i2cSynch(USB AI02RHDJ; port 2): onPretending ...
03-05 18:50:21.024  6052  6155 V RobotCore:i2cSynch(USB AI02RHDJ; port 2): doModuleIsArmedWork ...
03-05 18:50:21.024  6052  6155 V RobotCore:i2cSynch(USB AI02RHDJ; port 2): ... doModuleIsArmedWork complete
03-05 18:50:21.024  6052  6155 V RobotCore:i2cSynch(USB AI02RHDJ; port 2): ... onPretending
03-05 18:50:21.024  6052  6155 I FIRST   : ======= MODULE DETACH RECOVERY: complete Modern Robotics USB Core Device Interface Module [AI02RHDJ]=======
03-05 18:50:21.024  6052  6155 V RobotCore: event loop: device has shutdown abnormally
03-05 18:50:21.024  6052  6155 V RobotCore: event loop: detaching device owner
03-05 18:50:21.024  6052  6155 I FIRST   : ======= MODULE DETACH RECOVERY: disarm Modern Robotics USB DC Motor Controller [A104OQ1P]=======
03-05 18:50:21.024  6052  6155 D RobotCore: disarming modern motor controller Modern Robotics USB DC Motor Controller [A104OQ1P]...
03-05 18:50:21.024  6052  6155 V RobotCore: waiting for service ReadWriteRunnable for Modern Robotics USB Device
03-05 18:50:21.024  6052  6155 V RobotCore: awaitTermination returned, isTerminated=true
03-05 18:50:21.024  6052  6155 V RobotCore: executive service ReadWriteRunnable for Modern Robotics USB Device is terminated
03-05 18:50:21.024  6052  6155 D RobotCore: ...disarming modern motor controller Modern Robotics USB DC Motor Controller [A104OQ1P] complete
03-05 18:50:21.025  6052  6155 I FIRST   : ======= MODULE DETACH RECOVERY: pretend Modern Robotics USB DC Motor Controller [A104OQ1P]=======
03-05 18:50:21.025  6052  6155 D RobotCore: arming modern motor controller Modern Robotics USB DC Motor Controller [A104OQ1P] (pretend)...
03-05 18:50:21.025  6052  6155 V RobotCore: Starting up pretend device A104OQ1P
03-05 18:50:21.026  6052  6189 V RobotCore: thread: 'r/w loop: Modern Robotics USB DC Motor Controller [A104OQ1P]' starting...
03-05 18:50:21.026  6052  6155 D RobotCore: ...arming modern motor controller Modern Robotics USB DC Motor Controller [A104OQ1P] complete
03-05 18:50:21.027  6052  6155 I FIRST   : ======= MODULE DETACH RECOVERY: complete Modern Robotics USB DC Motor Controller [A104OQ1P]=======
03-05 18:50:21.027  6052  6155 V RobotCore: event loop: device has shutdown abnormally
03-05 18:50:21.027  6052  6155 V RobotCore: event loop: detaching device owner
03-05 18:50:21.027  6052  6155 I FIRST   : ======= MODULE DETACH RECOVERY: disarm Modern Robotics USB DC Motor Controller [AL00VWH0]=======
03-05 18:50:21.027  6052  6155 D RobotCore: disarming modern motor controller Modern Robotics USB DC Motor Controller [AL00VWH0]...
03-05 18:50:21.027  6052  6155 V RobotCore: waiting for service ReadWriteRunnable for Modern Robotics USB Device
03-05 18:50:21.027  6052  6155 V RobotCore: awaitTermination returned, isTerminated=true
03-05 18:50:21.027  6052  6155 V RobotCore: executive service ReadWriteRunnable for Modern Robotics USB Device is terminated
03-05 18:50:21.027  6052  6155 D RobotCore: ...disarming modern motor controller Modern Robotics USB DC Motor Controller [AL00VWH0] complete
03-05 18:50:21.027  6052  6155 I FIRST   : ======= MODULE DETACH RECOVERY: pretend Modern Robotics USB DC Motor Controller [AL00VWH0]=======
03-05 18:50:21.028  6052  6155 D RobotCore: arming modern motor controller Modern Robotics USB DC Motor Controller [AL00VWH0] (pretend)...
03-05 18:50:21.028  6052  6155 V RobotCore: Starting up pretend device AL00VWH0
03-05 18:50:21.029  6052  6190 V RobotCore: thread: 'r/w loop: Modern Robotics USB DC Motor Controller [AL00VWH0]' starting...
03-05 18:50:21.030  6052  6155 D RobotCore: ...arming modern motor controller Modern Robotics USB DC Motor Controller [AL00VWH0] complete
03-05 18:50:21.030  6052  6155 I FIRST   : ======= MODULE DETACH RECOVERY: complete Modern Robotics USB DC Motor Controller [AL00VWH0]=======
03-05 18:50:21.030  6052  6155 V RobotCore: event loop: device has shutdown abnormally
03-05 18:50:21.030  6052  6155 V RobotCore: event loop: detaching device owner
03-05 18:50:21.030  6052  6155 I FIRST   : ======= MODULE DETACH RECOVERY: disarm Modern Robotics USB DC Motor Controller [AI049QOP]=======
03-05 18:50:21.030  6052  6155 D RobotCore: disarming modern motor controller Modern Robotics USB DC Motor Controller [AI049QOP]...
03-05 18:50:21.030  6052  6155 V RobotCore: waiting for service ReadWriteRunnable for Modern Robotics USB Device
03-05 18:50:21.031  6052  6155 V RobotCore: awaitTermination returned, isTerminated=true
03-05 18:50:21.031  6052  6155 V RobotCore: executive service ReadWriteRunnable for Modern Robotics USB Device is terminated
03-05 18:50:21.031  6052  6155 D RobotCore: ...disarming modern motor controller Modern Robotics USB DC Motor Controller [AI049QOP] complete
03-05 18:50:21.031  6052  6155 I FIRST   : ======= MODULE DETACH RECOVERY: pretend Modern Robotics USB DC Motor Controller [AI049QOP]=======
03-05 18:50:21.031  6052  6155 D RobotCore: arming modern motor controller Modern Robotics USB DC Motor Controller [AI049QOP] (pretend)...
03-05 18:50:21.031  6052  6155 V RobotCore: Starting up pretend device AI049QOP
03-05 18:50:21.033  6052  6191 V RobotCore: thread: 'r/w loop: Modern Robotics USB DC Motor Controller [AI049QOP]' starting...
03-05 18:50:21.033  6052  6155 D RobotCore: ...arming modern motor controller Modern Robotics USB DC Motor Controller [AI049QOP] complete
03-05 18:50:21.033  6052  6155 I FIRST   : ======= MODULE DETACH RECOVERY: complete Modern Robotics USB DC Motor Controller [AI049QOP]=======
03-05 18:50:21.033  6052  6155 V RobotCore: event loop: device has shutdown abnormally
03-05 18:50:21.033  6052  6155 V RobotCore: event loop: detaching device owner
03-05 18:50:21.033  6052  6155 I FIRST   : ======= MODULE DETACH RECOVERY: disarm Modern Robotics USB DC Motor Controller [AL00VBIF]=======
03-05 18:50:21.033  6052  6155 D RobotCore: disarming modern motor controller Modern Robotics USB DC Motor Controller [AL00VBIF]...
03-05 18:50:21.034  6052  6155 V RobotCore: waiting for service ReadWriteRunnable for Modern Robotics USB Device
03-05 18:50:21.034  6052  6155 V RobotCore: awaitTermination returned, isTerminated=true
03-05 18:50:21.034  6052  6155 V RobotCore: executive service ReadWriteRunnable for Modern Robotics USB Device is terminated
03-05 18:50:21.035  6052  6155 D RobotCore: ...disarming modern motor controller Modern Robotics USB DC Motor Controller [AL00VBIF] complete
03-05 18:50:21.035  6052  6155 I FIRST   : ======= MODULE DETACH RECOVERY: pretend Modern Robotics USB DC Motor Controller [AL00VBIF]=======
03-05 18:50:21.035  6052  6155 D RobotCore: arming modern motor controller Modern Robotics USB DC Motor Controller [AL00VBIF] (pretend)...
03-05 18:50:21.035  6052  6155 V RobotCore: Starting up pretend device AL00VBIF
03-05 18:50:21.037  6052  6192 V RobotCore: thread: 'r/w loop: Modern Robotics USB DC Motor Controller [AL00VBIF]' starting...
03-05 18:50:21.038  6052  6155 D RobotCore: ...arming modern motor controller Modern Robotics USB DC Motor Controller [AL00VBIF] complete
03-05 18:50:21.038  6052  6155 I FIRST   : ======= MODULE DETACH RECOVERY: complete Modern Robotics USB DC Motor Controller [AL00VBIF]=======
03-05 18:50:21.039  6052  6110 D MediaPlayer: setSubtitleAnchor in MediaPlayer
03-05 18:50:21.039  6052  6052 D MediaPlayer: setSubtitleAnchor in MediaPlayer
03-05 18:50:21.043  6052  6052 E MediaPlayer: invoke failed: wrong state 8
03-05 18:50:21.043  6052  6052 W MediaPlayer: mediaplayer went away with unhandled events
03-05 18:50:21.060  6052  6108 D ExtendedUtils: extended extractor not needed, return default
03-05 18:50:21.061  6052  6108 I MediaCodec: (0xb86105c0) init name(audio/raw) isType(1) encoder(0)
03-05 18:50:21.063  6052  6194 I OMXClient: Using client-side OMX mux.
03-05 18:50:21.071  6052  6194 E OMXMaster: A component of name 'OMX.qcom.audio.decoder.aac' already exists, ignoring this one.
03-05 18:50:21.073  6052  6194 I MediaCodec: (0xb86105c0) Component Allocated (OMX.google.raw.decoder)
03-05 18:50:21.073  6052  6108 I MediaCodec: (0xb86105c0) configure surface(0x0) crypto(0x0) flags(0)
03-05 18:50:21.073  6052  6108 D MediaCodec: (0xb86105c0) configure format: AMessage(what = 0x00000000) = {
03-05 18:50:21.073  6052  6108 D MediaCodec:    string mime = "audio/raw"
03-05 18:50:21.073  6052  6108 D MediaCodec:    int64_t durationUs = 1043650
03-05 18:50:21.073  6052  6108 D MediaCodec:    int32_t channel-count = 2
03-05 18:50:21.073  6052  6108 D MediaCodec:    int32_t sample-rate = 44100
03-05 18:50:21.073  6052  6108 D MediaCodec:    int32_t channel-mask = 0
03-05 18:50:21.073  6052  6108 D MediaCodec:  }
03-05 18:50:21.074  6052  6108 I MediaCodec: (0xb86105c0) start
03-05 18:50:21.074  6052  6194 I MediaCodec: (0xb86105c0) input buffers allocated
03-05 18:50:21.074  6052  6194 I MediaCodec: (0xb86105c0) numBuffers (4)
03-05 18:50:21.074  6052  6194 I MediaCodec: (0xb86105c0) output buffers allocated
03-05 18:50:21.074  6052  6194 I MediaCodec: (0xb86105c0) numBuffers (4)
03-05 18:50:21.076  6052  6194 I MediaCodec: (0xb86105c0) codec output format changed
03-05 18:50:21.076  6052  6194 D MediaCodec: (0xb86105c0) output format: AMessage(what = 'codc', target = 14) = {
03-05 18:50:21.076  6052  6194 D MediaCodec:    string mime = "audio/raw"
03-05 18:50:21.076  6052  6194 D MediaCodec:    int32_t channel-count = 2
03-05 18:50:21.076  6052  6194 D MediaCodec:    int32_t sample-rate = 44100
03-05 18:50:21.076  6052  6194 D MediaCodec:    int32_t channel-mask = 0
03-05 18:50:21.076  6052  6194 D MediaCodec:    int32_t what = 1869968451
03-05 18:50:21.076  6052  6194 D MediaCodec:  }
03-05 18:50:21.086  6052  6108 I MediaCodec: (0xb86105c0) stop
03-05 18:50:21.088  6052  6108 I MediaCodec: (0xb86105c0) release
03-05 18:50:21.092  6052  6110 W AudioTrack: AUDIO_OUTPUT_FLAG_FAST denied by client; transfer 4, track 44100 Hz, output 48000 Hz
03-05 18:50:25.724  6052  6052 V RCActivity: onPause()
03-05 18:50:25.739  6052  6052 V RCActivity: onStop()
03-05 18:50:25.740  6052  6052 V RobotCore: executive service robot setup is terminated
03-05 18:50:25.740  6052  6052 V Robocol : EventLoopManager.shutdown()
03-05 18:50:25.741  6052  6155 V RobotCore: EventLoopRunnable interrupted
03-05 18:50:25.741  6052  6155 V RobotCore: EventLoopManager state is STOPPED
03-05 18:50:25.741  6052  6155 V RobotCore: Robot Status: stopped
03-05 18:50:25.741  6052  6155 I FIRST   : ======= TEARDOWN =======
03-05 18:50:25.741  6052  6155 D RobotCore: disarming modern motor controller Modern Robotics USB DC Motor Controller [AL00VWH0]...
03-05 18:50:25.742  6052  6052 V RobotCore: waiting for service EventLoop
03-05 18:50:25.749  6052  6190 V RobotCore: thread: ...terminating 'r/w loop: Modern Robotics USB DC Motor Controller [AL00VWH0]'
03-05 18:50:25.750  6052  6155 V RobotCore: executive service ReadWriteRunnable for Modern Robotics USB Device is terminated
03-05 18:50:25.750  6052  6155 D RobotCore: ...disarming modern motor controller Modern Robotics USB DC Motor Controller [AL00VWH0] complete
03-05 18:50:25.750  6052  6155 D RobotCore: disarming modern motor controller Modern Robotics USB DC Motor Controller [AL00VBIF]...
03-05 18:50:25.759  6052  6155 V RobotCore: waiting for service ReadWriteRunnable for Modern Robotics USB Device
03-05 18:50:25.759  6052  6192 V RobotCore: thread: ...terminating 'r/w loop: Modern Robotics USB DC Motor Controller [AL00VBIF]'
03-05 18:50:25.760  6052  6155 V RobotCore: awaitTermination returned, isTerminated=true
03-05 18:50:25.760  6052  6155 V RobotCore: executive service ReadWriteRunnable for Modern Robotics USB Device is terminated
03-05 18:50:25.760  6052  6155 D RobotCore: ...disarming modern motor controller Modern Robotics USB DC Motor Controller [AL00VBIF] complete
03-05 18:50:25.760  6052  6155 D RobotCore: disarming modern motor controller Modern Robotics USB DC Motor Controller [A104OQ1P]...
03-05 18:50:25.761  6052  6189 V RobotCore: thread: ...terminating 'r/w loop: Modern Robotics USB DC Motor Controller [A104OQ1P]'
03-05 18:50:25.761  6052  6155 V RobotCore: executive service ReadWriteRunnable for Modern Robotics USB Device is terminated
03-05 18:50:25.761  6052  6155 D RobotCore: ...disarming modern motor controller Modern Robotics USB DC Motor Controller [A104OQ1P] complete
03-05 18:50:25.761  6052  6155 D RobotCore: disarming modern motor controller Modern Robotics USB DC Motor Controller [AI049QOP]...
03-05 18:50:25.764  6052  6191 V RobotCore: thread: ...terminating 'r/w loop: Modern Robotics USB DC Motor Controller [AI049QOP]'
03-05 18:50:25.764  6052  6155 V RobotCore: waiting for service ReadWriteRunnable for Modern Robotics USB Device
03-05 18:50:25.764  6052  6155 V RobotCore: awaitTermination returned, isTerminated=true
03-05 18:50:25.764  6052  6155 V RobotCore: executive service ReadWriteRunnable for Modern Robotics USB Device is terminated
03-05 18:50:25.764  6052  6155 D RobotCore: ...disarming modern motor controller Modern Robotics USB DC Motor Controller [AI049QOP] complete
03-05 18:50:25.764  6052  6155 D RobotCore: disarming modern servo controller "Modern Robotics USB Servo Controller [AL00VST0]"...
03-05 18:50:25.765  6052  6155 V RobotCore: waiting for service ReadWriteRunnable for Modern Robotics USB Device
03-05 18:50:25.765  6052  6185 V RobotCore: thread: ...terminating 'r/w loop: Modern Robotics USB Servo Controller [AL00VST0]'
03-05 18:50:25.765  6052  6155 V RobotCore: awaitTermination returned, isTerminated=true
03-05 18:50:25.765  6052  6155 V RobotCore: executive service ReadWriteRunnable for Modern Robotics USB Device is terminated
03-05 18:50:25.765  6052  6155 D RobotCore: ...disarming modern servo controller Modern Robotics USB Servo Controller [AL00VST0] complete
03-05 18:50:25.776  6052  6188 V RobotCore:i2cSynch(USB AI02RHDJ; port 2): onPortIsReadyCallbacksEnd ...
03-05 18:50:25.776  6052  6188 V RobotCore:i2cSynch(USB AI02RHDJ; port 2): ... onPortIsReadyCallbacksEnd complete
03-05 18:50:25.776  6052  6188 V RobotCore:i2cSynch(USB AI02RHDJ; port 4): onPortIsReadyCallbacksEnd ...
03-05 18:50:25.776  6052  6188 V RobotCore:i2cSynch(USB AI02RHDJ; port 4): ... onPortIsReadyCallbacksEnd complete
03-05 18:50:25.776  6052  6188 V RobotCore: thread: ...terminating 'r/w loop: Modern Robotics USB Core Device Interface Module [AI02RHDJ]'
03-05 18:50:25.776  6052  6155 V RobotCore: waiting for service ReadWriteRunnable for Modern Robotics USB Device
03-05 18:50:25.776  6052  6155 V RobotCore: awaitTermination returned, isTerminated=true
03-05 18:50:25.776  6052  6155 V RobotCore: executive service ReadWriteRunnable for Modern Robotics USB Device is terminated
03-05 18:50:25.777  6052  6155 I FIRST   : ======= TEARDOWN COMPLETE =======
03-05 18:50:25.777  6052  6155 V RobotCore: thread: ...terminating 'opmode loop()'
03-05 18:50:25.778  6052  6052 V RobotCore: awaitTermination returned, isTerminated=true
03-05 18:50:25.778  6052  6052 V RobotCore: executive service EventLoop is terminated
03-05 18:50:25.778  6052  6052 V RobotCore: EventLoopManager state is STOPPED
03-05 18:50:25.819  6052  6126 D RobotCore: system telemetry: key=$System$None$ msg=""
03-05 18:52:04.352  6752  6752 I art     : Late-enabling -Xcheck:jni
03-05 18:52:04.394  6752  6752 I InstantRun: Instant Run Runtime started. Android package is com.qualcomm.ftcrobotcontroller, real application class is org.firstinspires.ftc.robotcore.internal.RobotApplication.
03-05 18:52:04.774  6752  6752 V RCActivity: onCreate()
03-05 18:52:04.778  6752  6767 V RobotCore: saving logcat to /storage/emulated/0/com.qualcomm.ftcrobotcontroller.logcat
03-05 18:52:04.778  6752  6767 V RobotCore: logging command line: logcat -f /storage/emulated/0/com.qualcomm.ftcrobotcontroller.logcat -r4096 -n4 -v threadtime UsbRequestJNI:S UsbRequest:S *:V
03-05 18:52:04.810  6752  6752 I WebViewFactory: Loading com.google.android.webview version 46.0.2490.76 (code 249007600)
03-05 18:52:04.815  6769  6769 W ps      : type=1400 audit(0.0:135430): avc: denied { getattr } for uid=10109 path="/proc/1" dev="proc" ino=301916 scontext=u:r:untrusted_app:s0:c512,c768 tcontext=u:r:init:s0 tclass=dir permissive=0
03-05 18:52:04.815  6769  6769 W ps      : type=1400 audit(0.0:135431): avc: denied { search } for uid=10109 name="1" dev="proc" ino=301916 scontext=u:r:untrusted_app:s0:c512,c768 tcontext=u:r:init:s0 tclass=dir permissive=0
03-05 18:52:04.815  6769  6769 W ps      : type=1400 audit(0.0:135432): avc: denied { search } for uid=10109 name="1" dev="proc" ino=301916 scontext=u:r:untrusted_app:s0:c512,c768 tcontext=u:r:init:s0 tclass=dir permissive=0
03-05 18:52:04.815  6769  6769 W ps      : type=1400 audit(0.0:135433): avc: denied { getattr } for uid=10109 path="/proc/2" dev="proc" ino=305438 scontext=u:r:untrusted_app:s0:c512,c768 tcontext=u:r:kernel:s0 tclass=dir permissive=0
03-05 18:52:04.815  6769  6769 W ps      : type=1400 audit(0.0:135434): avc: denied { search } for uid=10109 name="2" dev="proc" ino=305438 scontext=u:r:untrusted_app:s0:c512,c768 tcontext=u:r:kernel:s0 tclass=dir permissive=0
03-05 18:52:04.815  6769  6769 W ps      : type=1400 audit(0.0:135435): avc: denied { search } for uid=10109 name="2" dev="proc" ino=305438 scontext=u:r:untrusted_app:s0:c512,c768 tcontext=u:r:kernel:s0 tclass=dir permissive=0
03-05 18:52:04.815  6769  6769 W ps      : type=1400 audit(0.0:135436): avc: denied { getattr } for uid=10109 path="/proc/3" dev="proc" ino=305439 scontext=u:r:untrusted_app:s0:c512,c768 tcontext=u:r:kernel:s0 tclass=dir permissive=0
03-05 18:52:04.815  6769  6769 W ps      : type=1400 audit(0.0:135437): avc: denied { search } for uid=10109 name="3" dev="proc" ino=305439 scontext=u:r:untrusted_app:s0:c512,c768 tcontext=u:r:kernel:s0 tclass=dir permissive=0
03-05 18:52:04.815  6769  6769 W ps      : type=1400 audit(0.0:135438): avc: denied { search } for uid=10109 name="3" dev="proc" ino=305439 scontext=u:r:untrusted_app:s0:c512,c768 tcontext=u:r:kernel:s0 tclass=dir permissive=0
03-05 18:52:04.815  6769  6769 W ps      : type=1400 audit(0.0:135439): avc: denied { getattr } for uid=10109 path="/proc/5" dev="proc" ino=305440 scontext=u:r:untrusted_app:s0:c512,c768 tcontext=u:r:kernel:s0 tclass=dir permissive=0
03-05 18:52:04.815  6769  6769 W ps      : type=1400 audit(0.0:135440): avc: denied { search } for uid=10109 name="5" dev="proc" ino=305440 scontext=u:r:untrusted_app:s0:c512,c768 tcontext=u:r:kernel:s0 tclass=dir permissive=0
03-05 18:52:04.815  6769  6769 W ps      : type=1400 audit(0.0:135441): avc: denied { search } for uid=10109 name="5" dev="proc" ino=305440 scontext=u:r:untrusted_app:s0:c512,c768 tcontext=u:r:kernel:s0 tclass=dir permissive=0
03-05 18:52:04.815  6769  6769 W ps      : type=1400 audit(0.0:135442): avc: denied { getattr } for uid=10109 path="/proc/6" dev="proc" ino=305441 scontext=u:r:untrusted_app:s0:c512,c768 tcontext=u:r:kernel:s0 tclass=dir permissive=0
03-05 18:52:04.815  6769  6769 W ps      : type=1400 audit(0.0:135443): avc: denied { search } for uid=10109 name="6" dev="proc" ino=305441 scontext=u:r:untrusted_app:s0:c512,c768 tcontext=u:r:kernel:s0 tclass=dir permissive=0
03-05 18:52:04.815  6769  6769 W ps      : type=1400 audit(0.0:135444): avc: denied { search } for uid=10109 name="6" dev="proc" ino=305441 scontext=u:r:untrusted_app:s0:c512,c768 tcontext=u:r:kernel:s0 tclass=dir permissive=0
03-05 18:52:04.815  6769  6769 W ps      : type=1400 audit(0.0:135445): avc: denied { getattr } for uid=10109 path="/proc/7" dev="proc" ino=305442 scontext=u:r:untrusted_app:s0:c512,c768 tcontext=u:r:kernel:s0 tclass=dir permissive=0
03-05 18:52:04.815  6769  6769 W ps      : type=1400 audit(0.0:135446): avc: denied { search } for uid=10109 name="7" dev="proc" ino=305442 scontext=u:r:untrusted_app:s0:c512,c768 tcontext=u:r:kernel:s0 tclass=dir permissive=0
03-05 18:52:04.815  6769  6769 W ps      : type=1400 audit(0.0:135447): avc: denied { search } for uid=10109 name="7" dev="proc" ino=305442 scontext=u:r:untrusted_app:s0:c512,c768 tcontext=u:r:kernel:s0 tclass=dir permissive=0
03-05 18:52:04.815  6769  6769 W ps      : type=1400 audit(0.0:135448): avc: denied { getattr } for uid=10109 path="/proc/8" dev="proc" ino=305443 scontext=u:r:untrusted_app:s0:c512,c768 tcontext=u:r:kernel:s0 tclass=dir permissive=0
03-05 18:52:04.815  6769  6769 W ps      : type=1400 audit(0.0:135449): avc: denied { search } for uid=10109 name="8" dev="proc" ino=305443 scontext=u:r:untrusted_app:s0:c512,c768 tcontext=u:r:kernel:s0 tclass=dir permissive=0
03-05 18:52:04.841  6752  6752 W System  : ClassLoader referenced unknown path: /system/app/WebViewGoogle/lib/arm
03-05 18:52:04.849  6752  6752 I cr.library_loader: Time to load native libraries: 3 ms (timestamps 6796-6799)
03-05 18:52:04.849  6752  6752 I cr.library_loader: Expected native library version number "46.0.2490.76", actual native library version number "46.0.2490.76"
03-05 18:52:04.866  6752  6752 V WebViewChromiumFactoryProvider: Binding Chromium to main looper Looper (main, tid 1) {afb71a4}
03-05 18:52:04.866  6752  6752 I cr.library_loader: Expected native library version number "46.0.2490.76", actual native library version number "46.0.2490.76"
03-05 18:52:04.867  6752  6752 I chromium: [INFO:library_loader_hooks.cc(118)] Chromium logging enabled: level = 0, default verbosity = 0
03-05 18:52:04.874  6752  6752 I cr.BrowserStartup: Initializing chromium process, singleProcess=true
03-05 18:52:04.878  6752  6752 E SysUtils: ApplicationContext is null in ApplicationStatus
03-05 18:52:04.892  6752  6774 W chromium: [WARNING:dns_config_service_posix.cc(298)] Failed to read DnsConfig.
03-05 18:52:04.903  6752  6752 I Adreno-EGL: <qeglDrvAPI_eglInitialize:379>: EGL 1.4 QUALCOMM build:  (Ifd751822f5)
03-05 18:52:04.903  6752  6752 I Adreno-EGL: OpenGL ES Shader Compiler Version: XE031.06.00.05
03-05 18:52:04.903  6752  6752 I Adreno-EGL: Build Date: 01/26/16 Tue
03-05 18:52:04.903  6752  6752 I Adreno-EGL: Local Branch: AU12_SBA
03-05 18:52:04.903  6752  6752 I Adreno-EGL: Remote Branch: 
03-05 18:52:04.903  6752  6752 I Adreno-EGL: Local Patches: 
03-05 18:52:04.903  6752  6752 I Adreno-EGL: Reconstruct Branch: 
03-05 18:52:04.934  6752  6752 E chromium: [ERROR:browser_gpu_channel_host_factory.cc(258)] Failed to init browser shader disk cache.
03-05 18:52:04.950  6752  6752 E libEGL  : validate_display:255 error 3008 (EGL_BAD_DISPLAY)
03-05 18:52:04.998  6752  6752 W art     : Attempt to remove non-JNI local reference, dumping thread
03-05 18:52:05.006  6752  6752 W AwContents: onDetachedFromWindow called when already detached. Ignoring
03-05 18:52:06.399  6752  6752 W OpmodeRegistration: configuration error: 'AutoLoopTest' class doesn't inherit from the class 'OpMode'
03-05 18:52:06.509  6752  6752 V RobotCore: Network: inactive, disconnected
03-05 18:52:06.518  6752  6752 V RCActivity: onStart()
03-05 18:52:06.521  6752  6752 V RCActivity: onResume()
03-05 18:52:06.525  6752  6799 D OpenGLRenderer: Use EGL_SWAP_BEHAVIOR_PRESERVED: true
03-05 18:52:06.552  6752  6752 V RCActivity: onPause()
03-05 18:52:06.553  6752  6752 V RCActivity: onResume()
03-05 18:52:06.553  6752  6752 V RCActivity: onPause()
03-05 18:52:06.553  6752  6752 V RCActivity: onResume()
03-05 18:52:06.553  6752  6752 V RCActivity: onPause()
03-05 18:52:06.553  6752  6752 V RCActivity: onResume()
03-05 18:52:06.556  6752  6752 V RCActivity: onPause()
03-05 18:52:06.556  6752  6752 V RCActivity: onResume()
03-05 18:52:06.557  6752  6752 V RCActivity: onPause()
03-05 18:52:06.557  6752  6752 V RCActivity: onResume()
03-05 18:52:06.559  6752  6752 V FTCService: onCreate()
03-05 18:52:06.560  6752  6752 V FTCService: onBind()
03-05 18:52:06.560  6752  6752 V FTCService: Android device is motorola, MotoG3
03-05 18:52:06.561  6752  6752 V RobotCore: Starting network of type: WIFIDIRECT
03-05 18:52:06.563  6752  6752 V WifiDirect: There are 1 Wifi Direct Assistant Clients (+)
03-05 18:52:06.563  6752  6752 V WifiDirect: Enabling Wifi Direct Assistant
03-05 18:52:06.606  6752  6799 I OpenGLRenderer: Initialized EGL, version 1.4
03-05 18:52:06.622  6752  6752 D WifiDirect: broadcast: state - enabled: true
03-05 18:52:06.625  6752  6752 D WifiDirect: broadcast: connection changed: connectStatus=NOT_CONNECTED networkInfo.state=CONNECTED
03-05 18:52:06.625  6752  6752 V WifiDirect: NetworkInfo: [type: WIFI_P2P[], state: CONNECTED/CONNECTED, reason: (unspecified), extra: (none), roaming: false, failover: false, isAvailable: true]
03-05 18:52:06.625  6752  6752 V WifiDirect: WifiP2pInfo: groupFormed: true isGroupOwner: true operatingChannel: 2412 groupOwnerAddress: /192.168.49.1 mccMode: false
03-05 18:52:06.625  6752  6752 V WifiDirect: WifiP2pGroup: network: DIRECT-u3-9899-E-RC, isGO: true, Operating Channel: 2412, GO: Device: , deviceAddress: 24:da:9b:6a:a2:ba, primary type: null, secondary type: null, wps: 0, grpcapab: 0, devcapab: 0, status: 4, wfdInfo: WFD enabled: falseWFD DeviceInfo: 0, WFD CtrlPort: 0, WFD MaxThroughput: 0, level: 0, Client: Device: 9899-E-DS, deviceAddress: a4:70:d6:d3:3d:55, primary type: 10-0050F204-5, secondary type: null, wps: 392, grpcapab: 0, devcapab: 37, status: 0, wfdInfo: null, level: 60, interface: p2p0, networkId: 1, mGoOperFreq: 2412
03-05 18:52:06.626  6752  6752 D WifiDirect: broadcast: this device changed
03-05 18:52:06.626  6752  6752 V WifiDirect: device information: 9899-E-RC 24:da:9b:6a:a2:ba
03-05 18:52:06.626  6752  6752 D WifiDirect: cannot create group, does group already exist?
03-05 18:52:06.626  6752  6752 V FTCService: RCActivity.controllerService=bound
03-05 18:52:06.626  6752  6752 V RobotCore: Network: unknown, disconnected
03-05 18:52:06.627  6752  6752 V RobotCore: Robot Status: stopped
03-05 18:52:06.664  6752  6752 D OpmodeRegistration: registered {DefaultOpMode} as {$Stop$Robot$}
03-05 18:52:06.664  6752  6752 V FTCService: Processing robot setup
03-05 18:52:06.665  6752  6752 V D2xx::  : Start constructor
03-05 18:52:06.666  6752  6810 V RobotCore: thread: 'RobotSetupRunnable.run()' starting...
03-05 18:52:06.667  6752  6810 V RobotCore: Robot Status: stopped, scanning for USB devices
03-05 18:52:06.668  6752  6807 D MediaPlayer: setSubtitleAnchor in MediaPlayer
03-05 18:52:06.669  6752  6752 V D2xx::  : End constructor
03-05 18:52:06.670  6752  6752 V D2xx::  : Vendor: 0403, Product: 6001
03-05 18:52:06.670  6752  6752 V D2xx::  : Vendor: 0403, Product: 6001
03-05 18:52:06.670  6752  6752 I FIRST   : ignoring: unable get serial number of attached UsbDevice vendor=0x0403, product=0x6001 device=0x03ec name=/dev/bus/usb/001/004
03-05 18:52:06.670  6752  6752 V D2xx::  : Vendor: 0403, Product: 6001
03-05 18:52:06.670  6752  6752 V D2xx::  : Vendor: 0403, Product: 6001
03-05 18:52:06.670  6752  6752 I FIRST   : ignoring: unable get serial number of attached UsbDevice vendor=0x0403, product=0x6001 device=0x03ed name=/dev/bus/usb/001/005
03-05 18:52:06.670  6752  6752 V D2xx::  : Vendor: 0403, Product: 6001
03-05 18:52:06.670  6752  6752 V D2xx::  : Vendor: 0403, Product: 6001
03-05 18:52:06.670  6752  6752 I FIRST   : ignoring: unable get serial number of attached UsbDevice vendor=0x0403, product=0x6001 device=0x03ee name=/dev/bus/usb/001/006
03-05 18:52:06.670  6752  6752 V D2xx::  : Vendor: 0403, Product: 6001
03-05 18:52:06.671  6752  6752 V D2xx::  : Vendor: 0403, Product: 6001
03-05 18:52:06.671  6752  6752 I FIRST   : ignoring: unable get serial number of attached UsbDevice vendor=0x0403, product=0x6001 device=0x03ef name=/dev/bus/usb/001/007
03-05 18:52:06.671  6752  6752 V D2xx::  : Vendor: 0403, Product: 6001
03-05 18:52:06.671  6752  6752 V D2xx::  : Vendor: 0403, Product: 6001
03-05 18:52:06.671  6752  6752 I FIRST   : ignoring: unable get serial number of attached UsbDevice vendor=0x0403, product=0x6001 device=0x03f0 name=/dev/bus/usb/001/008
03-05 18:52:06.725  6752  6805 D ExtendedUtils: extended extractor not needed, return default
03-05 18:52:06.726  6752  6752 D WifiDirect: group owners address: /192.168.49.1
03-05 18:52:06.727  6752  6752 D WifiDirect: group formed, this device is the group owner (GO)
03-05 18:52:06.727  6752  6752 I FTCService: Wifi Direct - connected as group owner
03-05 18:52:06.727  6752  6752 D WifiDirect: stop discovering peers
03-05 18:52:06.729  6752  6805 I MediaCodec: (0xb8689aa0) init name(audio/raw) isType(1) encoder(0)
03-05 18:52:06.732  6752  6752 V RobotCore: Network: enabled, disconnected
03-05 18:52:06.734  6752  6752 W MediaPlayer: mediaplayer went away with unhandled events
03-05 18:52:06.738  6752  6812 I OMXClient: Using client-side OMX mux.
03-05 18:52:06.743  6752  6812 E OMXMaster: A component of name 'OMX.qcom.audio.decoder.aac' already exists, ignoring this one.
03-05 18:52:06.744  6752  6812 I MediaCodec: (0xb8689aa0) Component Allocated (OMX.google.raw.decoder)
03-05 18:52:06.744  6752  6805 I MediaCodec: (0xb8689aa0) configure surface(0x0) crypto(0x0) flags(0)
03-05 18:52:06.744  6752  6805 D MediaCodec: (0xb8689aa0) configure format: AMessage(what = 0x00000000) = {
03-05 18:52:06.744  6752  6805 D MediaCodec:    string mime = "audio/raw"
03-05 18:52:06.744  6752  6805 D MediaCodec:    int64_t durationUs = 929183
03-05 18:52:06.744  6752  6805 D MediaCodec:    int32_t channel-count = 2
03-05 18:52:06.744  6752  6805 D MediaCodec:    int32_t sample-rate = 44100
03-05 18:52:06.744  6752  6805 D MediaCodec:    int32_t channel-mask = 0
03-05 18:52:06.744  6752  6805 D MediaCodec:  }
03-05 18:52:06.746  6752  6805 I MediaCodec: (0xb8689aa0) start
03-05 18:52:06.746  6752  6812 I MediaCodec: (0xb8689aa0) input buffers allocated
03-05 18:52:06.746  6752  6812 I MediaCodec: (0xb8689aa0) numBuffers (4)
03-05 18:52:06.746  6752  6812 I MediaCodec: (0xb8689aa0) output buffers allocated
03-05 18:52:06.746  6752  6812 I MediaCodec: (0xb8689aa0) numBuffers (4)
03-05 18:52:06.747  6752  6812 I MediaCodec: (0xb8689aa0) codec output format changed
03-05 18:52:06.747  6752  6812 D MediaCodec: (0xb8689aa0) output format: AMessage(what = 'codc', target = 2) = {
03-05 18:52:06.747  6752  6812 D MediaCodec:    string mime = "audio/raw"
03-05 18:52:06.747  6752  6812 D MediaCodec:    int32_t channel-count = 2
03-05 18:52:06.747  6752  6812 D MediaCodec:    int32_t sample-rate = 44100
03-05 18:52:06.747  6752  6812 D MediaCodec:    int32_t channel-mask = 0
03-05 18:52:06.747  6752  6812 D MediaCodec:    int32_t what = 1869968451
03-05 18:52:06.747  6752  6812 D MediaCodec:  }
03-05 18:52:06.755  6752  6805 I MediaCodec: (0xb8689aa0) stop
03-05 18:52:06.757  6752  6805 I MediaCodec: (0xb8689aa0) release
03-05 18:52:06.766  6752  6807 W AudioTrack: AUDIO_OUTPUT_FLAG_FAST denied by client; transfer 4, track 44100 Hz, output 48000 Hz
03-05 18:52:06.768  6752  6752 V WifiDirect: connection information available
03-05 18:52:06.768  6752  6752 V WifiDirect: connection information - groupOwnerName = 9899-E-RC
03-05 18:52:06.768  6752  6752 V WifiDirect: connection information - groupOwnerMacAddress = 24:da:9b:6a:a2:ba
03-05 18:52:06.768  6752  6752 V WifiDirect: connection information - groupInterface = p2p0
03-05 18:52:06.768  6752  6752 V WifiDirect: connection information - groupNetworkName = DIRECT-u3-9899-E-RC
03-05 18:52:06.768  6752  6752 I FTCService: Network Connection Passphrase: ZY55bu2t
03-05 18:52:06.769  6752  6752 V RobotCore: Network: active, disconnected
03-05 18:52:11.670  6752  6810 V RobotCore: EventLoopManager state is NOT_STARTED
03-05 18:52:11.671  6752  6752 I RobotCore: Battery Checker, Level Remaining: 71.0
03-05 18:52:11.671  6752  6810 V RobotCore: Robot Status: stopped, waiting on network
03-05 18:52:11.671  6752  6810 V RobotCore: Robot Status: stopped, starting robot
03-05 18:52:11.671  6752  6810 V Robocol : EventLoopManager.start()
03-05 18:52:11.672  6752  6810 V RobotCore: Starting network of type: WIFIDIRECT
03-05 18:52:11.672  6752  6810 V Robocol : Spoofing a Network Connection event...
03-05 18:52:11.672  6752  6752 I RobotCore: Battery Checker, Level Remaining: 71.0
03-05 18:52:11.673  6752  6810 V RobotCore: executive service EventLoop is terminated
03-05 18:52:11.673  6752  6810 V RobotCore: EventLoopManager state is STOPPED
03-05 18:52:11.675  6752  6810 V Robocol : eventLoop=FtcEventLoop
03-05 18:52:11.675  6752  6810 V RobotCore: EventLoopManager state is INIT
03-05 18:52:11.675  6752  6810 V RobotCore: Robot Status: initializing, starting robot
03-05 18:52:11.675  6752  6810 I FIRST   : ======= INIT START =======
03-05 18:52:11.676  6752  6818 V RobotCore: thread: 'SetupRunnable.run()' starting...
03-05 18:52:11.686  6752  6810 D OpmodeRegistration: registered {Shooter} as {Shooter}
03-05 18:52:11.687  6752  6810 D OpmodeRegistration: registered {BlueAlternateCenter} as {BlueAlternateCenter}
03-05 18:52:11.688  6752  6810 D OpmodeRegistration: registered {BlueAlternateCorner} as {BlueAlternateCorner}
03-05 18:52:11.691  6752  6810 D OpmodeRegistration: registered {BlueStandardCenter} as {BlueStandardCenter}
03-05 18:52:11.692  6752  6810 D OpmodeRegistration: registered {BlueStandardCorner} as {BlueStandardCorner}
03-05 18:52:11.692  6752  6810 D OpmodeRegistration: registered {FinalTeleOp} as {FinalTeleOp}
03-05 18:52:11.693  6752  6810 D OpmodeRegistration: registered {RedAlternateCenter} as {RedAlternateCenter}
03-05 18:52:11.694  6752  6810 D OpmodeRegistration: registered {RedAlternateCorner} as {RedAlternateCorner}
03-05 18:52:11.694  6752  6810 D OpmodeRegistration: registered {RedStandardCenter} as {RedStandardCenter}
03-05 18:52:11.695  6752  6810 D OpmodeRegistration: registered {RedStandardCorner} as {RedStandardCorner}
03-05 18:52:11.710  6752  6810 V RobotCore: Creating Modern Robotics USB Servo Controller [AL00VST0]
03-05 18:52:11.718  6752  6818 D Robocol : RobocolDatagramSocket listening addr=/192.168.49.1:20884 cbRec=65520 cbSend=163840 msRecTO=300
03-05 18:52:11.720  6752  6818 V Robocol : RecvLoopRunnable created
03-05 18:52:11.720  6752  6810 D RobotCore: arming modern servo controller Modern Robotics USB Servo Controller [AL00VST0]...
03-05 18:52:11.722  6752  6818 V PeerDiscovery: Starting peer discovery
03-05 18:52:11.722  6752  6820 V RobotCore: thread: 'RecvLoopRunnable.run()' starting...
03-05 18:52:11.723  6752  6818 V RobotCore: Setup complete
03-05 18:52:11.724  6752  6818 V RobotCore: thread: ...terminating 'SetupRunnable.run()'
03-05 18:52:11.725  6752  6810 V D2xx::  : Vendor: 0403, Product: 6001
03-05 18:52:11.737  6752  6810 D UsbDeviceConnectionJNI: close
03-05 18:52:11.737  6752  6810 V D2xx::  : Vendor: 0403, Product: 6001
03-05 18:52:11.746  6752  6810 D UsbDeviceConnectionJNI: close
03-05 18:52:11.746  6752  6810 V D2xx::  : Vendor: 0403, Product: 6001
03-05 18:52:11.755  6752  6810 D UsbDeviceConnectionJNI: close
03-05 18:52:11.755  6752  6810 V D2xx::  : Vendor: 0403, Product: 6001
03-05 18:52:11.764  6752  6810 D UsbDeviceConnectionJNI: close
03-05 18:52:11.764  6752  6810 V D2xx::  : Vendor: 0403, Product: 6001
03-05 18:52:11.772  6752  6810 D UsbDeviceConnectionJNI: close
03-05 18:52:11.773  6752  6810 V D2xx::  : Vendor: 0403, Product: 6001
03-05 18:52:11.782  6752  6810 D UsbDeviceConnectionJNI: close
03-05 18:52:11.783  6752  6810 D FTDI_Device::: open SUCCESS
03-05 18:52:11.783  6752  6810 I FTDI_Device::: EP: 0x81
03-05 18:52:11.783  6752  6810 I FTDI_Device::: EP: 0x02
03-05 18:52:11.783  6752  6810 D D2XX::  : **********************Device Opened**********************
03-05 18:52:12.021  6752  6820 D Robocol : no packet received: SocketTimeoutException
03-05 18:52:12.221  6752  6810 V RobotCore: Starting up device AL00VST0
03-05 18:52:12.230  6752  6824 V RobotCore: thread: 'r/w loop: Modern Robotics USB Servo Controller [AL00VST0]' starting...
03-05 18:52:12.231  6752  6810 D RobotCore: ...arming modern servo controller Modern Robotics USB Servo Controller [AL00VST0] complete
03-05 18:52:12.231  6752  6810 V RobotCore: Creating Modern Robotics USB Core Device Interface Module [AI02RHDJ]
03-05 18:52:12.241  6752  6810 V D2xx::  : Vendor: 0403, Product: 6001
03-05 18:52:12.243  6752  6810 V D2xx::  : Vendor: 0403, Product: 6001
03-05 18:52:12.246  6752  6810 V D2xx::  : Vendor: 0403, Product: 6001
03-05 18:52:12.247  6752  6810 V D2xx::  : Vendor: 0403, Product: 6001
03-05 18:52:12.249  6752  6810 V D2xx::  : Vendor: 0403, Product: 6001
03-05 18:52:12.250  6752  6810 V D2xx::  : Vendor: 0403, Product: 6001
03-05 18:52:12.252  6752  6810 D FTDI_Device::: open SUCCESS
03-05 18:52:12.252  6752  6810 I FTDI_Device::: EP: 0x81
03-05 18:52:12.252  6752  6810 I FTDI_Device::: EP: 0x02
03-05 18:52:12.252  6752  6810 D D2XX::  : **********************Device Opened**********************
03-05 18:52:12.530  6752  6820 D RobotCore: system telemetry: key=$System$None$ msg=""
03-05 18:52:12.533  6752  6820 V PeerDiscovery: new remote peer discovered: 192.168.49.134
03-05 18:52:12.533  6752  6820 D Robocol : RobocolDatagramSocket connected to /192.168.49.134:20884
03-05 18:52:12.535  6752  6820 V NetworkConnectionHandler: starting sending loop
03-05 18:52:12.535  6752  6820 V Robocol : SendOnceRunnable created
03-05 18:52:12.540  6752  6820 V RobotCore: Network: active, connected
03-05 18:52:12.576  6752  6752 D MediaPlayer: setSubtitleAnchor in MediaPlayer
03-05 18:52:12.576  6752  6807 D MediaPlayer: setSubtitleAnchor in MediaPlayer
03-05 18:52:12.597  6752  6805 D ExtendedUtils: extended extractor not needed, return default
03-05 18:52:12.598  6752  6805 I MediaCodec: (0xb869bac8) init name(audio/raw) isType(1) encoder(0)
03-05 18:52:12.600  6752  6832 I OMXClient: Using client-side OMX mux.
03-05 18:52:12.604  6752  6832 E OMXMaster: A component of name 'OMX.qcom.audio.decoder.aac' already exists, ignoring this one.
03-05 18:52:12.607  6752  6832 I MediaCodec: (0xb869bac8) Component Allocated (OMX.google.raw.decoder)
03-05 18:52:12.607  6752  6805 I MediaCodec: (0xb869bac8) configure surface(0x0) crypto(0x0) flags(0)
03-05 18:52:12.607  6752  6805 D MediaCodec: (0xb869bac8) configure format: AMessage(what = 0x00000000) = {
03-05 18:52:12.607  6752  6805 D MediaCodec:    string mime = "audio/raw"
03-05 18:52:12.607  6752  6805 D MediaCodec:    int64_t durationUs = 485011
03-05 18:52:12.607  6752  6805 D MediaCodec:    int32_t channel-count = 2
03-05 18:52:12.607  6752  6805 D MediaCodec:    int32_t sample-rate = 44100
03-05 18:52:12.607  6752  6805 D MediaCodec:    int32_t channel-mask = 0
03-05 18:52:12.607  6752  6805 D MediaCodec:  }
03-05 18:52:12.608  6752  6805 I MediaCodec: (0xb869bac8) start
03-05 18:52:12.608  6752  6832 I MediaCodec: (0xb869bac8) input buffers allocated
03-05 18:52:12.608  6752  6832 I MediaCodec: (0xb869bac8) numBuffers (4)
03-05 18:52:12.608  6752  6832 I MediaCodec: (0xb869bac8) output buffers allocated
03-05 18:52:12.608  6752  6832 I MediaCodec: (0xb869bac8) numBuffers (4)
03-05 18:52:12.610  6752  6832 I MediaCodec: (0xb869bac8) codec output format changed
03-05 18:52:12.610  6752  6832 D MediaCodec: (0xb869bac8) output format: AMessage(what = 'codc', target = 6) = {
03-05 18:52:12.610  6752  6832 D MediaCodec:    string mime = "audio/raw"
03-05 18:52:12.610  6752  6832 D MediaCodec:    int32_t channel-count = 2
03-05 18:52:12.610  6752  6832 D MediaCodec:    int32_t sample-rate = 44100
03-05 18:52:12.610  6752  6832 D MediaCodec:    int32_t channel-mask = 0
03-05 18:52:12.610  6752  6832 D MediaCodec:    int32_t what = 1869968451
03-05 18:52:12.610  6752  6832 D MediaCodec:  }
03-05 18:52:12.613  6752  6805 I MediaCodec: (0xb869bac8) stop
03-05 18:52:12.614  6752  6805 I MediaCodec: (0xb869bac8) release
03-05 18:52:12.616  6752  6827 V Robocol : sending CMD_REQUEST_USER_SENSOR_LIST_RESP(10), attempt: 0
03-05 18:52:12.622  6752  6807 W AudioTrack: AUDIO_OUTPUT_FLAG_FAST denied by client; transfer 4, track 44100 Hz, output 48000 Hz
03-05 18:52:12.671  6752  6810 V RobotCore: Starting up device AI02RHDJ
03-05 18:52:12.672  6752  6836 V RobotCore: thread: 'r/w loop: Modern Robotics USB Core Device Interface Module [AI02RHDJ]' starting...
03-05 18:52:12.673  6752  6810 V RobotCore: Creating I2C Device - Port: 2
03-05 18:52:12.673  6752  6810 V RobotCore: Creating Modern Robotics I2C Gyro Sensor - Port: 3
03-05 18:52:12.677  6752  6810 V RobotCore: Creating I2C Device - Port: 4
03-05 18:52:12.677  6752  6810 V RobotCore: Creating Modern Robotics Analog Optical Distance Sensor - Port: 7
03-05 18:52:12.679  6752  6810 V RobotCore: Creating Modern Robotics USB DC Motor Controller [A104OQ1P]
03-05 18:52:12.691  6752  6810 D RobotCore: arming modern motor controller Modern Robotics USB DC Motor Controller [A104OQ1P]...
03-05 18:52:12.692  6752  6810 V D2xx::  : Vendor: 0403, Product: 6001
03-05 18:52:12.694  6752  6810 V D2xx::  : Vendor: 0403, Product: 6001
03-05 18:52:12.694  6752  6810 V D2xx::  : Vendor: 0403, Product: 6001
03-05 18:52:12.695  6752  6810 V D2xx::  : Vendor: 0403, Product: 6001
03-05 18:52:12.697  6752  6810 V D2xx::  : Vendor: 0403, Product: 6001
03-05 18:52:12.698  6752  6810 V D2xx::  : Vendor: 0403, Product: 6001
03-05 18:52:12.699  6752  6810 D FTDI_Device::: open SUCCESS
03-05 18:52:12.699  6752  6810 I FTDI_Device::: EP: 0x81
03-05 18:52:12.699  6752  6810 I FTDI_Device::: EP: 0x02
03-05 18:52:12.699  6752  6810 D D2XX::  : **********************Device Opened**********************
03-05 18:52:12.720  6752  6820 V Robocol : received command: CMD_REQUEST_OP_MODE_LIST(10001) 
03-05 18:52:12.736  6752  6827 V Robocol : sending CMD_REQUEST_OP_MODE_LIST_RESP(14), attempt: 0
03-05 18:52:12.739  6752  6820 V Robocol : received command: CMD_REQUEST_ACTIVE_CONFIGURATION(10002) 
03-05 18:52:12.742  6752  6820 V Robocol : received command: CMD_REQUEST_USER_SENSOR_LIST_RESP(10) [{"description":"a MR compass sensor","flavor":"I2C","name":"MR Compass Sensor","xmlTag":"ModernRoboticsI2cCompassSensor"},{"description":"an Adafruit IMU","flavor":"I2C","name":"Adafruit IMU","xmlTag":"AdafruitBNO055IMU"},{"description":"a MR range sensor","flavor":"I2C","name":"MR Range Sensor","xmlTag":"ModernRoboticsI2cRangeSensor"}]
03-05 18:52:12.776  6752  6827 V Robocol : sending CMD_REQUEST_USER_SENSOR_LIST_RESP(15), attempt: 0
03-05 18:52:12.776  6752  6827 V Robocol : sending CMD_REQUEST_ACTIVE_CONFIGURATION_RESP(19), attempt: 0
03-05 18:52:12.830  6752  6820 V Robocol : received command: CMD_REQUEST_OP_MODE_LIST_RESP(14) [{"flavor":"AUTONOMOUS","group":"Test","name":"Shooter"},{"flavor":"AUTONOMOUS","group":"Competition","name":"BlueAlternateCenter"},{"flavor":"AUTONOMOUS","group":"Competition","name":"BlueAlternateCorner"},{"flavor":"AUTONOMOUS","group":"Competition","name":"BlueStandardCenter"},{"flavor":"AUTONOMOUS","group":"Competition","name":"BlueStandardCorner"},{"flavor":"TELEOP","group":"Competition","name":"FinalTeleOp"},{"flavor":"AUTONOMOUS","group":"Competition","name":"RedAlternateCenter"},{"flavor":"AUTONOMOUS","group":"Competition","name":"RedAlternateCorner"},{"flavor":"AUTONOMOUS","group":"Competition","name":"RedStandardCenter"},{"flavor":"AUTONOMOUS","group":"Competition","name":"RedStandardCorner"}]
03-05 18:52:12.830  6752  6820 V Robocol : received command: CMD_INIT_OP_MODE(10009) $Stop$Robot$
03-05 18:52:12.832  6752  6820 V Robocol : received command: CMD_REQUEST_USER_SENSOR_LIST_RESP(15) [{"description":"a MR compass sensor","flavor":"I2C","name":"MR Compass Sensor","xmlTag":"ModernRoboticsI2cCompassSensor"},{"description":"an Adafruit IMU","flavor":"I2C","name":"Adafruit IMU","xmlTag":"AdafruitBNO055IMU"},{"description":"a MR range sensor","flavor":"I2C","name":"MR Range Sensor","xmlTag":"ModernRoboticsI2cRangeSensor"}]
03-05 18:52:12.832  6752  6820 V Robocol : received command: CMD_REQUEST_ACTIVE_CONFIGURATION_RESP(19) {"isDirty":false,"location":"LOCAL_STORAGE","name":"FINAL_CONFIG_2017","resourceId":0}
03-05 18:52:13.115  6752  6810 V RobotCore: Starting up device A104OQ1P
03-05 18:52:13.117  6752  6839 V RobotCore: thread: 'r/w loop: Modern Robotics USB DC Motor Controller [A104OQ1P]' starting...
03-05 18:52:13.119  6752  6810 D RobotCore: ...arming modern motor controller Modern Robotics USB DC Motor Controller [A104OQ1P] complete
03-05 18:52:13.167  6752  6810 V RobotCore: Creating Modern Robotics USB DC Motor Controller [AL00VWH0]
03-05 18:52:13.167  6752  6810 D RobotCore: arming modern motor controller Modern Robotics USB DC Motor Controller [AL00VWH0]...
03-05 18:52:13.169  6752  6810 V D2xx::  : Vendor: 0403, Product: 6001
03-05 18:52:13.172  6752  6810 V D2xx::  : Vendor: 0403, Product: 6001
03-05 18:52:13.179  6752  6810 V D2xx::  : Vendor: 0403, Product: 6001
03-05 18:52:13.180  6752  6810 V D2xx::  : Vendor: 0403, Product: 6001
03-05 18:52:13.182  6752  6810 V D2xx::  : Vendor: 0403, Product: 6001
03-05 18:52:13.185  6752  6810 V D2xx::  : Vendor: 0403, Product: 6001
03-05 18:52:13.188  6752  6810 D FTDI_Device::: open SUCCESS
03-05 18:52:13.188  6752  6810 I FTDI_Device::: EP: 0x81
03-05 18:52:13.188  6752  6810 I FTDI_Device::: EP: 0x02
03-05 18:52:13.188  6752  6810 D D2XX::  : **********************Device Opened**********************
03-05 18:52:13.606  6752  6810 V RobotCore: Starting up device AL00VWH0
03-05 18:52:13.607  6752  6842 V RobotCore: thread: 'r/w loop: Modern Robotics USB DC Motor Controller [AL00VWH0]' starting...
03-05 18:52:13.608  6752  6810 D RobotCore: ...arming modern motor controller Modern Robotics USB DC Motor Controller [AL00VWH0] complete
03-05 18:52:13.651  6752  6810 V RobotCore: Creating Modern Robotics USB DC Motor Controller [AI049QOP]
03-05 18:52:13.651  6752  6810 D RobotCore: arming modern motor controller Modern Robotics USB DC Motor Controller [AI049QOP]...
03-05 18:52:13.653  6752  6810 V D2xx::  : Vendor: 0403, Product: 6001
03-05 18:52:13.654  6752  6810 V D2xx::  : Vendor: 0403, Product: 6001
03-05 18:52:13.654  6752  6810 V D2xx::  : Vendor: 0403, Product: 6001
03-05 18:52:13.655  6752  6810 V D2xx::  : Vendor: 0403, Product: 6001
03-05 18:52:13.657  6752  6810 V D2xx::  : Vendor: 0403, Product: 6001
03-05 18:52:13.658  6752  6810 V D2xx::  : Vendor: 0403, Product: 6001
03-05 18:52:13.660  6752  6810 D FTDI_Device::: open SUCCESS
03-05 18:52:13.660  6752  6810 I FTDI_Device::: EP: 0x81
03-05 18:52:13.660  6752  6810 I FTDI_Device::: EP: 0x02
03-05 18:52:13.660  6752  6810 D D2XX::  : **********************Device Opened**********************
03-05 18:52:14.075  6752  6810 V RobotCore: Starting up device AI049QOP
03-05 18:52:14.078  6752  6845 V RobotCore: thread: 'r/w loop: Modern Robotics USB DC Motor Controller [AI049QOP]' starting...
03-05 18:52:14.079  6752  6810 D RobotCore: ...arming modern motor controller Modern Robotics USB DC Motor Controller [AI049QOP] complete
03-05 18:52:14.117  6752  6810 V RobotCore: Creating Modern Robotics USB DC Motor Controller [AL00VBIF]
03-05 18:52:14.118  6752  6810 D RobotCore: arming modern motor controller Modern Robotics USB DC Motor Controller [AL00VBIF]...
03-05 18:52:14.119  6752  6810 V D2xx::  : Vendor: 0403, Product: 6001
03-05 18:52:14.120  6752  6810 V D2xx::  : Vendor: 0403, Product: 6001
03-05 18:52:14.122  6752  6810 V D2xx::  : Vendor: 0403, Product: 6001
03-05 18:52:14.124  6752  6810 V D2xx::  : Vendor: 0403, Product: 6001
03-05 18:52:14.125  6752  6810 V D2xx::  : Vendor: 0403, Product: 6001
03-05 18:52:14.128  6752  6810 V D2xx::  : Vendor: 0403, Product: 6001
03-05 18:52:14.130  6752  6810 D FTDI_Device::: open SUCCESS
03-05 18:52:14.130  6752  6810 I FTDI_Device::: EP: 0x81
03-05 18:52:14.130  6752  6810 I FTDI_Device::: EP: 0x02
03-05 18:52:14.130  6752  6810 D D2XX::  : **********************Device Opened**********************
03-05 18:52:14.552  6752  6810 V RobotCore: Starting up device AL00VBIF
03-05 18:52:14.554  6752  6848 V RobotCore: thread: 'r/w loop: Modern Robotics USB DC Motor Controller [AL00VBIF]' starting...
03-05 18:52:14.554  6752  6810 D RobotCore: ...arming modern motor controller Modern Robotics USB DC Motor Controller [AL00VBIF] complete
03-05 18:52:14.658  6752  6810 I RobotCore: Analytics has completed initialization.
03-05 18:52:14.658  6752  6810 I RobotCore: ========= Device Information ===================================================
03-05 18:52:14.658  6752  6810 I RobotCore: Type                                               Name                           Connection
03-05 18:52:14.659  6752  6810 I RobotCore: I2cDevice                                          colorBack                      USB AI02RHDJ; port 4
03-05 18:52:14.660  6752  6810 I RobotCore: Modern Robotics USB DC Motor Controller v2.0       Shooter                        USB AI049QOP
03-05 18:52:14.660  6752  6810 I RobotCore: DC Motor                                           rightFront                     USB AL00VWH0; port 1
