12-04 16:20:52.548  8687  8693 I art     : Debugger is no longer active
12-04 16:20:58.740  8687  8687 V D2xx::  : Vendor: 0403, Product: 6001
12-04 16:20:58.754  8687  8687 D UsbDeviceConnectionJNI: close
12-04 16:20:58.755  8687  8687 V RCActivity: onPause()
12-04 16:20:58.755  8687  8687 V D2xx::  : Vendor: 0403, Product: 6001
12-04 16:20:58.755  8687  8687 D FTDI_Device::: open SUCCESS
12-04 16:20:58.756  8687  8687 I FTDI_Device::: EP: 0x81
12-04 16:20:58.756  8687  8687 I FTDI_Device::: EP: 0x02
12-04 16:20:58.756  8687  8687 D D2XX::  : **********************Device Opened**********************
12-04 16:20:58.757  8687  8687 D UsbDeviceConnectionJNI: close
12-04 16:20:58.758  8687  8687 V RCActivity: onResume()
12-04 16:20:58.759  8687  9069 I FIRST   : ======= MODULE ATTACH: disarm Modern Robotics USB DC Motor Controller [AI049QOP]=======
12-04 16:20:58.759  8687  9069 D RobotCore: disarming modern motor controller Modern Robotics USB DC Motor Controller [AI049QOP]...
12-04 16:20:58.762  8687  9163 V RobotCore: thread: ...terminating 'r/w loop: Modern Robotics USB DC Motor Controller [AI049QOP]'
12-04 16:20:58.762  8687  9069 V RobotCore: executive service ReadWriteRunnable for Modern Robotics USB Device is terminated
12-04 16:20:58.762  8687  9069 D RobotCore: ...disarming modern motor controller Modern Robotics USB DC Motor Controller [AI049QOP] complete
12-04 16:20:58.762  8687  9069 I FIRST   : ======= MODULE ATTACH: arm or pretend Modern Robotics USB DC Motor Controller [AI049QOP]=======
12-04 16:20:58.762  8687  9069 D RobotCore: arming modern motor controller Modern Robotics USB DC Motor Controller [AI049QOP]...
12-04 16:20:58.762  8687  9987 E ProcessRequestThread::: Fatal error!
12-04 16:20:58.762  8687  9987 W System.err: java.lang.NullPointerException: Attempt to read from null array
12-04 16:20:58.763  8687  9987 W System.err: 	at com.ftdi.j2xx.ProcessInCtrl.acquireReadableBuffer(FT_Device.java:2294)
12-04 16:20:58.763  8687  9987 W System.err: 	at com.ftdi.j2xx.ProcessRequestWorker.run(FT_Device.java:2764)
12-04 16:20:58.763  8687  9987 W System.err: 	at java.lang.Thread.run(Thread.java:818)
12-04 16:20:58.763  8687  9069 V D2xx::  : Vendor: 0403, Product: 6001
12-04 16:20:58.763  8687  9986 W System.err: java.lang.NullPointerException: Attempt to read from null array
12-04 16:20:58.763  8687  9986 W System.err: 	at com.ftdi.j2xx.ProcessInCtrl.acquireWritableBuffer(FT_Device.java:2281)
12-04 16:20:58.763  8687  9986 W System.err: 	at com.ftdi.j2xx.BulkInWorker.run(FT_Device.java:2853)
12-04 16:20:58.763  8687  9986 W System.err: 	at java.lang.Thread.run(Thread.java:818)
12-04 16:20:58.763  8687  9986 E BulkIn::: Fatal error in BulkIn thread
12-04 16:20:58.764  8687  9069 D FTDI_Device::: open SUCCESS
12-04 16:20:58.764  8687  9069 I FTDI_Device::: EP: 0x81
12-04 16:20:58.764  8687  9069 I FTDI_Device::: EP: 0x02
12-04 16:20:58.764  8687  9069 D D2XX::  : **********************Device Opened**********************
12-04 16:20:58.870  8687  9055 D RobotCore: system telemetry: key=$System$None$ msg=""
12-04 16:20:58.940  8687  8687 V D2xx::  : Vendor: 0403, Product: 6001
12-04 16:20:58.950  8687  8687 D UsbDeviceConnectionJNI: close
12-04 16:20:58.951  8687  8687 V RCActivity: onPause()
12-04 16:20:58.951  8687  8687 V D2xx::  : Vendor: 0403, Product: 6001
12-04 16:20:58.951  8687  8687 D FTDI_Device::: open SUCCESS
12-04 16:20:58.951  8687  8687 I FTDI_Device::: EP: 0x81
12-04 16:20:58.952  8687  8687 I FTDI_Device::: EP: 0x02
12-04 16:20:58.952  8687  8687 D D2XX::  : **********************Device Opened**********************
12-04 16:20:58.953  8687  8687 D UsbDeviceConnectionJNI: close
12-04 16:20:58.954  8687  8687 V RCActivity: onResume()
12-04 16:20:58.955  8687  9991 E ProcessRequestThread::: Fatal error!
12-04 16:20:58.955  8687  9991 W System.err: java.lang.NullPointerException: Attempt to read from null array
12-04 16:20:58.955  8687  9991 W System.err: 	at com.ftdi.j2xx.ProcessInCtrl.acquireReadableBuffer(FT_Device.java:2294)
12-04 16:20:58.955  8687  9991 W System.err: 	at com.ftdi.j2xx.ProcessRequestWorker.run(FT_Device.java:2764)
12-04 16:20:58.955  8687  9991 W System.err: 	at java.lang.Thread.run(Thread.java:818)
12-04 16:20:58.956  8687  9990 W System.err: java.lang.NullPointerException: Attempt to read from null array
12-04 16:20:58.956  8687  9990 W System.err: 	at com.ftdi.j2xx.ProcessInCtrl.acquireWritableBuffer(FT_Device.java:2281)
12-04 16:20:58.956  8687  9990 W System.err: 	at com.ftdi.j2xx.BulkInWorker.run(FT_Device.java:2853)
12-04 16:20:58.956  8687  9990 W System.err: 	at java.lang.Thread.run(Thread.java:818)
12-04 16:20:58.956  8687  9990 E BulkIn::: Fatal error in BulkIn thread
12-04 16:20:59.147  8687  8687 V D2xx::  : Vendor: 0403, Product: 6001
12-04 16:20:59.179  8687  9069 V RobotCore: Starting up device AI049QOP
12-04 16:20:59.179  8687  8687 D UsbDeviceConnectionJNI: close
12-04 16:20:59.180  8687  8687 V RCActivity: onPause()
12-04 16:20:59.183  8687  9992 V RobotCore: thread: 'r/w loop: Modern Robotics USB DC Motor Controller [AI049QOP]' starting...
12-04 16:20:59.183  8687  9069 D RobotCore: ...arming modern motor controller Modern Robotics USB DC Motor Controller [AI049QOP] complete
12-04 16:20:59.183  8687  9069 I FIRST   : ======= MODULE ATTACH: complete Modern Robotics USB DC Motor Controller [AI049QOP]=======
12-04 16:20:59.187  8687  8687 V D2xx::  : Vendor: 0403, Product: 6001
12-04 16:20:59.187  8687  8687 D FTDI_Device::: open SUCCESS
12-04 16:20:59.187  8687  8687 I FTDI_Device::: EP: 0x81
12-04 16:20:59.187  8687  8687 I FTDI_Device::: EP: 0x02
12-04 16:20:59.187  8687  8687 D D2XX::  : **********************Device Opened**********************
12-04 16:20:59.189  8687  8687 D UsbDeviceConnectionJNI: close
12-04 16:20:59.189  8687  8687 V RCActivity: onResume()
12-04 16:20:59.205  8687  9993 W System.err: java.lang.NullPointerException: Attempt to read from null array
12-04 16:20:59.205  8687  9993 W System.err: 	at com.ftdi.j2xx.ProcessInCtrl.acquireWritableBuffer(FT_Device.java:2281)
12-04 16:20:59.205  8687  9993 W System.err: 	at com.ftdi.j2xx.BulkInWorker.run(FT_Device.java:2853)
12-04 16:20:59.205  8687  9993 W System.err: 	at java.lang.Thread.run(Thread.java:818)
12-04 16:20:59.205  8687  9993 E BulkIn::: Fatal error in BulkIn thread
12-04 16:20:59.207  8687  9994 E ProcessRequestThread::: Fatal error!
12-04 16:20:59.207  8687  9994 W System.err: java.lang.NullPointerException: Attempt to read from null array
12-04 16:20:59.207  8687  9994 W System.err: 	at com.ftdi.j2xx.ProcessInCtrl.acquireReadableBuffer(FT_Device.java:2294)
12-04 16:20:59.207  8687  9994 W System.err: 	at com.ftdi.j2xx.ProcessRequestWorker.run(FT_Device.java:2764)
12-04 16:20:59.207  8687  9994 W System.err: 	at java.lang.Thread.run(Thread.java:818)
12-04 16:20:59.357  8687  8687 V D2xx::  : Vendor: 0403, Product: 6001
12-04 16:20:59.368  8687  8687 D UsbDeviceConnectionJNI: close
12-04 16:20:59.368  8687  8687 V RCActivity: onPause()
12-04 16:20:59.368  8687  8687 V D2xx::  : Vendor: 0403, Product: 6001
12-04 16:20:59.369  8687  8687 D FTDI_Device::: open SUCCESS
12-04 16:20:59.369  8687  8687 I FTDI_Device::: EP: 0x81
12-04 16:20:59.369  8687  8687 I FTDI_Device::: EP: 0x02
12-04 16:20:59.369  8687  8687 D D2XX::  : **********************Device Opened**********************
12-04 16:20:59.371  8687  8687 D UsbDeviceConnectionJNI: close
12-04 16:20:59.371  8687  8687 V RCActivity: onResume()
12-04 16:20:59.372  8687  9996 E ProcessRequestThread::: Fatal error!
12-04 16:20:59.372  8687  9996 W System.err: java.lang.NullPointerException: Attempt to read from null array
12-04 16:20:59.372  8687  9996 W System.err: 	at com.ftdi.j2xx.ProcessInCtrl.acquireReadableBuffer(FT_Device.java:2294)
12-04 16:20:59.372  8687  9996 W System.err: 	at com.ftdi.j2xx.ProcessRequestWorker.run(FT_Device.java:2764)
12-04 16:20:59.372  8687  9996 W System.err: 	at java.lang.Thread.run(Thread.java:818)
12-04 16:20:59.374  8687  9995 W System.err: java.lang.NullPointerException: Attempt to read from null array
12-04 16:20:59.375  8687  9995 W System.err: 	at com.ftdi.j2xx.ProcessInCtrl.acquireWritableBuffer(FT_Device.java:2281)
12-04 16:20:59.375  8687  9995 W System.err: 	at com.ftdi.j2xx.BulkInWorker.run(FT_Device.java:2853)
12-04 16:20:59.375  8687  9995 W System.err: 	at java.lang.Thread.run(Thread.java:818)
12-04 16:20:59.375  8687  9995 E BulkIn::: Fatal error in BulkIn thread
12-04 16:20:59.568  8687  8687 V D2xx::  : Vendor: 0403, Product: 6001
12-04 16:20:59.578  8687  8687 D UsbDeviceConnectionJNI: close
12-04 16:20:59.579  8687  8687 V RCActivity: onPause()
12-04 16:20:59.579  8687  8687 V D2xx::  : Vendor: 0403, Product: 6001
12-04 16:20:59.580  8687  8687 D FTDI_Device::: open SUCCESS
12-04 16:20:59.580  8687  8687 I FTDI_Device::: EP: 0x81
12-04 16:20:59.580  8687  8687 I FTDI_Device::: EP: 0x02
12-04 16:20:59.580  8687  8687 D D2XX::  : **********************Device Opened**********************
12-04 16:20:59.582  8687  8687 D UsbDeviceConnectionJNI: close
12-04 16:20:59.582  8687  8687 V RCActivity: onResume()
12-04 16:20:59.585  8687  9997 W System.err: java.lang.NullPointerException: Attempt to read from null array
12-04 16:20:59.585  8687  9997 W System.err: 	at com.ftdi.j2xx.ProcessInCtrl.acquireWritableBuffer(FT_Device.java:2281)
12-04 16:20:59.585  8687  9997 W System.err: 	at com.ftdi.j2xx.BulkInWorker.run(FT_Device.java:2853)
12-04 16:20:59.585  8687  9997 W System.err: 	at java.lang.Thread.run(Thread.java:818)
12-04 16:20:59.585  8687  9997 E BulkIn::: Fatal error in BulkIn thread
12-04 16:20:59.585  8687  9998 E ProcessRequestThread::: Fatal error!
12-04 16:20:59.585  8687  9998 W System.err: java.lang.NullPointerException: Attempt to read from null array
12-04 16:20:59.586  8687  9998 W System.err: 	at com.ftdi.j2xx.ProcessInCtrl.acquireReadableBuffer(FT_Device.java:2294)
12-04 16:20:59.586  8687  9998 W System.err: 	at com.ftdi.j2xx.ProcessRequestWorker.run(FT_Device.java:2764)
12-04 16:20:59.586  8687  9998 W System.err: 	at java.lang.Thread.run(Thread.java:818)
12-04 16:21:09.309  8687  9055 V Robocol : received command: CMD_INIT_OP_MODE(11976) Shooter Test
12-04 16:21:09.328  8687  9069 I RobotCore: Attempting to switch to op mode Shooter Test
12-04 16:21:09.337  8687 10077 V RobotCore: thread: 'LinearOpMode main' starting...
12-04 16:21:09.340  8687  9087 V Robocol : sending CMD_INIT_OP_MODE_RESP(2187), attempt: 0
12-04 16:21:09.349  8687  9055 V Robocol : received command: CMD_INIT_OP_MODE_RESP(2187) Shooter Test
12-04 16:21:16.932  8687  9055 V Robocol : received command: CMD_RUN_OP_MODE(12047) Shooter Test
12-04 16:21:16.961  8687 10077 I RobotCore: SHOOTER time: 12657
12-04 16:21:16.961  8687 10077 I RobotCore: SHOOTER 1: 0
12-04 16:21:16.961  8687 10077 I RobotCore: SHOOTER 2: 0
12-04 16:21:16.961  8687 10077 I RobotCore: SHOOTER RPM1: 0.0
12-04 16:21:16.961  8687 10077 I RobotCore: SHOOTER RPM2: 0.0
12-04 16:21:16.971  8687 10077 I RobotCore: SHOOTER time: 10398750
12-04 16:21:16.972  8687 10077 I RobotCore: SHOOTER 1: 0
12-04 16:21:16.972  8687 10077 I RobotCore: SHOOTER 2: 0
12-04 16:21:16.972  8687 10077 I RobotCore: SHOOTER RPM1: 0.0
12-04 16:21:16.972  8687 10077 I RobotCore: SHOOTER RPM2: 0.0
12-04 16:21:16.979  8687  9087 V Robocol : sending CMD_RUN_OP_MODE_RESP(2263), attempt: 0
12-04 16:21:16.982  8687 10077 I RobotCore: SHOOTER time: 20869636
12-04 16:21:16.982  8687 10077 I RobotCore: SHOOTER 1: 0
12-04 16:21:16.982  8687 10077 I RobotCore: SHOOTER 2: 0
12-04 16:21:16.982  8687 10077 I RobotCore: SHOOTER RPM1: 0.0
12-04 16:21:16.982  8687 10077 I RobotCore: SHOOTER RPM2: 0.0
12-04 16:21:16.989  8687  9055 V Robocol : received command: CMD_RUN_OP_MODE_RESP(2263) Shooter Test
12-04 16:21:16.992  8687 10077 I RobotCore: SHOOTER time: 31243907
12-04 16:21:16.992  8687 10077 I RobotCore: SHOOTER 1: 1
12-04 16:21:16.992  8687 10077 I RobotCore: SHOOTER 2: 0
12-04 16:21:16.992  8687 10077 I RobotCore: SHOOTER RPM1: 129.9671665355159
12-04 16:21:16.992  8687 10077 I RobotCore: SHOOTER RPM2: 0.0
12-04 16:21:17.003  8687 10077 I RobotCore: SHOOTER time: 41779532
12-04 16:21:17.003  8687 10077 I RobotCore: SHOOTER 1: 0
12-04 16:21:17.003  8687 10077 I RobotCore: SHOOTER 2: 1
12-04 16:21:17.003  8687 10077 I RobotCore: SHOOTER RPM1: 0.0
12-04 16:21:17.003  8687 10077 I RobotCore: SHOOTER RPM2: 127.97670823910049
12-04 16:21:17.013  8687 10077 I RobotCore: SHOOTER time: 52295677
12-04 16:21:17.013  8687 10077 I RobotCore: SHOOTER 1: 1
12-04 16:21:17.013  8687 10077 I RobotCore: SHOOTER 2: 1
12-04 16:21:17.014  8687 10077 I RobotCore: SHOOTER RPM1: 128.21377099132553
12-04 16:21:17.014  8687 10077 I RobotCore: SHOOTER RPM2: 128.21377099132553
12-04 16:21:17.024  8687 10077 I RobotCore: SHOOTER time: 62711615
12-04 16:21:17.024  8687 10077 I RobotCore: SHOOTER 1: 1
12-04 16:21:17.024  8687 10077 I RobotCore: SHOOTER 2: 1
12-04 16:21:17.024  8687 10077 I RobotCore: SHOOTER RPM1: 129.4472573417366
12-04 16:21:17.024  8687 10077 I RobotCore: SHOOTER RPM2: 129.4472573417366
12-04 16:21:17.034  8687 10077 I RobotCore: SHOOTER time: 73234167
12-04 16:21:17.034  8687 10077 I RobotCore: SHOOTER 1: 1
12-04 16:21:17.034  8687 10077 I RobotCore: SHOOTER 2: 1
12-04 16:21:17.034  8687 10077 I RobotCore: SHOOTER RPM1: 128.13570384271543
12-04 16:21:17.034  8687 10077 I RobotCore: SHOOTER RPM2: 128.13570384271543
12-04 16:21:17.045  8687 10077 I RobotCore: SHOOTER time: 83750625
12-04 16:21:17.045  8687 10077 I RobotCore: SHOOTER 1: 1
12-04 16:21:17.045  8687 10077 I RobotCore: SHOOTER 2: 1
12-04 16:21:17.045  8687 10077 I RobotCore: SHOOTER RPM1: 128.20995498118978
12-04 16:21:17.045  8687 10077 I RobotCore: SHOOTER RPM2: 128.20995498118978
12-04 16:21:17.055  8687 10077 I RobotCore: SHOOTER time: 94271354
12-04 16:21:17.055  8687 10077 I RobotCore: SHOOTER 1: 1
12-04 16:21:17.055  8687 10077 I RobotCore: SHOOTER 2: 2
12-04 16:21:17.055  8687 10077 I RobotCore: SHOOTER RPM1: 128.1579068086986
12-04 16:21:17.056  8687 10077 I RobotCore: SHOOTER RPM2: 256.3158136173972
12-04 16:21:17.066  8687 10077 I RobotCore: SHOOTER time: 104794584
12-04 16:21:17.066  8687 10077 I RobotCore: SHOOTER 1: 2
12-04 16:21:17.066  8687 10077 I RobotCore: SHOOTER 2: 2
12-04 16:21:17.066  8687 10077 I RobotCore: SHOOTER RPM1: 256.25489640377964
12-04 16:21:17.066  8687 10077 I RobotCore: SHOOTER RPM2: 256.25489640377964
12-04 16:21:17.077  8687 10077 I RobotCore: SHOOTER time: 115459219
12-04 16:21:17.077  8687 10077 I RobotCore: SHOOTER 1: 1
12-04 16:21:17.077  8687 10077 I RobotCore: SHOOTER 2: 1
12-04 16:21:17.077  8687 10077 I RobotCore: SHOOTER RPM1: 126.42857507468123
12-04 16:21:17.077  8687 10077 I RobotCore: SHOOTER RPM2: 126.42857507468123
12-04 16:21:17.087  8687 10077 I RobotCore: SHOOTER time: 125996407
12-04 16:21:17.087  8687 10077 I RobotCore: SHOOTER 1: 2
12-04 16:21:17.087  8687 10077 I RobotCore: SHOOTER 2: 3
12-04 16:21:17.087  8687 10077 I RobotCore: SHOOTER RPM1: 255.91545044874837
12-04 16:21:17.087  8687 10077 I RobotCore: SHOOTER RPM2: 383.87317567312255
12-04 16:21:17.098  8687 10077 I RobotCore: SHOOTER time: 136677969
12-04 16:21:17.098  8687 10077 I RobotCore: SHOOTER 1: 3
12-04 16:21:17.098  8687 10077 I RobotCore: SHOOTER 2: 2
12-04 16:21:17.098  8687 10077 I RobotCore: SHOOTER RPM1: 378.6846736670834
12-04 16:21:17.098  8687 10077 I RobotCore: SHOOTER RPM2: 252.45644911138896
12-04 16:21:17.108  8687 10077 I RobotCore: SHOOTER time: 147144115
12-04 16:21:17.108  8687 10077 I RobotCore: SHOOTER 1: 1
12-04 16:21:17.108  8687 10077 I RobotCore: SHOOTER 2: 2
12-04 16:21:17.108  8687 10077 I RobotCore: SHOOTER RPM1: 128.82627537792547
12-04 16:21:17.108  8687 10077 I RobotCore: SHOOTER RPM2: 257.65255075585094
12-04 16:21:17.119  8687 10077 I RobotCore: SHOOTER time: 157593438
12-04 16:21:17.119  8687 10077 I RobotCore: SHOOTER 1: 3
12-04 16:21:17.119  8687 10077 I RobotCore: SHOOTER 2: 3
12-04 16:21:17.119  8687 10077 I RobotCore: SHOOTER RPM1: 387.10104187847566
12-04 16:21:17.119  8687 10077 I RobotCore: SHOOTER RPM2: 387.10104187847566
12-04 16:21:17.129  8687 10077 I RobotCore: SHOOTER time: 168009323
12-04 16:21:17.129  8687 10077 I RobotCore: SHOOTER 1: 2
12-04 16:21:17.129  8687 10077 I RobotCore: SHOOTER 2: 2
12-04 16:21:17.129  8687 10077 I RobotCore: SHOOTER RPM1: 258.8958320376181
12-04 16:21:17.129  8687 10077 I RobotCore: SHOOTER RPM2: 258.8958320376181
12-04 16:21:17.140  8687 10077 I RobotCore: SHOOTER time: 178584688
12-04 16:21:17.140  8687 10077 I RobotCore: SHOOTER 1: 2
12-04 16:21:17.140  8687 10077 I RobotCore: SHOOTER 2: 4
12-04 16:21:17.140  8687 10077 I RobotCore: SHOOTER RPM1: 254.9915973097048
12-04 16:21:17.140  8687 10077 I RobotCore: SHOOTER RPM2: 509.9831946194096
12-04 16:21:17.151  8687 10077 I RobotCore: SHOOTER time: 189598698
12-04 16:21:17.151  8687 10077 I RobotCore: SHOOTER 1: 3
12-04 16:21:17.151  8687 10077 I RobotCore: SHOOTER 2: 3
12-04 16:21:17.151  8687 10077 I RobotCore: SHOOTER RPM1: 367.25441689491106
12-04 16:21:17.151  8687 10077 I RobotCore: SHOOTER RPM2: 367.25441689491106
12-04 16:21:17.161  8687 10077 I RobotCore: SHOOTER time: 200257969
12-04 16:21:17.161  8687 10077 I RobotCore: SHOOTER 1: 4
12-04 16:21:17.161  8687 10077 I RobotCore: SHOOTER 2: 4
12-04 16:21:17.162  8687 10077 I RobotCore: SHOOTER RPM1: 505.9687878248233
12-04 16:21:17.162  8687 10077 I RobotCore: SHOOTER RPM2: 505.9687878248233
12-04 16:21:17.172  8687 10077 I RobotCore: SHOOTER time: 211287657
12-04 16:21:17.173  8687 10077 I RobotCore: SHOOTER 1: 2
12-04 16:21:17.173  8687 10077 I RobotCore: SHOOTER 2: 2
12-04 16:21:17.173  8687 10077 I RobotCore: SHOOTER RPM1: 244.48825873253585
12-04 16:21:17.173  8687 10077 I RobotCore: SHOOTER RPM2: 244.48825873253585
12-04 16:21:17.183  8687 10077 I RobotCore: SHOOTER time: 221976771
12-04 16:21:17.183  8687 10077 I RobotCore: SHOOTER 1: 2
12-04 16:21:17.183  8687 10077 I RobotCore: SHOOTER 2: 3
12-04 16:21:17.183  8687 10077 I RobotCore: SHOOTER RPM1: 252.2780853009095
12-04 16:21:17.183  8687 10077 I RobotCore: SHOOTER RPM2: 378.41712795136425
12-04 16:21:17.194  8687 10077 I RobotCore: SHOOTER time: 232581094
12-04 16:21:17.194  8687 10077 I RobotCore: SHOOTER 1: 4
12-04 16:21:17.194  8687 10077 I RobotCore: SHOOTER 2: 4
12-04 16:21:17.194  8687 10077 I RobotCore: SHOOTER RPM1: 508.59054622971144
12-04 16:21:17.194  8687 10077 I RobotCore: SHOOTER RPM2: 508.59054622971144
12-04 16:21:17.204  8687 10077 I RobotCore: SHOOTER time: 243019688
12-04 16:21:17.204  8687 10077 I RobotCore: SHOOTER 1: 3
12-04 16:21:17.204  8687 10077 I RobotCore: SHOOTER 2: 3
12-04 16:21:17.204  8687 10077 I RobotCore: SHOOTER RPM1: 387.49891223135216
12-04 16:21:17.204  8687 10077 I RobotCore: SHOOTER RPM2: 387.49891223135216
12-04 16:21:17.215  8687 10077 I RobotCore: SHOOTER time: 253655938
12-04 16:21:17.215  8687 10077 I RobotCore: SHOOTER 1: 4
12-04 16:21:17.215  8687 10077 I RobotCore: SHOOTER 2: 5
12-04 16:21:17.215  8687 10077 I RobotCore: SHOOTER RPM1: 507.0639019359541
12-04 16:21:17.215  8687 10077 I RobotCore: SHOOTER RPM2: 633.8298774199427
12-04 16:21:17.225  8687 10077 I RobotCore: SHOOTER time: 264047813
12-04 16:21:17.225  8687 10077 I RobotCore: SHOOTER 1: 3
12-04 16:21:17.225  8687 10077 I RobotCore: SHOOTER 2: 4
12-04 16:21:17.225  8687 10077 I RobotCore: SHOOTER RPM1: 389.2410003223402
12-04 16:21:17.225  8687 10077 I RobotCore: SHOOTER RPM2: 518.9880004297869
12-04 16:21:17.236  8687 10077 I RobotCore: SHOOTER time: 274447344
12-04 16:21:17.236  8687 10077 I RobotCore: SHOOTER 1: 3
12-04 16:21:17.236  8687 10077 I RobotCore: SHOOTER 2: 3
12-04 16:21:17.236  8687 10077 I RobotCore: SHOOTER RPM1: 388.95444614038064
12-04 16:21:17.236  8687 10077 I RobotCore: SHOOTER RPM2: 388.95444614038064
12-04 16:21:17.246  8687 10077 I RobotCore: SHOOTER time: 284809636
12-04 16:21:17.246  8687 10077 I RobotCore: SHOOTER 1: 4
12-04 16:21:17.246  8687 10077 I RobotCore: SHOOTER 2: 5
12-04 16:21:17.246  8687 10077 I RobotCore: SHOOTER RPM1: 520.4696438747617
12-04 16:21:17.246  8687 10077 I RobotCore: SHOOTER RPM2: 650.5870548434522
12-04 16:21:17.256  8687 10077 I RobotCore: SHOOTER time: 295167084
12-04 16:21:17.256  8687 10077 I RobotCore: SHOOTER 1: 3
12-04 16:21:17.256  8687 10077 I RobotCore: SHOOTER 2: 3
12-04 16:21:17.256  8687 10077 I RobotCore: SHOOTER RPM1: 390.53479392073405
12-04 16:21:17.256  8687 10077 I RobotCore: SHOOTER RPM2: 390.53479392073405
12-04 16:21:17.267  8687 10077 I RobotCore: SHOOTER time: 305988698
12-04 16:21:17.267  8687 10077 I RobotCore: SHOOTER 1: 4
12-04 16:21:17.267  8687 10077 I RobotCore: SHOOTER 2: 4
12-04 16:21:17.267  8687 10077 I RobotCore: SHOOTER RPM1: 498.3783774736645
12-04 16:21:17.267  8687 10077 I RobotCore: SHOOTER RPM2: 498.3783774736645
12-04 16:21:17.278  8687 10077 I RobotCore: SHOOTER time: 316560625
12-04 16:21:17.278  8687 10077 I RobotCore: SHOOTER 1: 5
12-04 16:21:17.278  8687 10077 I RobotCore: SHOOTER 2: 6
12-04 16:21:17.278  8687 10077 I RobotCore: SHOOTER RPM1: 637.6863020060454
12-04 16:21:17.278  8687 10077 I RobotCore: SHOOTER RPM2: 765.2235624072545
12-04 16:21:17.288  8687 10077 I RobotCore: SHOOTER time: 327071250
12-04 16:21:17.288  8687 10077 I RobotCore: SHOOTER 1: 3
12-04 16:21:17.288  8687 10077 I RobotCore: SHOOTER 2: 3
12-04 16:21:17.288  8687 10077 I RobotCore: SHOOTER RPM1: 384.8433199952162
12-04 16:21:17.288  8687 10077 I RobotCore: SHOOTER RPM2: 384.8433199952162
12-04 16:21:17.299  8687 10077 I RobotCore: SHOOTER time: 337600781
12-04 16:21:17.299  8687 10077 I RobotCore: SHOOTER 1: 4
12-04 16:21:17.299  8687 10077 I RobotCore: SHOOTER 2: 5
12-04 16:21:17.299  8687 10077 I RobotCore: SHOOTER RPM1: 512.2031006857088
12-04 16:21:17.299  8687 10077 I RobotCore: SHOOTER RPM2: 640.253875857136
12-04 16:21:17.309  8687 10077 I RobotCore: SHOOTER time: 348124323
12-04 16:21:17.309  8687 10077 I RobotCore: SHOOTER 1: 5
12-04 16:21:17.309  8687 10077 I RobotCore: SHOOTER 2: 5
12-04 16:21:17.309  8687 10077 I RobotCore: SHOOTER RPM1: 640.6182475166503
12-04 16:21:17.309  8687 10077 I RobotCore: SHOOTER RPM2: 640.6182475166503
12-04 16:21:17.320  8687 10077 I RobotCore: SHOOTER time: 358721719
12-04 16:21:17.320  8687 10077 I RobotCore: SHOOTER 1: 3
12-04 16:21:17.320  8687 10077 I RobotCore: SHOOTER 2: 4
12-04 16:21:17.320  8687 10077 I RobotCore: SHOOTER RPM1: 381.6922402658841
12-04 16:21:17.320  8687 10077 I RobotCore: SHOOTER RPM2: 508.9229870211788
12-04 16:21:17.331  8687 10077 I RobotCore: SHOOTER time: 369481302
12-04 16:21:17.331  8687 10077 I RobotCore: SHOOTER 1: 5
12-04 16:21:17.331  8687 10077 I RobotCore: SHOOTER 2: 5
12-04 16:21:17.331  8687 10077 I RobotCore: SHOOTER RPM1: 626.5645270553575
12-04 16:21:17.331  8687 10077 I RobotCore: SHOOTER RPM2: 626.5645270553575
12-04 16:21:17.341  8687 10077 I RobotCore: SHOOTER time: 380277709
12-04 16:21:17.341  8687 10077 I RobotCore: SHOOTER 1: 5
12-04 16:21:17.342  8687 10077 I RobotCore: SHOOTER 2: 5
12-04 16:21:17.342  8687 10077 I RobotCore: SHOOTER RPM1: 624.4274631095202
12-04 16:21:17.342  8687 10077 I RobotCore: SHOOTER RPM2: 624.4274631095202
12-04 16:21:17.352  8687 10077 I RobotCore: SHOOTER time: 391170000
12-04 16:21:17.352  8687 10077 I RobotCore: SHOOTER 1: 3
12-04 16:21:17.353  8687 10077 I RobotCore: SHOOTER 2: 4
12-04 16:21:17.353  8687 10077 I RobotCore: SHOOTER RPM1: 371.35840570406344
12-04 16:21:17.353  8687 10077 I RobotCore: SHOOTER RPM2: 495.1445409387513
12-04 16:21:17.363  8687 10077 I RobotCore: SHOOTER time: 401972344
12-04 16:21:17.363  8687 10077 I RobotCore: SHOOTER 1: 6
12-04 16:21:17.363  8687 10077 I RobotCore: SHOOTER 2: 6
12-04 16:21:17.363  8687 10077 I RobotCore: SHOOTER RPM1: 748.901131129451
12-04 16:21:17.363  8687 10077 I RobotCore: SHOOTER RPM2: 748.901131129451
12-04 16:21:17.374  8687 10077 I RobotCore: SHOOTER time: 412756667
12-04 16:21:17.374  8687 10077 I RobotCore: SHOOTER 1: 5
12-04 16:21:17.374  8687 10077 I RobotCore: SHOOTER 2: 6
12-04 16:21:17.374  8687 10077 I RobotCore: SHOOTER RPM1: 625.1271436981131
12-04 16:21:17.374  8687 10077 I RobotCore: SHOOTER RPM2: 750.1525724377356
12-04 16:21:17.385  8687 10077 I RobotCore: SHOOTER time: 423662031
12-04 16:21:17.385  8687 10077 I RobotCore: SHOOTER 1: 3
12-04 16:21:17.385  8687 10077 I RobotCore: SHOOTER 2: 4
12-04 16:21:17.385  8687 10077 I RobotCore: SHOOTER RPM1: 370.9132331781607
12-04 16:21:17.385  8687 10077 I RobotCore: SHOOTER RPM2: 494.5509775708809
12-04 16:21:17.396  8687 10077 I RobotCore: SHOOTER time: 434436563
12-04 16:21:17.396  8687 10077 I RobotCore: SHOOTER 1: 7
12-04 16:21:17.396  8687 10077 I RobotCore: SHOOTER 2: 6
12-04 16:21:17.396  8687 10077 I RobotCore: SHOOTER RPM1: 875.9732902729336
12-04 16:21:17.396  8687 10077 I RobotCore: SHOOTER RPM2: 750.8342488053717
12-04 16:21:17.406  8687 10077 I RobotCore: SHOOTER time: 445162240
12-04 16:21:17.406  8687 10077 I RobotCore: SHOOTER 1: 4
12-04 16:21:17.407  8687 10077 I RobotCore: SHOOTER 2: 5
12-04 16:21:17.407  8687 10077 I RobotCore: SHOOTER RPM1: 502.83617779710244
12-04 16:21:17.407  8687 10077 I RobotCore: SHOOTER RPM2: 628.545222246378
12-04 16:21:17.417  8687 10077 I RobotCore: SHOOTER time: 456034167
12-04 16:21:17.417  8687 10077 I RobotCore: SHOOTER 1: 5
12-04 16:21:17.417  8687 10077 I RobotCore: SHOOTER 2: 5
12-04 16:21:17.417  8687 10077 I RobotCore: SHOOTER RPM1: 620.0899834691555
12-04 16:21:17.417  8687 10077 I RobotCore: SHOOTER RPM2: 620.0899834691555
12-04 16:21:17.428  8687 10077 I RobotCore: SHOOTER time: 466906511
12-04 16:21:17.428  8687 10077 I RobotCore: SHOOTER 1: 6
12-04 16:21:17.428  8687 10077 I RobotCore: SHOOTER 2: 7
12-04 16:21:17.428  8687 10077 I RobotCore: SHOOTER RPM1: 744.0794405005432
12-04 16:21:17.428  8687 10077 I RobotCore: SHOOTER RPM2: 868.0926805839671
12-04 16:21:17.439  8687 10077 I RobotCore: SHOOTER time: 477536354
12-04 16:21:17.439  8687 10077 I RobotCore: SHOOTER 1: 3
12-04 16:21:17.439  8687 10077 I RobotCore: SHOOTER 2: 4
12-04 16:21:17.439  8687 10077 I RobotCore: SHOOTER RPM1: 380.5271460946995
12-04 16:21:17.439  8687 10077 I RobotCore: SHOOTER RPM2: 507.36952812626606
12-04 16:21:17.449  8687 10077 I RobotCore: SHOOTER time: 488117865
12-04 16:21:17.449  8687 10077 I RobotCore: SHOOTER 1: 6
12-04 16:21:17.449  8687 10077 I RobotCore: SHOOTER 2: 6
12-04 16:21:17.450  8687 10077 I RobotCore: SHOOTER RPM1: 764.5304758885038
12-04 16:21:17.450  8687 10077 I RobotCore: SHOOTER RPM2: 764.5304758885038
12-04 16:21:17.460  8687 10077 I RobotCore: SHOOTER time: 498817084
12-04 16:21:17.460  8687 10077 I RobotCore: SHOOTER 1: 5
12-04 16:21:17.460  8687 10077 I RobotCore: SHOOTER 2: 5
12-04 16:21:17.460  8687 10077 I RobotCore: SHOOTER RPM1: 630.099545930209
12-04 16:21:17.460  8687 10077 I RobotCore: SHOOTER RPM2: 630.099545930209
12-04 16:21:17.471  8687 10077 I RobotCore: SHOOTER time: 509631406
12-04 16:21:17.471  8687 10077 I RobotCore: SHOOTER 1: 4
12-04 16:21:17.471  8687 10077 I RobotCore: SHOOTER 2: 5
12-04 16:21:17.471  8687 10077 I RobotCore: SHOOTER RPM1: 498.71442952838765
12-04 16:21:17.471  8687 10077 I RobotCore: SHOOTER RPM2: 623.3930369104845
12-04 16:21:17.481  8687 10077 I RobotCore: SHOOTER time: 520052448
12-04 16:21:17.481  8687 10077 I RobotCore: SHOOTER 1: 7
12-04 16:21:17.481  8687 10077 I RobotCore: SHOOTER 2: 7
12-04 16:21:17.481  8687 10077 I RobotCore: SHOOTER RPM1: 905.6869982091054
12-04 16:21:17.481  8687 10077 I RobotCore: SHOOTER RPM2: 905.6869982091054
12-04 16:21:17.492  8687 10077 I RobotCore: SHOOTER time: 530461823
12-04 16:21:17.492  8687 10077 I RobotCore: SHOOTER 1: 6
12-04 16:21:17.492  8687 10077 I RobotCore: SHOOTER 2: 6
12-04 16:21:17.492  8687 10077 I RobotCore: SHOOTER RPM1: 777.1732347474693
12-04 16:21:17.492  8687 10077 I RobotCore: SHOOTER RPM2: 777.1732347474693
12-04 16:21:17.502  8687 10077 I RobotCore: SHOOTER time: 541143438
12-04 16:21:17.502  8687 10077 I RobotCore: SHOOTER 1: 4
12-04 16:21:17.502  8687 10077 I RobotCore: SHOOTER 2: 5
12-04 16:21:17.502  8687 10077 I RobotCore: SHOOTER RPM1: 504.910392947723
12-04 16:21:17.502  8687 10077 I RobotCore: SHOOTER RPM2: 631.1379911846537
12-04 16:21:17.513  8687 10077 I RobotCore: SHOOTER time: 551651823
12-04 16:21:17.513  8687 10077 I RobotCore: SHOOTER 1: 7
12-04 16:21:17.513  8687 10077 I RobotCore: SHOOTER 2: 7
12-04 16:21:17.513  8687 10077 I RobotCore: SHOOTER RPM1: 898.1591602506961
12-04 16:21:17.513  8687 10077 I RobotCore: SHOOTER RPM2: 898.1591602506961
12-04 16:21:17.523  8687 10077 I RobotCore: SHOOTER time: 562103229
12-04 16:21:17.523  8687 10077 I RobotCore: SHOOTER 1: 6
12-04 16:21:17.523  8687 10077 I RobotCore: SHOOTER 2: 6
12-04 16:21:17.523  8687 10077 I RobotCore: SHOOTER RPM1: 774.0477827049717
12-04 16:21:17.523  8687 10077 I RobotCore: SHOOTER RPM2: 774.0477827049717
12-04 16:21:17.534  8687 10077 I RobotCore: SHOOTER time: 573064375
12-04 16:21:17.534  8687 10077 I RobotCore: SHOOTER 1: 4
12-04 16:21:17.534  8687 10077 I RobotCore: SHOOTER 2: 5
12-04 16:21:17.534  8687 10077 I RobotCore: SHOOTER RPM1: 492.03417479945
12-04 16:21:17.535  8687 10077 I RobotCore: SHOOTER RPM2: 615.0427184993125
12-04 16:21:17.545  8687 10077 I RobotCore: SHOOTER time: 583867083
12-04 16:21:17.545  8687 10077 I RobotCore: SHOOTER 1: 7
12-04 16:21:17.545  8687 10077 I RobotCore: SHOOTER 2: 7
12-04 16:21:17.545  8687 10077 I RobotCore: SHOOTER RPM1: 873.6885461674065
12-04 16:21:17.545  8687 10077 I RobotCore: SHOOTER RPM2: 873.6885461674065
12-04 16:21:17.556  8687 10077 I RobotCore: SHOOTER time: 594381615
12-04 16:21:17.556  8687 10077 I RobotCore: SHOOTER 1: 6
12-04 16:21:17.556  8687 10077 I RobotCore: SHOOTER 2: 7
12-04 16:21:17.556  8687 10077 I RobotCore: SHOOTER RPM1: 769.4006390821235
12-04 16:21:17.556  8687 10077 I RobotCore: SHOOTER RPM2: 897.634078929144
12-04 16:21:17.566  8687 10077 I RobotCore: SHOOTER time: 605176094
12-04 16:21:17.566  8687 10077 I RobotCore: SHOOTER 1: 5
12-04 16:21:17.566  8687 10077 I RobotCore: SHOOTER 2: 5
12-04 16:21:17.567  8687 10077 I RobotCore: SHOOTER RPM1: 624.538991989133
12-04 16:21:17.567  8687 10077 I RobotCore: SHOOTER RPM2: 624.538991989133
12-04 16:21:17.577  8687 10077 I RobotCore: SHOOTER time: 615895729
12-04 16:21:17.577  8687 10077 I RobotCore: SHOOTER 1: 6
12-04 16:21:17.577  8687 10077 I RobotCore: SHOOTER 2: 7
12-04 16:21:17.577  8687 10077 I RobotCore: SHOOTER RPM1: 754.6793935100811
12-04 16:21:17.577  8687 10077 I RobotCore: SHOOTER RPM2: 880.459292428428
12-04 16:21:17.588  8687 10077 I RobotCore: SHOOTER time: 626590833
12-04 16:21:17.588  8687 10077 I RobotCore: SHOOTER 1: 7
12-04 16:21:17.588  8687 10077 I RobotCore: SHOOTER 2: 7
12-04 16:21:17.588  8687 10077 I RobotCore: SHOOTER RPM1: 882.4787722672927
12-04 16:21:17.588  8687 10077 I RobotCore: SHOOTER RPM2: 882.4787722672927
12-04 16:21:17.598  8687 10077 I RobotCore: SHOOTER time: 637105938
12-04 16:21:17.598  8687 10077 I RobotCore: SHOOTER 1: 5
12-04 16:21:17.598  8687 10077 I RobotCore: SHOOTER 2: 5
12-04 16:21:17.598  8687 10077 I RobotCore: SHOOTER RPM1: 641.1322600875469
12-04 16:21:17.599  8687 10077 I RobotCore: SHOOTER RPM2: 641.1322600875469
12-04 16:21:17.609  8687 10077 I RobotCore: SHOOTER time: 647747344
12-04 16:21:17.609  8687 10077 I RobotCore: SHOOTER 1: 5
12-04 16:21:17.609  8687 10077 I RobotCore: SHOOTER 2: 5
12-04 16:21:17.609  8687 10077 I RobotCore: SHOOTER RPM1: 633.5227726211992
12-04 16:21:17.609  8687 10077 I RobotCore: SHOOTER RPM2: 633.5227726211992
12-04 16:21:17.620  8687 10077 I RobotCore: SHOOTER time: 658446927
12-04 16:21:17.620  8687 10077 I RobotCore: SHOOTER 1: 7
12-04 16:21:17.620  8687 10077 I RobotCore: SHOOTER 2: 8
12-04 16:21:17.620  8687 10077 I RobotCore: SHOOTER RPM1: 882.109353905756
12-04 16:21:17.620  8687 10077 I RobotCore: SHOOTER RPM2: 1008.1249758922927
12-04 16:21:17.631  8687 10077 I RobotCore: SHOOTER time: 669367969
12-04 16:21:17.631  8687 10077 I RobotCore: SHOOTER 1: 7
12-04 16:21:17.631  8687 10077 I RobotCore: SHOOTER 2: 7
12-04 16:21:17.631  8687 10077 I RobotCore: SHOOTER RPM1: 864.2217699731409
12-04 16:21:17.631  8687 10077 I RobotCore: SHOOTER RPM2: 864.2217699731409
12-04 16:21:17.641  8687 10077 I RobotCore: SHOOTER time: 680100886
12-04 16:21:17.641  8687 10077 I RobotCore: SHOOTER 1: 5
12-04 16:21:17.641  8687 10077 I RobotCore: SHOOTER 2: 5
12-04 16:21:17.641  8687 10077 I RobotCore: SHOOTER RPM1: 628.1212305757946
12-04 16:21:17.641  8687 10077 I RobotCore: SHOOTER RPM2: 628.1212305757946
12-04 16:21:17.652  8687 10077 I RobotCore: SHOOTER time: 690893073
12-04 16:21:17.652  8687 10077 I RobotCore: SHOOTER 1: 7
12-04 16:21:17.652  8687 10077 I RobotCore: SHOOTER 2: 8
12-04 16:21:17.652  8687 10077 I RobotCore: SHOOTER RPM1: 874.5402805928966
12-04 16:21:17.652  8687 10077 I RobotCore: SHOOTER RPM2: 999.4746063918818
12-04 16:21:17.663  8687 10077 I RobotCore: SHOOTER time: 701727813
12-04 16:21:17.663  8687 10077 I RobotCore: SHOOTER 1: 7
12-04 16:21:17.663  8687 10077 I RobotCore: SHOOTER 2: 7
12-04 16:21:17.663  8687 10077 I RobotCore: SHOOTER RPM1: 871.1055592650134
12-04 16:21:17.663  8687 10077 I RobotCore: SHOOTER RPM2: 871.1055592650134
12-04 16:21:17.674  8687 10077 I RobotCore: SHOOTER time: 712487292
12-04 16:21:17.674  8687 10077 I RobotCore: SHOOTER 1: 7
12-04 16:21:17.674  8687 10077 I RobotCore: SHOOTER 2: 8
12-04 16:21:17.674  8687 10077 I RobotCore: SHOOTER RPM1: 877.1988167076688
12-04 16:21:17.674  8687 10077 I RobotCore: SHOOTER RPM2: 1002.5129333801929
12-04 16:21:17.684  8687 10077 I RobotCore: SHOOTER time: 723267344
12-04 16:21:17.685  8687 10077 I RobotCore: SHOOTER 1: 5
12-04 16:21:17.685  8687 10077 I RobotCore: SHOOTER 2: 5
12-04 16:21:17.685  8687 10077 I RobotCore: SHOOTER RPM1: 625.3748157901155
12-04 16:21:17.685  8687 10077 I RobotCore: SHOOTER RPM2: 625.3748157901155
12-04 16:21:17.695  8687 10077 I RobotCore: SHOOTER time: 733850417
12-04 16:21:17.695  8687 10077 I RobotCore: SHOOTER 1: 6
12-04 16:21:17.695  8687 10077 I RobotCore: SHOOTER 2: 6
12-04 16:21:17.695  8687 10077 I RobotCore: SHOOTER RPM1: 764.4176356384803
12-04 16:21:17.695  8687 10077 I RobotCore: SHOOTER RPM2: 764.4176356384803
12-04 16:21:17.706  8687 10077 I RobotCore: SHOOTER time: 744481302
12-04 16:21:17.706  8687 10077 I RobotCore: SHOOTER 1: 5
12-04 16:21:17.706  8687 10077 I RobotCore: SHOOTER 2: 6
12-04 16:21:17.706  8687 10077 I RobotCore: SHOOTER RPM1: 634.1497470537839
12-04 16:21:17.706  8687 10077 I RobotCore: SHOOTER RPM2: 760.9796964645407
12-04 16:21:17.716  8687 10077 I RobotCore: SHOOTER time: 755030781
12-04 16:21:17.716  8687 10077 I RobotCore: SHOOTER 1: 8
12-04 16:21:17.716  8687 10077 I RobotCore: SHOOTER 2: 8
12-04 16:21:17.716  8687 10077 I RobotCore: SHOOTER RPM1: 1022.4691526408635
12-04 16:21:17.716  8687 10077 I RobotCore: SHOOTER RPM2: 1022.4691526408635
12-04 16:21:17.727  8687 10077 I RobotCore: SHOOTER time: 765579375
12-04 16:21:17.727  8687 10077 I RobotCore: SHOOTER 1: 8
12-04 16:21:17.727  8687 10077 I RobotCore: SHOOTER 2: 8
12-04 16:21:17.727  8687 10077 I RobotCore: SHOOTER RPM1: 1022.554935182128
12-04 16:21:17.727  8687 10077 I RobotCore: SHOOTER RPM2: 1022.554935182128
12-04 16:21:17.737  8687 10077 I RobotCore: SHOOTER time: 776210469
12-04 16:21:17.737  8687 10077 I RobotCore: SHOOTER 1: 7
12-04 16:21:17.737  8687 10077 I RobotCore: SHOOTER 2: 8
12-04 16:21:17.737  8687 10077 I RobotCore: SHOOTER RPM1: 887.7921921479588
12-04 16:21:17.738  8687 10077 I RobotCore: SHOOTER RPM2: 1014.6196481690957
12-04 16:21:17.748  8687 10077 I RobotCore: SHOOTER time: 787028542
12-04 16:21:17.748  8687 10077 I RobotCore: SHOOTER 1: 5
12-04 16:21:17.748  8687 10077 I RobotCore: SHOOTER 2: 5
12-04 16:21:17.748  8687 10077 I RobotCore: SHOOTER RPM1: 623.1768849875449
12-04 16:21:17.748  8687 10077 I RobotCore: SHOOTER RPM2: 623.1768849875449
12-04 16:21:17.759  8687 10077 I RobotCore: SHOOTER time: 797436458
12-04 16:21:17.759  8687 10077 I RobotCore: SHOOTER 1: 8
12-04 16:21:17.759  8687 10077 I RobotCore: SHOOTER 2: 8
12-04 16:21:17.759  8687 10077 I RobotCore: SHOOTER RPM1: 1036.3762403474993
12-04 16:21:17.759  8687 10077 I RobotCore: SHOOTER RPM2: 1036.3762403474993
12-04 16:21:17.769  8687 10077 I RobotCore: SHOOTER time: 807883698
12-04 16:21:17.769  8687 10077 I RobotCore: SHOOTER 1: 7
12-04 16:21:17.769  8687 10077 I RobotCore: SHOOTER 2: 8
12-04 16:21:17.769  8687 10077 I RobotCore: SHOOTER RPM1: 903.4158540620308
12-04 16:21:17.769  8687 10077 I RobotCore: SHOOTER RPM2: 1032.4752617851782
12-04 16:21:17.779  8687 10077 I RobotCore: SHOOTER time: 818401510
12-04 16:21:17.780  8687 10077 I RobotCore: SHOOTER 1: 6
12-04 16:21:17.780  8687 10077 I RobotCore: SHOOTER 2: 5
12-04 16:21:17.780  8687 10077 I RobotCore: SHOOTER RPM1: 769.1607000058033
12-04 16:21:17.780  8687 10077 I RobotCore: SHOOTER RPM2: 640.967250004836
12-04 16:21:17.790  8687 10077 I RobotCore: SHOOTER time: 828843490
12-04 16:21:17.790  8687 10077 I RobotCore: SHOOTER 1: 8
12-04 16:21:17.790  8687 10077 I RobotCore: SHOOTER 2: 8
12-04 16:21:17.790  8687 10077 I RobotCore: SHOOTER RPM1: 1032.9953566213098
12-04 16:21:17.790  8687 10077 I RobotCore: SHOOTER RPM2: 1032.9953566213098
12-04 16:21:17.801  8687 10077 I RobotCore: SHOOTER time: 839578646
12-04 16:21:17.801  8687 10077 I RobotCore: SHOOTER 1: 5
12-04 16:21:17.801  8687 10077 I RobotCore: SHOOTER 2: 6
12-04 16:21:17.801  8687 10077 I RobotCore: SHOOTER RPM1: 627.9902251730543
12-04 16:21:17.801  8687 10077 I RobotCore: SHOOTER RPM2: 753.5882702076652
12-04 16:21:17.811  8687 10077 I RobotCore: SHOOTER time: 850129531
12-04 16:21:17.811  8687 10077 I RobotCore: SHOOTER 1: 6
12-04 16:21:17.811  8687 10077 I RobotCore: SHOOTER 2: 6
12-04 16:21:17.811  8687 10077 I RobotCore: SHOOTER RPM1: 766.749674595964
12-04 16:21:17.811  8687 10077 I RobotCore: SHOOTER RPM2: 766.749674595964
12-04 16:21:17.822  8687 10077 I RobotCore: SHOOTER time: 860782708
12-04 16:21:17.822  8687 10077 I RobotCore: SHOOTER 1: 9
12-04 16:21:17.822  8687 10077 I RobotCore: SHOOTER 2: 10
12-04 16:21:17.822  8687 10077 I RobotCore: SHOOTER RPM1: 1139.080995338213
12-04 16:21:17.822  8687 10077 I RobotCore: SHOOTER RPM2: 1265.6455503757923
12-04 16:21:17.833  8687 10077 I RobotCore: SHOOTER time: 871721094
12-04 16:21:17.833  8687 10077 I RobotCore: SHOOTER 1: 6
12-04 16:21:17.833  8687 10077 I RobotCore: SHOOTER 2: 5
12-04 16:21:17.833  8687 10077 I RobotCore: SHOOTER RPM1: 739.5869592140411
12-04 16:21:17.833  8687 10077 I RobotCore: SHOOTER RPM2: 616.322466011701
12-04 16:21:17.843  8687 10077 I RobotCore: SHOOTER time: 882339427
12-04 16:21:17.844  8687 10077 I RobotCore: SHOOTER 1: 9
12-04 16:21:17.844  8687 10077 I RobotCore: SHOOTER 2: 10
12-04 16:21:17.844  8687 10077 I RobotCore: SHOOTER RPM1: 1142.8188832158642
12-04 16:21:17.844  8687 10077 I RobotCore: SHOOTER RPM2: 1269.798759128738
12-04 16:21:17.854  8687 10077 I RobotCore: SHOOTER time: 893019844
12-04 16:21:17.854  8687 10077 I RobotCore: SHOOTER 1: 4
12-04 16:21:17.854  8687 10077 I RobotCore: SHOOTER 2: 4
12-04 16:21:17.854  8687 10077 I RobotCore: SHOOTER RPM1: 504.96702768874025
12-04 16:21:17.854  8687 10077 I RobotCore: SHOOTER RPM2: 504.96702768874025
12-04 16:21:17.865  8687 10077 I RobotCore: SHOOTER time: 903609740
12-04 16:21:17.865  8687 10077 I RobotCore: SHOOTER 1: 8
12-04 16:21:17.865  8687 10077 I RobotCore: SHOOTER 2: 9
12-04 16:21:17.865  8687 10077 I RobotCore: SHOOTER RPM1: 1018.5668352109014
12-04 16:21:17.865  8687 10077 I RobotCore: SHOOTER RPM2: 1145.887689612264
12-04 16:21:17.875  8687 10077 I RobotCore: SHOOTER time: 914109844
12-04 16:21:17.875  8687 10077 I RobotCore: SHOOTER 1: 8
12-04 16:21:17.875  8687 10077 I RobotCore: SHOOTER 2: 8
12-04 16:21:17.875  8687 10077 I RobotCore: SHOOTER RPM1: 1027.2771444866246
12-04 16:21:17.876  8687 10077 I RobotCore: SHOOTER RPM2: 1027.2771444866246
12-04 16:21:17.886  8687 10077 I RobotCore: SHOOTER time: 924675000
12-04 16:21:17.886  8687 10077 I RobotCore: SHOOTER 1: 6
12-04 16:21:17.886  8687 10077 I RobotCore: SHOOTER 2: 6
12-04 16:21:17.886  8687 10077 I RobotCore: SHOOTER RPM1: 765.7139790883767
12-04 16:21:17.886  8687 10077 I RobotCore: SHOOTER RPM2: 765.7139790883767
12-04 16:21:17.897  8687 10077 I RobotCore: SHOOTER time: 935414479
12-04 16:21:17.897  8687 10077 I RobotCore: SHOOTER 1: 8
12-04 16:21:17.897  8687 10077 I RobotCore: SHOOTER 2: 8
12-04 16:21:17.897  8687 10077 I RobotCore: SHOOTER RPM1: 1004.379900918153
12-04 16:21:17.897  8687 10077 I RobotCore: SHOOTER RPM2: 1004.379900918153
12-04 16:21:17.907  8687 10077 I RobotCore: SHOOTER time: 946316042
12-04 16:21:17.908  8687 10077 I RobotCore: SHOOTER 1: 9
12-04 16:21:17.908  8687 10077 I RobotCore: SHOOTER 2: 9
12-04 16:21:17.908  8687 10077 I RobotCore: SHOOTER RPM1: 1113.1276735890217
12-04 16:21:17.908  8687 10077 I RobotCore: SHOOTER RPM2: 1113.1276735890217
12-04 16:21:17.918  8687 10077 I RobotCore: SHOOTER time: 956843802
12-04 16:21:17.918  8687 10077 I RobotCore: SHOOTER 1: 5
12-04 16:21:17.918  8687 10077 I RobotCore: SHOOTER 2: 5
12-04 16:21:17.918  8687 10077 I RobotCore: SHOOTER RPM1: 640.3615805933898
12-04 16:21:17.918  8687 10077 I RobotCore: SHOOTER RPM2: 640.3615805933898
12-04 16:21:17.928  8687 10077 I RobotCore: SHOOTER time: 967360260
12-04 16:21:17.929  8687 10077 I RobotCore: SHOOTER 1: 8
12-04 16:21:17.929  8687 10077 I RobotCore: SHOOTER 2: 9
12-04 16:21:17.929  8687 10077 I RobotCore: SHOOTER RPM1: 1025.6796398495183
12-04 16:21:17.929  8687 10077 I RobotCore: SHOOTER RPM2: 1153.889594830708
12-04 16:21:17.939  8687 10077 I RobotCore: SHOOTER time: 977846458
12-04 16:21:17.939  8687 10077 I RobotCore: SHOOTER 1: 8
12-04 16:21:17.939  8687 10077 I RobotCore: SHOOTER 2: 8
12-04 16:21:17.939  8687 10077 I RobotCore: SHOOTER RPM1: 1028.6394414765566
12-04 16:21:17.939  8687 10077 I RobotCore: SHOOTER RPM2: 1028.6394414765566
12-04 16:21:17.949  8687 10077 I RobotCore: SHOOTER time: 988403906
12-04 16:21:17.950  8687 10077 I RobotCore: SHOOTER 1: 6
12-04 16:21:17.950  8687 10077 I RobotCore: SHOOTER 2: 6
12-04 16:21:17.950  8687 10077 I RobotCore: SHOOTER RPM1: 766.2730273878155
12-04 16:21:17.950  8687 10077 I RobotCore: SHOOTER RPM2: 766.2730273878155
12-04 16:21:17.960  8687 10077 I RobotCore: SHOOTER time: 998938802
12-04 16:21:17.960  8687 10077 I RobotCore: SHOOTER 1: 8
12-04 16:21:17.960  8687 10077 I RobotCore: SHOOTER 2: 8
12-04 16:21:17.960  8687 10077 I RobotCore: SHOOTER RPM1: 1023.8845123798644
12-04 16:21:17.960  8687 10077 I RobotCore: SHOOTER RPM2: 1023.8845123798644
12-04 16:21:17.971  8687 10077 I RobotCore: SHOOTER time: 1009547708
12-04 16:21:17.971  8687 10077 I RobotCore: SHOOTER 1: 9
12-04 16:21:17.971  8687 10077 I RobotCore: SHOOTER 2: 9
12-04 16:21:17.971  8687 10077 I RobotCore: SHOOTER RPM1: 1143.8343841178494
12-04 16:21:17.971  8687 10077 I RobotCore: SHOOTER RPM2: 1143.8343841178494
12-04 16:21:17.981  8687 10077 I RobotCore: SHOOTER time: 1019924844
12-04 16:21:17.981  8687 10077 I RobotCore: SHOOTER 1: 6
12-04 16:21:17.981  8687 10077 I RobotCore: SHOOTER 2: 6
12-04 16:21:17.981  8687 10077 I RobotCore: SHOOTER RPM1: 779.5877051673447
12-04 16:21:17.981  8687 10077 I RobotCore: SHOOTER RPM2: 779.5877051673447
12-04 16:21:17.991  8687 10077 I RobotCore: SHOOTER time: 1030326562
12-04 16:21:17.991  8687 10077 I RobotCore: SHOOTER 1: 8
12-04 16:21:17.992  8687 10077 I RobotCore: SHOOTER 2: 8
12-04 16:21:17.992  8687 10077 I RobotCore: SHOOTER RPM1: 1036.993778713534
12-04 16:21:17.992  8687 10077 I RobotCore: SHOOTER RPM2: 1036.993778713534
12-04 16:21:18.002  8687 10077 I RobotCore: SHOOTER time: 1040764948
12-04 16:21:18.002  8687 10077 I RobotCore: SHOOTER 1: 6
12-04 16:21:18.002  8687 10077 I RobotCore: SHOOTER 2: 6
12-04 16:21:18.002  8687 10077 I RobotCore: SHOOTER RPM1: 775.0132674198327
12-04 16:21:18.002  8687 10077 I RobotCore: SHOOTER RPM2: 775.0132674198327
12-04 16:21:18.012  8687 10077 I RobotCore: SHOOTER time: 1051342344
12-04 16:21:18.012  8687 10077 I RobotCore: SHOOTER 1: 8
12-04 16:21:18.013  8687 10077 I RobotCore: SHOOTER 2: 8
12-04 16:21:18.013  8687 10077 I RobotCore: SHOOTER RPM1: 1019.7705421951285
12-04 16:21:18.013  8687 10077 I RobotCore: SHOOTER RPM2: 1019.7705421951285
12-04 16:21:18.023  8687 10077 I RobotCore: SHOOTER time: 1061853281
12-04 16:21:18.023  8687 10077 I RobotCore: SHOOTER 1: 9
12-04 16:21:18.023  8687 10077 I RobotCore: SHOOTER 2: 9
12-04 16:21:18.023  8687 10077 I RobotCore: SHOOTER RPM1: 1154.4956896491872
12-04 16:21:18.023  8687 10077 I RobotCore: SHOOTER RPM2: 1154.4956896491872
12-04 16:21:18.034  8687 10077 I RobotCore: SHOOTER time: 1072403125
12-04 16:21:18.034  8687 10077 I RobotCore: SHOOTER 1: 5
12-04 16:21:18.034  8687 10077 I RobotCore: SHOOTER 2: 6
12-04 16:21:18.034  8687 10077 I RobotCore: SHOOTER RPM1: 639.0211109953725
12-04 16:21:18.034  8687 10077 I RobotCore: SHOOTER RPM2: 766.825333194447
12-04 16:21:18.044  8687 10077 I RobotCore: SHOOTER time: 1082881875
12-04 16:21:18.044  8687 10077 I RobotCore: SHOOTER 1: 9
12-04 16:21:18.044  8687 10077 I RobotCore: SHOOTER 2: 8
12-04 16:21:18.044  8687 10077 I RobotCore: SHOOTER RPM1: 1158.0418905569993
12-04 16:21:18.044  8687 10077 I RobotCore: SHOOTER RPM2: 1029.3705693839995
12-04 16:21:18.054  8687 10077 I RobotCore: SHOOTER time: 1093329271
12-04 16:21:18.054  8687 10077 I RobotCore: SHOOTER 1: 9
12-04 16:21:18.055  8687 10077 I RobotCore: SHOOTER 2: 9
12-04 16:21:18.055  8687 10077 I RobotCore: SHOOTER RPM1: 1161.5173255301281
12-04 16:21:18.055  8687 10077 I RobotCore: SHOOTER RPM2: 1161.5173255301281
12-04 16:21:18.065  8687 10077 I RobotCore: SHOOTER time: 1103695990
12-04 16:21:18.065  8687 10077 I RobotCore: SHOOTER 1: 6
12-04 16:21:18.065  8687 10077 I RobotCore: SHOOTER 2: 6
12-04 16:21:18.065  8687 10077 I RobotCore: SHOOTER RPM1: 780.3710740543308
12-04 16:21:18.065  8687 10077 I RobotCore: SHOOTER RPM2: 780.3710740543308
12-04 16:21:18.075  8687 10077 I RobotCore: SHOOTER time: 1114071719
12-04 16:21:18.075  8687 10077 I RobotCore: SHOOTER 1: 8
12-04 16:21:18.075  8687 10077 I RobotCore: SHOOTER 2: 9
12-04 16:21:18.075  8687 10077 I RobotCore: SHOOTER RPM1: 1039.5912281375684
12-04 16:21:18.075  8687 10077 I RobotCore: SHOOTER RPM2: 1169.5401316547645
12-04 16:21:18.086  8687 10077 I RobotCore: SHOOTER time: 1124590052
12-04 16:21:18.086  8687 10077 I RobotCore: SHOOTER 1: 6
12-04 16:21:18.086  8687 10077 I RobotCore: SHOOTER 2: 5
12-04 16:21:18.086  8687 10077 I RobotCore: SHOOTER RPM1: 769.1226015043865
12-04 16:21:18.086  8687 10077 I RobotCore: SHOOTER RPM2: 640.9355012536554
12-04 16:21:18.096  8687 10077 I RobotCore: SHOOTER time: 1134970521
12-04 16:21:18.096  8687 10077 I RobotCore: SHOOTER 1: 9
12-04 16:21:18.096  8687 10077 I RobotCore: SHOOTER 2: 9
12-04 16:21:18.096  8687 10077 I RobotCore: SHOOTER RPM1: 1169.0060883255042
12-04 16:21:18.096  8687 10077 I RobotCore: SHOOTER RPM2: 1169.0060883255042
12-04 16:21:18.107  8687 10077 I RobotCore: SHOOTER time: 1145545052
12-04 16:21:18.107  8687 10077 I RobotCore: SHOOTER 1: 9
12-04 16:21:18.107  8687 10077 I RobotCore: SHOOTER 2: 9
12-04 16:21:18.107  8687 10077 I RobotCore: SHOOTER RPM1: 1147.5526867975664
12-04 16:21:18.107  8687 10077 I RobotCore: SHOOTER RPM2: 1147.5526867975664
12-04 16:21:18.117  8687 10077 I RobotCore: SHOOTER time: 1155901771
12-04 16:21:18.117  8687 10077 I RobotCore: SHOOTER 1: 6
12-04 16:21:18.117  8687 10077 I RobotCore: SHOOTER 2: 6
12-04 16:21:18.117  8687 10077 I RobotCore: SHOOTER RPM1: 781.1245666170375
12-04 16:21:18.117  8687 10077 I RobotCore: SHOOTER RPM2: 781.1245666170375
12-04 16:21:18.127  8687 10077 I RobotCore: SHOOTER time: 1166280156
12-04 16:21:18.127  8687 10077 I RobotCore: SHOOTER 1: 9
12-04 16:21:18.127  8687 10077 I RobotCore: SHOOTER 2: 9
12-04 16:21:18.127  8687 10077 I RobotCore: SHOOTER RPM1: 1169.240827033701
12-04 16:21:18.128  8687 10077 I RobotCore: SHOOTER RPM2: 1169.240827033701
12-04 16:21:18.138  8687 10077 I RobotCore: SHOOTER time: 1176724323
12-04 16:21:18.138  8687 10077 I RobotCore: SHOOTER 1: 6
12-04 16:21:18.138  8687 10077 I RobotCore: SHOOTER 2: 6
12-04 16:21:18.138  8687 10077 I RobotCore: SHOOTER RPM1: 774.5842861809313
12-04 16:21:18.138  8687 10077 I RobotCore: SHOOTER RPM2: 774.5842861809313
12-04 16:21:18.148  8687 10077 I RobotCore: SHOOTER time: 1187161042
12-04 16:21:18.148  8687 10077 I RobotCore: SHOOTER 1: 9
12-04 16:21:18.148  8687 10077 I RobotCore: SHOOTER 2: 9
12-04 16:21:18.148  8687 10077 I RobotCore: SHOOTER RPM1: 1162.7055840704495
12-04 16:21:18.149  8687 10077 I RobotCore: SHOOTER RPM2: 1162.7055840704495
12-04 16:21:18.159  8687 10077 I RobotCore: SHOOTER time: 1197666823
12-04 16:21:18.159  8687 10077 I RobotCore: SHOOTER 1: 9
12-04 16:21:18.159  8687 10077 I RobotCore: SHOOTER 2: 9
12-04 16:21:18.159  8687 10077 I RobotCore: SHOOTER RPM1: 1155.0622900547953
12-04 16:21:18.159  8687 10077 I RobotCore: SHOOTER RPM2: 1155.0622900547953
12-04 16:21:18.169  8687 10077 I RobotCore: SHOOTER time: 1208161146
12-04 16:21:18.169  8687 10077 I RobotCore: SHOOTER 1: 6
12-04 16:21:18.169  8687 10077 I RobotCore: SHOOTER 2: 6
12-04 16:21:18.170  8687 10077 I RobotCore: SHOOTER RPM1: 770.8822799192895
12-04 16:21:18.170  8687 10077 I RobotCore: SHOOTER RPM2: 770.8822799192895
12-04 16:21:18.180  8687 10077 I RobotCore: SHOOTER time: 1218829583
12-04 16:21:18.180  8687 10077 I RobotCore: SHOOTER 1: 9
12-04 16:21:18.180  8687 10077 I RobotCore: SHOOTER 2: 9
12-04 16:21:18.180  8687 10077 I RobotCore: SHOOTER RPM1: 1137.4516680066777
12-04 16:21:18.180  8687 10077 I RobotCore: SHOOTER RPM2: 1137.4516680066777
12-04 16:21:18.191  8687 10077 I RobotCore: SHOOTER time: 1229379739
12-04 16:21:18.191  8687 10077 I RobotCore: SHOOTER 1: 9
12-04 16:21:18.191  8687 10077 I RobotCore: SHOOTER 2: 9
12-04 16:21:18.191  8687 10077 I RobotCore: SHOOTER RPM1: 1150.203983777506
12-04 16:21:18.191  8687 10077 I RobotCore: SHOOTER RPM2: 1150.203983777506
12-04 16:21:18.201  8687 10077 I RobotCore: SHOOTER time: 1240049687
