12-04 16:21:24.507  8687 10077 I RobotCore: SHOOTER RPM2: 872.384577405928
12-04 16:21:24.517  8687 10077 I RobotCore: SHOOTER time: 7556020258
12-04 16:21:24.517  8687 10077 I RobotCore: SHOOTER 1: 11
12-04 16:21:24.517  8687 10077 I RobotCore: SHOOTER 2: 10
12-04 16:21:24.517  8687 10077 I RobotCore: SHOOTER RPM1: 1364.0215630439445
12-04 16:21:24.517  8687 10077 I RobotCore: SHOOTER RPM2: 1240.0196027672223
12-04 16:21:24.528  8687 10077 I RobotCore: SHOOTER time: 7566737914
12-04 16:21:24.528  8687 10077 I RobotCore: SHOOTER 1: 8
12-04 16:21:24.528  8687 10077 I RobotCore: SHOOTER 2: 7
12-04 16:21:24.528  8687 10077 I RobotCore: SHOOTER RPM1: 1006.424991988228
12-04 16:21:24.528  8687 10077 I RobotCore: SHOOTER RPM2: 880.6218679896996
12-04 16:21:24.539  8687 10077 I RobotCore: SHOOTER time: 7577471612
12-04 16:21:24.539  8687 10077 I RobotCore: SHOOTER 1: 9
12-04 16:21:24.539  8687 10077 I RobotCore: SHOOTER 2: 9
12-04 16:21:24.539  8687 10077 I RobotCore: SHOOTER RPM1: 1130.5359495557036
12-04 16:21:24.539  8687 10077 I RobotCore: SHOOTER RPM2: 1130.5359495557036
12-04 16:21:24.549  8687 10077 I RobotCore: SHOOTER time: 7588040102
12-04 16:21:24.549  8687 10077 I RobotCore: SHOOTER 1: 12
12-04 16:21:24.549  8687 10077 I RobotCore: SHOOTER 2: 10
12-04 16:21:24.549  8687 10077 I RobotCore: SHOOTER RPM1: 1530.9448446181882
12-04 16:21:24.549  8687 10077 I RobotCore: SHOOTER RPM2: 1275.787370515157
12-04 16:21:24.560  8687 10077 I RobotCore: SHOOTER time: 7598656300
12-04 16:21:24.560  8687 10077 I RobotCore: SHOOTER 1: 11
12-04 16:21:24.560  8687 10077 I RobotCore: SHOOTER 2: 10
12-04 16:21:24.560  8687 10077 I RobotCore: SHOOTER RPM1: 1397.0595380905013
12-04 16:21:24.560  8687 10077 I RobotCore: SHOOTER RPM2: 1270.0541255368194
12-04 16:21:24.570  8687 10077 I RobotCore: SHOOTER time: 7609177706
12-04 16:21:24.570  8687 10077 I RobotCore: SHOOTER 1: 8
12-04 16:21:24.570  8687 10077 I RobotCore: SHOOTER 2: 7
12-04 16:21:24.570  8687 10077 I RobotCore: SHOOTER RPM1: 1025.1972838927215
12-04 16:21:24.570  8687 10077 I RobotCore: SHOOTER RPM2: 897.0476234061314
12-04 16:21:24.581  8687 10077 I RobotCore: SHOOTER time: 7619617862
12-04 16:21:24.581  8687 10077 I RobotCore: SHOOTER 1: 11
12-04 16:21:24.581  8687 10077 I RobotCore: SHOOTER 2: 10
12-04 16:21:24.581  8687 10077 I RobotCore: SHOOTER RPM1: 1420.616768002059
12-04 16:21:24.581  8687 10077 I RobotCore: SHOOTER RPM2: 1291.4697890927807
12-04 16:21:24.591  8687 10077 I RobotCore: SHOOTER time: 7629969164
12-04 16:21:24.591  8687 10077 I RobotCore: SHOOTER 1: 11
12-04 16:21:24.591  8687 10077 I RobotCore: SHOOTER 2: 10
12-04 16:21:24.591  8687 10077 I RobotCore: SHOOTER RPM1: 1432.8111259972227
12-04 16:21:24.591  8687 10077 I RobotCore: SHOOTER RPM2: 1302.5555690883843
12-04 16:21:24.601  8687 10077 I RobotCore: SHOOTER time: 7640316456
12-04 16:21:24.601  8687 10077 I RobotCore: SHOOTER 1: 8
12-04 16:21:24.601  8687 10077 I RobotCore: SHOOTER 2: 7
12-04 16:21:24.602  8687 10077 I RobotCore: SHOOTER RPM1: 1042.4482902321288
12-04 16:21:24.602  8687 10077 I RobotCore: SHOOTER RPM2: 912.1422539531127
12-04 16:21:24.612  8687 10077 I RobotCore: SHOOTER time: 7650703591
12-04 16:21:24.612  8687 10077 I RobotCore: SHOOTER 1: 11
12-04 16:21:24.612  8687 10077 I RobotCore: SHOOTER 2: 10
12-04 16:21:24.612  8687 10077 I RobotCore: SHOOTER RPM1: 1427.868288431536
12-04 16:21:24.612  8687 10077 I RobotCore: SHOOTER RPM2: 1298.0620803923055
12-04 16:21:24.622  8687 10077 I RobotCore: SHOOTER time: 7661067602
12-04 16:21:24.622  8687 10077 I RobotCore: SHOOTER 1: 7
12-04 16:21:24.622  8687 10077 I RobotCore: SHOOTER 2: 7
12-04 16:21:24.622  8687 10077 I RobotCore: SHOOTER RPM1: 910.6708056553598
12-04 16:21:24.622  8687 10077 I RobotCore: SHOOTER RPM2: 910.6708056553598
12-04 16:21:24.633  8687 10077 I RobotCore: SHOOTER time: 7671524581
12-04 16:21:24.633  8687 10077 I RobotCore: SHOOTER 1: 11
12-04 16:21:24.633  8687 10077 I RobotCore: SHOOTER 2: 10
12-04 16:21:24.633  8687 10077 I RobotCore: SHOOTER RPM1: 1418.3313052610417
12-04 16:21:24.633  8687 10077 I RobotCore: SHOOTER RPM2: 1289.3920956918562
12-04 16:21:24.643  8687 10077 I RobotCore: SHOOTER time: 7682283227
12-04 16:21:24.643  8687 10077 I RobotCore: SHOOTER 1: 8
12-04 16:21:24.643  8687 10077 I RobotCore: SHOOTER 2: 7
12-04 16:21:24.644  8687 10077 I RobotCore: SHOOTER RPM1: 1002.5905540467253
12-04 16:21:24.644  8687 10077 I RobotCore: SHOOTER RPM2: 877.2667347908846
12-04 16:21:24.654  8687 10077 I RobotCore: SHOOTER time: 7692672237
12-04 16:21:24.654  8687 10077 I RobotCore: SHOOTER 1: 11
12-04 16:21:24.654  8687 10077 I RobotCore: SHOOTER 2: 10
12-04 16:21:24.654  8687 10077 I RobotCore: SHOOTER RPM1: 1427.6105879344907
12-04 16:21:24.654  8687 10077 I RobotCore: SHOOTER RPM2: 1297.8278072131734
12-04 16:21:24.664  8687 10077 I RobotCore: SHOOTER time: 7703049164
12-04 16:21:24.664  8687 10077 I RobotCore: SHOOTER 1: 11
12-04 16:21:24.664  8687 10077 I RobotCore: SHOOTER 2: 10
12-04 16:21:24.664  8687 10077 I RobotCore: SHOOTER RPM1: 1429.2729123137615
12-04 16:21:24.664  8687 10077 I RobotCore: SHOOTER RPM2: 1299.3390111943286
12-04 16:21:24.675  8687 10077 I RobotCore: SHOOTER time: 7713475622
12-04 16:21:24.675  8687 10077 I RobotCore: SHOOTER 1: 8
12-04 16:21:24.675  8687 10077 I RobotCore: SHOOTER 2: 7
12-04 16:21:24.675  8687 10077 I RobotCore: SHOOTER RPM1: 1034.533189884099
12-04 16:21:24.675  8687 10077 I RobotCore: SHOOTER RPM2: 905.2165411485868
12-04 16:21:24.685  8687 10077 I RobotCore: SHOOTER time: 7723913956
12-04 16:21:24.685  8687 10077 I RobotCore: SHOOTER 1: 11
12-04 16:21:24.685  8687 10077 I RobotCore: SHOOTER 2: 10
12-04 16:21:24.685  8687 10077 I RobotCore: SHOOTER RPM1: 1420.8647351346779
12-04 16:21:24.685  8687 10077 I RobotCore: SHOOTER RPM2: 1291.6952137587982
12-04 16:21:24.695  8687 10077 I RobotCore: SHOOTER time: 7734299268
12-04 16:21:24.695  8687 10077 I RobotCore: SHOOTER 1: 11
12-04 16:21:24.695  8687 10077 I RobotCore: SHOOTER 2: 10
12-04 16:21:24.696  8687 10077 I RobotCore: SHOOTER RPM1: 1428.118931251878
12-04 16:21:24.696  8687 10077 I RobotCore: SHOOTER RPM2: 1298.2899375017073
12-04 16:21:24.706  8687 10077 I RobotCore: SHOOTER time: 7744654008
12-04 16:21:24.706  8687 10077 I RobotCore: SHOOTER 1: 7
12-04 16:21:24.706  8687 10077 I RobotCore: SHOOTER 2: 7
12-04 16:21:24.706  8687 10077 I RobotCore: SHOOTER RPM1: 911.4861645189557
12-04 16:21:24.706  8687 10077 I RobotCore: SHOOTER RPM2: 911.4861645189557
12-04 16:21:24.716  8687 10077 I RobotCore: SHOOTER time: 7755018383
12-04 16:21:24.716  8687 10077 I RobotCore: SHOOTER 1: 12
12-04 16:21:24.716  8687 10077 I RobotCore: SHOOTER 2: 10
12-04 16:21:24.716  8687 10077 I RobotCore: SHOOTER RPM1: 1561.095124491238
12-04 16:21:24.716  8687 10077 I RobotCore: SHOOTER RPM2: 1300.9126037426984
12-04 16:21:24.727  8687 10077 I RobotCore: SHOOTER time: 7765584581
12-04 16:21:24.727  8687 10077 I RobotCore: SHOOTER 1: 7
12-04 16:21:24.727  8687 10077 I RobotCore: SHOOTER 2: 6
12-04 16:21:24.727  8687 10077 I RobotCore: SHOOTER RPM1: 893.2448783555836
12-04 16:21:24.727  8687 10077 I RobotCore: SHOOTER RPM2: 765.6384671619288
12-04 16:21:24.737  8687 10077 I RobotCore: SHOOTER time: 7775948643
12-04 16:21:24.737  8687 10077 I RobotCore: SHOOTER 1: 11
12-04 16:21:24.737  8687 10077 I RobotCore: SHOOTER 2: 11
12-04 16:21:24.737  8687 10077 I RobotCore: SHOOTER RPM1: 1431.0470811692658
12-04 16:21:24.737  8687 10077 I RobotCore: SHOOTER RPM2: 1431.0470811692658
12-04 16:21:24.747  8687 10077 I RobotCore: SHOOTER time: 7786303383
12-04 16:21:24.747  8687 10077 I RobotCore: SHOOTER 1: 12
12-04 16:21:24.747  8687 10077 I RobotCore: SHOOTER 2: 10
12-04 16:21:24.748  8687 10077 I RobotCore: SHOOTER RPM1: 1562.547710603924
12-04 16:21:24.748  8687 10077 I RobotCore: SHOOTER RPM2: 1302.1230921699366
12-04 16:21:24.758  8687 10077 I RobotCore: SHOOTER time: 7796673435
12-04 16:21:24.758  8687 10077 I RobotCore: SHOOTER 1: 7
12-04 16:21:24.758  8687 10077 I RobotCore: SHOOTER 2: 6
12-04 16:21:24.758  8687 10077 I RobotCore: SHOOTER RPM1: 910.1403008577981
12-04 16:21:24.758  8687 10077 I RobotCore: SHOOTER RPM2: 780.1202578781127
12-04 16:21:24.768  8687 10077 I RobotCore: SHOOTER time: 7807188487
12-04 16:21:24.768  8687 10077 I RobotCore: SHOOTER 1: 12
12-04 16:21:24.769  8687 10077 I RobotCore: SHOOTER 2: 11
12-04 16:21:24.769  8687 10077 I RobotCore: SHOOTER RPM1: 1538.7251799514522
12-04 16:21:24.769  8687 10077 I RobotCore: SHOOTER RPM2: 1410.4980816221644
12-04 16:21:24.780  8687 10077 I RobotCore: SHOOTER time: 7818848435
12-04 16:21:24.780  8687 10077 I RobotCore: SHOOTER 1: 9
12-04 16:21:24.780  8687 10077 I RobotCore: SHOOTER 2: 8
12-04 16:21:24.780  8687 10077 I RobotCore: SHOOTER RPM1: 1040.727751159281
12-04 16:21:24.780  8687 10077 I RobotCore: SHOOTER RPM2: 925.0913343638055
12-04 16:21:24.790  8687 10077 I RobotCore: SHOOTER time: 7829331039
12-04 16:21:24.791  8687 10077 I RobotCore: SHOOTER 1: 9
12-04 16:21:24.791  8687 10077 I RobotCore: SHOOTER 2: 8
12-04 16:21:24.791  8687 10077 I RobotCore: SHOOTER RPM1: 1157.6161286522088
12-04 16:21:24.791  8687 10077 I RobotCore: SHOOTER RPM2: 1028.9921143575189
12-04 16:21:24.801  8687 10077 I RobotCore: SHOOTER time: 7839760831
12-04 16:21:24.801  8687 10077 I RobotCore: SHOOTER 1: 11
12-04 16:21:24.801  8687 10077 I RobotCore: SHOOTER 2: 11
12-04 16:21:24.801  8687 10077 I RobotCore: SHOOTER RPM1: 1422.0284234007067
12-04 16:21:24.801  8687 10077 I RobotCore: SHOOTER RPM2: 1422.0284234007067
12-04 16:21:24.811  8687 10077 I RobotCore: SHOOTER time: 7850071091
12-04 16:21:24.811  8687 10077 I RobotCore: SHOOTER 1: 9
12-04 16:21:24.811  8687 10077 I RobotCore: SHOOTER 2: 8
12-04 16:21:24.811  8687 10077 I RobotCore: SHOOTER RPM1: 1176.9665809275573
12-04 16:21:24.811  8687 10077 I RobotCore: SHOOTER RPM2: 1046.192516380051
12-04 16:21:24.821  8687 10077 I RobotCore: SHOOTER time: 7860372237
12-04 16:21:24.821  8687 10077 I RobotCore: SHOOTER 1: 12
12-04 16:21:24.822  8687 10077 I RobotCore: SHOOTER 2: 10
12-04 16:21:24.822  8687 10077 I RobotCore: SHOOTER RPM1: 1570.6772121178437
12-04 16:21:24.822  8687 10077 I RobotCore: SHOOTER RPM2: 1308.8976767648696
12-04 16:21:24.832  8687 10077 I RobotCore: SHOOTER time: 7870909477
12-04 16:21:24.832  8687 10077 I RobotCore: SHOOTER 1: 7
12-04 16:21:24.832  8687 10077 I RobotCore: SHOOTER 2: 7
12-04 16:21:24.832  8687 10077 I RobotCore: SHOOTER RPM1: 895.6996563797552
12-04 16:21:24.832  8687 10077 I RobotCore: SHOOTER RPM2: 895.6996563797552
12-04 16:21:24.842  8687 10077 I RobotCore: SHOOTER time: 7881284841
12-04 16:21:24.842  8687 10077 I RobotCore: SHOOTER 1: 11
12-04 16:21:24.842  8687 10077 I RobotCore: SHOOTER 2: 10
12-04 16:21:24.843  8687 10077 I RobotCore: SHOOTER RPM1: 1429.4882255848859
12-04 16:21:24.843  8687 10077 I RobotCore: SHOOTER RPM2: 1299.5347505317143
12-04 16:21:24.853  8687 10077 I RobotCore: SHOOTER time: 7891860987
12-04 16:21:24.853  8687 10077 I RobotCore: SHOOTER 1: 12
12-04 16:21:24.853  8687 10077 I RobotCore: SHOOTER 2: 10
12-04 16:21:24.853  8687 10077 I RobotCore: SHOOTER RPM1: 1529.836604080435
12-04 16:21:24.853  8687 10077 I RobotCore: SHOOTER RPM2: 1274.8638367336957
12-04 16:21:24.863  8687 10077 I RobotCore: SHOOTER time: 7902324737
12-04 16:21:24.863  8687 10077 I RobotCore: SHOOTER 1: 7
12-04 16:21:24.863  8687 10077 I RobotCore: SHOOTER 2: 7
12-04 16:21:24.864  8687 10077 I RobotCore: SHOOTER RPM1: 901.990419036293
12-04 16:21:24.864  8687 10077 I RobotCore: SHOOTER RPM2: 901.990419036293
12-04 16:21:24.874  8687 10077 I RobotCore: SHOOTER time: 7912866195
12-04 16:21:24.874  8687 10077 I RobotCore: SHOOTER 1: 11
12-04 16:21:24.874  8687 10077 I RobotCore: SHOOTER 2: 10
12-04 16:21:24.874  8687 10077 I RobotCore: SHOOTER RPM1: 1406.9648310658074
12-04 16:21:24.874  8687 10077 I RobotCore: SHOOTER RPM2: 1279.0589373325522
12-04 16:21:24.884  8687 10077 I RobotCore: SHOOTER time: 7923205987
12-04 16:21:24.884  8687 10077 I RobotCore: SHOOTER 1: 8
12-04 16:21:24.884  8687 10077 I RobotCore: SHOOTER 2: 7
12-04 16:21:24.885  8687 10077 I RobotCore: SHOOTER RPM1: 1043.204433312835
12-04 16:21:24.885  8687 10077 I RobotCore: SHOOTER RPM2: 912.8038791487306
12-04 16:21:24.895  8687 10077 I RobotCore: SHOOTER time: 7933941560
12-04 16:21:24.895  8687 10077 I RobotCore: SHOOTER 1: 11
12-04 16:21:24.895  8687 10077 I RobotCore: SHOOTER 2: 10
12-04 16:21:24.895  8687 10077 I RobotCore: SHOOTER RPM1: 1381.5248309668523
12-04 16:21:24.895  8687 10077 I RobotCore: SHOOTER RPM2: 1255.9316645153203
12-04 16:21:24.906  8687 10077 I RobotCore: SHOOTER time: 7944805570
12-04 16:21:24.906  8687 10077 I RobotCore: SHOOTER 1: 10
12-04 16:21:24.906  8687 10077 I RobotCore: SHOOTER 2: 9
12-04 16:21:24.906  8687 10077 I RobotCore: SHOOTER RPM1: 1241.0837312756275
12-04 16:21:24.906  8687 10077 I RobotCore: SHOOTER RPM2: 1116.9753581480647
12-04 16:21:24.917  8687 10077 I RobotCore: SHOOTER time: 7955563956
12-04 16:21:24.917  8687 10077 I RobotCore: SHOOTER 1: 11
12-04 16:21:24.917  8687 10077 I RobotCore: SHOOTER 2: 10
12-04 16:21:24.917  8687 10077 I RobotCore: SHOOTER RPM1: 1378.5953277896242
12-04 16:21:24.917  8687 10077 I RobotCore: SHOOTER RPM2: 1253.2684798087491
12-04 16:21:24.927  8687 10077 I RobotCore: SHOOTER time: 7966310987
12-04 16:21:24.928  8687 10077 I RobotCore: SHOOTER 1: 9
12-04 16:21:24.928  8687 10077 I RobotCore: SHOOTER 2: 8
12-04 16:21:24.928  8687 10077 I RobotCore: SHOOTER RPM1: 1129.1333821102924
12-04 16:21:24.928  8687 10077 I RobotCore: SHOOTER RPM2: 1003.674117431371
12-04 16:21:24.938  8687 10077 I RobotCore: SHOOTER time: 7976963383
12-04 16:21:24.938  8687 10077 I RobotCore: SHOOTER measurements / sec: 94.02073997209922
12-04 16:21:24.940  8687 10077 I RobotCore: robot battery read duration: n=10, mean=3.328ms sd=5.617ms
12-04 16:21:39.544  8687  9055 V Robocol : received command: CMD_INIT_OP_MODE(12247) $Stop$Robot$
12-04 16:21:39.548  8687 10077 V RobotCore: thread: ...terminating 'LinearOpMode main'
12-04 16:21:39.548  8687  9069 V RobotCore: waiting for service user linear op mode
12-04 16:21:39.548  8687  9069 V RobotCore: awaitTermination returned, isTerminated=true
12-04 16:21:39.549  8687  9069 V RobotCore: executive service user linear op mode is terminated
12-04 16:21:39.549  8687  9069 I RobotCore: Attempting to switch to op mode $Stop$Robot$
12-04 16:21:39.580  8687  9087 V Robocol : sending CMD_INIT_OP_MODE_RESP(2490), attempt: 0
12-04 16:21:39.589  8687  9055 V Robocol : received command: CMD_INIT_OP_MODE_RESP(2490) $Stop$Robot$
12-04 16:21:39.589  8687  9055 V Robocol : received command: CMD_RUN_OP_MODE(12253) $Stop$Robot$
12-04 16:21:39.659  8687  9087 V Robocol : sending CMD_RUN_OP_MODE_RESP(2495), attempt: 0
12-04 16:21:39.670  8687  9055 V Robocol : received command: CMD_RUN_OP_MODE_RESP(2495) $Stop$Robot$
12-04 16:21:42.508  8687  9055 V Robocol : received command: CMD_INIT_OP_MODE(12293) $Stop$Robot$
12-04 16:21:42.513  8687  9069 I RobotCore: Attempting to switch to op mode $Stop$Robot$
12-04 16:21:42.539  8687  9087 V Robocol : sending CMD_INIT_OP_MODE_RESP(2540), attempt: 0
12-04 16:21:42.549  8687  9055 V Robocol : received command: CMD_INIT_OP_MODE_RESP(2540) $Stop$Robot$
12-04 16:21:42.549  8687  9055 V Robocol : received command: CMD_RUN_OP_MODE(12298) $Stop$Robot$
12-04 16:21:42.579  8687  9087 V Robocol : sending CMD_RUN_OP_MODE_RESP(2546), attempt: 0
12-04 16:21:42.588  8687  9055 V Robocol : received command: CMD_RUN_OP_MODE_RESP(2546) $Stop$Robot$
12-04 16:21:47.970  8687  8687 D UsbDeviceConnectionJNI: close
12-04 16:21:47.971  8687  9989 D ProcessRequestThread::: Device has been closed.
12-04 16:21:47.971  8687  9989 W System.err: java.lang.InterruptedException
12-04 16:21:47.971  8687  9989 W System.err: 	at java.util.concurrent.locks.AbstractQueuedSynchronizer.doAcquireSharedInterruptibly(AbstractQueuedSynchronizer.java:972)
12-04 16:21:47.971  8687  9989 W System.err: 	at java.util.concurrent.locks.AbstractQueuedSynchronizer.acquireSharedInterruptibly(AbstractQueuedSynchronizer.java:1278)
12-04 16:21:47.971  8687  9989 W System.err: 	at java.util.concurrent.Semaphore.acquire(Semaphore.java:284)
12-04 16:21:47.972  8687  9989 W System.err: 	at com.ftdi.j2xx.ProcessInCtrl.acquireReadableBuffer(FT_Device.java:2294)
12-04 16:21:47.972  8687  9989 W System.err: 	at com.ftdi.j2xx.ProcessRequestWorker.run(FT_Device.java:2764)
12-04 16:21:47.972  8687  9989 W System.err: 	at java.lang.Thread.run(Thread.java:818)
12-04 16:21:47.973  8687  9988 D BulkIn::: Stop BulkIn thread
12-04 16:21:47.973  8687  9988 W System.err: java.lang.NullPointerException: Attempt to invoke virtual method 'int com.ftdi.j2xx.D2xxManager$DriverParameters.getBufferNumber()' on a null object reference
12-04 16:21:47.973  8687  9988 W System.err: 	at com.ftdi.j2xx.ProcessInCtrl.releaseWritableBuffers(FT_Device.java:2672)
12-04 16:21:47.973  8687  9988 W System.err: 	at com.ftdi.j2xx.BulkInWorker.run(FT_Device.java:2879)
12-04 16:21:47.973  8687  9988 W System.err: 	at java.lang.Thread.run(Thread.java:818)
12-04 16:21:47.973  8687  9992 W RobotCore: could not write to Modern Robotics USB DC Motor Controller [AI049QOP]: FTDI Null Pointer Exception
12-04 16:21:47.973  8687  9992 E RobotCore: java.lang.NullPointerException: Attempt to invoke interface method 'void java.util.concurrent.locks.Lock.unlock()' on a null object reference
12-04 16:21:47.975  8687  9992 E RobotCore: com.ftdi.j2xx.ProcessInCtrl.readBulkInData(FT_Device.java:2520)
12-04 16:21:47.975  8687  9992 E RobotCore: com.ftdi.j2xx.FT_Device.read(FT_Device.java:666)
12-04 16:21:47.975  8687  9992 E RobotCore: com.qualcomm.robotcore.hardware.usb.ftdi.RobotUsbDeviceFtdi.read(RobotUsbDeviceFtdi.java:199)
12-04 16:21:47.975  8687  9992 E RobotCore: com.qualcomm.robotcore.hardware.usb.ftdi.RobotUsbDeviceFtdi.read(RobotUsbDeviceFtdi.java:176)
12-04 16:21:47.975  8687  9992 E RobotCore: com.qualcomm.modernrobotics.ReadWriteRunnableUsbHandler.a(SourceFile:77)
12-04 16:21:47.975  8687  9992 E RobotCore: com.qualcomm.modernrobotics.ReadWriteRunnableUsbHandler.read(SourceFile:66)
12-04 16:21:47.975  8687  9992 E RobotCore: com.qualcomm.hardware.modernrobotics.ReadWriteRunnableStandard$1.run(ReadWriteRunnableStandard.java:343)
12-04 16:21:47.975  8687  9992 E RobotCore: com.qualcomm.robotcore.util.ThreadPool.logThreadLifeCycle(ThreadPool.java:513)
12-04 16:21:47.975  8687  9992 E RobotCore: com.qualcomm.hardware.modernrobotics.ReadWriteRunnableStandard.run(ReadWriteRunnableStandard.java:302)
12-04 16:21:47.975  8687  9992 E RobotCore: java.util.concurrent.ThreadPoolExecutor.runWorker(ThreadPoolExecutor.java:1113)
12-04 16:21:47.975  8687  9992 E RobotCore: java.util.concurrent.ThreadPoolExecutor$Worker.run(ThreadPoolExecutor.java:588)
12-04 16:21:47.975  8687  9992 E RobotCore: java.lang.Thread.run(Thread.java:818)
12-04 16:21:47.976  8687  9992 V RobotCore: thread: ...terminating 'r/w loop: Modern Robotics USB DC Motor Controller [AI049QOP]'
12-04 16:21:47.980  8687  9069 D RobotCore: system telemetry: key=$System$Warning$ msg="problem communicating with Modern Robotics USB DC Motor Controller [AI049QOP]"
12-04 16:21:47.982  8687  9069 V RobotCore: event loop: device has shutdown abnormally
12-04 16:21:47.982  8687  9069 V RobotCore: event loop: detaching device owner
12-04 16:21:47.982  8687  9069 I FIRST   : ======= MODULE DETACH RECOVERY: disarm Modern Robotics USB DC Motor Controller [AI049QOP]=======
12-04 16:21:47.982  8687  9069 D RobotCore: disarming modern motor controller Modern Robotics USB DC Motor Controller [AI049QOP]...
12-04 16:21:47.983  8687  9069 V RobotCore: waiting for service ReadWriteRunnable for Modern Robotics USB Device
12-04 16:21:47.983  8687  9069 V RobotCore: awaitTermination returned, isTerminated=true
12-04 16:21:47.983  8687  9069 V RobotCore: executive service ReadWriteRunnable for Modern Robotics USB Device is terminated
12-04 16:21:47.984  8687  9069 D RobotCore: ...disarming modern motor controller Modern Robotics USB DC Motor Controller [AI049QOP] complete
12-04 16:21:47.984  8687  9069 I FIRST   : ======= MODULE DETACH RECOVERY: pretend Modern Robotics USB DC Motor Controller [AI049QOP]=======
12-04 16:21:47.984  8687  9069 D RobotCore: arming modern motor controller Modern Robotics USB DC Motor Controller [AI049QOP] (pretend)...
12-04 16:21:47.984  8687  9069 V RobotCore: Starting up pretend device AI049QOP
12-04 16:21:47.986  8687 10089 V RobotCore: thread: 'r/w loop: Modern Robotics USB DC Motor Controller [AI049QOP]' starting...
12-04 16:21:47.986  8687  9069 D RobotCore: ...arming modern motor controller Modern Robotics USB DC Motor Controller [AI049QOP] complete
12-04 16:21:47.986  8687  9069 I FIRST   : ======= MODULE DETACH RECOVERY: complete Modern Robotics USB DC Motor Controller [AI049QOP]=======
12-04 16:21:50.445  8687  8687 V RCActivity: onPause()
12-04 16:21:50.518  8687  8687 V RCActivity: onStop()
12-04 16:21:50.519  8687  8687 V RobotCore: executive service robot setup is terminated
12-04 16:21:50.519  8687  8687 V Robocol : EventLoopManager.shutdown()
12-04 16:21:50.522  8687  8687 V RobotCore: waiting for service EventLoop
12-04 16:21:50.522  8687  9069 V RobotCore: EventLoopRunnable interrupted
12-04 16:21:50.522  8687  9069 V RobotCore: EventLoopManager state is STOPPED
12-04 16:21:50.522  8687  9069 V RobotCore: Robot Status: stopped
12-04 16:21:50.522  8687  9069 I FIRST   : ======= TEARDOWN =======
12-04 16:21:50.523  8687  9069 D RobotCore: disarming modern motor controller Modern Robotics USB DC Motor Controller [AI049QOP]...
12-04 16:21:50.524  8687 10089 V RobotCore: thread: ...terminating 'r/w loop: Modern Robotics USB DC Motor Controller [AI049QOP]'
12-04 16:21:50.524  8687  9069 V RobotCore: executive service ReadWriteRunnable for Modern Robotics USB Device is terminated
12-04 16:21:50.524  8687  9069 D RobotCore: ...disarming modern motor controller Modern Robotics USB DC Motor Controller [AI049QOP] complete
12-04 16:21:50.525  8687  9069 I FIRST   : ======= TEARDOWN COMPLETE =======
12-04 16:21:50.525  8687  9069 V RobotCore: thread: ...terminating 'opmode loop()'
12-04 16:21:50.525  8687  8687 V RobotCore: awaitTermination returned, isTerminated=true
12-04 16:21:50.525  8687  8687 V RobotCore: executive service EventLoop is terminated
12-04 16:21:50.526  8687  8687 V RobotCore: EventLoopManager state is STOPPED
12-04 16:21:50.928  8687  9055 D RobotCore: system telemetry: key=$System$None$ msg=""
