01-09 11:13:00.899 D/dalvikvm(13167): Late-enabling CheckJNI
01-09 11:13:00.929 D/dalvikvm(13167): Debugger has detached; object registry had 1 entries
01-09 11:13:00.979 D/ActivityThread(13167): handleBindApplication:com.qualcomm.ftcrobotcontroller
01-09 11:13:00.979 D/ActivityThread(13167): setTargetHeapUtilization:0.75
01-09 11:13:00.979 D/ActivityThread(13167): setTargetHeapMinFree:2097152
01-09 11:13:01.049 V/RobotCore(13167): saving logcat to /storage/emulated/0/com.qualcomm.ftcrobotcontroller.logcat
01-09 11:13:01.099 I/FIRST   (13167): Wifi Direct - disconnected
01-09 11:13:01.109 I/FIRST   (13167): Starting FTC Controller Service
01-09 11:13:01.119 I/FIRST   (13167): Android device is zte, N9130
01-09 11:13:01.129 V/RobotCore(13167): There are 1 Wifi Direct Assistant Clients (+)
01-09 11:13:01.129 V/RobotCore(13167): Enabling Wifi Direct Assistant
01-09 11:13:01.179 I/Adreno-EGL(13167): <qeglDrvAPI_eglInitialize:410>: EGL 1.4 QUALCOMM build:  ()
01-09 11:13:01.179 I/Adreno-EGL(13167): OpenGL ES Shader Compiler Version: E031.24.02.07
01-09 11:13:01.179 I/Adreno-EGL(13167): Build Date: 10/29/14 Wed
01-09 11:13:01.179 I/Adreno-EGL(13167): Local Branch: 
01-09 11:13:01.179 I/Adreno-EGL(13167): Remote Branch: 
01-09 11:13:01.179 I/Adreno-EGL(13167): Local Patches: 
01-09 11:13:01.179 I/Adreno-EGL(13167): Reconstruct Branch: 
01-09 11:13:01.239 D/OpenGLRenderer(13167): Enabling debug mode 0
01-09 11:13:01.239 D/RobotCore(13167): Wifi Direct state - enabled: true
01-09 11:13:01.249 D/RobotCore(13167): Wifi Direct connection changed - connected: true
01-09 11:13:01.249 D/RobotCore(13167): Wifi Direct this device changed
01-09 11:13:01.249 V/RobotCore(13167): Wifi Direct device information: 9899-RC 36:de:34:7a:83:ee
01-09 11:13:01.249 I/FIRST   (13167): Bound to Ftc Controller Service
01-09 11:13:01.249 I/FIRST   (13167): Wifi Direct - disconnected
01-09 11:13:01.249 I/FIRST   (13167): Robot Status: null
01-09 11:13:01.259 I/FIRST   (13167): Processing robot setup
01-09 11:13:01.259 D/RobotCore(13167): Wifi Direct cannot create group, does group already exist?
01-09 11:13:01.259 I/FIRST   (13167): Robot Status: scanning for USB devices
01-09 11:13:01.349 D/RobotCore(13167): Group owners address: /192.168.49.1
01-09 11:13:01.349 D/RobotCore(13167): Wifi Direct group formed, this device is the group owner (GO)
01-09 11:13:01.349 I/FIRST   (13167): Wifi Direct - Group Owner
01-09 11:13:01.349 D/RobotCore(13167): Wifi Direct stop discovering peers
01-09 11:13:01.349 I/FIRST   (13167): Wifi Direct - enabled
01-09 11:13:01.359 V/RobotCore(13167): Wifi Direct connection information available
01-09 11:13:01.359 I/FIRST   (13167): Wifi Direct Passphrase: KI5p71d7
01-09 11:13:01.389 I/Timeline(13167): Timeline: Activity_idle id: android.os.BinderProxy@418bdd00 time:38316893
01-09 11:13:01.399 V/RobotCore(13167): Killing PID 11983
--------- beginning of /dev/log/main
01-09 11:13:00.899 D/dalvikvm(13167): Late-enabling CheckJNI
01-09 11:13:00.929 D/dalvikvm(13167): Debugger has detached; object registry had 1 entries
01-09 11:13:00.979 D/ActivityThread(13167): handleBindApplication:com.qualcomm.ftcrobotcontroller
01-09 11:13:00.979 D/ActivityThread(13167): setTargetHeapUtilization:0.75
01-09 11:13:00.979 D/ActivityThread(13167): setTargetHeapMinFree:2097152
01-09 11:13:01.049 V/RobotCore(13167): saving logcat to /storage/emulated/0/com.qualcomm.ftcrobotcontroller.logcat
01-09 11:13:01.099 I/FIRST   (13167): Wifi Direct - disconnected
01-09 11:13:01.109 I/FIRST   (13167): Starting FTC Controller Service
01-09 11:13:01.119 I/FIRST   (13167): Android device is zte, N9130
01-09 11:13:01.129 V/RobotCore(13167): There are 1 Wifi Direct Assistant Clients (+)
01-09 11:13:01.129 V/RobotCore(13167): Enabling Wifi Direct Assistant
01-09 11:13:01.179 I/Adreno-EGL(13167): <qeglDrvAPI_eglInitialize:410>: EGL 1.4 QUALCOMM build:  ()
01-09 11:13:01.179 I/Adreno-EGL(13167): OpenGL ES Shader Compiler Version: E031.24.02.07
01-09 11:13:01.179 I/Adreno-EGL(13167): Build Date: 10/29/14 Wed
01-09 11:13:01.179 I/Adreno-EGL(13167): Local Branch: 
01-09 11:13:01.179 I/Adreno-EGL(13167): Remote Branch: 
01-09 11:13:01.179 I/Adreno-EGL(13167): Local Patches: 
01-09 11:13:01.179 I/Adreno-EGL(13167): Reconstruct Branch: 
01-09 11:13:01.239 D/OpenGLRenderer(13167): Enabling debug mode 0
01-09 11:13:01.239 D/RobotCore(13167): Wifi Direct state - enabled: true
01-09 11:13:01.249 D/RobotCore(13167): Wifi Direct connection changed - connected: true
01-09 11:13:01.249 D/RobotCore(13167): Wifi Direct this device changed
01-09 11:13:01.249 V/RobotCore(13167): Wifi Direct device information: 9899-RC 36:de:34:7a:83:ee
01-09 11:13:01.249 I/FIRST   (13167): Bound to Ftc Controller Service
01-09 11:13:01.249 I/FIRST   (13167): Wifi Direct - disconnected
01-09 11:13:01.249 I/FIRST   (13167): Robot Status: null
01-09 11:13:01.259 I/FIRST   (13167): Processing robot setup
01-09 11:13:01.259 D/RobotCore(13167): Wifi Direct cannot create group, does group already exist?
01-09 11:13:01.259 I/FIRST   (13167): Robot Status: scanning for USB devices
01-09 11:13:01.349 D/RobotCore(13167): Group owners address: /192.168.49.1
01-09 11:13:01.349 D/RobotCore(13167): Wifi Direct group formed, this device is the group owner (GO)
01-09 11:13:01.349 I/FIRST   (13167): Wifi Direct - Group Owner
01-09 11:13:01.349 D/RobotCore(13167): Wifi Direct stop discovering peers
01-09 11:13:01.349 I/FIRST   (13167): Wifi Direct - enabled
01-09 11:13:01.359 V/RobotCore(13167): Wifi Direct connection information available
01-09 11:13:01.359 I/FIRST   (13167): Wifi Direct Passphrase: KI5p71d7
01-09 11:13:01.389 I/Timeline(13167): Timeline: Activity_idle id: android.os.BinderProxy@418bdd00 time:38316893
01-09 11:13:01.399 V/RobotCore(13167): Killing PID 11983
01-09 11:13:01.489 F/libc    (11982): Fatal signal 13 (SIGPIPE) at 0x00002ece (code=0), thread 11982 (sh)
01-09 11:13:06.269 I/RobotCore(13167): Battery Checker, Level Remaining: 98.0
01-09 11:13:06.269 V/RobotCore(13167): EventLoopManager state is NOT_STARTED
01-09 11:13:06.269 I/FIRST   (13167): Robot Status: waiting on network
01-09 11:13:06.269 I/FIRST   (13167): Robot Status: starting robot
01-09 11:13:06.389 D/RobotCore(13167): RobocolDatagramSocket binding to /192.168.49.1:20884
01-09 11:13:06.599 V/RobotCore(13167): EventLoopManager state is STOPPED
01-09 11:13:06.599 I/FIRST   (13167): Robot Status: stopped
01-09 11:13:06.599 V/RobotCore(13167): EventLoopManager state is INIT
01-09 11:13:06.599 I/FIRST   (13167): Robot Status: init
01-09 11:13:06.599 I/FIRST   (13167): ======= INIT START =======
01-09 11:13:06.609 V/RobotCore(13167): Starting Modern Robotics device manager
01-09 11:13:06.609 V/D2xx::  (13167): Start constructor
01-09 11:13:06.619 V/D2xx::  (13167): End constructor
01-09 11:13:06.639 V/RobotCore(13167): Creating Modern Robotics USB DC Motor Controller - AL00UW4Z
01-09 11:13:06.649 V/D2xx::  (13167): Vendor: 0403, Product: 6001
01-09 11:13:06.659 D/UsbDeviceConnectionJNI(13167): close
01-09 11:13:06.659 V/D2xx::  (13167): Vendor: 0403, Product: 6001
01-09 11:13:06.669 D/UsbDeviceConnectionJNI(13167): close
01-09 11:13:06.669 V/D2xx::  (13167): Vendor: 0403, Product: 6001
01-09 11:13:06.679 D/UsbDeviceConnectionJNI(13167): close
01-09 11:13:06.679 V/D2xx::  (13167): Vendor: 0403, Product: 6001
01-09 11:13:06.689 D/UsbDeviceConnectionJNI(13167): close
01-09 11:13:06.699 V/D2xx::  (13167): Vendor: 0403, Product: 6001
01-09 11:13:06.709 D/UsbDeviceConnectionJNI(13167): close
01-09 11:13:06.719 V/D2xx::  (13167): Vendor: 0403, Product: 6001
01-09 11:13:06.729 D/UsbDeviceConnectionJNI(13167): close
01-09 11:13:06.729 D/FTDI_Device::(13167): open SUCCESS
01-09 11:13:06.729 I/FTDI_Device::(13167): EP: 0x81
01-09 11:13:06.729 I/FTDI_Device::(13167): EP: 0x02
01-09 11:13:06.729 D/D2XX::  (13167): **********************Device Opened**********************
01-09 11:13:06.739 I/dalvikvm(13167): Could not find method android.support.v4.content.LocalBroadcastManager.getInstance, referenced from method com.ftdi.j2xx.o.a
01-09 11:13:06.739 W/dalvikvm(13167): VFY: unable to resolve static method 183: Landroid/support/v4/content/LocalBroadcastManager;.getInstance (Landroid/content/Context;)Landroid/support/v4/content/LocalBroadcastManager;
01-09 11:13:06.739 D/dalvikvm(13167): VFY: replacing opcode 0x71 at 0x0040
01-09 11:13:06.739 I/dalvikvm(13167): Could not find method android.support.v4.content.LocalBroadcastManager.getInstance, referenced from method com.ftdi.j2xx.o.a
01-09 11:13:06.739 W/dalvikvm(13167): VFY: unable to resolve static method 183: Landroid/support/v4/content/LocalBroadcastManager;.getInstance (Landroid/content/Context;)Landroid/support/v4/content/LocalBroadcastManager;
01-09 11:13:06.739 D/dalvikvm(13167): VFY: replacing opcode 0x71 at 0x0072
01-09 11:13:06.739 I/dalvikvm(13167): Could not find method android.support.v4.content.LocalBroadcastManager.getInstance, referenced from method com.ftdi.j2xx.o.a
01-09 11:13:06.739 W/dalvikvm(13167): VFY: unable to resolve static method 183: Landroid/support/v4/content/LocalBroadcastManager;.getInstance (Landroid/content/Context;)Landroid/support/v4/content/LocalBroadcastManager;
01-09 11:13:06.739 D/dalvikvm(13167): VFY: replacing opcode 0x71 at 0x00a4
01-09 11:13:07.179 V/RobotCore(13167): Starting up device AL00UW4Z
01-09 11:13:07.179 V/RobotCore(13167): starting read/write loop for device AL00UW4Z
01-09 11:13:07.209 V/RobotCore(13167): Creating Modern Robotics USB DC Motor Controller - AL00VLUU
01-09 11:13:07.209 V/D2xx::  (13167): Vendor: 0403, Product: 6001
01-09 11:13:07.219 V/D2xx::  (13167): Vendor: 0403, Product: 6001
01-09 11:13:07.229 V/D2xx::  (13167): Vendor: 0403, Product: 6001
01-09 11:13:07.229 V/D2xx::  (13167): Vendor: 0403, Product: 6001
01-09 11:13:07.239 V/D2xx::  (13167): Vendor: 0403, Product: 6001
01-09 11:13:07.249 V/D2xx::  (13167): Vendor: 0403, Product: 6001
01-09 11:13:07.259 D/FTDI_Device::(13167): open SUCCESS
01-09 11:13:07.259 I/FTDI_Device::(13167): EP: 0x81
01-09 11:13:07.269 I/FTDI_Device::(13167): EP: 0x02
01-09 11:13:07.269 D/D2XX::  (13167): **********************Device Opened**********************
01-09 11:13:07.699 V/RobotCore(13167): Starting up device AL00VLUU
01-09 11:13:07.699 V/RobotCore(13167): starting read/write loop for device AL00VLUU
01-09 11:13:07.719 V/RobotCore(13167): Creating Modern Robotics USB Core Device Interface Module - AL00VFK6
01-09 11:13:07.719 V/D2xx::  (13167): Vendor: 0403, Product: 6001
01-09 11:13:07.719 V/D2xx::  (13167): Vendor: 0403, Product: 6001
01-09 11:13:07.729 V/D2xx::  (13167): Vendor: 0403, Product: 6001
01-09 11:13:07.729 V/D2xx::  (13167): Vendor: 0403, Product: 6001
01-09 11:13:07.739 V/D2xx::  (13167): Vendor: 0403, Product: 6001
01-09 11:13:07.739 V/D2xx::  (13167): Vendor: 0403, Product: 6001
01-09 11:13:07.749 D/FTDI_Device::(13167): open SUCCESS
01-09 11:13:07.749 I/FTDI_Device::(13167): EP: 0x81
01-09 11:13:07.749 I/FTDI_Device::(13167): EP: 0x02
01-09 11:13:07.749 D/D2XX::  (13167): **********************Device Opened**********************
01-09 11:13:08.189 V/RobotCore(13167): Starting up device AL00VFK6
01-09 11:13:08.189 V/RobotCore(13167): starting read/write loop for device AL00VFK6
01-09 11:13:08.199 V/RobotCore(13167): Creating Modern Robotics I2C Color Sensor - Port: 0
01-09 11:13:08.199 V/RobotCore(13167): Creating Modern Robotics USB DC Motor Controller - AL00VG65
01-09 11:13:08.199 V/D2xx::  (13167): Vendor: 0403, Product: 6001
01-09 11:13:08.209 V/D2xx::  (13167): Vendor: 0403, Product: 6001
01-09 11:13:08.209 V/D2xx::  (13167): Vendor: 0403, Product: 6001
01-09 11:13:08.219 V/D2xx::  (13167): Vendor: 0403, Product: 6001
01-09 11:13:08.219 V/D2xx::  (13167): Vendor: 0403, Product: 6001
01-09 11:13:08.219 V/D2xx::  (13167): Vendor: 0403, Product: 6001
01-09 11:13:08.219 D/FTDI_Device::(13167): open SUCCESS
01-09 11:13:08.229 I/FTDI_Device::(13167): EP: 0x81
01-09 11:13:08.229 I/FTDI_Device::(13167): EP: 0x02
01-09 11:13:08.229 D/D2XX::  (13167): **********************Device Opened**********************
01-09 11:13:08.649 V/RobotCore(13167): Starting up device AL00VG65
01-09 11:13:08.649 V/RobotCore(13167): starting read/write loop for device AL00VG65
01-09 11:13:08.669 V/RobotCore(13167): Creating Modern Robotics USB DC Motor Controller - AL00XQN7
01-09 11:13:08.669 V/D2xx::  (13167): Vendor: 0403, Product: 6001
01-09 11:13:08.669 V/D2xx::  (13167): Vendor: 0403, Product: 6001
01-09 11:13:08.679 V/D2xx::  (13167): Vendor: 0403, Product: 6001
01-09 11:13:08.679 V/D2xx::  (13167): Vendor: 0403, Product: 6001
01-09 11:13:08.689 V/D2xx::  (13167): Vendor: 0403, Product: 6001
01-09 11:13:08.689 V/D2xx::  (13167): Vendor: 0403, Product: 6001
01-09 11:13:08.689 D/FTDI_Device::(13167): open SUCCESS
01-09 11:13:08.699 I/FTDI_Device::(13167): EP: 0x81
01-09 11:13:08.699 I/FTDI_Device::(13167): EP: 0x02
01-09 11:13:08.699 D/D2XX::  (13167): **********************Device Opened**********************
01-09 11:13:09.119 V/RobotCore(13167): Starting up device AL00XQN7
01-09 11:13:09.119 V/RobotCore(13167): starting read/write loop for device AL00XQN7
01-09 11:13:09.139 V/RobotCore(13167): Creating Modern Robotics USB Servo Controller - AL00VSDY
01-09 11:13:09.149 V/D2xx::  (13167): Vendor: 0403, Product: 6001
01-09 11:13:09.149 V/D2xx::  (13167): Vendor: 0403, Product: 6001
01-09 11:13:09.149 V/D2xx::  (13167): Vendor: 0403, Product: 6001
01-09 11:13:09.159 V/D2xx::  (13167): Vendor: 0403, Product: 6001
01-09 11:13:09.159 V/D2xx::  (13167): Vendor: 0403, Product: 6001
01-09 11:13:09.159 V/D2xx::  (13167): Vendor: 0403, Product: 6001
01-09 11:13:09.169 D/FTDI_Device::(13167): open SUCCESS
01-09 11:13:09.169 I/FTDI_Device::(13167): EP: 0x81
01-09 11:13:09.169 I/FTDI_Device::(13167): EP: 0x02
01-09 11:13:09.169 D/D2XX::  (13167): **********************Device Opened**********************
01-09 11:13:09.589 V/RobotCore(13167): Starting up device AL00VSDY
01-09 11:13:09.599 V/RobotCore(13167): starting read/write loop for device AL00VSDY
01-09 11:13:09.759 I/RobotCore(13167): Analytics has completed initialization.
01-09 11:13:09.759 I/RobotCore(13167): ========= Device Information ===================================================
01-09 11:13:09.759 I/RobotCore(13167): Type                                          Name                           Connection
01-09 11:13:09.759 I/RobotCore(13167): Modern Robotics USB DC Motor Controller       Actuators2                     USB AL00VG65
01-09 11:13:09.759 I/RobotCore(13167): Modern Robotics USB DC Motor Controller       Back Motors                    USB AL00XQN7
01-09 11:13:09.759 I/RobotCore(13167): Analytics detected NetworkInfo.State.CONNECTED
01-09 11:13:09.769 I/RobotCore(13167): Modern Robotics USB DC Motor Controller       Actuators1                     USB AL00VLUU
01-09 11:13:09.769 I/RobotCore(13167): Modern Robotics USB DC Motor Controller       Front Motors                   USB AL00UW4Z
01-09 11:13:09.769 I/RobotCore(13167): DC Motor                                      left                           USB AL00XQN7; port 1
01-09 11:13:09.769 I/RobotCore(13167): DC Motor                                      leftFront                      USB AL00UW4Z; port 1
01-09 11:13:09.769 I/RobotCore(13167): DC Motor                                      intake                         USB AL00VG65; port 1
01-09 11:13:09.769 I/RobotCore(13167): DC Motor                                      updown                         USB AL00VLUU; port 1
01-09 11:13:09.769 I/RobotCore(13167): DC Motor                                      rightFront                     USB AL00UW4Z; port 2
01-09 11:13:09.769 I/RobotCore(13167): DC Motor                                      right                          USB AL00XQN7; port 2
01-09 11:13:09.769 I/RobotCore(13167): Modern Robotics USB Servo Controller          Doors                          USB AL00VSDY
01-09 11:13:09.769 I/RobotCore(13167): Servo                                         leftDoor                       USB AL00VSDY; port 1
01-09 11:13:09.769 I/RobotCore(13167): Servo                                         bumper                         USB AL00VSDY; port 3
01-09 11:13:09.769 I/RobotCore(13167): Servo                                         rightDoor                      USB AL00VSDY; port 2
01-09 11:13:09.779 I/RobotCore(13167): Modern Robotics USB Device Interface Module   Device Interface Module 3      USB AL00VFK6
01-09 11:13:09.779 I/RobotCore(13167): Modern Robotics I2C Color Sensor              mr                             USB AL00VFK6; I2C port: 0
01-09 11:13:09.779 I/RobotCore(13167): Modern Robotics USB DC Motor Controller       Actuators2                     USB AL00VG65
01-09 11:13:09.779 I/RobotCore(13167): Modern Robotics USB DC Motor Controller       Back Motors                    USB AL00XQN7
01-09 11:13:09.779 I/RobotCore(13167): Modern Robotics USB DC Motor Controller       Actuators1                     USB AL00VLUU
01-09 11:13:09.779 I/RobotCore(13167): Modern Robotics USB DC Motor Controller       Front Motors                   USB AL00UW4Z
01-09 11:13:09.779 I/FIRST   (13167): ======= INIT FINISH =======
01-09 11:13:09.779 V/RobotCore(13167): EventLoopManager state is RUNNING
01-09 11:13:09.779 I/FIRST   (13167): Robot Status: running
01-09 11:13:09.789 V/RobotCore(13167): EventLoopRunnable has started
01-09 11:13:10.289 I/RobotCore(13167): Attempting to switch to op mode Stop Robot
01-09 11:13:10.299 W/RobotCore(13167): Unable to send RobocolDatagram: java.lang.NullPointerException: Destination address is null
01-09 11:13:10.299 W/RobotCore(13167):                RobocolDatagram - type:NONE, addr:null, size:0
01-09 11:13:10.809 W/RobotCore(13167): Unable to send RobocolDatagram: java.lang.NullPointerException: Destination address is null
01-09 11:13:10.809 W/RobotCore(13167):                RobocolDatagram - type:NONE, addr:null, size:0
01-09 11:13:11.309 W/RobotCore(13167): Unable to send RobocolDatagram: java.lang.NullPointerException: Destination address is null
01-09 11:13:11.309 W/RobotCore(13167):                RobocolDatagram - type:NONE, addr:null, size:0
01-09 11:13:11.749 D/dalvikvm(13167): GC_FOR_ALLOC freed 5413K, 50% free 5611K/11144K, paused 30ms, total 30ms
01-09 11:13:11.819 W/RobotCore(13167): Unable to send RobocolDatagram: java.lang.NullPointerException: Destination address is null
01-09 11:13:11.819 W/RobotCore(13167):                RobocolDatagram - type:NONE, addr:null, size:0
01-09 11:13:12.319 W/RobotCore(13167): Unable to send RobocolDatagram: java.lang.NullPointerException: Destination address is null
01-09 11:13:12.319 W/RobotCore(13167):                RobocolDatagram - type:NONE, addr:null, size:0
01-09 11:13:12.819 W/RobotCore(13167): Unable to send RobocolDatagram: java.lang.NullPointerException: Destination address is null
01-09 11:13:12.819 W/RobotCore(13167):                RobocolDatagram - type:NONE, addr:null, size:0
01-09 11:13:13.329 W/RobotCore(13167): Unable to send RobocolDatagram: java.lang.NullPointerException: Destination address is null
01-09 11:13:13.329 W/RobotCore(13167):                RobocolDatagram - type:NONE, addr:null, size:0
01-09 11:13:13.829 W/RobotCore(13167): Unable to send RobocolDatagram: java.lang.NullPointerException: Destination address is null
01-09 11:13:13.829 W/RobotCore(13167):                RobocolDatagram - type:NONE, addr:null, size:0
01-09 11:13:14.339 W/RobotCore(13167): Unable to send RobocolDatagram: java.lang.NullPointerException: Destination address is null
01-09 11:13:14.339 W/RobotCore(13167):                RobocolDatagram - type:NONE, addr:null, size:0
01-09 11:13:14.719 D/dalvikvm(13167): GC_FOR_ALLOC freed 2186K, 51% free 5472K/11144K, paused 26ms, total 27ms
01-09 11:13:14.839 W/RobotCore(13167): Unable to send RobocolDatagram: java.lang.NullPointerException: Destination address is null
01-09 11:13:14.839 W/RobotCore(13167):                RobocolDatagram - type:NONE, addr:null, size:0
01-09 11:13:15.349 W/RobotCore(13167): Unable to send RobocolDatagram: java.lang.NullPointerException: Destination address is null
01-09 11:13:15.349 W/RobotCore(13167):                RobocolDatagram - type:NONE, addr:null, size:0
01-09 11:13:15.849 W/RobotCore(13167): Unable to send RobocolDatagram: java.lang.NullPointerException: Destination address is null
01-09 11:13:15.849 W/RobotCore(13167):                RobocolDatagram - type:NONE, addr:null, size:0
01-09 11:13:16.359 W/RobotCore(13167): Unable to send RobocolDatagram: java.lang.NullPointerException: Destination address is null
01-09 11:13:16.359 W/RobotCore(13167):                RobocolDatagram - type:NONE, addr:null, size:0
01-09 11:13:16.859 W/RobotCore(13167): Unable to send RobocolDatagram: java.lang.NullPointerException: Destination address is null
01-09 11:13:16.859 W/RobotCore(13167):                RobocolDatagram - type:NONE, addr:null, size:0
01-09 11:13:17.369 W/RobotCore(13167): Unable to send RobocolDatagram: java.lang.NullPointerException: Destination address is null
01-09 11:13:17.369 W/RobotCore(13167):                RobocolDatagram - type:NONE, addr:null, size:0
01-09 11:13:17.559 D/dalvikvm(13167): GC_FOR_ALLOC freed 2048K, 51% free 5472K/11144K, paused 18ms, total 18ms
01-09 11:13:17.829 I/RobotCore(13167): new remote peer discovered: 192.168.49.66
01-09 11:13:17.829 D/RobotCore(13167): RobocolDatagramSocket connected to /192.168.49.66:20884
01-09 11:13:17.829 V/RobotCore(13167): Sending peer discovery packet
01-09 11:13:17.839 I/FIRST   (13167): Processing Command: CMD_REQUEST_OP_MODE_LIST 
01-09 11:13:17.929 V/RobotCore(13167): Sending command: CMD_REQUEST_OP_MODE_LIST_RESP, attempt 0
01-09 11:13:17.959 I/FIRST   (13167): Processing Command: CMD_INIT_OP_MODE Stop Robot
01-09 11:13:17.969 I/RobotCore(13167): Attempting to switch to op mode Stop Robot
01-09 11:13:18.029 V/RobotCore(13167): Sending command: CMD_INIT_OP_MODE_RESP, attempt 0
01-09 11:13:18.569 D/dalvikvm(13167): GC_FOR_ALLOC freed 2041K, 51% free 5478K/11144K, paused 16ms, total 16ms
01-09 11:13:19.329 D/dalvikvm(13167): GC_FOR_ALLOC freed 2049K, 51% free 5476K/11144K, paused 16ms, total 16ms
01-09 11:13:20.029 D/dalvikvm(13167): GC_FOR_ALLOC freed 2047K, 51% free 5476K/11144K, paused 16ms, total 16ms
01-09 11:13:20.699 D/dalvikvm(13167): GC_FOR_ALLOC freed 2047K, 51% free 5476K/11144K, paused 15ms, total 15ms
01-09 11:13:21.399 D/dalvikvm(13167): GC_FOR_ALLOC freed 2047K, 51% free 5477K/11144K, paused 16ms, total 16ms
01-09 11:13:22.079 D/dalvikvm(13167): GC_FOR_ALLOC freed 2048K, 51% free 5476K/11144K, paused 15ms, total 15ms
01-09 11:13:22.739 D/dalvikvm(13167): GC_FOR_ALLOC freed 2047K, 51% free 5476K/11144K, paused 16ms, total 16ms
01-09 11:13:23.119 I/FIRST   (13167): Processing Command: CMD_INIT_OP_MODE Stop Robot
01-09 11:13:23.129 I/RobotCore(13167): Attempting to switch to op mode Stop Robot
01-09 11:13:23.139 V/RobotCore(13167): Sending command: CMD_INIT_OP_MODE_RESP, attempt 0
01-09 11:13:23.459 D/dalvikvm(13167): GC_FOR_ALLOC freed 2046K, 51% free 5478K/11144K, paused 16ms, total 17ms
01-09 11:13:24.119 D/dalvikvm(13167): GC_FOR_ALLOC freed 2049K, 51% free 5477K/11144K, paused 17ms, total 17ms
01-09 11:13:24.849 D/dalvikvm(13167): GC_FOR_ALLOC freed 2048K, 51% free 5477K/11144K, paused 15ms, total 15ms
01-09 11:13:25.539 D/dalvikvm(13167): GC_FOR_ALLOC freed 2047K, 51% free 5477K/11144K, paused 15ms, total 15ms
01-09 11:13:26.199 D/dalvikvm(13167): GC_FOR_ALLOC freed 2048K, 51% free 5477K/11144K, paused 15ms, total 15ms
01-09 11:13:26.479 I/FIRST   (13167): Processing Command: CMD_INIT_OP_MODE ArmRaise
01-09 11:13:26.489 I/RobotCore(13167): Attempting to switch to op mode ArmRaise
01-09 11:13:26.569 V/RobotCore(13167): Sending command: CMD_INIT_OP_MODE_RESP, attempt 0
01-09 11:13:26.899 D/dalvikvm(13167): GC_FOR_ALLOC freed 2046K, 51% free 5478K/11144K, paused 19ms, total 20ms
01-09 11:13:27.279 I/FIRST   (13167): Processing Command: CMD_RUN_OP_MODE ArmRaise
01-09 11:13:27.369 V/RobotCore(13167): Sending command: CMD_RUN_OP_MODE_RESP, attempt 0
01-09 11:13:27.619 D/dalvikvm(13167): GC_FOR_ALLOC freed 2047K, 51% free 5478K/11144K, paused 16ms, total 16ms
01-09 11:13:28.319 D/dalvikvm(13167): GC_FOR_ALLOC freed 2048K, 51% free 5478K/11144K, paused 17ms, total 17ms
01-09 11:13:28.559 I/FIRST   (13167): Processing Command: CMD_INIT_OP_MODE Stop Robot
01-09 11:13:28.559 I/RobotCore(13167): Attempting to switch to op mode Stop Robot
01-09 11:13:28.579 V/RobotCore(13167): Sending command: CMD_INIT_OP_MODE_RESP, attempt 0
01-09 11:13:28.599 I/FIRST   (13167): Processing Command: CMD_RUN_OP_MODE Stop Robot
01-09 11:13:28.679 V/RobotCore(13167): Sending command: CMD_RUN_OP_MODE_RESP, attempt 0
01-09 11:13:29.039 D/dalvikvm(13167): GC_FOR_ALLOC freed 2045K, 51% free 5480K/11144K, paused 18ms, total 18ms
01-09 11:13:29.819 D/dalvikvm(13167): GC_FOR_ALLOC freed 2049K, 51% free 5478K/11144K, paused 24ms, total 24ms
01-09 11:13:30.079 I/FIRST   (13167): Processing Command: CMD_INIT_OP_MODE ArmRaise
01-09 11:13:30.089 I/RobotCore(13167): Attempting to switch to op mode ArmRaise
01-09 11:13:30.179 V/RobotCore(13167): Sending command: CMD_INIT_OP_MODE_RESP, attempt 0
01-09 11:13:30.529 D/dalvikvm(13167): GC_FOR_ALLOC freed 2046K, 51% free 5480K/11144K, paused 15ms, total 16ms
01-09 11:13:30.839 I/FIRST   (13167): Processing Command: CMD_RUN_OP_MODE ArmRaise
01-09 11:13:30.879 V/RobotCore(13167): Sending command: CMD_RUN_OP_MODE_RESP, attempt 0
01-09 11:13:31.219 D/dalvikvm(13167): GC_FOR_ALLOC freed 2047K, 51% free 5480K/11144K, paused 17ms, total 17ms
01-09 11:13:31.949 D/dalvikvm(13167): GC_FOR_ALLOC freed 2048K, 51% free 5479K/11144K, paused 17ms, total 17ms
01-09 11:13:32.689 D/dalvikvm(13167): GC_FOR_ALLOC freed 2048K, 51% free 5479K/11144K, paused 17ms, total 17ms
01-09 11:13:33.279 I/FIRST   (13167): Processing Command: CMD_INIT_OP_MODE Stop Robot
01-09 11:13:33.289 I/RobotCore(13167): Attempting to switch to op mode Stop Robot
01-09 11:13:33.289 V/RobotCore(13167): Sending command: CMD_INIT_OP_MODE_RESP, attempt 0
01-09 11:13:33.319 I/FIRST   (13167): Processing Command: CMD_RUN_OP_MODE Stop Robot
01-09 11:13:33.389 V/RobotCore(13167): Sending command: CMD_RUN_OP_MODE_RESP, attempt 0
01-09 11:13:33.409 D/dalvikvm(13167): GC_FOR_ALLOC freed 2046K, 51% free 5480K/11144K, paused 16ms, total 17ms
01-09 11:13:34.079 D/dalvikvm(13167): GC_FOR_ALLOC freed 2049K, 51% free 5479K/11144K, paused 16ms, total 16ms
01-09 11:13:34.639 I/FIRST   (13167): Processing Command: CMD_INIT_OP_MODE Stop Robot
01-09 11:13:34.659 I/RobotCore(13167): Attempting to switch to op mode Stop Robot
01-09 11:13:34.689 V/RobotCore(13167): Sending command: CMD_INIT_OP_MODE_RESP, attempt 0
01-09 11:13:34.719 D/dalvikvm(13167): GC_FOR_ALLOC freed 2047K, 51% free 5479K/11144K, paused 16ms, total 16ms
01-09 11:13:34.719 I/FIRST   (13167): Processing Command: CMD_RUN_OP_MODE Stop Robot
01-09 11:13:34.789 V/RobotCore(13167): Sending command: CMD_RUN_OP_MODE_RESP, attempt 0
01-09 11:13:35.419 D/dalvikvm(13167): GC_FOR_ALLOC freed 2047K, 51% free 5479K/11144K, paused 15ms, total 15ms
01-09 11:13:36.079 I/FIRST   (13167): Processing Command: CMD_INIT_OP_MODE ArmLower
01-09 11:13:36.089 I/RobotCore(13167): Attempting to switch to op mode ArmLower
01-09 11:13:36.099 V/RobotCore(13167): Sending command: CMD_INIT_OP_MODE_RESP, attempt 0
01-09 11:13:36.119 D/dalvikvm(13167): GC_FOR_ALLOC freed 2047K, 51% free 5479K/11144K, paused 17ms, total 18ms
01-09 11:13:36.839 D/dalvikvm(13167): GC_FOR_ALLOC freed 2048K, 51% free 5478K/11144K, paused 18ms, total 18ms
01-09 11:13:36.839 I/FIRST   (13167): Processing Command: CMD_RUN_OP_MODE ArmLower
01-09 11:13:36.899 V/RobotCore(13167): Sending command: CMD_RUN_OP_MODE_RESP, attempt 0
01-09 11:13:37.199 I/FIRST   (13167): Processing Command: CMD_INIT_OP_MODE Stop Robot
01-09 11:13:37.199 I/RobotCore(13167): Attempting to switch to op mode Stop Robot
01-09 11:13:37.299 V/RobotCore(13167): Sending command: CMD_INIT_OP_MODE_RESP, attempt 0
01-09 11:13:37.319 I/FIRST   (13167): Processing Command: CMD_RUN_OP_MODE Stop Robot
01-09 11:13:37.399 V/RobotCore(13167): Sending command: CMD_RUN_OP_MODE_RESP, attempt 0
01-09 11:13:37.549 D/dalvikvm(13167): GC_FOR_ALLOC freed 2045K, 51% free 5481K/11144K, paused 16ms, total 16ms
01-09 11:13:38.289 D/dalvikvm(13167): GC_FOR_ALLOC freed 2050K, 51% free 5479K/11144K, paused 18ms, total 19ms
01-09 11:13:38.989 D/dalvikvm(13167): GC_FOR_ALLOC freed 2048K, 51% free 5478K/11144K, paused 17ms, total 17ms
01-09 11:13:39.639 D/dalvikvm(13167): GC_FOR_ALLOC freed 2048K, 51% free 5478K/11144K, paused 19ms, total 19ms
01-09 11:13:40.379 D/dalvikvm(13167): GC_FOR_ALLOC freed 2047K, 51% free 5478K/11144K, paused 18ms, total 18ms
01-09 11:13:41.169 D/dalvikvm(13167): GC_FOR_ALLOC freed 2047K, 51% free 5478K/11144K, paused 16ms, total 16ms
01-09 11:13:41.519 I/FIRST   (13167): Processing Command: CMD_INIT_OP_MODE Stop Robot
01-09 11:13:41.529 I/RobotCore(13167): Attempting to switch to op mode Stop Robot
01-09 11:13:41.609 V/RobotCore(13167): Sending command: CMD_INIT_OP_MODE_RESP, attempt 0
01-09 11:13:41.639 I/FIRST   (13167): Processing Command: CMD_RUN_OP_MODE Stop Robot
01-09 11:13:41.709 V/RobotCore(13167): Sending command: CMD_RUN_OP_MODE_RESP, attempt 0
01-09 11:13:41.899 D/dalvikvm(13167): GC_FOR_ALLOC freed 2046K, 51% free 5480K/11144K, paused 16ms, total 16ms
01-09 11:13:42.599 D/dalvikvm(13167): GC_FOR_ALLOC freed 2049K, 51% free 5478K/11144K, paused 17ms, total 17ms
01-09 11:13:43.299 D/dalvikvm(13167): GC_FOR_ALLOC freed 2048K, 51% free 5478K/11144K, paused 16ms, total 16ms
01-09 11:13:44.049 D/dalvikvm(13167): GC_FOR_ALLOC freed 2047K, 51% free 5478K/11144K, paused 17ms, total 17ms
01-09 11:13:44.739 D/dalvikvm(13167): GC_FOR_ALLOC freed 2047K, 51% free 5479K/11144K, paused 16ms, total 16ms
01-09 11:13:45.429 D/dalvikvm(13167): GC_FOR_ALLOC freed 2048K, 51% free 5478K/11144K, paused 19ms, total 19ms
01-09 11:13:46.149 D/dalvikvm(13167): GC_FOR_ALLOC freed 2047K, 51% free 5478K/11144K, paused 17ms, total 17ms
01-09 11:13:46.899 D/dalvikvm(13167): GC_FOR_ALLOC freed 2048K, 51% free 5478K/11144K, paused 17ms, total 17ms
01-09 11:13:47.669 D/dalvikvm(13167): GC_FOR_ALLOC freed 2047K, 51% free 5478K/11144K, paused 16ms, total 16ms
01-09 11:13:48.409 D/dalvikvm(13167): GC_FOR_ALLOC freed 2048K, 51% free 5478K/11144K, paused 17ms, total 17ms
01-09 11:13:49.159 D/dalvikvm(13167): GC_FOR_ALLOC freed 2047K, 51% free 5478K/11144K, paused 17ms, total 17ms
01-09 11:13:49.859 D/dalvikvm(13167): GC_FOR_ALLOC freed 2048K, 51% free 5478K/11144K, paused 17ms, total 17ms
01-09 11:13:50.579 D/dalvikvm(13167): GC_FOR_ALLOC freed 2048K, 51% free 5478K/11144K, paused 16ms, total 16ms
01-09 11:13:51.269 D/dalvikvm(13167): GC_FOR_ALLOC freed 2047K, 51% free 5478K/11144K, paused 19ms, total 19ms
01-09 11:13:51.519 I/FIRST   (13167): Processing Command: CMD_INIT_OP_MODE Stop Robot
01-09 11:13:51.519 I/RobotCore(13167): Attempting to switch to op mode Stop Robot
01-09 11:13:51.539 V/RobotCore(13167): Sending command: CMD_INIT_OP_MODE_RESP, attempt 0
01-09 11:13:51.559 I/FIRST   (13167): Processing Command: CMD_RUN_OP_MODE Stop Robot
01-09 11:13:51.639 V/RobotCore(13167): Sending command: CMD_RUN_OP_MODE_RESP, attempt 0
01-09 11:13:51.989 D/dalvikvm(13167): GC_FOR_ALLOC freed 2046K, 51% free 5480K/11144K, paused 19ms, total 19ms
01-09 11:13:52.719 D/dalvikvm(13167): GC_FOR_ALLOC freed 2050K, 51% free 5478K/11144K, paused 16ms, total 17ms
01-09 11:13:53.479 D/dalvikvm(13167): GC_FOR_ALLOC freed 2047K, 51% free 5478K/11144K, paused 16ms, total 16ms
01-09 11:13:54.189 D/dalvikvm(13167): GC_FOR_ALLOC freed 2047K, 51% free 5478K/11144K, paused 18ms, total 18ms
01-09 11:13:54.929 D/dalvikvm(13167): GC_FOR_ALLOC freed 2048K, 51% free 5478K/11144K, paused 19ms, total 19ms
01-09 11:13:55.629 D/dalvikvm(13167): GC_FOR_ALLOC freed 2047K, 51% free 5478K/11144K, paused 15ms, total 15ms
01-09 11:13:56.359 D/dalvikvm(13167): GC_FOR_ALLOC freed 2048K, 51% free 5478K/11144K, paused 21ms, total 21ms
01-09 11:13:57.129 D/dalvikvm(13167): GC_FOR_ALLOC freed 2047K, 51% free 5479K/11144K, paused 16ms, total 16ms
01-09 11:13:57.829 D/dalvikvm(13167): GC_FOR_ALLOC freed 2048K, 51% free 5478K/11144K, paused 16ms, total 16ms
01-09 11:13:58.589 D/dalvikvm(13167): GC_FOR_ALLOC freed 2047K, 51% free 5478K/11144K, paused 15ms, total 15ms
01-09 11:13:59.319 D/dalvikvm(13167): GC_FOR_ALLOC freed 2048K, 51% free 5478K/11144K, paused 19ms, total 19ms
01-09 11:14:00.029 D/dalvikvm(13167): GC_FOR_ALLOC freed 2048K, 51% free 5478K/11144K, paused 19ms, total 19ms
01-09 11:14:00.689 D/dalvikvm(13167): GC_FOR_ALLOC freed 2048K, 51% free 5478K/11144K, paused 17ms, total 17ms
01-09 11:14:01.419 D/dalvikvm(13167): GC_FOR_ALLOC freed 2047K, 51% free 5479K/11144K, paused 19ms, total 19ms
01-09 11:14:02.139 D/dalvikvm(13167): GC_FOR_ALLOC freed 2048K, 51% free 5478K/11144K, paused 18ms, total 18ms
01-09 11:14:02.839 D/dalvikvm(13167): GC_FOR_ALLOC freed 2047K, 51% free 5478K/11144K, paused 15ms, total 15ms
01-09 11:14:03.559 D/dalvikvm(13167): GC_FOR_ALLOC freed 2047K, 51% free 5479K/11144K, paused 17ms, total 17ms
01-09 11:14:04.269 D/dalvikvm(13167): GC_FOR_ALLOC freed 2048K, 51% free 5478K/11144K, paused 17ms, total 17ms
01-09 11:14:05.009 D/dalvikvm(13167): GC_FOR_ALLOC freed 2047K, 51% free 5478K/11144K, paused 18ms, total 18ms
01-09 11:14:05.769 D/dalvikvm(13167): GC_FOR_ALLOC freed 2048K, 51% free 5478K/11144K, paused 16ms, total 16ms
01-09 11:14:06.509 D/dalvikvm(13167): GC_FOR_ALLOC freed 2047K, 51% free 5478K/11144K, paused 16ms, total 16ms
01-09 11:14:07.219 D/dalvikvm(13167): GC_FOR_ALLOC freed 2048K, 51% free 5478K/11144K, paused 16ms, total 16ms
01-09 11:14:07.959 D/dalvikvm(13167): GC_FOR_ALLOC freed 2047K, 51% free 5478K/11144K, paused 16ms, total 16ms
01-09 11:14:08.679 D/dalvikvm(13167): GC_FOR_ALLOC freed 2048K, 51% free 5478K/11144K, paused 16ms, total 16ms
01-09 11:14:09.399 D/dalvikvm(13167): GC_FOR_ALLOC freed 2047K, 51% free 5478K/11144K, paused 16ms, total 16ms
01-09 11:14:10.109 D/dalvikvm(13167): GC_FOR_ALLOC freed 2048K, 51% free 5478K/11144K, paused 18ms, total 18ms
01-09 11:14:10.809 D/dalvikvm(13167): GC_FOR_ALLOC freed 2047K, 51% free 5478K/11144K, paused 18ms, total 18ms
01-09 11:14:11.489 D/dalvikvm(13167): GC_FOR_ALLOC freed 2047K, 51% free 5479K/11144K, paused 17ms, total 17ms
01-09 11:14:12.199 D/dalvikvm(13167): GC_FOR_ALLOC freed 2048K, 51% free 5478K/11144K, paused 17ms, total 17ms
01-09 11:14:12.909 D/dalvikvm(13167): GC_FOR_ALLOC freed 2048K, 51% free 5478K/11144K, paused 17ms, total 17ms
01-09 11:14:13.629 D/dalvikvm(13167): GC_FOR_ALLOC freed 2048K, 51% free 5478K/11144K, paused 16ms, total 16ms
01-09 11:14:14.349 D/dalvikvm(13167): GC_FOR_ALLOC freed 2048K, 51% free 5478K/11144K, paused 17ms, total 17ms
01-09 11:14:15.019 D/dalvikvm(13167): GC_FOR_ALLOC freed 2047K, 51% free 5478K/11144K, paused 16ms, total 16ms
01-09 11:14:15.699 D/dalvikvm(13167): GC_FOR_ALLOC freed 2047K, 51% free 5479K/11144K, paused 17ms, total 17ms
01-09 11:14:16.479 D/dalvikvm(13167): GC_FOR_ALLOC freed 2048K, 51% free 5478K/11144K, paused 19ms, total 19ms
01-09 11:14:17.189 D/dalvikvm(13167): GC_FOR_ALLOC freed 2047K, 51% free 5479K/11144K, paused 19ms, total 19ms
01-09 11:14:17.919 D/dalvikvm(13167): GC_FOR_ALLOC freed 2047K, 51% free 5479K/11144K, paused 16ms, total 16ms
01-09 11:14:18.719 D/dalvikvm(13167): GC_FOR_ALLOC freed 2048K, 51% free 5479K/11144K, paused 17ms, total 17ms
01-09 11:14:19.429 D/dalvikvm(13167): GC_FOR_ALLOC freed 2048K, 51% free 5478K/11144K, paused 17ms, total 17ms
01-09 11:14:20.119 D/dalvikvm(13167): GC_FOR_ALLOC freed 2047K, 51% free 5478K/11144K, paused 17ms, total 17ms
01-09 11:14:20.809 D/dalvikvm(13167): GC_FOR_ALLOC freed 2047K, 51% free 5478K/11144K, paused 16ms, total 16ms
01-09 11:14:21.509 D/dalvikvm(13167): GC_FOR_ALLOC freed 2048K, 51% free 5478K/11144K, paused 15ms, total 15ms
01-09 11:14:22.209 D/dalvikvm(13167): GC_FOR_ALLOC freed 2047K, 51% free 5478K/11144K, paused 17ms, total 17ms
01-09 11:14:22.909 D/dalvikvm(13167): GC_FOR_ALLOC freed 2047K, 51% free 5478K/11144K, paused 15ms, total 15ms
01-09 11:14:23.639 D/dalvikvm(13167): GC_FOR_ALLOC freed 2048K, 51% free 5478K/11144K, paused 16ms, total 16ms
01-09 11:14:24.329 D/dalvikvm(13167): GC_FOR_ALLOC freed 2048K, 51% free 5478K/11144K, paused 17ms, total 17ms
01-09 11:14:25.009 D/dalvikvm(13167): GC_FOR_ALLOC freed 2047K, 51% free 5478K/11144K, paused 16ms, total 16ms
01-09 11:14:25.689 D/dalvikvm(13167): GC_FOR_ALLOC freed 2047K, 51% free 5478K/11144K, paused 15ms, total 15ms
01-09 11:14:26.399 D/dalvikvm(13167): GC_FOR_ALLOC freed 2048K, 51% free 5478K/11144K, paused 18ms, total 18ms
01-09 11:14:27.039 I/FIRST   (13167): Processing Command: CMD_INIT_OP_MODE ArmRaise
01-09 11:14:27.049 I/RobotCore(13167): Attempting to switch to op mode ArmRaise
01-09 11:14:27.109 V/RobotCore(13167): Sending command: CMD_INIT_OP_MODE_RESP, attempt 0
01-09 11:14:27.129 D/dalvikvm(13167): GC_FOR_ALLOC freed 2046K, 51% free 5480K/11144K, paused 16ms, total 16ms
01-09 11:14:27.519 I/FIRST   (13167): Processing Command: CMD_RUN_OP_MODE ArmRaise
01-09 11:14:27.609 V/RobotCore(13167): Sending command: CMD_RUN_OP_MODE_RESP, attempt 0
01-09 11:14:27.799 I/FIRST   (13167): Processing Command: CMD_INIT_OP_MODE Stop Robot
01-09 11:14:27.809 V/RobotCore(13167): Sending command: CMD_INIT_OP_MODE_RESP, attempt 0
01-09 11:14:27.809 I/RobotCore(13167): Attempting to switch to op mode Stop Robot
01-09 11:14:27.839 I/FIRST   (13167): Processing Command: CMD_RUN_OP_MODE Stop Robot
01-09 11:14:27.869 D/dalvikvm(13167): GC_FOR_ALLOC freed 2045K, 51% free 5482K/11144K, paused 16ms, total 16ms
01-09 11:14:27.909 V/RobotCore(13167): Sending command: CMD_RUN_OP_MODE_RESP, attempt 0
01-09 11:14:28.599 D/dalvikvm(13167): GC_FOR_ALLOC freed 2051K, 51% free 5478K/11144K, paused 17ms, total 17ms
01-09 11:14:29.369 D/dalvikvm(13167): GC_FOR_ALLOC freed 2047K, 51% free 5478K/11144K, paused 21ms, total 21ms
01-09 11:14:30.079 D/dalvikvm(13167): GC_FOR_ALLOC freed 2048K, 51% free 5478K/11144K, paused 17ms, total 17ms
01-09 11:14:30.819 D/dalvikvm(13167): GC_FOR_ALLOC freed 2047K, 51% free 5478K/11144K, paused 21ms, total 21ms
01-09 11:14:31.079 I/FIRST   (13167): Processing Command: CMD_INIT_OP_MODE ArmRaise
01-09 11:14:31.089 I/RobotCore(13167): Attempting to switch to op mode ArmRaise
01-09 11:14:31.119 V/RobotCore(13167): Sending command: CMD_INIT_OP_MODE_RESP, attempt 0
01-09 11:14:31.569 D/dalvikvm(13167): GC_FOR_ALLOC freed 2047K, 51% free 5479K/11144K, paused 18ms, total 18ms
01-09 11:14:32.279 D/dalvikvm(13167): GC_FOR_ALLOC freed 2048K, 51% free 5478K/11144K, paused 18ms, total 18ms
01-09 11:14:32.999 D/dalvikvm(13167): GC_FOR_ALLOC freed 2047K, 51% free 5479K/11144K, paused 18ms, total 18ms
01-09 11:14:33.739 D/dalvikvm(13167): GC_FOR_ALLOC freed 2048K, 51% free 5478K/11144K, paused 16ms, total 16ms
01-09 11:14:34.419 D/dalvikvm(13167): GC_FOR_ALLOC freed 2047K, 51% free 5479K/11144K, paused 15ms, total 15ms
01-09 11:14:35.109 D/dalvikvm(13167): GC_FOR_ALLOC freed 2047K, 51% free 5479K/11144K, paused 20ms, total 20ms
01-09 11:14:35.519 I/FIRST   (13167): Processing Command: CMD_RUN_OP_MODE ArmRaise
01-09 11:14:35.549 V/RobotCore(13167): Sending command: CMD_RUN_OP_MODE_RESP, attempt 0
01-09 11:14:35.719 I/FIRST   (13167): Processing Command: CMD_INIT_OP_MODE Stop Robot
01-09 11:14:35.729 I/RobotCore(13167): Attempting to switch to op mode Stop Robot
01-09 11:14:35.749 V/RobotCore(13167): Sending command: CMD_INIT_OP_MODE_RESP, attempt 0
01-09 11:14:35.759 I/FIRST   (13167): Processing Command: CMD_RUN_OP_MODE Stop Robot
01-09 11:14:35.819 D/dalvikvm(13167): GC_FOR_ALLOC freed 2045K, 51% free 5481K/11144K, paused 18ms, total 18ms
01-09 11:14:35.849 V/RobotCore(13167): Sending command: CMD_RUN_OP_MODE_RESP, attempt 0
01-09 11:14:36.509 D/dalvikvm(13167): GC_FOR_ALLOC freed 2050K, 51% free 5479K/11144K, paused 19ms, total 19ms
01-09 11:14:37.189 D/dalvikvm(13167): GC_FOR_ALLOC freed 2048K, 51% free 5478K/11144K, paused 18ms, total 18ms
01-09 11:14:37.899 D/dalvikvm(13167): GC_FOR_ALLOC freed 2048K, 51% free 5478K/11144K, paused 17ms, total 17ms
01-09 11:14:38.599 D/dalvikvm(13167): GC_FOR_ALLOC freed 2047K, 51% free 5479K/11144K, paused 16ms, total 16ms
01-09 11:14:39.279 D/dalvikvm(13167): GC_FOR_ALLOC freed 2048K, 51% free 5478K/11144K, paused 16ms, total 16ms
01-09 11:14:39.959 D/dalvikvm(13167): GC_FOR_ALLOC freed 2047K, 51% free 5478K/11144K, paused 25ms, total 25ms
01-09 11:14:40.649 D/dalvikvm(13167): GC_FOR_ALLOC freed 2047K, 51% free 5478K/11144K, paused 17ms, total 17ms
01-09 11:14:41.329 D/dalvikvm(13167): GC_FOR_ALLOC freed 2048K, 51% free 5478K/11144K, paused 15ms, total 15ms
01-09 11:14:42.049 D/dalvikvm(13167): GC_FOR_ALLOC freed 2048K, 51% free 5478K/11144K, paused 18ms, total 18ms
01-09 11:14:42.769 D/dalvikvm(13167): GC_FOR_ALLOC freed 2047K, 51% free 5478K/11144K, paused 18ms, total 18ms
01-09 11:14:43.549 D/dalvikvm(13167): GC_FOR_ALLOC freed 2048K, 51% free 5478K/11144K, paused 16ms, total 16ms
01-09 11:14:44.259 D/dalvikvm(13167): GC_FOR_ALLOC freed 2047K, 51% free 5478K/11144K, paused 15ms, total 15ms
01-09 11:14:44.909 D/dalvikvm(13167): GC_FOR_ALLOC freed 2048K, 51% free 5478K/11144K, paused 17ms, total 17ms
01-09 11:14:45.599 D/dalvikvm(13167): GC_FOR_ALLOC freed 2047K, 51% free 5478K/11144K, paused 19ms, total 19ms
01-09 11:14:46.299 D/dalvikvm(13167): GC_FOR_ALLOC freed 2047K, 51% free 5478K/11144K, paused 19ms, total 19ms
01-09 11:14:47.049 D/dalvikvm(13167): GC_FOR_ALLOC freed 2048K, 51% free 5478K/11144K, paused 16ms, total 16ms
01-09 11:14:47.769 D/dalvikvm(13167): GC_FOR_ALLOC freed 2047K, 51% free 5478K/11144K, paused 16ms, total 16ms
01-09 11:14:48.489 D/dalvikvm(13167): GC_FOR_ALLOC freed 2047K, 51% free 5478K/11144K, paused 17ms, total 17ms
01-09 11:14:49.229 D/dalvikvm(13167): GC_FOR_ALLOC freed 2047K, 51% free 5478K/11144K, paused 20ms, total 20ms
01-09 11:14:49.919 D/dalvikvm(13167): GC_FOR_ALLOC freed 2047K, 51% free 5479K/11144K, paused 15ms, total 15ms
01-09 11:14:50.629 D/dalvikvm(13167): GC_FOR_ALLOC freed 2048K, 51% free 5478K/11144K, paused 15ms, total 15ms
01-09 11:14:51.339 D/dalvikvm(13167): GC_FOR_ALLOC freed 2047K, 51% free 5479K/11144K, paused 17ms, total 17ms
01-09 11:14:52.029 D/dalvikvm(13167): GC_FOR_ALLOC freed 2048K, 51% free 5478K/11144K, paused 19ms, total 19ms
01-09 11:14:52.729 D/dalvikvm(13167): GC_FOR_ALLOC freed 2047K, 51% free 5478K/11144K, paused 20ms, total 20ms
01-09 11:14:53.399 D/dalvikvm(13167): GC_FOR_ALLOC freed 2047K, 51% free 5478K/11144K, paused 19ms, total 19ms
01-09 11:14:54.109 D/dalvikvm(13167): GC_FOR_ALLOC freed 2048K, 51% free 5478K/11144K, paused 18ms, total 18ms
01-09 11:14:54.779 D/dalvikvm(13167): GC_FOR_ALLOC freed 2047K, 51% free 5478K/11144K, paused 17ms, total 17ms
01-09 11:14:55.469 D/dalvikvm(13167): GC_FOR_ALLOC freed 2047K, 51% free 5478K/11144K, paused 16ms, total 16ms
01-09 11:14:56.159 D/dalvikvm(13167): GC_FOR_ALLOC freed 2048K, 51% free 5478K/11144K, paused 16ms, total 16ms
01-09 11:14:56.889 D/dalvikvm(13167): GC_FOR_ALLOC freed 2047K, 51% free 5478K/11144K, paused 17ms, total 17ms
01-09 11:14:57.599 D/dalvikvm(13167): GC_FOR_ALLOC freed 2047K, 51% free 5479K/11144K, paused 15ms, total 15ms
01-09 11:14:58.309 D/dalvikvm(13167): GC_FOR_ALLOC freed 2048K, 51% free 5478K/11144K, paused 17ms, total 17ms
01-09 11:14:59.079 D/dalvikvm(13167): GC_FOR_ALLOC freed 2048K, 51% free 5478K/11144K, paused 15ms, total 15ms
01-09 11:14:59.779 D/dalvikvm(13167): GC_FOR_ALLOC freed 2048K, 51% free 5478K/11144K, paused 18ms, total 18ms
01-09 11:15:00.479 D/dalvikvm(13167): GC_FOR_ALLOC freed 2048K, 51% free 5478K/11144K, paused 18ms, total 18ms
01-09 11:15:01.249 D/dalvikvm(13167): GC_FOR_ALLOC freed 2047K, 51% free 5478K/11144K, paused 20ms, total 20ms
01-09 11:15:01.949 D/dalvikvm(13167): GC_FOR_ALLOC freed 2047K, 51% free 5478K/11144K, paused 17ms, total 17ms
01-09 11:15:02.649 D/dalvikvm(13167): GC_FOR_ALLOC freed 2048K, 51% free 5478K/11144K, paused 17ms, total 17ms
01-09 11:15:03.359 D/dalvikvm(13167): GC_FOR_ALLOC freed 2047K, 51% free 5478K/11144K, paused 16ms, total 16ms
01-09 11:15:04.079 D/dalvikvm(13167): GC_FOR_ALLOC freed 2048K, 51% free 5478K/11144K, paused 19ms, total 19ms
01-09 11:15:04.769 D/dalvikvm(13167): GC_FOR_ALLOC freed 2047K, 51% free 5479K/11144K, paused 16ms, total 16ms
01-09 11:15:05.469 D/dalvikvm(13167): GC_FOR_ALLOC freed 2048K, 51% free 5478K/11144K, paused 16ms, total 16ms
01-09 11:15:06.179 D/dalvikvm(13167): GC_FOR_ALLOC freed 2048K, 51% free 5478K/11144K, paused 16ms, total 16ms
01-09 11:15:06.899 D/dalvikvm(13167): GC_FOR_ALLOC freed 2047K, 51% free 5478K/11144K, paused 16ms, total 16ms
01-09 11:15:07.619 D/dalvikvm(13167): GC_FOR_ALLOC freed 2047K, 51% free 5479K/11144K, paused 16ms, total 16ms
01-09 11:15:08.319 D/dalvikvm(13167): GC_FOR_ALLOC freed 2048K, 51% free 5478K/11144K, paused 16ms, total 16ms
01-09 11:15:09.049 D/dalvikvm(13167): GC_FOR_ALLOC freed 2047K, 51% free 5478K/11144K, paused 18ms, total 18ms
01-09 11:15:09.729 D/dalvikvm(13167): GC_FOR_ALLOC freed 2048K, 51% free 5478K/11144K, paused 16ms, total 16ms
01-09 11:15:10.489 D/dalvikvm(13167): GC_FOR_ALLOC freed 2047K, 51% free 5478K/11144K, paused 17ms, total 17ms
01-09 11:15:11.159 D/dalvikvm(13167): GC_FOR_ALLOC freed 2047K, 51% free 5478K/11144K, paused 16ms, total 16ms
01-09 11:15:11.899 D/dalvikvm(13167): GC_FOR_ALLOC freed 2048K, 51% free 5478K/11144K, paused 17ms, total 17ms
01-09 11:15:12.659 D/dalvikvm(13167): GC_FOR_ALLOC freed 2047K, 51% free 5478K/11144K, paused 17ms, total 17ms
01-09 11:15:13.419 D/dalvikvm(13167): GC_FOR_ALLOC freed 2048K, 51% free 5478K/11144K, paused 19ms, total 19ms
01-09 11:15:14.109 D/dalvikvm(13167): GC_FOR_ALLOC freed 2047K, 51% free 5479K/11144K, paused 16ms, total 16ms
01-09 11:15:14.789 D/dalvikvm(13167): GC_FOR_ALLOC freed 2048K, 51% free 5478K/11144K, paused 18ms, total 18ms
01-09 11:15:15.489 D/dalvikvm(13167): GC_FOR_ALLOC freed 2047K, 51% free 5478K/11144K, paused 17ms, total 17ms
01-09 11:15:16.169 D/dalvikvm(13167): GC_FOR_ALLOC freed 2048K, 51% free 5478K/11144K, paused 17ms, total 17ms
01-09 11:15:16.859 D/dalvikvm(13167): GC_FOR_ALLOC freed 2047K, 51% free 5478K/11144K, paused 16ms, total 17ms
01-09 11:15:17.519 D/dalvikvm(13167): GC_FOR_ALLOC freed 2048K, 51% free 5478K/11144K, paused 16ms, total 16ms
01-09 11:15:18.249 D/dalvikvm(13167): GC_FOR_ALLOC freed 2047K, 51% free 5478K/11144K, paused 17ms, total 17ms
01-09 11:15:18.969 D/dalvikvm(13167): GC_FOR_ALLOC freed 2048K, 51% free 5478K/11144K, paused 18ms, total 18ms
01-09 11:15:19.689 D/dalvikvm(13167): GC_FOR_ALLOC freed 2048K, 51% free 5478K/11144K, paused 15ms, total 15ms
01-09 11:15:20.379 D/dalvikvm(13167): GC_FOR_ALLOC freed 2047K, 51% free 5479K/11144K, paused 17ms, total 17ms
01-09 11:15:21.079 D/dalvikvm(13167): GC_FOR_ALLOC freed 2048K, 51% free 5478K/11144K, paused 17ms, total 17ms
01-09 11:15:21.779 D/dalvikvm(13167): GC_FOR_ALLOC freed 2048K, 51% free 5478K/11144K, paused 17ms, total 17ms
01-09 11:15:22.499 D/dalvikvm(13167): GC_FOR_ALLOC freed 2048K, 51% free 5478K/11144K, paused 17ms, total 17ms
01-09 11:15:23.269 D/dalvikvm(13167): GC_FOR_ALLOC freed 2047K, 51% free 5479K/11144K, paused 18ms, total 18ms
01-09 11:15:24.029 D/dalvikvm(13167): GC_FOR_ALLOC freed 2047K, 51% free 5479K/11144K, paused 18ms, total 18ms
01-09 11:15:24.729 D/dalvikvm(13167): GC_FOR_ALLOC freed 2048K, 51% free 5479K/11144K, paused 17ms, total 17ms
01-09 11:15:25.409 D/dalvikvm(13167): GC_FOR_ALLOC freed 2048K, 51% free 5478K/11144K, paused 19ms, total 19ms
01-09 11:15:26.099 D/dalvikvm(13167): GC_FOR_ALLOC freed 2047K, 51% free 5478K/11144K, paused 17ms, total 17ms
01-09 11:15:26.829 D/dalvikvm(13167): GC_FOR_ALLOC freed 2047K, 51% free 5478K/11144K, paused 18ms, total 18ms
01-09 11:15:27.549 D/dalvikvm(13167): GC_FOR_ALLOC freed 2047K, 51% free 5478K/11144K, paused 17ms, total 17ms
01-09 11:15:28.269 D/dalvikvm(13167): GC_FOR_ALLOC freed 2048K, 51% free 5478K/11144K, paused 15ms, total 15ms
01-09 11:15:28.969 D/dalvikvm(13167): GC_FOR_ALLOC freed 2047K, 51% free 5478K/11144K, paused 17ms, total 17ms
01-09 11:15:29.709 D/dalvikvm(13167): GC_FOR_ALLOC freed 2048K, 51% free 5478K/11144K, paused 16ms, total 16ms
01-09 11:15:30.399 D/dalvikvm(13167): GC_FOR_ALLOC freed 2047K, 51% free 5478K/11144K, paused 15ms, total 15ms
01-09 11:15:31.109 D/dalvikvm(13167): GC_FOR_ALLOC freed 2047K, 51% free 5479K/11144K, paused 16ms, total 16ms
01-09 11:15:31.839 D/dalvikvm(13167): GC_FOR_ALLOC freed 2048K, 51% free 5478K/11144K, paused 19ms, total 19ms
01-09 11:15:32.599 D/dalvikvm(13167): GC_FOR_ALLOC freed 2047K, 51% free 5478K/11144K, paused 20ms, total 20ms
01-09 11:15:33.329 D/dalvikvm(13167): GC_FOR_ALLOC freed 2048K, 51% free 5478K/11144K, paused 16ms, total 16ms
01-09 11:15:34.059 D/dalvikvm(13167): GC_FOR_ALLOC freed 2047K, 51% free 5478K/11144K, paused 17ms, total 17ms
01-09 11:15:34.789 D/dalvikvm(13167): GC_FOR_ALLOC freed 2047K, 51% free 5478K/11144K, paused 18ms, total 18ms
01-09 11:15:35.509 D/dalvikvm(13167): GC_FOR_ALLOC freed 2048K, 51% free 5478K/11144K, paused 18ms, total 18ms
01-09 11:15:36.189 D/dalvikvm(13167): GC_FOR_ALLOC freed 2048K, 51% free 5478K/11144K, paused 16ms, total 16ms
01-09 11:15:36.929 D/dalvikvm(13167): GC_FOR_ALLOC freed 2048K, 51% free 5478K/11144K, paused 17ms, total 17ms
01-09 11:15:37.609 D/dalvikvm(13167): GC_FOR_ALLOC freed 2047K, 51% free 5479K/11144K, paused 18ms, total 18ms
01-09 11:15:38.319 D/dalvikvm(13167): GC_FOR_ALLOC freed 2048K, 51% free 5478K/11144K, paused 17ms, total 17ms
01-09 11:15:39.039 D/dalvikvm(13167): GC_FOR_ALLOC freed 2047K, 51% free 5478K/11144K, paused 22ms, total 22ms
01-09 11:15:39.769 D/dalvikvm(13167): GC_FOR_ALLOC freed 2047K, 51% free 5478K/11144K, paused 15ms, total 15ms
01-09 11:15:40.479 D/dalvikvm(13167): GC_FOR_ALLOC freed 2048K, 51% free 5478K/11144K, paused 17ms, total 17ms
01-09 11:15:41.159 D/dalvikvm(13167): GC_FOR_ALLOC freed 2047K, 51% free 5479K/11144K, paused 18ms, total 18ms
01-09 11:15:41.899 D/dalvikvm(13167): GC_FOR_ALLOC freed 2048K, 51% free 5478K/11144K, paused 18ms, total 18ms
01-09 11:15:42.639 D/dalvikvm(13167): GC_FOR_ALLOC freed 2047K, 51% free 5479K/11144K, paused 16ms, total 16ms
01-09 11:15:43.319 D/dalvikvm(13167): GC_FOR_ALLOC freed 2048K, 51% free 5478K/11144K, paused 16ms, total 16ms
01-09 11:15:43.999 D/dalvikvm(13167): GC_FOR_ALLOC freed 2047K, 51% free 5478K/11144K, paused 17ms, total 17ms
01-09 11:15:44.709 D/dalvikvm(13167): GC_FOR_ALLOC freed 2048K, 51% free 5478K/11144K, paused 19ms, total 19ms
01-09 11:15:45.379 D/dalvikvm(13167): GC_FOR_ALLOC freed 2047K, 51% free 5478K/11144K, paused 17ms, total 17ms
01-09 11:15:46.089 D/dalvikvm(13167): GC_FOR_ALLOC freed 2047K, 51% free 5479K/11144K, paused 18ms, total 18ms
01-09 11:15:46.799 D/dalvikvm(13167): GC_FOR_ALLOC freed 2048K, 51% free 5478K/11144K, paused 17ms, total 17ms
01-09 11:15:47.499 D/dalvikvm(13167): GC_FOR_ALLOC freed 2047K, 51% free 5478K/11144K, paused 16ms, total 16ms
01-09 11:15:48.239 D/dalvikvm(13167): GC_FOR_ALLOC freed 2047K, 51% free 5478K/11144K, paused 18ms, total 18ms
01-09 11:15:48.949 D/dalvikvm(13167): GC_FOR_ALLOC freed 2048K, 51% free 5478K/11144K, paused 16ms, total 16ms
01-09 11:15:49.669 D/dalvikvm(13167): GC_FOR_ALLOC freed 2047K, 51% free 5478K/11144K, paused 17ms, total 17ms
01-09 11:15:50.399 D/dalvikvm(13167): GC_FOR_ALLOC freed 2048K, 51% free 5478K/11144K, paused 16ms, total 16ms
01-09 11:15:50.799 I/FIRST   (13167): Processing Command: CMD_INIT_OP_MODE Stop Robot
01-09 11:15:50.799 I/RobotCore(13167): Attempting to switch to op mode Stop Robot
01-09 11:15:50.869 V/RobotCore(13167): Sending command: CMD_INIT_OP_MODE_RESP, attempt 0
01-09 11:15:50.879 I/FIRST   (13167): Processing Command: CMD_RUN_OP_MODE Stop Robot
01-09 11:15:50.969 V/RobotCore(13167): Sending command: CMD_RUN_OP_MODE_RESP, attempt 0
01-09 11:15:51.059 D/dalvikvm(13167): GC_FOR_ALLOC freed 2045K, 51% free 5481K/11144K, paused 15ms, total 15ms
01-09 11:15:51.779 D/dalvikvm(13167): GC_FOR_ALLOC freed 2050K, 51% free 5478K/11144K, paused 17ms, total 17ms
01-09 11:15:52.489 D/dalvikvm(13167): GC_FOR_ALLOC freed 2047K, 51% free 5479K/11144K, paused 15ms, total 15ms
01-09 11:15:53.219 D/dalvikvm(13167): GC_FOR_ALLOC freed 2047K, 51% free 5479K/11144K, paused 16ms, total 16ms
01-09 11:15:53.359 I/FIRST   (13167): Processing Command: CMD_INIT_OP_MODE ArmLower
01-09 11:15:53.369 I/RobotCore(13167): Attempting to switch to op mode ArmLower
01-09 11:15:53.399 V/RobotCore(13167): Sending command: CMD_INIT_OP_MODE_RESP, attempt 0
01-09 11:15:53.939 D/dalvikvm(13167): GC_FOR_ALLOC freed 2047K, 51% free 5479K/11144K, paused 18ms, total 18ms
01-09 11:15:54.479 I/FIRST   (13167): Processing Command: CMD_RUN_OP_MODE ArmLower
01-09 11:15:54.499 V/RobotCore(13167): Sending command: CMD_RUN_OP_MODE_RESP, attempt 0
01-09 11:15:54.649 D/dalvikvm(13167): GC_FOR_ALLOC freed 2047K, 51% free 5479K/11144K, paused 18ms, total 18ms
01-09 11:15:54.659 I/FIRST   (13167): Processing Command: CMD_INIT_OP_MODE Stop Robot
01-09 11:15:54.659 I/RobotCore(13167): Attempting to switch to op mode Stop Robot
01-09 11:15:54.699 V/RobotCore(13167): Sending command: CMD_INIT_OP_MODE_RESP, attempt 0
01-09 11:15:54.719 I/FIRST   (13167): Processing Command: CMD_INIT_OP_MODE ArmLower
01-09 11:15:54.719 I/FIRST   (13167): Processing Command: CMD_RUN_OP_MODE Stop Robot
01-09 11:15:54.739 I/RobotCore(13167): Attempting to switch to op mode ArmLower
01-09 11:15:54.799 V/RobotCore(13167): Sending command: CMD_INIT_OP_MODE_RESP, attempt 0
01-09 11:15:54.799 V/RobotCore(13167): Sending command: CMD_RUN_OP_MODE_RESP, attempt 0
01-09 11:15:55.349 D/dalvikvm(13167): GC_FOR_ALLOC freed 2045K, 51% free 5481K/11144K, paused 17ms, total 17ms
01-09 11:15:56.039 D/dalvikvm(13167): GC_FOR_ALLOC freed 2050K, 51% free 5479K/11144K, paused 16ms, total 16ms
01-09 11:15:56.119 I/FIRST   (13167): Processing Command: CMD_INIT_OP_MODE Stop Robot
01-09 11:15:56.129 D/RobotCore(13167): LinearOpMode received an Interrupted Exception; shutting down this linear op mode
01-09 11:15:56.129 I/RobotCore(13167): Attempting to switch to op mode Stop Robot
01-09 11:15:56.199 V/RobotCore(13167): Sending command: CMD_INIT_OP_MODE_RESP, attempt 0
01-09 11:15:56.239 I/FIRST   (13167): Processing Command: CMD_RUN_OP_MODE Stop Robot
01-09 11:15:56.299 V/RobotCore(13167): Sending command: CMD_RUN_OP_MODE_RESP, attempt 0
01-09 11:15:56.719 D/dalvikvm(13167): GC_FOR_ALLOC freed 2045K, 51% free 5481K/11144K, paused 19ms, total 19ms
01-09 11:15:57.429 D/dalvikvm(13167): GC_FOR_ALLOC freed 2049K, 51% free 5479K/11144K, paused 17ms, total 17ms
01-09 11:15:58.129 D/dalvikvm(13167): GC_FOR_ALLOC freed 2048K, 51% free 5479K/11144K, paused 17ms, total 17ms
01-09 11:15:58.849 D/dalvikvm(13167): GC_FOR_ALLOC freed 2048K, 51% free 5478K/11144K, paused 20ms, total 20ms
01-09 11:15:59.529 D/dalvikvm(13167): GC_FOR_ALLOC freed 2047K, 51% free 5479K/11144K, paused 15ms, total 15ms
01-09 11:16:00.039 I/FIRST   (13167): Processing Command: CMD_INIT_OP_MODE Stop Robot
01-09 11:16:00.049 I/RobotCore(13167): Attempting to switch to op mode Stop Robot
01-09 11:16:00.109 V/RobotCore(13167): Sending command: CMD_INIT_OP_MODE_RESP, attempt 0
01-09 11:16:00.119 I/FIRST   (13167): Processing Command: CMD_RUN_OP_MODE Stop Robot
01-09 11:16:00.209 V/RobotCore(13167): Sending command: CMD_RUN_OP_MODE_RESP, attempt 0
01-09 11:16:00.229 D/dalvikvm(13167): GC_FOR_ALLOC freed 2045K, 51% free 5481K/11144K, paused 17ms, total 17ms
01-09 11:16:00.919 D/dalvikvm(13167): GC_FOR_ALLOC freed 2050K, 51% free 5479K/11144K, paused 17ms, total 17ms
01-09 11:16:01.639 D/dalvikvm(13167): GC_FOR_ALLOC freed 2047K, 51% free 5479K/11144K, paused 16ms, total 16ms
01-09 11:16:02.379 D/dalvikvm(13167): GC_FOR_ALLOC freed 2048K, 51% free 5479K/11144K, paused 15ms, total 15ms
01-09 11:16:03.079 D/dalvikvm(13167): GC_FOR_ALLOC freed 2047K, 51% free 5479K/11144K, paused 16ms, total 16ms
01-09 11:16:03.639 I/FIRST   (13167): Processing Command: CMD_INIT_OP_MODE Stop Robot
01-09 11:16:03.649 I/RobotCore(13167): Attempting to switch to op mode Stop Robot
01-09 11:16:03.729 V/RobotCore(13167): Sending command: CMD_INIT_OP_MODE_RESP, attempt 0
01-09 11:16:03.769 D/dalvikvm(13167): GC_FOR_ALLOC freed 2046K, 51% free 5480K/11144K, paused 15ms, total 15ms
01-09 11:16:03.769 I/FIRST   (13167): Processing Command: CMD_RUN_OP_MODE Stop Robot
01-09 11:16:03.829 V/RobotCore(13167): Sending command: CMD_RUN_OP_MODE_RESP, attempt 0
01-09 11:16:04.429 D/dalvikvm(13167): GC_FOR_ALLOC freed 2048K, 51% free 5480K/11144K, paused 16ms, total 16ms
01-09 11:16:05.089 D/dalvikvm(13167): GC_FOR_ALLOC freed 2049K, 51% free 5478K/11144K, paused 16ms, total 16ms
01-09 11:16:05.089 I/FIRST   (13167): Processing Command: CMD_INIT_OP_MODE ArmRaise
01-09 11:16:05.099 I/RobotCore(13167): Attempting to switch to op mode ArmRaise
01-09 11:16:05.139 V/RobotCore(13167): Sending command: CMD_INIT_OP_MODE_RESP, attempt 0
01-09 11:16:05.819 D/dalvikvm(13167): GC_FOR_ALLOC freed 2046K, 51% free 5480K/11144K, paused 19ms, total 19ms
01-09 11:16:05.959 I/FIRST   (13167): Processing Command: CMD_RUN_OP_MODE ArmRaise
01-09 11:16:06.039 V/RobotCore(13167): Sending command: CMD_RUN_OP_MODE_RESP, attempt 0
01-09 11:16:06.239 I/FIRST   (13167): Processing Command: CMD_INIT_OP_MODE Stop Robot
01-09 11:16:06.249 I/RobotCore(13167): Attempting to switch to op mode Stop Robot
01-09 11:16:06.279 I/RobotCore(13167): Battery Checker, Level Remaining: 96.0
01-09 11:16:06.339 V/RobotCore(13167): Sending command: CMD_INIT_OP_MODE_RESP, attempt 0
01-09 11:16:06.359 I/FIRST   (13167): Processing Command: CMD_RUN_OP_MODE Stop Robot
01-09 11:16:06.439 V/RobotCore(13167): Sending command: CMD_RUN_OP_MODE_RESP, attempt 0
01-09 11:16:06.499 D/dalvikvm(13167): GC_FOR_ALLOC freed 2045K, 51% free 5482K/11144K, paused 16ms, total 16ms
01-09 11:16:07.239 D/dalvikvm(13167): GC_FOR_ALLOC freed 2051K, 51% free 5479K/11144K, paused 17ms, total 17ms
01-09 11:16:07.929 D/dalvikvm(13167): GC_FOR_ALLOC freed 2048K, 51% free 5479K/11144K, paused 17ms, total 17ms
01-09 11:16:08.629 D/dalvikvm(13167): GC_FOR_ALLOC freed 2047K, 51% free 5479K/11144K, paused 16ms, total 16ms
01-09 11:16:09.309 D/dalvikvm(13167): GC_FOR_ALLOC freed 2048K, 51% free 5479K/11144K, paused 19ms, total 19ms
01-09 11:16:10.009 D/dalvikvm(13167): GC_FOR_ALLOC freed 2047K, 51% free 5479K/11144K, paused 18ms, total 18ms
01-09 11:16:10.679 D/dalvikvm(13167): GC_FOR_ALLOC freed 2048K, 51% free 5479K/11144K, paused 16ms, total 16ms
01-09 11:16:11.409 D/dalvikvm(13167): GC_FOR_ALLOC freed 2047K, 51% free 5479K/11144K, paused 16ms, total 16ms
01-09 11:16:12.139 D/dalvikvm(13167): GC_FOR_ALLOC freed 2048K, 51% free 5478K/11144K, paused 18ms, total 18ms
01-09 11:16:12.879 D/dalvikvm(13167): GC_FOR_ALLOC freed 2047K, 51% free 5479K/11144K, paused 17ms, total 17ms
01-09 11:16:13.599 D/dalvikvm(13167): GC_FOR_ALLOC freed 2048K, 51% free 5478K/11144K, paused 15ms, total 15ms
01-09 11:16:14.299 D/dalvikvm(13167): GC_FOR_ALLOC freed 2047K, 51% free 5479K/11144K, paused 18ms, total 18ms
01-09 11:16:15.039 D/dalvikvm(13167): GC_FOR_ALLOC freed 2047K, 51% free 5479K/11144K, paused 20ms, total 20ms
01-09 11:16:15.739 D/dalvikvm(13167): GC_FOR_ALLOC freed 2047K, 51% free 5479K/11144K, paused 17ms, total 17ms
01-09 11:16:16.449 D/dalvikvm(13167): GC_FOR_ALLOC freed 2048K, 51% free 5479K/11144K, paused 15ms, total 15ms
01-09 11:16:17.189 D/dalvikvm(13167): GC_FOR_ALLOC freed 2048K, 51% free 5479K/11144K, paused 16ms, total 16ms
01-09 11:16:17.909 D/dalvikvm(13167): GC_FOR_ALLOC freed 2047K, 51% free 5479K/11144K, paused 17ms, total 17ms
01-09 11:16:18.609 D/dalvikvm(13167): GC_FOR_ALLOC freed 2048K, 51% free 5479K/11144K, paused 18ms, total 18ms
01-09 11:16:19.309 D/dalvikvm(13167): GC_FOR_ALLOC freed 2047K, 51% free 5479K/11144K, paused 18ms, total 18ms
01-09 11:16:20.019 D/dalvikvm(13167): GC_FOR_ALLOC freed 2048K, 51% free 5478K/11144K, paused 18ms, total 18ms
01-09 11:16:20.779 D/dalvikvm(13167): GC_FOR_ALLOC freed 2048K, 51% free 5478K/11144K, paused 17ms, total 17ms
01-09 11:16:21.489 D/dalvikvm(13167): GC_FOR_ALLOC freed 2047K, 51% free 5479K/11144K, paused 19ms, total 19ms
01-09 11:16:22.199 D/dalvikvm(13167): GC_FOR_ALLOC freed 2047K, 51% free 5479K/11144K, paused 16ms, total 16ms
01-09 11:16:22.939 D/dalvikvm(13167): GC_FOR_ALLOC freed 2048K, 51% free 5478K/11144K, paused 17ms, total 17ms
01-09 11:16:23.659 D/dalvikvm(13167): GC_FOR_ALLOC freed 2047K, 51% free 5478K/11144K, paused 17ms, total 17ms
01-09 11:16:24.349 D/dalvikvm(13167): GC_FOR_ALLOC freed 2048K, 51% free 5478K/11144K, paused 17ms, total 17ms
01-09 11:16:25.049 D/dalvikvm(13167): GC_FOR_ALLOC freed 2047K, 51% free 5479K/11144K, paused 17ms, total 17ms
01-09 11:16:25.359 I/FIRST   (13167): Processing Command: CMD_INIT_OP_MODE Stop Robot
01-09 11:16:25.369 I/RobotCore(13167): Attempting to switch to op mode Stop Robot
01-09 11:16:25.369 V/RobotCore(13167): Sending command: CMD_INIT_OP_MODE_RESP, attempt 0
01-09 11:16:25.399 I/FIRST   (13167): Processing Command: CMD_RUN_OP_MODE Stop Robot
01-09 11:16:25.469 V/RobotCore(13167): Sending command: CMD_RUN_OP_MODE_RESP, attempt 0
01-09 11:16:25.739 D/dalvikvm(13167): GC_FOR_ALLOC freed 2046K, 51% free 5481K/11144K, paused 15ms, total 16ms
01-09 11:16:26.469 D/dalvikvm(13167): GC_FOR_ALLOC freed 2050K, 51% free 5478K/11144K, paused 17ms, total 17ms
01-09 11:16:27.219 D/dalvikvm(13167): GC_FOR_ALLOC freed 2047K, 51% free 5479K/11144K, paused 19ms, total 19ms
01-09 11:16:27.949 D/dalvikvm(13167): GC_FOR_ALLOC freed 2048K, 51% free 5478K/11144K, paused 18ms, total 18ms
01-09 11:16:28.669 D/dalvikvm(13167): GC_FOR_ALLOC freed 2047K, 51% free 5478K/11144K, paused 17ms, total 17ms
01-09 11:16:29.369 D/dalvikvm(13167): GC_FOR_ALLOC freed 2047K, 51% free 5479K/11144K, paused 18ms, total 18ms
01-09 11:16:30.099 D/dalvikvm(13167): GC_FOR_ALLOC freed 2047K, 51% free 5479K/11144K, paused 19ms, total 19ms
01-09 11:16:30.819 D/dalvikvm(13167): GC_FOR_ALLOC freed 2048K, 51% free 5478K/11144K, paused 17ms, total 17ms
01-09 11:16:31.539 D/dalvikvm(13167): GC_FOR_ALLOC freed 2047K, 51% free 5479K/11144K, paused 16ms, total 16ms
01-09 11:16:32.239 D/dalvikvm(13167): GC_FOR_ALLOC freed 2048K, 51% free 5478K/11144K, paused 17ms, total 17ms
01-09 11:16:32.939 D/dalvikvm(13167): GC_FOR_ALLOC freed 2047K, 51% free 5479K/11144K, paused 19ms, total 19ms
01-09 11:16:33.709 D/dalvikvm(13167): GC_FOR_ALLOC freed 2047K, 51% free 5479K/11144K, paused 16ms, total 16ms
01-09 11:16:34.399 D/dalvikvm(13167): GC_FOR_ALLOC freed 2047K, 51% free 5479K/11144K, paused 17ms, total 17ms
01-09 11:16:35.049 D/dalvikvm(13167): GC_FOR_ALLOC freed 2048K, 51% free 5479K/11144K, paused 16ms, total 16ms
01-09 11:16:35.729 D/dalvikvm(13167): GC_FOR_ALLOC freed 2047K, 51% free 5479K/11144K, paused 16ms, total 16ms
01-09 11:16:36.479 D/dalvikvm(13167): GC_FOR_ALLOC freed 2048K, 51% free 5478K/11144K, paused 15ms, total 15ms
01-09 11:16:37.179 D/dalvikvm(13167): GC_FOR_ALLOC freed 2047K, 51% free 5479K/11144K, paused 19ms, total 19ms
01-09 11:16:37.899 D/dalvikvm(13167): GC_FOR_ALLOC freed 2048K, 51% free 5478K/11144K, paused 16ms, total 16ms
01-09 11:16:38.619 D/dalvikvm(13167): GC_FOR_ALLOC freed 2048K, 51% free 5478K/11144K, paused 17ms, total 17ms
01-09 11:16:39.319 D/dalvikvm(13167): GC_FOR_ALLOC freed 2047K, 51% free 5479K/11144K, paused 19ms, total 19ms
01-09 11:16:40.059 D/dalvikvm(13167): GC_FOR_ALLOC freed 2047K, 51% free 5479K/11144K, paused 16ms, total 16ms
01-09 11:16:40.719 D/dalvikvm(13167): GC_FOR_ALLOC freed 2048K, 51% free 5478K/11144K, paused 16ms, total 16ms
01-09 11:16:41.519 D/dalvikvm(13167): GC_FOR_ALLOC freed 2047K, 51% free 5478K/11144K, paused 16ms, total 16ms
01-09 11:16:42.249 D/dalvikvm(13167): GC_FOR_ALLOC freed 2047K, 51% free 5478K/11144K, paused 15ms, total 15ms
01-09 11:16:42.969 D/dalvikvm(13167): GC_FOR_ALLOC freed 2047K, 51% free 5479K/11144K, paused 17ms, total 17ms
01-09 11:16:43.719 D/dalvikvm(13167): GC_FOR_ALLOC freed 2048K, 51% free 5479K/11144K, paused 17ms, total 17ms
01-09 11:16:44.399 D/dalvikvm(13167): GC_FOR_ALLOC freed 2047K, 51% free 5479K/11144K, paused 16ms, total 16ms
01-09 11:16:44.639 I/FIRST   (13167): Processing Command: CMD_INIT_OP_MODE ____TestingAuto
01-09 11:16:44.639 I/RobotCore(13167): Attempting to switch to op mode ____TestingAuto
01-09 11:16:44.729 V/RobotCore(13167): Sending command: CMD_INIT_OP_MODE_RESP, attempt 0
01-09 11:16:44.829 D/dalvikvm(13167): GC_FOR_ALLOC freed 1263K, 44% free 6263K/11144K, paused 14ms, total 15ms
01-09 11:16:45.529 D/dalvikvm(13167): GC_FOR_ALLOC freed 2049K, 44% free 6262K/11144K, paused 15ms, total 15ms
01-09 11:16:46.209 D/dalvikvm(13167): GC_FOR_ALLOC freed 2047K, 44% free 6262K/11144K, paused 17ms, total 17ms
01-09 11:16:46.879 D/dalvikvm(13167): GC_FOR_ALLOC freed 2048K, 44% free 6262K/11144K, paused 18ms, total 18ms
01-09 11:16:47.559 D/dalvikvm(13167): GC_FOR_ALLOC freed 2047K, 44% free 6262K/11144K, paused 16ms, total 16ms
01-09 11:16:48.269 D/dalvikvm(13167): GC_FOR_ALLOC freed 2047K, 44% free 6262K/11144K, paused 17ms, total 17ms
01-09 11:16:49.009 D/dalvikvm(13167): GC_FOR_ALLOC freed 2048K, 44% free 6262K/11144K, paused 17ms, total 17ms
01-09 11:16:49.719 D/dalvikvm(13167): GC_FOR_ALLOC freed 2048K, 44% free 6262K/11144K, paused 17ms, total 17ms
01-09 11:16:50.409 D/dalvikvm(13167): GC_FOR_ALLOC freed 2048K, 44% free 6262K/11144K, paused 17ms, total 17ms
01-09 11:16:51.129 D/dalvikvm(13167): GC_FOR_ALLOC freed 2047K, 44% free 6262K/11144K, paused 18ms, total 18ms
01-09 11:16:51.859 D/dalvikvm(13167): GC_FOR_ALLOC freed 2048K, 44% free 6262K/11144K, paused 17ms, total 17ms
01-09 11:16:52.589 D/dalvikvm(13167): GC_FOR_ALLOC freed 2048K, 44% free 6262K/11144K, paused 16ms, total 16ms
01-09 11:16:53.289 D/dalvikvm(13167): GC_FOR_ALLOC freed 2047K, 44% free 6262K/11144K, paused 17ms, total 17ms
01-09 11:16:54.039 D/dalvikvm(13167): GC_FOR_ALLOC freed 2048K, 44% free 6262K/11144K, paused 17ms, total 17ms
01-09 11:16:54.759 D/dalvikvm(13167): GC_FOR_ALLOC freed 2048K, 44% free 6262K/11144K, paused 17ms, total 17ms
01-09 11:16:55.479 D/dalvikvm(13167): GC_FOR_ALLOC freed 2048K, 44% free 6262K/11144K, paused 14ms, total 14ms
01-09 11:16:56.179 D/dalvikvm(13167): GC_FOR_ALLOC freed 2047K, 44% free 6262K/11144K, paused 18ms, total 18ms
01-09 11:16:56.919 D/dalvikvm(13167): GC_FOR_ALLOC freed 2048K, 44% free 6262K/11144K, paused 17ms, total 17ms
01-09 11:16:57.619 D/dalvikvm(13167): GC_FOR_ALLOC freed 2047K, 44% free 6262K/11144K, paused 17ms, total 17ms
01-09 11:16:58.309 D/dalvikvm(13167): GC_FOR_ALLOC freed 2047K, 44% free 6262K/11144K, paused 17ms, total 17ms
01-09 11:16:59.019 D/dalvikvm(13167): GC_FOR_ALLOC freed 2048K, 44% free 6262K/11144K, paused 17ms, total 17ms
01-09 11:16:59.709 D/dalvikvm(13167): GC_FOR_ALLOC freed 2048K, 44% free 6262K/11144K, paused 16ms, total 16ms
01-09 11:17:00.429 D/dalvikvm(13167): GC_FOR_ALLOC freed 2047K, 44% free 6262K/11144K, paused 18ms, total 18ms
01-09 11:17:01.109 D/dalvikvm(13167): GC_FOR_ALLOC freed 2047K, 44% free 6262K/11144K, paused 22ms, total 22ms
01-09 11:17:01.869 D/dalvikvm(13167): GC_FOR_ALLOC freed 2048K, 44% free 6262K/11144K, paused 17ms, total 17ms
01-09 11:17:02.569 D/dalvikvm(13167): GC_FOR_ALLOC freed 2047K, 44% free 6262K/11144K, paused 16ms, total 16ms
01-09 11:17:03.329 D/dalvikvm(13167): GC_FOR_ALLOC freed 2048K, 44% free 6262K/11144K, paused 19ms, total 19ms
01-09 11:17:04.029 D/dalvikvm(13167): GC_FOR_ALLOC freed 2047K, 44% free 6262K/11144K, paused 15ms, total 15ms
01-09 11:17:04.739 D/dalvikvm(13167): GC_FOR_ALLOC freed 2047K, 44% free 6262K/11144K, paused 16ms, total 16ms
01-09 11:17:04.879 I/FIRST   (13167): Processing Command: CMD_RUN_OP_MODE ____TestingAuto
01-09 11:17:04.939 V/RobotCore(13167): Sending command: CMD_RUN_OP_MODE_RESP, attempt 0
01-09 11:17:05.469 D/dalvikvm(13167): GC_FOR_ALLOC freed 2047K, 44% free 6263K/11144K, paused 18ms, total 18ms
01-09 11:17:06.169 W/RobotCore(13167): my_debug BEGIN INTO_WALL
01-09 11:17:06.169 I/RobotCore(13167): my_debug right_back_encoder 0
01-09 11:17:06.169 I/RobotCore(13167): my_debug left_back_encoder 0
01-09 11:17:06.169 I/RobotCore(13167): my_debug right_front_encoder 0
01-09 11:17:06.169 I/RobotCore(13167): my_debug left_front_encoder 0
01-09 11:17:06.169 I/RobotCore(13167): my_debug right_back_encoder 0
01-09 11:17:06.169 I/RobotCore(13167): my_debug left_back_encoder 0
01-09 11:17:06.169 I/RobotCore(13167): my_debug right_front_encoder 0
01-09 11:17:06.169 I/RobotCore(13167): my_debug left_front_encoder 0
01-09 11:17:06.169 I/RobotCore(13167): my_debug right_back_encoder 0
01-09 11:17:06.169 I/RobotCore(13167): my_debug left_back_encoder 0
01-09 11:17:06.169 I/RobotCore(13167): my_debug right_front_encoder 0
01-09 11:17:06.169 I/RobotCore(13167): my_debug left_front_encoder 0
01-09 11:17:06.169 I/RobotCore(13167): my_debug right_back_encoder 0
01-09 11:17:06.169 I/RobotCore(13167): my_debug left_back_encoder 0
01-09 11:17:06.169 I/RobotCore(13167): my_debug right_front_encoder 0
01-09 11:17:06.169 I/RobotCore(13167): my_debug left_front_encoder 0
01-09 11:17:06.169 I/RobotCore(13167): my_debug right_back_encoder 0
01-09 11:17:06.169 I/RobotCore(13167): my_debug left_back_encoder 0
01-09 11:17:06.169 I/RobotCore(13167): my_debug right_front_encoder 0
01-09 11:17:06.169 I/RobotCore(13167): my_debug left_front_encoder 0
01-09 11:17:06.169 I/RobotCore(13167): my_debug right_back_encoder 9
01-09 11:17:06.169 I/RobotCore(13167): my_debug left_back_encoder 8
01-09 11:17:06.169 I/RobotCore(13167): my_debug right_front_encoder 5
01-09 11:17:06.169 I/RobotCore(13167): my_debug left_front_encoder 7
01-09 11:17:06.169 I/RobotCore(13167): my_debug right_back_encoder 6
01-09 11:17:06.169 I/RobotCore(13167): my_debug left_back_encoder 6
01-09 11:17:06.169 I/RobotCore(13167): my_debug right_front_encoder 4
01-09 11:17:06.169 I/RobotCore(13167): my_debug left_front_encoder 5
01-09 11:17:06.169 I/RobotCore(13167): my_debug right_back_encoder 12
01-09 11:17:06.169 I/RobotCore(13167): my_debug left_back_encoder 12
01-09 11:17:06.169 I/RobotCore(13167): my_debug right_front_encoder 15
01-09 11:17:06.169 I/RobotCore(13167): my_debug left_front_encoder 21
01-09 11:17:06.169 I/RobotCore(13167): my_debug right_back_encoder 32
01-09 11:17:06.169 I/RobotCore(13167): my_debug left_back_encoder 32
01-09 11:17:06.169 I/RobotCore(13167): my_debug right_front_encoder 0
01-09 11:17:06.169 I/RobotCore(13167): my_debug left_front_encoder 0
01-09 11:17:06.169 I/RobotCore(13167): my_debug right_back_encoder 9
01-09 11:17:06.169 I/RobotCore(13167): my_debug left_back_encoder 9
01-09 11:17:06.169 I/RobotCore(13167): my_debug right_front_encoder 25
01-09 11:17:06.169 I/RobotCore(13167): my_debug left_front_encoder 31
01-09 11:17:06.169 I/RobotCore(13167): my_debug right_back_encoder 35
01-09 11:17:06.169 I/RobotCore(13167): my_debug left_back_encoder 33
01-09 11:17:06.169 I/RobotCore(13167): my_debug right_front_encoder 7
01-09 11:17:06.169 I/RobotCore(13167): my_debug left_front_encoder 8
01-09 11:17:06.169 I/RobotCore(13167): my_debug right_back_encoder 0
01-09 11:17:06.169 I/RobotCore(13167): my_debug left_back_encoder 0
01-09 11:17:06.169 I/RobotCore(13167): my_debug right_front_encoder 24
01-09 11:17:06.169 I/RobotCore(13167): my_debug left_front_encoder 29
01-09 11:17:06.169 I/RobotCore(13167): my_debug right_back_encoder 26
01-09 11:17:06.169 I/RobotCore(13167): my_debug left_back_encoder 23
01-09 11:17:06.169 I/RobotCore(13167): my_debug right_front_encoder 35
01-09 11:17:06.169 I/RobotCore(13167): my_debug left_front_encoder 39
01-09 11:17:06.169 I/RobotCore(13167): my_debug right_back_encoder 24
01-09 11:17:06.169 I/RobotCore(13167): my_debug left_back_encoder 22
01-09 11:17:06.169 I/RobotCore(13167): my_debug right_front_encoder 0
01-09 11:17:06.169 I/RobotCore(13167): my_debug left_front_encoder 0
01-09 11:17:06.169 I/RobotCore(13167): my_debug right_back_encoder 22
01-09 11:17:06.169 I/RobotCore(13167): my_debug left_back_encoder 19
01-09 11:17:06.169 I/RobotCore(13167): my_debug right_front_encoder 56
01-09 11:17:06.169 I/RobotCore(13167): my_debug left_front_encoder 62
01-09 11:17:06.169 I/RobotCore(13167): my_debug right_back_encoder 41
01-09 11:17:06.169 I/RobotCore(13167): my_debug left_back_encoder 39
01-09 11:17:06.169 I/RobotCore(13167): my_debug right_front_encoder 30
01-09 11:17:06.169 I/RobotCore(13167): my_debug left_front_encoder 34
01-09 11:17:06.169 I/RobotCore(13167): my_debug right_back_encoder 10
01-09 11:17:06.169 I/RobotCore(13167): my_debug left_back_encoder 11
01-09 11:17:06.169 I/RobotCore(13167): my_debug right_front_encoder 22
01-09 11:17:06.169 I/RobotCore(13167): my_debug left_front_encoder 24
01-09 11:17:06.169 I/RobotCore(13167): my_debug right_back_encoder 23
01-09 11:17:06.169 I/RobotCore(13167): my_debug left_back_encoder 24
01-09 11:17:06.169 I/RobotCore(13167): my_debug right_front_encoder 12
01-09 11:17:06.169 I/RobotCore(13167): my_debug left_front_encoder 14
01-09 11:17:06.169 I/RobotCore(13167): my_debug right_back_encoder 10
01-09 11:17:06.169 I/RobotCore(13167): my_debug left_back_encoder 10
01-09 11:17:06.169 I/RobotCore(13167): my_debug right_front_encoder 32
01-09 11:17:06.169 I/RobotCore(13167): my_debug left_front_encoder 37
01-09 11:17:06.169 I/RobotCore(13167): my_debug right_back_encoder 24
01-09 11:17:06.169 I/RobotCore(13167): my_debug left_back_encoder 24
01-09 11:17:06.169 I/RobotCore(13167): my_debug right_front_encoder 26
01-09 11:17:06.169 I/RobotCore(13167): my_debug left_front_encoder 30
01-09 11:17:06.179 I/RobotCore(13167): my_debug right_back_encoder 24
01-09 11:17:06.179 I/RobotCore(13167): my_debug left_back_encoder 24
01-09 11:17:06.179 I/RobotCore(13167): my_debug right_front_encoder 21
01-09 11:17:06.179 I/RobotCore(13167): my_debug left_front_encoder 24
01-09 11:17:06.179 I/RobotCore(13167): my_debug right_back_encoder 38
01-09 11:17:06.179 I/RobotCore(13167): my_debug left_back_encoder 39
01-09 11:17:06.179 I/RobotCore(13167): my_debug right_front_encoder 48
01-09 11:17:06.179 I/RobotCore(13167): my_debug left_front_encoder 53
01-09 11:17:06.179 I/RobotCore(13167): my_debug right_back_encoder 7
01-09 11:17:06.179 I/RobotCore(13167): my_debug left_back_encoder 7
01-09 11:17:06.179 I/RobotCore(13167): my_debug right_front_encoder 13
01-09 11:17:06.179 I/RobotCore(13167): my_debug left_front_encoder 14
01-09 11:17:06.179 I/RobotCore(13167): my_debug right_back_encoder 20
01-09 11:17:06.179 I/RobotCore(13167): my_debug left_back_encoder 19
01-09 11:17:06.179 I/RobotCore(13167): my_debug right_front_encoder 22
01-09 11:17:06.179 I/RobotCore(13167): my_debug left_front_encoder 24
01-09 11:17:06.179 I/RobotCore(13167): my_debug right_back_encoder 40
01-09 11:17:06.179 I/RobotCore(13167): my_debug left_back_encoder 40
01-09 11:17:06.179 I/RobotCore(13167): my_debug right_front_encoder 44
01-09 11:17:06.179 I/RobotCore(13167): my_debug left_front_encoder 48
01-09 11:17:06.179 I/RobotCore(13167): my_debug right_back_encoder 17
01-09 11:17:06.179 I/RobotCore(13167): my_debug left_back_encoder 16
01-09 11:17:06.179 I/RobotCore(13167): my_debug right_front_encoder 28
01-09 11:17:06.179 I/RobotCore(13167): my_debug left_front_encoder 28
01-09 11:17:06.179 I/RobotCore(13167): my_debug right_back_encoder 15
01-09 11:17:06.179 I/RobotCore(13167): my_debug left_back_encoder 15
01-09 11:17:06.179 I/RobotCore(13167): my_debug right_front_encoder 8
01-09 11:17:06.179 I/RobotCore(13167): my_debug left_front_encoder 9
01-09 11:17:06.179 I/RobotCore(13167): my_debug right_back_encoder 43
01-09 11:17:06.179 I/RobotCore(13167): my_debug left_back_encoder 44
01-09 11:17:06.179 I/RobotCore(13167): my_debug right_front_encoder 25
01-09 11:17:06.179 I/RobotCore(13167): my_debug left_front_encoder 26
01-09 11:17:06.179 I/RobotCore(13167): my_debug right_back_encoder 27
01-09 11:17:06.179 I/RobotCore(13167): my_debug left_back_encoder 27
01-09 11:17:06.179 I/RobotCore(13167): my_debug right_front_encoder 45
01-09 11:17:06.179 I/RobotCore(13167): my_debug left_front_encoder 47
01-09 11:17:06.179 I/RobotCore(13167): my_debug right_back_encoder 23
01-09 11:17:06.179 I/RobotCore(13167): my_debug left_back_encoder 22
01-09 11:17:06.179 I/RobotCore(13167): my_debug right_front_encoder 27
01-09 11:17:06.179 I/RobotCore(13167): my_debug left_front_encoder 30
01-09 11:17:06.179 I/RobotCore(13167): my_debug right_back_encoder 12
01-09 11:17:06.179 I/RobotCore(13167): my_debug left_back_encoder 12
01-09 11:17:06.179 I/RobotCore(13167): my_debug right_front_encoder 13
01-09 11:17:06.179 I/RobotCore(13167): my_debug left_front_encoder 13
01-09 11:17:06.179 I/RobotCore(13167): my_debug right_back_encoder 28
01-09 11:17:06.179 I/RobotCore(13167): my_debug left_back_encoder 29
01-09 11:17:06.179 I/RobotCore(13167): my_debug right_front_encoder 25
01-09 11:17:06.179 I/RobotCore(13167): my_debug left_front_encoder 27
01-09 11:17:06.179 I/RobotCore(13167): my_debug right_back_encoder 40
01-09 11:17:06.179 I/RobotCore(13167): my_debug left_back_encoder 41
01-09 11:17:06.179 I/RobotCore(13167): my_debug right_front_encoder 47
01-09 11:17:06.179 I/RobotCore(13167): my_debug left_front_encoder 50
01-09 11:17:06.179 I/RobotCore(13167): my_debug right_back_encoder 22
01-09 11:17:06.179 I/RobotCore(13167): my_debug left_back_encoder 22
01-09 11:17:06.179 I/RobotCore(13167): my_debug right_front_encoder 20
01-09 11:17:06.179 I/RobotCore(13167): my_debug left_front_encoder 22
01-09 11:17:06.179 I/RobotCore(13167): my_debug right_back_encoder 36
01-09 11:17:06.179 I/RobotCore(13167): my_debug left_back_encoder 35
01-09 11:17:06.179 I/RobotCore(13167): my_debug right_front_encoder 33
01-09 11:17:06.189 I/RobotCore(13167): my_debug left_front_encoder 36
01-09 11:17:06.189 I/RobotCore(13167): my_debug right_back_encoder 10
01-09 11:17:06.189 I/RobotCore(13167): my_debug left_back_encoder 10
01-09 11:17:06.189 I/RobotCore(13167): my_debug right_front_encoder 12
01-09 11:17:06.189 I/RobotCore(13167): my_debug left_front_encoder 13
01-09 11:17:06.189 I/RobotCore(13167): my_debug right_back_encoder 46
01-09 11:17:06.189 I/RobotCore(13167): my_debug left_back_encoder 46
01-09 11:17:06.189 I/RobotCore(13167): my_debug right_front_encoder 47
01-09 11:17:06.189 I/RobotCore(13167): my_debug left_front_encoder 51
01-09 11:17:06.189 I/RobotCore(13167): my_debug right_back_encoder 24
01-09 11:17:06.189 I/RobotCore(13167): my_debug left_back_encoder 23
01-09 11:17:06.189 I/RobotCore(13167): my_debug right_front_encoder 23
01-09 11:17:06.189 I/RobotCore(13167): my_debug left_front_encoder 25
01-09 11:17:06.189 I/RobotCore(13167): my_debug right_back_encoder 11
01-09 11:17:06.189 I/RobotCore(13167): my_debug left_back_encoder 11
01-09 11:17:06.189 I/RobotCore(13167): my_debug right_front_encoder 12
01-09 11:17:06.189 I/RobotCore(13167): my_debug left_front_encoder 13
01-09 11:17:06.189 I/RobotCore(13167): my_debug right_back_encoder 21
01-09 11:17:06.189 I/RobotCore(13167): my_debug left_back_encoder 21
01-09 11:17:06.189 I/RobotCore(13167): my_debug right_front_encoder 41
01-09 11:17:06.189 I/RobotCore(13167): my_debug left_front_encoder 47
01-09 11:17:06.189 I/RobotCore(13167): my_debug right_back_encoder 37
01-09 11:17:06.189 I/RobotCore(13167): my_debug left_back_encoder 37
01-09 11:17:06.189 I/RobotCore(13167): my_debug right_front_encoder 21
01-09 11:17:06.189 I/RobotCore(13167): my_debug left_front_encoder 23
01-09 11:17:06.189 I/RobotCore(13167): my_debug right_back_encoder 10
01-09 11:17:06.189 I/RobotCore(13167): my_debug left_back_encoder 11
01-09 11:17:06.189 I/RobotCore(13167): my_debug right_front_encoder 10
01-09 11:17:06.189 I/RobotCore(13167): my_debug left_front_encoder 12
01-09 11:17:06.189 I/RobotCore(13167): my_debug right_back_encoder 33
01-09 11:17:06.189 I/RobotCore(13167): my_debug left_back_encoder 34
01-09 11:17:06.189 I/RobotCore(13167): my_debug right_front_encoder 14
01-09 11:17:06.189 I/RobotCore(13167): my_debug left_front_encoder 22
01-09 11:17:06.189 I/RobotCore(13167): my_debug right_back_encoder 16
01-09 11:17:06.189 I/RobotCore(13167): my_debug left_back_encoder 16
01-09 11:17:06.189 I/RobotCore(13167): my_debug right_front_encoder 34
01-09 11:17:06.189 I/RobotCore(13167): my_debug left_front_encoder 46
01-09 11:17:06.189 I/RobotCore(13167): my_debug right_back_encoder 20
01-09 11:17:06.189 I/RobotCore(13167): my_debug left_back_encoder 22
01-09 11:17:06.189 I/RobotCore(13167): my_debug right_front_encoder 4
01-09 11:17:06.189 I/RobotCore(13167): my_debug left_front_encoder 10
01-09 11:17:06.189 I/RobotCore(13167): my_debug right_back_encoder 11
01-09 11:17:06.189 I/RobotCore(13167): my_debug left_back_encoder 13
01-09 11:17:06.189 I/RobotCore(13167): my_debug right_front_encoder 27
01-09 11:17:06.189 I/RobotCore(13167): my_debug left_front_encoder 40
01-09 11:17:06.199 I/RobotCore(13167): my_debug right_back_encoder 10
01-09 11:17:06.199 I/RobotCore(13167): my_debug left_back_encoder 11
01-09 11:17:06.199 I/RobotCore(13167): my_debug right_front_encoder 12
01-09 11:17:06.199 I/RobotCore(13167): my_debug left_front_encoder 15
01-09 11:17:06.199 I/RobotCore(13167): my_debug right_back_encoder 0
01-09 11:17:06.199 I/RobotCore(13167): my_debug left_back_encoder 0
01-09 11:17:06.199 I/RobotCore(13167): my_debug right_front_encoder 0
01-09 11:17:06.199 I/RobotCore(13167): my_debug left_front_encoder 0
01-09 11:17:06.199 I/RobotCore(13167): my_debug right_back_encoder 54
01-09 11:17:06.199 I/RobotCore(13167): my_debug left_back_encoder 57
01-09 11:17:06.199 I/RobotCore(13167): my_debug right_front_encoder 57
01-09 11:17:06.199 I/RobotCore(13167): my_debug left_front_encoder 85
01-09 11:17:06.199 I/RobotCore(13167): my_debug right_back_encoder 5
01-09 11:17:06.199 I/RobotCore(13167): my_debug left_back_encoder 5
01-09 11:17:06.199 I/RobotCore(13167): my_debug right_front_encoder 5
01-09 11:17:06.199 I/RobotCore(13167): my_debug left_front_encoder 12
01-09 11:17:06.199 I/RobotCore(13167): my_debug right_back_encoder 18
01-09 11:17:06.199 I/RobotCore(13167): my_debug left_back_encoder 20
01-09 11:17:06.199 I/RobotCore(13167): my_debug right_front_encoder 16
01-09 11:17:06.199 I/RobotCore(13167): my_debug left_front_encoder 20
01-09 11:17:06.199 I/RobotCore(13167): my_debug right_back_encoder 0
01-09 11:17:06.219 D/dalvikvm(13167): GC_FOR_ALLOC freed 2046K, 44% free 6265K/11144K, paused 19ms, total 19ms
01-09 11:17:06.219 I/RobotCore(13167): my_debug left_back_encoder 0
01-09 11:17:06.219 I/RobotCore(13167): my_debug right_front_encoder 23
01-09 11:17:06.219 I/RobotCore(13167): my_debug left_front_encoder 34
01-09 11:17:06.219 I/RobotCore(13167): my_debug right_back_encoder 18
01-09 11:17:06.219 I/RobotCore(13167): my_debug left_back_encoder 24
01-09 11:17:06.219 I/RobotCore(13167): my_debug right_front_encoder 15
01-09 11:17:06.219 I/RobotCore(13167): my_debug left_front_encoder 23
01-09 11:17:06.219 I/RobotCore(13167): my_debug right_back_encoder 8
01-09 11:17:06.219 I/RobotCore(13167): my_debug left_back_encoder 10
01-09 11:17:06.219 I/RobotCore(13167): my_debug right_front_encoder 11
01-09 11:17:06.219 I/RobotCore(13167): my_debug left_front_encoder 14
01-09 11:17:06.219 I/RobotCore(13167): my_debug right_back_encoder 3
01-09 11:17:06.219 I/RobotCore(13167): my_debug left_back_encoder 3
01-09 11:17:06.219 I/RobotCore(13167): my_debug right_front_encoder 18
01-09 11:17:06.219 I/RobotCore(13167): my_debug left_front_encoder 27
01-09 11:17:06.219 I/RobotCore(13167): my_debug right_back_encoder 16
01-09 11:17:06.219 I/RobotCore(13167): my_debug left_back_encoder 19
01-09 11:17:06.219 I/RobotCore(13167): my_debug right_front_encoder 13
01-09 11:17:06.219 I/RobotCore(13167): my_debug left_front_encoder 22
01-09 11:17:06.219 I/RobotCore(13167): my_debug right_back_encoder 8
01-09 11:17:06.219 I/RobotCore(13167): my_debug left_back_encoder 8
01-09 11:17:06.219 I/RobotCore(13167): my_debug right_front_encoder 12
01-09 11:17:06.219 I/RobotCore(13167): my_debug left_front_encoder 16
01-09 11:17:06.219 I/RobotCore(13167): my_debug right_back_encoder 12
01-09 11:17:06.219 I/RobotCore(13167): my_debug left_back_encoder 13
01-09 11:17:06.219 I/RobotCore(13167): my_debug right_front_encoder 7
01-09 11:17:06.219 I/RobotCore(13167): my_debug left_front_encoder 10
01-09 11:17:06.219 I/RobotCore(13167): my_debug right_back_encoder 10
01-09 11:17:06.219 I/RobotCore(13167): my_debug left_back_encoder 9
01-09 11:17:06.219 I/RobotCore(13167): my_debug right_front_encoder 24
01-09 11:17:06.219 I/RobotCore(13167): my_debug left_front_encoder 36
01-09 11:17:06.219 I/RobotCore(13167): my_debug right_back_encoder 4
01-09 11:17:06.219 I/RobotCore(13167): my_debug left_back_encoder 4
01-09 11:17:06.219 I/RobotCore(13167): my_debug right_front_encoder 11
01-09 11:17:06.219 I/RobotCore(13167): my_debug left_front_encoder 12
01-09 11:17:06.219 I/RobotCore(13167): my_debug right_back_encoder 11
01-09 11:17:06.219 I/RobotCore(13167): my_debug left_back_encoder 11
01-09 11:17:06.219 I/RobotCore(13167): my_debug right_front_encoder 16
01-09 11:17:06.219 I/RobotCore(13167): my_debug left_front_encoder 20
01-09 11:17:06.219 I/RobotCore(13167): my_debug right_back_encoder 23
01-09 11:17:06.219 I/RobotCore(13167): my_debug left_back_encoder 22
01-09 11:17:06.219 I/RobotCore(13167): my_debug right_front_encoder 24
01-09 11:17:06.219 I/RobotCore(13167): my_debug left_front_encoder 42
01-09 11:17:06.219 I/RobotCore(13167): my_debug right_back_encoder 10
01-09 11:17:06.219 I/RobotCore(13167): my_debug left_back_encoder 10
01-09 11:17:06.219 I/RobotCore(13167): my_debug right_front_encoder 12
01-09 11:17:06.219 I/RobotCore(13167): my_debug left_front_encoder 17
01-09 11:17:06.219 I/RobotCore(13167): my_debug right_back_encoder 8
01-09 11:17:06.219 I/RobotCore(13167): my_debug left_back_encoder 8
01-09 11:17:06.219 I/RobotCore(13167): my_debug right_front_encoder 9
01-09 11:17:06.219 I/RobotCore(13167): my_debug left_front_encoder 13
01-09 11:17:06.219 I/RobotCore(13167): my_debug right_back_encoder 11
01-09 11:17:06.219 I/RobotCore(13167): my_debug left_back_encoder 11
01-09 11:17:06.219 I/RobotCore(13167): my_debug right_front_encoder 11
01-09 11:17:06.219 I/RobotCore(13167): my_debug left_front_encoder 18
01-09 11:17:06.219 I/RobotCore(13167): my_debug right_back_encoder 13
01-09 11:17:06.219 I/RobotCore(13167): my_debug left_back_encoder 13
01-09 11:17:06.219 I/RobotCore(13167): my_debug right_front_encoder 31
01-09 11:17:06.219 I/RobotCore(13167): my_debug left_front_encoder 46
01-09 11:17:06.219 I/RobotCore(13167): my_debug right_back_encoder 25
01-09 11:17:06.219 I/RobotCore(13167): my_debug left_back_encoder 25
01-09 11:17:06.219 I/RobotCore(13167): my_debug right_front_encoder 0
01-09 11:17:06.219 I/RobotCore(13167): my_debug left_front_encoder 0
01-09 11:17:06.219 I/RobotCore(13167): my_debug right_back_encoder 0
01-09 11:17:06.219 I/RobotCore(13167): my_debug left_back_encoder 0
01-09 11:17:06.219 I/RobotCore(13167): my_debug right_front_encoder 20
01-09 11:17:06.219 I/RobotCore(13167): my_debug left_front_encoder 32
01-09 11:17:06.219 I/RobotCore(13167): my_debug right_back_encoder 25
01-09 11:17:06.219 I/RobotCore(13167): my_debug left_back_encoder 26
01-09 11:17:06.219 I/RobotCore(13167): my_debug right_front_encoder 13
01-09 11:17:06.219 I/RobotCore(13167): my_debug left_front_encoder 21
01-09 11:17:06.219 I/RobotCore(13167): my_debug right_back_encoder 21
01-09 11:17:06.219 I/RobotCore(13167): my_debug left_back_encoder 22
01-09 11:17:06.219 I/RobotCore(13167): my_debug right_front_encoder 0
01-09 11:17:06.219 I/RobotCore(13167): my_debug left_front_encoder 0
01-09 11:17:06.219 I/RobotCore(13167): my_debug right_back_encoder 0
01-09 11:17:06.219 I/RobotCore(13167): my_debug left_back_encoder 0
01-09 11:17:06.219 I/RobotCore(13167): my_debug right_front_encoder 31
01-09 11:17:06.219 I/RobotCore(13167): my_debug left_front_encoder 45
01-09 11:17:06.219 I/RobotCore(13167): my_debug right_back_encoder 20
01-09 11:17:06.219 I/RobotCore(13167): my_debug left_back_encoder 20
01-09 11:17:06.219 I/RobotCore(13167): my_debug right_front_encoder 17
01-09 11:17:06.219 I/RobotCore(13167): my_debug left_front_encoder 27
01-09 11:17:06.219 I/RobotCore(13167): my_debug right_back_encoder 14
01-09 11:17:06.219 I/RobotCore(13167): my_debug left_back_encoder 15
01-09 11:17:06.219 I/RobotCore(13167): my_debug right_front_encoder 24
01-09 11:17:06.219 I/RobotCore(13167): my_debug left_front_encoder 33
01-09 11:17:06.219 I/RobotCore(13167): my_debug right_back_encoder 11
01-09 11:17:06.219 I/RobotCore(13167): my_debug left_back_encoder 9
01-09 11:17:06.219 I/RobotCore(13167): my_debug right_front_encoder 29
01-09 11:17:06.219 I/RobotCore(13167): my_debug left_front_encoder 47
01-09 11:17:06.219 I/RobotCore(13167): my_debug right_back_encoder 14
01-09 11:17:06.219 I/RobotCore(13167): my_debug left_back_encoder 13
01-09 11:17:06.219 I/RobotCore(13167): my_debug right_front_encoder 0
01-09 11:17:06.219 I/RobotCore(13167): my_debug left_front_encoder 0
01-09 11:17:06.219 I/RobotCore(13167): my_debug right_back_encoder 18
01-09 11:17:06.219 I/RobotCore(13167): my_debug left_back_encoder 17
01-09 11:17:06.219 I/RobotCore(13167): my_debug right_front_encoder 30
01-09 11:17:06.219 I/RobotCore(13167): my_debug left_front_encoder 45
01-09 11:17:06.219 I/RobotCore(13167): my_debug right_back_encoder 6
01-09 11:17:06.219 I/RobotCore(13167): my_debug left_back_encoder 5
01-09 11:17:06.219 I/RobotCore(13167): my_debug right_front_encoder 7
01-09 11:17:06.219 I/RobotCore(13167): my_debug left_front_encoder 10
01-09 11:17:06.219 I/RobotCore(13167): my_debug right_back_encoder 17
01-09 11:17:06.219 I/RobotCore(13167): my_debug left_back_encoder 15
01-09 11:17:06.219 I/RobotCore(13167): my_debug right_front_encoder 24
01-09 11:17:06.219 I/RobotCore(13167): my_debug left_front_encoder 40
01-09 11:17:06.219 I/RobotCore(13167): my_debug right_back_encoder 8
01-09 11:17:06.219 I/RobotCore(13167): my_debug left_back_encoder 8
01-09 11:17:06.219 I/RobotCore(13167): my_debug right_front_encoder 11
01-09 11:17:06.219 I/RobotCore(13167): my_debug left_front_encoder 15
01-09 11:17:06.219 I/RobotCore(13167): my_debug right_back_encoder 4
01-09 11:17:06.219 I/RobotCore(13167): my_debug left_back_encoder 4
01-09 11:17:06.219 I/RobotCore(13167): my_debug right_front_encoder 17
01-09 11:17:06.219 I/RobotCore(13167): my_debug left_front_encoder 27
01-09 11:17:06.219 I/RobotCore(13167): my_debug right_back_encoder 19
01-09 11:17:06.219 I/RobotCore(13167): my_debug left_back_encoder 19
01-09 11:17:06.219 I/RobotCore(13167): my_debug right_front_encoder 5
01-09 11:17:06.219 I/RobotCore(13167): my_debug left_front_encoder 8
01-09 11:17:06.219 I/RobotCore(13167): my_debug right_back_encoder 0
01-09 11:17:06.219 I/RobotCore(13167): my_debug left_back_encoder 0
01-09 11:17:06.219 I/RobotCore(13167): my_debug right_front_encoder 26
01-09 11:17:06.219 I/RobotCore(13167): my_debug left_front_encoder 41
01-09 11:17:06.219 I/RobotCore(13167): my_debug right_back_encoder 14
01-09 11:17:06.219 I/RobotCore(13167): my_debug left_back_encoder 14
01-09 11:17:06.219 I/RobotCore(13167): my_debug right_front_encoder 16
01-09 11:17:06.219 I/RobotCore(13167): my_debug left_front_encoder 26
01-09 11:17:06.219 I/RobotCore(13167): my_debug right_back_encoder 11
01-09 11:17:06.219 I/RobotCore(13167): my_debug left_back_encoder 12
01-09 11:17:06.219 I/RobotCore(13167): my_debug right_front_encoder 11
01-09 11:17:06.219 I/RobotCore(13167): my_debug left_front_encoder 23
01-09 11:17:06.219 I/RobotCore(13167): my_debug right_back_encoder 21
01-09 11:17:06.219 I/RobotCore(13167): my_debug left_back_encoder 22
01-09 11:17:06.219 I/RobotCore(13167): my_debug right_front_encoder 20
01-09 11:17:06.219 I/RobotCore(13167): my_debug left_front_encoder 24
01-09 11:17:06.219 I/RobotCore(13167): my_debug right_back_encoder 7
01-09 11:17:06.219 I/RobotCore(13167): my_debug left_back_encoder 7
01-09 11:17:06.219 I/RobotCore(13167): my_debug right_front_encoder 4
01-09 11:17:06.219 I/RobotCore(13167): my_debug left_front_encoder 12
01-09 11:17:06.219 I/RobotCore(13167): my_debug right_back_encoder 12
01-09 11:17:06.219 I/RobotCore(13167): my_debug left_back_encoder 13
01-09 11:17:06.219 I/RobotCore(13167): my_debug right_front_encoder 15
01-09 11:17:06.219 I/RobotCore(13167): my_debug left_front_encoder 18
01-09 11:17:06.219 I/RobotCore(13167): my_debug right_back_encoder 12
01-09 11:17:06.219 I/RobotCore(13167): my_debug left_back_encoder 14
01-09 11:17:06.219 I/RobotCore(13167): my_debug right_front_encoder 12
01-09 11:17:06.219 I/RobotCore(13167): my_debug left_front_encoder 22
01-09 11:17:06.219 I/RobotCore(13167): my_debug right_back_encoder 13
01-09 11:17:06.219 I/RobotCore(13167): my_debug left_back_encoder 14
01-09 11:17:06.219 I/RobotCore(13167): my_debug right_front_encoder 17
01-09 11:17:06.219 I/RobotCore(13167): my_debug left_front_encoder 29
01-09 11:17:06.219 I/RobotCore(13167): my_debug right_back_encoder 14
01-09 11:17:06.219 I/RobotCore(13167): my_debug left_back_encoder 15
01-09 11:17:06.219 I/RobotCore(13167): my_debug right_front_encoder 17
01-09 11:17:06.219 I/RobotCore(13167): my_debug left_front_encoder 25
01-09 11:17:06.219 I/RobotCore(13167): my_debug right_back_encoder 12
01-09 11:17:06.219 I/RobotCore(13167): my_debug left_back_encoder 13
01-09 11:17:06.219 I/RobotCore(13167): my_debug right_front_encoder 15
01-09 11:17:06.219 I/RobotCore(13167): my_debug left_front_encoder 25
01-09 11:17:06.219 I/RobotCore(13167): my_debug right_back_encoder 24
01-09 11:17:06.219 I/RobotCore(13167): my_debug left_back_encoder 24
01-09 11:17:06.219 I/RobotCore(13167): my_debug right_front_encoder 30
01-09 11:17:06.219 I/RobotCore(13167): my_debug left_front_encoder 45
01-09 11:17:06.219 I/RobotCore(13167): my_debug right_back_encoder 11
01-09 11:17:06.219 I/RobotCore(13167): my_debug left_back_encoder 12
01-09 11:17:06.219 I/RobotCore(13167): my_debug right_front_encoder 6
01-09 11:17:06.219 I/RobotCore(13167): my_debug left_front_encoder 9
01-09 11:17:06.219 I/RobotCore(13167): my_debug right_back_encoder 7
01-09 11:17:06.219 I/RobotCore(13167): my_debug left_back_encoder 6
01-09 11:17:06.219 I/RobotCore(13167): my_debug right_front_encoder 19
01-09 11:17:06.219 I/RobotCore(13167): my_debug left_front_encoder 30
01-09 11:17:06.219 I/RobotCore(13167): my_debug right_back_encoder 20
01-09 11:17:06.219 I/RobotCore(13167): my_debug left_back_encoder 19
01-09 11:17:06.219 I/RobotCore(13167): my_debug right_front_encoder 6
01-09 11:17:06.219 I/RobotCore(13167): my_debug left_front_encoder 9
01-09 11:17:06.219 I/RobotCore(13167): my_debug right_back_encoder 0
01-09 11:17:06.219 I/RobotCore(13167): my_debug left_back_encoder 0
01-09 11:17:06.219 I/RobotCore(13167): my_debug right_front_encoder 19
01-09 11:17:06.219 I/RobotCore(13167): my_debug left_front_encoder 30
01-09 11:17:06.219 I/RobotCore(13167): my_debug right_back_encoder 23
01-09 11:17:06.219 I/RobotCore(13167): my_debug left_back_encoder 23
01-09 11:17:06.219 I/RobotCore(13167): my_debug right_front_encoder 25
01-09 11:17:06.219 I/RobotCore(13167): my_debug left_front_encoder 38
01-09 11:17:06.229 I/RobotCore(13167): my_debug right_back_encoder 6
01-09 11:17:06.229 I/RobotCore(13167): my_debug left_back_encoder 6
01-09 11:17:06.229 I/RobotCore(13167): my_debug right_front_encoder 8
01-09 11:17:06.229 I/RobotCore(13167): my_debug left_front_encoder 10
01-09 11:17:06.229 I/RobotCore(13167): my_debug right_back_encoder 8
01-09 11:17:06.229 I/RobotCore(13167): my_debug left_back_encoder 8
01-09 11:17:06.229 I/RobotCore(13167): my_debug right_front_encoder 12
01-09 11:17:06.229 I/RobotCore(13167): my_debug left_front_encoder 20
01-09 11:17:06.229 I/RobotCore(13167): my_debug right_back_encoder 21
01-09 11:17:06.229 I/RobotCore(13167): my_debug left_back_encoder 19
01-09 11:17:06.229 I/RobotCore(13167): my_debug right_front_encoder 13
01-09 11:17:06.229 I/RobotCore(13167): my_debug left_front_encoder 24
01-09 11:17:06.229 W/RobotCore(13167): my_debug minDiff 0
01-09 11:17:06.229 W/RobotCore(13167): my_debug avgDiff 18
01-09 11:17:06.229 W/RobotCore(13167): my_debug batteryVoltage 12.363636363636363
01-09 11:17:06.949 D/dalvikvm(13167): GC_FOR_ALLOC freed 2047K, 44% free 6265K/11144K, paused 16ms, total 17ms
01-09 11:17:07.659 D/dalvikvm(13167): GC_FOR_ALLOC freed 2048K, 44% free 6265K/11144K, paused 18ms, total 18ms
01-09 11:17:08.359 I/FIRST   (13167): Processing Command: CMD_INIT_OP_MODE Stop Robot
01-09 11:17:08.369 I/RobotCore(13167): Attempting to switch to op mode Stop Robot
01-09 11:17:08.399 D/dalvikvm(13167): GC_FOR_ALLOC freed 2046K, 44% free 6266K/11144K, paused 19ms, total 19ms
01-09 11:17:08.469 V/RobotCore(13167): Sending command: CMD_INIT_OP_MODE_RESP, attempt 0
01-09 11:17:08.479 I/FIRST   (13167): Processing Command: CMD_RUN_OP_MODE Stop Robot
01-09 11:17:08.569 V/RobotCore(13167): Sending command: CMD_RUN_OP_MODE_RESP, attempt 0
01-09 11:17:09.089 D/dalvikvm(13167): GC_FOR_ALLOC freed 2047K, 44% free 6266K/11144K, paused 16ms, total 16ms
01-09 11:17:09.749 D/dalvikvm(13167): GC_FOR_ALLOC freed 2048K, 44% free 6266K/11144K, paused 18ms, total 18ms
01-09 11:17:10.459 D/dalvikvm(13167): GC_FOR_ALLOC freed 2047K, 44% free 6266K/11144K, paused 19ms, total 19ms
01-09 11:17:11.149 D/dalvikvm(13167): GC_FOR_ALLOC freed 2048K, 44% free 6265K/11144K, paused 17ms, total 17ms
01-09 11:17:11.849 D/dalvikvm(13167): GC_FOR_ALLOC freed 2047K, 44% free 6265K/11144K, paused 16ms, total 16ms
01-09 11:17:12.549 D/dalvikvm(13167): GC_FOR_ALLOC freed 2047K, 44% free 6266K/11144K, paused 15ms, total 15ms
01-09 11:17:13.349 D/dalvikvm(13167): GC_FOR_ALLOC freed 2048K, 44% free 6265K/11144K, paused 16ms, total 16ms
01-09 11:17:14.039 D/dalvikvm(13167): GC_FOR_ALLOC freed 2047K, 44% free 6266K/11144K, paused 17ms, total 17ms
01-09 11:17:14.749 D/dalvikvm(13167): GC_FOR_ALLOC freed 2048K, 44% free 6266K/11144K, paused 17ms, total 17ms
01-09 11:17:15.439 D/dalvikvm(13167): GC_FOR_ALLOC freed 2048K, 44% free 6266K/11144K, paused 17ms, total 17ms
01-09 11:17:16.119 D/dalvikvm(13167): GC_FOR_ALLOC freed 2048K, 44% free 6266K/11144K, paused 19ms, total 19ms
01-09 11:17:16.919 D/dalvikvm(13167): GC_FOR_ALLOC freed 2047K, 44% free 6266K/11144K, paused 16ms, total 16ms
01-09 11:17:17.659 D/dalvikvm(13167): GC_FOR_ALLOC freed 2048K, 44% free 6266K/11144K, paused 15ms, total 15ms
01-09 11:17:18.419 D/dalvikvm(13167): GC_FOR_ALLOC freed 2047K, 44% free 6266K/11144K, paused 17ms, total 17ms
01-09 11:17:19.139 D/dalvikvm(13167): GC_FOR_ALLOC freed 2048K, 44% free 6266K/11144K, paused 16ms, total 16ms
01-09 11:17:19.819 D/dalvikvm(13167): GC_FOR_ALLOC freed 2047K, 44% free 6266K/11144K, paused 19ms, total 19ms
01-09 11:17:20.549 D/dalvikvm(13167): GC_FOR_ALLOC freed 2047K, 44% free 6266K/11144K, paused 16ms, total 16ms
01-09 11:17:21.289 D/dalvikvm(13167): GC_FOR_ALLOC freed 2047K, 44% free 6266K/11144K, paused 17ms, total 17ms
01-09 11:17:22.019 D/dalvikvm(13167): GC_FOR_ALLOC freed 2048K, 44% free 6265K/11144K, paused 18ms, total 18ms
01-09 11:17:22.699 D/dalvikvm(13167): GC_FOR_ALLOC freed 2048K, 44% free 6265K/11144K, paused 19ms, total 19ms
01-09 11:17:23.389 D/dalvikvm(13167): GC_FOR_ALLOC freed 2047K, 44% free 6266K/11144K, paused 18ms, total 18ms
01-09 11:17:24.129 D/dalvikvm(13167): GC_FOR_ALLOC freed 2048K, 44% free 6266K/11144K, paused 26ms, total 26ms
01-09 11:17:24.829 D/dalvikvm(13167): GC_FOR_ALLOC freed 2047K, 44% free 6266K/11144K, paused 16ms, total 16ms
01-09 11:17:25.549 D/dalvikvm(13167): GC_FOR_ALLOC freed 2048K, 44% free 6266K/11144K, paused 17ms, total 17ms
01-09 11:17:26.249 D/dalvikvm(13167): GC_FOR_ALLOC freed 2047K, 44% free 6266K/11144K, paused 19ms, total 19ms
01-09 11:17:26.949 D/dalvikvm(13167): GC_FOR_ALLOC freed 2047K, 44% free 6266K/11144K, paused 15ms, total 15ms
01-09 11:17:27.679 D/dalvikvm(13167): GC_FOR_ALLOC freed 2047K, 44% free 6266K/11144K, paused 17ms, total 17ms
01-09 11:17:28.389 D/dalvikvm(13167): GC_FOR_ALLOC freed 2048K, 44% free 6265K/11144K, paused 16ms, total 16ms
01-09 11:17:29.109 D/dalvikvm(13167): GC_FOR_ALLOC freed 2047K, 44% free 6265K/11144K, paused 16ms, total 16ms
01-09 11:17:29.799 D/dalvikvm(13167): GC_FOR_ALLOC freed 2047K, 44% free 6266K/11144K, paused 15ms, total 15ms
01-09 11:17:30.519 D/dalvikvm(13167): GC_FOR_ALLOC freed 2048K, 44% free 6265K/11144K, paused 18ms, total 18ms
01-09 11:17:31.159 I/FIRST   (13167): Processing Command: CMD_INIT_OP_MODE ____TestingAuto
01-09 11:17:31.169 I/RobotCore(13167): Attempting to switch to op mode ____TestingAuto
01-09 11:17:31.189 D/dalvikvm(13167): GC_FOR_ALLOC freed 1831K, 42% free 6464K/11144K, paused 18ms, total 19ms
01-09 11:17:31.259 V/RobotCore(13167): Sending command: CMD_INIT_OP_MODE_RESP, attempt 0
01-09 11:17:31.699 D/dalvikvm(13167): GC_FOR_ALLOC freed 2247K, 44% free 6265K/11144K, paused 15ms, total 15ms
01-09 11:17:32.409 D/dalvikvm(13167): GC_FOR_ALLOC freed 2047K, 44% free 6265K/11144K, paused 17ms, total 17ms
01-09 11:17:33.099 D/dalvikvm(13167): GC_FOR_ALLOC freed 2048K, 44% free 6265K/11144K, paused 17ms, total 17ms
01-09 11:17:33.849 D/dalvikvm(13167): GC_FOR_ALLOC freed 2047K, 44% free 6265K/11144K, paused 16ms, total 16ms
01-09 11:17:34.589 D/dalvikvm(13167): GC_FOR_ALLOC freed 2047K, 44% free 6265K/11144K, paused 17ms, total 17ms
01-09 11:17:35.119 I/FIRST   (13167): Processing Command: CMD_RUN_OP_MODE ____TestingAuto
01-09 11:17:35.159 V/RobotCore(13167): Sending command: CMD_RUN_OP_MODE_RESP, attempt 0
01-09 11:17:35.289 D/dalvikvm(13167): GC_FOR_ALLOC freed 2047K, 44% free 6266K/11144K, paused 18ms, total 18ms
01-09 11:17:36.069 D/dalvikvm(13167): GC_FOR_ALLOC freed 2048K, 44% free 6265K/11144K, paused 18ms, total 18ms
01-09 11:17:36.419 W/RobotCore(13167): my_debug BEGIN INTO_WALL
01-09 11:17:36.419 I/RobotCore(13167): my_debug right_back_encoder 0
01-09 11:17:36.419 I/RobotCore(13167): my_debug left_back_encoder 0
01-09 11:17:36.419 I/RobotCore(13167): my_debug right_front_encoder 0
01-09 11:17:36.419 I/RobotCore(13167): my_debug left_front_encoder 0
01-09 11:17:36.419 I/RobotCore(13167): my_debug right_back_encoder 0
01-09 11:17:36.419 I/RobotCore(13167): my_debug left_back_encoder 0
01-09 11:17:36.419 I/RobotCore(13167): my_debug right_front_encoder 0
01-09 11:17:36.419 I/RobotCore(13167): my_debug left_front_encoder 0
01-09 11:17:36.419 I/RobotCore(13167): my_debug right_back_encoder 0
01-09 11:17:36.419 I/RobotCore(13167): my_debug left_back_encoder 0
01-09 11:17:36.419 I/RobotCore(13167): my_debug right_front_encoder 0
01-09 11:17:36.419 I/RobotCore(13167): my_debug left_front_encoder 0
01-09 11:17:36.419 I/RobotCore(13167): my_debug right_back_encoder 0
01-09 11:17:36.419 I/RobotCore(13167): my_debug left_back_encoder 0
01-09 11:17:36.419 I/RobotCore(13167): my_debug right_front_encoder 0
01-09 11:17:36.419 I/RobotCore(13167): my_debug left_front_encoder 0
01-09 11:17:36.419 I/RobotCore(13167): my_debug right_back_encoder 0
01-09 11:17:36.419 I/RobotCore(13167): my_debug left_back_encoder 0
01-09 11:17:36.419 I/RobotCore(13167): my_debug right_front_encoder 0
01-09 11:17:36.419 I/RobotCore(13167): my_debug left_front_encoder 0
01-09 11:17:36.419 I/RobotCore(13167): my_debug right_back_encoder 6
01-09 11:17:36.419 I/RobotCore(13167): my_debug left_back_encoder 6
01-09 11:17:36.419 I/RobotCore(13167): my_debug right_front_encoder 0
01-09 11:17:36.419 I/RobotCore(13167): my_debug left_front_encoder 0
01-09 11:17:36.419 I/RobotCore(13167): my_debug right_back_encoder 0
01-09 11:17:36.419 I/RobotCore(13167): my_debug left_back_encoder 0
01-09 11:17:36.419 I/RobotCore(13167): my_debug right_front_encoder 5
01-09 11:17:36.419 I/RobotCore(13167): my_debug left_front_encoder 5
01-09 11:17:36.419 I/RobotCore(13167): my_debug right_back_encoder 33
01-09 11:17:36.419 I/RobotCore(13167): my_debug left_back_encoder 31
01-09 11:17:36.419 I/RobotCore(13167): my_debug right_front_encoder 0
01-09 11:17:36.419 I/RobotCore(13167): my_debug left_front_encoder 0
01-09 11:17:36.419 I/RobotCore(13167): my_debug right_back_encoder 29
01-09 11:17:36.419 I/RobotCore(13167): my_debug left_back_encoder 28
01-09 11:17:36.419 I/RobotCore(13167): my_debug right_front_encoder 19
01-09 11:17:36.419 I/RobotCore(13167): my_debug left_front_encoder 28
01-09 11:17:36.419 I/RobotCore(13167): my_debug right_back_encoder 0
01-09 11:17:36.419 I/RobotCore(13167): my_debug left_back_encoder 0
01-09 11:17:36.419 I/RobotCore(13167): my_debug right_front_encoder 8
01-09 11:17:36.419 I/RobotCore(13167): my_debug left_front_encoder 10
01-09 11:17:36.419 I/RobotCore(13167): my_debug right_back_encoder 69
01-09 11:17:36.419 I/RobotCore(13167): my_debug left_back_encoder 62
01-09 11:17:36.419 I/RobotCore(13167): my_debug right_front_encoder 51
01-09 11:17:36.419 I/RobotCore(13167): my_debug left_front_encoder 60
01-09 11:17:36.419 I/RobotCore(13167): my_debug right_back_encoder 29
01-09 11:17:36.419 I/RobotCore(13167): my_debug left_back_encoder 24
01-09 11:17:36.419 I/RobotCore(13167): my_debug right_front_encoder 23
01-09 11:17:36.419 I/RobotCore(13167): my_debug left_front_encoder 25
01-09 11:17:36.419 I/RobotCore(13167): my_debug right_back_encoder 20
01-09 11:17:36.419 I/RobotCore(13167): my_debug left_back_encoder 17
01-09 11:17:36.419 I/RobotCore(13167): my_debug right_front_encoder 23
01-09 11:17:36.419 I/RobotCore(13167): my_debug left_front_encoder 25
01-09 11:17:36.429 I/RobotCore(13167): my_debug right_back_encoder 8
01-09 11:17:36.429 I/RobotCore(13167): my_debug left_back_encoder 8
01-09 11:17:36.429 I/RobotCore(13167): my_debug right_front_encoder 15
01-09 11:17:36.429 I/RobotCore(13167): my_debug left_front_encoder 17
01-09 11:17:36.429 I/RobotCore(13167): my_debug right_back_encoder 34
01-09 11:17:36.429 I/RobotCore(13167): my_debug left_back_encoder 33
01-09 11:17:36.429 I/RobotCore(13167): my_debug right_front_encoder 41
01-09 11:17:36.429 I/RobotCore(13167): my_debug left_front_encoder 47
01-09 11:17:36.429 I/RobotCore(13167): my_debug right_back_encoder 9
01-09 11:17:36.429 I/RobotCore(13167): my_debug left_back_encoder 10
01-09 11:17:36.429 I/RobotCore(13167): my_debug right_front_encoder 11
01-09 11:17:36.429 I/RobotCore(13167): my_debug left_front_encoder 13
01-09 11:17:36.429 I/RobotCore(13167): my_debug right_back_encoder 16
01-09 11:17:36.429 I/RobotCore(13167): my_debug left_back_encoder 18
01-09 11:17:36.429 I/RobotCore(13167): my_debug right_front_encoder 22
01-09 11:17:36.429 I/RobotCore(13167): my_debug left_front_encoder 25
01-09 11:17:36.429 I/RobotCore(13167): my_debug right_back_encoder 34
01-09 11:17:36.429 I/RobotCore(13167): my_debug left_back_encoder 33
01-09 11:17:36.429 I/RobotCore(13167): my_debug right_front_encoder 42
01-09 11:17:36.429 I/RobotCore(13167): my_debug left_front_encoder 49
01-09 11:17:36.429 I/RobotCore(13167): my_debug right_back_encoder 11
01-09 11:17:36.429 I/RobotCore(13167): my_debug left_back_encoder 11
01-09 11:17:36.429 I/RobotCore(13167): my_debug right_front_encoder 31
01-09 11:17:36.429 I/RobotCore(13167): my_debug left_front_encoder 37
01-09 11:17:36.429 I/RobotCore(13167): my_debug right_back_encoder 33
01-09 11:17:36.429 I/RobotCore(13167): my_debug left_back_encoder 33
01-09 11:17:36.429 I/RobotCore(13167): my_debug right_front_encoder 19
01-09 11:17:36.429 I/RobotCore(13167): my_debug left_front_encoder 19
01-09 11:17:36.429 I/RobotCore(13167): my_debug right_back_encoder 9
01-09 11:17:36.429 I/RobotCore(13167): my_debug left_back_encoder 9
01-09 11:17:36.429 I/RobotCore(13167): my_debug right_front_encoder 16
01-09 11:17:36.429 I/RobotCore(13167): my_debug left_front_encoder 17
01-09 11:17:36.429 I/RobotCore(13167): my_debug right_back_encoder 18
01-09 11:17:36.429 I/RobotCore(13167): my_debug left_back_encoder 19
01-09 11:17:36.429 I/RobotCore(13167): my_debug right_front_encoder 40
01-09 11:17:36.429 I/RobotCore(13167): my_debug left_front_encoder 42
01-09 11:17:36.429 I/RobotCore(13167): my_debug right_back_encoder 21
01-09 11:17:36.429 I/RobotCore(13167): my_debug left_back_encoder 20
01-09 11:17:36.429 I/RobotCore(13167): my_debug right_front_encoder 0
01-09 11:17:36.429 I/RobotCore(13167): my_debug left_front_encoder 0
01-09 11:17:36.429 I/RobotCore(13167): my_debug right_back_encoder 24
01-09 11:17:36.429 I/RobotCore(13167): my_debug left_back_encoder 24
01-09 11:17:36.429 I/RobotCore(13167): my_debug right_front_encoder 26
01-09 11:17:36.429 I/RobotCore(13167): my_debug left_front_encoder 27
01-09 11:17:36.429 I/RobotCore(13167): my_debug right_back_encoder 40
01-09 11:17:36.429 I/RobotCore(13167): my_debug left_back_encoder 40
01-09 11:17:36.429 I/RobotCore(13167): my_debug right_front_encoder 48
01-09 11:17:36.429 I/RobotCore(13167): my_debug left_front_encoder 49
01-09 11:17:36.429 I/RobotCore(13167): my_debug right_back_encoder 23
01-09 11:17:36.429 I/RobotCore(13167): my_debug left_back_encoder 24
01-09 11:17:36.429 I/RobotCore(13167): my_debug right_front_encoder 27
01-09 11:17:36.429 I/RobotCore(13167): my_debug left_front_encoder 28
01-09 11:17:36.429 I/RobotCore(13167): my_debug right_back_encoder 24
01-09 11:17:36.429 I/RobotCore(13167): my_debug left_back_encoder 24
01-09 11:17:36.429 I/RobotCore(13167): my_debug right_front_encoder 14
01-09 11:17:36.429 I/RobotCore(13167): my_debug left_front_encoder 14
01-09 11:17:36.429 I/RobotCore(13167): my_debug right_back_encoder 13
01-09 11:17:36.429 I/RobotCore(13167): my_debug left_back_encoder 13
01-09 11:17:36.429 I/RobotCore(13167): my_debug right_front_encoder 35
01-09 11:17:36.429 I/RobotCore(13167): my_debug left_front_encoder 37
01-09 11:17:36.429 I/RobotCore(13167): my_debug right_back_encoder 35
01-09 11:17:36.429 I/RobotCore(13167): my_debug left_back_encoder 35
01-09 11:17:36.429 I/RobotCore(13167): my_debug right_front_encoder 11
01-09 11:17:36.429 I/RobotCore(13167): my_debug left_front_encoder 12
01-09 11:17:36.429 I/RobotCore(13167): my_debug right_back_encoder 11
01-09 11:17:36.429 I/RobotCore(13167): my_debug left_back_encoder 11
01-09 11:17:36.429 I/RobotCore(13167): my_debug right_front_encoder 39
01-09 11:17:36.429 I/RobotCore(13167): my_debug left_front_encoder 40
01-09 11:17:36.429 I/RobotCore(13167): my_debug right_back_encoder 36
01-09 11:17:36.429 I/RobotCore(13167): my_debug left_back_encoder 37
01-09 11:17:36.429 I/RobotCore(13167): my_debug right_front_encoder 11
01-09 11:17:36.429 I/RobotCore(13167): my_debug left_front_encoder 12
01-09 11:17:36.429 I/RobotCore(13167): my_debug right_back_encoder 13
01-09 11:17:36.429 I/RobotCore(13167): my_debug left_back_encoder 13
01-09 11:17:36.429 I/RobotCore(13167): my_debug right_front_encoder 38
01-09 11:17:36.429 I/RobotCore(13167): my_debug left_front_encoder 41
01-09 11:17:36.429 I/RobotCore(13167): my_debug right_back_encoder 36
01-09 11:17:36.429 I/RobotCore(13167): my_debug left_back_encoder 36
01-09 11:17:36.429 I/RobotCore(13167): my_debug right_front_encoder 15
01-09 11:17:36.429 I/RobotCore(13167): my_debug left_front_encoder 16
01-09 11:17:36.429 I/RobotCore(13167): my_debug right_back_encoder 26
01-09 11:17:36.429 I/RobotCore(13167): my_debug left_back_encoder 25
01-09 11:17:36.429 I/RobotCore(13167): my_debug right_front_encoder 40
01-09 11:17:36.429 I/RobotCore(13167): my_debug left_front_encoder 41
01-09 11:17:36.429 I/RobotCore(13167): my_debug right_back_encoder 28
01-09 11:17:36.429 I/RobotCore(13167): my_debug left_back_encoder 29
01-09 11:17:36.429 I/RobotCore(13167): my_debug right_front_encoder 16
01-09 11:17:36.429 I/RobotCore(13167): my_debug left_front_encoder 16
01-09 11:17:36.429 I/RobotCore(13167): my_debug right_back_encoder 47
01-09 11:17:36.429 I/RobotCore(13167): my_debug left_back_encoder 45
01-09 11:17:36.429 I/RobotCore(13167): my_debug right_front_encoder 35
01-09 11:17:36.429 I/RobotCore(13167): my_debug left_front_encoder 38
01-09 11:17:36.429 I/RobotCore(13167): my_debug right_back_encoder 33
01-09 11:17:36.429 I/RobotCore(13167): my_debug left_back_encoder 32
01-09 11:17:36.429 I/RobotCore(13167): my_debug right_front_encoder 45
01-09 11:17:36.429 I/RobotCore(13167): my_debug left_front_encoder 47
01-09 11:17:36.429 I/RobotCore(13167): my_debug right_back_encoder 0
01-09 11:17:36.429 I/RobotCore(13167): my_debug left_back_encoder 0
01-09 11:17:36.429 I/RobotCore(13167): my_debug right_front_encoder 11
01-09 11:17:36.429 I/RobotCore(13167): my_debug left_front_encoder 12
01-09 11:17:36.429 I/RobotCore(13167): my_debug right_back_encoder 48
01-09 11:17:36.429 I/RobotCore(13167): my_debug left_back_encoder 47
01-09 11:17:36.429 I/RobotCore(13167): my_debug right_front_encoder 25
01-09 11:17:36.429 I/RobotCore(13167): my_debug left_front_encoder 27
01-09 11:17:36.429 I/RobotCore(13167): my_debug right_back_encoder 30
01-09 11:17:36.429 I/RobotCore(13167): my_debug left_back_encoder 30
01-09 11:17:36.429 I/RobotCore(13167): my_debug right_front_encoder 53
01-09 11:17:36.429 I/RobotCore(13167): my_debug left_front_encoder 58
01-09 11:17:36.429 I/RobotCore(13167): my_debug right_back_encoder 13
01-09 11:17:36.429 I/RobotCore(13167): my_debug left_back_encoder 12
01-09 11:17:36.429 I/RobotCore(13167): my_debug right_front_encoder 28
01-09 11:17:36.429 I/RobotCore(13167): my_debug left_front_encoder 31
01-09 11:17:36.429 I/RobotCore(13167): my_debug right_back_encoder 41
01-09 11:17:36.429 I/RobotCore(13167): my_debug left_back_encoder 39
01-09 11:17:36.429 I/RobotCore(13167): my_debug right_front_encoder 0
01-09 11:17:36.429 I/RobotCore(13167): my_debug left_front_encoder 0
01-09 11:17:36.429 I/RobotCore(13167): my_debug right_back_encoder 0
01-09 11:17:36.429 I/RobotCore(13167): my_debug left_back_encoder 0
01-09 11:17:36.429 I/RobotCore(13167): my_debug right_front_encoder 32
01-09 11:17:36.429 I/RobotCore(13167): my_debug left_front_encoder 36
01-09 11:17:36.429 I/RobotCore(13167): my_debug right_back_encoder 45
01-09 11:17:36.429 I/RobotCore(13167): my_debug left_back_encoder 44
01-09 11:17:36.429 I/RobotCore(13167): my_debug right_front_encoder 9
01-09 11:17:36.429 I/RobotCore(13167): my_debug left_front_encoder 14
01-09 11:17:36.429 I/RobotCore(13167): my_debug right_back_encoder 0
01-09 11:17:36.429 I/RobotCore(13167): my_debug left_back_encoder 0
01-09 11:17:36.429 I/RobotCore(13167): my_debug right_front_encoder 23
01-09 11:17:36.449 I/RobotCore(13167): my_debug left_front_encoder 33
01-09 11:17:36.449 I/RobotCore(13167): my_debug right_back_encoder 43
01-09 11:17:36.449 I/RobotCore(13167): my_debug left_back_encoder 46
01-09 11:17:36.449 I/RobotCore(13167): my_debug right_front_encoder 21
01-09 11:17:36.449 I/RobotCore(13167): my_debug left_front_encoder 25
01-09 11:17:36.449 I/RobotCore(13167): my_debug right_back_encoder 14
01-09 11:17:36.449 I/RobotCore(13167): my_debug left_back_encoder 16
01-09 11:17:36.449 I/RobotCore(13167): my_debug right_front_encoder 30
01-09 11:17:36.449 I/RobotCore(13167): my_debug left_front_encoder 44
01-09 11:17:36.449 I/RobotCore(13167): my_debug right_back_encoder 14
01-09 11:17:36.449 I/RobotCore(13167): my_debug left_back_encoder 16
01-09 11:17:36.449 I/RobotCore(13167): my_debug right_front_encoder 9
01-09 11:17:36.449 I/RobotCore(13167): my_debug left_front_encoder 11
01-09 11:17:36.449 I/RobotCore(13167): my_debug right_back_encoder 12
01-09 11:17:36.449 I/RobotCore(13167): my_debug left_back_encoder 14
01-09 11:17:36.449 I/RobotCore(13167): my_debug right_front_encoder 22
01-09 11:17:36.449 I/RobotCore(13167): my_debug left_front_encoder 33
01-09 11:17:36.449 I/RobotCore(13167): my_debug right_back_encoder 17
01-09 11:17:36.449 I/RobotCore(13167): my_debug left_back_encoder 19
01-09 11:17:36.449 I/RobotCore(13167): my_debug right_front_encoder 11
01-09 11:17:36.449 I/RobotCore(13167): my_debug left_front_encoder 13
01-09 11:17:36.449 I/RobotCore(13167): my_debug right_back_encoder 7
01-09 11:17:36.449 I/RobotCore(13167): my_debug left_back_encoder 8
01-09 11:17:36.449 I/RobotCore(13167): my_debug right_front_encoder 24
01-09 11:17:36.449 I/RobotCore(13167): my_debug left_front_encoder 36
01-09 11:17:36.449 I/RobotCore(13167): my_debug right_back_encoder 30
01-09 11:17:36.449 I/RobotCore(13167): my_debug left_back_encoder 29
01-09 11:17:36.449 I/RobotCore(13167): my_debug right_front_encoder 0
01-09 11:17:36.449 I/RobotCore(13167): my_debug left_front_encoder 0
01-09 11:17:36.449 I/RobotCore(13167): my_debug right_back_encoder 12
01-09 11:17:36.449 I/RobotCore(13167): my_debug left_back_encoder 14
01-09 11:17:36.449 I/RobotCore(13167): my_debug right_front_encoder 32
01-09 11:17:36.449 I/RobotCore(13167): my_debug left_front_encoder 49
01-09 11:17:36.459 I/RobotCore(13167): my_debug right_back_encoder 7
01-09 11:17:36.459 I/RobotCore(13167): my_debug left_back_encoder 7
01-09 11:17:36.459 I/RobotCore(13167): my_debug right_front_encoder 7
01-09 11:17:36.459 I/RobotCore(13167): my_debug left_front_encoder 8
01-09 11:17:36.459 I/RobotCore(13167): my_debug right_back_encoder 10
01-09 11:17:36.459 I/RobotCore(13167): my_debug left_back_encoder 11
01-09 11:17:36.459 I/RobotCore(13167): my_debug right_front_encoder 13
01-09 11:17:36.459 I/RobotCore(13167): my_debug left_front_encoder 18
01-09 11:17:36.459 I/RobotCore(13167): my_debug right_back_encoder 19
01-09 11:17:36.459 I/RobotCore(13167): my_debug left_back_encoder 19
01-09 11:17:36.459 I/RobotCore(13167): my_debug right_front_encoder 13
01-09 11:17:36.459 I/RobotCore(13167): my_debug left_front_encoder 21
01-09 11:17:36.459 I/RobotCore(13167): my_debug right_back_encoder 9
01-09 11:17:36.459 I/RobotCore(13167): my_debug left_back_encoder 12
01-09 11:17:36.459 I/RobotCore(13167): my_debug right_front_encoder 17
01-09 11:17:36.459 I/RobotCore(13167): my_debug left_front_encoder 19
01-09 11:17:36.459 I/RobotCore(13167): my_debug right_back_encoder 12
01-09 11:17:36.459 I/RobotCore(13167): my_debug left_back_encoder 14
01-09 11:17:36.459 I/RobotCore(13167): my_debug right_front_encoder 21
01-09 11:17:36.459 I/RobotCore(13167): my_debug left_front_encoder 24
01-09 11:17:36.459 I/RobotCore(13167): my_debug right_back_encoder 0
01-09 11:17:36.459 I/RobotCore(13167): my_debug left_back_encoder 0
01-09 11:17:36.459 I/RobotCore(13167): my_debug right_front_encoder 18
01-09 11:17:36.459 I/RobotCore(13167): my_debug left_front_encoder 28
01-09 11:17:36.459 I/RobotCore(13167): my_debug right_back_encoder 18
01-09 11:17:36.459 I/RobotCore(13167): my_debug left_back_encoder 19
01-09 11:17:36.459 I/RobotCore(13167): my_debug right_front_encoder 25
01-09 11:17:36.459 I/RobotCore(13167): my_debug left_front_encoder 37
01-09 11:17:36.459 I/RobotCore(13167): my_debug right_back_encoder 11
01-09 11:17:36.459 I/RobotCore(13167): my_debug left_back_encoder 10
01-09 11:17:36.459 I/RobotCore(13167): my_debug right_front_encoder 5
01-09 11:17:36.459 I/RobotCore(13167): my_debug left_front_encoder 13
01-09 11:17:36.459 I/RobotCore(13167): my_debug right_back_encoder 4
01-09 11:17:36.459 I/RobotCore(13167): my_debug left_back_encoder 4
01-09 11:17:36.459 I/RobotCore(13167): my_debug right_front_encoder 24
01-09 11:17:36.459 I/RobotCore(13167): my_debug left_front_encoder 34
01-09 11:17:36.459 I/RobotCore(13167): my_debug right_back_encoder 21
01-09 11:17:36.459 I/RobotCore(13167): my_debug left_back_encoder 20
01-09 11:17:36.459 I/RobotCore(13167): my_debug right_front_encoder 8
01-09 11:17:36.459 I/RobotCore(13167): my_debug left_front_encoder 13
01-09 11:17:36.459 I/RobotCore(13167): my_debug right_back_encoder 0
01-09 11:17:36.459 I/RobotCore(13167): my_debug left_back_encoder 0
01-09 11:17:36.459 I/RobotCore(13167): my_debug right_front_encoder 16
01-09 11:17:36.459 I/RobotCore(13167): my_debug left_front_encoder 25
01-09 11:17:36.459 I/RobotCore(13167): my_debug right_back_encoder 24
01-09 11:17:36.459 I/RobotCore(13167): my_debug left_back_encoder 21
01-09 11:17:36.459 I/RobotCore(13167): my_debug right_front_encoder 24
01-09 11:17:36.459 I/RobotCore(13167): my_debug left_front_encoder 37
01-09 11:17:36.459 I/RobotCore(13167): my_debug right_back_encoder 6
01-09 11:17:36.459 I/RobotCore(13167): my_debug left_back_encoder 6
01-09 11:17:36.459 I/RobotCore(13167): my_debug right_front_encoder 7
01-09 11:17:36.459 I/RobotCore(13167): my_debug left_front_encoder 10
01-09 11:17:36.459 I/RobotCore(13167): my_debug right_back_encoder 25
01-09 11:17:36.459 I/RobotCore(13167): my_debug left_back_encoder 25
01-09 11:17:36.459 I/RobotCore(13167): my_debug right_front_encoder 27
01-09 11:17:36.459 I/RobotCore(13167): my_debug left_front_encoder 40
01-09 11:17:36.459 I/RobotCore(13167): my_debug right_back_encoder 6
01-09 11:17:36.459 I/RobotCore(13167): my_debug left_back_encoder 6
01-09 11:17:36.459 I/RobotCore(13167): my_debug right_front_encoder 11
01-09 11:17:36.459 I/RobotCore(13167): my_debug left_front_encoder 15
01-09 11:17:36.459 I/RobotCore(13167): my_debug right_back_encoder 15
01-09 11:17:36.459 I/RobotCore(13167): my_debug left_back_encoder 15
01-09 11:17:36.459 I/RobotCore(13167): my_debug right_front_encoder 16
01-09 11:17:36.459 I/RobotCore(13167): my_debug left_front_encoder 26
01-09 11:17:36.459 I/RobotCore(13167): my_debug right_back_encoder 25
01-09 11:17:36.459 I/RobotCore(13167): my_debug left_back_encoder 24
01-09 11:17:36.459 I/RobotCore(13167): my_debug right_front_encoder 27
01-09 11:17:36.459 I/RobotCore(13167): my_debug left_front_encoder 42
01-09 11:17:36.459 I/RobotCore(13167): my_debug right_back_encoder 6
01-09 11:17:36.459 I/RobotCore(13167): my_debug left_back_encoder 6
01-09 11:17:36.459 I/RobotCore(13167): my_debug right_front_encoder 8
01-09 11:17:36.459 I/RobotCore(13167): my_debug left_front_encoder 9
01-09 11:17:36.459 I/RobotCore(13167): my_debug right_back_encoder 13
01-09 11:17:36.459 I/RobotCore(13167): my_debug left_back_encoder 13
01-09 11:17:36.459 I/RobotCore(13167): my_debug right_front_encoder 12
01-09 11:17:36.459 I/RobotCore(13167): my_debug left_front_encoder 21
01-09 11:17:36.459 I/RobotCore(13167): my_debug right_back_encoder 11
01-09 11:17:36.459 I/RobotCore(13167): my_debug left_back_encoder 12
01-09 11:17:36.459 I/RobotCore(13167): my_debug right_front_encoder 12
01-09 11:17:36.459 I/RobotCore(13167): my_debug left_front_encoder 19
01-09 11:17:36.459 I/RobotCore(13167): my_debug right_back_encoder 14
01-09 11:17:36.469 I/RobotCore(13167): my_debug left_back_encoder 15
01-09 11:17:36.469 I/RobotCore(13167): my_debug right_front_encoder 16
01-09 11:17:36.469 I/RobotCore(13167): my_debug left_front_encoder 23
01-09 11:17:36.469 I/RobotCore(13167): my_debug right_back_encoder 17
01-09 11:17:36.469 I/RobotCore(13167): my_debug left_back_encoder 18
01-09 11:17:36.469 I/RobotCore(13167): my_debug right_front_encoder 24
01-09 11:17:36.469 I/RobotCore(13167): my_debug left_front_encoder 37
01-09 11:17:36.469 I/RobotCore(13167): my_debug right_back_encoder 10
01-09 11:17:36.469 I/RobotCore(13167): my_debug left_back_encoder 10
01-09 11:17:36.469 I/RobotCore(13167): my_debug right_front_encoder 8
01-09 11:17:36.469 I/RobotCore(13167): my_debug left_front_encoder 16
01-09 11:17:36.469 I/RobotCore(13167): my_debug right_back_encoder 18
01-09 11:17:36.469 I/RobotCore(13167): my_debug left_back_encoder 19
01-09 11:17:36.469 I/RobotCore(13167): my_debug right_front_encoder 27
01-09 11:17:36.469 I/RobotCore(13167): my_debug left_front_encoder 40
01-09 11:17:36.469 I/RobotCore(13167): my_debug right_back_encoder 10
01-09 11:17:36.469 I/RobotCore(13167): my_debug left_back_encoder 10
01-09 11:17:36.469 I/RobotCore(13167): my_debug right_front_encoder 14
01-09 11:17:36.469 I/RobotCore(13167): my_debug left_front_encoder 19
01-09 11:17:36.469 I/RobotCore(13167): my_debug right_back_encoder 0
01-09 11:17:36.469 I/RobotCore(13167): my_debug left_back_encoder 0
01-09 11:17:36.469 I/RobotCore(13167): my_debug right_front_encoder 0
01-09 11:17:36.469 I/RobotCore(13167): my_debug left_front_encoder 0
01-09 11:17:36.469 I/RobotCore(13167): my_debug right_back_encoder 8
01-09 11:17:36.469 I/RobotCore(13167): my_debug left_back_encoder 9
01-09 11:17:36.469 I/RobotCore(13167): my_debug right_front_encoder 43
01-09 11:17:36.469 I/RobotCore(13167): my_debug left_front_encoder 67
01-09 11:17:36.469 I/RobotCore(13167): my_debug right_back_encoder 36
01-09 11:17:36.469 I/RobotCore(13167): my_debug left_back_encoder 37
01-09 11:17:36.469 I/RobotCore(13167): my_debug right_front_encoder 13
01-09 11:17:36.469 I/RobotCore(13167): my_debug left_front_encoder 17
01-09 11:17:36.469 I/RobotCore(13167): my_debug right_back_encoder 0
01-09 11:17:36.469 I/RobotCore(13167): my_debug left_back_encoder 0
01-09 11:17:36.469 I/RobotCore(13167): my_debug right_front_encoder 13
01-09 11:17:36.469 I/RobotCore(13167): my_debug left_front_encoder 23
01-09 11:17:36.469 I/RobotCore(13167): my_debug right_back_encoder 16
01-09 11:17:36.469 I/RobotCore(13167): my_debug left_back_encoder 16
01-09 11:17:36.469 I/RobotCore(13167): my_debug right_front_encoder 29
01-09 11:17:36.469 I/RobotCore(13167): my_debug left_front_encoder 43
01-09 11:17:36.469 I/RobotCore(13167): my_debug right_back_encoder 12
01-09 11:17:36.469 I/RobotCore(13167): my_debug left_back_encoder 13
01-09 11:17:36.469 I/RobotCore(13167): my_debug right_front_encoder 0
01-09 11:17:36.469 I/RobotCore(13167): my_debug left_front_encoder 0
01-09 11:17:36.469 I/RobotCore(13167): my_debug right_back_encoder 13
01-09 11:17:36.469 I/RobotCore(13167): my_debug left_back_encoder 12
01-09 11:17:36.479 I/RobotCore(13167): my_debug right_front_encoder 18
01-09 11:17:36.479 I/RobotCore(13167): my_debug left_front_encoder 29
01-09 11:17:36.479 I/RobotCore(13167): my_debug right_back_encoder 13
01-09 11:17:36.479 I/RobotCore(13167): my_debug left_back_encoder 13
01-09 11:17:36.479 I/RobotCore(13167): my_debug right_front_encoder 17
01-09 11:17:36.479 I/RobotCore(13167): my_debug left_front_encoder 28
01-09 11:17:36.479 I/RobotCore(13167): my_debug right_back_encoder 12
01-09 11:17:36.479 I/RobotCore(13167): my_debug left_back_encoder 12
01-09 11:17:36.479 I/RobotCore(13167): my_debug right_front_encoder 29
01-09 11:17:36.479 I/RobotCore(13167): my_debug left_front_encoder 44
01-09 11:17:36.479 I/RobotCore(13167): my_debug right_back_encoder 12
01-09 11:17:36.479 I/RobotCore(13167): my_debug left_back_encoder 12
01-09 11:17:36.479 I/RobotCore(13167): my_debug right_front_encoder 0
01-09 11:17:36.479 I/RobotCore(13167): my_debug left_front_encoder 0
01-09 11:17:36.479 I/RobotCore(13167): my_debug right_back_encoder 26
01-09 11:17:36.479 I/RobotCore(13167): my_debug left_back_encoder 24
01-09 11:17:36.479 I/RobotCore(13167): my_debug right_front_encoder 14
01-09 11:17:36.479 I/RobotCore(13167): my_debug left_front_encoder 26
01-09 11:17:36.479 I/RobotCore(13167): my_debug right_back_encoder 11
01-09 11:17:36.479 I/RobotCore(13167): my_debug left_back_encoder 12
01-09 11:17:36.479 I/RobotCore(13167): my_debug right_front_encoder 29
01-09 11:17:36.479 I/RobotCore(13167): my_debug left_front_encoder 45
01-09 11:17:36.479 I/RobotCore(13167): my_debug right_back_encoder 13
01-09 11:17:36.479 I/RobotCore(13167): my_debug left_back_encoder 12
01-09 11:17:36.479 I/RobotCore(13167): my_debug right_front_encoder 0
01-09 11:17:36.479 I/RobotCore(13167): my_debug left_front_encoder 0
01-09 11:17:36.479 I/RobotCore(13167): my_debug right_back_encoder 13
01-09 11:17:36.479 I/RobotCore(13167): my_debug left_back_encoder 12
01-09 11:17:36.479 I/RobotCore(13167): my_debug right_front_encoder 31
01-09 11:17:36.479 I/RobotCore(13167): my_debug left_front_encoder 47
01-09 11:17:36.479 I/RobotCore(13167): my_debug right_back_encoder 12
01-09 11:17:36.479 I/RobotCore(13167): my_debug left_back_encoder 12
01-09 11:17:36.479 I/RobotCore(13167): my_debug right_front_encoder 12
01-09 11:17:36.479 I/RobotCore(13167): my_debug left_front_encoder 21
01-09 11:17:36.479 I/RobotCore(13167): my_debug right_back_encoder 13
01-09 11:17:36.479 I/RobotCore(13167): my_debug left_back_encoder 12
01-09 11:17:36.479 I/RobotCore(13167): my_debug right_front_encoder 17
01-09 11:17:36.479 I/RobotCore(13167): my_debug left_front_encoder 23
01-09 11:17:36.479 I/RobotCore(13167): my_debug right_back_encoder 7
01-09 11:17:36.479 I/RobotCore(13167): my_debug left_back_encoder 6
01-09 11:17:36.479 I/RobotCore(13167): my_debug right_front_encoder 12
01-09 11:17:36.479 I/RobotCore(13167): my_debug left_front_encoder 21
01-09 11:17:36.479 I/RobotCore(13167): my_debug right_back_encoder 18
01-09 11:17:36.479 I/RobotCore(13167): my_debug left_back_encoder 17
01-09 11:17:36.479 I/RobotCore(13167): my_debug right_front_encoder 0
01-09 11:17:36.479 I/RobotCore(13167): my_debug left_front_encoder 0
01-09 11:17:36.479 I/RobotCore(13167): my_debug right_back_encoder 15
01-09 11:17:36.479 I/RobotCore(13167): my_debug left_back_encoder 14
01-09 11:17:36.479 I/RobotCore(13167): my_debug right_front_encoder 31
01-09 11:17:36.479 I/RobotCore(13167): my_debug left_front_encoder 44
01-09 11:17:36.479 I/RobotCore(13167): my_debug right_back_encoder 10
01-09 11:17:36.479 I/RobotCore(13167): my_debug left_back_encoder 10
01-09 11:17:36.479 I/RobotCore(13167): my_debug right_front_encoder 13
01-09 11:17:36.479 I/RobotCore(13167): my_debug left_front_encoder 22
01-09 11:17:36.479 I/RobotCore(13167): my_debug right_back_encoder 8
01-09 11:17:36.479 I/RobotCore(13167): my_debug left_back_encoder 8
01-09 11:17:36.479 I/RobotCore(13167): my_debug right_front_encoder 12
01-09 11:17:36.479 I/RobotCore(13167): my_debug left_front_encoder 16
01-09 11:17:36.479 I/RobotCore(13167): my_debug right_back_encoder 11
01-09 11:17:36.479 I/RobotCore(13167): my_debug left_back_encoder 10
01-09 11:17:36.479 I/RobotCore(13167): my_debug right_front_encoder 10
01-09 11:17:36.489 I/RobotCore(13167): my_debug left_front_encoder 19
01-09 11:17:36.489 W/RobotCore(13167): my_debug minDiff 0
01-09 11:17:36.489 W/RobotCore(13167): my_debug avgDiff 18
01-09 11:17:36.489 W/RobotCore(13167): my_debug batteryVoltage 11.645747800586511
01-09 11:17:36.889 D/dalvikvm(13167): GC_FOR_ALLOC freed 2047K, 44% free 6265K/11144K, paused 18ms, total 18ms
01-09 11:17:37.649 D/dalvikvm(13167): GC_FOR_ALLOC freed 2047K, 44% free 6266K/11144K, paused 17ms, total 17ms
01-09 11:17:37.879 I/FIRST   (13167): Processing Command: CMD_INIT_OP_MODE Stop Robot
01-09 11:17:37.879 I/RobotCore(13167): Attempting to switch to op mode Stop Robot
01-09 11:17:37.889 V/RobotCore(13167): Sending command: CMD_INIT_OP_MODE_RESP, attempt 0
01-09 11:17:37.919 I/FIRST   (13167): Processing Command: CMD_RUN_OP_MODE Stop Robot
01-09 11:17:37.989 V/RobotCore(13167): Sending command: CMD_RUN_OP_MODE_RESP, attempt 0
01-09 11:17:38.369 D/dalvikvm(13167): GC_FOR_ALLOC freed 2045K, 44% free 6268K/11144K, paused 18ms, total 18ms
01-09 11:17:39.069 D/dalvikvm(13167): GC_FOR_ALLOC freed 2050K, 44% free 6266K/11144K, paused 16ms, total 16ms
01-09 11:17:39.709 D/dalvikvm(13167): GC_FOR_ALLOC freed 2047K, 44% free 6266K/11144K, paused 16ms, total 16ms
01-09 11:17:40.349 D/dalvikvm(13167): GC_FOR_ALLOC freed 2047K, 44% free 6266K/11144K, paused 16ms, total 16ms
01-09 11:17:41.099 D/dalvikvm(13167): GC_FOR_ALLOC freed 2047K, 44% free 6266K/11144K, paused 25ms, total 25ms
01-09 11:17:41.809 D/dalvikvm(13167): GC_FOR_ALLOC freed 2047K, 44% free 6266K/11144K, paused 18ms, total 18ms
01-09 11:17:42.529 D/dalvikvm(13167): GC_FOR_ALLOC freed 2047K, 44% free 6266K/11144K, paused 18ms, total 18ms
01-09 11:17:43.219 D/dalvikvm(13167): GC_FOR_ALLOC freed 2048K, 44% free 6266K/11144K, paused 17ms, total 17ms
01-09 11:17:43.909 D/dalvikvm(13167): GC_FOR_ALLOC freed 2048K, 44% free 6266K/11144K, paused 16ms, total 16ms
01-09 11:17:44.639 D/dalvikvm(13167): GC_FOR_ALLOC freed 2047K, 44% free 6266K/11144K, paused 15ms, total 15ms
01-09 11:17:45.329 D/dalvikvm(13167): GC_FOR_ALLOC freed 2048K, 44% free 6266K/11144K, paused 16ms, total 16ms
01-09 11:17:46.009 D/dalvikvm(13167): GC_FOR_ALLOC freed 2047K, 44% free 6266K/11144K, paused 19ms, total 19ms
01-09 11:17:46.709 D/dalvikvm(13167): GC_FOR_ALLOC freed 2047K, 44% free 6266K/11144K, paused 16ms, total 16ms
01-09 11:17:47.429 D/dalvikvm(13167): GC_FOR_ALLOC freed 2048K, 44% free 6266K/11144K, paused 17ms, total 17ms
01-09 11:17:48.179 D/dalvikvm(13167): GC_FOR_ALLOC freed 2047K, 44% free 6266K/11144K, paused 17ms, total 17ms
01-09 11:17:48.239 I/FIRST   (13167): Processing Command: CMD_INIT_OP_MODE ____TestingAuto
01-09 11:17:48.239 I/RobotCore(13167): Attempting to switch to op mode ____TestingAuto
01-09 11:17:48.249 V/RobotCore(13167): Sending command: CMD_INIT_OP_MODE_RESP, attempt 0
01-09 11:17:48.639 D/dalvikvm(13167): GC_FOR_ALLOC freed 2047K, 44% free 6266K/11144K, paused 16ms, total 16ms
01-09 11:17:49.369 D/dalvikvm(13167): GC_FOR_ALLOC freed 2049K, 44% free 6265K/11144K, paused 15ms, total 15ms
01-09 11:17:50.019 D/dalvikvm(13167): GC_FOR_ALLOC freed 2047K, 44% free 6265K/11144K, paused 18ms, total 18ms
01-09 11:17:50.749 D/dalvikvm(13167): GC_FOR_ALLOC freed 2048K, 44% free 6265K/11144K, paused 18ms, total 18ms
01-09 11:17:51.489 D/dalvikvm(13167): GC_FOR_ALLOC freed 2048K, 44% free 6265K/11144K, paused 16ms, total 16ms
01-09 11:17:52.179 D/dalvikvm(13167): GC_FOR_ALLOC freed 2047K, 44% free 6265K/11144K, paused 19ms, total 19ms
01-09 11:17:52.889 D/dalvikvm(13167): GC_FOR_ALLOC freed 2048K, 44% free 6265K/11144K, paused 16ms, total 16ms
01-09 11:17:52.889 I/FIRST   (13167): Processing Command: CMD_RUN_OP_MODE ____TestingAuto
01-09 11:17:52.989 V/RobotCore(13167): Sending command: CMD_RUN_OP_MODE_RESP, attempt 0
01-09 11:17:53.679 D/dalvikvm(13167): GC_FOR_ALLOC freed 2047K, 44% free 6266K/11144K, paused 15ms, total 15ms
01-09 11:17:54.179 W/RobotCore(13167): my_debug BEGIN INTO_WALL
01-09 11:17:54.179 I/RobotCore(13167): my_debug right_back_encoder 0
01-09 11:17:54.179 I/RobotCore(13167): my_debug left_back_encoder 0
01-09 11:17:54.179 I/RobotCore(13167): my_debug right_front_encoder 0
01-09 11:17:54.179 I/RobotCore(13167): my_debug left_front_encoder 0
01-09 11:17:54.179 I/RobotCore(13167): my_debug right_back_encoder 0
01-09 11:17:54.179 I/RobotCore(13167): my_debug left_back_encoder 0
01-09 11:17:54.179 I/RobotCore(13167): my_debug right_front_encoder 0
01-09 11:17:54.179 I/RobotCore(13167): my_debug left_front_encoder 0
01-09 11:17:54.179 I/RobotCore(13167): my_debug right_back_encoder 0
01-09 11:17:54.179 I/RobotCore(13167): my_debug left_back_encoder 0
01-09 11:17:54.179 I/RobotCore(13167): my_debug right_front_encoder 0
01-09 11:17:54.179 I/RobotCore(13167): my_debug left_front_encoder 0
01-09 11:17:54.179 I/RobotCore(13167): my_debug right_back_encoder 0
01-09 11:17:54.179 I/RobotCore(13167): my_debug left_back_encoder 0
01-09 11:17:54.179 I/RobotCore(13167): my_debug right_front_encoder 0
01-09 11:17:54.179 I/RobotCore(13167): my_debug left_front_encoder 0
01-09 11:17:54.179 I/RobotCore(13167): my_debug right_back_encoder 0
01-09 11:17:54.179 I/RobotCore(13167): my_debug left_back_encoder 0
01-09 11:17:54.179 I/RobotCore(13167): my_debug right_front_encoder 0
01-09 11:17:54.179 I/RobotCore(13167): my_debug left_front_encoder 0
01-09 11:17:54.179 I/RobotCore(13167): my_debug right_back_encoder 12
01-09 11:17:54.179 I/RobotCore(13167): my_debug left_back_encoder 11
01-09 11:17:54.179 I/RobotCore(13167): my_debug right_front_encoder 5
01-09 11:17:54.179 I/RobotCore(13167): my_debug left_front_encoder 5
01-09 11:17:54.179 I/RobotCore(13167): my_debug right_back_encoder 12
01-09 11:17:54.179 I/RobotCore(13167): my_debug left_back_encoder 12
01-09 11:17:54.179 I/RobotCore(13167): my_debug right_front_encoder 9
01-09 11:17:54.179 I/RobotCore(13167): my_debug left_front_encoder 9
01-09 11:17:54.179 I/RobotCore(13167): my_debug right_back_encoder 18
01-09 11:17:54.179 I/RobotCore(13167): my_debug left_back_encoder 16
01-09 11:17:54.179 I/RobotCore(13167): my_debug right_front_encoder 7
01-09 11:17:54.179 I/RobotCore(13167): my_debug left_front_encoder 6
01-09 11:17:54.179 I/RobotCore(13167): my_debug right_back_encoder 7
01-09 11:17:54.179 I/RobotCore(13167): my_debug left_back_encoder 6
01-09 11:17:54.179 I/RobotCore(13167): my_debug right_front_encoder 20
01-09 11:17:54.179 I/RobotCore(13167): my_debug left_front_encoder 21
01-09 11:17:54.179 I/RobotCore(13167): my_debug right_back_encoder 30
01-09 11:17:54.179 I/RobotCore(13167): my_debug left_back_encoder 28
01-09 11:17:54.179 I/RobotCore(13167): my_debug right_front_encoder 7
01-09 11:17:54.179 I/RobotCore(13167): my_debug left_front_encoder 7
01-09 11:17:54.179 I/RobotCore(13167): my_debug right_back_encoder 0
01-09 11:17:54.179 I/RobotCore(13167): my_debug left_back_encoder 0
01-09 11:17:54.179 I/RobotCore(13167): my_debug right_front_encoder 17
01-09 11:17:54.179 I/RobotCore(13167): my_debug left_front_encoder 21
01-09 11:17:54.179 I/RobotCore(13167): my_debug right_back_encoder 19
01-09 11:17:54.179 I/RobotCore(13167): my_debug left_back_encoder 21
01-09 11:17:54.179 I/RobotCore(13167): my_debug right_front_encoder 15
01-09 11:17:54.179 I/RobotCore(13167): my_debug left_front_encoder 16
01-09 11:17:54.179 I/RobotCore(13167): my_debug right_back_encoder 19
01-09 11:17:54.179 I/RobotCore(13167): my_debug left_back_encoder 21
01-09 11:17:54.179 I/RobotCore(13167): my_debug right_front_encoder 14
01-09 11:17:54.179 I/RobotCore(13167): my_debug left_front_encoder 18
01-09 11:17:54.179 I/RobotCore(13167): my_debug right_back_encoder 9
01-09 11:17:54.179 I/RobotCore(13167): my_debug left_back_encoder 10
01-09 11:17:54.179 I/RobotCore(13167): my_debug right_front_encoder 31
01-09 11:17:54.179 I/RobotCore(13167): my_debug left_front_encoder 39
01-09 11:17:54.179 I/RobotCore(13167): my_debug right_back_encoder 20
01-09 11:17:54.179 I/RobotCore(13167): my_debug left_back_encoder 21
01-09 11:17:54.179 I/RobotCore(13167): my_debug right_front_encoder 0
01-09 11:17:54.179 I/RobotCore(13167): my_debug left_front_encoder 0
01-09 11:17:54.179 I/RobotCore(13167): my_debug right_back_encoder 31
01-09 11:17:54.179 I/RobotCore(13167): my_debug left_back_encoder 30
01-09 11:17:54.179 I/RobotCore(13167): my_debug right_front_encoder 37
01-09 11:17:54.179 I/RobotCore(13167): my_debug left_front_encoder 44
01-09 11:17:54.179 I/RobotCore(13167): my_debug right_back_encoder 26
01-09 11:17:54.179 I/RobotCore(13167): my_debug left_back_encoder 25
01-09 11:17:54.179 I/RobotCore(13167): my_debug right_front_encoder 10
01-09 11:17:54.179 I/RobotCore(13167): my_debug left_front_encoder 11
01-09 11:17:54.179 I/RobotCore(13167): my_debug right_back_encoder 0
01-09 11:17:54.179 I/RobotCore(13167): my_debug left_back_encoder 0
01-09 11:17:54.179 I/RobotCore(13167): my_debug right_front_encoder 27
01-09 11:17:54.179 I/RobotCore(13167): my_debug left_front_encoder 31
01-09 11:17:54.179 I/RobotCore(13167): my_debug right_back_encoder 26
01-09 11:17:54.179 I/RobotCore(13167): my_debug left_back_encoder 26
01-09 11:17:54.179 I/RobotCore(13167): my_debug right_front_encoder 20
01-09 11:17:54.179 I/RobotCore(13167): my_debug left_front_encoder 23
01-09 11:17:54.179 I/RobotCore(13167): my_debug right_back_encoder 19
01-09 11:17:54.179 I/RobotCore(13167): my_debug left_back_encoder 19
01-09 11:17:54.179 I/RobotCore(13167): my_debug right_front_encoder 24
01-09 11:17:54.179 I/RobotCore(13167): my_debug left_front_encoder 27
01-09 11:17:54.179 I/RobotCore(13167): my_debug right_back_encoder 42
01-09 11:17:54.179 I/RobotCore(13167): my_debug left_back_encoder 42
01-09 11:17:54.179 I/RobotCore(13167): my_debug right_front_encoder 40
01-09 11:17:54.179 I/RobotCore(13167): my_debug left_front_encoder 44
01-09 11:17:54.179 I/RobotCore(13167): my_debug right_back_encoder 16
01-09 11:17:54.179 I/RobotCore(13167): my_debug left_back_encoder 15
01-09 11:17:54.179 I/RobotCore(13167): my_debug right_front_encoder 22
01-09 11:17:54.179 I/RobotCore(13167): my_debug left_front_encoder 25
01-09 11:17:54.179 I/RobotCore(13167): my_debug right_back_encoder 32
01-09 11:17:54.179 I/RobotCore(13167): my_debug left_back_encoder 32
01-09 11:17:54.179 I/RobotCore(13167): my_debug right_front_encoder 33
01-09 11:17:54.179 I/RobotCore(13167): my_debug left_front_encoder 38
01-09 11:17:54.179 I/RobotCore(13167): my_debug right_back_encoder 22
01-09 11:17:54.179 I/RobotCore(13167): my_debug left_back_encoder 22
01-09 11:17:54.179 I/RobotCore(13167): my_debug right_front_encoder 23
01-09 11:17:54.179 I/RobotCore(13167): my_debug left_front_encoder 25
01-09 11:17:54.179 I/RobotCore(13167): my_debug right_back_encoder 10
01-09 11:17:54.179 I/RobotCore(13167): my_debug left_back_encoder 10
01-09 11:17:54.179 I/RobotCore(13167): my_debug right_front_encoder 13
01-09 11:17:54.179 I/RobotCore(13167): my_debug left_front_encoder 14
01-09 11:17:54.179 I/RobotCore(13167): my_debug right_back_encoder 41
01-09 11:17:54.179 I/RobotCore(13167): my_debug left_back_encoder 40
01-09 11:17:54.179 I/RobotCore(13167): my_debug right_front_encoder 43
01-09 11:17:54.179 I/RobotCore(13167): my_debug left_front_encoder 45
01-09 11:17:54.179 I/RobotCore(13167): my_debug right_back_encoder 11
01-09 11:17:54.179 I/RobotCore(13167): my_debug left_back_encoder 10
01-09 11:17:54.179 I/RobotCore(13167): my_debug right_front_encoder 11
01-09 11:17:54.179 I/RobotCore(13167): my_debug left_front_encoder 12
01-09 11:17:54.179 I/RobotCore(13167): my_debug right_back_encoder 39
01-09 11:17:54.179 I/RobotCore(13167): my_debug left_back_encoder 40
01-09 11:17:54.179 I/RobotCore(13167): my_debug right_front_encoder 40
01-09 11:17:54.179 I/RobotCore(13167): my_debug left_front_encoder 44
01-09 11:17:54.179 I/RobotCore(13167): my_debug right_back_encoder 28
01-09 11:17:54.179 I/RobotCore(13167): my_debug left_back_encoder 27
01-09 11:17:54.179 I/RobotCore(13167): my_debug right_front_encoder 29
01-09 11:17:54.179 I/RobotCore(13167): my_debug left_front_encoder 30
01-09 11:17:54.179 I/RobotCore(13167): my_debug right_back_encoder 11
01-09 11:17:54.179 I/RobotCore(13167): my_debug left_back_encoder 12
01-09 11:17:54.179 I/RobotCore(13167): my_debug right_front_encoder 12
01-09 11:17:54.179 I/RobotCore(13167): my_debug left_front_encoder 12
01-09 11:17:54.179 I/RobotCore(13167): my_debug right_back_encoder 32
01-09 11:17:54.179 I/RobotCore(13167): my_debug left_back_encoder 32
01-09 11:17:54.179 I/RobotCore(13167): my_debug right_front_encoder 36
01-09 11:17:54.179 I/RobotCore(13167): my_debug left_front_encoder 40
01-09 11:17:54.179 I/RobotCore(13167): my_debug right_back_encoder 17
01-09 11:17:54.179 I/RobotCore(13167): my_debug left_back_encoder 16
01-09 11:17:54.179 I/RobotCore(13167): my_debug right_front_encoder 13
01-09 11:17:54.179 I/RobotCore(13167): my_debug left_front_encoder 12
01-09 11:17:54.179 I/RobotCore(13167): my_debug right_back_encoder 29
01-09 11:17:54.179 I/RobotCore(13167): my_debug left_back_encoder 29
01-09 11:17:54.179 I/RobotCore(13167): my_debug right_front_encoder 52
01-09 11:17:54.189 I/RobotCore(13167): my_debug left_front_encoder 53
01-09 11:17:54.189 I/RobotCore(13167): my_debug right_back_encoder 50
01-09 11:17:54.189 I/RobotCore(13167): my_debug left_back_encoder 49
01-09 11:17:54.189 I/RobotCore(13167): my_debug right_front_encoder 29
01-09 11:17:54.189 I/RobotCore(13167): my_debug left_front_encoder 29
01-09 11:17:54.189 I/RobotCore(13167): my_debug right_back_encoder 0
01-09 11:17:54.189 I/RobotCore(13167): my_debug left_back_encoder 0
01-09 11:17:54.189 I/RobotCore(13167): my_debug right_front_encoder 14
01-09 11:17:54.189 I/RobotCore(13167): my_debug left_front_encoder 15
01-09 11:17:54.189 I/RobotCore(13167): my_debug right_back_encoder 42
01-09 11:17:54.189 I/RobotCore(13167): my_debug left_back_encoder 41
01-09 11:17:54.189 I/RobotCore(13167): my_debug right_front_encoder 0
01-09 11:17:54.189 I/RobotCore(13167): my_debug left_front_encoder 0
01-09 11:17:54.189 I/RobotCore(13167): my_debug right_back_encoder 53
01-09 11:17:54.189 I/RobotCore(13167): my_debug left_back_encoder 52
01-09 11:17:54.189 I/RobotCore(13167): my_debug right_front_encoder 80
01-09 11:17:54.189 I/RobotCore(13167): my_debug left_front_encoder 83
01-09 11:17:54.189 I/RobotCore(13167): my_debug right_back_encoder 0
01-09 11:17:54.189 I/RobotCore(13167): my_debug left_back_encoder 0
01-09 11:17:54.189 I/RobotCore(13167): my_debug right_front_encoder 25
01-09 11:17:54.189 I/RobotCore(13167): my_debug left_front_encoder 27
01-09 11:17:54.189 I/RobotCore(13167): my_debug right_back_encoder 33
01-09 11:17:54.189 I/RobotCore(13167): my_debug left_back_encoder 31
01-09 11:17:54.189 I/RobotCore(13167): my_debug right_front_encoder 34
01-09 11:17:54.189 I/RobotCore(13167): my_debug left_front_encoder 36
01-09 11:17:54.189 I/RobotCore(13167): my_debug right_back_encoder 59
01-09 11:17:54.189 I/RobotCore(13167): my_debug left_back_encoder 58
01-09 11:17:54.189 I/RobotCore(13167): my_debug right_front_encoder 25
01-09 11:17:54.189 I/RobotCore(13167): my_debug left_front_encoder 27
01-09 11:17:54.189 I/RobotCore(13167): my_debug right_back_encoder 19
01-09 11:17:54.189 I/RobotCore(13167): my_debug left_back_encoder 19
01-09 11:17:54.189 I/RobotCore(13167): my_debug right_front_encoder 24
01-09 11:17:54.189 I/RobotCore(13167): my_debug left_front_encoder 24
01-09 11:17:54.189 I/RobotCore(13167): my_debug right_back_encoder 11
01-09 11:17:54.189 I/RobotCore(13167): my_debug left_back_encoder 11
01-09 11:17:54.189 I/RobotCore(13167): my_debug right_front_encoder 12
01-09 11:17:54.189 I/RobotCore(13167): my_debug left_front_encoder 12
01-09 11:17:54.189 I/RobotCore(13167): my_debug right_back_encoder 46
01-09 11:17:54.189 I/RobotCore(13167): my_debug left_back_encoder 49
01-09 11:17:54.189 I/RobotCore(13167): my_debug right_front_encoder 56
01-09 11:17:54.189 I/RobotCore(13167): my_debug left_front_encoder 57
01-09 11:17:54.189 I/RobotCore(13167): my_debug right_back_encoder 15
01-09 11:17:54.189 I/RobotCore(13167): my_debug left_back_encoder 16
01-09 11:17:54.189 I/RobotCore(13167): my_debug right_front_encoder 17
01-09 11:17:54.189 I/RobotCore(13167): my_debug left_front_encoder 19
01-09 11:17:54.189 I/RobotCore(13167): my_debug right_back_encoder 37
01-09 11:17:54.189 I/RobotCore(13167): my_debug left_back_encoder 42
01-09 11:17:54.189 I/RobotCore(13167): my_debug right_front_encoder 10
01-09 11:17:54.189 I/RobotCore(13167): my_debug left_front_encoder 10
01-09 11:17:54.189 I/RobotCore(13167): my_debug right_back_encoder 0
01-09 11:17:54.189 I/RobotCore(13167): my_debug left_back_encoder 0
01-09 11:17:54.189 I/RobotCore(13167): my_debug right_front_encoder 44
01-09 11:17:54.189 I/RobotCore(13167): my_debug left_front_encoder 47
01-09 11:17:54.189 I/RobotCore(13167): my_debug right_back_encoder 24
01-09 11:17:54.189 I/RobotCore(13167): my_debug left_back_encoder 27
01-09 11:17:54.189 I/RobotCore(13167): my_debug right_front_encoder 0
01-09 11:17:54.189 I/RobotCore(13167): my_debug left_front_encoder 0
01-09 11:17:54.189 I/RobotCore(13167): my_debug right_back_encoder 19
01-09 11:17:54.189 I/RobotCore(13167): my_debug left_back_encoder 20
01-09 11:17:54.189 I/RobotCore(13167): my_debug right_front_encoder 29
01-09 11:17:54.189 I/RobotCore(13167): my_debug left_front_encoder 32
01-09 11:17:54.189 I/RobotCore(13167): my_debug right_back_encoder 26
01-09 11:17:54.189 I/RobotCore(13167): my_debug left_back_encoder 31
01-09 11:17:54.189 I/RobotCore(13167): my_debug right_front_encoder 37
01-09 11:17:54.189 I/RobotCore(13167): my_debug left_front_encoder 42
01-09 11:17:54.189 I/RobotCore(13167): my_debug right_back_encoder 7
01-09 11:17:54.189 I/RobotCore(13167): my_debug left_back_encoder 9
01-09 11:17:54.189 I/RobotCore(13167): my_debug right_front_encoder 10
01-09 11:17:54.189 I/RobotCore(13167): my_debug left_front_encoder 11
01-09 11:17:54.189 I/RobotCore(13167): my_debug right_back_encoder 25
01-09 11:17:54.189 I/RobotCore(13167): my_debug left_back_encoder 31
01-09 11:17:54.189 I/RobotCore(13167): my_debug right_front_encoder 37
01-09 11:17:54.189 I/RobotCore(13167): my_debug left_front_encoder 42
01-09 11:17:54.189 I/RobotCore(13167): my_debug right_back_encoder 16
01-09 11:17:54.189 I/RobotCore(13167): my_debug left_back_encoder 18
01-09 11:17:54.189 I/RobotCore(13167): my_debug right_front_encoder 20
01-09 11:17:54.189 I/RobotCore(13167): my_debug left_front_encoder 22
01-09 11:17:54.189 I/RobotCore(13167): my_debug right_back_encoder 7
01-09 11:17:54.189 I/RobotCore(13167): my_debug left_back_encoder 8
01-09 11:17:54.189 I/RobotCore(13167): my_debug right_front_encoder 10
01-09 11:17:54.199 I/RobotCore(13167): my_debug left_front_encoder 12
01-09 11:17:54.199 I/RobotCore(13167): my_debug right_back_encoder 28
01-09 11:17:54.199 I/RobotCore(13167): my_debug left_back_encoder 32
01-09 11:17:54.199 I/RobotCore(13167): my_debug right_front_encoder 18
01-09 11:17:54.199 I/RobotCore(13167): my_debug left_front_encoder 24
01-09 11:17:54.199 I/RobotCore(13167): my_debug right_back_encoder 13
01-09 11:17:54.199 I/RobotCore(13167): my_debug left_back_encoder 14
01-09 11:17:54.199 I/RobotCore(13167): my_debug right_front_encoder 37
01-09 11:17:54.199 I/RobotCore(13167): my_debug left_front_encoder 38
01-09 11:17:54.199 I/RobotCore(13167): my_debug right_back_encoder 11
01-09 11:17:54.199 I/RobotCore(13167): my_debug left_back_encoder 14
01-09 11:17:54.199 I/RobotCore(13167): my_debug right_front_encoder 16
01-09 11:17:54.199 I/RobotCore(13167): my_debug left_front_encoder 21
01-09 11:17:54.199 I/RobotCore(13167): my_debug right_back_encoder 5
01-09 11:17:54.199 I/RobotCore(13167): my_debug left_back_encoder 6
01-09 11:17:54.199 I/RobotCore(13167): my_debug right_front_encoder 8
01-09 11:17:54.199 I/RobotCore(13167): my_debug left_front_encoder 8
01-09 11:17:54.199 I/RobotCore(13167): my_debug right_back_encoder 16
01-09 11:17:54.199 I/RobotCore(13167): my_debug left_back_encoder 20
01-09 11:17:54.199 I/RobotCore(13167): my_debug right_front_encoder 28
01-09 11:17:54.199 I/RobotCore(13167): my_debug left_front_encoder 34
01-09 11:17:54.199 I/RobotCore(13167): my_debug right_back_encoder 4
01-09 11:17:54.199 I/RobotCore(13167): my_debug left_back_encoder 5
01-09 11:17:54.199 I/RobotCore(13167): my_debug right_front_encoder 17
01-09 11:17:54.199 I/RobotCore(13167): my_debug left_front_encoder 23
01-09 11:17:54.199 I/RobotCore(13167): my_debug right_back_encoder 12
01-09 11:17:54.199 I/RobotCore(13167): my_debug left_back_encoder 13
01-09 11:17:54.199 I/RobotCore(13167): my_debug right_front_encoder 5
01-09 11:17:54.199 I/RobotCore(13167): my_debug left_front_encoder 7
01-09 11:17:54.199 I/RobotCore(13167): my_debug right_back_encoder 5
01-09 11:17:54.199 I/RobotCore(13167): my_debug left_back_encoder 4
01-09 11:17:54.199 I/RobotCore(13167): my_debug right_front_encoder 21
01-09 11:17:54.199 I/RobotCore(13167): my_debug left_front_encoder 28
01-09 11:17:54.199 I/RobotCore(13167): my_debug right_back_encoder 14
01-09 11:17:54.199 I/RobotCore(13167): my_debug left_back_encoder 14
01-09 11:17:54.199 I/RobotCore(13167): my_debug right_front_encoder 7
01-09 11:17:54.199 I/RobotCore(13167): my_debug left_front_encoder 9
01-09 11:17:54.199 I/RobotCore(13167): my_debug right_back_encoder 6
01-09 11:17:54.199 I/RobotCore(13167): my_debug left_back_encoder 5
01-09 11:17:54.199 I/RobotCore(13167): my_debug right_front_encoder 24
01-09 11:17:54.199 I/RobotCore(13167): my_debug left_front_encoder 35
01-09 11:17:54.199 I/RobotCore(13167): my_debug right_back_encoder 19
01-09 11:17:54.199 I/RobotCore(13167): my_debug left_back_encoder 16
01-09 11:17:54.199 I/RobotCore(13167): my_debug right_front_encoder 16
01-09 11:17:54.199 I/RobotCore(13167): my_debug left_front_encoder 25
01-09 11:17:54.199 I/RobotCore(13167): my_debug right_back_encoder 6
01-09 11:17:54.199 I/RobotCore(13167): my_debug left_back_encoder 4
01-09 11:17:54.199 I/RobotCore(13167): my_debug right_front_encoder 8
01-09 11:17:54.199 I/RobotCore(13167): my_debug left_front_encoder 13
01-09 11:17:54.199 I/RobotCore(13167): my_debug right_back_encoder 13
01-09 11:17:54.199 I/RobotCore(13167): my_debug left_back_encoder 12
01-09 11:17:54.199 I/RobotCore(13167): my_debug right_front_encoder 18
01-09 11:17:54.199 I/RobotCore(13167): my_debug left_front_encoder 26
01-09 11:17:54.199 I/RobotCore(13167): my_debug right_back_encoder 48
01-09 11:17:54.199 I/RobotCore(13167): my_debug left_back_encoder 47
01-09 11:17:54.199 I/RobotCore(13167): my_debug right_front_encoder 53
01-09 11:17:54.199 I/RobotCore(13167): my_debug left_front_encoder 86
01-09 11:17:54.199 I/RobotCore(13167): my_debug right_back_encoder 7
01-09 11:17:54.199 I/RobotCore(13167): my_debug left_back_encoder 7
01-09 11:17:54.199 I/RobotCore(13167): my_debug right_front_encoder 8
01-09 11:17:54.199 I/RobotCore(13167): my_debug left_front_encoder 10
01-09 11:17:54.199 I/RobotCore(13167): my_debug right_back_encoder 24
01-09 11:17:54.199 I/RobotCore(13167): my_debug left_back_encoder 25
01-09 11:17:54.199 I/RobotCore(13167): my_debug right_front_encoder 17
01-09 11:17:54.199 I/RobotCore(13167): my_debug left_front_encoder 28
01-09 11:17:54.199 I/RobotCore(13167): my_debug right_back_encoder 0
01-09 11:17:54.199 I/RobotCore(13167): my_debug left_back_encoder 0
01-09 11:17:54.199 I/RobotCore(13167): my_debug right_front_encoder 22
01-09 11:17:54.199 I/RobotCore(13167): my_debug left_front_encoder 28
01-09 11:17:54.199 I/RobotCore(13167): my_debug right_back_encoder 22
01-09 11:17:54.199 I/RobotCore(13167): my_debug left_back_encoder 24
01-09 11:17:54.199 I/RobotCore(13167): my_debug right_front_encoder 27
01-09 11:17:54.199 I/RobotCore(13167): my_debug left_front_encoder 45
01-09 11:17:54.199 I/RobotCore(13167): my_debug right_back_encoder 27
01-09 11:17:54.199 I/RobotCore(13167): my_debug left_back_encoder 31
01-09 11:17:54.199 I/RobotCore(13167): my_debug right_front_encoder 20
01-09 11:17:54.199 I/RobotCore(13167): my_debug left_front_encoder 25
01-09 11:17:54.199 I/RobotCore(13167): my_debug right_back_encoder 13
01-09 11:17:54.199 I/RobotCore(13167): my_debug left_back_encoder 15
01-09 11:17:54.199 I/RobotCore(13167): my_debug right_front_encoder 10
01-09 11:17:54.199 I/RobotCore(13167): my_debug left_front_encoder 18
01-09 11:17:54.199 I/RobotCore(13167): my_debug right_back_encoder 4
01-09 11:17:54.199 I/RobotCore(13167): my_debug left_back_encoder 6
01-09 11:17:54.199 I/RobotCore(13167): my_debug right_front_encoder 11
01-09 11:17:54.199 I/RobotCore(13167): my_debug left_front_encoder 12
01-09 11:17:54.199 I/RobotCore(13167): my_debug right_back_encoder 24
01-09 11:17:54.199 I/RobotCore(13167): my_debug left_back_encoder 25
01-09 11:17:54.199 I/RobotCore(13167): my_debug right_front_encoder 29
01-09 11:17:54.199 I/RobotCore(13167): my_debug left_front_encoder 42
01-09 11:17:54.199 I/RobotCore(13167): my_debug right_back_encoder 14
01-09 11:17:54.199 I/RobotCore(13167): my_debug left_back_encoder 16
01-09 11:17:54.199 I/RobotCore(13167): my_debug right_front_encoder 15
01-09 11:17:54.199 I/RobotCore(13167): my_debug left_front_encoder 23
01-09 11:17:54.199 I/RobotCore(13167): my_debug right_back_encoder 6
01-09 11:17:54.199 I/RobotCore(13167): my_debug left_back_encoder 6
01-09 11:17:54.199 I/RobotCore(13167): my_debug right_front_encoder 10
01-09 11:17:54.199 I/RobotCore(13167): my_debug left_front_encoder 14
01-09 11:17:54.199 I/RobotCore(13167): my_debug right_back_encoder 21
01-09 11:17:54.199 I/RobotCore(13167): my_debug left_back_encoder 21
01-09 11:17:54.199 I/RobotCore(13167): my_debug right_front_encoder 23
01-09 11:17:54.199 I/RobotCore(13167): my_debug left_front_encoder 37
01-09 11:17:54.199 I/RobotCore(13167): my_debug right_back_encoder 6
01-09 11:17:54.199 I/RobotCore(13167): my_debug left_back_encoder 6
01-09 11:17:54.199 I/RobotCore(13167): my_debug right_front_encoder 14
01-09 11:17:54.199 I/RobotCore(13167): my_debug left_front_encoder 17
01-09 11:17:54.199 I/RobotCore(13167): my_debug right_back_encoder 12
01-09 11:17:54.199 I/RobotCore(13167): my_debug left_back_encoder 12
01-09 11:17:54.199 I/RobotCore(13167): my_debug right_front_encoder 9
01-09 11:17:54.199 I/RobotCore(13167): my_debug left_front_encoder 12
01-09 11:17:54.199 I/RobotCore(13167): my_debug right_back_encoder 10
01-09 11:17:54.199 I/RobotCore(13167): my_debug left_back_encoder 10
01-09 11:17:54.199 I/RobotCore(13167): my_debug right_front_encoder 18
01-09 11:17:54.199 I/RobotCore(13167): my_debug left_front_encoder 27
01-09 11:17:54.199 I/RobotCore(13167): my_debug right_back_encoder 11
01-09 11:17:54.199 I/RobotCore(13167): my_debug left_back_encoder 10
01-09 11:17:54.199 I/RobotCore(13167): my_debug right_front_encoder 17
01-09 11:17:54.199 I/RobotCore(13167): my_debug left_front_encoder 26
01-09 11:17:54.199 I/RobotCore(13167): my_debug right_back_encoder 15
01-09 11:17:54.199 I/RobotCore(13167): my_debug left_back_encoder 17
01-09 11:17:54.199 I/RobotCore(13167): my_debug right_front_encoder 28
01-09 11:17:54.199 I/RobotCore(13167): my_debug left_front_encoder 41
01-09 11:17:54.199 I/RobotCore(13167): my_debug right_back_encoder 13
01-09 11:17:54.199 I/RobotCore(13167): my_debug left_back_encoder 13
01-09 11:17:54.199 I/RobotCore(13167): my_debug right_front_encoder 14
01-09 11:17:54.199 I/RobotCore(13167): my_debug left_front_encoder 22
01-09 11:17:54.199 I/RobotCore(13167): my_debug right_back_encoder 11
01-09 11:17:54.199 I/RobotCore(13167): my_debug left_back_encoder 11
01-09 11:17:54.199 I/RobotCore(13167): my_debug right_front_encoder 18
01-09 11:17:54.199 I/RobotCore(13167): my_debug left_front_encoder 23
01-09 11:17:54.199 I/RobotCore(13167): my_debug right_back_encoder 5
01-09 11:17:54.199 I/RobotCore(13167): my_debug left_back_encoder 6
01-09 11:17:54.199 I/RobotCore(13167): my_debug right_front_encoder 3
01-09 11:17:54.199 I/RobotCore(13167): my_debug left_front_encoder 10
01-09 11:17:54.199 I/RobotCore(13167): my_debug right_back_encoder 14
01-09 11:17:54.199 I/RobotCore(13167): my_debug left_back_encoder 15
01-09 11:17:54.199 I/RobotCore(13167): my_debug right_front_encoder 25
01-09 11:17:54.199 I/RobotCore(13167): my_debug left_front_encoder 32
01-09 11:17:54.199 I/RobotCore(13167): my_debug right_back_encoder 17
01-09 11:17:54.199 I/RobotCore(13167): my_debug left_back_encoder 16
01-09 11:17:54.199 I/RobotCore(13167): my_debug right_front_encoder 8
01-09 11:17:54.199 I/RobotCore(13167): my_debug left_front_encoder 11
01-09 11:17:54.199 I/RobotCore(13167): my_debug right_back_encoder 8
01-09 11:17:54.199 I/RobotCore(13167): my_debug left_back_encoder 9
01-09 11:17:54.199 I/RobotCore(13167): my_debug right_front_encoder 24
01-09 11:17:54.199 I/RobotCore(13167): my_debug left_front_encoder 35
01-09 11:17:54.199 I/RobotCore(13167): my_debug right_back_encoder 29
01-09 11:17:54.199 I/RobotCore(13167): my_debug left_back_encoder 29
01-09 11:17:54.199 I/RobotCore(13167): my_debug right_front_encoder 18
01-09 11:17:54.199 I/RobotCore(13167): my_debug left_front_encoder 27
01-09 11:17:54.199 I/RobotCore(13167): my_debug right_back_encoder 13
01-09 11:17:54.199 I/RobotCore(13167): my_debug left_back_encoder 13
01-09 11:17:54.199 I/RobotCore(13167): my_debug right_front_encoder 24
01-09 11:17:54.199 I/RobotCore(13167): my_debug left_front_encoder 37
01-09 11:17:54.199 I/RobotCore(13167): my_debug right_back_encoder 7
01-09 11:17:54.199 I/RobotCore(13167): my_debug left_back_encoder 7
01-09 11:17:54.199 I/RobotCore(13167): my_debug right_front_encoder 6
01-09 11:17:54.209 I/RobotCore(13167): my_debug left_front_encoder 10
01-09 11:17:54.209 I/RobotCore(13167): my_debug right_back_encoder 16
01-09 11:17:54.209 I/RobotCore(13167): my_debug left_back_encoder 18
01-09 11:17:54.209 I/RobotCore(13167): my_debug right_front_encoder 19
01-09 11:17:54.209 I/RobotCore(13167): my_debug left_front_encoder 25
01-09 11:17:54.209 I/RobotCore(13167): my_debug right_back_encoder 6
01-09 11:17:54.209 I/RobotCore(13167): my_debug left_back_encoder 7
01-09 11:17:54.209 I/RobotCore(13167): my_debug right_front_encoder 16
01-09 11:17:54.209 I/RobotCore(13167): my_debug left_front_encoder 24
01-09 11:17:54.209 I/RobotCore(13167): my_debug right_back_encoder 29
01-09 11:17:54.209 I/RobotCore(13167): my_debug left_back_encoder 30
01-09 11:17:54.209 I/RobotCore(13167): my_debug right_front_encoder 28
01-09 11:17:54.209 I/RobotCore(13167): my_debug left_front_encoder 43
01-09 11:17:54.209 I/RobotCore(13167): my_debug right_back_encoder 11
01-09 11:17:54.209 I/RobotCore(13167): my_debug left_back_encoder 12
01-09 11:17:54.209 I/RobotCore(13167): my_debug right_front_encoder 13
01-09 11:17:54.209 I/RobotCore(13167): my_debug left_front_encoder 22
01-09 11:17:54.209 I/RobotCore(13167): my_debug right_back_encoder 8
01-09 11:17:54.209 I/RobotCore(13167): my_debug left_back_encoder 8
01-09 11:17:54.209 I/RobotCore(13167): my_debug right_front_encoder 9
01-09 11:17:54.209 I/RobotCore(13167): my_debug left_front_encoder 11
01-09 11:17:54.209 I/RobotCore(13167): my_debug right_back_encoder 9
01-09 11:17:54.209 I/RobotCore(13167): my_debug left_back_encoder 10
01-09 11:17:54.209 I/RobotCore(13167): my_debug right_front_encoder 30
01-09 11:17:54.209 I/RobotCore(13167): my_debug left_front_encoder 44
01-09 11:17:54.209 I/RobotCore(13167): my_debug right_back_encoder 20
01-09 11:17:54.209 I/RobotCore(13167): my_debug left_back_encoder 21
01-09 11:17:54.209 I/RobotCore(13167): my_debug right_front_encoder 11
01-09 11:17:54.209 I/RobotCore(13167): my_debug left_front_encoder 18
01-09 11:17:54.209 I/RobotCore(13167): my_debug right_back_encoder 6
01-09 11:17:54.209 I/RobotCore(13167): my_debug left_back_encoder 7
01-09 11:17:54.209 I/RobotCore(13167): my_debug right_front_encoder 13
01-09 11:17:54.209 I/RobotCore(13167): my_debug left_front_encoder 18
01-09 11:17:54.209 W/RobotCore(13167): my_debug minDiff 0
01-09 11:17:54.209 W/RobotCore(13167): my_debug avgDiff 19
01-09 11:17:54.209 W/RobotCore(13167): my_debug batteryVoltage 10.7683284457478
01-09 11:17:54.429 D/dalvikvm(13167): GC_FOR_ALLOC freed 2048K, 44% free 6266K/11144K, paused 15ms, total 15ms
01-09 11:17:55.079 D/dalvikvm(13167): GC_FOR_ALLOC freed 2047K, 44% free 6266K/11144K, paused 16ms, total 16ms
01-09 11:17:55.779 D/dalvikvm(13167): GC_FOR_ALLOC freed 2048K, 44% free 6266K/11144K, paused 18ms, total 18ms
01-09 11:17:56.319 I/FIRST   (13167): Processing Command: CMD_INIT_OP_MODE Stop Robot
01-09 11:17:56.329 I/RobotCore(13167): Attempting to switch to op mode Stop Robot
01-09 11:17:56.399 V/RobotCore(13167): Sending command: CMD_INIT_OP_MODE_RESP, attempt 0
01-09 11:17:56.439 I/FIRST   (13167): Processing Command: CMD_RUN_OP_MODE Stop Robot
01-09 11:17:56.499 D/dalvikvm(13167): GC_FOR_ALLOC freed 2045K, 44% free 6268K/11144K, paused 16ms, total 16ms
01-09 11:17:56.499 V/RobotCore(13167): Sending command: CMD_RUN_OP_MODE_RESP, attempt 0
01-09 11:17:57.219 D/dalvikvm(13167): GC_FOR_ALLOC freed 2050K, 44% free 6266K/11144K, paused 15ms, total 15ms
01-09 11:17:57.969 D/dalvikvm(13167): GC_FOR_ALLOC freed 2047K, 44% free 6266K/11144K, paused 18ms, total 18ms
01-09 11:17:58.699 D/dalvikvm(13167): GC_FOR_ALLOC freed 2047K, 44% free 6266K/11144K, paused 15ms, total 15ms
01-09 11:17:59.429 D/dalvikvm(13167): GC_FOR_ALLOC freed 2047K, 44% free 6266K/11144K, paused 17ms, total 17ms
01-09 11:18:00.129 D/dalvikvm(13167): GC_FOR_ALLOC freed 2048K, 44% free 6266K/11144K, paused 16ms, total 16ms
01-09 11:18:00.819 D/dalvikvm(13167): GC_FOR_ALLOC freed 2048K, 44% free 6266K/11144K, paused 17ms, total 17ms
01-09 11:18:01.519 D/dalvikvm(13167): GC_FOR_ALLOC freed 2047K, 44% free 6266K/11144K, paused 23ms, total 23ms
01-09 11:18:02.249 D/dalvikvm(13167): GC_FOR_ALLOC freed 2047K, 44% free 6266K/11144K, paused 18ms, total 18ms
01-09 11:18:02.949 D/dalvikvm(13167): GC_FOR_ALLOC freed 2048K, 44% free 6266K/11144K, paused 17ms, total 17ms
01-09 11:18:03.689 D/dalvikvm(13167): GC_FOR_ALLOC freed 2047K, 44% free 6266K/11144K, paused 18ms, total 18ms
01-09 11:18:03.899 E/FTDI_Device::(13167): UsbConnection.requestWait() == null
01-09 11:18:03.919 D/UsbDeviceConnectionJNI(13167): close
01-09 11:18:03.919 D/ProcessRequestThread::(13167): Device has been closed.
01-09 11:18:03.919 W/System.err(13167): java.lang.InterruptedException
01-09 11:18:03.929 W/System.err(13167): 	at java.util.concurrent.locks.AbstractQueuedSynchronizer.doAcquireSharedInterruptibly(AbstractQueuedSynchronizer.java:975)
01-09 11:18:03.929 D/BulkIn::(13167): Stop BulkIn thread
01-09 11:18:03.929 W/System.err(13167): 	at java.util.concurrent.locks.AbstractQueuedSynchronizer.acquireSharedInterruptibly(AbstractQueuedSynchronizer.java:1281)
01-09 11:18:03.929 W/System.err(13167): 	at java.util.concurrent.Semaphore.acquire(Semaphore.java:283)
01-09 11:18:03.929 W/System.err(13167): 	at com.ftdi.j2xx.o.c(SourceFile:2294)
01-09 11:18:03.929 W/System.err(13167): 	at com.ftdi.j2xx.p.run(SourceFile:2764)
01-09 11:18:03.929 W/System.err(13167): 	at java.lang.Thread.run(Thread.java:841)
01-09 11:18:03.929 W/System.err(13167): java.lang.NullPointerException
01-09 11:18:03.929 W/System.err(13167): 	at com.ftdi.j2xx.o.e(SourceFile:2602)
01-09 11:18:03.929 W/System.err(13167): 	at com.ftdi.j2xx.a.run(SourceFile:2880)
01-09 11:18:03.929 W/System.err(13167): 	at java.lang.Thread.run(Thread.java:841)
01-09 11:18:03.929 W/RobotCore(13167): could not write to device AL00VFK6: FTDI Null Pointer Exception
01-09 11:18:03.929 E/RobotCore(13167): java.lang.NullPointerException
01-09 11:18:03.929 E/RobotCore(13167): com.ftdi.j2xx.o.a(SourceFile:2520)
01-09 11:18:03.929 E/RobotCore(13167): com.ftdi.j2xx.FT_Device.read(SourceFile:666)
01-09 11:18:03.929 D/ProcessRequestThread::(13167): Device has been closed.
01-09 11:18:03.929 W/System.err(13167): java.lang.InterruptedException
01-09 11:18:03.929 W/System.err(13167): 	at java.util.concurrent.locks.AbstractQueuedSynchronizer.doAcquireSharedInterruptibly(AbstractQueuedSynchronizer.java:975)
01-09 11:18:03.929 W/System.err(13167): 	at java.util.concurrent.locks.AbstractQueuedSynchronizer.acquireSharedInterruptibly(AbstractQueuedSynchronizer.java:1281)
01-09 11:18:03.929 W/System.err(13167): 	at java.util.concurrent.Semaphore.acquire(Semaphore.java:283)
01-09 11:18:03.929 E/RobotCore(13167): com.qualcomm.robotcore.hardware.usb.ftdi.RobotUsbDeviceFtdi.read(SourceFile:94)
01-09 11:18:03.929 E/RobotCore(13167): com.qualcomm.modernrobotics.ReadWriteRunnableUsbHandler.a(SourceFile:89)
01-09 11:18:03.929 E/RobotCore(13167): com.qualcomm.modernrobotics.ReadWriteRunnableUsbHandler.read(SourceFile:66)
01-09 11:18:03.929 E/RobotCore(13167): com.qualcomm.hardware.ReadWriteRunnableStandard.run(SourceFile:242)
01-09 11:18:03.929 E/RobotCore(13167): java.util.concurrent.ThreadPoolExecutor.runWorker(ThreadPoolExecutor.java:1112)
01-09 11:18:03.929 E/RobotCore(13167): java.util.concurrent.ThreadPoolExecutor$Worker.run(ThreadPoolExecutor.java:587)
01-09 11:18:03.929 W/System.err(13167): 	at com.ftdi.j2xx.o.c(SourceFile:2294)
01-09 11:18:03.929 W/System.err(13167): 	at com.ftdi.j2xx.p.run(SourceFile:2764)
01-09 11:18:03.929 E/RobotCore(13167): java.lang.Thread.run(Thread.java:841)
01-09 11:18:03.929 W/System.err(13167): 	at java.lang.Thread.run(Thread.java:841)
01-09 11:18:03.929 V/RobotCore(13167): stopped read/write loop for device AL00VFK6
01-09 11:18:03.929 D/UsbDeviceConnectionJNI(13167): close
01-09 11:18:03.929 W/System.err(13167): java.nio.channels.ClosedByInterruptException
01-09 11:18:03.929 D/ProcessRequestThread::(13167): Device has been closed.
01-09 11:18:03.939 W/System.err(13167): java.lang.InterruptedException
01-09 11:18:03.939 W/RobotCore(13167): Modern Robotics USB header sync bytes are incorrect
01-09 11:18:03.939 W/System.err(13167): 	at java.util.concurrent.locks.AbstractQueuedSynchronizer.doAcquireSharedInterruptibly(AbstractQueuedSynchronizer.java:975)
01-09 11:18:03.939 W/RobotCore(13167): [55 aa 00 40 09] -> [00 00 00 00 00]
01-09 11:18:03.939 W/RobotCore(13167): could not write to device AL00VSDY: comm timeout
01-09 11:18:03.939 W/RobotCore(13167): Modern Robotics USB header sync bytes are incorrect
01-09 11:18:03.939 W/RobotCore(13167): [55 aa 80 40 09] -> [00 00 00 00 00]
01-09 11:18:03.939 W/RobotCore(13167): could not read from device AL00VSDY: comm timeout
01-09 11:18:03.939 W/System.err(13167): 	at java.util.concurrent.locks.AbstractQueuedSynchronizer.acquireSharedInterruptibly(AbstractQueuedSynchronizer.java:1281)
01-09 11:18:03.939 W/System.err(13167): 	at java.util.concurrent.Semaphore.acquire(Semaphore.java:283)
01-09 11:18:03.939 D/UsbDeviceConnectionJNI(13167): close
01-09 11:18:03.939 W/System.err(13167): 	at com.ftdi.j2xx.o.c(SourceFile:2294)
01-09 11:18:03.939 W/System.err(13167): 	at com.ftdi.j2xx.p.run(SourceFile:2764)
01-09 11:18:03.939 W/System.err(13167): 	at java.lang.Thread.run(Thread.java:841)
01-09 11:18:03.939 D/BulkIn::(13167): Stop BulkIn thread
01-09 11:18:03.939 W/RobotCore(13167): could not write to device AL00XQN7: FTDI Null Pointer Exception
01-09 11:18:03.939 E/RobotCore(13167): java.lang.NullPointerException
01-09 11:18:03.939 E/RobotCore(13167): com.ftdi.j2xx.o.a(SourceFile:2520)
01-09 11:18:03.939 W/System.err(13167): java.lang.NullPointerException
01-09 11:18:03.939 E/RobotCore(13167): com.ftdi.j2xx.FT_Device.read(SourceFile:666)
01-09 11:18:03.939 E/RobotCore(13167): com.qualcomm.robotcore.hardware.usb.ftdi.RobotUsbDeviceFtdi.read(SourceFile:94)
01-09 11:18:03.939 E/RobotCore(13167): com.qualcomm.modernrobotics.ReadWriteRunnableUsbHandler.b(SourceFile:109)
01-09 11:18:03.939 E/RobotCore(13167): com.qualcomm.modernrobotics.ReadWriteRunnableUsbHandler.write(SourceFile:98)
01-09 11:18:03.939 E/RobotCore(13167): com.qualcomm.hardware.ReadWriteRunnableStandard.run(SourceFile:291)
01-09 11:18:03.939 E/RobotCore(13167): java.util.concurrent.ThreadPoolExecutor.runWorker(ThreadPoolExecutor.java:1112)
01-09 11:18:03.939 E/RobotCore(13167): java.util.concurrent.ThreadPoolExecutor$Worker.run(ThreadPoolExecutor.java:587)
01-09 11:18:03.939 E/RobotCore(13167): java.lang.Thread.run(Thread.java:841)
01-09 11:18:03.939 V/RobotCore(13167): stopped read/write loop for device AL00XQN7
01-09 11:18:03.939 W/System.err(13167): 	at com.ftdi.j2xx.o.f(SourceFile:2675)
01-09 11:18:03.939 W/System.err(13167): 	at com.ftdi.j2xx.a.run(SourceFile:2879)
01-09 11:18:03.939 W/System.err(13167): 	at java.lang.Thread.run(Thread.java:841)
01-09 11:18:03.939 D/UsbDeviceConnectionJNI(13167): close
01-09 11:18:03.939 D/ProcessRequestThread::(13167): Device has been closed.
01-09 11:18:03.939 W/RobotCore(13167): could not write to device AL00UW4Z: FTDI Null Pointer Exception
01-09 11:18:03.939 E/RobotCore(13167): java.lang.NullPointerException
01-09 11:18:03.949 W/System.err(13167): java.lang.InterruptedException
01-09 11:18:03.949 W/System.err(13167): 	at java.util.concurrent.locks.AbstractQueuedSynchronizer.doAcquireSharedInterruptibly(AbstractQueuedSynchronizer.java:975)
01-09 11:18:03.949 W/System.err(13167): 	at java.util.concurrent.locks.AbstractQueuedSynchronizer.acquireSharedInterruptibly(AbstractQueuedSynchronizer.java:1281)
01-09 11:18:03.949 W/System.err(13167): 	at java.util.concurrent.Semaphore.acquire(Semaphore.java:283)
01-09 11:18:03.949 W/System.err(13167): 	at com.ftdi.j2xx.o.c(SourceFile:2294)
01-09 11:18:03.949 W/System.err(13167): 	at com.ftdi.j2xx.p.run(SourceFile:2764)
01-09 11:18:03.949 W/System.err(13167): 	at java.lang.Thread.run(Thread.java:841)
01-09 11:18:03.949 W/System.err(13167): 	at java.nio.channels.spi.AbstractInterruptibleChannel.end(AbstractInterruptibleChannel.java:113)
01-09 11:18:03.949 W/System.err(13167): 	at java.nio.SocketChannelImpl.readImpl(SocketChannelImpl.java:333)
01-09 11:18:03.949 W/System.err(13167): 	at java.nio.SocketChannelImpl.read(SocketChannelImpl.java:289)
01-09 11:18:03.949 W/System.err(13167): 	at java.nio.PipeImpl$PipeSourceChannel.read(PipeImpl.java:79)
01-09 11:18:03.949 W/System.err(13167): 	at com.ftdi.j2xx.o.e(SourceFile:2592)
01-09 11:18:03.949 W/System.err(13167): 	at com.ftdi.j2xx.a.run(SourceFile:2880)
01-09 11:18:03.949 W/System.err(13167): 	at java.lang.Thread.run(Thread.java:841)
01-09 11:18:03.949 D/BulkIn::(13167): Stop BulkIn thread
01-09 11:18:03.949 W/System.err(13167): java.lang.NullPointerException
01-09 11:18:03.949 W/System.err(13167): 	at com.ftdi.j2xx.o.h(SourceFile:2562)
01-09 11:18:03.949 W/System.err(13167): 	at com.ftdi.j2xx.o.e(SourceFile:2599)
01-09 11:18:03.949 W/System.err(13167): 	at com.ftdi.j2xx.a.run(SourceFile:2880)
01-09 11:18:03.949 W/System.err(13167): 	at java.lang.Thread.run(Thread.java:841)
01-09 11:18:03.949 E/RobotCore(13167): com.ftdi.j2xx.o.a(SourceFile:2520)
01-09 11:18:03.949 E/RobotCore(13167): com.ftdi.j2xx.FT_Device.read(SourceFile:666)
01-09 11:18:03.949 E/RobotCore(13167): com.qualcomm.robotcore.hardware.usb.ftdi.RobotUsbDeviceFtdi.read(SourceFile:94)
01-09 11:18:03.949 E/RobotCore(13167): com.qualcomm.modernrobotics.ReadWriteRunnableUsbHandler.b(SourceFile:109)
01-09 11:18:03.949 E/RobotCore(13167): com.qualcomm.modernrobotics.ReadWriteRunnableUsbHandler.write(SourceFile:98)
01-09 11:18:03.949 E/RobotCore(13167): com.qualcomm.hardware.ReadWriteRunnableStandard.run(SourceFile:291)
01-09 11:18:03.949 E/RobotCore(13167): java.util.concurrent.ThreadPoolExecutor.runWorker(ThreadPoolExecutor.java:1112)
01-09 11:18:03.949 E/RobotCore(13167): java.util.concurrent.ThreadPoolExecutor$Worker.run(ThreadPoolExecutor.java:587)
01-09 11:18:03.949 E/RobotCore(13167): java.lang.Thread.run(Thread.java:841)
01-09 11:18:03.949 V/RobotCore(13167): stopped read/write loop for device AL00UW4Z
01-09 11:18:03.949 D/UsbDeviceConnectionJNI(13167): close
01-09 11:18:03.959 D/ProcessRequestThread::(13167): Device has been closed.
01-09 11:18:03.959 W/System.err(13167): java.lang.InterruptedException
01-09 11:18:03.959 W/System.err(13167): 	at java.util.concurrent.locks.AbstractQueuedSynchronizer.doAcquireSharedInterruptibly(AbstractQueuedSynchronizer.java:975)
01-09 11:18:03.959 D/BulkIn::(13167): Stop BulkIn thread
01-09 11:18:03.959 W/System.err(13167): 	at java.util.concurrent.locks.AbstractQueuedSynchronizer.acquireSharedInterruptibly(AbstractQueuedSynchronizer.java:1281)
01-09 11:18:03.959 W/System.err(13167): 	at java.util.concurrent.Semaphore.acquire(Semaphore.java:283)
01-09 11:18:03.959 W/System.err(13167): 	at com.ftdi.j2xx.o.c(SourceFile:2294)
01-09 11:18:03.959 W/System.err(13167): 	at com.ftdi.j2xx.p.run(SourceFile:2764)
01-09 11:18:03.959 W/System.err(13167): 	at java.lang.Thread.run(Thread.java:841)
01-09 11:18:03.959 W/System.err(13167): java.lang.NullPointerException
01-09 11:18:03.959 W/System.err(13167): 	at com.ftdi.j2xx.o.f(SourceFile:2675)
01-09 11:18:03.959 D/ProcessRequestThread::(13167): Device has been closed.
01-09 11:18:03.959 W/System.err(13167): 	at com.ftdi.j2xx.a.run(SourceFile:2879)
01-09 11:18:03.959 W/System.err(13167): 	at java.lang.Thread.run(Thread.java:841)
01-09 11:18:03.959 W/System.err(13167): java.lang.InterruptedException
01-09 11:18:03.959 W/System.err(13167): 	at java.util.concurrent.locks.AbstractQueuedSynchronizer.doAcquireSharedInterruptibly(AbstractQueuedSynchronizer.java:975)
01-09 11:18:03.959 W/System.err(13167): 	at java.util.concurrent.locks.AbstractQueuedSynchronizer.acquireSharedInterruptibly(AbstractQueuedSynchronizer.java:1281)
01-09 11:18:03.959 W/System.err(13167): 	at java.util.concurrent.Semaphore.acquire(Semaphore.java:283)
01-09 11:18:03.959 W/System.err(13167): 	at com.ftdi.j2xx.o.c(SourceFile:2294)
01-09 11:18:03.959 W/System.err(13167): 	at com.ftdi.j2xx.p.run(SourceFile:2764)
01-09 11:18:03.959 W/System.err(13167): 	at java.lang.Thread.run(Thread.java:841)
01-09 11:18:03.959 D/UsbDeviceConnectionJNI(13167): close
01-09 11:18:03.959 W/RobotCore(13167): Modern Robotics USB header sync bytes are incorrect
01-09 11:18:03.959 W/RobotCore(13167): [55 aa 00 40 1e] -> [00 00 00 00 00]
01-09 11:18:03.959 W/RobotCore(13167): could not write to device AL00VG65: comm timeout
01-09 11:18:03.959 W/RobotCore(13167): Modern Robotics USB header sync bytes are incorrect
01-09 11:18:03.959 W/RobotCore(13167): [55 aa 80 40 1e] -> [00 00 00 00 00]
01-09 11:18:03.959 W/RobotCore(13167): could not read from device AL00VG65: comm timeout
01-09 11:18:03.969 W/RobotCore(13167): Modern Robotics USB header sync bytes are incorrect
01-09 11:18:03.969 W/RobotCore(13167): [55 aa 00 40 1e] -> [00 00 00 00 00]
01-09 11:18:03.969 W/RobotCore(13167): could not write to device AL00VLUU: comm timeout
01-09 11:18:03.969 W/RobotCore(13167): Modern Robotics USB header sync bytes are incorrect
01-09 11:18:03.969 W/RobotCore(13167): [55 aa 80 40 1e] -> [00 00 00 00 00]
01-09 11:18:03.969 W/RobotCore(13167): could not read from device AL00VLUU: comm timeout
01-09 11:18:03.999 W/RobotCore(13167): sync device block requested, but device is shut down - AL00UW4Z
01-09 11:18:03.999 V/RobotCore(13167): RobotCoreException in EventLoopManager: cannot block, device is shut down
01-09 11:18:03.999 V/RobotCore(13167): EventLoopManager state is EMERGENCY_STOP
01-09 11:18:03.999 I/FIRST   (13167): Robot Status: EMERGENCY STOP
01-09 11:18:03.999 I/FIRST   (13167): ======= TEARDOWN =======
01-09 11:18:03.999 I/FIRST   (13167): Stopping DC Motor Controller Actuators2
01-09 11:18:03.999 V/RobotCore(13167): Shutting down device AL00VG65
01-09 11:18:03.999 W/RobotCore(13167): Modern Robotics USB header sync bytes are incorrect
01-09 11:18:03.999 W/RobotCore(13167): [55 aa 00 40 1e] -> [00 00 00 00 00]
01-09 11:18:03.999 W/RobotCore(13167): could not write to device AL00VG65: comm timeout
01-09 11:18:03.999 V/RobotCore(13167): stopped read/write loop for device AL00VG65
01-09 11:18:03.999 I/FIRST   (13167): Stopping DC Motor Controller Back Motors
01-09 11:18:03.999 V/RobotCore(13167): Shutting down device AL00XQN7
01-09 11:18:04.099 W/RobotCore(13167): sync device block requested, but device is shut down - AL00XQN7
01-09 11:18:04.099 W/RobotCore(13167): Exception while closing USB device: cannot block, device is shut down
01-09 11:18:04.099 I/FIRST   (13167): Stopping DC Motor Controller Actuators1
01-09 11:18:04.099 V/RobotCore(13167): Shutting down device AL00VLUU
01-09 11:18:04.099 W/RobotCore(13167): Modern Robotics USB header sync bytes are incorrect
01-09 11:18:04.109 W/RobotCore(13167): [55 aa 00 40 1e] -> [00 00 00 00 00]
01-09 11:18:04.109 W/RobotCore(13167): could not write to device AL00VLUU: comm timeout
01-09 11:18:04.109 I/FIRST   (13167): Stopping DC Motor Controller Front Motors
01-09 11:18:04.109 V/RobotCore(13167): Shutting down device AL00UW4Z
01-09 11:18:04.109 V/RobotCore(13167): stopped read/write loop for device AL00VLUU
01-09 11:18:04.209 W/RobotCore(13167): sync device block requested, but device is shut down - AL00UW4Z
01-09 11:18:04.209 W/RobotCore(13167): Exception while closing USB device: cannot block, device is shut down
01-09 11:18:04.209 I/FIRST   (13167): Stopping Servo Controller Doors
01-09 11:18:04.209 V/RobotCore(13167): Shutting down device AL00VSDY
01-09 11:18:04.209 W/RobotCore(13167): Modern Robotics USB header sync bytes are incorrect
01-09 11:18:04.219 W/RobotCore(13167): [55 aa 00 40 09] -> [00 00 00 00 00]
01-09 11:18:04.219 W/RobotCore(13167): could not write to device AL00VSDY: comm timeout
01-09 11:18:04.219 V/RobotCore(13167): stopped read/write loop for device AL00VSDY
01-09 11:18:04.219 I/FIRST   (13167): Stopping Core Interface Device Module Device Interface Module 3
01-09 11:18:04.219 V/RobotCore(13167): Shutting down device AL00VFK6
01-09 11:18:04.219 W/RobotCore(13167): sync device block requested, but device is shut down - AL00VFK6
01-09 11:18:04.219 W/RobotCore(13167): Exception while closing USB device: cannot block, device is shut down
01-09 11:18:04.219 I/FIRST   (13167): ======= TEARDOWN COMPLETE =======
01-09 11:18:04.219 V/RobotCore(13167): EventLoopRunnable has exited
01-09 11:18:23.639 I/jdwp    (13167): Ignoring second debugger -- accepting and dropping
